state	power	likelihood
251	0.653254	-7964.28
252	0.653254	-7975.13
253	0.653254	-7966.66
254	0.653254	-7959.7
255	0.653254	-7963.81
256	0.653254	-7962.54
257	0.653254	-7965.7
258	0.653254	-7958.67
259	0.653254	-7964.51
260	0.653254	-7967.16
261	0.653254	-7961.98
262	0.653254	-7970.24
263	0.653254	-7969.02
264	0.653254	-7966.65
265	0.653254	-7969.31
266	0.653254	-7966.77
267	0.653254	-7964.78
268	0.653254	-7966.5
269	0.653254	-7962.72
270	0.653254	-7959.76
271	0.653254	-7960.68
272	0.653254	-7973.87
273	0.653254	-7971.84
274	0.653254	-7969.58
275	0.653254	-7979.08
276	0.653254	-7971.73
277	0.653254	-7969.3
278	0.653254	-7973.83
279	0.653254	-7975.18
280	0.653254	-7965.13
281	0.653254	-7967.41
282	0.653254	-7965.44
283	0.653254	-7962.12
284	0.653254	-7963.69
285	0.653254	-7974.5
286	0.653254	-7964.66
287	0.653254	-7963
288	0.653254	-7961.68
289	0.653254	-7966.16
290	0.653254	-7968.81
291	0.653254	-7965.66
292	0.653254	-7960.98
293	0.653254	-7967
294	0.653254	-7965.38
295	0.653254	-7965.02
296	0.653254	-7966.65
297	0.653254	-7960.01
298	0.653254	-7959.3
299	0.653254	-7961.65
300	0.653254	-7964.11
301	0.653254	-7957.39
302	0.653254	-7957.22
303	0.653254	-7962.49
304	0.653254	-7963.55
305	0.653254	-7965.44
306	0.653254	-7974.48
307	0.653254	-7960.76
308	0.653254	-7964.83
309	0.653254	-7963.59
310	0.653254	-7964.45
311	0.653254	-7975.36
312	0.653254	-7968.44
313	0.653254	-7973.29
314	0.653254	-7965.21
315	0.653254	-7960.82
316	0.653254	-7957.15
317	0.653254	-7962.43
318	0.653254	-7957.88
319	0.653254	-7951.96
320	0.653254	-7953.96
321	0.653254	-7954.33
322	0.653254	-7960.78
323	0.653254	-7951.13
324	0.653254	-7960.64
325	0.653254	-7955.94
326	0.653254	-7965.28
327	0.653254	-7964.58
328	0.653254	-7961.66
329	0.653254	-7964.83
330	0.653254	-7961.23
331	0.653254	-7971.4
332	0.653254	-7960.06
333	0.653254	-7962.27
334	0.653254	-7958.46
335	0.653254	-7960.82
336	0.653254	-7959.15
337	0.653254	-7952.85
338	0.653254	-7962.94
339	0.653254	-7971.37
340	0.653254	-7958.58
341	0.653254	-7963.57
342	0.653254	-7961.18
343	0.653254	-7956.64
344	0.653254	-7952.73
345	0.653254	-7955.74
346	0.653254	-7961.04
347	0.653254	-7956.37
348	0.653254	-7960.54
349	0.653254	-7964.99
350	0.653254	-7960.05
351	0.653254	-7961.62
352	0.653254	-7970.13
353	0.653254	-7977.33
354	0.653254	-7969.88
355	0.653254	-7970.95
356	0.653254	-7968.17
357	0.653254	-7976.58
358	0.653254	-7978.38
359	0.653254	-7976.15
360	0.653254	-7978.48
361	0.653254	-7976.2
362	0.653254	-7969.67
363	0.653254	-7969.92
364	0.653254	-7965.08
365	0.653254	-7959.65
366	0.653254	-7963.61
367	0.653254	-7960.77
368	0.653254	-7966.08
369	0.653254	-7963.8
370	0.653254	-7966.77
371	0.653254	-7954.36
372	0.653254	-7956.85
373	0.653254	-7958.11
374	0.653254	-7958.16
375	0.653254	-7959.66
376	0.653254	-7972.52
377	0.653254	-7971.79
378	0.653254	-7984
379	0.653254	-7978.24
380	0.653254	-7969.09
381	0.653254	-7968.08
382	0.653254	-7967.72
383	0.653254	-7961.12
384	0.653254	-7965.33
385	0.653254	-7978.38
386	0.653254	-7973.08
387	0.653254	-7979.14
388	0.653254	-7967.75
389	0.653254	-7966.98
390	0.653254	-7969.39
391	0.653254	-7964.05
392	0.653254	-7974.21
393	0.653254	-7967.87
394	0.653254	-7961.66
395	0.653254	-7961.45
396	0.653254	-7968.04
397	0.653254	-7967.67
398	0.653254	-7968
399	0.653254	-7967.95
400	0.653254	-7961.14
401	0.653254	-7966.72
402	0.653254	-7961.98
403	0.653254	-7974.32
404	0.653254	-7965.34
405	0.653254	-7963.69
406	0.653254	-7961.55
407	0.653254	-7962.75
408	0.653254	-7958.52
409	0.653254	-7957.06
410	0.653254	-7962.11
411	0.653254	-7962.95
412	0.653254	-7965.28
413	0.653254	-7971.1
414	0.653254	-7964.31
415	0.653254	-7963.39
416	0.653254	-7966.17
417	0.653254	-7962.24
418	0.653254	-7979.91
419	0.653254	-7977.71
420	0.653254	-7984.85
421	0.653254	-7980.58
422	0.653254	-7972.78
423	0.653254	-7979.69
424	0.653254	-7973
425	0.653254	-7969.48
426	0.653254	-7977.39
427	0.653254	-7966.57
428	0.653254	-7965.32
429	0.653254	-7973.17
430	0.653254	-7972.08
431	0.653254	-7960.47
432	0.653254	-7971.18
433	0.653254	-7981.83
434	0.653254	-7973.53
435	0.653254	-7971.02
436	0.653254	-7963.83
437	0.653254	-7968.2
438	0.653254	-7961.42
439	0.653254	-7964.89
440	0.653254	-7961.42
441	0.653254	-7960.32
442	0.653254	-7961.29
443	0.653254	-7971.47
444	0.653254	-7970.71
445	0.653254	-7965.43
446	0.653254	-7959.69
447	0.653254	-7957.88
448	0.653254	-7963.15
449	0.653254	-7960.92
450	0.653254	-7967.16
451	0.653254	-7967.79
452	0.653254	-7965.77
453	0.653254	-7963.03
454	0.653254	-7965.1
455	0.653254	-7959.94
456	0.653254	-7962.02
457	0.653254	-7967.92
458	0.653254	-7978.72
459	0.653254	-7967.25
460	0.653254	-7960.97
461	0.653254	-7980.81
462	0.653254	-7984.55
463	0.653254	-7986.27
464	0.653254	-7967.43
465	0.653254	-7967.74
466	0.653254	-7973.87
467	0.653254	-7971.04
468	0.653254	-7966.78
469	0.653254	-7964.42
470	0.653254	-7956.45
471	0.653254	-7958.59
472	0.653254	-7964.68
473	0.653254	-7963.29
474	0.653254	-7968.77
475	0.653254	-7961.3
476	0.653254	-7969.02
477	0.653254	-7965.71
478	0.653254	-7963.08
479	0.653254	-7963.99
480	0.653254	-7970.59
481	0.653254	-7969.48
482	0.653254	-7975.62
483	0.653254	-7974.72
484	0.653254	-7968.66
485	0.653254	-7973.94
486	0.653254	-7975.54
487	0.653254	-7964.07
488	0.653254	-7967.75
489	0.653254	-7963.74
490	0.653254	-7960.19
491	0.653254	-7966.76
492	0.653254	-7969.28
493	0.653254	-7964.32
494	0.653254	-7962.49
495	0.653254	-7965.72
496	0.653254	-7966.17
497	0.653254	-7970.84
498	0.653254	-7964.51
499	0.653254	-7967.62
500	0.653254	-7966.16
501	0.653254	-7955.68
502	0.653254	-7956.18
503	0.653254	-7952.39
504	0.653254	-7956.02
505	0.653254	-7958.91
506	0.653254	-7964.18
507	0.653254	-7970.18
508	0.653254	-7963
509	0.653254	-7965.05
510	0.653254	-7959.98
511	0.653254	-7965.03
512	0.653254	-7967.03
513	0.653254	-7966.63
514	0.653254	-7961.52
515	0.653254	-7974.41
516	0.653254	-7960.72
517	0.653254	-7969.06
518	0.653254	-7969.89
519	0.653254	-7969.09
520	0.653254	-7972.13
521	0.653254	-7967.55
522	0.653254	-7959.47
523	0.653254	-7957.78
524	0.653254	-7953.59
525	0.653254	-7966.97
526	0.653254	-7959.33
527	0.653254	-7967.2
528	0.653254	-7959.33
529	0.653254	-7953.87
530	0.653254	-7960.97
531	0.653254	-7958.14
532	0.653254	-7962.62
533	0.653254	-7962.51
534	0.653254	-7951.37
535	0.653254	-7953.08
536	0.653254	-7952.81
537	0.653254	-7946.4
538	0.653254	-7958.57
539	0.653254	-7956.37
540	0.653254	-7956.49
541	0.653254	-7962
542	0.653254	-7955.98
543	0.653254	-7965.23
544	0.653254	-7968.17
545	0.653254	-7972.62
546	0.653254	-7955.65
547	0.653254	-7961.08
548	0.653254	-7967.73
549	0.653254	-7964.87
550	0.653254	-7966.37
551	0.653254	-7958.77
552	0.653254	-7962.19
553	0.653254	-7957.93
554	0.653254	-7955.03
555	0.653254	-7964.67
556	0.653254	-7961.58
557	0.653254	-7964.85
558	0.653254	-7959.18
559	0.653254	-7967.96
560	0.653254	-7964.36
561	0.653254	-7964.41
562	0.653254	-7964.52
563	0.653254	-7971.61
564	0.653254	-7981.69
565	0.653254	-7986.1
566	0.653254	-7977.52
567	0.653254	-7982.22
568	0.653254	-7985.86
569	0.653254	-7976.24
570	0.653254	-7985.85
571	0.653254	-7975.83
572	0.653254	-7978.19
573	0.653254	-7977.98
574	0.653254	-7981.02
575	0.653254	-7971.72
576	0.653254	-7961.83
577	0.653254	-7962.64
578	0.653254	-7962.25
579	0.653254	-7962.83
580	0.653254	-7965.93
581	0.653254	-7964.44
582	0.653254	-7966.95
583	0.653254	-7966.63
584	0.653254	-7963.89
585	0.653254	-7960.22
586	0.653254	-7957.6
587	0.653254	-7955.23
588	0.653254	-7959.63
589	0.653254	-7958.22
590	0.653254	-7956.1
591	0.653254	-7954.74
592	0.653254	-7962.76
593	0.653254	-7969.84
594	0.653254	-7966.2
595	0.653254	-7962.78
596	0.653254	-7962.93
597	0.653254	-7974.38
598	0.653254	-7972.59
599	0.653254	-7974.61
600	0.653254	-7975
601	0.653254	-7959.41
602	0.653254	-7973.09
603	0.653254	-7977.11
604	0.653254	-7968.97
605	0.653254	-7967.96
606	0.653254	-7970.45
607	0.653254	-7969.64
608	0.653254	-7976.61
609	0.653254	-7966.45
610	0.653254	-7961.58
611	0.653254	-7965.54
612	0.653254	-7973.62
613	0.653254	-7974.23
614	0.653254	-7966.8
615	0.653254	-7974.85
616	0.653254	-7966.57
617	0.653254	-7963.89
618	0.653254	-7963.38
619	0.653254	-7973.95
620	0.653254	-7967.57
621	0.653254	-7970.76
622	0.653254	-7960.75
623	0.653254	-7960.26
624	0.653254	-7962.95
625	0.653254	-7970.08
626	0.653254	-7969.83
627	0.653254	-7969.7
628	0.653254	-7965.81
629	0.653254	-7964.8
630	0.653254	-7960.86
631	0.653254	-7960.93
632	0.653254	-7963.92
633	0.653254	-7964.18
634	0.653254	-7960.98
635	0.653254	-7963.92
636	0.653254	-7972.09
637	0.653254	-7979.47
638	0.653254	-7989.25
639	0.653254	-7964.46
640	0.653254	-7965.99
641	0.653254	-7966.63
642	0.653254	-7961.16
643	0.653254	-7954.59
644	0.653254	-7958.85
645	0.653254	-7965.95
646	0.653254	-7962.28
647	0.653254	-7962.3
648	0.653254	-7954.59
649	0.653254	-7953.59
650	0.653254	-7960.56
651	0.653254	-7957.87
652	0.653254	-7964.92
653	0.653254	-7960.26
654	0.653254	-7972.18
655	0.653254	-7967.36
656	0.653254	-7965.13
657	0.653254	-7972.38
658	0.653254	-7981.05
659	0.653254	-7985.69
660	0.653254	-7973.11
661	0.653254	-7970.52
662	0.653254	-7970.47
663	0.653254	-7963.6
664	0.653254	-7963.58
665	0.653254	-7965.59
666	0.653254	-7968.87
667	0.653254	-7974.24
668	0.653254	-7967.96
669	0.653254	-7964.5
670	0.653254	-7965.3
671	0.653254	-7969.48
672	0.653254	-7961.11
673	0.653254	-7956.95
674	0.653254	-7954.33
675	0.653254	-7958.59
676	0.653254	-7969.64
677	0.653254	-7962.62
678	0.653254	-7958.08
679	0.653254	-7962.94
680	0.653254	-7957.15
681	0.653254	-7961.25
682	0.653254	-7966.82
683	0.653254	-7961.79
684	0.653254	-7964.44
685	0.653254	-7966.18
686	0.653254	-7959.82
687	0.653254	-7962.61
688	0.653254	-7968.43
689	0.653254	-7957.28
690	0.653254	-7973.55
691	0.653254	-7960.87
692	0.653254	-7956.49
693	0.653254	-7960.37
694	0.653254	-7959.35
695	0.653254	-7960.1
696	0.653254	-7957.82
697	0.653254	-7957.1
698	0.653254	-7958.22
699	0.653254	-7956.97
700	0.653254	-7960.81
701	0.653254	-7964.37
702	0.653254	-7977.66
703	0.653254	-7969.69
704	0.653254	-7970.82
705	0.653254	-7969.58
706	0.653254	-7968.17
707	0.653254	-7962.1
708	0.653254	-7963.06
709	0.653254	-7961.61
710	0.653254	-7955.96
711	0.653254	-7959.41
712	0.653254	-7955.29
713	0.653254	-7959.87
714	0.653254	-7962.11
715	0.653254	-7963.81
716	0.653254	-7954.07
717	0.653254	-7955.84
718	0.653254	-7959.76
719	0.653254	-7960.25
720	0.653254	-7959.1
721	0.653254	-7963.69
722	0.653254	-7963.13
723	0.653254	-7962.5
724	0.653254	-7957.18
725	0.653254	-7963.55
726	0.653254	-7966.42
727	0.653254	-7968.2
728	0.653254	-7969.6
729	0.653254	-7969.91
730	0.653254	-7969.86
731	0.653254	-7966.23
732	0.653254	-7973.59
733	0.653254	-7967.9
734	0.653254	-7969.07
735	0.653254	-7967.89
736	0.653254	-7972.35
737	0.653254	-7971.43
738	0.653254	-7970.16
739	0.653254	-7970.49
740	0.653254	-7962.94
741	0.653254	-7967.39
742	0.653254	-7966.88
743	0.653254	-7967.77
744	0.653254	-7960.56
745	0.653254	-7960.5
746	0.653254	-7960.86
747	0.653254	-7954.99
748	0.653254	-7954.6
749	0.653254	-7953.32
750	0.653254	-7956.14
751	0.653254	-7957.16
752	0.653254	-7961.91
753	0.653254	-7958.42
754	0.653254	-7962.65
755	0.653254	-7967.14
756	0.653254	-7969.39
757	0.653254	-7968.23
758	0.653254	-7960.68
759	0.653254	-7967.04
760	0.653254	-7965.36
761	0.653254	-7969.67
762	0.653254	-7974.4
763	0.653254	-7967.81
764	0.653254	-7967.94
765	0.653254	-7966.3
766	0.653254	-7959.06
767	0.653254	-7972.78
768	0.653254	-7963.02
769	0.653254	-7959.67
770	0.653254	-7957.21
771	0.653254	-7957.25
772	0.653254	-7956.58
773	0.653254	-7961.79
774	0.653254	-7957.19
775	0.653254	-7957.82
776	0.653254	-7950.97
777	0.653254	-7961.48
778	0.653254	-7966.12
779	0.653254	-7966.93
780	0.653254	-7975.97
781	0.653254	-7976.55
782	0.653254	-7971.07
783	0.653254	-7973.73
784	0.653254	-7980.7
785	0.653254	-7984.9
786	0.653254	-7968.77
787	0.653254	-7975.15
788	0.653254	-7973.38
789	0.653254	-7971.22
790	0.653254	-7971.31
791	0.653254	-7965.48
792	0.653254	-7978.31
793	0.653254	-7974.4
794	0.653254	-7976.36
795	0.653254	-7978.69
796	0.653254	-7974.68
797	0.653254	-7971.76
798	0.653254	-7972
799	0.653254	-7957.26
800	0.653254	-7957.04
801	0.653254	-7954.84
802	0.653254	-7957.65
803	0.653254	-7960.31
804	0.653254	-7969.47
805	0.653254	-7980.53
806	0.653254	-7976.83
807	0.653254	-7980.89
808	0.653254	-7990.73
809	0.653254	-7979.93
810	0.653254	-7975.97
811	0.653254	-7970.13
812	0.653254	-7978.32
813	0.653254	-7965.69
814	0.653254	-7962.04
815	0.653254	-7964.76
816	0.653254	-7966.8
817	0.653254	-7968.49
818	0.653254	-7979.02
819	0.653254	-7968.46
820	0.653254	-7963.98
821	0.653254	-7964.11
822	0.653254	-7963.07
823	0.653254	-7955.78
824	0.653254	-7964.23
825	0.653254	-7965.95
826	0.653254	-7969.54
827	0.653254	-7964.35
828	0.653254	-7967.62
829	0.653254	-7966.88
830	0.653254	-7957.91
831	0.653254	-7962.84
832	0.653254	-7962.55
833	0.653254	-7968.55
834	0.653254	-7964.42
835	0.653254	-7968.65
836	0.653254	-7968.79
837	0.653254	-7966.79
838	0.653254	-7974.45
839	0.653254	-7969.57
840	0.653254	-7963.41
841	0.653254	-7965.36
842	0.653254	-7964.52
843	0.653254	-7978.15
844	0.653254	-7964.64
845	0.653254	-7964.27
846	0.653254	-7963.93
847	0.653254	-7963.53
848	0.653254	-7967.86
849	0.653254	-7958.1
850	0.653254	-7956.59
851	0.653254	-7953.39
852	0.653254	-7952.58
853	0.653254	-7960.32
854	0.653254	-7964.59
855	0.653254	-7963.15
856	0.653254	-7974.06
857	0.653254	-7972.1
858	0.653254	-7966.94
859	0.653254	-7966.74
860	0.653254	-7959.06
861	0.653254	-7957.51
862	0.653254	-7957.86
863	0.653254	-7960.64
864	0.653254	-7966.72
865	0.653254	-7970.22
866	0.653254	-7969.27
867	0.653254	-7961.69
868	0.653254	-7955.7
869	0.653254	-7956.6
870	0.653254	-7956.14
871	0.653254	-7955.22
872	0.653254	-7967.02
873	0.653254	-7972.59
874	0.653254	-7971.88
875	0.653254	-7980.36
876	0.653254	-7967.23
877	0.653254	-7969.59
878	0.653254	-7963.5
879	0.653254	-7967.35
880	0.653254	-7960.42
881	0.653254	-7968.47
882	0.653254	-7965.59
883	0.653254	-7965.11
884	0.653254	-7960.24
885	0.653254	-7960.02
886	0.653254	-7959.79
887	0.653254	-7963.76
888	0.653254	-7959.73
889	0.653254	-7961.49
890	0.653254	-7962.94
891	0.653254	-7969.42
892	0.653254	-7963.52
893	0.653254	-7969.97
894	0.653254	-7971.67
895	0.653254	-7971.21
896	0.653254	-7971.47
897	0.653254	-7966.61
898	0.653254	-7963.71
899	0.653254	-7969.56
900	0.653254	-7957.65
901	0.653254	-7960.32
902	0.653254	-7960.56
903	0.653254	-7967.74
904	0.653254	-7970.29
905	0.653254	-7963.13
906	0.653254	-7967.36
907	0.653254	-7960.17
908	0.653254	-7962.1
909	0.653254	-7957.69
910	0.653254	-7968.63
911	0.653254	-7973.64
912	0.653254	-7959.1
913	0.653254	-7960.56
914	0.653254	-7958.47
915	0.653254	-7957.03
916	0.653254	-7958.26
917	0.653254	-7958.46
918	0.653254	-7956.49
919	0.653254	-7955.51
920	0.653254	-7962.06
921	0.653254	-7958.9
922	0.653254	-7959.58
923	0.653254	-7961.83
924	0.653254	-7971.74
925	0.653254	-7969.42
926	0.653254	-7964.71
927	0.653254	-7957.24
928	0.653254	-7964.81
929	0.653254	-7967.24
930	0.653254	-7964.47
931	0.653254	-7964.39
932	0.653254	-7961.83
933	0.653254	-7963.75
934	0.653254	-7966.01
935	0.653254	-7973.75
936	0.653254	-7963.15
937	0.653254	-7961.51
938	0.653254	-7960.56
939	0.653254	-7968.2
940	0.653254	-7961.24
941	0.653254	-7957.34
942	0.653254	-7956.08
943	0.653254	-7962.52
944	0.653254	-7961.76
945	0.653254	-7962.66
946	0.653254	-7962.47
947	0.653254	-7961.55
948	0.653254	-7973.85
949	0.653254	-7972.99
950	0.653254	-7970.09
951	0.653254	-7969.23
952	0.653254	-7963.31
953	0.653254	-7965.36
954	0.653254	-7953.49
955	0.653254	-7959.41
956	0.653254	-7956.32
957	0.653254	-7954.84
958	0.653254	-7961.96
959	0.653254	-7962.49
960	0.653254	-7959.12
961	0.653254	-7963.56
962	0.653254	-7962.88
963	0.653254	-7959.91
964	0.653254	-7970.44
965	0.653254	-7971.15
966	0.653254	-7966.16
967	0.653254	-7961.76
968	0.653254	-7965.44
969	0.653254	-7966.9
970	0.653254	-7953.88
971	0.653254	-7958.09
972	0.653254	-7963.22
973	0.653254	-7957.9
974	0.653254	-7961.56
975	0.653254	-7966.35
976	0.653254	-7972.71
977	0.653254	-7965.83
978	0.653254	-7963.29
979	0.653254	-7956.53
980	0.653254	-7955.27
981	0.653254	-7959.16
982	0.653254	-7956.65
983	0.653254	-7953.06
984	0.653254	-7963.01
985	0.653254	-7964.9
986	0.653254	-7962.2
987	0.653254	-7966.32
988	0.653254	-7966.93
989	0.653254	-7965.46
990	0.653254	-7967.63
991	0.653254	-7961.68
992	0.653254	-7959.54
993	0.653254	-7956.81
994	0.653254	-7961.73
995	0.653254	-7957.76
996	0.653254	-7960.82
997	0.653254	-7964.61
998	0.653254	-7960.55
999	0.653254	-7953.87
1000	0.653254	-7953.61
