state	power	likelihood
251	0.0345716	-8312.15
252	0.0345716	-8352.11
253	0.0345716	-8388.24
254	0.0345716	-8181.95
255	0.0345716	-8191.73
256	0.0345716	-8322.51
257	0.0345716	-8268.79
258	0.0345716	-8429.87
259	0.0345716	-8374.38
260	0.0345716	-8251.22
261	0.0345716	-8337.44
262	0.0345716	-8327.91
263	0.0345716	-8295.2
264	0.0345716	-8545.43
265	0.0345716	-8333.8
266	0.0345716	-8314.17
267	0.0345716	-8505.66
268	0.0345716	-8373.48
269	0.0345716	-8441.06
270	0.0345716	-8532.37
271	0.0345716	-8375.37
272	0.0345716	-8359.26
273	0.0345716	-8324.59
274	0.0345716	-8220.12
275	0.0345716	-8216.51
276	0.0345716	-8260.02
277	0.0345716	-8423.5
278	0.0345716	-8251.02
279	0.0345716	-8313.21
280	0.0345716	-8368.66
281	0.0345716	-8378.68
282	0.0345716	-8477.88
283	0.0345716	-8347.07
284	0.0345716	-8350.26
285	0.0345716	-8308.65
286	0.0345716	-8216.95
287	0.0345716	-8280.49
288	0.0345716	-8265.96
289	0.0345716	-8351.09
290	0.0345716	-8442.64
291	0.0345716	-8409.38
292	0.0345716	-8541.53
293	0.0345716	-8352.76
294	0.0345716	-8514.62
295	0.0345716	-8607.76
296	0.0345716	-8400.57
297	0.0345716	-8347.62
298	0.0345716	-8592.69
299	0.0345716	-8727.47
300	0.0345716	-8454.42
301	0.0345716	-8432.23
302	0.0345716	-8424.92
303	0.0345716	-8357.95
304	0.0345716	-8430.13
305	0.0345716	-8347.37
306	0.0345716	-8368.56
307	0.0345716	-8402.27
308	0.0345716	-8360.95
309	0.0345716	-8330.31
310	0.0345716	-8293.61
311	0.0345716	-8280.48
312	0.0345716	-8412.22
313	0.0345716	-8371.23
314	0.0345716	-8393.24
315	0.0345716	-8468.31
316	0.0345716	-8365.56
317	0.0345716	-8442.22
318	0.0345716	-8528.92
319	0.0345716	-8314.55
320	0.0345716	-8263.81
321	0.0345716	-8250.04
322	0.0345716	-8281.47
323	0.0345716	-8352.07
324	0.0345716	-8243.33
325	0.0345716	-8390.16
326	0.0345716	-8414.13
327	0.0345716	-8445.69
328	0.0345716	-8419.35
329	0.0345716	-8395.48
330	0.0345716	-8289.11
331	0.0345716	-8325.66
332	0.0345716	-8293.95
333	0.0345716	-8269.05
334	0.0345716	-8400.55
335	0.0345716	-8444.02
336	0.0345716	-8409.18
337	0.0345716	-8484.94
338	0.0345716	-8662.61
339	0.0345716	-8554.34
340	0.0345716	-8501.9
341	0.0345716	-8578.09
342	0.0345716	-8470.81
343	0.0345716	-8301.16
344	0.0345716	-8440.57
345	0.0345716	-8284.24
346	0.0345716	-8242.78
347	0.0345716	-8384.37
348	0.0345716	-8236.22
349	0.0345716	-8330.64
350	0.0345716	-8362.32
351	0.0345716	-8331.23
352	0.0345716	-8241.41
353	0.0345716	-8280.14
354	0.0345716	-8316.87
355	0.0345716	-8356.68
356	0.0345716	-8502.55
357	0.0345716	-8208.63
358	0.0345716	-8144.89
359	0.0345716	-8240.65
360	0.0345716	-8258.56
361	0.0345716	-8313.49
362	0.0345716	-8307.46
363	0.0345716	-8361.12
364	0.0345716	-8412.26
365	0.0345716	-8423.37
366	0.0345716	-8228.66
367	0.0345716	-8339.58
368	0.0345716	-8398.16
369	0.0345716	-8391.51
370	0.0345716	-8439.62
371	0.0345716	-8489.79
372	0.0345716	-8492.89
373	0.0345716	-8454.43
374	0.0345716	-8458.22
375	0.0345716	-8309.13
376	0.0345716	-8201.59
377	0.0345716	-8336.76
378	0.0345716	-8456.36
379	0.0345716	-8371.58
380	0.0345716	-8276.28
381	0.0345716	-8363.78
382	0.0345716	-8457.58
383	0.0345716	-8510.37
384	0.0345716	-8348.18
385	0.0345716	-8421.93
386	0.0345716	-8380.54
387	0.0345716	-8380.39
388	0.0345716	-8344.62
389	0.0345716	-8326.44
390	0.0345716	-8364.89
391	0.0345716	-8413.54
392	0.0345716	-8190.74
393	0.0345716	-8125.2
394	0.0345716	-8239.7
395	0.0345716	-8337.53
396	0.0345716	-8265.77
397	0.0345716	-8427.38
398	0.0345716	-8386.52
399	0.0345716	-8410.94
400	0.0345716	-8304.99
401	0.0345716	-8301.15
402	0.0345716	-8291.05
403	0.0345716	-8376.89
404	0.0345716	-8466.56
405	0.0345716	-8384.31
406	0.0345716	-8451.98
407	0.0345716	-8381.49
408	0.0345716	-8495.91
409	0.0345716	-8463.14
410	0.0345716	-8461.66
411	0.0345716	-8455.48
412	0.0345716	-8521.84
413	0.0345716	-8334.32
414	0.0345716	-8379.87
415	0.0345716	-8515.04
416	0.0345716	-8336.48
417	0.0345716	-8320.61
418	0.0345716	-8351.89
419	0.0345716	-8301.64
420	0.0345716	-8269.82
421	0.0345716	-8330.5
422	0.0345716	-8346.95
423	0.0345716	-8340.75
424	0.0345716	-8251.93
425	0.0345716	-8336.67
426	0.0345716	-8276.16
427	0.0345716	-8291
428	0.0345716	-8436.86
429	0.0345716	-8602.34
430	0.0345716	-8606.92
431	0.0345716	-8730.45
432	0.0345716	-8492.12
433	0.0345716	-8350.09
434	0.0345716	-8291.97
435	0.0345716	-8389.9
436	0.0345716	-8352.28
437	0.0345716	-8270.87
438	0.0345716	-8224.5
439	0.0345716	-8197.94
440	0.0345716	-8311.87
441	0.0345716	-8476.82
442	0.0345716	-8573.47
443	0.0345716	-8396
444	0.0345716	-8419.98
445	0.0345716	-8287.98
446	0.0345716	-8226.33
447	0.0345716	-8294.36
448	0.0345716	-8269.11
449	0.0345716	-8345.33
450	0.0345716	-8429.56
451	0.0345716	-8506.59
452	0.0345716	-8432.12
453	0.0345716	-8351.39
454	0.0345716	-8279.47
455	0.0345716	-8282.7
456	0.0345716	-8347.67
457	0.0345716	-8258.3
458	0.0345716	-8346.57
459	0.0345716	-8334.63
460	0.0345716	-8313.43
461	0.0345716	-8234.5
462	0.0345716	-8258.03
463	0.0345716	-8344.25
464	0.0345716	-8410.53
465	0.0345716	-8425.13
466	0.0345716	-8426.04
467	0.0345716	-8439.07
468	0.0345716	-8292.05
469	0.0345716	-8424.2
470	0.0345716	-8349.95
471	0.0345716	-8290.25
472	0.0345716	-8357.43
473	0.0345716	-8446.72
474	0.0345716	-8386.2
475	0.0345716	-8317.61
476	0.0345716	-8326.33
477	0.0345716	-8245.22
478	0.0345716	-8444.02
479	0.0345716	-8400.11
480	0.0345716	-8446.92
481	0.0345716	-8355.91
482	0.0345716	-8207.36
483	0.0345716	-8357.37
484	0.0345716	-8361.7
485	0.0345716	-8356.98
486	0.0345716	-8251.08
487	0.0345716	-8192.68
488	0.0345716	-8432.11
489	0.0345716	-8391.22
490	0.0345716	-8433.16
491	0.0345716	-8379.17
492	0.0345716	-8352.25
493	0.0345716	-8360.84
494	0.0345716	-8329.82
495	0.0345716	-8341.84
496	0.0345716	-8280.12
497	0.0345716	-8300.65
498	0.0345716	-8278.98
499	0.0345716	-8487.48
500	0.0345716	-8362.45
501	0.0345716	-8474.18
502	0.0345716	-8343.55
503	0.0345716	-8337.47
504	0.0345716	-8374
505	0.0345716	-8337.91
506	0.0345716	-8317.63
507	0.0345716	-8350.88
508	0.0345716	-8381.7
509	0.0345716	-8293.35
510	0.0345716	-8240.83
511	0.0345716	-8345.63
512	0.0345716	-8376.34
513	0.0345716	-8348.78
514	0.0345716	-8340.18
515	0.0345716	-8330.31
516	0.0345716	-8525.93
517	0.0345716	-8480.29
518	0.0345716	-8514.3
519	0.0345716	-8520.3
520	0.0345716	-8638.06
521	0.0345716	-8526.88
522	0.0345716	-8775.7
523	0.0345716	-8714.55
524	0.0345716	-8569.68
525	0.0345716	-8515.4
526	0.0345716	-8452.2
527	0.0345716	-8449.8
528	0.0345716	-8493.86
529	0.0345716	-8394.84
530	0.0345716	-8327.6
531	0.0345716	-8393.34
532	0.0345716	-8421.83
533	0.0345716	-8473.93
534	0.0345716	-8549.37
535	0.0345716	-8410.14
536	0.0345716	-8438.9
537	0.0345716	-8430.98
538	0.0345716	-8324.26
539	0.0345716	-8389.2
540	0.0345716	-8268.7
541	0.0345716	-8466.09
542	0.0345716	-8327.36
543	0.0345716	-8301.07
544	0.0345716	-8243.92
545	0.0345716	-8257.34
546	0.0345716	-8352.75
547	0.0345716	-8391.74
548	0.0345716	-8474.34
549	0.0345716	-8551.16
550	0.0345716	-8429.66
551	0.0345716	-8527.08
552	0.0345716	-8325.27
553	0.0345716	-8340.61
554	0.0345716	-8442.42
555	0.0345716	-8338.26
556	0.0345716	-8357.01
557	0.0345716	-8361.43
558	0.0345716	-8403.39
559	0.0345716	-8358.72
560	0.0345716	-8207.57
561	0.0345716	-8347.46
562	0.0345716	-8560.11
563	0.0345716	-8346.05
564	0.0345716	-8403.83
565	0.0345716	-8254.47
566	0.0345716	-8257.16
567	0.0345716	-8263.56
568	0.0345716	-8298.39
569	0.0345716	-8438.98
570	0.0345716	-8471.46
571	0.0345716	-8408.9
572	0.0345716	-8458.32
573	0.0345716	-8463.51
574	0.0345716	-8590
575	0.0345716	-8461.64
576	0.0345716	-8455.3
577	0.0345716	-8630.79
578	0.0345716	-8541.5
579	0.0345716	-8386.91
580	0.0345716	-8546.56
581	0.0345716	-8404.79
582	0.0345716	-8351.59
583	0.0345716	-8370.34
584	0.0345716	-8322.36
585	0.0345716	-8448.43
586	0.0345716	-8392.99
587	0.0345716	-8326.46
588	0.0345716	-8478.21
589	0.0345716	-8317.36
590	0.0345716	-8197.24
591	0.0345716	-8377.69
592	0.0345716	-8233.82
593	0.0345716	-8260.34
594	0.0345716	-8379.47
595	0.0345716	-8225.19
596	0.0345716	-8230.97
597	0.0345716	-8232.87
598	0.0345716	-8191.43
599	0.0345716	-8404.3
600	0.0345716	-8256.42
601	0.0345716	-8282.25
602	0.0345716	-8427.25
603	0.0345716	-8715.65
604	0.0345716	-8517.13
605	0.0345716	-8509.04
606	0.0345716	-8269.65
607	0.0345716	-8200.66
608	0.0345716	-8325.23
609	0.0345716	-8323.97
610	0.0345716	-8264.61
611	0.0345716	-8282.19
612	0.0345716	-8261.03
613	0.0345716	-8296.07
614	0.0345716	-8327.63
615	0.0345716	-8391.35
616	0.0345716	-8505.91
617	0.0345716	-8227.3
618	0.0345716	-8263.23
619	0.0345716	-8227.6
620	0.0345716	-8231.22
621	0.0345716	-8419.13
622	0.0345716	-8384.51
623	0.0345716	-8492.44
624	0.0345716	-8400.57
625	0.0345716	-8479.04
626	0.0345716	-8511.99
627	0.0345716	-8615.72
628	0.0345716	-8431.13
629	0.0345716	-8415.95
630	0.0345716	-8390.69
631	0.0345716	-8367.56
632	0.0345716	-8433.04
633	0.0345716	-8455.44
634	0.0345716	-8405.5
635	0.0345716	-8432.65
636	0.0345716	-8378.46
637	0.0345716	-8314
638	0.0345716	-8318.07
639	0.0345716	-8300.24
640	0.0345716	-8209.22
641	0.0345716	-8365
642	0.0345716	-8427.95
643	0.0345716	-8341.49
644	0.0345716	-8267.71
645	0.0345716	-8347.89
646	0.0345716	-8287.62
647	0.0345716	-8280.11
648	0.0345716	-8450.45
649	0.0345716	-8335.47
650	0.0345716	-8315.08
651	0.0345716	-8327.13
652	0.0345716	-8610.32
653	0.0345716	-8379.1
654	0.0345716	-8370.96
655	0.0345716	-8341.31
656	0.0345716	-8284.58
657	0.0345716	-8281.78
658	0.0345716	-8382.22
659	0.0345716	-8310.1
660	0.0345716	-8390.6
661	0.0345716	-8467.7
662	0.0345716	-8433.16
663	0.0345716	-8417.14
664	0.0345716	-8439.87
665	0.0345716	-8457.48
666	0.0345716	-8312.4
667	0.0345716	-8264.85
668	0.0345716	-8302.15
669	0.0345716	-8308.78
670	0.0345716	-8501.35
671	0.0345716	-8456.42
672	0.0345716	-8539.83
673	0.0345716	-8357.44
674	0.0345716	-8351.7
675	0.0345716	-8287.4
676	0.0345716	-8432.5
677	0.0345716	-8339.49
678	0.0345716	-8323.84
679	0.0345716	-8210.18
680	0.0345716	-8486.61
681	0.0345716	-8302.36
682	0.0345716	-8290.45
683	0.0345716	-8327.34
684	0.0345716	-8406.22
685	0.0345716	-8380.63
686	0.0345716	-8382.9
687	0.0345716	-8386.97
688	0.0345716	-8331.46
689	0.0345716	-8600.77
690	0.0345716	-8417.18
691	0.0345716	-8326.01
692	0.0345716	-8343.99
693	0.0345716	-8238.34
694	0.0345716	-8191.67
695	0.0345716	-8367.43
696	0.0345716	-8541.13
697	0.0345716	-8390.71
698	0.0345716	-8307.37
699	0.0345716	-8311.22
700	0.0345716	-8303.32
701	0.0345716	-8455.73
702	0.0345716	-8394.72
703	0.0345716	-8394.29
704	0.0345716	-8434.84
705	0.0345716	-8358.85
706	0.0345716	-8331.66
707	0.0345716	-8325.26
708	0.0345716	-8315.34
709	0.0345716	-8306.43
710	0.0345716	-8211.96
711	0.0345716	-8227.16
712	0.0345716	-8303.55
713	0.0345716	-8363.01
714	0.0345716	-8262.39
715	0.0345716	-8439.57
716	0.0345716	-8461.52
717	0.0345716	-8287.82
718	0.0345716	-8443.72
719	0.0345716	-8304.75
720	0.0345716	-8408.28
721	0.0345716	-8476.48
722	0.0345716	-8332.72
723	0.0345716	-8329.81
724	0.0345716	-8322.16
725	0.0345716	-8262.93
726	0.0345716	-8273.47
727	0.0345716	-8387.7
728	0.0345716	-8403.16
729	0.0345716	-8387.71
730	0.0345716	-8516.25
731	0.0345716	-8441.84
732	0.0345716	-8463.71
733	0.0345716	-8441.18
734	0.0345716	-8412.03
735	0.0345716	-8551.22
736	0.0345716	-8429.64
737	0.0345716	-8153.37
738	0.0345716	-8091.48
739	0.0345716	-8267.93
740	0.0345716	-8349.97
741	0.0345716	-8370.86
742	0.0345716	-8355.76
743	0.0345716	-8478.4
744	0.0345716	-8433.99
745	0.0345716	-8339.2
746	0.0345716	-8297.93
747	0.0345716	-8432.72
748	0.0345716	-8759.53
749	0.0345716	-8479.97
750	0.0345716	-8511.3
751	0.0345716	-8339.39
752	0.0345716	-8358.49
753	0.0345716	-8576.97
754	0.0345716	-8511.53
755	0.0345716	-8439.84
756	0.0345716	-8581.9
757	0.0345716	-8610.67
758	0.0345716	-8490.09
759	0.0345716	-8217.47
760	0.0345716	-8192.49
761	0.0345716	-8250.52
762	0.0345716	-8285.46
763	0.0345716	-8437.24
764	0.0345716	-8387.07
765	0.0345716	-8340.85
766	0.0345716	-8354.64
767	0.0345716	-8325.93
768	0.0345716	-8359.64
769	0.0345716	-8347.47
770	0.0345716	-8427.98
771	0.0345716	-8461.57
772	0.0345716	-8533.38
773	0.0345716	-8313.41
774	0.0345716	-8423.09
775	0.0345716	-8375.63
776	0.0345716	-8573.55
777	0.0345716	-8483.51
778	0.0345716	-8500.37
779	0.0345716	-8553.18
780	0.0345716	-8490.6
781	0.0345716	-8485.09
782	0.0345716	-8498.91
783	0.0345716	-8400.93
784	0.0345716	-8374.84
785	0.0345716	-8223.9
786	0.0345716	-8301.33
787	0.0345716	-8237.19
788	0.0345716	-8285.81
789	0.0345716	-8331.85
790	0.0345716	-8174.37
791	0.0345716	-8225.65
792	0.0345716	-8435.57
793	0.0345716	-8253.34
794	0.0345716	-8231.46
795	0.0345716	-8288.12
796	0.0345716	-8182.38
797	0.0345716	-8391.07
798	0.0345716	-8368.7
799	0.0345716	-8358.27
800	0.0345716	-8366.04
801	0.0345716	-8305.97
802	0.0345716	-8356.54
803	0.0345716	-8245.83
804	0.0345716	-8215.84
805	0.0345716	-8217.08
806	0.0345716	-8320.67
807	0.0345716	-8376.47
808	0.0345716	-8268.91
809	0.0345716	-8259.46
810	0.0345716	-8333.21
811	0.0345716	-8443.08
812	0.0345716	-8495.39
813	0.0345716	-8337.76
814	0.0345716	-8224.46
815	0.0345716	-8278.44
816	0.0345716	-8230.75
817	0.0345716	-8391.12
818	0.0345716	-8328.7
819	0.0345716	-8302.79
820	0.0345716	-8399.17
821	0.0345716	-8355.69
822	0.0345716	-8406.11
823	0.0345716	-8465.1
824	0.0345716	-8450.98
825	0.0345716	-8400.89
826	0.0345716	-8456.94
827	0.0345716	-8320.01
828	0.0345716	-8498.1
829	0.0345716	-8549.88
830	0.0345716	-8310.4
831	0.0345716	-8497.18
832	0.0345716	-8313.07
833	0.0345716	-8388.34
834	0.0345716	-8363.34
835	0.0345716	-8288.75
836	0.0345716	-8285.28
837	0.0345716	-8398.31
838	0.0345716	-8471.86
839	0.0345716	-8301.69
840	0.0345716	-8484.58
841	0.0345716	-8410.68
842	0.0345716	-8394.72
843	0.0345716	-8403.81
844	0.0345716	-8364.37
845	0.0345716	-8535.87
846	0.0345716	-8403.88
847	0.0345716	-8350.39
848	0.0345716	-8508.19
849	0.0345716	-8377.52
850	0.0345716	-8542.98
851	0.0345716	-8557.03
852	0.0345716	-8494.34
853	0.0345716	-8526.12
854	0.0345716	-8458.45
855	0.0345716	-8600.7
856	0.0345716	-8628.81
857	0.0345716	-8440.73
858	0.0345716	-8275.34
859	0.0345716	-8468.16
860	0.0345716	-8508.66
861	0.0345716	-8551.78
862	0.0345716	-8321.5
863	0.0345716	-8280.54
864	0.0345716	-8290.06
865	0.0345716	-8263.24
866	0.0345716	-8333.07
867	0.0345716	-8291.61
868	0.0345716	-8420.62
869	0.0345716	-8576.15
870	0.0345716	-8275.54
871	0.0345716	-8332.3
872	0.0345716	-8329.66
873	0.0345716	-8190.71
874	0.0345716	-8271.07
875	0.0345716	-8310.42
876	0.0345716	-8293.68
877	0.0345716	-8447.9
878	0.0345716	-8264.15
879	0.0345716	-8429.42
880	0.0345716	-8443.66
881	0.0345716	-8387.26
882	0.0345716	-8265.08
883	0.0345716	-8254.66
884	0.0345716	-8262.32
885	0.0345716	-8248.02
886	0.0345716	-8411.04
887	0.0345716	-8541.57
888	0.0345716	-8579.21
889	0.0345716	-8731.7
890	0.0345716	-8661.47
891	0.0345716	-8619.97
892	0.0345716	-8410.55
893	0.0345716	-8544.4
894	0.0345716	-8708.73
895	0.0345716	-8479.4
896	0.0345716	-8532.69
897	0.0345716	-8572.2
898	0.0345716	-8374.81
899	0.0345716	-8547.55
900	0.0345716	-8367.36
901	0.0345716	-8298.65
902	0.0345716	-8311.97
903	0.0345716	-8301.39
904	0.0345716	-8380.56
905	0.0345716	-8513.58
906	0.0345716	-8503.14
907	0.0345716	-8442.27
908	0.0345716	-8245.45
909	0.0345716	-8242.24
910	0.0345716	-8257.84
911	0.0345716	-8302.7
912	0.0345716	-8209.04
913	0.0345716	-8285.8
914	0.0345716	-8521.1
915	0.0345716	-8621.69
916	0.0345716	-8568.43
917	0.0345716	-8574.64
918	0.0345716	-8456.63
919	0.0345716	-8429.32
920	0.0345716	-8431.01
921	0.0345716	-8378
922	0.0345716	-8408.4
923	0.0345716	-8430.29
924	0.0345716	-8566
925	0.0345716	-8542.54
926	0.0345716	-8442.98
927	0.0345716	-8433.76
928	0.0345716	-8292.78
929	0.0345716	-8220.21
930	0.0345716	-8193.71
931	0.0345716	-8351.53
932	0.0345716	-8345.77
933	0.0345716	-8348.18
934	0.0345716	-8354.06
935	0.0345716	-8300.19
936	0.0345716	-8292.87
937	0.0345716	-8367.65
938	0.0345716	-8295.61
939	0.0345716	-8461.65
940	0.0345716	-8302.26
941	0.0345716	-8430.63
942	0.0345716	-8333.08
943	0.0345716	-8249.45
944	0.0345716	-8445.57
945	0.0345716	-8383.23
946	0.0345716	-8523.86
947	0.0345716	-8371.45
948	0.0345716	-8276.46
949	0.0345716	-8289.84
950	0.0345716	-8247.82
951	0.0345716	-8272.12
952	0.0345716	-8388.69
953	0.0345716	-8437.99
954	0.0345716	-8582.44
955	0.0345716	-8306.02
956	0.0345716	-8375.19
957	0.0345716	-8372.32
958	0.0345716	-8273.93
959	0.0345716	-8330.83
960	0.0345716	-8316.84
961	0.0345716	-8254.8
962	0.0345716	-8425.83
963	0.0345716	-8455.01
964	0.0345716	-8417.3
965	0.0345716	-8195.22
966	0.0345716	-8306.96
967	0.0345716	-8352.98
968	0.0345716	-8368.56
969	0.0345716	-8362.86
970	0.0345716	-8436.49
971	0.0345716	-8353.44
972	0.0345716	-8400.75
973	0.0345716	-8278.35
974	0.0345716	-8374.4
975	0.0345716	-8257.41
976	0.0345716	-8273.94
977	0.0345716	-8219.5
978	0.0345716	-8388.63
979	0.0345716	-8298.14
980	0.0345716	-8287.68
981	0.0345716	-8568.43
982	0.0345716	-8516.12
983	0.0345716	-8462.67
984	0.0345716	-8214.34
985	0.0345716	-8331.34
986	0.0345716	-8514.01
987	0.0345716	-8440.77
988	0.0345716	-8442.52
989	0.0345716	-8465.51
990	0.0345716	-8226.43
991	0.0345716	-8270.29
992	0.0345716	-8227.65
993	0.0345716	-8219.08
994	0.0345716	-8488.01
995	0.0345716	-8313.51
996	0.0345716	-8508.26
997	0.0345716	-8592.33
998	0.0345716	-8576.87
999	0.0345716	-8464.96
1000	0.0345716	-8269.85
