state	power	likelihood
251	0.138544	-8043.72
252	0.138544	-8084.8
253	0.138544	-8062.43
254	0.138544	-8103.12
255	0.138544	-8072.34
256	0.138544	-8078.35
257	0.138544	-8071.53
258	0.138544	-8118.32
259	0.138544	-8088.8
260	0.138544	-8039.62
261	0.138544	-8034.4
262	0.138544	-8023.03
263	0.138544	-8063.48
264	0.138544	-8088.57
265	0.138544	-8075.5
266	0.138544	-8054.54
267	0.138544	-8039.31
268	0.138544	-8054.96
269	0.138544	-8050.08
270	0.138544	-8027.19
271	0.138544	-8054.17
272	0.138544	-8057.57
273	0.138544	-8026.33
274	0.138544	-8010.77
275	0.138544	-8056.85
276	0.138544	-8052.1
277	0.138544	-8074.84
278	0.138544	-8029.09
279	0.138544	-8050.6
280	0.138544	-8049.1
281	0.138544	-8052.51
282	0.138544	-8057.35
283	0.138544	-8057.52
284	0.138544	-8089.65
285	0.138544	-8075.6
286	0.138544	-8063.17
287	0.138544	-8046.98
288	0.138544	-8060.55
289	0.138544	-8076.63
290	0.138544	-8040.8
291	0.138544	-8042.54
292	0.138544	-8111.3
293	0.138544	-8075.04
294	0.138544	-8023.7
295	0.138544	-8016.59
296	0.138544	-8069.07
297	0.138544	-8052.74
298	0.138544	-8059.47
299	0.138544	-8125.77
300	0.138544	-8101.28
301	0.138544	-8051.77
302	0.138544	-8042.92
303	0.138544	-8054.5
304	0.138544	-8067.26
305	0.138544	-8025.53
306	0.138544	-8031.99
307	0.138544	-8042.47
308	0.138544	-8037.89
309	0.138544	-8043.56
310	0.138544	-8024.46
311	0.138544	-8058.08
312	0.138544	-8043.12
313	0.138544	-8055.9
314	0.138544	-8043.9
315	0.138544	-8058.59
316	0.138544	-8051.58
317	0.138544	-8061.42
318	0.138544	-8050.7
319	0.138544	-8095.05
320	0.138544	-8085.54
321	0.138544	-8072.94
322	0.138544	-8057.27
323	0.138544	-8049.15
324	0.138544	-8080.03
325	0.138544	-8052.74
326	0.138544	-8083.27
327	0.138544	-8073.73
328	0.138544	-8102.81
329	0.138544	-8100.46
330	0.138544	-8105.08
331	0.138544	-8109.25
332	0.138544	-8104.4
333	0.138544	-8070.56
334	0.138544	-8083.05
335	0.138544	-8092.95
336	0.138544	-8051.58
337	0.138544	-8012.67
338	0.138544	-8065.44
339	0.138544	-8044.61
340	0.138544	-8069.86
341	0.138544	-8054.89
342	0.138544	-8081.31
343	0.138544	-8056.31
344	0.138544	-8069.03
345	0.138544	-8087
346	0.138544	-8052.56
347	0.138544	-8048.24
348	0.138544	-8031.61
349	0.138544	-8070.66
350	0.138544	-8085.6
351	0.138544	-8087.19
352	0.138544	-8085.31
353	0.138544	-8072.37
354	0.138544	-8071.96
355	0.138544	-8038.25
356	0.138544	-8026.28
357	0.138544	-8056.38
358	0.138544	-8019.79
359	0.138544	-8054.78
360	0.138544	-8083.55
361	0.138544	-8117.36
362	0.138544	-8089.7
363	0.138544	-8106.37
364	0.138544	-8094.87
365	0.138544	-8069.3
366	0.138544	-8073.81
367	0.138544	-8084.27
368	0.138544	-8049.4
369	0.138544	-8022.48
370	0.138544	-8046.08
371	0.138544	-8056.4
372	0.138544	-8086.83
373	0.138544	-8078.86
374	0.138544	-8019.46
375	0.138544	-8035.48
376	0.138544	-8057.18
377	0.138544	-8039.4
378	0.138544	-8057.55
379	0.138544	-8069.11
380	0.138544	-8073.79
381	0.138544	-8042.58
382	0.138544	-8049.7
383	0.138544	-8019.21
384	0.138544	-8064.79
385	0.138544	-8098.65
386	0.138544	-8063.53
387	0.138544	-8089.06
388	0.138544	-8120.14
389	0.138544	-8080.71
390	0.138544	-8065.52
391	0.138544	-8055.27
392	0.138544	-8083.6
393	0.138544	-8067.17
394	0.138544	-8072.72
395	0.138544	-8079.61
396	0.138544	-8036.48
397	0.138544	-8051.01
398	0.138544	-8052.81
399	0.138544	-8042.56
400	0.138544	-8028.84
401	0.138544	-8049.08
402	0.138544	-8040.47
403	0.138544	-8049.39
404	0.138544	-8070.42
405	0.138544	-8069.25
406	0.138544	-8049.6
407	0.138544	-8024.93
408	0.138544	-8064.23
409	0.138544	-8018.51
410	0.138544	-8036.85
411	0.138544	-8076.77
412	0.138544	-8104.29
413	0.138544	-8135.66
414	0.138544	-8087.71
415	0.138544	-8082.79
416	0.138544	-8101.86
417	0.138544	-8093.1
418	0.138544	-8084.61
419	0.138544	-8103.77
420	0.138544	-8091.79
421	0.138544	-8108.93
422	0.138544	-8099.33
423	0.138544	-8080.94
424	0.138544	-8088.51
425	0.138544	-8078.51
426	0.138544	-8138.51
427	0.138544	-8126.94
428	0.138544	-8116.79
429	0.138544	-8141.17
430	0.138544	-8107.65
431	0.138544	-8078.47
432	0.138544	-8064.37
433	0.138544	-8091.59
434	0.138544	-8063.6
435	0.138544	-8103.51
436	0.138544	-8101.73
437	0.138544	-8079.87
438	0.138544	-8053.38
439	0.138544	-8058.65
440	0.138544	-8043.24
441	0.138544	-8096.43
442	0.138544	-8076.96
443	0.138544	-8115.53
444	0.138544	-8112.15
445	0.138544	-8110.14
446	0.138544	-8079.05
447	0.138544	-8142.07
448	0.138544	-8074.62
449	0.138544	-8042.07
450	0.138544	-8026.54
451	0.138544	-8078.54
452	0.138544	-8067.92
453	0.138544	-8048.51
454	0.138544	-8060
455	0.138544	-8042.87
456	0.138544	-8060.76
457	0.138544	-8103.91
458	0.138544	-8088.69
459	0.138544	-8048.06
460	0.138544	-8068.98
461	0.138544	-8077.73
462	0.138544	-8035.54
463	0.138544	-8052.02
464	0.138544	-8002.39
465	0.138544	-8066.18
466	0.138544	-8068.53
467	0.138544	-8036.14
468	0.138544	-8034.86
469	0.138544	-8059.25
470	0.138544	-8089.23
471	0.138544	-8053.42
472	0.138544	-8060.55
473	0.138544	-8056.66
474	0.138544	-8046
475	0.138544	-8050.18
476	0.138544	-8066.66
477	0.138544	-8086.96
478	0.138544	-8070.93
479	0.138544	-8045.37
480	0.138544	-8073.71
481	0.138544	-8059.98
482	0.138544	-8066.93
483	0.138544	-8056.14
484	0.138544	-8050.64
485	0.138544	-8066.54
486	0.138544	-8065.51
487	0.138544	-8059.67
488	0.138544	-8083.89
489	0.138544	-8089.01
490	0.138544	-8078.28
491	0.138544	-8099.33
492	0.138544	-8086.29
493	0.138544	-8072.25
494	0.138544	-8071.95
495	0.138544	-8070.77
496	0.138544	-8061.95
497	0.138544	-8038.06
498	0.138544	-8041.66
499	0.138544	-8073.64
500	0.138544	-8067.36
501	0.138544	-8077.73
502	0.138544	-8078.4
503	0.138544	-8088.36
504	0.138544	-8072.97
505	0.138544	-8127.49
506	0.138544	-8097.62
507	0.138544	-8095.67
508	0.138544	-8090.67
509	0.138544	-8097.62
510	0.138544	-8077.14
511	0.138544	-8102.39
512	0.138544	-8068.99
513	0.138544	-8061.5
514	0.138544	-8028.55
515	0.138544	-8041.53
516	0.138544	-8058.22
517	0.138544	-8048.32
518	0.138544	-8053.71
519	0.138544	-8018.59
520	0.138544	-8019.41
521	0.138544	-8068.22
522	0.138544	-8076.12
523	0.138544	-8073.85
524	0.138544	-8070.5
525	0.138544	-8065.73
526	0.138544	-8085.52
527	0.138544	-8090.44
528	0.138544	-8052.66
529	0.138544	-8092.26
530	0.138544	-8050.97
531	0.138544	-8059.88
532	0.138544	-8066.26
533	0.138544	-8045.79
534	0.138544	-8038.04
535	0.138544	-8094.92
536	0.138544	-8085.07
537	0.138544	-8065.92
538	0.138544	-8070.33
539	0.138544	-8111.6
540	0.138544	-8104.16
541	0.138544	-8121.67
542	0.138544	-8140.57
543	0.138544	-8110.48
544	0.138544	-8109.64
545	0.138544	-8112.39
546	0.138544	-8074.39
547	0.138544	-8086.1
548	0.138544	-8080.71
549	0.138544	-8045.51
550	0.138544	-8102.84
551	0.138544	-8130.99
552	0.138544	-8207.19
553	0.138544	-8195.35
554	0.138544	-8167.52
555	0.138544	-8125.91
556	0.138544	-8075.15
557	0.138544	-8051.12
558	0.138544	-8066.46
559	0.138544	-8082.82
560	0.138544	-8120.46
561	0.138544	-8086.19
562	0.138544	-8073.5
563	0.138544	-8055.87
564	0.138544	-8018.11
565	0.138544	-8033.98
566	0.138544	-8050.25
567	0.138544	-8043.17
568	0.138544	-8051.26
569	0.138544	-8034.77
570	0.138544	-8047.98
571	0.138544	-8041.84
572	0.138544	-8060.27
573	0.138544	-8059.26
574	0.138544	-8027.83
575	0.138544	-8040.02
576	0.138544	-8041.32
577	0.138544	-8060.57
578	0.138544	-8106.63
579	0.138544	-8082.37
580	0.138544	-8059.03
581	0.138544	-8071.99
582	0.138544	-8077.3
583	0.138544	-8088.74
584	0.138544	-8075.43
585	0.138544	-8074.93
586	0.138544	-8092.56
587	0.138544	-8082.52
588	0.138544	-8103.36
589	0.138544	-8096.31
590	0.138544	-8049.37
591	0.138544	-8052.98
592	0.138544	-8030.33
593	0.138544	-8032.19
594	0.138544	-8071.54
595	0.138544	-8050.51
596	0.138544	-8075.57
597	0.138544	-8059.56
598	0.138544	-8049.37
599	0.138544	-8061.76
600	0.138544	-8038.84
601	0.138544	-8063.07
602	0.138544	-8119.09
603	0.138544	-8098.28
604	0.138544	-8133.34
605	0.138544	-8065.38
606	0.138544	-8070.09
607	0.138544	-8011.76
608	0.138544	-8056.28
609	0.138544	-8054.02
610	0.138544	-8051.66
611	0.138544	-8091.97
612	0.138544	-8115.7
613	0.138544	-8104.81
614	0.138544	-8108.09
615	0.138544	-8092.99
616	0.138544	-8081.23
617	0.138544	-8046.11
618	0.138544	-8040.49
619	0.138544	-8108.32
620	0.138544	-8047
621	0.138544	-8072.63
622	0.138544	-8081
623	0.138544	-8081.9
624	0.138544	-8089.25
625	0.138544	-8063.08
626	0.138544	-8075.36
627	0.138544	-8119.88
628	0.138544	-8092.82
629	0.138544	-8095.68
630	0.138544	-8107.7
631	0.138544	-8115.67
632	0.138544	-8088.46
633	0.138544	-8110.04
634	0.138544	-8159.44
635	0.138544	-8089.73
636	0.138544	-8085.07
637	0.138544	-8117.97
638	0.138544	-8066.21
639	0.138544	-8010.11
640	0.138544	-8012.09
641	0.138544	-8021.41
642	0.138544	-8010.87
643	0.138544	-8046.48
644	0.138544	-8060.72
645	0.138544	-8061.23
646	0.138544	-8073.44
647	0.138544	-8050.82
648	0.138544	-8040.94
649	0.138544	-8043.38
650	0.138544	-8040.44
651	0.138544	-8049.33
652	0.138544	-8018.52
653	0.138544	-8056.4
654	0.138544	-8046.32
655	0.138544	-8084.36
656	0.138544	-8053.71
657	0.138544	-8053.89
658	0.138544	-8085.96
659	0.138544	-8060.84
660	0.138544	-8064.62
661	0.138544	-8067.57
662	0.138544	-8037.83
663	0.138544	-8019.72
664	0.138544	-8014.06
665	0.138544	-8029.26
666	0.138544	-8052.68
667	0.138544	-8031.34
668	0.138544	-8016.81
669	0.138544	-8037.35
670	0.138544	-8043.98
671	0.138544	-8052.06
672	0.138544	-8092.79
673	0.138544	-8052.43
674	0.138544	-8104.75
675	0.138544	-8060.19
676	0.138544	-8070.71
677	0.138544	-8092.57
678	0.138544	-8092.25
679	0.138544	-8091.53
680	0.138544	-8111.03
681	0.138544	-8031.61
682	0.138544	-8062.38
683	0.138544	-8038.35
684	0.138544	-8043.26
685	0.138544	-8052.25
686	0.138544	-8062.02
687	0.138544	-8054.66
688	0.138544	-8113.04
689	0.138544	-8092.74
690	0.138544	-8070.72
691	0.138544	-8075.49
692	0.138544	-8136.85
693	0.138544	-8147.79
694	0.138544	-8114.38
695	0.138544	-8108.29
696	0.138544	-8104.72
697	0.138544	-8126.37
698	0.138544	-8107.24
699	0.138544	-8160.01
700	0.138544	-8117.86
701	0.138544	-8060.85
702	0.138544	-8102.24
703	0.138544	-8117.76
704	0.138544	-8087.11
705	0.138544	-8108.89
706	0.138544	-8110.72
707	0.138544	-8076.62
708	0.138544	-8021.17
709	0.138544	-8031.81
710	0.138544	-8007.1
711	0.138544	-8024.15
712	0.138544	-8053.51
713	0.138544	-8035.02
714	0.138544	-8123.32
715	0.138544	-8100.39
716	0.138544	-8122.36
717	0.138544	-8097.1
718	0.138544	-8081
719	0.138544	-8076.76
720	0.138544	-8114.89
721	0.138544	-8065.29
722	0.138544	-8080.78
723	0.138544	-8048.07
724	0.138544	-8057.27
725	0.138544	-8012.23
726	0.138544	-8042.18
727	0.138544	-8036.6
728	0.138544	-8045.85
729	0.138544	-8071.67
730	0.138544	-8028.41
731	0.138544	-8072.28
732	0.138544	-8074.12
733	0.138544	-8098.28
734	0.138544	-8074.76
735	0.138544	-8083.21
736	0.138544	-8050.6
737	0.138544	-8039.73
738	0.138544	-8063.59
739	0.138544	-8028.56
740	0.138544	-8068.38
741	0.138544	-8083.23
742	0.138544	-8081.8
743	0.138544	-8104.62
744	0.138544	-8062.85
745	0.138544	-8055.03
746	0.138544	-8031.78
747	0.138544	-8032.18
748	0.138544	-8042.58
749	0.138544	-8081.2
750	0.138544	-8106.1
751	0.138544	-8040.17
752	0.138544	-8082.23
753	0.138544	-8063.53
754	0.138544	-8043.46
755	0.138544	-8033.94
756	0.138544	-8031.42
757	0.138544	-8033.14
758	0.138544	-8038.46
759	0.138544	-8028.67
760	0.138544	-8083.07
761	0.138544	-8102.72
762	0.138544	-8077.72
763	0.138544	-8073.41
764	0.138544	-8078.78
765	0.138544	-8064.15
766	0.138544	-8081.87
767	0.138544	-8089.17
768	0.138544	-8094.28
769	0.138544	-8124.68
770	0.138544	-8074.81
771	0.138544	-8129.04
772	0.138544	-8127.49
773	0.138544	-8061.14
774	0.138544	-8074.46
775	0.138544	-8073.46
776	0.138544	-8054.36
777	0.138544	-8111.26
778	0.138544	-8072.9
779	0.138544	-8073.43
780	0.138544	-8077.15
781	0.138544	-8090.69
782	0.138544	-8096.24
783	0.138544	-8098.14
784	0.138544	-8080.29
785	0.138544	-8066.77
786	0.138544	-8044.09
787	0.138544	-8068.65
788	0.138544	-8066.92
789	0.138544	-8056.73
790	0.138544	-8065.59
791	0.138544	-8053.41
792	0.138544	-8072.93
793	0.138544	-8070.78
794	0.138544	-8064.52
795	0.138544	-8048.22
796	0.138544	-8030.76
797	0.138544	-8045.59
798	0.138544	-8017.5
799	0.138544	-8066.57
800	0.138544	-8058.64
801	0.138544	-8038.99
802	0.138544	-8032.48
803	0.138544	-8074.6
804	0.138544	-8054.78
805	0.138544	-8039.24
806	0.138544	-8107.38
807	0.138544	-8083.05
808	0.138544	-8074.93
809	0.138544	-8044.51
810	0.138544	-8071.16
811	0.138544	-8038.27
812	0.138544	-8065.08
813	0.138544	-8029.28
814	0.138544	-8055.81
815	0.138544	-8058.22
816	0.138544	-8075.3
817	0.138544	-8062.81
818	0.138544	-8065.87
819	0.138544	-8040.23
820	0.138544	-8027.66
821	0.138544	-8043.18
822	0.138544	-8074.68
823	0.138544	-8082.28
824	0.138544	-8046.6
825	0.138544	-8080.97
826	0.138544	-8140.21
827	0.138544	-8095.88
828	0.138544	-8085.35
829	0.138544	-8099.83
830	0.138544	-8099.93
831	0.138544	-8033.16
832	0.138544	-8021.91
833	0.138544	-8059.62
834	0.138544	-8034.9
835	0.138544	-8058.85
836	0.138544	-8040.29
837	0.138544	-8038.01
838	0.138544	-8029.53
839	0.138544	-8023.87
840	0.138544	-8041.66
841	0.138544	-8061.99
842	0.138544	-8067.1
843	0.138544	-8054.05
844	0.138544	-8038.66
845	0.138544	-8039.62
846	0.138544	-8045.68
847	0.138544	-8089.53
848	0.138544	-8101.59
849	0.138544	-8101.51
850	0.138544	-8050.3
851	0.138544	-8095.61
852	0.138544	-8075.71
853	0.138544	-8055.94
854	0.138544	-8056.02
855	0.138544	-8082.53
856	0.138544	-8047.14
857	0.138544	-8039.12
858	0.138544	-8063.84
859	0.138544	-8069.03
860	0.138544	-8066.46
861	0.138544	-8063.55
862	0.138544	-8081.27
863	0.138544	-8039.23
864	0.138544	-8041.83
865	0.138544	-8096.19
866	0.138544	-8087.23
867	0.138544	-8073.86
868	0.138544	-8039
869	0.138544	-8056.13
870	0.138544	-8044.27
871	0.138544	-8065.08
872	0.138544	-8057.8
873	0.138544	-8033.14
874	0.138544	-8048.91
875	0.138544	-8031.94
876	0.138544	-8052.57
877	0.138544	-8077.1
878	0.138544	-8053.33
879	0.138544	-8041.64
880	0.138544	-8068.32
881	0.138544	-8052.34
882	0.138544	-8040.6
883	0.138544	-8045.22
884	0.138544	-8019.78
885	0.138544	-8043.47
886	0.138544	-8045.04
887	0.138544	-8086.43
888	0.138544	-8080.03
889	0.138544	-8100.07
890	0.138544	-8097.43
891	0.138544	-8050.89
892	0.138544	-8054.42
893	0.138544	-8057.99
894	0.138544	-8093
895	0.138544	-8080.88
896	0.138544	-8069.7
897	0.138544	-8066.37
898	0.138544	-8060.64
899	0.138544	-8074.24
900	0.138544	-8069.26
901	0.138544	-8070.41
902	0.138544	-8051.45
903	0.138544	-8059.27
904	0.138544	-8090.38
905	0.138544	-8069.31
906	0.138544	-8084.57
907	0.138544	-8129.65
908	0.138544	-8127.48
909	0.138544	-8138.63
910	0.138544	-8119.38
911	0.138544	-8126.91
912	0.138544	-8047.32
913	0.138544	-8000.79
914	0.138544	-8037.05
915	0.138544	-8061.47
916	0.138544	-8039.29
917	0.138544	-8082.54
918	0.138544	-8061.35
919	0.138544	-8060.87
920	0.138544	-8079.37
921	0.138544	-8085
922	0.138544	-8062.85
923	0.138544	-8096.35
924	0.138544	-8108.5
925	0.138544	-8123.99
926	0.138544	-8045.92
927	0.138544	-8045.91
928	0.138544	-8047.38
929	0.138544	-8052.75
930	0.138544	-8060.28
931	0.138544	-8031.03
932	0.138544	-8015.65
933	0.138544	-8048.16
934	0.138544	-8068.58
935	0.138544	-8050.52
936	0.138544	-8063.36
937	0.138544	-8051.11
938	0.138544	-8042.29
939	0.138544	-8041.57
940	0.138544	-8054.91
941	0.138544	-8079.02
942	0.138544	-8079.32
943	0.138544	-8085.47
944	0.138544	-8075.23
945	0.138544	-8081.09
946	0.138544	-8055.91
947	0.138544	-8058.9
948	0.138544	-8077.27
949	0.138544	-8047.51
950	0.138544	-8046.63
951	0.138544	-8076.35
952	0.138544	-8115.69
953	0.138544	-8096.12
954	0.138544	-8086.42
955	0.138544	-8069.39
956	0.138544	-8066.92
957	0.138544	-8052.2
958	0.138544	-8057.39
959	0.138544	-8097.79
960	0.138544	-8066.77
961	0.138544	-8074.37
962	0.138544	-8086.53
963	0.138544	-8106.68
964	0.138544	-8091.89
965	0.138544	-8126.53
966	0.138544	-8096.25
967	0.138544	-8128.82
968	0.138544	-8113.67
969	0.138544	-8066.15
970	0.138544	-8104.67
971	0.138544	-8081.96
972	0.138544	-8100.46
973	0.138544	-8030.66
974	0.138544	-8041.31
975	0.138544	-8059.62
976	0.138544	-8096.76
977	0.138544	-8055.75
978	0.138544	-8068.37
979	0.138544	-8086
980	0.138544	-8113.67
981	0.138544	-8118.14
982	0.138544	-8145.89
983	0.138544	-8120.94
984	0.138544	-8071.46
985	0.138544	-8083.91
986	0.138544	-8073.65
987	0.138544	-8061.26
988	0.138544	-8054.96
989	0.138544	-8039.34
990	0.138544	-8081.2
991	0.138544	-8058.01
992	0.138544	-8069.26
993	0.138544	-8110.1
994	0.138544	-8129.7
995	0.138544	-8091.27
996	0.138544	-8028.88
997	0.138544	-8098.31
998	0.138544	-8071.3
999	0.138544	-8075.03
1000	0.138544	-8040.48
