state	power	likelihood
251	0.00190397	-10573
252	0.00190397	-11034.9
253	0.00190397	-11337.3
254	0.00190397	-10881.9
255	0.00190397	-11623.9
256	0.00190397	-11856.5
257	0.00190397	-12752.5
258	0.00190397	-10473.1
259	0.00190397	-10216.3
260	0.00190397	-10768.1
261	0.00190397	-10796
262	0.00190397	-10313.7
263	0.00190397	-10792.3
264	0.00190397	-10217.7
265	0.00190397	-10198.8
266	0.00190397	-9235.9
267	0.00190397	-9469.98
268	0.00190397	-10663.1
269	0.00190397	-10016.4
270	0.00190397	-10649
271	0.00190397	-10894.3
272	0.00190397	-11071.7
273	0.00190397	-9845.15
274	0.00190397	-10784.1
275	0.00190397	-11407.6
276	0.00190397	-10353.4
277	0.00190397	-10660.1
278	0.00190397	-10434.7
279	0.00190397	-10822.4
280	0.00190397	-9941.84
281	0.00190397	-9701.4
282	0.00190397	-10666.4
283	0.00190397	-11248.8
284	0.00190397	-10593.8
285	0.00190397	-9662.45
286	0.00190397	-11119.5
287	0.00190397	-11684.3
288	0.00190397	-10356.5
289	0.00190397	-9807.01
290	0.00190397	-10384.4
291	0.00190397	-10936.8
292	0.00190397	-10090.3
293	0.00190397	-10453.8
294	0.00190397	-11523.1
295	0.00190397	-11425.4
296	0.00190397	-11218.6
297	0.00190397	-10046.5
298	0.00190397	-10173.2
299	0.00190397	-10504.5
300	0.00190397	-9592.08
301	0.00190397	-10825.6
302	0.00190397	-10945.5
303	0.00190397	-11653
304	0.00190397	-11076.4
305	0.00190397	-12209
306	0.00190397	-11547.5
307	0.00190397	-10951.9
308	0.00190397	-11352
309	0.00190397	-9978.09
310	0.00190397	-10626.9
311	0.00190397	-9516.34
312	0.00190397	-10660.3
313	0.00190397	-10589.7
314	0.00190397	-10050.4
315	0.00190397	-9820.9
316	0.00190397	-10094.6
317	0.00190397	-11268.9
318	0.00190397	-11259.3
319	0.00190397	-11760.3
320	0.00190397	-11290.4
321	0.00190397	-10068
322	0.00190397	-9559.7
323	0.00190397	-9560.31
324	0.00190397	-9716.41
325	0.00190397	-9804.7
326	0.00190397	-10584
327	0.00190397	-9919.21
328	0.00190397	-11038.1
329	0.00190397	-10769.7
330	0.00190397	-10237.1
331	0.00190397	-10401.7
332	0.00190397	-9336.32
333	0.00190397	-10807
334	0.00190397	-10809.3
335	0.00190397	-9529.72
336	0.00190397	-9870.58
337	0.00190397	-10896.6
338	0.00190397	-10913.1
339	0.00190397	-9730.9
340	0.00190397	-10532.7
341	0.00190397	-10304.7
342	0.00190397	-10032
343	0.00190397	-9478.6
344	0.00190397	-10766.4
345	0.00190397	-10085.1
346	0.00190397	-10253.5
347	0.00190397	-10219.4
348	0.00190397	-10438.1
349	0.00190397	-10308.1
350	0.00190397	-10341.5
351	0.00190397	-10161
352	0.00190397	-12910.7
353	0.00190397	-10473.6
354	0.00190397	-10422.6
355	0.00190397	-10160.7
356	0.00190397	-9975.57
357	0.00190397	-10179.7
358	0.00190397	-9889.88
359	0.00190397	-9231.55
360	0.00190397	-11326.3
361	0.00190397	-10021.2
362	0.00190397	-10626.4
363	0.00190397	-10806.2
364	0.00190397	-12038.2
365	0.00190397	-11314.9
366	0.00190397	-10861.6
367	0.00190397	-10566.1
368	0.00190397	-11225.9
369	0.00190397	-10574
370	0.00190397	-10030.2
371	0.00190397	-9591.87
372	0.00190397	-10195.3
373	0.00190397	-9417.93
374	0.00190397	-9934.67
375	0.00190397	-10289
376	0.00190397	-10949.9
377	0.00190397	-11104.2
378	0.00190397	-10509.1
379	0.00190397	-10709.3
380	0.00190397	-10600.7
381	0.00190397	-11611.9
382	0.00190397	-11606.7
383	0.00190397	-12954.7
384	0.00190397	-11605
385	0.00190397	-10819.6
386	0.00190397	-10537.9
387	0.00190397	-10374.3
388	0.00190397	-11118.2
389	0.00190397	-10900.9
390	0.00190397	-10363.1
391	0.00190397	-10485.7
392	0.00190397	-10779.1
393	0.00190397	-11526.5
394	0.00190397	-10767.2
395	0.00190397	-10397.1
396	0.00190397	-11617.7
397	0.00190397	-10624.1
398	0.00190397	-11284.9
399	0.00190397	-9737.33
400	0.00190397	-11347.1
401	0.00190397	-11045.5
402	0.00190397	-9648.7
403	0.00190397	-9586.82
404	0.00190397	-9509.09
405	0.00190397	-10146.3
406	0.00190397	-10019.1
407	0.00190397	-9815.66
408	0.00190397	-10205.6
409	0.00190397	-10719
410	0.00190397	-11099.5
411	0.00190397	-10461.7
412	0.00190397	-11154.3
413	0.00190397	-10675.2
414	0.00190397	-10792.6
415	0.00190397	-11637.6
416	0.00190397	-11186.4
417	0.00190397	-13070
418	0.00190397	-10543
419	0.00190397	-10089.2
420	0.00190397	-10805.6
421	0.00190397	-9469.5
422	0.00190397	-10562.7
423	0.00190397	-9880.78
424	0.00190397	-10429.6
425	0.00190397	-10691.9
426	0.00190397	-10894.1
427	0.00190397	-10485.2
428	0.00190397	-10016.4
429	0.00190397	-11267.1
430	0.00190397	-9617.99
431	0.00190397	-10181.7
432	0.00190397	-11167.9
433	0.00190397	-11191.3
434	0.00190397	-9923.38
435	0.00190397	-9867.62
436	0.00190397	-10365.2
437	0.00190397	-10881.3
438	0.00190397	-10540
439	0.00190397	-11204.3
440	0.00190397	-11008.5
441	0.00190397	-10322.4
442	0.00190397	-10896
443	0.00190397	-11758.1
444	0.00190397	-10183.5
445	0.00190397	-9833.68
446	0.00190397	-10075
447	0.00190397	-10839
448	0.00190397	-10506.1
449	0.00190397	-10242.8
450	0.00190397	-9826.33
451	0.00190397	-10780.9
452	0.00190397	-11354.7
453	0.00190397	-11803.6
454	0.00190397	-10488.3
455	0.00190397	-9942.31
456	0.00190397	-10112.3
457	0.00190397	-10481.3
458	0.00190397	-9976.19
459	0.00190397	-10029.3
460	0.00190397	-9945.97
461	0.00190397	-9926.66
462	0.00190397	-10184.6
463	0.00190397	-9055.04
464	0.00190397	-9748.16
465	0.00190397	-10320.8
466	0.00190397	-9462.87
467	0.00190397	-10812.9
468	0.00190397	-10753
469	0.00190397	-10819.5
470	0.00190397	-11628.3
471	0.00190397	-12725.2
472	0.00190397	-12132.4
473	0.00190397	-10919.8
474	0.00190397	-10796.4
475	0.00190397	-10443.1
476	0.00190397	-10595.3
477	0.00190397	-9823.97
478	0.00190397	-9152.82
479	0.00190397	-9604.41
480	0.00190397	-9683.96
481	0.00190397	-11275.8
482	0.00190397	-10352.4
483	0.00190397	-10831.5
484	0.00190397	-11683.6
485	0.00190397	-10878.5
486	0.00190397	-10618.5
487	0.00190397	-10070.6
488	0.00190397	-10428.7
489	0.00190397	-10192.9
490	0.00190397	-10245.3
491	0.00190397	-10194.1
492	0.00190397	-10287
493	0.00190397	-11355.5
494	0.00190397	-10486
495	0.00190397	-11068.3
496	0.00190397	-10236.2
497	0.00190397	-10384.1
498	0.00190397	-10356.2
499	0.00190397	-9814.37
500	0.00190397	-12421.6
501	0.00190397	-10722
502	0.00190397	-10525.8
503	0.00190397	-11439.9
504	0.00190397	-10676.9
505	0.00190397	-9961.68
506	0.00190397	-11020.6
507	0.00190397	-10257.6
508	0.00190397	-10280.2
509	0.00190397	-11203.1
510	0.00190397	-9971.32
511	0.00190397	-11198
512	0.00190397	-11426.6
513	0.00190397	-11126.8
514	0.00190397	-10650.8
515	0.00190397	-10319.5
516	0.00190397	-9867.17
517	0.00190397	-10512.5
518	0.00190397	-10263.8
519	0.00190397	-9915.73
520	0.00190397	-9559.67
521	0.00190397	-9627.37
522	0.00190397	-10344.5
523	0.00190397	-12849.1
524	0.00190397	-13114.9
525	0.00190397	-11028.4
526	0.00190397	-11019.8
527	0.00190397	-10652.3
528	0.00190397	-10322.6
529	0.00190397	-11355.9
530	0.00190397	-10812.4
531	0.00190397	-10586.3
532	0.00190397	-10459.7
533	0.00190397	-11247.6
534	0.00190397	-10071.6
535	0.00190397	-11319.4
536	0.00190397	-10479.9
537	0.00190397	-11264.2
538	0.00190397	-10771.1
539	0.00190397	-12914
540	0.00190397	-9145.81
541	0.00190397	-10380.5
542	0.00190397	-10342
543	0.00190397	-10941.3
544	0.00190397	-11725.5
545	0.00190397	-11111.3
546	0.00190397	-11043.8
547	0.00190397	-10438.9
548	0.00190397	-9917.2
549	0.00190397	-10978.6
550	0.00190397	-10270.4
551	0.00190397	-10710.1
552	0.00190397	-10642.1
553	0.00190397	-10610.9
554	0.00190397	-11499.3
555	0.00190397	-10289.4
556	0.00190397	-10810.9
557	0.00190397	-10218.5
558	0.00190397	-10846.9
559	0.00190397	-11221.3
560	0.00190397	-10085.6
561	0.00190397	-10087
562	0.00190397	-12885
563	0.00190397	-10594
564	0.00190397	-10402.4
565	0.00190397	-9926.59
566	0.00190397	-10175.3
567	0.00190397	-10052.6
568	0.00190397	-9135.58
569	0.00190397	-9748.08
570	0.00190397	-10382.1
571	0.00190397	-9848.07
572	0.00190397	-9603.17
573	0.00190397	-9019.98
574	0.00190397	-10351.7
575	0.00190397	-10129.3
576	0.00190397	-10020.9
577	0.00190397	-11214.2
578	0.00190397	-10171
579	0.00190397	-10232.7
580	0.00190397	-10784.7
581	0.00190397	-11195.3
582	0.00190397	-11537.4
583	0.00190397	-11123
584	0.00190397	-10783.1
585	0.00190397	-11205.4
586	0.00190397	-11710.3
587	0.00190397	-9941.48
588	0.00190397	-10503.7
589	0.00190397	-10140.6
590	0.00190397	-10631.8
591	0.00190397	-11627.1
592	0.00190397	-10694.1
593	0.00190397	-11528.6
594	0.00190397	-9891.77
595	0.00190397	-9127.06
596	0.00190397	-10471.2
597	0.00190397	-11053
598	0.00190397	-11017.5
599	0.00190397	-9827.74
600	0.00190397	-10957.5
601	0.00190397	-9928.15
602	0.00190397	-10197.2
603	0.00190397	-10219.4
604	0.00190397	-10127.2
605	0.00190397	-10833.3
606	0.00190397	-10592
607	0.00190397	-10161.2
608	0.00190397	-9878.08
609	0.00190397	-10644.1
610	0.00190397	-9877.26
611	0.00190397	-9896.8
612	0.00190397	-11272.5
613	0.00190397	-10848.2
614	0.00190397	-10072.6
615	0.00190397	-9788.09
616	0.00190397	-10009.3
617	0.00190397	-9928.69
618	0.00190397	-10827.4
619	0.00190397	-10510.3
620	0.00190397	-10972.2
621	0.00190397	-10255.9
622	0.00190397	-9715.37
623	0.00190397	-10542.3
624	0.00190397	-10020.2
625	0.00190397	-10515.9
626	0.00190397	-10378.1
627	0.00190397	-10267.8
628	0.00190397	-10558.1
629	0.00190397	-10541.6
630	0.00190397	-9870.16
631	0.00190397	-10513.2
632	0.00190397	-10762.1
633	0.00190397	-9915.32
634	0.00190397	-10939
635	0.00190397	-10495.4
636	0.00190397	-11112.8
637	0.00190397	-10819.3
638	0.00190397	-10701.3
639	0.00190397	-10310.8
640	0.00190397	-10034.6
641	0.00190397	-11373.9
642	0.00190397	-11380.1
643	0.00190397	-9952.41
644	0.00190397	-10815.5
645	0.00190397	-11739.4
646	0.00190397	-13005
647	0.00190397	-11241.1
648	0.00190397	-11776.9
649	0.00190397	-10603.4
650	0.00190397	-9823.71
651	0.00190397	-10003.7
652	0.00190397	-10240.7
653	0.00190397	-10585.4
654	0.00190397	-11901.9
655	0.00190397	-11409
656	0.00190397	-11383.2
657	0.00190397	-11531.3
658	0.00190397	-12815
659	0.00190397	-11663.1
660	0.00190397	-10350.8
661	0.00190397	-11457
662	0.00190397	-10590.7
663	0.00190397	-10677.7
664	0.00190397	-10501.1
665	0.00190397	-11323.6
666	0.00190397	-11089.6
667	0.00190397	-10397.4
668	0.00190397	-11564.3
669	0.00190397	-10352.4
670	0.00190397	-9774.1
671	0.00190397	-10777.9
672	0.00190397	-10178.7
673	0.00190397	-11921.7
674	0.00190397	-11136.2
675	0.00190397	-10901.7
676	0.00190397	-10523.1
677	0.00190397	-11420.8
678	0.00190397	-10191.5
679	0.00190397	-11301.8
680	0.00190397	-9924.38
681	0.00190397	-10062.8
682	0.00190397	-10960.8
683	0.00190397	-10591.3
684	0.00190397	-10525.2
685	0.00190397	-10823.4
686	0.00190397	-10133.3
687	0.00190397	-9668.63
688	0.00190397	-10315.5
689	0.00190397	-10839.7
690	0.00190397	-10288.1
691	0.00190397	-10407.9
692	0.00190397	-10386.9
693	0.00190397	-10188.3
694	0.00190397	-10191.5
695	0.00190397	-10518.7
696	0.00190397	-10602.4
697	0.00190397	-11052.4
698	0.00190397	-11113.1
699	0.00190397	-10290.2
700	0.00190397	-10297.4
701	0.00190397	-10428.6
702	0.00190397	-11352
703	0.00190397	-10548.9
704	0.00190397	-9980.71
705	0.00190397	-11013.2
706	0.00190397	-11304.5
707	0.00190397	-12533.2
708	0.00190397	-11720.7
709	0.00190397	-11826.1
710	0.00190397	-10865.8
711	0.00190397	-11294
712	0.00190397	-10866.3
713	0.00190397	-11293.3
714	0.00190397	-10004.7
715	0.00190397	-9505.4
716	0.00190397	-10473
717	0.00190397	-10260.8
718	0.00190397	-10799.2
719	0.00190397	-10841.3
720	0.00190397	-10504.9
721	0.00190397	-10302.8
722	0.00190397	-9558.09
723	0.00190397	-10997.3
724	0.00190397	-10917.1
725	0.00190397	-9992.8
726	0.00190397	-10759.2
727	0.00190397	-9773.39
728	0.00190397	-10044.5
729	0.00190397	-10203.7
730	0.00190397	-10020.4
731	0.00190397	-9877.45
732	0.00190397	-10687.7
733	0.00190397	-10602
734	0.00190397	-10311
735	0.00190397	-11206.9
736	0.00190397	-11652.7
737	0.00190397	-11292.5
738	0.00190397	-11371.9
739	0.00190397	-9969.73
740	0.00190397	-10301.3
741	0.00190397	-10595.7
742	0.00190397	-10955.1
743	0.00190397	-10775.8
744	0.00190397	-10036.7
745	0.00190397	-10313.8
746	0.00190397	-11026.2
747	0.00190397	-10209
748	0.00190397	-10780.9
749	0.00190397	-9527.43
750	0.00190397	-10361.1
751	0.00190397	-10104
752	0.00190397	-10528.5
753	0.00190397	-11071.5
754	0.00190397	-10616
755	0.00190397	-11136.6
756	0.00190397	-11187.8
757	0.00190397	-10630.4
758	0.00190397	-11081
759	0.00190397	-9227.21
760	0.00190397	-10012.6
761	0.00190397	-9736.55
762	0.00190397	-9981.2
763	0.00190397	-10137.8
764	0.00190397	-10071.1
765	0.00190397	-10622.9
766	0.00190397	-9976.64
767	0.00190397	-10664.6
768	0.00190397	-10048
769	0.00190397	-9978.05
770	0.00190397	-10255.1
771	0.00190397	-9927.22
772	0.00190397	-10286.6
773	0.00190397	-9370.58
774	0.00190397	-10435.4
775	0.00190397	-10262.3
776	0.00190397	-9789.38
777	0.00190397	-10823.7
778	0.00190397	-9621.14
779	0.00190397	-9204.61
780	0.00190397	-9412.96
781	0.00190397	-9777.66
782	0.00190397	-9835.26
783	0.00190397	-10133.9
784	0.00190397	-10445.5
785	0.00190397	-11214.3
786	0.00190397	-11753.1
787	0.00190397	-10345.8
788	0.00190397	-10217.5
789	0.00190397	-9964.65
790	0.00190397	-10080
791	0.00190397	-9493.24
792	0.00190397	-10701.3
793	0.00190397	-11703
794	0.00190397	-9550.97
795	0.00190397	-10416.5
796	0.00190397	-10285.3
797	0.00190397	-10422.6
798	0.00190397	-10553.4
799	0.00190397	-10514
800	0.00190397	-10929
801	0.00190397	-10574.9
802	0.00190397	-10453.6
803	0.00190397	-10778.2
804	0.00190397	-10348.3
805	0.00190397	-11439.3
806	0.00190397	-12129.7
807	0.00190397	-10956.4
808	0.00190397	-10973.7
809	0.00190397	-11014.9
810	0.00190397	-9920.78
811	0.00190397	-9802.31
812	0.00190397	-9934.84
813	0.00190397	-9802.57
814	0.00190397	-9175.9
815	0.00190397	-10086.3
816	0.00190397	-9249.67
817	0.00190397	-10083.5
818	0.00190397	-10051.2
819	0.00190397	-10721
820	0.00190397	-10497.6
821	0.00190397	-11331.6
822	0.00190397	-10201.9
823	0.00190397	-11078.3
824	0.00190397	-10374.1
825	0.00190397	-11760.9
826	0.00190397	-11017.6
827	0.00190397	-11108.2
828	0.00190397	-11225.9
829	0.00190397	-9552.25
830	0.00190397	-9810.44
831	0.00190397	-9761.49
832	0.00190397	-10980.3
833	0.00190397	-10908.8
834	0.00190397	-10309.9
835	0.00190397	-10322.6
836	0.00190397	-9937.65
837	0.00190397	-10675.9
838	0.00190397	-10269.1
839	0.00190397	-10068
840	0.00190397	-10053.2
841	0.00190397	-10687.3
842	0.00190397	-10375.7
843	0.00190397	-10711.1
844	0.00190397	-9596.89
845	0.00190397	-9687.43
846	0.00190397	-9814.26
847	0.00190397	-9668.03
848	0.00190397	-9920.08
849	0.00190397	-9850.53
850	0.00190397	-9809.93
851	0.00190397	-9711.7
852	0.00190397	-10557.7
853	0.00190397	-11690.2
854	0.00190397	-11883.2
855	0.00190397	-11005.6
856	0.00190397	-9930.07
857	0.00190397	-11767.6
858	0.00190397	-11091.7
859	0.00190397	-11245.5
860	0.00190397	-11176.6
861	0.00190397	-11033.2
862	0.00190397	-11463.5
863	0.00190397	-11569.7
864	0.00190397	-12209
865	0.00190397	-10882.6
866	0.00190397	-9920.69
867	0.00190397	-11141
868	0.00190397	-11434
869	0.00190397	-12049
870	0.00190397	-10894.3
871	0.00190397	-11059.3
872	0.00190397	-10378
873	0.00190397	-11223.3
874	0.00190397	-9641.37
875	0.00190397	-10418.4
876	0.00190397	-11053.4
877	0.00190397	-10071
878	0.00190397	-10136.2
879	0.00190397	-11419.8
880	0.00190397	-10675.2
881	0.00190397	-11103.1
882	0.00190397	-11694.8
883	0.00190397	-11070.1
884	0.00190397	-11079.6
885	0.00190397	-10427.9
886	0.00190397	-10595
887	0.00190397	-10525.5
888	0.00190397	-10997.8
889	0.00190397	-12711.6
890	0.00190397	-11638.1
891	0.00190397	-10986.7
892	0.00190397	-11000.2
893	0.00190397	-9775.75
894	0.00190397	-10187.6
895	0.00190397	-10171.6
896	0.00190397	-10768.5
897	0.00190397	-10737.7
898	0.00190397	-10534.9
899	0.00190397	-10878
900	0.00190397	-10487.9
901	0.00190397	-11172.7
902	0.00190397	-11271.7
903	0.00190397	-10409.7
904	0.00190397	-10043.6
905	0.00190397	-10509
906	0.00190397	-9548.46
907	0.00190397	-10474.4
908	0.00190397	-11121
909	0.00190397	-10624.3
910	0.00190397	-9854.7
911	0.00190397	-9520.7
912	0.00190397	-10243.7
913	0.00190397	-10424.9
914	0.00190397	-10426
915	0.00190397	-10295.6
916	0.00190397	-9888.32
917	0.00190397	-10803.5
918	0.00190397	-10018.4
919	0.00190397	-10519.2
920	0.00190397	-10776.3
921	0.00190397	-11094.3
922	0.00190397	-11204.1
923	0.00190397	-9807.76
924	0.00190397	-10081.3
925	0.00190397	-10131.8
926	0.00190397	-11200.2
927	0.00190397	-11428.1
928	0.00190397	-11797.4
929	0.00190397	-10627.8
930	0.00190397	-9769.39
931	0.00190397	-10444.9
932	0.00190397	-10175.2
933	0.00190397	-9856.62
934	0.00190397	-9759.71
935	0.00190397	-9939.69
936	0.00190397	-9597.1
937	0.00190397	-10135.7
938	0.00190397	-10338.3
939	0.00190397	-9949.01
940	0.00190397	-10070.5
941	0.00190397	-9931.14
942	0.00190397	-8875.69
943	0.00190397	-10793.1
944	0.00190397	-10773.8
945	0.00190397	-9892.97
946	0.00190397	-11182.9
947	0.00190397	-10708.9
948	0.00190397	-9709.81
949	0.00190397	-10718.6
950	0.00190397	-10565.1
951	0.00190397	-10021
952	0.00190397	-10314.5
953	0.00190397	-11115.9
954	0.00190397	-10766.9
955	0.00190397	-10084.4
956	0.00190397	-11007.7
957	0.00190397	-10450.9
958	0.00190397	-9743.35
959	0.00190397	-10049.1
960	0.00190397	-11298.1
961	0.00190397	-12452.1
962	0.00190397	-11010.8
963	0.00190397	-11581
964	0.00190397	-9677.31
965	0.00190397	-10301.3
966	0.00190397	-10358.3
967	0.00190397	-12280.1
968	0.00190397	-11639.9
969	0.00190397	-12352
970	0.00190397	-11869.4
971	0.00190397	-10563.7
972	0.00190397	-11952.1
973	0.00190397	-10344.3
974	0.00190397	-10197.4
975	0.00190397	-10131.7
976	0.00190397	-11053.4
977	0.00190397	-10270.1
978	0.00190397	-11299.2
979	0.00190397	-10314.7
980	0.00190397	-10461.7
981	0.00190397	-11189.7
982	0.00190397	-10416.8
983	0.00190397	-10821.8
984	0.00190397	-10737.9
985	0.00190397	-10707.4
986	0.00190397	-10782.5
987	0.00190397	-11108.7
988	0.00190397	-11003.8
989	0.00190397	-10228
990	0.00190397	-11183.7
991	0.00190397	-10120
992	0.00190397	-10601.4
993	0.00190397	-9877.28
994	0.00190397	-11258.7
995	0.00190397	-11358.9
996	0.00190397	-9863.5
997	0.00190397	-10466.7
998	0.00190397	-11074.3
999	0.00190397	-10490.3
1000	0.00190397	-11639.5
