state	power	likelihood
251	0.000209041	-13574
252	0.000209041	-14319.5
253	0.000209041	-11819
254	0.000209041	-11489.8
255	0.000209041	-12325.5
256	0.000209041	-12959.5
257	0.000209041	-12886.2
258	0.000209041	-12399.2
259	0.000209041	-11988.2
260	0.000209041	-12403.7
261	0.000209041	-13065.7
262	0.000209041	-11146.6
263	0.000209041	-12201.5
264	0.000209041	-13122.3
265	0.000209041	-12814.8
266	0.000209041	-13656.6
267	0.000209041	-11160.8
268	0.000209041	-10389.7
269	0.000209041	-10860.4
270	0.000209041	-11032.3
271	0.000209041	-9387.26
272	0.000209041	-10309
273	0.000209041	-10444.6
274	0.000209041	-11209.1
275	0.000209041	-11497.6
276	0.000209041	-12390
277	0.000209041	-12274.2
278	0.000209041	-12959.1
279	0.000209041	-12133.5
280	0.000209041	-12436.4
281	0.000209041	-15546.6
282	0.000209041	-13896.7
283	0.000209041	-10574.2
284	0.000209041	-11634.8
285	0.000209041	-10758.3
286	0.000209041	-10649.3
287	0.000209041	-11922.2
288	0.000209041	-10943.1
289	0.000209041	-11413.3
290	0.000209041	-10577.8
291	0.000209041	-11760.8
292	0.000209041	-12367.2
293	0.000209041	-14066.3
294	0.000209041	-12808.7
295	0.000209041	-14047.6
296	0.000209041	-11407.2
297	0.000209041	-11903.5
298	0.000209041	-11200.2
299	0.000209041	-10630.8
300	0.000209041	-11942.5
301	0.000209041	-11853.2
302	0.000209041	-11873.2
303	0.000209041	-12569.6
304	0.000209041	-11853.3
305	0.000209041	-12281.6
306	0.000209041	-11350.9
307	0.000209041	-12186.1
308	0.000209041	-11022.7
309	0.000209041	-11717.5
310	0.000209041	-12786.5
311	0.000209041	-12128.6
312	0.000209041	-9809.74
313	0.000209041	-9585.28
314	0.000209041	-11175.4
315	0.000209041	-11557.1
316	0.000209041	-10688.9
317	0.000209041	-10666.4
318	0.000209041	-11491
319	0.000209041	-13670.4
320	0.000209041	-13002.9
321	0.000209041	-17471.9
322	0.000209041	-11780.1
323	0.000209041	-10148.6
324	0.000209041	-10613.1
325	0.000209041	-10601
326	0.000209041	-11561.9
327	0.000209041	-10227.4
328	0.000209041	-10170.7
329	0.000209041	-12739.1
330	0.000209041	-13096.1
331	0.000209041	-11259.6
332	0.000209041	-11616.4
333	0.000209041	-13133.6
334	0.000209041	-9830.97
335	0.000209041	-10869.8
336	0.000209041	-11406.3
337	0.000209041	-12295.4
338	0.000209041	-12588.3
339	0.000209041	-11205.4
340	0.000209041	-10797.4
341	0.000209041	-13157
342	0.000209041	-15478
343	0.000209041	-15369.8
344	0.000209041	-12458.9
345	0.000209041	-12306.3
346	0.000209041	-12013.5
347	0.000209041	-11574.4
348	0.000209041	-11863.8
349	0.000209041	-12472.1
350	0.000209041	-10893.2
351	0.000209041	-16947.1
352	0.000209041	-14236.7
353	0.000209041	-11191.5
354	0.000209041	-10583.4
355	0.000209041	-12080.3
356	0.000209041	-11761.2
357	0.000209041	-12244.3
358	0.000209041	-12371.9
359	0.000209041	-13154.9
360	0.000209041	-12457
361	0.000209041	-12605
362	0.000209041	-12879.7
363	0.000209041	-14372.8
364	0.000209041	-12184
365	0.000209041	-12263.2
366	0.000209041	-13983.3
367	0.000209041	-10307.5
368	0.000209041	-12666.1
369	0.000209041	-12966.3
370	0.000209041	-11384.4
371	0.000209041	-11542.9
372	0.000209041	-10905.3
373	0.000209041	-10596.1
374	0.000209041	-10884.7
375	0.000209041	-11652.6
376	0.000209041	-14870.6
377	0.000209041	-12473.1
378	0.000209041	-12918.3
379	0.000209041	-12871.3
380	0.000209041	-11802.4
381	0.000209041	-10694.5
382	0.000209041	-11114.1
383	0.000209041	-11381.7
384	0.000209041	-14437.7
385	0.000209041	-11624.8
386	0.000209041	-12481.2
387	0.000209041	-13135.8
388	0.000209041	-12067.3
389	0.000209041	-11194.8
390	0.000209041	-9970.3
391	0.000209041	-11545.4
392	0.000209041	-11284.6
393	0.000209041	-11671.3
394	0.000209041	-11498.3
395	0.000209041	-12017.7
396	0.000209041	-11684.7
397	0.000209041	-11681.1
398	0.000209041	-10610.8
399	0.000209041	-11506.4
400	0.000209041	-13224.8
401	0.000209041	-10836.5
402	0.000209041	-11035
403	0.000209041	-11228.6
404	0.000209041	-11597.2
405	0.000209041	-13607.2
406	0.000209041	-11137.7
407	0.000209041	-10919.8
408	0.000209041	-12829.4
409	0.000209041	-13027.4
410	0.000209041	-11684.9
411	0.000209041	-10075.9
412	0.000209041	-11924.8
413	0.000209041	-11759.3
414	0.000209041	-10979.2
415	0.000209041	-12794.6
416	0.000209041	-12457.9
417	0.000209041	-10328.1
418	0.000209041	-11890.4
419	0.000209041	-11404.4
420	0.000209041	-12826.2
421	0.000209041	-14437.1
422	0.000209041	-11495.1
423	0.000209041	-10726.2
424	0.000209041	-12027.7
425	0.000209041	-11741.7
426	0.000209041	-11528.6
427	0.000209041	-10655.4
428	0.000209041	-11779.9
429	0.000209041	-11867.5
430	0.000209041	-12810.3
431	0.000209041	-11208
432	0.000209041	-12723.4
433	0.000209041	-11160.6
434	0.000209041	-11978.1
435	0.000209041	-12165.4
436	0.000209041	-12430.3
437	0.000209041	-12667.7
438	0.000209041	-12954.3
439	0.000209041	-12693.1
440	0.000209041	-13268.2
441	0.000209041	-13342.7
442	0.000209041	-13815.9
443	0.000209041	-12801
444	0.000209041	-11012.9
445	0.000209041	-10395.9
446	0.000209041	-11136.1
447	0.000209041	-12155.7
448	0.000209041	-11037.2
449	0.000209041	-12571.2
450	0.000209041	-12099.8
451	0.000209041	-10514.6
452	0.000209041	-10307.8
453	0.000209041	-11258.4
454	0.000209041	-10304.6
455	0.000209041	-10511.1
456	0.000209041	-12883.9
457	0.000209041	-11965.6
458	0.000209041	-11538.5
459	0.000209041	-11401.1
460	0.000209041	-13169.6
461	0.000209041	-13462.5
462	0.000209041	-13220.4
463	0.000209041	-12689.4
464	0.000209041	-10646.7
465	0.000209041	-9713.97
466	0.000209041	-10821.1
467	0.000209041	-10615.6
468	0.000209041	-13681.8
469	0.000209041	-12313.2
470	0.000209041	-13239.3
471	0.000209041	-11805.2
472	0.000209041	-12646
473	0.000209041	-11580.9
474	0.000209041	-11109.5
475	0.000209041	-11608.9
476	0.000209041	-12219.4
477	0.000209041	-13387.2
478	0.000209041	-16065.4
479	0.000209041	-12338.8
480	0.000209041	-16495.4
481	0.000209041	-15056
482	0.000209041	-11491.1
483	0.000209041	-11501.1
484	0.000209041	-12344.2
485	0.000209041	-11470.9
486	0.000209041	-10823
487	0.000209041	-11817.1
488	0.000209041	-14688.9
489	0.000209041	-13908.4
490	0.000209041	-13698.6
491	0.000209041	-13236.5
492	0.000209041	-11546.7
493	0.000209041	-10609.2
494	0.000209041	-10908.5
495	0.000209041	-11162.3
496	0.000209041	-13011.5
497	0.000209041	-11720.4
498	0.000209041	-13259.6
499	0.000209041	-13896.1
500	0.000209041	-11325.8
501	0.000209041	-10488.1
502	0.000209041	-10799.7
503	0.000209041	-11004.8
504	0.000209041	-14382.6
505	0.000209041	-13691.2
506	0.000209041	-11896.2
507	0.000209041	-10291.5
508	0.000209041	-11377.3
509	0.000209041	-11201.2
510	0.000209041	-11756.5
511	0.000209041	-11591
512	0.000209041	-10186.2
513	0.000209041	-10129.4
514	0.000209041	-11456.7
515	0.000209041	-11223.8
516	0.000209041	-10134.8
517	0.000209041	-10779.9
518	0.000209041	-10053.1
519	0.000209041	-12683.5
520	0.000209041	-12282.1
521	0.000209041	-12716.3
522	0.000209041	-16548.9
523	0.000209041	-17074.1
524	0.000209041	-10797.4
525	0.000209041	-11304.3
526	0.000209041	-11231.5
527	0.000209041	-10443.8
528	0.000209041	-11593.8
529	0.000209041	-9985.55
530	0.000209041	-13855.5
531	0.000209041	-10780.6
532	0.000209041	-10874.7
533	0.000209041	-11997.7
534	0.000209041	-12143.7
535	0.000209041	-12402.9
536	0.000209041	-12158.6
537	0.000209041	-11873.4
538	0.000209041	-11687.2
539	0.000209041	-12175.1
540	0.000209041	-11251.6
541	0.000209041	-11110.1
542	0.000209041	-11038.7
543	0.000209041	-10602.1
544	0.000209041	-12261.4
545	0.000209041	-11415.3
546	0.000209041	-11021.5
547	0.000209041	-10188.9
548	0.000209041	-11642.9
549	0.000209041	-12505
550	0.000209041	-11347.1
551	0.000209041	-10492.8
552	0.000209041	-10365.4
553	0.000209041	-10917.1
554	0.000209041	-14032.7
555	0.000209041	-12541.2
556	0.000209041	-12490.9
557	0.000209041	-11470.4
558	0.000209041	-11377.6
559	0.000209041	-11365.6
560	0.000209041	-11855
561	0.000209041	-11779.3
562	0.000209041	-13460.2
563	0.000209041	-12038.4
564	0.000209041	-12635.4
565	0.000209041	-10375.3
566	0.000209041	-10479.9
567	0.000209041	-10198
568	0.000209041	-11856.6
569	0.000209041	-10156.3
570	0.000209041	-10804.5
571	0.000209041	-11332.2
572	0.000209041	-11934.1
573	0.000209041	-9851.99
574	0.000209041	-12239.9
575	0.000209041	-12462.1
576	0.000209041	-11274.5
577	0.000209041	-12177.9
578	0.000209041	-14505.3
579	0.000209041	-14928.8
580	0.000209041	-12991.3
581	0.000209041	-12916
582	0.000209041	-11964.9
583	0.000209041	-10060.1
584	0.000209041	-9302.93
585	0.000209041	-11653.5
586	0.000209041	-13084.2
587	0.000209041	-15595.7
588	0.000209041	-16407.2
589	0.000209041	-13199.4
590	0.000209041	-11657.8
591	0.000209041	-13199.2
592	0.000209041	-13883
593	0.000209041	-11170.8
594	0.000209041	-12188.1
595	0.000209041	-12427.7
596	0.000209041	-12820.8
597	0.000209041	-13294.5
598	0.000209041	-11086.6
599	0.000209041	-10685.3
600	0.000209041	-11008.9
601	0.000209041	-11656.2
602	0.000209041	-11248.5
603	0.000209041	-11528
604	0.000209041	-11535.3
605	0.000209041	-11407.3
606	0.000209041	-10301.7
607	0.000209041	-10062.2
608	0.000209041	-12366
609	0.000209041	-13085
610	0.000209041	-14802
611	0.000209041	-11410.1
612	0.000209041	-10034.5
613	0.000209041	-11922.8
614	0.000209041	-12744.1
615	0.000209041	-9964.03
616	0.000209041	-9848.41
617	0.000209041	-11097.2
618	0.000209041	-10264.8
619	0.000209041	-11452.7
620	0.000209041	-12407.3
621	0.000209041	-12634.4
622	0.000209041	-11755.9
623	0.000209041	-10567.2
624	0.000209041	-10723
625	0.000209041	-10849.8
626	0.000209041	-12010.6
627	0.000209041	-12057.1
628	0.000209041	-12336.1
629	0.000209041	-12516.6
630	0.000209041	-11882
631	0.000209041	-11945.2
632	0.000209041	-15119
633	0.000209041	-14363.6
634	0.000209041	-11933.1
635	0.000209041	-13768.6
636	0.000209041	-14005.9
637	0.000209041	-13287.3
638	0.000209041	-11592
639	0.000209041	-12591.4
640	0.000209041	-11183.8
641	0.000209041	-14357.2
642	0.000209041	-12601.4
643	0.000209041	-12983
644	0.000209041	-11797.2
645	0.000209041	-14551.1
646	0.000209041	-11414.3
647	0.000209041	-11432.5
648	0.000209041	-11683.9
649	0.000209041	-11841
650	0.000209041	-11500.7
651	0.000209041	-13299.1
652	0.000209041	-11097.5
653	0.000209041	-10908.7
654	0.000209041	-10743.8
655	0.000209041	-10243.5
656	0.000209041	-15941.8
657	0.000209041	-14129.9
658	0.000209041	-14345.4
659	0.000209041	-11059.8
660	0.000209041	-12367.3
661	0.000209041	-11804.4
662	0.000209041	-14599.4
663	0.000209041	-12430.8
664	0.000209041	-11315.8
665	0.000209041	-11751.6
666	0.000209041	-12182.8
667	0.000209041	-10921.3
668	0.000209041	-11033
669	0.000209041	-11661.3
670	0.000209041	-12165.9
671	0.000209041	-15027.8
672	0.000209041	-15230.5
673	0.000209041	-14092.2
674	0.000209041	-12323.1
675	0.000209041	-13495
676	0.000209041	-11911.4
677	0.000209041	-10857.4
678	0.000209041	-11022.9
679	0.000209041	-11485.8
680	0.000209041	-11969.7
681	0.000209041	-11842.5
682	0.000209041	-10218.8
683	0.000209041	-12541.3
684	0.000209041	-14595
685	0.000209041	-15325.5
686	0.000209041	-11556.8
687	0.000209041	-12922
688	0.000209041	-11286.1
689	0.000209041	-12114.5
690	0.000209041	-12590.4
691	0.000209041	-12880.4
692	0.000209041	-11884.4
693	0.000209041	-10958.5
694	0.000209041	-10342.2
695	0.000209041	-10779.1
696	0.000209041	-13122
697	0.000209041	-12077.5
698	0.000209041	-10113.3
699	0.000209041	-13450.3
700	0.000209041	-11367
701	0.000209041	-12748
702	0.000209041	-15232.2
703	0.000209041	-15622.6
704	0.000209041	-12711.1
705	0.000209041	-12091.4
706	0.000209041	-12843
707	0.000209041	-11972.8
708	0.000209041	-13600.7
709	0.000209041	-11258
710	0.000209041	-11034.3
711	0.000209041	-11253.9
712	0.000209041	-12438.3
713	0.000209041	-12092.1
714	0.000209041	-12541.2
715	0.000209041	-10848.9
716	0.000209041	-10876.2
717	0.000209041	-11761.3
718	0.000209041	-12947
719	0.000209041	-12751.1
720	0.000209041	-12555.2
721	0.000209041	-9790.53
722	0.000209041	-10415.8
723	0.000209041	-11693.2
724	0.000209041	-12099.8
725	0.000209041	-10040.2
726	0.000209041	-12104.7
727	0.000209041	-12782.5
728	0.000209041	-11133.2
729	0.000209041	-11724.4
730	0.000209041	-11278.7
731	0.000209041	-13701.4
732	0.000209041	-12810.6
733	0.000209041	-11976.1
734	0.000209041	-14729.7
735	0.000209041	-12442.8
736	0.000209041	-11786.3
737	0.000209041	-12996.2
738	0.000209041	-10729.5
739	0.000209041	-15098.7
740	0.000209041	-15161.4
741	0.000209041	-12720.7
742	0.000209041	-13126.3
743	0.000209041	-11974.5
744	0.000209041	-11954.9
745	0.000209041	-13506.7
746	0.000209041	-14600.3
747	0.000209041	-12003.1
748	0.000209041	-13174.9
749	0.000209041	-11224.8
750	0.000209041	-12118.9
751	0.000209041	-11939.6
752	0.000209041	-11299.3
753	0.000209041	-10774
754	0.000209041	-13833.6
755	0.000209041	-17537.3
756	0.000209041	-14319.7
757	0.000209041	-13057.1
758	0.000209041	-11086.7
759	0.000209041	-13773.2
760	0.000209041	-11973.4
761	0.000209041	-11505.5
762	0.000209041	-11513.4
763	0.000209041	-10665.2
764	0.000209041	-11507.1
765	0.000209041	-11923.7
766	0.000209041	-11772
767	0.000209041	-12357.5
768	0.000209041	-12492.9
769	0.000209041	-12516.2
770	0.000209041	-11578.4
771	0.000209041	-12692.2
772	0.000209041	-13929.9
773	0.000209041	-11957.6
774	0.000209041	-14554.7
775	0.000209041	-13858.4
776	0.000209041	-12647.3
777	0.000209041	-13737.4
778	0.000209041	-12045.2
779	0.000209041	-10078.1
780	0.000209041	-13474.1
781	0.000209041	-12433.2
782	0.000209041	-11589.8
783	0.000209041	-11968.2
784	0.000209041	-10826.5
785	0.000209041	-11343.5
786	0.000209041	-12067.2
787	0.000209041	-11914.3
788	0.000209041	-12111.8
789	0.000209041	-13975.4
790	0.000209041	-10325.1
791	0.000209041	-11416.5
792	0.000209041	-11871.6
793	0.000209041	-12196
794	0.000209041	-11511
795	0.000209041	-12382.4
796	0.000209041	-11759
797	0.000209041	-11511.7
798	0.000209041	-16617.2
799	0.000209041	-14268.6
800	0.000209041	-14418.1
801	0.000209041	-17034.9
802	0.000209041	-11336.2
803	0.000209041	-11013
804	0.000209041	-11277.8
805	0.000209041	-10511.7
806	0.000209041	-10974.8
807	0.000209041	-10618.7
808	0.000209041	-10884.7
809	0.000209041	-11613.5
810	0.000209041	-10687.6
811	0.000209041	-12310.6
812	0.000209041	-11216
813	0.000209041	-10894.5
814	0.000209041	-14039.8
815	0.000209041	-13766.1
816	0.000209041	-11083.4
817	0.000209041	-11297.7
818	0.000209041	-13713.8
819	0.000209041	-11650
820	0.000209041	-10960.1
821	0.000209041	-11350.8
822	0.000209041	-11245.7
823	0.000209041	-10991.8
824	0.000209041	-11250.8
825	0.000209041	-11981.6
826	0.000209041	-12839.3
827	0.000209041	-11786.6
828	0.000209041	-11297.6
829	0.000209041	-10192.1
830	0.000209041	-11219.1
831	0.000209041	-10964.8
832	0.000209041	-11337.2
833	0.000209041	-11650.1
834	0.000209041	-12009.2
835	0.000209041	-12046.8
836	0.000209041	-11422.5
837	0.000209041	-11850.2
838	0.000209041	-10817.8
839	0.000209041	-11698.9
840	0.000209041	-12489.8
841	0.000209041	-13096.9
842	0.000209041	-14181.4
843	0.000209041	-12317.6
844	0.000209041	-12450
845	0.000209041	-11930.2
846	0.000209041	-12244.4
847	0.000209041	-11405.7
848	0.000209041	-11268.5
849	0.000209041	-12877.3
850	0.000209041	-12413.7
851	0.000209041	-12470.2
852	0.000209041	-11268.8
853	0.000209041	-11237.4
854	0.000209041	-10569.7
855	0.000209041	-11543
856	0.000209041	-11917.8
857	0.000209041	-10982.6
858	0.000209041	-10863.7
859	0.000209041	-10770
860	0.000209041	-12138.6
861	0.000209041	-11423.1
862	0.000209041	-12029.1
863	0.000209041	-14487.3
864	0.000209041	-11834.1
865	0.000209041	-10158.2
866	0.000209041	-10665.2
867	0.000209041	-12170
868	0.000209041	-11749.2
869	0.000209041	-12236.2
870	0.000209041	-14093.3
871	0.000209041	-11200.6
872	0.000209041	-11669.9
873	0.000209041	-17063.8
874	0.000209041	-11506.5
875	0.000209041	-11704.1
876	0.000209041	-12271.1
877	0.000209041	-12356.2
878	0.000209041	-15943.9
879	0.000209041	-15088.2
880	0.000209041	-12074.5
881	0.000209041	-12191.4
882	0.000209041	-11093.2
883	0.000209041	-12253.3
884	0.000209041	-13752.3
885	0.000209041	-10297.3
886	0.000209041	-10997.2
887	0.000209041	-10167.2
888	0.000209041	-10525.5
889	0.000209041	-10643.8
890	0.000209041	-10161.2
891	0.000209041	-10229.3
892	0.000209041	-12510.4
893	0.000209041	-16389.7
894	0.000209041	-15684.3
895	0.000209041	-14624.4
896	0.000209041	-11871.2
897	0.000209041	-14624
898	0.000209041	-13911.5
899	0.000209041	-13796.8
900	0.000209041	-10743.3
901	0.000209041	-10845.5
902	0.000209041	-11357
903	0.000209041	-10806.5
904	0.000209041	-13277
905	0.000209041	-13701.9
906	0.000209041	-12491
907	0.000209041	-11943.5
908	0.000209041	-10716.1
909	0.000209041	-10496.5
910	0.000209041	-10576.7
911	0.000209041	-12612.3
912	0.000209041	-13419.9
913	0.000209041	-10915.4
914	0.000209041	-9906.9
915	0.000209041	-10377
916	0.000209041	-11080.9
917	0.000209041	-10636.3
918	0.000209041	-12622
919	0.000209041	-12532.3
920	0.000209041	-11229.9
921	0.000209041	-10082.2
922	0.000209041	-10904
923	0.000209041	-11900.9
924	0.000209041	-11464.4
925	0.000209041	-11156.7
926	0.000209041	-11286.2
927	0.000209041	-11245.4
928	0.000209041	-14510.6
929	0.000209041	-14676.2
930	0.000209041	-17225.8
931	0.000209041	-11392.6
932	0.000209041	-11809.8
933	0.000209041	-12242.2
934	0.000209041	-10675.1
935	0.000209041	-10724.4
936	0.000209041	-10876.1
937	0.000209041	-12041.2
938	0.000209041	-11966.4
939	0.000209041	-11614.7
940	0.000209041	-11444.3
941	0.000209041	-11812.2
942	0.000209041	-12972
943	0.000209041	-11413.2
944	0.000209041	-12679.4
945	0.000209041	-11827.6
946	0.000209041	-13027.6
947	0.000209041	-13665.2
948	0.000209041	-11764.6
949	0.000209041	-10371.9
950	0.000209041	-9745.58
951	0.000209041	-12408.6
952	0.000209041	-11461.3
953	0.000209041	-11535
954	0.000209041	-10801.3
955	0.000209041	-13218.6
956	0.000209041	-13263.7
957	0.000209041	-11832.2
958	0.000209041	-10342.4
959	0.000209041	-10962.5
960	0.000209041	-9694.07
961	0.000209041	-9874.23
962	0.000209041	-11552.8
963	0.000209041	-10221.2
964	0.000209041	-11789.4
965	0.000209041	-12526
966	0.000209041	-12738
967	0.000209041	-14394.6
968	0.000209041	-14284.5
969	0.000209041	-10987.3
970	0.000209041	-11138
971	0.000209041	-10515
972	0.000209041	-11169.3
973	0.000209041	-13142.7
974	0.000209041	-12805.2
975	0.000209041	-10990.4
976	0.000209041	-12964.1
977	0.000209041	-13786.7
978	0.000209041	-13590.1
979	0.000209041	-11702.3
980	0.000209041	-10949.9
981	0.000209041	-12002.3
982	0.000209041	-10388.5
983	0.000209041	-10909.3
984	0.000209041	-11699.9
985	0.000209041	-10845
986	0.000209041	-15232.8
987	0.000209041	-12586.8
988	0.000209041	-12312.2
989	0.000209041	-11218.3
990	0.000209041	-10770.9
991	0.000209041	-13233.2
992	0.000209041	-12323.7
993	0.000209041	-12599.7
994	0.000209041	-14328.8
995	0.000209041	-14788.8
996	0.000209041	-14599.2
997	0.000209041	-12849.4
998	0.000209041	-10156.5
999	0.000209041	-10584.3
1000	0.000209041	-10938.9
