state	power	likelihood
251	0.0227855	-8749.56
252	0.0227855	-8675.08
253	0.0227855	-9117.33
254	0.0227855	-8724.2
255	0.0227855	-8954.47
256	0.0227855	-8922.6
257	0.0227855	-8852.9
258	0.0227855	-8809.22
259	0.0227855	-8625.97
260	0.0227855	-8451.48
261	0.0227855	-8756.42
262	0.0227855	-8475.3
263	0.0227855	-8674.39
264	0.0227855	-8846.95
265	0.0227855	-8901.83
266	0.0227855	-8994.33
267	0.0227855	-9118.14
268	0.0227855	-8894.69
269	0.0227855	-8856.3
270	0.0227855	-9115.65
271	0.0227855	-9092.71
272	0.0227855	-8821.18
273	0.0227855	-8540.82
274	0.0227855	-8615.21
275	0.0227855	-8674.54
276	0.0227855	-8619.36
277	0.0227855	-8822.87
278	0.0227855	-8560.27
279	0.0227855	-8923.3
280	0.0227855	-8896.93
281	0.0227855	-8934.51
282	0.0227855	-8829.96
283	0.0227855	-8721.62
284	0.0227855	-8631.94
285	0.0227855	-8511.2
286	0.0227855	-8531.91
287	0.0227855	-8763.43
288	0.0227855	-8523.76
289	0.0227855	-8561.99
290	0.0227855	-8553.17
291	0.0227855	-8661.24
292	0.0227855	-8538.7
293	0.0227855	-8735.35
294	0.0227855	-8762.24
295	0.0227855	-8539.95
296	0.0227855	-8627.31
297	0.0227855	-8722.87
298	0.0227855	-8530.62
299	0.0227855	-8554.03
300	0.0227855	-8730.73
301	0.0227855	-8612.57
302	0.0227855	-8874.23
303	0.0227855	-8940.53
304	0.0227855	-8739.74
305	0.0227855	-8679.36
306	0.0227855	-8773.5
307	0.0227855	-8877.99
308	0.0227855	-8521
309	0.0227855	-8842.06
310	0.0227855	-8637.29
311	0.0227855	-8634.9
312	0.0227855	-8744.06
313	0.0227855	-8780.69
314	0.0227855	-8763.47
315	0.0227855	-8590.42
316	0.0227855	-8677.74
317	0.0227855	-8574.15
318	0.0227855	-8619.76
319	0.0227855	-8809.1
320	0.0227855	-8766.57
321	0.0227855	-8698.09
322	0.0227855	-8670.76
323	0.0227855	-8655.91
324	0.0227855	-8842.68
325	0.0227855	-9010.32
326	0.0227855	-8676.27
327	0.0227855	-8513.66
328	0.0227855	-8529.66
329	0.0227855	-8452.06
330	0.0227855	-8543.22
331	0.0227855	-8629.53
332	0.0227855	-8473.57
333	0.0227855	-8492.45
334	0.0227855	-8449.65
335	0.0227855	-8533.48
336	0.0227855	-8668.95
337	0.0227855	-8653.46
338	0.0227855	-8567.48
339	0.0227855	-8802.29
340	0.0227855	-8639.12
341	0.0227855	-8536.26
342	0.0227855	-8559.56
343	0.0227855	-8692.43
344	0.0227855	-8684.57
345	0.0227855	-8559.33
346	0.0227855	-8620.44
347	0.0227855	-8672.02
348	0.0227855	-8578.63
349	0.0227855	-8596.15
350	0.0227855	-8801.45
351	0.0227855	-8754.5
352	0.0227855	-8863.99
353	0.0227855	-8847.8
354	0.0227855	-8669.76
355	0.0227855	-8662.49
356	0.0227855	-8583.36
357	0.0227855	-8617.2
358	0.0227855	-8681.02
359	0.0227855	-8706.48
360	0.0227855	-8848.56
361	0.0227855	-8539.87
362	0.0227855	-8626.09
363	0.0227855	-8542.48
364	0.0227855	-8536.07
365	0.0227855	-8700.88
366	0.0227855	-8745.58
367	0.0227855	-8728.44
368	0.0227855	-8859.5
369	0.0227855	-8507.21
370	0.0227855	-8684.07
371	0.0227855	-8653.88
372	0.0227855	-8721.81
373	0.0227855	-8608.13
374	0.0227855	-8658.3
375	0.0227855	-8652.83
376	0.0227855	-8721.14
377	0.0227855	-8824.92
378	0.0227855	-8540.99
379	0.0227855	-8985.26
380	0.0227855	-8841.56
381	0.0227855	-8980.81
382	0.0227855	-8809.44
383	0.0227855	-8726.68
384	0.0227855	-8689.08
385	0.0227855	-8903.27
386	0.0227855	-8817.1
387	0.0227855	-8873.05
388	0.0227855	-8598.81
389	0.0227855	-8492.64
390	0.0227855	-8438.84
391	0.0227855	-8703.46
392	0.0227855	-8779.29
393	0.0227855	-8774.24
394	0.0227855	-8617.99
395	0.0227855	-8469.01
396	0.0227855	-8643.99
397	0.0227855	-8656.92
398	0.0227855	-8887.56
399	0.0227855	-8705.12
400	0.0227855	-8720.19
401	0.0227855	-9145.53
402	0.0227855	-8663.04
403	0.0227855	-8608.86
404	0.0227855	-8735.4
405	0.0227855	-8518.23
406	0.0227855	-8986.07
407	0.0227855	-8891.62
408	0.0227855	-8601.19
409	0.0227855	-8475.87
410	0.0227855	-8693.84
411	0.0227855	-8676.81
412	0.0227855	-8566.28
413	0.0227855	-8595.39
414	0.0227855	-8514.29
415	0.0227855	-8589.97
416	0.0227855	-8582.34
417	0.0227855	-8814.17
418	0.0227855	-8707.02
419	0.0227855	-8772.57
420	0.0227855	-8592.44
421	0.0227855	-8430.87
422	0.0227855	-8718.54
423	0.0227855	-8739.63
424	0.0227855	-8562.21
425	0.0227855	-8733.79
426	0.0227855	-8640.62
427	0.0227855	-8740.13
428	0.0227855	-8499.65
429	0.0227855	-8809.22
430	0.0227855	-8695.57
431	0.0227855	-8983.84
432	0.0227855	-8839.94
433	0.0227855	-8486.55
434	0.0227855	-8478.38
435	0.0227855	-8648.74
436	0.0227855	-8625.09
437	0.0227855	-8523.03
438	0.0227855	-8714.18
439	0.0227855	-8675.63
440	0.0227855	-8866.02
441	0.0227855	-8811.7
442	0.0227855	-8961.71
443	0.0227855	-8758.18
444	0.0227855	-8799.36
445	0.0227855	-8681.9
446	0.0227855	-8482.94
447	0.0227855	-8605.82
448	0.0227855	-8633.04
449	0.0227855	-8637
450	0.0227855	-8664.31
451	0.0227855	-8815.36
452	0.0227855	-8772.62
453	0.0227855	-8527.07
454	0.0227855	-8582.28
455	0.0227855	-8900.93
456	0.0227855	-8711.86
457	0.0227855	-8587.08
458	0.0227855	-8446.68
459	0.0227855	-8495.08
460	0.0227855	-8335.04
461	0.0227855	-8516.98
462	0.0227855	-8454.04
463	0.0227855	-8687.96
464	0.0227855	-8825.14
465	0.0227855	-8871.73
466	0.0227855	-8755.66
467	0.0227855	-8490.04
468	0.0227855	-8681.16
469	0.0227855	-8639.48
470	0.0227855	-8553.22
471	0.0227855	-8416.52
472	0.0227855	-8584.21
473	0.0227855	-8593.24
474	0.0227855	-8600.96
475	0.0227855	-8624.87
476	0.0227855	-8582.54
477	0.0227855	-8615.23
478	0.0227855	-8516.46
479	0.0227855	-8621.34
480	0.0227855	-8646.1
481	0.0227855	-8735.44
482	0.0227855	-8749.66
483	0.0227855	-8626.97
484	0.0227855	-8646.69
485	0.0227855	-8568.39
486	0.0227855	-8557.68
487	0.0227855	-8499.77
488	0.0227855	-8646.42
489	0.0227855	-8500.17
490	0.0227855	-8522.8
491	0.0227855	-8712.51
492	0.0227855	-8640.58
493	0.0227855	-8602.81
494	0.0227855	-8568.98
495	0.0227855	-8725.34
496	0.0227855	-8641.25
497	0.0227855	-8902.03
498	0.0227855	-8571.77
499	0.0227855	-8435.08
500	0.0227855	-8649.78
501	0.0227855	-8597.26
502	0.0227855	-8682.17
503	0.0227855	-8619.89
504	0.0227855	-8694.66
505	0.0227855	-8632.51
506	0.0227855	-8855.65
507	0.0227855	-8811.65
508	0.0227855	-8841.94
509	0.0227855	-8599.64
510	0.0227855	-8731.81
511	0.0227855	-8489.22
512	0.0227855	-8465.94
513	0.0227855	-8490.56
514	0.0227855	-8431.15
515	0.0227855	-8643.27
516	0.0227855	-8746.66
517	0.0227855	-8697.99
518	0.0227855	-8660.6
519	0.0227855	-8863.45
520	0.0227855	-8882.2
521	0.0227855	-8642.12
522	0.0227855	-8826.55
523	0.0227855	-8657.4
524	0.0227855	-8696.12
525	0.0227855	-8570.85
526	0.0227855	-8611.24
527	0.0227855	-8593.37
528	0.0227855	-8622.17
529	0.0227855	-8733.3
530	0.0227855	-8533.94
531	0.0227855	-8552.97
532	0.0227855	-8532.95
533	0.0227855	-8509.12
534	0.0227855	-8543.13
535	0.0227855	-8711.26
536	0.0227855	-8769.49
537	0.0227855	-8801.72
538	0.0227855	-8831.47
539	0.0227855	-8491.02
540	0.0227855	-8554.51
541	0.0227855	-8526.13
542	0.0227855	-8490.29
543	0.0227855	-8369.95
544	0.0227855	-8791.07
545	0.0227855	-8689.46
546	0.0227855	-8833.45
547	0.0227855	-8701.02
548	0.0227855	-8486.92
549	0.0227855	-8539.85
550	0.0227855	-8467.77
551	0.0227855	-8697.71
552	0.0227855	-8763.83
553	0.0227855	-8587.73
554	0.0227855	-8720.44
555	0.0227855	-8907.25
556	0.0227855	-8791.04
557	0.0227855	-8541.01
558	0.0227855	-8759.54
559	0.0227855	-8472.07
560	0.0227855	-8590.82
561	0.0227855	-8635.5
562	0.0227855	-8700.51
563	0.0227855	-8714.45
564	0.0227855	-8708.36
565	0.0227855	-8704.75
566	0.0227855	-8762.09
567	0.0227855	-8414.9
568	0.0227855	-8592.88
569	0.0227855	-8648.89
570	0.0227855	-8387.52
571	0.0227855	-8710.29
572	0.0227855	-8692.18
573	0.0227855	-8437.43
574	0.0227855	-8722.65
575	0.0227855	-8616.96
576	0.0227855	-8549.79
577	0.0227855	-8497.31
578	0.0227855	-8547.45
579	0.0227855	-8512.81
580	0.0227855	-8567.02
581	0.0227855	-8671.24
582	0.0227855	-8521.36
583	0.0227855	-8518.02
584	0.0227855	-8681.43
585	0.0227855	-8622.86
586	0.0227855	-8799.92
587	0.0227855	-8834.29
588	0.0227855	-8792.92
589	0.0227855	-8783.79
590	0.0227855	-8705.9
591	0.0227855	-8520.65
592	0.0227855	-8736.43
593	0.0227855	-8767.36
594	0.0227855	-8605.84
595	0.0227855	-8777.71
596	0.0227855	-8698.46
597	0.0227855	-8699.76
598	0.0227855	-8430.37
599	0.0227855	-8524.14
600	0.0227855	-8609.56
601	0.0227855	-8673.98
602	0.0227855	-8716.58
603	0.0227855	-8742.15
604	0.0227855	-8706.99
605	0.0227855	-8741.25
606	0.0227855	-8600.95
607	0.0227855	-8858.99
608	0.0227855	-8765.73
609	0.0227855	-8649.24
610	0.0227855	-8529.7
611	0.0227855	-8718.8
612	0.0227855	-8751.13
613	0.0227855	-8757.33
614	0.0227855	-8793.57
615	0.0227855	-8864.73
616	0.0227855	-9106.56
617	0.0227855	-9008.05
618	0.0227855	-8994.43
619	0.0227855	-8794.42
620	0.0227855	-8847.33
621	0.0227855	-8680.6
622	0.0227855	-8707.88
623	0.0227855	-9011.83
624	0.0227855	-8608.14
625	0.0227855	-8572.78
626	0.0227855	-8423.95
627	0.0227855	-8608.87
628	0.0227855	-8523.38
629	0.0227855	-8411.17
630	0.0227855	-8883.11
631	0.0227855	-8689.01
632	0.0227855	-8630.73
633	0.0227855	-8841.05
634	0.0227855	-8554.79
635	0.0227855	-8467.49
636	0.0227855	-8424.11
637	0.0227855	-8433.09
638	0.0227855	-8513.24
639	0.0227855	-8570.57
640	0.0227855	-8552.12
641	0.0227855	-8336.95
642	0.0227855	-8471.32
643	0.0227855	-8635.5
644	0.0227855	-8585.25
645	0.0227855	-8733.09
646	0.0227855	-8624.45
647	0.0227855	-8471.24
648	0.0227855	-8411.1
649	0.0227855	-8589.6
650	0.0227855	-8623.81
651	0.0227855	-8639.6
652	0.0227855	-8558.93
653	0.0227855	-8363.85
654	0.0227855	-8652.07
655	0.0227855	-8601.43
656	0.0227855	-8473.98
657	0.0227855	-8679.63
658	0.0227855	-8655.67
659	0.0227855	-8733.98
660	0.0227855	-8840.97
661	0.0227855	-8864.15
662	0.0227855	-9036.03
663	0.0227855	-9061.95
664	0.0227855	-8847.37
665	0.0227855	-8637.4
666	0.0227855	-8657.9
667	0.0227855	-8630.7
668	0.0227855	-8754.59
669	0.0227855	-8836.53
670	0.0227855	-8902.64
671	0.0227855	-8873.7
672	0.0227855	-8890.07
673	0.0227855	-8909.29
674	0.0227855	-9280.87
675	0.0227855	-9067.31
676	0.0227855	-8813.85
677	0.0227855	-8920.05
678	0.0227855	-8751.68
679	0.0227855	-8962.85
680	0.0227855	-8626.76
681	0.0227855	-8662.65
682	0.0227855	-8873.59
683	0.0227855	-8759.67
684	0.0227855	-8762.5
685	0.0227855	-8700.15
686	0.0227855	-8498.33
687	0.0227855	-8550.3
688	0.0227855	-8551.01
689	0.0227855	-8649.35
690	0.0227855	-8760.03
691	0.0227855	-8623.57
692	0.0227855	-8481.11
693	0.0227855	-8658.48
694	0.0227855	-8960.37
695	0.0227855	-9129.08
696	0.0227855	-8772.1
697	0.0227855	-8651.4
698	0.0227855	-8699.88
699	0.0227855	-8697.74
700	0.0227855	-8520.41
701	0.0227855	-8634.67
702	0.0227855	-8794.27
703	0.0227855	-8646.97
704	0.0227855	-8545.47
705	0.0227855	-8981.54
706	0.0227855	-8846.06
707	0.0227855	-9036.66
708	0.0227855	-9089.91
709	0.0227855	-8816.79
710	0.0227855	-8544.9
711	0.0227855	-8666.2
712	0.0227855	-8596.16
713	0.0227855	-8652.15
714	0.0227855	-8525.56
715	0.0227855	-8803.48
716	0.0227855	-8564.87
717	0.0227855	-8665.98
718	0.0227855	-8778.93
719	0.0227855	-8632.74
720	0.0227855	-8846.94
721	0.0227855	-8840.35
722	0.0227855	-8650.08
723	0.0227855	-8629.48
724	0.0227855	-9053.17
725	0.0227855	-8925.06
726	0.0227855	-8585.04
727	0.0227855	-8542.32
728	0.0227855	-8727.8
729	0.0227855	-8735.79
730	0.0227855	-8516.93
731	0.0227855	-8486.47
732	0.0227855	-8633.89
733	0.0227855	-8713.85
734	0.0227855	-8673.07
735	0.0227855	-8628.74
736	0.0227855	-8811.9
737	0.0227855	-8846.07
738	0.0227855	-8813.68
739	0.0227855	-8862.6
740	0.0227855	-8581.58
741	0.0227855	-8488.12
742	0.0227855	-8499.59
743	0.0227855	-8445.87
744	0.0227855	-8474.23
745	0.0227855	-8650.8
746	0.0227855	-8453.18
747	0.0227855	-8608.06
748	0.0227855	-8522.93
749	0.0227855	-8343.56
750	0.0227855	-8699.29
751	0.0227855	-8545.13
752	0.0227855	-8443.88
753	0.0227855	-8600.33
754	0.0227855	-8567.61
755	0.0227855	-8422.4
756	0.0227855	-8610.57
757	0.0227855	-8620.24
758	0.0227855	-8546.92
759	0.0227855	-8613.42
760	0.0227855	-8688.24
761	0.0227855	-8508.5
762	0.0227855	-8619.77
763	0.0227855	-8542.24
764	0.0227855	-8685.91
765	0.0227855	-8748.54
766	0.0227855	-8444.47
767	0.0227855	-8571.84
768	0.0227855	-8732.66
769	0.0227855	-8680.84
770	0.0227855	-8504.48
771	0.0227855	-8435.06
772	0.0227855	-8450.42
773	0.0227855	-8599.61
774	0.0227855	-8536.8
775	0.0227855	-8614.49
776	0.0227855	-8464.7
777	0.0227855	-8544.01
778	0.0227855	-8494.06
779	0.0227855	-8590.63
780	0.0227855	-8578.77
781	0.0227855	-8450.9
782	0.0227855	-8545.34
783	0.0227855	-8729.96
784	0.0227855	-8766.95
785	0.0227855	-8656.7
786	0.0227855	-8866.45
787	0.0227855	-8572.28
788	0.0227855	-8765.04
789	0.0227855	-8630.65
790	0.0227855	-8643.54
791	0.0227855	-8548.76
792	0.0227855	-8677.45
793	0.0227855	-8848.06
794	0.0227855	-8928.05
795	0.0227855	-8643.76
796	0.0227855	-8539.1
797	0.0227855	-9040.96
798	0.0227855	-8825.03
799	0.0227855	-8722.83
800	0.0227855	-8689.59
801	0.0227855	-8653.93
802	0.0227855	-8644.77
803	0.0227855	-8493.34
804	0.0227855	-8344.59
805	0.0227855	-8396.09
806	0.0227855	-8380.79
807	0.0227855	-8454.07
808	0.0227855	-8471.89
809	0.0227855	-8591.27
810	0.0227855	-8759.5
811	0.0227855	-8645.84
812	0.0227855	-8817.81
813	0.0227855	-8575.86
814	0.0227855	-8771.79
815	0.0227855	-8650.75
816	0.0227855	-8419.62
817	0.0227855	-8703.88
818	0.0227855	-8546.39
819	0.0227855	-8785.11
820	0.0227855	-8799.39
821	0.0227855	-8692.33
822	0.0227855	-8760.21
823	0.0227855	-8691.43
824	0.0227855	-8529.13
825	0.0227855	-8524.27
826	0.0227855	-8598.54
827	0.0227855	-8592.2
828	0.0227855	-8697.17
829	0.0227855	-8521.25
830	0.0227855	-8885.56
831	0.0227855	-8735.66
832	0.0227855	-8714.47
833	0.0227855	-8614.76
834	0.0227855	-8721.74
835	0.0227855	-8674.34
836	0.0227855	-8675.38
837	0.0227855	-8540.82
838	0.0227855	-8585.46
839	0.0227855	-8550.71
840	0.0227855	-8520.31
841	0.0227855	-8611.49
842	0.0227855	-8592.83
843	0.0227855	-8549.92
844	0.0227855	-8746.27
845	0.0227855	-8816.7
846	0.0227855	-8700
847	0.0227855	-8577.55
848	0.0227855	-8629.83
849	0.0227855	-8785.84
850	0.0227855	-9015.97
851	0.0227855	-8887.51
852	0.0227855	-8865.75
853	0.0227855	-8718.33
854	0.0227855	-8642.16
855	0.0227855	-8670.36
856	0.0227855	-8701.2
857	0.0227855	-8977.95
858	0.0227855	-8872.7
859	0.0227855	-8766.62
860	0.0227855	-8666.23
861	0.0227855	-8746.93
862	0.0227855	-8582.31
863	0.0227855	-8783.36
864	0.0227855	-8744.19
865	0.0227855	-8547.55
866	0.0227855	-8516.43
867	0.0227855	-8547.26
868	0.0227855	-8677.38
869	0.0227855	-8714.3
870	0.0227855	-8700.85
871	0.0227855	-8748.87
872	0.0227855	-8641.57
873	0.0227855	-8619.04
874	0.0227855	-8457.51
875	0.0227855	-8611
876	0.0227855	-8557.2
877	0.0227855	-8888.44
878	0.0227855	-8814.33
879	0.0227855	-8658.32
880	0.0227855	-8545.49
881	0.0227855	-8582.27
882	0.0227855	-8357.26
883	0.0227855	-8484.06
884	0.0227855	-8558.61
885	0.0227855	-8416.54
886	0.0227855	-8520.15
887	0.0227855	-8701.69
888	0.0227855	-8544.63
889	0.0227855	-8530.07
890	0.0227855	-8580.52
891	0.0227855	-8826.39
892	0.0227855	-8669.89
893	0.0227855	-8443.47
894	0.0227855	-8583.67
895	0.0227855	-8778.55
896	0.0227855	-8756.18
897	0.0227855	-8606.17
898	0.0227855	-8600.82
899	0.0227855	-8783.19
900	0.0227855	-8489.61
901	0.0227855	-8614.18
902	0.0227855	-8666.37
903	0.0227855	-8659.94
904	0.0227855	-8486.46
905	0.0227855	-8614.29
906	0.0227855	-8572.24
907	0.0227855	-8667.04
908	0.0227855	-8809.25
909	0.0227855	-8631.96
910	0.0227855	-8694.5
911	0.0227855	-8585.96
912	0.0227855	-8613.24
913	0.0227855	-8486.07
914	0.0227855	-8526.12
915	0.0227855	-8594.91
916	0.0227855	-8565.52
917	0.0227855	-8626.28
918	0.0227855	-8747.89
919	0.0227855	-8739.68
920	0.0227855	-8690.81
921	0.0227855	-8454.29
922	0.0227855	-8608.36
923	0.0227855	-8572.87
924	0.0227855	-8523.68
925	0.0227855	-8862.13
926	0.0227855	-8500.96
927	0.0227855	-8435.27
928	0.0227855	-8560.16
929	0.0227855	-8545.29
930	0.0227855	-8473.81
931	0.0227855	-8715.71
932	0.0227855	-8745.82
933	0.0227855	-8883.99
934	0.0227855	-8606.27
935	0.0227855	-8625.39
936	0.0227855	-8728.21
937	0.0227855	-8583.87
938	0.0227855	-8313.27
939	0.0227855	-8727.51
940	0.0227855	-8649.72
941	0.0227855	-8659.93
942	0.0227855	-8708.12
943	0.0227855	-8653.99
944	0.0227855	-8715.97
945	0.0227855	-8491.69
946	0.0227855	-8669.02
947	0.0227855	-8783.05
948	0.0227855	-8773.09
949	0.0227855	-8636.97
950	0.0227855	-8932.52
951	0.0227855	-8796.13
952	0.0227855	-8791.76
953	0.0227855	-8529.58
954	0.0227855	-8700.5
955	0.0227855	-8643.97
956	0.0227855	-8721.95
957	0.0227855	-8488.9
958	0.0227855	-8542.39
959	0.0227855	-8462.61
960	0.0227855	-8457.42
961	0.0227855	-8699.35
962	0.0227855	-8697.95
963	0.0227855	-8508.54
964	0.0227855	-8555.55
965	0.0227855	-8496.7
966	0.0227855	-8595.85
967	0.0227855	-8636.11
968	0.0227855	-8608.07
969	0.0227855	-8863.74
970	0.0227855	-9024.44
971	0.0227855	-8696.3
972	0.0227855	-8676.11
973	0.0227855	-8782.29
974	0.0227855	-8472.1
975	0.0227855	-8630.08
976	0.0227855	-8652.7
977	0.0227855	-8467.5
978	0.0227855	-8504.65
979	0.0227855	-8606.96
980	0.0227855	-8576.42
981	0.0227855	-8803.57
982	0.0227855	-8488.97
983	0.0227855	-8885.03
984	0.0227855	-8857.13
985	0.0227855	-8398.1
986	0.0227855	-8531.63
987	0.0227855	-8279.07
988	0.0227855	-8410.34
989	0.0227855	-8609.87
990	0.0227855	-8493.4
991	0.0227855	-8504.13
992	0.0227855	-8779.03
993	0.0227855	-8825.73
994	0.0227855	-8636.88
995	0.0227855	-8635.18
996	0.0227855	-8620.03
997	0.0227855	-8790.77
998	0.0227855	-8740.44
999	0.0227855	-8807.63
1000	0.0227855	-8586.4
