state	power	likelihood
251	3.6251e-06	-13143
252	3.6251e-06	-11856.3
253	3.6251e-06	-10744.9
254	3.6251e-06	-10292.2
255	3.6251e-06	-10547.3
256	3.6251e-06	-11626
257	3.6251e-06	-13006.7
258	3.6251e-06	-12203.9
259	3.6251e-06	-11710.2
260	3.6251e-06	-11844.9
261	3.6251e-06	-12675.7
262	3.6251e-06	-12217.5
263	3.6251e-06	-11867.3
264	3.6251e-06	-10564.6
265	3.6251e-06	-11403.9
266	3.6251e-06	-11717
267	3.6251e-06	-17482.1
268	3.6251e-06	-21004.8
269	3.6251e-06	-11608.9
270	3.6251e-06	-11044.6
271	3.6251e-06	-11608.5
272	3.6251e-06	-11134.7
273	3.6251e-06	-10249.3
274	3.6251e-06	-11252.4
275	3.6251e-06	-11193.6
276	3.6251e-06	-10698
277	3.6251e-06	-10490.3
278	3.6251e-06	-10237.9
279	3.6251e-06	-10311.6
280	3.6251e-06	-10502.8
281	3.6251e-06	-10457.4
282	3.6251e-06	-10876
283	3.6251e-06	-11634.2
284	3.6251e-06	-12161.3
285	3.6251e-06	-12206.2
286	3.6251e-06	-11652.8
287	3.6251e-06	-12670.9
288	3.6251e-06	-13388.8
289	3.6251e-06	-12781.3
290	3.6251e-06	-12690.8
291	3.6251e-06	-11900.1
292	3.6251e-06	-14210.4
293	3.6251e-06	-16033.4
294	3.6251e-06	-12127.5
295	3.6251e-06	-12194.5
296	3.6251e-06	-14425.7
297	3.6251e-06	-12255.2
298	3.6251e-06	-13235.5
299	3.6251e-06	-12236.8
300	3.6251e-06	-17775.6
301	3.6251e-06	-13677.7
302	3.6251e-06	-13577.5
303	3.6251e-06	-15337.3
304	3.6251e-06	-12175.6
305	3.6251e-06	-11410.6
306	3.6251e-06	-12046.8
307	3.6251e-06	-13838.9
308	3.6251e-06	-11135.4
309	3.6251e-06	-13194.8
310	3.6251e-06	-12808.9
311	3.6251e-06	-19121.7
312	3.6251e-06	-12269.2
313	3.6251e-06	-15053.4
314	3.6251e-06	-12247.7
315	3.6251e-06	-12611.7
316	3.6251e-06	-11206.8
317	3.6251e-06	-10563.8
318	3.6251e-06	-11108.6
319	3.6251e-06	-11277.4
320	3.6251e-06	-13917.7
321	3.6251e-06	-13128.8
322	3.6251e-06	-11760.4
323	3.6251e-06	-12256.9
324	3.6251e-06	-13369.3
325	3.6251e-06	-11753.3
326	3.6251e-06	-13947.5
327	3.6251e-06	-11849.7
328	3.6251e-06	-10436.6
329	3.6251e-06	-14461.1
330	3.6251e-06	-17587.9
331	3.6251e-06	-12237.4
332	3.6251e-06	-11540.1
333	3.6251e-06	-12943.2
334	3.6251e-06	-12365.9
335	3.6251e-06	-13169.3
336	3.6251e-06	-14957.1
337	3.6251e-06	-13777
338	3.6251e-06	-14348.7
339	3.6251e-06	-14213.5
340	3.6251e-06	-11955.8
341	3.6251e-06	-14482.4
342	3.6251e-06	-11751.1
343	3.6251e-06	-13462.9
344	3.6251e-06	-11584.4
345	3.6251e-06	-12149.4
346	3.6251e-06	-11266.4
347	3.6251e-06	-12349.1
348	3.6251e-06	-11155.8
349	3.6251e-06	-10751.2
350	3.6251e-06	-11715.9
351	3.6251e-06	-12040.3
352	3.6251e-06	-10694
353	3.6251e-06	-13415.5
354	3.6251e-06	-12947.3
355	3.6251e-06	-9993.22
356	3.6251e-06	-12118.3
357	3.6251e-06	-11617.8
358	3.6251e-06	-12823
359	3.6251e-06	-14301.2
360	3.6251e-06	-12395.8
361	3.6251e-06	-11641.4
362	3.6251e-06	-12275
363	3.6251e-06	-12024.1
364	3.6251e-06	-12422.7
365	3.6251e-06	-11688.7
366	3.6251e-06	-11414.7
367	3.6251e-06	-10919.3
368	3.6251e-06	-11178
369	3.6251e-06	-11888.4
370	3.6251e-06	-10677.6
371	3.6251e-06	-11582.3
372	3.6251e-06	-10885.5
373	3.6251e-06	-11712.9
374	3.6251e-06	-11297.5
375	3.6251e-06	-15455.5
376	3.6251e-06	-14225.8
377	3.6251e-06	-13136.3
378	3.6251e-06	-10557.9
379	3.6251e-06	-11159.9
380	3.6251e-06	-12783.4
381	3.6251e-06	-18042.7
382	3.6251e-06	-12757
383	3.6251e-06	-12016.5
384	3.6251e-06	-11759.6
385	3.6251e-06	-12320.4
386	3.6251e-06	-10467.7
387	3.6251e-06	-11663.9
388	3.6251e-06	-14402.9
389	3.6251e-06	-13559.9
390	3.6251e-06	-12682.3
391	3.6251e-06	-11053.8
392	3.6251e-06	-11325.1
393	3.6251e-06	-11354.6
394	3.6251e-06	-11727.5
395	3.6251e-06	-12294.9
396	3.6251e-06	-11955.5
397	3.6251e-06	-10759.2
398	3.6251e-06	-11280.5
399	3.6251e-06	-11492.1
400	3.6251e-06	-10692.7
401	3.6251e-06	-11255.9
402	3.6251e-06	-10701.1
403	3.6251e-06	-12079.1
404	3.6251e-06	-12799.4
405	3.6251e-06	-11991.9
406	3.6251e-06	-11569.7
407	3.6251e-06	-13044.3
408	3.6251e-06	-15520.1
409	3.6251e-06	-14225.9
410	3.6251e-06	-12289.5
411	3.6251e-06	-13720.7
412	3.6251e-06	-14161.9
413	3.6251e-06	-12642.4
414	3.6251e-06	-11438.9
415	3.6251e-06	-11713.6
416	3.6251e-06	-14265.3
417	3.6251e-06	-12309.5
418	3.6251e-06	-13483.4
419	3.6251e-06	-12467.7
420	3.6251e-06	-10156.3
421	3.6251e-06	-10359.4
422	3.6251e-06	-11362.1
423	3.6251e-06	-11833.9
424	3.6251e-06	-14940.4
425	3.6251e-06	-12365.8
426	3.6251e-06	-13030.6
427	3.6251e-06	-14777.7
428	3.6251e-06	-15030.4
429	3.6251e-06	-12139.2
430	3.6251e-06	-13130
431	3.6251e-06	-12694.4
432	3.6251e-06	-13539.8
433	3.6251e-06	-14900.5
434	3.6251e-06	-13868
435	3.6251e-06	-12016.4
436	3.6251e-06	-14519.5
437	3.6251e-06	-12739.2
438	3.6251e-06	-12099.1
439	3.6251e-06	-12097.6
440	3.6251e-06	-11502.3
441	3.6251e-06	-11591.5
442	3.6251e-06	-13117.8
443	3.6251e-06	-12352.7
444	3.6251e-06	-13477.5
445	3.6251e-06	-13680.9
446	3.6251e-06	-13909
447	3.6251e-06	-14166.1
448	3.6251e-06	-13346.5
449	3.6251e-06	-13338.2
450	3.6251e-06	-14643.5
451	3.6251e-06	-12343.2
452	3.6251e-06	-12456.5
453	3.6251e-06	-13134.7
454	3.6251e-06	-10795.6
455	3.6251e-06	-12071.6
456	3.6251e-06	-10360.1
457	3.6251e-06	-12234.4
458	3.6251e-06	-11940.2
459	3.6251e-06	-11972.3
460	3.6251e-06	-12509.6
461	3.6251e-06	-10390.1
462	3.6251e-06	-13025.3
463	3.6251e-06	-14191.1
464	3.6251e-06	-12668.7
465	3.6251e-06	-11328.6
466	3.6251e-06	-11624
467	3.6251e-06	-13599.3
468	3.6251e-06	-11725.6
469	3.6251e-06	-14674.6
470	3.6251e-06	-12155.2
471	3.6251e-06	-13232
472	3.6251e-06	-11588.3
473	3.6251e-06	-11498
474	3.6251e-06	-12438.3
475	3.6251e-06	-11507.5
476	3.6251e-06	-10681.7
477	3.6251e-06	-12409.2
478	3.6251e-06	-12939.9
479	3.6251e-06	-13407.3
480	3.6251e-06	-14581.4
481	3.6251e-06	-14901.6
482	3.6251e-06	-12345.5
483	3.6251e-06	-11071.6
484	3.6251e-06	-10560.4
485	3.6251e-06	-11710.8
486	3.6251e-06	-14288.4
487	3.6251e-06	-14205.5
488	3.6251e-06	-13705.1
489	3.6251e-06	-12210.6
490	3.6251e-06	-12553
491	3.6251e-06	-12608.8
492	3.6251e-06	-10249.8
493	3.6251e-06	-11784.1
494	3.6251e-06	-11871.5
495	3.6251e-06	-12947.9
496	3.6251e-06	-11472.9
497	3.6251e-06	-12691.4
498	3.6251e-06	-12212.9
499	3.6251e-06	-12256.5
500	3.6251e-06	-12200.1
501	3.6251e-06	-10199.2
502	3.6251e-06	-10939.7
503	3.6251e-06	-11521.2
504	3.6251e-06	-11093.2
505	3.6251e-06	-11283.2
506	3.6251e-06	-12114.8
507	3.6251e-06	-14289.4
508	3.6251e-06	-12222.7
509	3.6251e-06	-11650.7
510	3.6251e-06	-12068.9
511	3.6251e-06	-11355.7
512	3.6251e-06	-12873.2
513	3.6251e-06	-11419.6
514	3.6251e-06	-11308.3
515	3.6251e-06	-11907.9
516	3.6251e-06	-12983.4
517	3.6251e-06	-12000.6
518	3.6251e-06	-11009.1
519	3.6251e-06	-11603
520	3.6251e-06	-12040.1
521	3.6251e-06	-10854.4
522	3.6251e-06	-10971.1
523	3.6251e-06	-12497.2
524	3.6251e-06	-13283.2
525	3.6251e-06	-13094.4
526	3.6251e-06	-12820.5
527	3.6251e-06	-11349
528	3.6251e-06	-11886.5
529	3.6251e-06	-14053.7
530	3.6251e-06	-12154.3
531	3.6251e-06	-10467.4
532	3.6251e-06	-11667.6
533	3.6251e-06	-11752.5
534	3.6251e-06	-11781.5
535	3.6251e-06	-13627.6
536	3.6251e-06	-11169.1
537	3.6251e-06	-13605.9
538	3.6251e-06	-14508.4
539	3.6251e-06	-15967.3
540	3.6251e-06	-14432.2
541	3.6251e-06	-14799.9
542	3.6251e-06	-12046.1
543	3.6251e-06	-11509.8
544	3.6251e-06	-10787.8
545	3.6251e-06	-11294.9
546	3.6251e-06	-11121.8
547	3.6251e-06	-13385.6
548	3.6251e-06	-13320
549	3.6251e-06	-17080.6
550	3.6251e-06	-12986.4
551	3.6251e-06	-12467.1
552	3.6251e-06	-12975.1
553	3.6251e-06	-13332
554	3.6251e-06	-14738.1
555	3.6251e-06	-14347.3
556	3.6251e-06	-13127.5
557	3.6251e-06	-13723.8
558	3.6251e-06	-11858.7
559	3.6251e-06	-13083.9
560	3.6251e-06	-13276
561	3.6251e-06	-10729.5
562	3.6251e-06	-12073.5
563	3.6251e-06	-12230.5
564	3.6251e-06	-14557.4
565	3.6251e-06	-13082.1
566	3.6251e-06	-13182.9
567	3.6251e-06	-11811.9
568	3.6251e-06	-10959
569	3.6251e-06	-11249.5
570	3.6251e-06	-13275.4
571	3.6251e-06	-12794.8
572	3.6251e-06	-14559.7
573	3.6251e-06	-14333.1
574	3.6251e-06	-11345
575	3.6251e-06	-11731.8
576	3.6251e-06	-13311.7
577	3.6251e-06	-13223.4
578	3.6251e-06	-11681.5
579	3.6251e-06	-11719.5
580	3.6251e-06	-11913.3
581	3.6251e-06	-12348.2
582	3.6251e-06	-11046.3
583	3.6251e-06	-11863.2
584	3.6251e-06	-12487.2
585	3.6251e-06	-10727
586	3.6251e-06	-9640.03
587	3.6251e-06	-13740.3
588	3.6251e-06	-10952.9
589	3.6251e-06	-12098.7
590	3.6251e-06	-12672.1
591	3.6251e-06	-9942.15
592	3.6251e-06	-12804.2
593	3.6251e-06	-12921.7
594	3.6251e-06	-15183
595	3.6251e-06	-13556.4
596	3.6251e-06	-15921.7
597	3.6251e-06	-17535
598	3.6251e-06	-13572.5
599	3.6251e-06	-13637.3
600	3.6251e-06	-13375.5
601	3.6251e-06	-12805
602	3.6251e-06	-12827.2
603	3.6251e-06	-13800.1
604	3.6251e-06	-12607.3
605	3.6251e-06	-11310.8
606	3.6251e-06	-11572.3
607	3.6251e-06	-12459
608	3.6251e-06	-13817.7
609	3.6251e-06	-15308.6
610	3.6251e-06	-12516.3
611	3.6251e-06	-12239.7
612	3.6251e-06	-10513.5
613	3.6251e-06	-13268.7
614	3.6251e-06	-12036.5
615	3.6251e-06	-12123.2
616	3.6251e-06	-13210.8
617	3.6251e-06	-13905.6
618	3.6251e-06	-12024.1
619	3.6251e-06	-12295.2
620	3.6251e-06	-11043.3
621	3.6251e-06	-10620.4
622	3.6251e-06	-10037.7
623	3.6251e-06	-11760.2
624	3.6251e-06	-11652.7
625	3.6251e-06	-12453.1
626	3.6251e-06	-11909.7
627	3.6251e-06	-10473.7
628	3.6251e-06	-10751.2
629	3.6251e-06	-10247.7
630	3.6251e-06	-14038.5
631	3.6251e-06	-12893.4
632	3.6251e-06	-12713
633	3.6251e-06	-10625.5
634	3.6251e-06	-11184.1
635	3.6251e-06	-11310.7
636	3.6251e-06	-12480.6
637	3.6251e-06	-15808.3
638	3.6251e-06	-12925.7
639	3.6251e-06	-15946.2
640	3.6251e-06	-11416.9
641	3.6251e-06	-10607.1
642	3.6251e-06	-13457.8
643	3.6251e-06	-13454.8
644	3.6251e-06	-12585.3
645	3.6251e-06	-11926.2
646	3.6251e-06	-14658.4
647	3.6251e-06	-12864.9
648	3.6251e-06	-12820
649	3.6251e-06	-11744.2
650	3.6251e-06	-12651.5
651	3.6251e-06	-11873.4
652	3.6251e-06	-11242.3
653	3.6251e-06	-11511
654	3.6251e-06	-11323.4
655	3.6251e-06	-11441.2
656	3.6251e-06	-11865
657	3.6251e-06	-10659.5
658	3.6251e-06	-13461.7
659	3.6251e-06	-12777.9
660	3.6251e-06	-12284.8
661	3.6251e-06	-12569.1
662	3.6251e-06	-11812.8
663	3.6251e-06	-14205.8
664	3.6251e-06	-10691.4
665	3.6251e-06	-10656.9
666	3.6251e-06	-10774
667	3.6251e-06	-12990.6
668	3.6251e-06	-12179.3
669	3.6251e-06	-11715.1
670	3.6251e-06	-12262
671	3.6251e-06	-11489.8
672	3.6251e-06	-12272.1
673	3.6251e-06	-13064.8
674	3.6251e-06	-11659.7
675	3.6251e-06	-12615.5
676	3.6251e-06	-13551.5
677	3.6251e-06	-12333.5
678	3.6251e-06	-14293.9
679	3.6251e-06	-14827.3
680	3.6251e-06	-12354.5
681	3.6251e-06	-11402.2
682	3.6251e-06	-12444.9
683	3.6251e-06	-11349.4
684	3.6251e-06	-11286.7
685	3.6251e-06	-9941.4
686	3.6251e-06	-10607.4
687	3.6251e-06	-11241.4
688	3.6251e-06	-11978.2
689	3.6251e-06	-12211.4
690	3.6251e-06	-11344.4
691	3.6251e-06	-13247.2
692	3.6251e-06	-12739.3
693	3.6251e-06	-12848.6
694	3.6251e-06	-12655.3
695	3.6251e-06	-12743
696	3.6251e-06	-15429.7
697	3.6251e-06	-14544
698	3.6251e-06	-12329.6
699	3.6251e-06	-11967.3
700	3.6251e-06	-12219.2
701	3.6251e-06	-12165.7
702	3.6251e-06	-11418.3
703	3.6251e-06	-11299.8
704	3.6251e-06	-11587.5
705	3.6251e-06	-13118.4
706	3.6251e-06	-13512.2
707	3.6251e-06	-14134.3
708	3.6251e-06	-12677.5
709	3.6251e-06	-11302.5
710	3.6251e-06	-11206.9
711	3.6251e-06	-11128.8
712	3.6251e-06	-12310.7
713	3.6251e-06	-13313.1
714	3.6251e-06	-12404.6
715	3.6251e-06	-12055.7
716	3.6251e-06	-12136.5
717	3.6251e-06	-13037.1
718	3.6251e-06	-11980.4
719	3.6251e-06	-12970.1
720	3.6251e-06	-13524.7
721	3.6251e-06	-14145.4
722	3.6251e-06	-11824.3
723	3.6251e-06	-11410.2
724	3.6251e-06	-13340.5
725	3.6251e-06	-12101.9
726	3.6251e-06	-13247.6
727	3.6251e-06	-13649.1
728	3.6251e-06	-12941.2
729	3.6251e-06	-12821.1
730	3.6251e-06	-12837.5
731	3.6251e-06	-12288.7
732	3.6251e-06	-17083.6
733	3.6251e-06	-13431.1
734	3.6251e-06	-12062.1
735	3.6251e-06	-14994.9
736	3.6251e-06	-13082.4
737	3.6251e-06	-11913.3
738	3.6251e-06	-11795.8
739	3.6251e-06	-12053
740	3.6251e-06	-11859.2
741	3.6251e-06	-12616.4
742	3.6251e-06	-12699.2
743	3.6251e-06	-12130
744	3.6251e-06	-15063
745	3.6251e-06	-11016
746	3.6251e-06	-11361.9
747	3.6251e-06	-11398.1
748	3.6251e-06	-10239.3
749	3.6251e-06	-12289.1
750	3.6251e-06	-13353
751	3.6251e-06	-11638.3
752	3.6251e-06	-12334.7
753	3.6251e-06	-13347.8
754	3.6251e-06	-12636.2
755	3.6251e-06	-11617.1
756	3.6251e-06	-11927.9
757	3.6251e-06	-11111.9
758	3.6251e-06	-12001.5
759	3.6251e-06	-12283.7
760	3.6251e-06	-19405
761	3.6251e-06	-22166.3
762	3.6251e-06	-22797.8
763	3.6251e-06	-17152.6
764	3.6251e-06	-12343.9
765	3.6251e-06	-11963.8
766	3.6251e-06	-10964.6
767	3.6251e-06	-12561.4
768	3.6251e-06	-12424.4
769	3.6251e-06	-11279.3
770	3.6251e-06	-13685.9
771	3.6251e-06	-11095.8
772	3.6251e-06	-11319.2
773	3.6251e-06	-10802.1
774	3.6251e-06	-11864.7
775	3.6251e-06	-13400.6
776	3.6251e-06	-15937
777	3.6251e-06	-13246.9
778	3.6251e-06	-13765.3
779	3.6251e-06	-12346.1
780	3.6251e-06	-10550.9
781	3.6251e-06	-10840
782	3.6251e-06	-10510.7
783	3.6251e-06	-11663.5
784	3.6251e-06	-11755.6
785	3.6251e-06	-12686.1
786	3.6251e-06	-13937.1
787	3.6251e-06	-14010.3
788	3.6251e-06	-12783.8
789	3.6251e-06	-11782.9
790	3.6251e-06	-11267.7
791	3.6251e-06	-11845
792	3.6251e-06	-13038.1
793	3.6251e-06	-11769.3
794	3.6251e-06	-10588.8
795	3.6251e-06	-10384.1
796	3.6251e-06	-10073.1
797	3.6251e-06	-10935.2
798	3.6251e-06	-11856.7
799	3.6251e-06	-13445.3
800	3.6251e-06	-14459.5
801	3.6251e-06	-13552.7
802	3.6251e-06	-11620.3
803	3.6251e-06	-12968.4
804	3.6251e-06	-14502.4
805	3.6251e-06	-12211
806	3.6251e-06	-11834.7
807	3.6251e-06	-12288.8
808	3.6251e-06	-12874.1
809	3.6251e-06	-13019.2
810	3.6251e-06	-13973.6
811	3.6251e-06	-15567.2
812	3.6251e-06	-14231.7
813	3.6251e-06	-14899.2
814	3.6251e-06	-14644
815	3.6251e-06	-14426.4
816	3.6251e-06	-12740.8
817	3.6251e-06	-13609
818	3.6251e-06	-11680.1
819	3.6251e-06	-12232.4
820	3.6251e-06	-12382.7
821	3.6251e-06	-14445.5
822	3.6251e-06	-11438.1
823	3.6251e-06	-12177
824	3.6251e-06	-10260
825	3.6251e-06	-10111.7
826	3.6251e-06	-10715.8
827	3.6251e-06	-12183.1
828	3.6251e-06	-10203.1
829	3.6251e-06	-11078.4
830	3.6251e-06	-10944.5
831	3.6251e-06	-11625.1
832	3.6251e-06	-10984.1
833	3.6251e-06	-10236
834	3.6251e-06	-12073.3
835	3.6251e-06	-16026.6
836	3.6251e-06	-14570.9
837	3.6251e-06	-13516.5
838	3.6251e-06	-13606.2
839	3.6251e-06	-13856.4
840	3.6251e-06	-13203.2
841	3.6251e-06	-13861.3
842	3.6251e-06	-12483.5
843	3.6251e-06	-11656.8
844	3.6251e-06	-12883
845	3.6251e-06	-12622.1
846	3.6251e-06	-11821.6
847	3.6251e-06	-12723
848	3.6251e-06	-14413.1
849	3.6251e-06	-15435.4
850	3.6251e-06	-13167.2
851	3.6251e-06	-13117.9
852	3.6251e-06	-12648.5
853	3.6251e-06	-13889.4
854	3.6251e-06	-14795.2
855	3.6251e-06	-13584.1
856	3.6251e-06	-12395.8
857	3.6251e-06	-13466.2
858	3.6251e-06	-11627.5
859	3.6251e-06	-12073.8
860	3.6251e-06	-12488.6
861	3.6251e-06	-10881.6
862	3.6251e-06	-11804.9
863	3.6251e-06	-14393.7
864	3.6251e-06	-14027.6
865	3.6251e-06	-11070.4
866	3.6251e-06	-12056.6
867	3.6251e-06	-10929.5
868	3.6251e-06	-11714.4
869	3.6251e-06	-11443.8
870	3.6251e-06	-12711.2
871	3.6251e-06	-12853.7
872	3.6251e-06	-11249
873	3.6251e-06	-13309
874	3.6251e-06	-11646.7
875	3.6251e-06	-10658.4
876	3.6251e-06	-11980.1
877	3.6251e-06	-14583.3
878	3.6251e-06	-12046.7
879	3.6251e-06	-12756.5
880	3.6251e-06	-13578.6
881	3.6251e-06	-13752.2
882	3.6251e-06	-11235.6
883	3.6251e-06	-12108
884	3.6251e-06	-12576.2
885	3.6251e-06	-10644.1
886	3.6251e-06	-11060.2
887	3.6251e-06	-11346.3
888	3.6251e-06	-12468
889	3.6251e-06	-11255.2
890	3.6251e-06	-13662.7
891	3.6251e-06	-10437.2
892	3.6251e-06	-12094
893	3.6251e-06	-12947.9
894	3.6251e-06	-13702.5
895	3.6251e-06	-13063.2
896	3.6251e-06	-11215.7
897	3.6251e-06	-11759
898	3.6251e-06	-12461.3
899	3.6251e-06	-11133.4
900	3.6251e-06	-12024.2
901	3.6251e-06	-11037.5
902	3.6251e-06	-11916.1
903	3.6251e-06	-11030.2
904	3.6251e-06	-11715.9
905	3.6251e-06	-12371.8
906	3.6251e-06	-11420.2
907	3.6251e-06	-13393.3
908	3.6251e-06	-12339.1
909	3.6251e-06	-13114.7
910	3.6251e-06	-13504.2
911	3.6251e-06	-11991.8
912	3.6251e-06	-10041.6
913	3.6251e-06	-13260.9
914	3.6251e-06	-12962.5
915	3.6251e-06	-12263.7
916	3.6251e-06	-13599.3
917	3.6251e-06	-11004.7
918	3.6251e-06	-11261.8
919	3.6251e-06	-11891.1
920	3.6251e-06	-10959.1
921	3.6251e-06	-12316
922	3.6251e-06	-10558.8
923	3.6251e-06	-10477.4
924	3.6251e-06	-9989.65
925	3.6251e-06	-9786.13
926	3.6251e-06	-13007
927	3.6251e-06	-11225.4
928	3.6251e-06	-11325.5
929	3.6251e-06	-11165.6
930	3.6251e-06	-12073.6
931	3.6251e-06	-12831.8
932	3.6251e-06	-13463.2
933	3.6251e-06	-16157
934	3.6251e-06	-12246.5
935	3.6251e-06	-12513.9
936	3.6251e-06	-11439.9
937	3.6251e-06	-14227.9
938	3.6251e-06	-16466.9
939	3.6251e-06	-11459.5
940	3.6251e-06	-11625.3
941	3.6251e-06	-12407.6
942	3.6251e-06	-10300.1
943	3.6251e-06	-10395
944	3.6251e-06	-10822.8
945	3.6251e-06	-12139.7
946	3.6251e-06	-10712
947	3.6251e-06	-10189.9
948	3.6251e-06	-12111.4
949	3.6251e-06	-10533.8
950	3.6251e-06	-10640.5
951	3.6251e-06	-11037.5
952	3.6251e-06	-10400.3
953	3.6251e-06	-11157.5
954	3.6251e-06	-12838.1
955	3.6251e-06	-13940.9
956	3.6251e-06	-13768.5
957	3.6251e-06	-12051.7
958	3.6251e-06	-12558.8
959	3.6251e-06	-14154.1
960	3.6251e-06	-13003.7
961	3.6251e-06	-14137.1
962	3.6251e-06	-11130.8
963	3.6251e-06	-11319.6
964	3.6251e-06	-11820.4
965	3.6251e-06	-11471.8
966	3.6251e-06	-13226.2
967	3.6251e-06	-13495.4
968	3.6251e-06	-14933.2
969	3.6251e-06	-13875.2
970	3.6251e-06	-11029.8
971	3.6251e-06	-13782.6
972	3.6251e-06	-12192.1
973	3.6251e-06	-12443.7
974	3.6251e-06	-12574
975	3.6251e-06	-12393.5
976	3.6251e-06	-10873.4
977	3.6251e-06	-13050.2
978	3.6251e-06	-12766.4
979	3.6251e-06	-13813.6
980	3.6251e-06	-12059.9
981	3.6251e-06	-11210.4
982	3.6251e-06	-12545.6
983	3.6251e-06	-13228
984	3.6251e-06	-12895.3
985	3.6251e-06	-14810.3
986	3.6251e-06	-13001.1
987	3.6251e-06	-14438.5
988	3.6251e-06	-13800.1
989	3.6251e-06	-13772.6
990	3.6251e-06	-11689.5
991	3.6251e-06	-15644.2
992	3.6251e-06	-12320.4
993	3.6251e-06	-12284.4
994	3.6251e-06	-13836.8
995	3.6251e-06	-11633.5
996	3.6251e-06	-11522.2
997	3.6251e-06	-14971.3
998	3.6251e-06	-13708.7
999	3.6251e-06	-10969.4
1000	3.6251e-06	-11247.8
