state	power	likelihood
251	0.0144583	-8632.19
252	0.0144583	-8708.08
253	0.0144583	-8630.4
254	0.0144583	-8872.02
255	0.0144583	-8851.05
256	0.0144583	-8659.1
257	0.0144583	-8832.23
258	0.0144583	-8801.56
259	0.0144583	-8775.84
260	0.0144583	-8606.41
261	0.0144583	-8817.88
262	0.0144583	-8946.94
263	0.0144583	-9028.8
264	0.0144583	-8954.27
265	0.0144583	-8770.37
266	0.0144583	-9036.86
267	0.0144583	-8932.97
268	0.0144583	-8930.3
269	0.0144583	-8771.23
270	0.0144583	-8584.51
271	0.0144583	-8922.55
272	0.0144583	-8996.9
273	0.0144583	-8871.85
274	0.0144583	-9085.86
275	0.0144583	-9159.19
276	0.0144583	-9106.11
277	0.0144583	-8753.91
278	0.0144583	-8767.27
279	0.0144583	-8594.25
280	0.0144583	-8503.71
281	0.0144583	-8665.99
282	0.0144583	-8688.95
283	0.0144583	-9218.04
284	0.0144583	-9150.72
285	0.0144583	-9065.86
286	0.0144583	-8792.77
287	0.0144583	-8693.89
288	0.0144583	-8569.74
289	0.0144583	-8753.74
290	0.0144583	-8675.77
291	0.0144583	-8771.91
292	0.0144583	-8962.5
293	0.0144583	-8871.17
294	0.0144583	-8697.79
295	0.0144583	-8715.4
296	0.0144583	-8878.66
297	0.0144583	-8885.11
298	0.0144583	-8795.92
299	0.0144583	-8828.86
300	0.0144583	-8636.7
301	0.0144583	-8661.95
302	0.0144583	-8751.97
303	0.0144583	-8936.2
304	0.0144583	-8452.13
305	0.0144583	-8595.78
306	0.0144583	-8926.08
307	0.0144583	-9127.99
308	0.0144583	-8984.8
309	0.0144583	-8818.27
310	0.0144583	-9066.79
311	0.0144583	-9163.77
312	0.0144583	-9231.31
313	0.0144583	-9547.81
314	0.0144583	-9479.52
315	0.0144583	-9185.65
316	0.0144583	-8841.48
317	0.0144583	-8611.46
318	0.0144583	-8855.74
319	0.0144583	-8871.84
320	0.0144583	-8917.45
321	0.0144583	-8938.55
322	0.0144583	-8701.9
323	0.0144583	-8759.6
324	0.0144583	-8766.55
325	0.0144583	-8741.61
326	0.0144583	-8680.52
327	0.0144583	-8761.89
328	0.0144583	-8558.5
329	0.0144583	-8448.29
330	0.0144583	-8730.17
331	0.0144583	-8954.63
332	0.0144583	-8856.54
333	0.0144583	-9000.69
334	0.0144583	-8909.72
335	0.0144583	-8890.79
336	0.0144583	-9139.31
337	0.0144583	-9295.09
338	0.0144583	-9205.59
339	0.0144583	-8798.25
340	0.0144583	-8915.72
341	0.0144583	-9110.97
342	0.0144583	-8980.2
343	0.0144583	-8903.48
344	0.0144583	-8778.35
345	0.0144583	-8915.43
346	0.0144583	-9007.48
347	0.0144583	-9145.3
348	0.0144583	-9378.82
349	0.0144583	-8684.05
350	0.0144583	-9255.28
351	0.0144583	-9070.13
352	0.0144583	-8737.71
353	0.0144583	-8968.62
354	0.0144583	-9036.7
355	0.0144583	-8744.66
356	0.0144583	-8936.31
357	0.0144583	-9004.54
358	0.0144583	-8876.21
359	0.0144583	-8704.41
360	0.0144583	-8990.92
361	0.0144583	-8961.15
362	0.0144583	-9038.3
363	0.0144583	-9201.9
364	0.0144583	-9078.65
365	0.0144583	-8823.67
366	0.0144583	-8971.51
367	0.0144583	-8846.56
368	0.0144583	-8835.31
369	0.0144583	-9059.94
370	0.0144583	-8822.19
371	0.0144583	-8990.17
372	0.0144583	-8891.13
373	0.0144583	-8765.51
374	0.0144583	-8811.65
375	0.0144583	-8800.55
376	0.0144583	-8907.71
377	0.0144583	-8826.52
378	0.0144583	-8820.75
379	0.0144583	-8978.85
380	0.0144583	-8915.11
381	0.0144583	-9053.21
382	0.0144583	-8781.26
383	0.0144583	-8941.52
384	0.0144583	-8945.56
385	0.0144583	-8624.72
386	0.0144583	-8989.2
387	0.0144583	-8695.98
388	0.0144583	-8820.54
389	0.0144583	-9035.53
390	0.0144583	-9017.28
391	0.0144583	-8941.52
392	0.0144583	-8835.27
393	0.0144583	-8849.57
394	0.0144583	-8988.65
395	0.0144583	-8771.09
396	0.0144583	-8878.9
397	0.0144583	-8867.66
398	0.0144583	-9063.85
399	0.0144583	-8954.11
400	0.0144583	-8774.03
401	0.0144583	-8920.55
402	0.0144583	-9240.8
403	0.0144583	-9169.99
404	0.0144583	-8789.33
405	0.0144583	-8829.67
406	0.0144583	-9010.74
407	0.0144583	-9330.42
408	0.0144583	-9379.48
409	0.0144583	-9188.55
410	0.0144583	-9238.83
411	0.0144583	-9032.3
412	0.0144583	-9014.09
413	0.0144583	-8864.86
414	0.0144583	-8728.62
415	0.0144583	-8958.54
416	0.0144583	-9047.05
417	0.0144583	-9381.31
418	0.0144583	-8748.9
419	0.0144583	-8622.17
420	0.0144583	-8689.18
421	0.0144583	-8756.21
422	0.0144583	-8502.57
423	0.0144583	-8709.72
424	0.0144583	-8797.43
425	0.0144583	-8557.24
426	0.0144583	-8567.06
427	0.0144583	-8912.5
428	0.0144583	-9152.26
429	0.0144583	-8850.64
430	0.0144583	-8940.56
431	0.0144583	-8769.13
432	0.0144583	-8916.89
433	0.0144583	-8812.62
434	0.0144583	-8510.14
435	0.0144583	-8896.24
436	0.0144583	-8883.36
437	0.0144583	-8578.89
438	0.0144583	-8722.07
439	0.0144583	-8959.77
440	0.0144583	-8844.03
441	0.0144583	-8944.56
442	0.0144583	-8656.39
443	0.0144583	-8669.51
444	0.0144583	-9016.38
445	0.0144583	-8707.43
446	0.0144583	-8759.98
447	0.0144583	-8864.15
448	0.0144583	-8841.76
449	0.0144583	-8514.19
450	0.0144583	-8638.39
451	0.0144583	-8676.17
452	0.0144583	-8623.69
453	0.0144583	-8820.58
454	0.0144583	-9316.1
455	0.0144583	-8925.12
456	0.0144583	-8889.18
457	0.0144583	-9012.8
458	0.0144583	-8829.51
459	0.0144583	-9002.58
460	0.0144583	-8989.99
461	0.0144583	-8863.06
462	0.0144583	-8993.54
463	0.0144583	-9028.27
464	0.0144583	-9026.8
465	0.0144583	-8761.23
466	0.0144583	-8976.83
467	0.0144583	-8956.45
468	0.0144583	-8802.97
469	0.0144583	-9143.24
470	0.0144583	-9237.47
471	0.0144583	-8988.44
472	0.0144583	-8864.75
473	0.0144583	-9021.71
474	0.0144583	-9251.28
475	0.0144583	-8696.92
476	0.0144583	-9234.72
477	0.0144583	-8952.17
478	0.0144583	-8794.25
479	0.0144583	-8823.46
480	0.0144583	-8616.56
481	0.0144583	-8618.42
482	0.0144583	-8843.84
483	0.0144583	-8822.11
484	0.0144583	-8773.24
485	0.0144583	-8672.74
486	0.0144583	-8685.81
487	0.0144583	-8924.68
488	0.0144583	-8606.89
489	0.0144583	-8649.35
490	0.0144583	-8646.17
491	0.0144583	-9205.15
492	0.0144583	-8841.17
493	0.0144583	-9077.18
494	0.0144583	-9308.49
495	0.0144583	-8913.74
496	0.0144583	-8655.79
497	0.0144583	-8898.08
498	0.0144583	-8768.61
499	0.0144583	-8566.64
500	0.0144583	-8816.71
501	0.0144583	-8585.26
502	0.0144583	-8859.4
503	0.0144583	-8722.72
504	0.0144583	-9446.86
505	0.0144583	-8721.05
506	0.0144583	-8915.68
507	0.0144583	-8679.96
508	0.0144583	-8644.64
509	0.0144583	-8825.07
510	0.0144583	-8873.98
511	0.0144583	-8671.3
512	0.0144583	-8979.32
513	0.0144583	-8741.39
514	0.0144583	-8994.74
515	0.0144583	-8835.11
516	0.0144583	-9136.74
517	0.0144583	-9006.6
518	0.0144583	-8729.18
519	0.0144583	-8964.34
520	0.0144583	-9792.44
521	0.0144583	-9186.64
522	0.0144583	-8896.34
523	0.0144583	-8837.58
524	0.0144583	-8959.98
525	0.0144583	-8821.1
526	0.0144583	-8818.74
527	0.0144583	-8951.26
528	0.0144583	-8951.7
529	0.0144583	-8872.57
530	0.0144583	-8808.68
531	0.0144583	-8697.36
532	0.0144583	-8745.45
533	0.0144583	-8881.05
534	0.0144583	-8740.12
535	0.0144583	-8774.11
536	0.0144583	-8770.33
537	0.0144583	-8739.89
538	0.0144583	-8821.51
539	0.0144583	-9126.89
540	0.0144583	-8586.96
541	0.0144583	-9076.64
542	0.0144583	-8776.62
543	0.0144583	-8660.26
544	0.0144583	-9213.05
545	0.0144583	-9116.12
546	0.0144583	-9010.98
547	0.0144583	-9220.37
548	0.0144583	-9153.91
549	0.0144583	-8860.23
550	0.0144583	-9061.07
551	0.0144583	-8854.8
552	0.0144583	-9065.4
553	0.0144583	-9043.43
554	0.0144583	-8972.15
555	0.0144583	-8837.73
556	0.0144583	-9149.94
557	0.0144583	-8941.15
558	0.0144583	-8678.18
559	0.0144583	-8646.87
560	0.0144583	-8822.69
561	0.0144583	-8557.4
562	0.0144583	-8791.92
563	0.0144583	-8718.05
564	0.0144583	-8755.51
565	0.0144583	-8788.65
566	0.0144583	-8874.37
567	0.0144583	-8878.89
568	0.0144583	-8849.9
569	0.0144583	-8663.02
570	0.0144583	-8744.27
571	0.0144583	-8707.5
572	0.0144583	-8918.97
573	0.0144583	-8923.12
574	0.0144583	-8706.6
575	0.0144583	-9037.52
576	0.0144583	-8830.22
577	0.0144583	-9029.38
578	0.0144583	-9105.01
579	0.0144583	-8847.35
580	0.0144583	-9074.02
581	0.0144583	-8845.37
582	0.0144583	-8710.73
583	0.0144583	-8801.3
584	0.0144583	-8682.42
585	0.0144583	-8828.34
586	0.0144583	-8843.79
587	0.0144583	-8806.03
588	0.0144583	-8409.33
589	0.0144583	-8739.83
590	0.0144583	-8874.33
591	0.0144583	-8781.53
592	0.0144583	-8684.41
593	0.0144583	-9212.79
594	0.0144583	-8636.04
595	0.0144583	-8813.89
596	0.0144583	-8998.65
597	0.0144583	-8905.04
598	0.0144583	-8962.47
599	0.0144583	-8878.75
600	0.0144583	-8838.96
601	0.0144583	-9089.84
602	0.0144583	-9183.99
603	0.0144583	-8935.29
604	0.0144583	-8853.02
605	0.0144583	-8887.96
606	0.0144583	-9072.88
607	0.0144583	-8912.46
608	0.0144583	-8845.29
609	0.0144583	-9295.94
610	0.0144583	-8934.78
611	0.0144583	-9009.73
612	0.0144583	-8864.46
613	0.0144583	-8842.43
614	0.0144583	-8871.72
615	0.0144583	-8887.95
616	0.0144583	-8865.7
617	0.0144583	-8844.36
618	0.0144583	-9013.43
619	0.0144583	-8727.18
620	0.0144583	-8818.67
621	0.0144583	-8876.89
622	0.0144583	-8906.48
623	0.0144583	-8739.56
624	0.0144583	-8827.37
625	0.0144583	-8772.69
626	0.0144583	-8490.54
627	0.0144583	-8729.15
628	0.0144583	-8455.64
629	0.0144583	-8567.89
630	0.0144583	-8784.47
631	0.0144583	-8783.8
632	0.0144583	-8950.26
633	0.0144583	-8981.71
634	0.0144583	-8876.53
635	0.0144583	-8905.73
636	0.0144583	-8666.56
637	0.0144583	-8623.54
638	0.0144583	-8738.34
639	0.0144583	-8606.24
640	0.0144583	-8795.01
641	0.0144583	-8744.8
642	0.0144583	-8664
643	0.0144583	-8783.21
644	0.0144583	-8773.7
645	0.0144583	-8749.48
646	0.0144583	-8729.17
647	0.0144583	-8972.86
648	0.0144583	-8859.91
649	0.0144583	-8585.1
650	0.0144583	-8861.34
651	0.0144583	-8819.47
652	0.0144583	-8931.77
653	0.0144583	-9131.28
654	0.0144583	-8953.31
655	0.0144583	-9126.21
656	0.0144583	-8566.9
657	0.0144583	-8914.76
658	0.0144583	-8950.59
659	0.0144583	-8712.38
660	0.0144583	-8810.23
661	0.0144583	-8736.13
662	0.0144583	-8827.44
663	0.0144583	-8583.28
664	0.0144583	-8987.28
665	0.0144583	-8950.15
666	0.0144583	-8763.73
667	0.0144583	-9103.55
668	0.0144583	-9137.7
669	0.0144583	-8749.2
670	0.0144583	-8509.84
671	0.0144583	-8862.34
672	0.0144583	-8928.22
673	0.0144583	-8841.02
674	0.0144583	-8961.66
675	0.0144583	-8724.73
676	0.0144583	-9004.96
677	0.0144583	-9111.52
678	0.0144583	-8989.54
679	0.0144583	-9035.71
680	0.0144583	-8975.56
681	0.0144583	-8807.69
682	0.0144583	-9039.15
683	0.0144583	-8676.3
684	0.0144583	-8765.8
685	0.0144583	-8833.84
686	0.0144583	-9145.84
687	0.0144583	-9089.72
688	0.0144583	-9143.15
689	0.0144583	-8946.59
690	0.0144583	-8785.74
691	0.0144583	-8712.03
692	0.0144583	-8703.84
693	0.0144583	-8709.27
694	0.0144583	-8877.88
695	0.0144583	-8801.38
696	0.0144583	-8697.47
697	0.0144583	-8902.1
698	0.0144583	-8897.31
699	0.0144583	-9021.51
700	0.0144583	-9010.1
701	0.0144583	-8861.51
702	0.0144583	-8880.31
703	0.0144583	-8893.23
704	0.0144583	-8547.09
705	0.0144583	-8850.68
706	0.0144583	-8988.97
707	0.0144583	-8938.4
708	0.0144583	-8840.87
709	0.0144583	-8963.9
710	0.0144583	-9226.02
711	0.0144583	-9151.33
712	0.0144583	-8826.64
713	0.0144583	-9203.34
714	0.0144583	-8650.09
715	0.0144583	-8880.02
716	0.0144583	-8773.46
717	0.0144583	-8750.3
718	0.0144583	-8887.69
719	0.0144583	-8740.62
720	0.0144583	-8901.26
721	0.0144583	-9029.1
722	0.0144583	-9043.59
723	0.0144583	-8970.04
724	0.0144583	-9061.85
725	0.0144583	-8827.99
726	0.0144583	-8811.34
727	0.0144583	-8849.78
728	0.0144583	-8686.98
729	0.0144583	-8674.07
730	0.0144583	-8889.72
731	0.0144583	-9121.05
732	0.0144583	-8865.26
733	0.0144583	-8574.2
734	0.0144583	-8634.88
735	0.0144583	-8919.29
736	0.0144583	-8992.87
737	0.0144583	-8684.46
738	0.0144583	-8737.73
739	0.0144583	-8735.98
740	0.0144583	-8971.55
741	0.0144583	-8874.79
742	0.0144583	-8814.75
743	0.0144583	-8991.97
744	0.0144583	-8715.23
745	0.0144583	-8946.43
746	0.0144583	-9125.53
747	0.0144583	-8907.91
748	0.0144583	-9098.08
749	0.0144583	-8879.19
750	0.0144583	-9111.53
751	0.0144583	-9117.88
752	0.0144583	-8973.89
753	0.0144583	-9092.46
754	0.0144583	-8523.44
755	0.0144583	-8702.42
756	0.0144583	-8819.65
757	0.0144583	-8765.79
758	0.0144583	-9000.12
759	0.0144583	-8940.17
760	0.0144583	-8684.69
761	0.0144583	-8965.16
762	0.0144583	-8955.86
763	0.0144583	-8849.05
764	0.0144583	-9107.64
765	0.0144583	-9152.56
766	0.0144583	-9020.92
767	0.0144583	-9245.29
768	0.0144583	-8923.38
769	0.0144583	-9014.2
770	0.0144583	-8853.64
771	0.0144583	-8906.41
772	0.0144583	-8816.91
773	0.0144583	-8831.98
774	0.0144583	-9195.87
775	0.0144583	-8747.76
776	0.0144583	-9018.68
777	0.0144583	-8681.65
778	0.0144583	-8799.12
779	0.0144583	-9092.32
780	0.0144583	-8786.34
781	0.0144583	-8571.03
782	0.0144583	-8478.39
783	0.0144583	-8775.95
784	0.0144583	-8769.92
785	0.0144583	-8487.83
786	0.0144583	-8740.48
787	0.0144583	-8952.46
788	0.0144583	-8839.28
789	0.0144583	-8746.59
790	0.0144583	-8796.2
791	0.0144583	-8726.29
792	0.0144583	-8902.46
793	0.0144583	-8878.18
794	0.0144583	-9063.9
795	0.0144583	-9455.79
796	0.0144583	-9198.26
797	0.0144583	-9084.5
798	0.0144583	-9436.38
799	0.0144583	-9230.07
800	0.0144583	-9188.93
801	0.0144583	-9200.98
802	0.0144583	-9192.67
803	0.0144583	-9151.35
804	0.0144583	-8931
805	0.0144583	-9098.68
806	0.0144583	-9064.07
807	0.0144583	-9094.89
808	0.0144583	-9043.47
809	0.0144583	-9069.92
810	0.0144583	-9032.2
811	0.0144583	-9001.62
812	0.0144583	-9411.73
813	0.0144583	-8934.78
814	0.0144583	-8847.4
815	0.0144583	-8819.52
816	0.0144583	-8622.31
817	0.0144583	-8701.4
818	0.0144583	-8650.42
819	0.0144583	-8695.65
820	0.0144583	-8864.35
821	0.0144583	-8878.57
822	0.0144583	-8665.02
823	0.0144583	-8845.41
824	0.0144583	-9095.11
825	0.0144583	-9043.47
826	0.0144583	-8826.1
827	0.0144583	-8804.01
828	0.0144583	-8770.49
829	0.0144583	-8772.49
830	0.0144583	-8702.1
831	0.0144583	-8821.23
832	0.0144583	-9319.58
833	0.0144583	-9143.44
834	0.0144583	-8829.86
835	0.0144583	-9067.39
836	0.0144583	-8923.5
837	0.0144583	-8890.14
838	0.0144583	-8925.14
839	0.0144583	-8810.64
840	0.0144583	-8880.54
841	0.0144583	-8824.19
842	0.0144583	-9025.37
843	0.0144583	-9002.16
844	0.0144583	-9284.86
845	0.0144583	-8794.78
846	0.0144583	-8999.12
847	0.0144583	-8883.43
848	0.0144583	-8980.79
849	0.0144583	-8723.51
850	0.0144583	-8944.59
851	0.0144583	-8927.31
852	0.0144583	-8938.97
853	0.0144583	-8752.52
854	0.0144583	-8672.08
855	0.0144583	-8589.49
856	0.0144583	-8529.2
857	0.0144583	-8688.36
858	0.0144583	-8731.22
859	0.0144583	-8768.57
860	0.0144583	-8854.32
861	0.0144583	-8766.73
862	0.0144583	-9048.21
863	0.0144583	-8704.98
864	0.0144583	-8736.63
865	0.0144583	-8589.37
866	0.0144583	-8707.96
867	0.0144583	-9242.19
868	0.0144583	-9278.25
869	0.0144583	-8959.51
870	0.0144583	-8924.99
871	0.0144583	-9227.88
872	0.0144583	-8661.47
873	0.0144583	-8722.55
874	0.0144583	-8848.81
875	0.0144583	-8808.68
876	0.0144583	-8672.33
877	0.0144583	-8553.51
878	0.0144583	-8938.38
879	0.0144583	-8911.69
880	0.0144583	-8920.85
881	0.0144583	-9006.26
882	0.0144583	-9124.67
883	0.0144583	-8995.5
884	0.0144583	-8869.11
885	0.0144583	-8707.64
886	0.0144583	-9237.24
887	0.0144583	-8851.34
888	0.0144583	-8650.6
889	0.0144583	-8689.79
890	0.0144583	-8827.26
891	0.0144583	-8993.47
892	0.0144583	-8763.36
893	0.0144583	-8913.6
894	0.0144583	-8792.52
895	0.0144583	-9012.88
896	0.0144583	-8923.86
897	0.0144583	-9184.59
898	0.0144583	-8912.85
899	0.0144583	-8990.48
900	0.0144583	-9325.24
901	0.0144583	-8973.84
902	0.0144583	-9228.31
903	0.0144583	-8995.44
904	0.0144583	-8913.77
905	0.0144583	-8722.38
906	0.0144583	-8733.2
907	0.0144583	-8688.62
908	0.0144583	-8939.82
909	0.0144583	-9032.22
910	0.0144583	-8986.44
911	0.0144583	-8693.39
912	0.0144583	-9182.84
913	0.0144583	-8802.56
914	0.0144583	-8566.73
915	0.0144583	-9439.84
916	0.0144583	-9334.79
917	0.0144583	-9011.54
918	0.0144583	-8647.11
919	0.0144583	-9156.27
920	0.0144583	-8655.91
921	0.0144583	-8683.97
922	0.0144583	-8601.39
923	0.0144583	-8632.98
924	0.0144583	-8808.38
925	0.0144583	-8551.39
926	0.0144583	-8837.44
927	0.0144583	-8846.12
928	0.0144583	-8713.88
929	0.0144583	-8833.2
930	0.0144583	-8849.22
931	0.0144583	-8900.92
932	0.0144583	-8694.32
933	0.0144583	-8854.06
934	0.0144583	-8965
935	0.0144583	-8771.21
936	0.0144583	-8998.55
937	0.0144583	-8933.14
938	0.0144583	-9030.94
939	0.0144583	-9046.05
940	0.0144583	-8869.1
941	0.0144583	-8929.95
942	0.0144583	-9128.97
943	0.0144583	-8682.39
944	0.0144583	-9022.23
945	0.0144583	-9089.47
946	0.0144583	-9015.65
947	0.0144583	-9252.31
948	0.0144583	-9164.55
949	0.0144583	-8768.09
950	0.0144583	-8915.17
951	0.0144583	-8898.87
952	0.0144583	-8706.93
953	0.0144583	-8579.93
954	0.0144583	-9066.52
955	0.0144583	-8796.14
956	0.0144583	-9040.1
957	0.0144583	-8840.97
958	0.0144583	-8978.66
959	0.0144583	-9031.07
960	0.0144583	-9136.27
961	0.0144583	-8833.94
962	0.0144583	-8865.23
963	0.0144583	-8719.66
964	0.0144583	-8950.8
965	0.0144583	-8935.42
966	0.0144583	-9065.73
967	0.0144583	-8947.77
968	0.0144583	-8928.02
969	0.0144583	-8915.34
970	0.0144583	-8863.16
971	0.0144583	-8946.9
972	0.0144583	-8863.16
973	0.0144583	-8785.66
974	0.0144583	-8925.06
975	0.0144583	-8729.37
976	0.0144583	-8578.17
977	0.0144583	-8670.08
978	0.0144583	-8804.17
979	0.0144583	-8922.09
980	0.0144583	-8912.28
981	0.0144583	-8723.07
982	0.0144583	-8790.39
983	0.0144583	-9090.27
984	0.0144583	-8930.55
985	0.0144583	-8924.74
986	0.0144583	-8547.68
987	0.0144583	-8771.32
988	0.0144583	-8904.06
989	0.0144583	-9773.49
990	0.0144583	-9002.99
991	0.0144583	-9256.8
992	0.0144583	-9242.3
993	0.0144583	-8991.09
994	0.0144583	-8880.2
995	0.0144583	-8693.22
996	0.0144583	-8521.36
997	0.0144583	-8750.15
998	0.0144583	-8979.09
999	0.0144583	-8745.76
1000	0.0144583	-9154.04
