state	power	likelihood
251	0.0037121	-10138.4
252	0.0037121	-9459.4
253	0.0037121	-10197.5
254	0.0037121	-9882.03
255	0.0037121	-10431.8
256	0.0037121	-10370.6
257	0.0037121	-9951.52
258	0.0037121	-9582.19
259	0.0037121	-10504.2
260	0.0037121	-10216.6
261	0.0037121	-10389.9
262	0.0037121	-9184.25
263	0.0037121	-10284.4
264	0.0037121	-10001
265	0.0037121	-9076.57
266	0.0037121	-10466.1
267	0.0037121	-9722.89
268	0.0037121	-9762.21
269	0.0037121	-9557
270	0.0037121	-10128.4
271	0.0037121	-10460.3
272	0.0037121	-10479
273	0.0037121	-10103.8
274	0.0037121	-10365.8
275	0.0037121	-10102.4
276	0.0037121	-9794.99
277	0.0037121	-9354.9
278	0.0037121	-9714.92
279	0.0037121	-10003
280	0.0037121	-10022
281	0.0037121	-10924.1
282	0.0037121	-10168.4
283	0.0037121	-9628.42
284	0.0037121	-10394.1
285	0.0037121	-11213.6
286	0.0037121	-10403.9
287	0.0037121	-10310.4
288	0.0037121	-11125.5
289	0.0037121	-10396.2
290	0.0037121	-9980.84
291	0.0037121	-9977.13
292	0.0037121	-9988.38
293	0.0037121	-9924.53
294	0.0037121	-9683.15
295	0.0037121	-10163.9
296	0.0037121	-10082.4
297	0.0037121	-10859.8
298	0.0037121	-10702.1
299	0.0037121	-11001.5
300	0.0037121	-10354.6
301	0.0037121	-9565.11
302	0.0037121	-10432.9
303	0.0037121	-10338.3
304	0.0037121	-10490.4
305	0.0037121	-11251.4
306	0.0037121	-9952.22
307	0.0037121	-10082.6
308	0.0037121	-9835.91
309	0.0037121	-9488.4
310	0.0037121	-9515.8
311	0.0037121	-10273
312	0.0037121	-9688.83
313	0.0037121	-9242.89
314	0.0037121	-10211.2
315	0.0037121	-9688.58
316	0.0037121	-10985.5
317	0.0037121	-9982.66
318	0.0037121	-10871.3
319	0.0037121	-11751.6
320	0.0037121	-10936.5
321	0.0037121	-10141.9
322	0.0037121	-10491.3
323	0.0037121	-9891.99
324	0.0037121	-9665.99
325	0.0037121	-9648.69
326	0.0037121	-9266.84
327	0.0037121	-9655.65
328	0.0037121	-9734.8
329	0.0037121	-10156.4
330	0.0037121	-10051.7
331	0.0037121	-9498
332	0.0037121	-9711.71
333	0.0037121	-9900.2
334	0.0037121	-10113.4
335	0.0037121	-10133
336	0.0037121	-10279.7
337	0.0037121	-10019.9
338	0.0037121	-9397.7
339	0.0037121	-10891.2
340	0.0037121	-11796.3
341	0.0037121	-11432.3
342	0.0037121	-10589.3
343	0.0037121	-9587.07
344	0.0037121	-9256.23
345	0.0037121	-9089.92
346	0.0037121	-9522.22
347	0.0037121	-10066.9
348	0.0037121	-9972.75
349	0.0037121	-10463.9
350	0.0037121	-9953.49
351	0.0037121	-9355.78
352	0.0037121	-10260
353	0.0037121	-10760.3
354	0.0037121	-9920.48
355	0.0037121	-10247.4
356	0.0037121	-9928.03
357	0.0037121	-9759.19
358	0.0037121	-9359.27
359	0.0037121	-10709.9
360	0.0037121	-9861.16
361	0.0037121	-10530.1
362	0.0037121	-10036.9
363	0.0037121	-10725.6
364	0.0037121	-9975.32
365	0.0037121	-9247.5
366	0.0037121	-9924.16
367	0.0037121	-8972.98
368	0.0037121	-10113.2
369	0.0037121	-10190.6
370	0.0037121	-10079.5
371	0.0037121	-8959.07
372	0.0037121	-9509.43
373	0.0037121	-10404.4
374	0.0037121	-10702.4
375	0.0037121	-9989.89
376	0.0037121	-10612.5
377	0.0037121	-10297.4
378	0.0037121	-10550.1
379	0.0037121	-10622.4
380	0.0037121	-9726.79
381	0.0037121	-10241.2
382	0.0037121	-9857.04
383	0.0037121	-10526.7
384	0.0037121	-9843.95
385	0.0037121	-10250.2
386	0.0037121	-9832.46
387	0.0037121	-9396.09
388	0.0037121	-10090.6
389	0.0037121	-10924
390	0.0037121	-10423.2
391	0.0037121	-9976.04
392	0.0037121	-10407
393	0.0037121	-9958.98
394	0.0037121	-9759.89
395	0.0037121	-9727.53
396	0.0037121	-9861.7
397	0.0037121	-10065.3
398	0.0037121	-9454.06
399	0.0037121	-10331.4
400	0.0037121	-9788.31
401	0.0037121	-10218.7
402	0.0037121	-10745.6
403	0.0037121	-10758.3
404	0.0037121	-10652.5
405	0.0037121	-10021.5
406	0.0037121	-10378.6
407	0.0037121	-10040.2
408	0.0037121	-10956.8
409	0.0037121	-10651
410	0.0037121	-9416.76
411	0.0037121	-9715.21
412	0.0037121	-9567.3
413	0.0037121	-10696.2
414	0.0037121	-10505.8
415	0.0037121	-10196.4
416	0.0037121	-9681.05
417	0.0037121	-9661.79
418	0.0037121	-9306.37
419	0.0037121	-9302.2
420	0.0037121	-9917.21
421	0.0037121	-9625.51
422	0.0037121	-10071.9
423	0.0037121	-10161.9
424	0.0037121	-10357.5
425	0.0037121	-9877.34
426	0.0037121	-9852.48
427	0.0037121	-9391
428	0.0037121	-10529.7
429	0.0037121	-10134.6
430	0.0037121	-10880.6
431	0.0037121	-10498.3
432	0.0037121	-10715.4
433	0.0037121	-10005.4
434	0.0037121	-10619.4
435	0.0037121	-10003.7
436	0.0037121	-9597.15
437	0.0037121	-9761.84
438	0.0037121	-9560.5
439	0.0037121	-10037.6
440	0.0037121	-9790.23
441	0.0037121	-9973.37
442	0.0037121	-9648.52
443	0.0037121	-9922.21
444	0.0037121	-10025.6
445	0.0037121	-10022.3
446	0.0037121	-10449.8
447	0.0037121	-10407.5
448	0.0037121	-10191.2
449	0.0037121	-10311.9
450	0.0037121	-9622.05
451	0.0037121	-9598.78
452	0.0037121	-10394.1
453	0.0037121	-10335.2
454	0.0037121	-9172.78
455	0.0037121	-10030.7
456	0.0037121	-10264.2
457	0.0037121	-9387.31
458	0.0037121	-9783.9
459	0.0037121	-9653.35
460	0.0037121	-10051.3
461	0.0037121	-10595.7
462	0.0037121	-9602.84
463	0.0037121	-10773.9
464	0.0037121	-10909
465	0.0037121	-10743.2
466	0.0037121	-10178.4
467	0.0037121	-10598.2
468	0.0037121	-10886.5
469	0.0037121	-10740.7
470	0.0037121	-10699.9
471	0.0037121	-10297.7
472	0.0037121	-10045.7
473	0.0037121	-10517.7
474	0.0037121	-9644.85
475	0.0037121	-9849.4
476	0.0037121	-9173.15
477	0.0037121	-10718
478	0.0037121	-10217.4
479	0.0037121	-9678.48
480	0.0037121	-9827.6
481	0.0037121	-9369.38
482	0.0037121	-9351.87
483	0.0037121	-9846.99
484	0.0037121	-10167
485	0.0037121	-9685.63
486	0.0037121	-10146.6
487	0.0037121	-9841.96
488	0.0037121	-9884.78
489	0.0037121	-9764.17
490	0.0037121	-10446.8
491	0.0037121	-11112.5
492	0.0037121	-10434.9
493	0.0037121	-10470.4
494	0.0037121	-10452.4
495	0.0037121	-10822.5
496	0.0037121	-10347.2
497	0.0037121	-10734.2
498	0.0037121	-10446.5
499	0.0037121	-10350.2
500	0.0037121	-9858.23
501	0.0037121	-10198.2
502	0.0037121	-10704.3
503	0.0037121	-9585.62
504	0.0037121	-9387.76
505	0.0037121	-9288.49
506	0.0037121	-10177.1
507	0.0037121	-9877.05
508	0.0037121	-9714.91
509	0.0037121	-10240.8
510	0.0037121	-10152.1
511	0.0037121	-10444.9
512	0.0037121	-9787.37
513	0.0037121	-10271.8
514	0.0037121	-10814.5
515	0.0037121	-10015.2
516	0.0037121	-9568.98
517	0.0037121	-10131.2
518	0.0037121	-10573.2
519	0.0037121	-11074.7
520	0.0037121	-10486.4
521	0.0037121	-9475.42
522	0.0037121	-9934.87
523	0.0037121	-9527.83
524	0.0037121	-11431
525	0.0037121	-10196.1
526	0.0037121	-9968.24
527	0.0037121	-10141.1
528	0.0037121	-9638.23
529	0.0037121	-8814.5
530	0.0037121	-10026.5
531	0.0037121	-9009.64
532	0.0037121	-8913.19
533	0.0037121	-9653.53
534	0.0037121	-10271.8
535	0.0037121	-10592.3
536	0.0037121	-10929.7
537	0.0037121	-10206.6
538	0.0037121	-9662.83
539	0.0037121	-9698.21
540	0.0037121	-10145.5
541	0.0037121	-9796.33
542	0.0037121	-9195.28
543	0.0037121	-10659.9
544	0.0037121	-10157.1
545	0.0037121	-9207.81
546	0.0037121	-9778.87
547	0.0037121	-9401.45
548	0.0037121	-9897.93
549	0.0037121	-11150.6
550	0.0037121	-11618.1
551	0.0037121	-9575.6
552	0.0037121	-9958.79
553	0.0037121	-11184.1
554	0.0037121	-10068.5
555	0.0037121	-10792.7
556	0.0037121	-10398.8
557	0.0037121	-10342.9
558	0.0037121	-10256.4
559	0.0037121	-9633.34
560	0.0037121	-10277
561	0.0037121	-9882.85
562	0.0037121	-9859.95
563	0.0037121	-10020.5
564	0.0037121	-9487.99
565	0.0037121	-9281.83
566	0.0037121	-9899.33
567	0.0037121	-10151.1
568	0.0037121	-9649.73
569	0.0037121	-10073.4
570	0.0037121	-10321.7
571	0.0037121	-10289.8
572	0.0037121	-10004.9
573	0.0037121	-9958.01
574	0.0037121	-10205.3
575	0.0037121	-9518.9
576	0.0037121	-10044.1
577	0.0037121	-10170.8
578	0.0037121	-10233.4
579	0.0037121	-10719.2
580	0.0037121	-10463
581	0.0037121	-9431.32
582	0.0037121	-10058.8
583	0.0037121	-10070.8
584	0.0037121	-11500
585	0.0037121	-10642.6
586	0.0037121	-10491.1
587	0.0037121	-10609.1
588	0.0037121	-10551.4
589	0.0037121	-9836.46
590	0.0037121	-10346.5
591	0.0037121	-10009.4
592	0.0037121	-10499.6
593	0.0037121	-9723.82
594	0.0037121	-10129.4
595	0.0037121	-9783.98
596	0.0037121	-10494.3
597	0.0037121	-10212.1
598	0.0037121	-9713.28
599	0.0037121	-9612.14
600	0.0037121	-10429.8
601	0.0037121	-9989.03
602	0.0037121	-10073.8
603	0.0037121	-9657.01
604	0.0037121	-9714.26
605	0.0037121	-10348.7
606	0.0037121	-10927.6
607	0.0037121	-9972.45
608	0.0037121	-10819.8
609	0.0037121	-9598.81
610	0.0037121	-9965.79
611	0.0037121	-9666.91
612	0.0037121	-9287
613	0.0037121	-9354.89
614	0.0037121	-9746.8
615	0.0037121	-10379.1
616	0.0037121	-11168.5
617	0.0037121	-10070.4
618	0.0037121	-10648.3
619	0.0037121	-10588.2
620	0.0037121	-10295.2
621	0.0037121	-9974.26
622	0.0037121	-9858.92
623	0.0037121	-10615.5
624	0.0037121	-10209.2
625	0.0037121	-10405.9
626	0.0037121	-10846
627	0.0037121	-9825.28
628	0.0037121	-9776.09
629	0.0037121	-9939.28
630	0.0037121	-9559.29
631	0.0037121	-10447.8
632	0.0037121	-10303.3
633	0.0037121	-9785.36
634	0.0037121	-10310.3
635	0.0037121	-9662.65
636	0.0037121	-10574.1
637	0.0037121	-10728.9
638	0.0037121	-9586.23
639	0.0037121	-9558.49
640	0.0037121	-9214.2
641	0.0037121	-10154.8
642	0.0037121	-9833.76
643	0.0037121	-10034.6
644	0.0037121	-10020.1
645	0.0037121	-10399.5
646	0.0037121	-9915.92
647	0.0037121	-10343.1
648	0.0037121	-10851.8
649	0.0037121	-11237.3
650	0.0037121	-10520.1
651	0.0037121	-10647.8
652	0.0037121	-10084.1
653	0.0037121	-10530.4
654	0.0037121	-10213
655	0.0037121	-10184.1
656	0.0037121	-10324.6
657	0.0037121	-10936.1
658	0.0037121	-10469.6
659	0.0037121	-10596.1
660	0.0037121	-10589.2
661	0.0037121	-10361.7
662	0.0037121	-10066.2
663	0.0037121	-11220.2
664	0.0037121	-10092.3
665	0.0037121	-10701.1
666	0.0037121	-10257.3
667	0.0037121	-10302.1
668	0.0037121	-10753.8
669	0.0037121	-10374.6
670	0.0037121	-10656.9
671	0.0037121	-11563.4
672	0.0037121	-10958.4
673	0.0037121	-10754
674	0.0037121	-10240
675	0.0037121	-10333.2
676	0.0037121	-10667
677	0.0037121	-10501.2
678	0.0037121	-10665.8
679	0.0037121	-9737.42
680	0.0037121	-9624.09
681	0.0037121	-10003.8
682	0.0037121	-9683.1
683	0.0037121	-10179.1
684	0.0037121	-9840.16
685	0.0037121	-9964.78
686	0.0037121	-10228.4
687	0.0037121	-10331.8
688	0.0037121	-10384.3
689	0.0037121	-10646.2
690	0.0037121	-10657.2
691	0.0037121	-9651.89
692	0.0037121	-9766.16
693	0.0037121	-9860.57
694	0.0037121	-11058.8
695	0.0037121	-10689.1
696	0.0037121	-9733.61
697	0.0037121	-9604.94
698	0.0037121	-9630.44
699	0.0037121	-9783.05
700	0.0037121	-10170.2
701	0.0037121	-9923.23
702	0.0037121	-9643.57
703	0.0037121	-10000.4
704	0.0037121	-10678.8
705	0.0037121	-10670.4
706	0.0037121	-10223.6
707	0.0037121	-10225.4
708	0.0037121	-10234.9
709	0.0037121	-10679.2
710	0.0037121	-9666.75
711	0.0037121	-10116.8
712	0.0037121	-10649.5
713	0.0037121	-10056.9
714	0.0037121	-10390.8
715	0.0037121	-9787.26
716	0.0037121	-10542.2
717	0.0037121	-10986.8
718	0.0037121	-10774.5
719	0.0037121	-10563.1
720	0.0037121	-10228.1
721	0.0037121	-9846.32
722	0.0037121	-10210.7
723	0.0037121	-10198.5
724	0.0037121	-9377.95
725	0.0037121	-9359.94
726	0.0037121	-10131.6
727	0.0037121	-9972.31
728	0.0037121	-9930.57
729	0.0037121	-10058.5
730	0.0037121	-10228
731	0.0037121	-9605.15
732	0.0037121	-10575.4
733	0.0037121	-10364.3
734	0.0037121	-10646.6
735	0.0037121	-10288.7
736	0.0037121	-11527
737	0.0037121	-9756.07
738	0.0037121	-10637.9
739	0.0037121	-10413.8
740	0.0037121	-10272.5
741	0.0037121	-10435.2
742	0.0037121	-10358.6
743	0.0037121	-9681.8
744	0.0037121	-11684.4
745	0.0037121	-10368.9
746	0.0037121	-9830.39
747	0.0037121	-10146.4
748	0.0037121	-10970.1
749	0.0037121	-11809.3
750	0.0037121	-10869.2
751	0.0037121	-10312.9
752	0.0037121	-10743.9
753	0.0037121	-10604.9
754	0.0037121	-9909.44
755	0.0037121	-11067.1
756	0.0037121	-10563.5
757	0.0037121	-10327.2
758	0.0037121	-9588.78
759	0.0037121	-9918.31
760	0.0037121	-9680.38
761	0.0037121	-9045.29
762	0.0037121	-10478.6
763	0.0037121	-10238.5
764	0.0037121	-9985.22
765	0.0037121	-10295
766	0.0037121	-10672.4
767	0.0037121	-10299.1
768	0.0037121	-11420
769	0.0037121	-10262.4
770	0.0037121	-10589.5
771	0.0037121	-10665.1
772	0.0037121	-10374.6
773	0.0037121	-11053.7
774	0.0037121	-10502.7
775	0.0037121	-10747.4
776	0.0037121	-10796.8
777	0.0037121	-10813.3
778	0.0037121	-10310.7
779	0.0037121	-10050.5
780	0.0037121	-10245.7
781	0.0037121	-9886.27
782	0.0037121	-10765.3
783	0.0037121	-9846.25
784	0.0037121	-10674.4
785	0.0037121	-11165.7
786	0.0037121	-10503.1
787	0.0037121	-9511.24
788	0.0037121	-9467.46
789	0.0037121	-9736.52
790	0.0037121	-9073.29
791	0.0037121	-10022.2
792	0.0037121	-10038
793	0.0037121	-10217
794	0.0037121	-9752.75
795	0.0037121	-10003.8
796	0.0037121	-9730.36
797	0.0037121	-9863.07
798	0.0037121	-9456.01
799	0.0037121	-9688.81
800	0.0037121	-9375.3
801	0.0037121	-9500.65
802	0.0037121	-9277.04
803	0.0037121	-10263.4
804	0.0037121	-9698.54
805	0.0037121	-9818.86
806	0.0037121	-9520.17
807	0.0037121	-10349.3
808	0.0037121	-10208
809	0.0037121	-10608.4
810	0.0037121	-10415.8
811	0.0037121	-10044.3
812	0.0037121	-10216.6
813	0.0037121	-10165.5
814	0.0037121	-9920.83
815	0.0037121	-10497.1
816	0.0037121	-10251.6
817	0.0037121	-10878.6
818	0.0037121	-10895.1
819	0.0037121	-9984.49
820	0.0037121	-9259.92
821	0.0037121	-9863.53
822	0.0037121	-10187.3
823	0.0037121	-10168.4
824	0.0037121	-10216
825	0.0037121	-9441.81
826	0.0037121	-10648.1
827	0.0037121	-10081.5
828	0.0037121	-9871.37
829	0.0037121	-9465.65
830	0.0037121	-10179.5
831	0.0037121	-9930.47
832	0.0037121	-9942.05
833	0.0037121	-9522
834	0.0037121	-10664.7
835	0.0037121	-9500.75
836	0.0037121	-9623.35
837	0.0037121	-9922.63
838	0.0037121	-10175.3
839	0.0037121	-9662.38
840	0.0037121	-10669
841	0.0037121	-11014.1
842	0.0037121	-11020
843	0.0037121	-10339.2
844	0.0037121	-11082.1
845	0.0037121	-9137.69
846	0.0037121	-9671.87
847	0.0037121	-10187.7
848	0.0037121	-10612.5
849	0.0037121	-9865.49
850	0.0037121	-10203.9
851	0.0037121	-9525.04
852	0.0037121	-9707.31
853	0.0037121	-9941.36
854	0.0037121	-9871.42
855	0.0037121	-9828.89
856	0.0037121	-9746.84
857	0.0037121	-9743.53
858	0.0037121	-9622.2
859	0.0037121	-9905.86
860	0.0037121	-9611.93
861	0.0037121	-10755.1
862	0.0037121	-9577.37
863	0.0037121	-9829.11
864	0.0037121	-9029.32
865	0.0037121	-9499.02
866	0.0037121	-10487
867	0.0037121	-9954.46
868	0.0037121	-10860.9
869	0.0037121	-9998.65
870	0.0037121	-10378.9
871	0.0037121	-10594.1
872	0.0037121	-10542.3
873	0.0037121	-9602.6
874	0.0037121	-9718.7
875	0.0037121	-9598.67
876	0.0037121	-10251.6
877	0.0037121	-10057.5
878	0.0037121	-10949.2
879	0.0037121	-10326.9
880	0.0037121	-10010.1
881	0.0037121	-10346.5
882	0.0037121	-10530.7
883	0.0037121	-9693.59
884	0.0037121	-9295.28
885	0.0037121	-9599.65
886	0.0037121	-10287.8
887	0.0037121	-10606.1
888	0.0037121	-9303.53
889	0.0037121	-10007.2
890	0.0037121	-10398.9
891	0.0037121	-9727.67
892	0.0037121	-9469.8
893	0.0037121	-9322.14
894	0.0037121	-9594.15
895	0.0037121	-9597.08
896	0.0037121	-9901.92
897	0.0037121	-10020.9
898	0.0037121	-10255
899	0.0037121	-10257.8
900	0.0037121	-9967.88
901	0.0037121	-10429.9
902	0.0037121	-10360.6
903	0.0037121	-10174.9
904	0.0037121	-9522.25
905	0.0037121	-10552.2
906	0.0037121	-10298.3
907	0.0037121	-9485.21
908	0.0037121	-10134
909	0.0037121	-10019.8
910	0.0037121	-10426.2
911	0.0037121	-10085.4
912	0.0037121	-9918.68
913	0.0037121	-10206.5
914	0.0037121	-10666.8
915	0.0037121	-10073.7
916	0.0037121	-10816.8
917	0.0037121	-10416.4
918	0.0037121	-9372
919	0.0037121	-10211.3
920	0.0037121	-9813.37
921	0.0037121	-9904.25
922	0.0037121	-10515.2
923	0.0037121	-10709.9
924	0.0037121	-11181
925	0.0037121	-9799.28
926	0.0037121	-10475.6
927	0.0037121	-10109.9
928	0.0037121	-10573.7
929	0.0037121	-11239.1
930	0.0037121	-10812
931	0.0037121	-10492.5
932	0.0037121	-9640.82
933	0.0037121	-9997.63
934	0.0037121	-9905.43
935	0.0037121	-10272.4
936	0.0037121	-10278.6
937	0.0037121	-10463.8
938	0.0037121	-9762.76
939	0.0037121	-9633.57
940	0.0037121	-10679
941	0.0037121	-10259
942	0.0037121	-10628.5
943	0.0037121	-10718.3
944	0.0037121	-9532.34
945	0.0037121	-10893.9
946	0.0037121	-10133
947	0.0037121	-9498.58
948	0.0037121	-10372.8
949	0.0037121	-9709.7
950	0.0037121	-9337.32
951	0.0037121	-9298.51
952	0.0037121	-9421.4
953	0.0037121	-10494.5
954	0.0037121	-10704.9
955	0.0037121	-9528.55
956	0.0037121	-10090.2
957	0.0037121	-9569.96
958	0.0037121	-10911.8
959	0.0037121	-10699
960	0.0037121	-11080.7
961	0.0037121	-10584.7
962	0.0037121	-10166.3
963	0.0037121	-9874.38
964	0.0037121	-9867.17
965	0.0037121	-11075.3
966	0.0037121	-9486.34
967	0.0037121	-9861.96
968	0.0037121	-9173.62
969	0.0037121	-10297.2
970	0.0037121	-10421.6
971	0.0037121	-10422.5
972	0.0037121	-9811.49
973	0.0037121	-9829.87
974	0.0037121	-9934.01
975	0.0037121	-9049.44
976	0.0037121	-10002.3
977	0.0037121	-9567.03
978	0.0037121	-10062.5
979	0.0037121	-9912.4
980	0.0037121	-9501.68
981	0.0037121	-9916.53
982	0.0037121	-9747.94
983	0.0037121	-9681.13
984	0.0037121	-9673.93
985	0.0037121	-10344
986	0.0037121	-9629.01
987	0.0037121	-10086.7
988	0.0037121	-10059.2
989	0.0037121	-9900.47
990	0.0037121	-10431.2
991	0.0037121	-10108.6
992	0.0037121	-10394
993	0.0037121	-10455.7
994	0.0037121	-11587.1
995	0.0037121	-10295.5
996	0.0037121	-10282.8
997	0.0037121	-10153.1
998	0.0037121	-9777.55
999	0.0037121	-9597.37
1000	0.0037121	-9946.42
