state	power	likelihood
251	0.118787	-8097.38
252	0.118787	-8079.01
253	0.118787	-8107.28
254	0.118787	-8109.18
255	0.118787	-8087.87
256	0.118787	-8083.64
257	0.118787	-8157.71
258	0.118787	-8088.07
259	0.118787	-8094.69
260	0.118787	-8117.32
261	0.118787	-8092.34
262	0.118787	-8109.78
263	0.118787	-8091.95
264	0.118787	-8066.42
265	0.118787	-8070.69
266	0.118787	-8062.81
267	0.118787	-8091.49
268	0.118787	-8087.19
269	0.118787	-8124.26
270	0.118787	-8099.9
271	0.118787	-8099.63
272	0.118787	-8085
273	0.118787	-8098.64
274	0.118787	-8088.38
275	0.118787	-8124.43
276	0.118787	-8124.64
277	0.118787	-8128.14
278	0.118787	-8147.11
279	0.118787	-8102.61
280	0.118787	-8100.82
281	0.118787	-8129.25
282	0.118787	-8106.16
283	0.118787	-8124.5
284	0.118787	-8087.22
285	0.118787	-8099.91
286	0.118787	-8058.64
287	0.118787	-8019.1
288	0.118787	-8058.15
289	0.118787	-8078.59
290	0.118787	-8090.58
291	0.118787	-8056.36
292	0.118787	-8070.69
293	0.118787	-8150.55
294	0.118787	-8114.56
295	0.118787	-8202.2
296	0.118787	-8117.61
297	0.118787	-8110.82
298	0.118787	-8099.2
299	0.118787	-8078.42
300	0.118787	-8067.88
301	0.118787	-8106.09
302	0.118787	-8073.97
303	0.118787	-8046.71
304	0.118787	-8047.59
305	0.118787	-8094.09
306	0.118787	-8110.36
307	0.118787	-8120.43
308	0.118787	-8167.01
309	0.118787	-8159.85
310	0.118787	-8137.32
311	0.118787	-8092.98
312	0.118787	-8076.13
313	0.118787	-8146.65
314	0.118787	-8112.45
315	0.118787	-8128.59
316	0.118787	-8154.56
317	0.118787	-8191.09
318	0.118787	-8177.48
319	0.118787	-8152.34
320	0.118787	-8150.39
321	0.118787	-8126.13
322	0.118787	-8111.78
323	0.118787	-8113.73
324	0.118787	-8137.98
325	0.118787	-8134.61
326	0.118787	-8142.53
327	0.118787	-8117.93
328	0.118787	-8138.28
329	0.118787	-8111.18
330	0.118787	-8088.58
331	0.118787	-8105.42
332	0.118787	-8084.92
333	0.118787	-8109.88
334	0.118787	-8113.33
335	0.118787	-8144.53
336	0.118787	-8126.73
337	0.118787	-8047.53
338	0.118787	-8050.86
339	0.118787	-8054.81
340	0.118787	-8080.97
341	0.118787	-8073.3
342	0.118787	-8058.93
343	0.118787	-8050.15
344	0.118787	-8108.93
345	0.118787	-8106.22
346	0.118787	-8091.34
347	0.118787	-8144.1
348	0.118787	-8131.54
349	0.118787	-8130.11
350	0.118787	-8075.94
351	0.118787	-8101.73
352	0.118787	-8098.63
353	0.118787	-8091.02
354	0.118787	-8109.73
355	0.118787	-8095.94
356	0.118787	-8087.78
357	0.118787	-8102.38
358	0.118787	-8091.81
359	0.118787	-8105.52
360	0.118787	-8048.46
361	0.118787	-8084.53
362	0.118787	-8123.05
363	0.118787	-8111.82
364	0.118787	-8095.27
365	0.118787	-8086.28
366	0.118787	-8129.73
367	0.118787	-8095.07
368	0.118787	-8094.99
369	0.118787	-8106.08
370	0.118787	-8086.98
371	0.118787	-8112.41
372	0.118787	-8093.88
373	0.118787	-8096.17
374	0.118787	-8110.57
375	0.118787	-8086.97
376	0.118787	-8142.16
377	0.118787	-8101.04
378	0.118787	-8067.69
379	0.118787	-8080.77
380	0.118787	-8068.24
381	0.118787	-8070.41
382	0.118787	-8125.69
383	0.118787	-8101.9
384	0.118787	-8130.98
385	0.118787	-8130.5
386	0.118787	-8098.15
387	0.118787	-8075.37
388	0.118787	-8115.32
389	0.118787	-8109.42
390	0.118787	-8102.94
391	0.118787	-8084.45
392	0.118787	-8122.48
393	0.118787	-8116.85
394	0.118787	-8066.18
395	0.118787	-8085.4
396	0.118787	-8095.09
397	0.118787	-8121.05
398	0.118787	-8175.2
399	0.118787	-8114.55
400	0.118787	-8122.73
401	0.118787	-8092.55
402	0.118787	-8115.2
403	0.118787	-8109.18
404	0.118787	-8109.21
405	0.118787	-8081.04
406	0.118787	-8075.82
407	0.118787	-8097.73
408	0.118787	-8125.52
409	0.118787	-8098.11
410	0.118787	-8105.61
411	0.118787	-8100.26
412	0.118787	-8050.97
413	0.118787	-8084.28
414	0.118787	-8064.71
415	0.118787	-8085
416	0.118787	-8067.47
417	0.118787	-8127.88
418	0.118787	-8135.2
419	0.118787	-8067.11
420	0.118787	-8065.79
421	0.118787	-8078.58
422	0.118787	-8113.12
423	0.118787	-8099.84
424	0.118787	-8100.39
425	0.118787	-8089.88
426	0.118787	-8091.29
427	0.118787	-8120.42
428	0.118787	-8106.49
429	0.118787	-8126.43
430	0.118787	-8103.9
431	0.118787	-8119.75
432	0.118787	-8137.86
433	0.118787	-8127.12
434	0.118787	-8158.76
435	0.118787	-8109.17
436	0.118787	-8092.74
437	0.118787	-8084.82
438	0.118787	-8101.87
439	0.118787	-8086.82
440	0.118787	-8095.09
441	0.118787	-8104.98
442	0.118787	-8080.35
443	0.118787	-8034.11
444	0.118787	-8073.01
445	0.118787	-8108.33
446	0.118787	-8152.71
447	0.118787	-8124.9
448	0.118787	-8155.9
449	0.118787	-8153.24
450	0.118787	-8146.66
451	0.118787	-8147.63
452	0.118787	-8083.33
453	0.118787	-8056.39
454	0.118787	-8066.19
455	0.118787	-8057.05
456	0.118787	-8077.07
457	0.118787	-8107.72
458	0.118787	-8064.02
459	0.118787	-8062.96
460	0.118787	-8090.29
461	0.118787	-8158.2
462	0.118787	-8123.73
463	0.118787	-8108.02
464	0.118787	-8121.28
465	0.118787	-8124.14
466	0.118787	-8123.96
467	0.118787	-8099.76
468	0.118787	-8105.28
469	0.118787	-8119.17
470	0.118787	-8124.56
471	0.118787	-8115.44
472	0.118787	-8104.64
473	0.118787	-8151.81
474	0.118787	-8122.91
475	0.118787	-8168.6
476	0.118787	-8135.42
477	0.118787	-8147.65
478	0.118787	-8170.41
479	0.118787	-8167.15
480	0.118787	-8179.07
481	0.118787	-8115.26
482	0.118787	-8095.01
483	0.118787	-8081.7
484	0.118787	-8068.42
485	0.118787	-8162.6
486	0.118787	-8194.25
487	0.118787	-8156.94
488	0.118787	-8098.9
489	0.118787	-8142.35
490	0.118787	-8105.66
491	0.118787	-8150.85
492	0.118787	-8116.28
493	0.118787	-8125.51
494	0.118787	-8061.11
495	0.118787	-8084.57
496	0.118787	-8108.04
497	0.118787	-8097.25
498	0.118787	-8079.2
499	0.118787	-8124.81
500	0.118787	-8112.82
501	0.118787	-8094.44
502	0.118787	-8127.06
503	0.118787	-8148.85
504	0.118787	-8174.91
505	0.118787	-8137.76
506	0.118787	-8127.29
507	0.118787	-8121.35
508	0.118787	-8140.13
509	0.118787	-8188.52
510	0.118787	-8120.6
511	0.118787	-8107.7
512	0.118787	-8110.73
513	0.118787	-8110.49
514	0.118787	-8131.61
515	0.118787	-8101
516	0.118787	-8093.1
517	0.118787	-8090.14
518	0.118787	-8133.96
519	0.118787	-8113.87
520	0.118787	-8084.34
521	0.118787	-8108.57
522	0.118787	-8111.56
523	0.118787	-8095.8
524	0.118787	-8085.77
525	0.118787	-8115.79
526	0.118787	-8104.58
527	0.118787	-8107.29
528	0.118787	-8090.01
529	0.118787	-8144.44
530	0.118787	-8116
531	0.118787	-8107.79
532	0.118787	-8078.03
533	0.118787	-8123.66
534	0.118787	-8107.89
535	0.118787	-8090.7
536	0.118787	-8049.55
537	0.118787	-8088
538	0.118787	-8076.84
539	0.118787	-8051.03
540	0.118787	-8114.41
541	0.118787	-8107.35
542	0.118787	-8083.16
543	0.118787	-8106.96
544	0.118787	-8108.3
545	0.118787	-8079.59
546	0.118787	-8119.78
547	0.118787	-8152.46
548	0.118787	-8223.98
549	0.118787	-8157.59
550	0.118787	-8138.73
551	0.118787	-8114.17
552	0.118787	-8139.39
553	0.118787	-8161.78
554	0.118787	-8153.77
555	0.118787	-8217.94
556	0.118787	-8203.45
557	0.118787	-8167.87
558	0.118787	-8101.3
559	0.118787	-8160.31
560	0.118787	-8158.94
561	0.118787	-8112.15
562	0.118787	-8137.35
563	0.118787	-8151.22
564	0.118787	-8140.15
565	0.118787	-8125.42
566	0.118787	-8134.35
567	0.118787	-8147.14
568	0.118787	-8165.29
569	0.118787	-8149
570	0.118787	-8128.84
571	0.118787	-8145.67
572	0.118787	-8140.87
573	0.118787	-8124.27
574	0.118787	-8133.62
575	0.118787	-8140.6
576	0.118787	-8153.09
577	0.118787	-8102.07
578	0.118787	-8069.25
579	0.118787	-8060.57
580	0.118787	-8111.28
581	0.118787	-8100.83
582	0.118787	-8129.83
583	0.118787	-8133.47
584	0.118787	-8115.92
585	0.118787	-8133.47
586	0.118787	-8105.66
587	0.118787	-8132.98
588	0.118787	-8097.65
589	0.118787	-8125.43
590	0.118787	-8107.41
591	0.118787	-8103.52
592	0.118787	-8069.25
593	0.118787	-8077.98
594	0.118787	-8051.73
595	0.118787	-8049.35
596	0.118787	-8084.26
597	0.118787	-8097.54
598	0.118787	-8129.86
599	0.118787	-8151.39
600	0.118787	-8102.88
601	0.118787	-8106.39
602	0.118787	-8105.33
603	0.118787	-8093.88
604	0.118787	-8078.79
605	0.118787	-8133.83
606	0.118787	-8106.08
607	0.118787	-8081.75
608	0.118787	-8089.65
609	0.118787	-8140.28
610	0.118787	-8128.86
611	0.118787	-8120.11
612	0.118787	-8126.56
613	0.118787	-8186.12
614	0.118787	-8152.35
615	0.118787	-8096.01
616	0.118787	-8099.18
617	0.118787	-8103.61
618	0.118787	-8101.87
619	0.118787	-8088.24
620	0.118787	-8068.56
621	0.118787	-8090.25
622	0.118787	-8082.27
623	0.118787	-8086.59
624	0.118787	-8085.65
625	0.118787	-8074.26
626	0.118787	-8126.23
627	0.118787	-8109.11
628	0.118787	-8116.04
629	0.118787	-8149.41
630	0.118787	-8131.71
631	0.118787	-8095.86
632	0.118787	-8119.79
633	0.118787	-8157.26
634	0.118787	-8156.6
635	0.118787	-8151.08
636	0.118787	-8153.14
637	0.118787	-8124.54
638	0.118787	-8106.85
639	0.118787	-8070.67
640	0.118787	-8107.01
641	0.118787	-8101.14
642	0.118787	-8092.52
643	0.118787	-8112.35
644	0.118787	-8129.44
645	0.118787	-8111.84
646	0.118787	-8123.23
647	0.118787	-8167
648	0.118787	-8160.03
649	0.118787	-8097.54
650	0.118787	-8114.74
651	0.118787	-8072.15
652	0.118787	-8065.41
653	0.118787	-8079.29
654	0.118787	-8058.39
655	0.118787	-8131.5
656	0.118787	-8062.44
657	0.118787	-8099.9
658	0.118787	-8082.86
659	0.118787	-8095.01
660	0.118787	-8152.78
661	0.118787	-8200.2
662	0.118787	-8174.04
663	0.118787	-8126.91
664	0.118787	-8067.82
665	0.118787	-8084.86
666	0.118787	-8075.71
667	0.118787	-8090.91
668	0.118787	-8124.24
669	0.118787	-8088.19
670	0.118787	-8095.4
671	0.118787	-8071.68
672	0.118787	-8113.54
673	0.118787	-8093.69
674	0.118787	-8109.37
675	0.118787	-8164.92
676	0.118787	-8085.19
677	0.118787	-8074.91
678	0.118787	-8089.22
679	0.118787	-8110.18
680	0.118787	-8152.58
681	0.118787	-8098.47
682	0.118787	-8101.69
683	0.118787	-8068.97
684	0.118787	-8160.02
685	0.118787	-8146.78
686	0.118787	-8109.27
687	0.118787	-8117.87
688	0.118787	-8056.79
689	0.118787	-8042.97
690	0.118787	-8077.15
691	0.118787	-8080.85
692	0.118787	-8082.38
693	0.118787	-8093.49
694	0.118787	-8143.9
695	0.118787	-8202.98
696	0.118787	-8231.11
697	0.118787	-8184.35
698	0.118787	-8139.22
699	0.118787	-8164.7
700	0.118787	-8125.69
701	0.118787	-8107.1
702	0.118787	-8142.92
703	0.118787	-8159.72
704	0.118787	-8110.31
705	0.118787	-8074.61
706	0.118787	-8087.58
707	0.118787	-8079.02
708	0.118787	-8085.32
709	0.118787	-8110.42
710	0.118787	-8152.28
711	0.118787	-8116.07
712	0.118787	-8093.23
713	0.118787	-8063.46
714	0.118787	-8085.37
715	0.118787	-8109.55
716	0.118787	-8088.43
717	0.118787	-8100.56
718	0.118787	-8120.56
719	0.118787	-8070.41
720	0.118787	-8064.46
721	0.118787	-8122.43
722	0.118787	-8134.25
723	0.118787	-8132.04
724	0.118787	-8120.84
725	0.118787	-8070.67
726	0.118787	-8085.27
727	0.118787	-8072.08
728	0.118787	-8091.92
729	0.118787	-8135.58
730	0.118787	-8070.21
731	0.118787	-8084.68
732	0.118787	-8112.47
733	0.118787	-8108.81
734	0.118787	-8118.33
735	0.118787	-8073.44
736	0.118787	-8062.37
737	0.118787	-8052.37
738	0.118787	-8093.99
739	0.118787	-8107.68
740	0.118787	-8079.93
741	0.118787	-8108.57
742	0.118787	-8107.7
743	0.118787	-8096.97
744	0.118787	-8101.95
745	0.118787	-8062.07
746	0.118787	-8082.92
747	0.118787	-8114.88
748	0.118787	-8101.67
749	0.118787	-8119.26
750	0.118787	-8077.73
751	0.118787	-8097.96
752	0.118787	-8104.24
753	0.118787	-8106.63
754	0.118787	-8096.19
755	0.118787	-8138.92
756	0.118787	-8096.8
757	0.118787	-8092.47
758	0.118787	-8107.58
759	0.118787	-8114.3
760	0.118787	-8135.67
761	0.118787	-8156.56
762	0.118787	-8144.29
763	0.118787	-8130.87
764	0.118787	-8144.11
765	0.118787	-8128.22
766	0.118787	-8098.01
767	0.118787	-8140.56
768	0.118787	-8131.81
769	0.118787	-8120.89
770	0.118787	-8120.32
771	0.118787	-8110.83
772	0.118787	-8107.06
773	0.118787	-8158.83
774	0.118787	-8130.73
775	0.118787	-8149.78
776	0.118787	-8136.05
777	0.118787	-8112.11
778	0.118787	-8081.46
779	0.118787	-8124.56
780	0.118787	-8074.38
781	0.118787	-8079.8
782	0.118787	-8061.09
783	0.118787	-8086.03
784	0.118787	-8047.52
785	0.118787	-8052.74
786	0.118787	-8086.92
787	0.118787	-8127.09
788	0.118787	-8082.58
789	0.118787	-8088.37
790	0.118787	-8096.35
791	0.118787	-8044.37
792	0.118787	-8118.23
793	0.118787	-8124.65
794	0.118787	-8073.81
795	0.118787	-8148.68
796	0.118787	-8135.76
797	0.118787	-8096.81
798	0.118787	-8134.11
799	0.118787	-8143.39
800	0.118787	-8152.03
801	0.118787	-8126.98
802	0.118787	-8146.38
803	0.118787	-8153.61
804	0.118787	-8122.71
805	0.118787	-8130.4
806	0.118787	-8107.27
807	0.118787	-8116.98
808	0.118787	-8090.9
809	0.118787	-8068.34
810	0.118787	-8081.34
811	0.118787	-8135.29
812	0.118787	-8115.17
813	0.118787	-8090.82
814	0.118787	-8124.75
815	0.118787	-8155.44
816	0.118787	-8088.4
817	0.118787	-8120.38
818	0.118787	-8120.52
819	0.118787	-8125.59
820	0.118787	-8078.19
821	0.118787	-8042.42
822	0.118787	-8086.75
823	0.118787	-8058.39
824	0.118787	-8120.76
825	0.118787	-8086.27
826	0.118787	-8120.51
827	0.118787	-8107.05
828	0.118787	-8150.33
829	0.118787	-8131.76
830	0.118787	-8124.84
831	0.118787	-8178.28
832	0.118787	-8136.87
833	0.118787	-8120.34
834	0.118787	-8130.99
835	0.118787	-8108.93
836	0.118787	-8142.86
837	0.118787	-8140.33
838	0.118787	-8157.43
839	0.118787	-8142.19
840	0.118787	-8145.98
841	0.118787	-8157.3
842	0.118787	-8125.3
843	0.118787	-8096.48
844	0.118787	-8166.06
845	0.118787	-8141.45
846	0.118787	-8124.56
847	0.118787	-8105.36
848	0.118787	-8124.08
849	0.118787	-8131.54
850	0.118787	-8074.49
851	0.118787	-8097.72
852	0.118787	-8100.18
853	0.118787	-8118.34
854	0.118787	-8125.97
855	0.118787	-8198.05
856	0.118787	-8118.73
857	0.118787	-8156
858	0.118787	-8175.2
859	0.118787	-8137.6
860	0.118787	-8124.05
861	0.118787	-8172.36
862	0.118787	-8162.14
863	0.118787	-8164.77
864	0.118787	-8064.18
865	0.118787	-8071.96
866	0.118787	-8085.21
867	0.118787	-8096.63
868	0.118787	-8114.28
869	0.118787	-8144.88
870	0.118787	-8112.46
871	0.118787	-8119.59
872	0.118787	-8140
873	0.118787	-8134.29
874	0.118787	-8131.39
875	0.118787	-8189.3
876	0.118787	-8150.36
877	0.118787	-8083.49
878	0.118787	-8022.63
879	0.118787	-8050.86
880	0.118787	-8049.19
881	0.118787	-8085.17
882	0.118787	-8124.04
883	0.118787	-8136.21
884	0.118787	-8119.46
885	0.118787	-8137.89
886	0.118787	-8128.84
887	0.118787	-8121.95
888	0.118787	-8106.8
889	0.118787	-8094.48
890	0.118787	-8088.64
891	0.118787	-8097.27
892	0.118787	-8143.3
893	0.118787	-8133.32
894	0.118787	-8117.2
895	0.118787	-8116.41
896	0.118787	-8132.38
897	0.118787	-8096.47
898	0.118787	-8097.18
899	0.118787	-8083.89
900	0.118787	-8090.11
901	0.118787	-8041.7
902	0.118787	-8076.21
903	0.118787	-8139.58
904	0.118787	-8077.13
905	0.118787	-8050.69
906	0.118787	-8055.85
907	0.118787	-8065.9
908	0.118787	-8120.66
909	0.118787	-8101.12
910	0.118787	-8143.56
911	0.118787	-8109.32
912	0.118787	-8149.64
913	0.118787	-8112.22
914	0.118787	-8112.6
915	0.118787	-8149.01
916	0.118787	-8115.78
917	0.118787	-8125.48
918	0.118787	-8170.5
919	0.118787	-8133.66
920	0.118787	-8099.02
921	0.118787	-8097.91
922	0.118787	-8100.48
923	0.118787	-8072.64
924	0.118787	-8123.15
925	0.118787	-8146.44
926	0.118787	-8117.67
927	0.118787	-8102.1
928	0.118787	-8088.42
929	0.118787	-8099.16
930	0.118787	-8092.31
931	0.118787	-8085.06
932	0.118787	-8075.77
933	0.118787	-8061.17
934	0.118787	-8134.75
935	0.118787	-8075.94
936	0.118787	-8093.51
937	0.118787	-8094.45
938	0.118787	-8055.67
939	0.118787	-8079.53
940	0.118787	-8066.64
941	0.118787	-8107.68
942	0.118787	-8136.69
943	0.118787	-8121.52
944	0.118787	-8155.98
945	0.118787	-8153.33
946	0.118787	-8080.38
947	0.118787	-8107.5
948	0.118787	-8094.49
949	0.118787	-8087.9
950	0.118787	-8092.48
951	0.118787	-8091.76
952	0.118787	-8188.39
953	0.118787	-8162.08
954	0.118787	-8183.46
955	0.118787	-8184.73
956	0.118787	-8138.3
957	0.118787	-8114.75
958	0.118787	-8148.63
959	0.118787	-8097.49
960	0.118787	-8134.24
961	0.118787	-8115.36
962	0.118787	-8089.22
963	0.118787	-8160.34
964	0.118787	-8100.79
965	0.118787	-8148.85
966	0.118787	-8144.6
967	0.118787	-8115.71
968	0.118787	-8171.26
969	0.118787	-8117.06
970	0.118787	-8104.67
971	0.118787	-8058.79
972	0.118787	-8079.17
973	0.118787	-8056.65
974	0.118787	-8114.8
975	0.118787	-8147.62
976	0.118787	-8102.06
977	0.118787	-8079.97
978	0.118787	-8099.61
979	0.118787	-8071.69
980	0.118787	-8058.76
981	0.118787	-8057.02
982	0.118787	-8125.22
983	0.118787	-8112.85
984	0.118787	-8100.63
985	0.118787	-8075.78
986	0.118787	-8060.73
987	0.118787	-8109.45
988	0.118787	-8095.17
989	0.118787	-8111.14
990	0.118787	-8098.88
991	0.118787	-8084.66
992	0.118787	-8096.18
993	0.118787	-8107.92
994	0.118787	-8124.53
995	0.118787	-8091.7
996	0.118787	-8062.77
997	0.118787	-8081.4
998	0.118787	-8066.25
999	0.118787	-8107
1000	0.118787	-8080.83
