state	power	likelihood
251	0.101351	-8099.81
252	0.101351	-8139.48
253	0.101351	-8078.38
254	0.101351	-8087.41
255	0.101351	-8059.81
256	0.101351	-8089.56
257	0.101351	-8129.88
258	0.101351	-8065.72
259	0.101351	-8108.25
260	0.101351	-8139.68
261	0.101351	-8093.29
262	0.101351	-8076.96
263	0.101351	-8104.79
264	0.101351	-8078.13
265	0.101351	-8103.05
266	0.101351	-8099.02
267	0.101351	-8104.97
268	0.101351	-8084.27
269	0.101351	-8073.81
270	0.101351	-8068.75
271	0.101351	-8124.12
272	0.101351	-8100.96
273	0.101351	-8147.53
274	0.101351	-8161.26
275	0.101351	-8182.24
276	0.101351	-8147.94
277	0.101351	-8159.63
278	0.101351	-8175.94
279	0.101351	-8206.53
280	0.101351	-8172.99
281	0.101351	-8142.75
282	0.101351	-8093.11
283	0.101351	-8134.07
284	0.101351	-8095.46
285	0.101351	-8140.09
286	0.101351	-8101.52
287	0.101351	-8178.76
288	0.101351	-8086.49
289	0.101351	-8102.55
290	0.101351	-8105.65
291	0.101351	-8092.92
292	0.101351	-8153.21
293	0.101351	-8127.52
294	0.101351	-8153.81
295	0.101351	-8196.86
296	0.101351	-8203.72
297	0.101351	-8076.43
298	0.101351	-8124.15
299	0.101351	-8105.48
300	0.101351	-8037.62
301	0.101351	-8064.84
302	0.101351	-8066.95
303	0.101351	-8067.99
304	0.101351	-8089.7
305	0.101351	-8115.77
306	0.101351	-8121.61
307	0.101351	-8088.86
308	0.101351	-8075.23
309	0.101351	-8086.31
310	0.101351	-8117.2
311	0.101351	-8168.93
312	0.101351	-8150.71
313	0.101351	-8175.12
314	0.101351	-8103.08
315	0.101351	-8097.28
316	0.101351	-8086.33
317	0.101351	-8102.64
318	0.101351	-8087.9
319	0.101351	-8120.07
320	0.101351	-8119.72
321	0.101351	-8090.23
322	0.101351	-8067.14
323	0.101351	-8062.59
324	0.101351	-8111.41
325	0.101351	-8132.97
326	0.101351	-8140.47
327	0.101351	-8158.21
328	0.101351	-8155.57
329	0.101351	-8238.51
330	0.101351	-8221.4
331	0.101351	-8192.34
332	0.101351	-8177.73
333	0.101351	-8136.12
334	0.101351	-8190.44
335	0.101351	-8174.86
336	0.101351	-8135.56
337	0.101351	-8121.45
338	0.101351	-8148.93
339	0.101351	-8136.37
340	0.101351	-8103.23
341	0.101351	-8112.5
342	0.101351	-8146.16
343	0.101351	-8089.01
344	0.101351	-8109.14
345	0.101351	-8105.36
346	0.101351	-8077.12
347	0.101351	-8077.61
348	0.101351	-8103.69
349	0.101351	-8107.69
350	0.101351	-8141.77
351	0.101351	-8189.53
352	0.101351	-8114.53
353	0.101351	-8125.49
354	0.101351	-8118.03
355	0.101351	-8082.29
356	0.101351	-8098.64
357	0.101351	-8102.54
358	0.101351	-8198.43
359	0.101351	-8114.56
360	0.101351	-8084.54
361	0.101351	-8045.08
362	0.101351	-8088.26
363	0.101351	-8108.92
364	0.101351	-8158.99
365	0.101351	-8146.01
366	0.101351	-8128.43
367	0.101351	-8121.03
368	0.101351	-8158.94
369	0.101351	-8137.13
370	0.101351	-8082.95
371	0.101351	-8092
372	0.101351	-8106
373	0.101351	-8118.81
374	0.101351	-8109.11
375	0.101351	-8089.12
376	0.101351	-8083.07
377	0.101351	-8111.56
378	0.101351	-8085.46
379	0.101351	-8089.09
380	0.101351	-8091.72
381	0.101351	-8113.82
382	0.101351	-8138.37
383	0.101351	-8121.91
384	0.101351	-8135.39
385	0.101351	-8101.55
386	0.101351	-8147.11
387	0.101351	-8071.22
388	0.101351	-8075.03
389	0.101351	-8109.35
390	0.101351	-8047.99
391	0.101351	-8096.73
392	0.101351	-8096.32
393	0.101351	-8113.85
394	0.101351	-8095.21
395	0.101351	-8120.77
396	0.101351	-8101.62
397	0.101351	-8081.44
398	0.101351	-8138.58
399	0.101351	-8117.34
400	0.101351	-8083.74
401	0.101351	-8136.95
402	0.101351	-8122.72
403	0.101351	-8096.1
404	0.101351	-8079.98
405	0.101351	-8089.87
406	0.101351	-8078.89
407	0.101351	-8105.96
408	0.101351	-8105.85
409	0.101351	-8070.14
410	0.101351	-8093.8
411	0.101351	-8070.66
412	0.101351	-8083.13
413	0.101351	-8146.81
414	0.101351	-8144.51
415	0.101351	-8193.32
416	0.101351	-8125.63
417	0.101351	-8102.15
418	0.101351	-8182.45
419	0.101351	-8183
420	0.101351	-8125.3
421	0.101351	-8122.52
422	0.101351	-8068.06
423	0.101351	-8083.6
424	0.101351	-8088.37
425	0.101351	-8054.74
426	0.101351	-8106.89
427	0.101351	-8135.94
428	0.101351	-8114.61
429	0.101351	-8147.04
430	0.101351	-8114.54
431	0.101351	-8146.26
432	0.101351	-8144.86
433	0.101351	-8159.4
434	0.101351	-8185.4
435	0.101351	-8137.04
436	0.101351	-8119.49
437	0.101351	-8068.95
438	0.101351	-8044.47
439	0.101351	-8074.9
440	0.101351	-8102.31
441	0.101351	-8120.98
442	0.101351	-8139.75
443	0.101351	-8105.16
444	0.101351	-8150.23
445	0.101351	-8108.13
446	0.101351	-8090.11
447	0.101351	-8061.71
448	0.101351	-8086.04
449	0.101351	-8153.44
450	0.101351	-8110.88
451	0.101351	-8088.1
452	0.101351	-8090.84
453	0.101351	-8133.43
454	0.101351	-8136.75
455	0.101351	-8163.14
456	0.101351	-8200.08
457	0.101351	-8130.81
458	0.101351	-8128.66
459	0.101351	-8137.78
460	0.101351	-8156.55
461	0.101351	-8150.48
462	0.101351	-8160.04
463	0.101351	-8163.11
464	0.101351	-8138.99
465	0.101351	-8148.84
466	0.101351	-8182.84
467	0.101351	-8168.38
468	0.101351	-8122.23
469	0.101351	-8121.28
470	0.101351	-8086.07
471	0.101351	-8078.26
472	0.101351	-8101.85
473	0.101351	-8108.87
474	0.101351	-8145.35
475	0.101351	-8123.17
476	0.101351	-8146.26
477	0.101351	-8139.14
478	0.101351	-8118.24
479	0.101351	-8154.45
480	0.101351	-8146.89
481	0.101351	-8119.68
482	0.101351	-8097.27
483	0.101351	-8146.19
484	0.101351	-8144.36
485	0.101351	-8133.68
486	0.101351	-8090.62
487	0.101351	-8088.66
488	0.101351	-8093.48
489	0.101351	-8094.7
490	0.101351	-8079.1
491	0.101351	-8096.51
492	0.101351	-8100.71
493	0.101351	-8090.08
494	0.101351	-8061.65
495	0.101351	-8047.37
496	0.101351	-8063.99
497	0.101351	-8060.85
498	0.101351	-8097.22
499	0.101351	-8153.27
500	0.101351	-8092.11
501	0.101351	-8089.35
502	0.101351	-8117.43
503	0.101351	-8078.56
504	0.101351	-8166.6
505	0.101351	-8153.34
506	0.101351	-8128.17
507	0.101351	-8137.52
508	0.101351	-8195.11
509	0.101351	-8191.39
510	0.101351	-8198.96
511	0.101351	-8175.49
512	0.101351	-8130.11
513	0.101351	-8208.48
514	0.101351	-8155.87
515	0.101351	-8133.91
516	0.101351	-8140.9
517	0.101351	-8097.2
518	0.101351	-8140.37
519	0.101351	-8180.16
520	0.101351	-8135.19
521	0.101351	-8187.44
522	0.101351	-8153.32
523	0.101351	-8123.89
524	0.101351	-8078.08
525	0.101351	-8135.59
526	0.101351	-8156.6
527	0.101351	-8128.57
528	0.101351	-8087.13
529	0.101351	-8069.29
530	0.101351	-8114.64
531	0.101351	-8144.31
532	0.101351	-8137.74
533	0.101351	-8157.22
534	0.101351	-8205.72
535	0.101351	-8233.67
536	0.101351	-8199.76
537	0.101351	-8133.69
538	0.101351	-8130.99
539	0.101351	-8151.09
540	0.101351	-8165.55
541	0.101351	-8176.51
542	0.101351	-8094.11
543	0.101351	-8094.29
544	0.101351	-8094.58
545	0.101351	-8112
546	0.101351	-8105.49
547	0.101351	-8088.34
548	0.101351	-8086.72
549	0.101351	-8115.95
550	0.101351	-8160.87
551	0.101351	-8239.99
552	0.101351	-8203.48
553	0.101351	-8188.12
554	0.101351	-8159.77
555	0.101351	-8164.11
556	0.101351	-8208.32
557	0.101351	-8129.82
558	0.101351	-8138.65
559	0.101351	-8112.63
560	0.101351	-8118.51
561	0.101351	-8135
562	0.101351	-8112.62
563	0.101351	-8123.9
564	0.101351	-8157.68
565	0.101351	-8130.31
566	0.101351	-8118.41
567	0.101351	-8132.62
568	0.101351	-8113.97
569	0.101351	-8149.9
570	0.101351	-8123.26
571	0.101351	-8093.45
572	0.101351	-8140.93
573	0.101351	-8132.2
574	0.101351	-8082.51
575	0.101351	-8066.92
576	0.101351	-8146.55
577	0.101351	-8145.11
578	0.101351	-8170.05
579	0.101351	-8151.72
580	0.101351	-8155.14
581	0.101351	-8116.93
582	0.101351	-8119.54
583	0.101351	-8102.29
584	0.101351	-8116.64
585	0.101351	-8102.74
586	0.101351	-8140.34
587	0.101351	-8125.44
588	0.101351	-8139.17
589	0.101351	-8094.48
590	0.101351	-8076.51
591	0.101351	-8145.95
592	0.101351	-8134.96
593	0.101351	-8117.4
594	0.101351	-8128.52
595	0.101351	-8106.54
596	0.101351	-8088.33
597	0.101351	-8134.68
598	0.101351	-8125.07
599	0.101351	-8050.45
600	0.101351	-8087.01
601	0.101351	-8100.81
602	0.101351	-8146.22
603	0.101351	-8209.83
604	0.101351	-8092.1
605	0.101351	-8114.24
606	0.101351	-8135.02
607	0.101351	-8161.02
608	0.101351	-8155.17
609	0.101351	-8166.1
610	0.101351	-8260.82
611	0.101351	-8119.96
612	0.101351	-8120.31
613	0.101351	-8083.58
614	0.101351	-8113.27
615	0.101351	-8153.6
616	0.101351	-8131.27
617	0.101351	-8133.76
618	0.101351	-8162.17
619	0.101351	-8158.15
620	0.101351	-8144.13
621	0.101351	-8158.81
622	0.101351	-8127.84
623	0.101351	-8195.07
624	0.101351	-8242.15
625	0.101351	-8167.09
626	0.101351	-8146.66
627	0.101351	-8150.94
628	0.101351	-8154.48
629	0.101351	-8104.34
630	0.101351	-8158.65
631	0.101351	-8133.66
632	0.101351	-8120.71
633	0.101351	-8086.56
634	0.101351	-8100.95
635	0.101351	-8144.47
636	0.101351	-8130.56
637	0.101351	-8084.49
638	0.101351	-8084.63
639	0.101351	-8121.34
640	0.101351	-8122.61
641	0.101351	-8064.72
642	0.101351	-8072.07
643	0.101351	-8075.78
644	0.101351	-8092.61
645	0.101351	-8098.6
646	0.101351	-8102.48
647	0.101351	-8084.08
648	0.101351	-8083.73
649	0.101351	-8128.01
650	0.101351	-8106.32
651	0.101351	-8072.45
652	0.101351	-8055.61
653	0.101351	-8140.91
654	0.101351	-8184.86
655	0.101351	-8123.16
656	0.101351	-8149.46
657	0.101351	-8170.23
658	0.101351	-8107.76
659	0.101351	-8071.84
660	0.101351	-8071.44
661	0.101351	-8092.07
662	0.101351	-8117.13
663	0.101351	-8073.2
664	0.101351	-8092.76
665	0.101351	-8147.3
666	0.101351	-8102.81
667	0.101351	-8136.92
668	0.101351	-8131.91
669	0.101351	-8125.35
670	0.101351	-8102.86
671	0.101351	-8131.88
672	0.101351	-8082.53
673	0.101351	-8122.86
674	0.101351	-8172.45
675	0.101351	-8198.74
676	0.101351	-8161.19
677	0.101351	-8154.9
678	0.101351	-8141.82
679	0.101351	-8171.93
680	0.101351	-8132.81
681	0.101351	-8147.1
682	0.101351	-8184.77
683	0.101351	-8157.64
684	0.101351	-8123.57
685	0.101351	-8085.46
686	0.101351	-8146.71
687	0.101351	-8143.1
688	0.101351	-8125.42
689	0.101351	-8141.54
690	0.101351	-8131.93
691	0.101351	-8112.79
692	0.101351	-8145.71
693	0.101351	-8186.41
694	0.101351	-8204.6
695	0.101351	-8197.7
696	0.101351	-8152.58
697	0.101351	-8134.43
698	0.101351	-8136.91
699	0.101351	-8147.35
700	0.101351	-8143.24
701	0.101351	-8105.43
702	0.101351	-8139.33
703	0.101351	-8176.15
704	0.101351	-8116.45
705	0.101351	-8088.53
706	0.101351	-8156.5
707	0.101351	-8226.45
708	0.101351	-8263.44
709	0.101351	-8224.59
710	0.101351	-8191.81
711	0.101351	-8157.82
712	0.101351	-8146.6
713	0.101351	-8105.19
714	0.101351	-8152.69
715	0.101351	-8135.48
716	0.101351	-8166.71
717	0.101351	-8165.71
718	0.101351	-8188.14
719	0.101351	-8176.17
720	0.101351	-8193.68
721	0.101351	-8172.79
722	0.101351	-8153.77
723	0.101351	-8127.67
724	0.101351	-8168.57
725	0.101351	-8192.03
726	0.101351	-8169.48
727	0.101351	-8109.43
728	0.101351	-8097.99
729	0.101351	-8167.35
730	0.101351	-8276.88
731	0.101351	-8111.46
732	0.101351	-8124.69
733	0.101351	-8111.77
734	0.101351	-8161.49
735	0.101351	-8207.04
736	0.101351	-8161.36
737	0.101351	-8127.32
738	0.101351	-8106.16
739	0.101351	-8075.16
740	0.101351	-8108.06
741	0.101351	-8147.45
742	0.101351	-8119.69
743	0.101351	-8178.01
744	0.101351	-8147.57
745	0.101351	-8170.8
746	0.101351	-8188.77
747	0.101351	-8120.07
748	0.101351	-8136.88
749	0.101351	-8135.12
750	0.101351	-8171.99
751	0.101351	-8153.82
752	0.101351	-8127.54
753	0.101351	-8146.73
754	0.101351	-8156.91
755	0.101351	-8175.43
756	0.101351	-8221.73
757	0.101351	-8167.76
758	0.101351	-8169.57
759	0.101351	-8211.56
760	0.101351	-8161.67
761	0.101351	-8197
762	0.101351	-8181.51
763	0.101351	-8170.42
764	0.101351	-8179.21
765	0.101351	-8138.22
766	0.101351	-8140.53
767	0.101351	-8152.82
768	0.101351	-8204.1
769	0.101351	-8240.58
770	0.101351	-8168.04
771	0.101351	-8152.76
772	0.101351	-8183.81
773	0.101351	-8193.48
774	0.101351	-8150.73
775	0.101351	-8177.65
776	0.101351	-8172.21
777	0.101351	-8179.18
778	0.101351	-8216.79
779	0.101351	-8228.66
780	0.101351	-8160.71
781	0.101351	-8195.73
782	0.101351	-8108
783	0.101351	-8147.76
784	0.101351	-8074.7
785	0.101351	-8103.79
786	0.101351	-8087.63
787	0.101351	-8110.24
788	0.101351	-8038.52
789	0.101351	-8076.59
790	0.101351	-8129.93
791	0.101351	-8129.72
792	0.101351	-8104.32
793	0.101351	-8122.91
794	0.101351	-8161.52
795	0.101351	-8066.91
796	0.101351	-8104
797	0.101351	-8093.05
798	0.101351	-8101.97
799	0.101351	-8129.73
800	0.101351	-8162.64
801	0.101351	-8139.17
802	0.101351	-8088
803	0.101351	-8074.19
804	0.101351	-8083.42
805	0.101351	-8072.73
806	0.101351	-8078.68
807	0.101351	-8097.43
808	0.101351	-8111.68
809	0.101351	-8134.52
810	0.101351	-8104.77
811	0.101351	-8139.18
812	0.101351	-8088.97
813	0.101351	-8090.52
814	0.101351	-8099.28
815	0.101351	-8117.51
816	0.101351	-8116.65
817	0.101351	-8115.2
818	0.101351	-8110.51
819	0.101351	-8134.51
820	0.101351	-8123.44
821	0.101351	-8099.91
822	0.101351	-8118.2
823	0.101351	-8120.55
824	0.101351	-8106.27
825	0.101351	-8129.97
826	0.101351	-8132.41
827	0.101351	-8198.94
828	0.101351	-8206.64
829	0.101351	-8128.2
830	0.101351	-8109.32
831	0.101351	-8082.94
832	0.101351	-8088.6
833	0.101351	-8101.77
834	0.101351	-8098.06
835	0.101351	-8145.64
836	0.101351	-8101.89
837	0.101351	-8088.65
838	0.101351	-8072.29
839	0.101351	-8134.26
840	0.101351	-8129.04
841	0.101351	-8091.3
842	0.101351	-8108.84
843	0.101351	-8159.51
844	0.101351	-8149.02
845	0.101351	-8087.56
846	0.101351	-8107.79
847	0.101351	-8151.58
848	0.101351	-8144.71
849	0.101351	-8179.75
850	0.101351	-8225.04
851	0.101351	-8131.14
852	0.101351	-8132.38
853	0.101351	-8172.24
854	0.101351	-8130.12
855	0.101351	-8114.96
856	0.101351	-8170.3
857	0.101351	-8228.02
858	0.101351	-8167.76
859	0.101351	-8155.76
860	0.101351	-8130.43
861	0.101351	-8113.12
862	0.101351	-8139.22
863	0.101351	-8146.87
864	0.101351	-8182.01
865	0.101351	-8190.16
866	0.101351	-8147.57
867	0.101351	-8142.1
868	0.101351	-8077.83
869	0.101351	-8044.52
870	0.101351	-8170.84
871	0.101351	-8119.59
872	0.101351	-8096.14
873	0.101351	-8093.09
874	0.101351	-8191.52
875	0.101351	-8159.24
876	0.101351	-8123.86
877	0.101351	-8076.86
878	0.101351	-8121.21
879	0.101351	-8087.9
880	0.101351	-8061.11
881	0.101351	-8124.07
882	0.101351	-8116.16
883	0.101351	-8149.99
884	0.101351	-8121.71
885	0.101351	-8169.43
886	0.101351	-8149.8
887	0.101351	-8101.82
888	0.101351	-8080.91
889	0.101351	-8132.89
890	0.101351	-8128.16
891	0.101351	-8164.75
892	0.101351	-8159.25
893	0.101351	-8222.67
894	0.101351	-8159.17
895	0.101351	-8110.81
896	0.101351	-8171.3
897	0.101351	-8125.6
898	0.101351	-8113.85
899	0.101351	-8141.69
900	0.101351	-8130.07
901	0.101351	-8101.61
902	0.101351	-8105.66
903	0.101351	-8125.7
904	0.101351	-8162.09
905	0.101351	-8160.14
906	0.101351	-8104.78
907	0.101351	-8104.14
908	0.101351	-8125.58
909	0.101351	-8126.65
910	0.101351	-8051.14
911	0.101351	-8099.22
912	0.101351	-8138.84
913	0.101351	-8084.59
914	0.101351	-8069.11
915	0.101351	-8084.74
916	0.101351	-8069.56
917	0.101351	-8121.4
918	0.101351	-8098.73
919	0.101351	-8067.1
920	0.101351	-8075.07
921	0.101351	-8055.45
922	0.101351	-8126.08
923	0.101351	-8103.21
924	0.101351	-8078.55
925	0.101351	-8107.68
926	0.101351	-8123.98
927	0.101351	-8131.85
928	0.101351	-8092.47
929	0.101351	-8085.99
930	0.101351	-8091.65
931	0.101351	-8134.87
932	0.101351	-8098.88
933	0.101351	-8146.24
934	0.101351	-8136.41
935	0.101351	-8078.89
936	0.101351	-8136.54
937	0.101351	-8131.45
938	0.101351	-8095.43
939	0.101351	-8150.09
940	0.101351	-8153.13
941	0.101351	-8168.89
942	0.101351	-8164.04
943	0.101351	-8174.78
944	0.101351	-8139.12
945	0.101351	-8139.62
946	0.101351	-8140.76
947	0.101351	-8067.87
948	0.101351	-8080.93
949	0.101351	-8154.47
950	0.101351	-8139.28
951	0.101351	-8111.99
952	0.101351	-8172.35
953	0.101351	-8147.98
954	0.101351	-8108.49
955	0.101351	-8080.59
956	0.101351	-8123.84
957	0.101351	-8138.77
958	0.101351	-8116.7
959	0.101351	-8180.98
960	0.101351	-8103.13
961	0.101351	-8149.49
962	0.101351	-8110.37
963	0.101351	-8136.41
964	0.101351	-8192.52
965	0.101351	-8158.41
966	0.101351	-8111.02
967	0.101351	-8115.07
968	0.101351	-8127.86
969	0.101351	-8105.83
970	0.101351	-8103.57
971	0.101351	-8123.38
972	0.101351	-8117.48
973	0.101351	-8110.57
974	0.101351	-8078.57
975	0.101351	-8158.85
976	0.101351	-8137.46
977	0.101351	-8082.31
978	0.101351	-8126.93
979	0.101351	-8098.01
980	0.101351	-8125.67
981	0.101351	-8136.38
982	0.101351	-8158.93
983	0.101351	-8195.58
984	0.101351	-8124.45
985	0.101351	-8135.84
986	0.101351	-8227.45
987	0.101351	-8234.96
988	0.101351	-8180.17
989	0.101351	-8187.37
990	0.101351	-8140.12
991	0.101351	-8185.4
992	0.101351	-8165.71
993	0.101351	-8215.92
994	0.101351	-8188.89
995	0.101351	-8143.41
996	0.101351	-8194.83
997	0.101351	-8121.49
998	0.101351	-8146.94
999	0.101351	-8085.78
1000	0.101351	-8155.33
