state	power	likelihood
251	0.185935	-8044.01
252	0.185935	-8094.44
253	0.185935	-8076.46
254	0.185935	-8076.65
255	0.185935	-8037.28
256	0.185935	-8023.47
257	0.185935	-8026.8
258	0.185935	-8056.4
259	0.185935	-8062.52
260	0.185935	-8015.9
261	0.185935	-8004.81
262	0.185935	-8023.82
263	0.185935	-8007.99
264	0.185935	-8029.04
265	0.185935	-8007.77
266	0.185935	-8013.55
267	0.185935	-8038.07
268	0.185935	-8065.24
269	0.185935	-8033.02
270	0.185935	-8060.17
271	0.185935	-8034.96
272	0.185935	-8041.71
273	0.185935	-8033.12
274	0.185935	-8020.9
275	0.185935	-8012.85
276	0.185935	-8043.1
277	0.185935	-8028.75
278	0.185935	-8044.47
279	0.185935	-8033.1
280	0.185935	-8019.15
281	0.185935	-8068.39
282	0.185935	-8043.62
283	0.185935	-8079.68
284	0.185935	-8086.41
285	0.185935	-8057
286	0.185935	-8068.6
287	0.185935	-8040.03
288	0.185935	-8037.79
289	0.185935	-8027.57
290	0.185935	-8057.14
291	0.185935	-8062.04
292	0.185935	-8057.73
293	0.185935	-8066.51
294	0.185935	-8070.58
295	0.185935	-8085.49
296	0.185935	-8041.87
297	0.185935	-8033.08
298	0.185935	-8102.24
299	0.185935	-8054.14
300	0.185935	-8070.69
301	0.185935	-8050.61
302	0.185935	-8076.36
303	0.185935	-8076.24
304	0.185935	-8046.47
305	0.185935	-8018.84
306	0.185935	-8030.29
307	0.185935	-8044.49
308	0.185935	-8036.32
309	0.185935	-8025.43
310	0.185935	-8028.05
311	0.185935	-8034.81
312	0.185935	-8071.28
313	0.185935	-8072.52
314	0.185935	-8036.44
315	0.185935	-8051.62
316	0.185935	-8049.96
317	0.185935	-8058.11
318	0.185935	-8067.12
319	0.185935	-8035.23
320	0.185935	-8066.98
321	0.185935	-8045.89
322	0.185935	-8052.97
323	0.185935	-8053.94
324	0.185935	-8073.32
325	0.185935	-8061.45
326	0.185935	-8032.23
327	0.185935	-7991.96
328	0.185935	-8019.89
329	0.185935	-8023.04
330	0.185935	-8089.91
331	0.185935	-8092.11
332	0.185935	-8087.15
333	0.185935	-8080.36
334	0.185935	-8055.83
335	0.185935	-8055.43
336	0.185935	-8073.52
337	0.185935	-8063.67
338	0.185935	-8075.95
339	0.185935	-8064.84
340	0.185935	-8060.05
341	0.185935	-8049.4
342	0.185935	-8024.77
343	0.185935	-8064.57
344	0.185935	-8036.5
345	0.185935	-8048.33
346	0.185935	-8065.62
347	0.185935	-8046.67
348	0.185935	-8046.17
349	0.185935	-8091.86
350	0.185935	-8083.95
351	0.185935	-8085.58
352	0.185935	-8100.28
353	0.185935	-8041.35
354	0.185935	-8034.87
355	0.185935	-8063.83
356	0.185935	-8057.4
357	0.185935	-8029.41
358	0.185935	-8061.41
359	0.185935	-8093.3
360	0.185935	-8070.85
361	0.185935	-8054.77
362	0.185935	-8067.63
363	0.185935	-8080.26
364	0.185935	-8104.07
365	0.185935	-8091.65
366	0.185935	-8069.5
367	0.185935	-8106.66
368	0.185935	-8100.74
369	0.185935	-8047.97
370	0.185935	-8055.36
371	0.185935	-8048.28
372	0.185935	-8025.47
373	0.185935	-8020.1
374	0.185935	-8016.08
375	0.185935	-8037.86
376	0.185935	-8040.29
377	0.185935	-8024.86
378	0.185935	-8044.84
379	0.185935	-8032.54
380	0.185935	-8042.13
381	0.185935	-8036.79
382	0.185935	-8047.62
383	0.185935	-8056.38
384	0.185935	-8055.04
385	0.185935	-8034.91
386	0.185935	-8060.68
387	0.185935	-8057.31
388	0.185935	-8039.11
389	0.185935	-8053.26
390	0.185935	-8041.88
391	0.185935	-8037.18
392	0.185935	-8054.97
393	0.185935	-8061.11
394	0.185935	-8087.3
395	0.185935	-8079.03
396	0.185935	-8115.06
397	0.185935	-8053.15
398	0.185935	-8046.97
399	0.185935	-8036.14
400	0.185935	-8048.9
401	0.185935	-8049.09
402	0.185935	-8013.78
403	0.185935	-8024.01
404	0.185935	-8014.24
405	0.185935	-8011.09
406	0.185935	-8020.46
407	0.185935	-8048.13
408	0.185935	-8052.24
409	0.185935	-8052.57
410	0.185935	-8074.62
411	0.185935	-8065.85
412	0.185935	-8091.06
413	0.185935	-8024.39
414	0.185935	-8027.5
415	0.185935	-8036.59
416	0.185935	-8041.54
417	0.185935	-8010.06
418	0.185935	-8017.01
419	0.185935	-8036.67
420	0.185935	-8061.08
421	0.185935	-8040.79
422	0.185935	-8041.16
423	0.185935	-8004.22
424	0.185935	-8042.57
425	0.185935	-8065.14
426	0.185935	-8084.08
427	0.185935	-8068.38
428	0.185935	-8032.27
429	0.185935	-8053.26
430	0.185935	-8073.26
431	0.185935	-8078.95
432	0.185935	-8061.96
433	0.185935	-8059.86
434	0.185935	-8046.26
435	0.185935	-8067.17
436	0.185935	-8018.09
437	0.185935	-8025.85
438	0.185935	-8060.51
439	0.185935	-8045.08
440	0.185935	-8062.7
441	0.185935	-8052.32
442	0.185935	-8067.37
443	0.185935	-8075.9
444	0.185935	-8058.07
445	0.185935	-8039.79
446	0.185935	-8033.06
447	0.185935	-8050.39
448	0.185935	-8034.02
449	0.185935	-8037.34
450	0.185935	-8007.44
451	0.185935	-8073.47
452	0.185935	-8029.56
453	0.185935	-8091.56
454	0.185935	-8061.48
455	0.185935	-8009.38
456	0.185935	-8032.38
457	0.185935	-8025.06
458	0.185935	-8049.53
459	0.185935	-8087.31
460	0.185935	-8047.11
461	0.185935	-8034.24
462	0.185935	-8081.49
463	0.185935	-8072.02
464	0.185935	-8058.85
465	0.185935	-8069.98
466	0.185935	-8046.68
467	0.185935	-8039.04
468	0.185935	-8085.91
469	0.185935	-8099.94
470	0.185935	-8125.07
471	0.185935	-8133.5
472	0.185935	-8119.32
473	0.185935	-8056.43
474	0.185935	-8072.52
475	0.185935	-8062.03
476	0.185935	-8067.36
477	0.185935	-8049.24
478	0.185935	-8028.77
479	0.185935	-8031.48
480	0.185935	-8044.84
481	0.185935	-8051.11
482	0.185935	-8051.07
483	0.185935	-8065.52
484	0.185935	-8024.09
485	0.185935	-8059.37
486	0.185935	-8054.54
487	0.185935	-8064.12
488	0.185935	-8056.48
489	0.185935	-8042.46
490	0.185935	-8069.04
491	0.185935	-8041.67
492	0.185935	-8027.96
493	0.185935	-8007.82
494	0.185935	-8073.43
495	0.185935	-8068.48
496	0.185935	-8063.29
497	0.185935	-8059.93
498	0.185935	-8035.8
499	0.185935	-8075.66
500	0.185935	-8072.5
501	0.185935	-8028.95
502	0.185935	-8062.57
503	0.185935	-8032.43
504	0.185935	-8062.9
505	0.185935	-8071.28
506	0.185935	-8043.3
507	0.185935	-8062.5
508	0.185935	-8068.64
509	0.185935	-8078.84
510	0.185935	-8074.16
511	0.185935	-8091.33
512	0.185935	-8128.62
513	0.185935	-8071.73
514	0.185935	-8062.17
515	0.185935	-8073.21
516	0.185935	-8067.69
517	0.185935	-8049.38
518	0.185935	-8034.89
519	0.185935	-8060.72
520	0.185935	-8042.27
521	0.185935	-8026.94
522	0.185935	-8026.32
523	0.185935	-8063.7
524	0.185935	-8036.43
525	0.185935	-8022.23
526	0.185935	-8036.25
527	0.185935	-8025.53
528	0.185935	-8028.37
529	0.185935	-8030.33
530	0.185935	-8034.87
531	0.185935	-8069.32
532	0.185935	-8035.1
533	0.185935	-8051.02
534	0.185935	-8062.44
535	0.185935	-8044.22
536	0.185935	-8046.72
537	0.185935	-8042.03
538	0.185935	-8047.42
539	0.185935	-8035.32
540	0.185935	-8038.56
541	0.185935	-8043.92
542	0.185935	-8045.04
543	0.185935	-8047.34
544	0.185935	-8020.04
545	0.185935	-8045.59
546	0.185935	-8048.49
547	0.185935	-8050.94
548	0.185935	-8044.55
549	0.185935	-8025.42
550	0.185935	-8023.65
551	0.185935	-8047.92
552	0.185935	-8041.7
553	0.185935	-8057.85
554	0.185935	-8060.59
555	0.185935	-8035.53
556	0.185935	-8034.22
557	0.185935	-8027.06
558	0.185935	-8031.72
559	0.185935	-8050.77
560	0.185935	-8038.63
561	0.185935	-8047.57
562	0.185935	-8057.74
563	0.185935	-8060.59
564	0.185935	-8034.47
565	0.185935	-8020.04
566	0.185935	-8043.98
567	0.185935	-8059.06
568	0.185935	-8074.83
569	0.185935	-8047.14
570	0.185935	-8053.06
571	0.185935	-8064.12
572	0.185935	-8072.92
573	0.185935	-8051.97
574	0.185935	-8061.53
575	0.185935	-8041.71
576	0.185935	-8056.59
577	0.185935	-8068.1
578	0.185935	-8055.27
579	0.185935	-8052.99
580	0.185935	-8046.94
581	0.185935	-8060.6
582	0.185935	-8044.36
583	0.185935	-8033.07
584	0.185935	-8041.75
585	0.185935	-8020.31
586	0.185935	-8027.18
587	0.185935	-8039.32
588	0.185935	-8025.25
589	0.185935	-8050.91
590	0.185935	-8039.56
591	0.185935	-8061.22
592	0.185935	-8042.95
593	0.185935	-8065.29
594	0.185935	-8062.78
595	0.185935	-8079.09
596	0.185935	-8060.59
597	0.185935	-8057.54
598	0.185935	-8049.54
599	0.185935	-8050.81
600	0.185935	-8027.93
601	0.185935	-8051.48
602	0.185935	-8073.93
603	0.185935	-8059.63
604	0.185935	-8033.41
605	0.185935	-8025.6
606	0.185935	-8062.97
607	0.185935	-8058.4
608	0.185935	-8061.35
609	0.185935	-8051.85
610	0.185935	-8038.47
611	0.185935	-8038.72
612	0.185935	-8041.12
613	0.185935	-8038.53
614	0.185935	-8041.42
615	0.185935	-8041.85
616	0.185935	-8049.22
617	0.185935	-8034.64
618	0.185935	-8023.11
619	0.185935	-8050.15
620	0.185935	-8041.2
621	0.185935	-8050.18
622	0.185935	-8058.94
623	0.185935	-8050.5
624	0.185935	-8035.79
625	0.185935	-8038.79
626	0.185935	-8062.4
627	0.185935	-8066.15
628	0.185935	-8079.24
629	0.185935	-8060.81
630	0.185935	-8094.78
631	0.185935	-8091.93
632	0.185935	-8055.21
633	0.185935	-8086.11
634	0.185935	-8069.42
635	0.185935	-8041.72
636	0.185935	-8038.98
637	0.185935	-8054.66
638	0.185935	-8034.23
639	0.185935	-8021.17
640	0.185935	-8023.09
641	0.185935	-8032.4
642	0.185935	-8028.76
643	0.185935	-8028.21
644	0.185935	-8029.82
645	0.185935	-8020.49
646	0.185935	-8053.5
647	0.185935	-8034.85
648	0.185935	-8024.98
649	0.185935	-8034.88
650	0.185935	-8021.82
651	0.185935	-8043.21
652	0.185935	-8031.22
653	0.185935	-8048.67
654	0.185935	-8092.82
655	0.185935	-8086.6
656	0.185935	-8064.8
657	0.185935	-8035.74
658	0.185935	-8055.65
659	0.185935	-8059.35
660	0.185935	-8047.03
661	0.185935	-8056.24
662	0.185935	-8052.9
663	0.185935	-8056.2
664	0.185935	-8042.46
665	0.185935	-8028.17
666	0.185935	-8039.95
667	0.185935	-8034.42
668	0.185935	-8021.68
669	0.185935	-8032.56
670	0.185935	-8042.52
671	0.185935	-8033.16
672	0.185935	-8037.54
673	0.185935	-8042.77
674	0.185935	-8064.86
675	0.185935	-8065.81
676	0.185935	-8049.55
677	0.185935	-8049.82
678	0.185935	-8051.57
679	0.185935	-8073.93
680	0.185935	-8073.36
681	0.185935	-8058.24
682	0.185935	-8087.28
683	0.185935	-8068.6
684	0.185935	-8047.27
685	0.185935	-8038.61
686	0.185935	-8045.77
687	0.185935	-8074.87
688	0.185935	-8081.56
689	0.185935	-8037.51
690	0.185935	-8058.14
691	0.185935	-8076.76
692	0.185935	-8042.36
693	0.185935	-8046.44
694	0.185935	-8021.46
695	0.185935	-8024.65
696	0.185935	-8051.86
697	0.185935	-8072.7
698	0.185935	-8051.08
699	0.185935	-8067.03
700	0.185935	-8068
701	0.185935	-8048.07
702	0.185935	-8034.95
703	0.185935	-8012.29
704	0.185935	-8002.28
705	0.185935	-8009.76
706	0.185935	-8031.69
707	0.185935	-8066.02
708	0.185935	-8064.58
709	0.185935	-8085.48
710	0.185935	-8055.26
711	0.185935	-8027.87
712	0.185935	-8043.26
713	0.185935	-8045.74
714	0.185935	-8074.17
715	0.185935	-8053.83
716	0.185935	-8076.37
717	0.185935	-8078.46
718	0.185935	-8073.81
719	0.185935	-8110.09
720	0.185935	-8127.68
721	0.185935	-8085.69
722	0.185935	-8120.85
723	0.185935	-8087.4
724	0.185935	-8092.11
725	0.185935	-8071.25
726	0.185935	-8053.08
727	0.185935	-8019.61
728	0.185935	-8038.33
729	0.185935	-8049.81
730	0.185935	-8085.66
731	0.185935	-8081.91
732	0.185935	-8054.66
733	0.185935	-8038.28
734	0.185935	-8033.24
735	0.185935	-8026.96
736	0.185935	-8043.1
737	0.185935	-8066.86
738	0.185935	-8120.58
739	0.185935	-8066.7
740	0.185935	-8038.58
741	0.185935	-8031.77
742	0.185935	-8062.6
743	0.185935	-8075.08
744	0.185935	-8058.76
745	0.185935	-8053.26
746	0.185935	-8040.72
747	0.185935	-8033.86
748	0.185935	-8043.49
749	0.185935	-8031.79
750	0.185935	-8023.22
751	0.185935	-8022.03
752	0.185935	-8023.09
753	0.185935	-8013.69
754	0.185935	-8027.96
755	0.185935	-8051.47
756	0.185935	-8061.35
757	0.185935	-8052.67
758	0.185935	-8054.73
759	0.185935	-8029.58
760	0.185935	-8023.65
761	0.185935	-8032.43
762	0.185935	-8021.32
763	0.185935	-8068.01
764	0.185935	-8065.97
765	0.185935	-8042.57
766	0.185935	-8061.18
767	0.185935	-8062.38
768	0.185935	-8067.22
769	0.185935	-8080.84
770	0.185935	-8063.15
771	0.185935	-8028.23
772	0.185935	-8021.15
773	0.185935	-8051.49
774	0.185935	-8037.33
775	0.185935	-8032.57
776	0.185935	-8058.42
777	0.185935	-8073.25
778	0.185935	-8052.89
779	0.185935	-8041.64
780	0.185935	-8041
781	0.185935	-8038.43
782	0.185935	-8056.54
783	0.185935	-8105.94
784	0.185935	-8092.93
785	0.185935	-8119.2
786	0.185935	-8061.29
787	0.185935	-8060.94
788	0.185935	-8088.58
789	0.185935	-8080.98
790	0.185935	-8068.1
791	0.185935	-8053.03
792	0.185935	-8035.19
793	0.185935	-8022.65
794	0.185935	-8016.33
795	0.185935	-8039.07
796	0.185935	-8040.06
797	0.185935	-8047.1
798	0.185935	-8042.19
799	0.185935	-8067.55
800	0.185935	-8045.24
801	0.185935	-8071.96
802	0.185935	-8044.65
803	0.185935	-8052.87
804	0.185935	-8055.29
805	0.185935	-8058.27
806	0.185935	-8034.05
807	0.185935	-8028.85
808	0.185935	-8030.72
809	0.185935	-8026.73
810	0.185935	-8020.42
811	0.185935	-8023.06
812	0.185935	-8053.03
813	0.185935	-8037.27
814	0.185935	-8072.38
815	0.185935	-8085.99
816	0.185935	-8095.05
817	0.185935	-8103.16
818	0.185935	-8070.78
819	0.185935	-8054.26
820	0.185935	-8040.36
821	0.185935	-8040.67
822	0.185935	-8031.16
823	0.185935	-8079.21
824	0.185935	-8054.06
825	0.185935	-8056.69
826	0.185935	-8053.16
827	0.185935	-8042.06
828	0.185935	-8039.93
829	0.185935	-8034.85
830	0.185935	-8061.89
831	0.185935	-8065.08
832	0.185935	-8051.74
833	0.185935	-8090.97
834	0.185935	-8096.57
835	0.185935	-8079.77
836	0.185935	-8085.3
837	0.185935	-8106.15
838	0.185935	-8062.49
839	0.185935	-8086.75
840	0.185935	-8082.82
841	0.185935	-8101.65
842	0.185935	-8053.01
843	0.185935	-8059.72
844	0.185935	-8066.1
845	0.185935	-8092.4
846	0.185935	-8078.99
847	0.185935	-8052.57
848	0.185935	-8057.13
849	0.185935	-8056.35
850	0.185935	-8034.38
851	0.185935	-8029.68
852	0.185935	-8044
853	0.185935	-8040.04
854	0.185935	-8042.49
855	0.185935	-8082.65
856	0.185935	-8042.21
857	0.185935	-8061.24
858	0.185935	-8060.47
859	0.185935	-8077.33
860	0.185935	-8082.05
861	0.185935	-8109.38
862	0.185935	-8064.77
863	0.185935	-8042.83
864	0.185935	-8073.46
865	0.185935	-8046.79
866	0.185935	-8029.83
867	0.185935	-8038.97
868	0.185935	-8050.87
869	0.185935	-8047.23
870	0.185935	-8030.17
871	0.185935	-8041.72
872	0.185935	-8068.06
873	0.185935	-8055.49
874	0.185935	-8089.55
875	0.185935	-8067.55
876	0.185935	-8064.77
877	0.185935	-8062.45
878	0.185935	-8074.99
879	0.185935	-8047.95
880	0.185935	-8039.92
881	0.185935	-8031.09
882	0.185935	-8088.29
883	0.185935	-8090.31
884	0.185935	-8066.25
885	0.185935	-8056.37
886	0.185935	-8043.9
887	0.185935	-8049.35
888	0.185935	-8068.32
889	0.185935	-8080.55
890	0.185935	-8067.41
891	0.185935	-8052.77
892	0.185935	-8028.6
893	0.185935	-8067.65
894	0.185935	-8038.81
895	0.185935	-8064.72
896	0.185935	-8060.98
897	0.185935	-8072.43
898	0.185935	-8105.7
899	0.185935	-8067.85
900	0.185935	-8060.86
901	0.185935	-8027.66
902	0.185935	-8026.3
903	0.185935	-8045.82
904	0.185935	-8059.31
905	0.185935	-8071.03
906	0.185935	-8108.15
907	0.185935	-8048.19
908	0.185935	-8057.99
909	0.185935	-8053.3
910	0.185935	-8056.05
911	0.185935	-8076.59
912	0.185935	-8036.24
913	0.185935	-8048.33
914	0.185935	-8035.83
915	0.185935	-8015.51
916	0.185935	-8037.11
917	0.185935	-8049.5
918	0.185935	-8048.08
919	0.185935	-8010.31
920	0.185935	-8029.25
921	0.185935	-8042.89
922	0.185935	-8078.7
923	0.185935	-8024.26
924	0.185935	-8052.54
925	0.185935	-8078.13
926	0.185935	-8038.55
927	0.185935	-8068.46
928	0.185935	-8075.17
929	0.185935	-8087.55
930	0.185935	-8052.6
931	0.185935	-8041
932	0.185935	-8059.29
933	0.185935	-8074.11
934	0.185935	-8075.65
935	0.185935	-8055.67
936	0.185935	-8072.46
937	0.185935	-8040.65
938	0.185935	-8058.11
939	0.185935	-8053.09
940	0.185935	-8060.55
941	0.185935	-8062.06
942	0.185935	-8058.14
943	0.185935	-8049.92
944	0.185935	-8047.62
945	0.185935	-8048.98
946	0.185935	-8039.81
947	0.185935	-8070.32
948	0.185935	-8054.91
949	0.185935	-8031.61
950	0.185935	-8009.47
951	0.185935	-8023.36
952	0.185935	-8046.54
953	0.185935	-8049.01
954	0.185935	-8042.11
955	0.185935	-8052.86
956	0.185935	-8093.48
957	0.185935	-8089.47
958	0.185935	-8089.75
959	0.185935	-8076
960	0.185935	-8059.79
961	0.185935	-8062.81
962	0.185935	-8060.73
963	0.185935	-8042.9
964	0.185935	-8055.38
965	0.185935	-8066.04
966	0.185935	-8112.19
967	0.185935	-8112.55
968	0.185935	-8096.88
969	0.185935	-8045.34
970	0.185935	-8017.61
971	0.185935	-8025.02
972	0.185935	-8065.69
973	0.185935	-8014.56
974	0.185935	-8028.17
975	0.185935	-8029.35
976	0.185935	-8079.64
977	0.185935	-8036.65
978	0.185935	-8049.76
979	0.185935	-8010.56
980	0.185935	-8039.49
981	0.185935	-8028.65
982	0.185935	-8044.91
983	0.185935	-8056.57
984	0.185935	-8076.5
985	0.185935	-8067.98
986	0.185935	-8038.07
987	0.185935	-8048.81
988	0.185935	-8060.98
989	0.185935	-8087.68
990	0.185935	-8075.5
991	0.185935	-8064.18
992	0.185935	-8055.13
993	0.185935	-8059.22
994	0.185935	-8057.99
995	0.185935	-8066.17
996	0.185935	-8052.12
997	0.185935	-8071.92
998	0.185935	-8057.62
999	0.185935	-8057.19
1000	0.185935	-8036.61
