state	power	likelihood
251	0.729136	-7978.47
252	0.729136	-7976.01
253	0.729136	-7975.34
254	0.729136	-7977.39
255	0.729136	-7976.12
256	0.729136	-7986.31
257	0.729136	-7976.79
258	0.729136	-7983
259	0.729136	-7973.67
260	0.729136	-7980.43
261	0.729136	-7976.07
262	0.729136	-7976.74
263	0.729136	-7976.39
264	0.729136	-7975.86
265	0.729136	-7977.47
266	0.729136	-7977.15
267	0.729136	-7977.97
268	0.729136	-7982.48
269	0.729136	-7984.9
270	0.729136	-7978.62
271	0.729136	-7985.44
272	0.729136	-7992.45
273	0.729136	-7983.48
274	0.729136	-7982.6
275	0.729136	-7975.29
276	0.729136	-7990.24
277	0.729136	-7991.99
278	0.729136	-7994.29
279	0.729136	-7984.72
280	0.729136	-7980.14
281	0.729136	-7984.12
282	0.729136	-7983.94
283	0.729136	-7992.31
284	0.729136	-7988.7
285	0.729136	-7984.68
286	0.729136	-7992.62
287	0.729136	-7993.27
288	0.729136	-7988.02
289	0.729136	-7991.36
290	0.729136	-7989.6
291	0.729136	-7987.04
292	0.729136	-7987.12
293	0.729136	-7987.35
294	0.729136	-7985.19
295	0.729136	-7989.5
296	0.729136	-7987.07
297	0.729136	-7988.24
298	0.729136	-7983.71
299	0.729136	-7980.17
300	0.729136	-7974.8
301	0.729136	-7982.72
302	0.729136	-7974.6
303	0.729136	-7971.39
304	0.729136	-7974.05
305	0.729136	-7971.77
306	0.729136	-7976.17
307	0.729136	-7979.66
308	0.729136	-7978.43
309	0.729136	-7978.46
310	0.729136	-7980.78
311	0.729136	-7979.04
312	0.729136	-7985.29
313	0.729136	-7984.78
314	0.729136	-7989.56
315	0.729136	-7986.26
316	0.729136	-7975.88
317	0.729136	-7974.67
318	0.729136	-7972.27
319	0.729136	-7972.79
320	0.729136	-7974.29
321	0.729136	-7977.4
322	0.729136	-7973.92
323	0.729136	-7972.18
324	0.729136	-7980.33
325	0.729136	-7982.84
326	0.729136	-7979.39
327	0.729136	-7981.36
328	0.729136	-7981.75
329	0.729136	-7980.82
330	0.729136	-7984.46
331	0.729136	-7981.65
332	0.729136	-7984.58
333	0.729136	-7984.12
334	0.729136	-7976.19
335	0.729136	-7976.45
336	0.729136	-7974.71
337	0.729136	-7974.23
338	0.729136	-7973.51
339	0.729136	-7979.33
340	0.729136	-7983.23
341	0.729136	-7974.97
342	0.729136	-7971.84
343	0.729136	-7975.35
344	0.729136	-7978.29
345	0.729136	-7975.07
346	0.729136	-7974.18
347	0.729136	-7975.47
348	0.729136	-7976.63
349	0.729136	-7972.09
350	0.729136	-7970.11
351	0.729136	-7973.58
352	0.729136	-7979.03
353	0.729136	-7981.6
354	0.729136	-7979.99
355	0.729136	-7978.85
356	0.729136	-7983.04
357	0.729136	-7992.04
358	0.729136	-7990.09
359	0.729136	-7989.19
360	0.729136	-7988.87
361	0.729136	-7985.96
362	0.729136	-7986.82
363	0.729136	-7977.95
364	0.729136	-7976.47
365	0.729136	-7981.52
366	0.729136	-7977.49
367	0.729136	-7978.72
368	0.729136	-7973.71
369	0.729136	-7979.19
370	0.729136	-7987.12
371	0.729136	-7982.36
372	0.729136	-7990.43
373	0.729136	-7988.7
374	0.729136	-7988.8
375	0.729136	-7992.19
376	0.729136	-7983.43
377	0.729136	-7987.07
378	0.729136	-7987.64
379	0.729136	-7990.25
380	0.729136	-7983.72
381	0.729136	-7981.27
382	0.729136	-7978.63
383	0.729136	-7985.03
384	0.729136	-7987.96
385	0.729136	-7973.85
386	0.729136	-7979.49
387	0.729136	-7972.99
388	0.729136	-7974.42
389	0.729136	-7974.1
390	0.729136	-7981.59
391	0.729136	-7981.9
392	0.729136	-7976.13
393	0.729136	-7979.5
394	0.729136	-7973.01
395	0.729136	-7977.55
396	0.729136	-7979.38
397	0.729136	-7983.92
398	0.729136	-7977.9
399	0.729136	-7972.07
400	0.729136	-7977.06
401	0.729136	-7978.96
402	0.729136	-7981.54
403	0.729136	-7982.23
404	0.729136	-7984.21
405	0.729136	-7980.66
406	0.729136	-7979.28
407	0.729136	-7986.63
408	0.729136	-7979.18
409	0.729136	-7983.45
410	0.729136	-7982.58
411	0.729136	-7974.02
412	0.729136	-7980.35
413	0.729136	-7978.8
414	0.729136	-7982.15
415	0.729136	-7973.55
416	0.729136	-7978.69
417	0.729136	-7983.47
418	0.729136	-7976
419	0.729136	-7974.68
420	0.729136	-7974.73
421	0.729136	-7976.45
422	0.729136	-7981.25
423	0.729136	-7981.04
424	0.729136	-7978.2
425	0.729136	-7981.26
426	0.729136	-7984.19
427	0.729136	-7979.3
428	0.729136	-7980.69
429	0.729136	-7985.72
430	0.729136	-7988.74
431	0.729136	-7987.53
432	0.729136	-7987.75
433	0.729136	-7986.99
434	0.729136	-7979.18
435	0.729136	-7981.02
436	0.729136	-7982.11
437	0.729136	-7983.71
438	0.729136	-7979.3
439	0.729136	-7984.53
440	0.729136	-7980.51
441	0.729136	-7984.62
442	0.729136	-7976.16
443	0.729136	-7985.35
444	0.729136	-7988.6
445	0.729136	-7983.69
446	0.729136	-7985.49
447	0.729136	-7977.66
448	0.729136	-7980.46
449	0.729136	-7976.8
450	0.729136	-7982.11
451	0.729136	-7984.14
452	0.729136	-7987.67
453	0.729136	-7985.4
454	0.729136	-7980.7
455	0.729136	-7985.4
456	0.729136	-7978.44
457	0.729136	-7979.31
458	0.729136	-7981.58
459	0.729136	-7988.32
460	0.729136	-7985.28
461	0.729136	-7982.7
462	0.729136	-7984.31
463	0.729136	-7990.21
464	0.729136	-7984.28
465	0.729136	-7983.07
466	0.729136	-7988.8
467	0.729136	-7999.67
468	0.729136	-8000.71
469	0.729136	-7988.58
470	0.729136	-7987.09
471	0.729136	-7981.41
472	0.729136	-7983.11
473	0.729136	-7981.25
474	0.729136	-7982.4
475	0.729136	-7985.05
476	0.729136	-7988.86
477	0.729136	-7984.37
478	0.729136	-7986.99
479	0.729136	-7981.61
480	0.729136	-7974.94
481	0.729136	-7975.24
482	0.729136	-7986.44
483	0.729136	-7986.54
484	0.729136	-7989.8
485	0.729136	-7987.82
486	0.729136	-7988.91
487	0.729136	-7995.63
488	0.729136	-7986.64
489	0.729136	-7990.25
490	0.729136	-7987.68
491	0.729136	-7987.2
492	0.729136	-7977.85
493	0.729136	-7977.13
494	0.729136	-7975.11
495	0.729136	-7975.76
496	0.729136	-7977.44
497	0.729136	-7977.86
498	0.729136	-7978.77
499	0.729136	-7975.47
500	0.729136	-7970.6
501	0.729136	-7981.36
502	0.729136	-7974.66
503	0.729136	-7984.96
504	0.729136	-7983.26
505	0.729136	-7979.1
506	0.729136	-7980.44
507	0.729136	-7986.32
508	0.729136	-7982.45
509	0.729136	-7979.07
510	0.729136	-7982.69
511	0.729136	-7980.53
512	0.729136	-7976.05
513	0.729136	-7977.91
514	0.729136	-7978.79
515	0.729136	-7978.74
516	0.729136	-7978.86
517	0.729136	-7978.23
518	0.729136	-7974.64
519	0.729136	-7970.8
520	0.729136	-7970.83
521	0.729136	-7974.04
522	0.729136	-7977.72
523	0.729136	-7978.36
524	0.729136	-7985.16
525	0.729136	-7975.9
526	0.729136	-7975.4
527	0.729136	-7981.98
528	0.729136	-7983.49
529	0.729136	-7976.86
530	0.729136	-7976.22
531	0.729136	-7978.44
532	0.729136	-7988.22
533	0.729136	-7980.44
534	0.729136	-7983.58
535	0.729136	-7989.97
536	0.729136	-7995.35
537	0.729136	-7995.5
538	0.729136	-7986.55
539	0.729136	-7983.95
540	0.729136	-7980.77
541	0.729136	-7978.42
542	0.729136	-7980.99
543	0.729136	-7978.34
544	0.729136	-7979.21
545	0.729136	-7980.89
546	0.729136	-7978.05
547	0.729136	-7972.38
548	0.729136	-7970.07
549	0.729136	-7974.37
550	0.729136	-7974.21
551	0.729136	-7979.94
552	0.729136	-7976.3
553	0.729136	-7976.93
554	0.729136	-7968.71
555	0.729136	-7970.31
556	0.729136	-7975.92
557	0.729136	-7980.39
558	0.729136	-7980.52
559	0.729136	-7979.15
560	0.729136	-7992.03
561	0.729136	-7977.66
562	0.729136	-7978.87
563	0.729136	-7981.4
564	0.729136	-7982.04
565	0.729136	-7985.33
566	0.729136	-7986.62
567	0.729136	-7986.27
568	0.729136	-7981.78
569	0.729136	-7983.76
570	0.729136	-7980.01
571	0.729136	-7977.28
572	0.729136	-7977.6
573	0.729136	-7980.24
574	0.729136	-7978.07
575	0.729136	-7976.1
576	0.729136	-7975.71
577	0.729136	-7975.34
578	0.729136	-7972.17
579	0.729136	-7971.29
580	0.729136	-7973.84
581	0.729136	-7972.04
582	0.729136	-7977.03
583	0.729136	-7976.1
584	0.729136	-7981.32
585	0.729136	-7986.48
586	0.729136	-7984.52
587	0.729136	-7987.55
588	0.729136	-7984.48
589	0.729136	-7988.93
590	0.729136	-7989.18
591	0.729136	-7990.81
592	0.729136	-7984.24
593	0.729136	-7979.29
594	0.729136	-7976.2
595	0.729136	-7974.24
596	0.729136	-7981.06
597	0.729136	-7978.48
598	0.729136	-7973.59
599	0.729136	-7983.45
600	0.729136	-7975.41
601	0.729136	-7982.35
602	0.729136	-7976.38
603	0.729136	-7977.69
604	0.729136	-7975.78
605	0.729136	-7976.28
606	0.729136	-7974.68
607	0.729136	-7980.7
608	0.729136	-7978.23
609	0.729136	-7976.4
610	0.729136	-7976.01
611	0.729136	-7976.34
612	0.729136	-7977.61
613	0.729136	-7982.01
614	0.729136	-7980.05
615	0.729136	-7982.1
616	0.729136	-7986.85
617	0.729136	-7979.64
618	0.729136	-7989.93
619	0.729136	-7987.32
620	0.729136	-7983.81
621	0.729136	-7979.5
622	0.729136	-7975.54
623	0.729136	-7976.03
624	0.729136	-7975.96
625	0.729136	-7979.21
626	0.729136	-7976.37
627	0.729136	-7974.71
628	0.729136	-7972.73
629	0.729136	-7976.55
630	0.729136	-7977.56
631	0.729136	-7976.75
632	0.729136	-7984.05
633	0.729136	-7980.31
634	0.729136	-7982.21
635	0.729136	-7983.34
636	0.729136	-7981.08
637	0.729136	-7979.71
638	0.729136	-7985.99
639	0.729136	-7982.46
640	0.729136	-7984.17
641	0.729136	-7992.85
642	0.729136	-7987.01
643	0.729136	-7980.47
644	0.729136	-7981.37
645	0.729136	-7980.64
646	0.729136	-7978.39
647	0.729136	-7984.69
648	0.729136	-7983.9
649	0.729136	-7984.49
650	0.729136	-7983.81
651	0.729136	-7987.83
652	0.729136	-7984.16
653	0.729136	-7989.64
654	0.729136	-7972.89
655	0.729136	-7978.93
656	0.729136	-7979.98
657	0.729136	-7978.04
658	0.729136	-7976.72
659	0.729136	-7979.1
660	0.729136	-7981.34
661	0.729136	-7975.75
662	0.729136	-7976.19
663	0.729136	-7974.02
664	0.729136	-7973.92
665	0.729136	-7981.55
666	0.729136	-7987.03
667	0.729136	-7991.86
668	0.729136	-7994.82
669	0.729136	-7985.87
670	0.729136	-7985.26
671	0.729136	-7978.13
672	0.729136	-7981.68
673	0.729136	-7986.04
674	0.729136	-7985.08
675	0.729136	-7982.35
676	0.729136	-7985.72
677	0.729136	-7982.14
678	0.729136	-7985.89
679	0.729136	-7990.62
680	0.729136	-7986.12
681	0.729136	-7978.73
682	0.729136	-7978.24
683	0.729136	-7984.74
684	0.729136	-7983.84
685	0.729136	-7983.55
686	0.729136	-7977.73
687	0.729136	-7980.21
688	0.729136	-7983.28
689	0.729136	-7979.41
690	0.729136	-7977.9
691	0.729136	-7978.01
692	0.729136	-7978.07
693	0.729136	-7986.54
694	0.729136	-7979.84
695	0.729136	-7976.98
696	0.729136	-7983.65
697	0.729136	-7988.88
698	0.729136	-7979.82
699	0.729136	-7984.31
700	0.729136	-7983.02
701	0.729136	-7986
702	0.729136	-7978.35
703	0.729136	-7978.1
704	0.729136	-7976.98
705	0.729136	-7978.78
706	0.729136	-7979.17
707	0.729136	-7976.52
708	0.729136	-7976.58
709	0.729136	-7980.14
710	0.729136	-7979.42
711	0.729136	-7978.42
712	0.729136	-7976.6
713	0.729136	-7976.56
714	0.729136	-7982.17
715	0.729136	-7990.28
716	0.729136	-7983.89
717	0.729136	-7983.67
718	0.729136	-7979.86
719	0.729136	-7993.21
720	0.729136	-7986
721	0.729136	-7990.89
722	0.729136	-7995.07
723	0.729136	-7982.63
724	0.729136	-7994.17
725	0.729136	-8001.57
726	0.729136	-7988.96
727	0.729136	-7996.04
728	0.729136	-7986.42
729	0.729136	-7986.09
730	0.729136	-7991.03
731	0.729136	-7985.81
732	0.729136	-7986.66
733	0.729136	-7984.89
734	0.729136	-7985.52
735	0.729136	-7977.8
736	0.729136	-7976.91
737	0.729136	-7985.13
738	0.729136	-7986.83
739	0.729136	-7979.69
740	0.729136	-7993.28
741	0.729136	-7983.85
742	0.729136	-7986.31
743	0.729136	-7985.63
744	0.729136	-7991.19
745	0.729136	-7985.17
746	0.729136	-7989.39
747	0.729136	-7985.72
748	0.729136	-7983.6
749	0.729136	-7986.81
750	0.729136	-7982.81
751	0.729136	-7978.78
752	0.729136	-7976.95
753	0.729136	-7975.33
754	0.729136	-7978.79
755	0.729136	-7978.82
756	0.729136	-7979.11
757	0.729136	-7983.8
758	0.729136	-7985.02
759	0.729136	-7986.45
760	0.729136	-7983.27
761	0.729136	-7981.31
762	0.729136	-7973.51
763	0.729136	-7978.94
764	0.729136	-7981.31
765	0.729136	-7985.9
766	0.729136	-7985.15
767	0.729136	-7988.05
768	0.729136	-7979.3
769	0.729136	-7976.14
770	0.729136	-7979.44
771	0.729136	-7977.3
772	0.729136	-7986.68
773	0.729136	-7981.74
774	0.729136	-7981.87
775	0.729136	-7982.32
776	0.729136	-7988.64
777	0.729136	-7992.26
778	0.729136	-7984.44
779	0.729136	-7975.47
780	0.729136	-7980.35
781	0.729136	-7979.73
782	0.729136	-7981.18
783	0.729136	-7976.74
784	0.729136	-7981.52
785	0.729136	-7979.13
786	0.729136	-7979.64
787	0.729136	-7987.09
788	0.729136	-7990.9
789	0.729136	-7987.17
790	0.729136	-7986.37
791	0.729136	-7986.1
792	0.729136	-7988.83
793	0.729136	-7992.38
794	0.729136	-7984.18
795	0.729136	-7982.53
796	0.729136	-7983.47
797	0.729136	-7978.54
798	0.729136	-7981.92
799	0.729136	-7979.42
800	0.729136	-7987.38
801	0.729136	-7981.28
802	0.729136	-7977.92
803	0.729136	-7973.8
804	0.729136	-7987.98
805	0.729136	-7986.44
806	0.729136	-7986.47
807	0.729136	-7984.37
808	0.729136	-7981.2
809	0.729136	-7983.28
810	0.729136	-7978.7
811	0.729136	-7979.03
812	0.729136	-7985.64
813	0.729136	-7984.79
814	0.729136	-7980.03
815	0.729136	-7982.58
816	0.729136	-7982.38
817	0.729136	-7985.62
818	0.729136	-7992.13
819	0.729136	-8002.47
820	0.729136	-7986.5
821	0.729136	-7973.97
822	0.729136	-7974.84
823	0.729136	-7977.57
824	0.729136	-7981.04
825	0.729136	-7984.9
826	0.729136	-7975.45
827	0.729136	-7973.72
828	0.729136	-7985.32
829	0.729136	-7997.82
830	0.729136	-7992.74
831	0.729136	-8003.15
832	0.729136	-7993.79
833	0.729136	-7994.39
834	0.729136	-7981.08
835	0.729136	-7985.69
836	0.729136	-7988.71
837	0.729136	-7983.77
838	0.729136	-7994.07
839	0.729136	-7996.39
840	0.729136	-7985.98
841	0.729136	-7987.91
842	0.729136	-7984.7
843	0.729136	-7983.21
844	0.729136	-7986.53
845	0.729136	-7988.99
846	0.729136	-7991.35
847	0.729136	-7989.26
848	0.729136	-7983.69
849	0.729136	-7983.33
850	0.729136	-7983.59
851	0.729136	-7979.95
852	0.729136	-7987.58
853	0.729136	-7981.09
854	0.729136	-7975.96
855	0.729136	-7974.52
856	0.729136	-7973.21
857	0.729136	-7980.2
858	0.729136	-7977.83
859	0.729136	-7976.41
860	0.729136	-7972.8
861	0.729136	-7976.8
862	0.729136	-7976.06
863	0.729136	-7975.8
864	0.729136	-7975.58
865	0.729136	-7978.81
866	0.729136	-7977.65
867	0.729136	-7983.21
868	0.729136	-7978.94
869	0.729136	-7978.53
870	0.729136	-7980.96
871	0.729136	-7983.4
872	0.729136	-7977.24
873	0.729136	-7975.77
874	0.729136	-7972.15
875	0.729136	-7977.48
876	0.729136	-7976.43
877	0.729136	-7982.74
878	0.729136	-7982.73
879	0.729136	-7984.41
880	0.729136	-7986.77
881	0.729136	-7973.76
882	0.729136	-7980.43
883	0.729136	-7980.24
884	0.729136	-7975.44
885	0.729136	-7972.46
886	0.729136	-7975.08
887	0.729136	-7974.87
888	0.729136	-7976.3
889	0.729136	-7969.5
890	0.729136	-7983.45
891	0.729136	-7980.07
892	0.729136	-7978.58
893	0.729136	-7976.77
894	0.729136	-7975.24
895	0.729136	-7976.8
896	0.729136	-7974.51
897	0.729136	-7979.21
898	0.729136	-7983.97
899	0.729136	-7982.25
900	0.729136	-7984.36
901	0.729136	-7976.81
902	0.729136	-7986.66
903	0.729136	-7987.46
904	0.729136	-7980.34
905	0.729136	-7973.72
906	0.729136	-7973.36
907	0.729136	-7980.27
908	0.729136	-7976.67
909	0.729136	-7973.41
910	0.729136	-7973.79
911	0.729136	-7979.49
912	0.729136	-7982.11
913	0.729136	-7980.02
914	0.729136	-7973.68
915	0.729136	-7982.1
916	0.729136	-7982.71
917	0.729136	-7985.26
918	0.729136	-7975.41
919	0.729136	-7975.49
920	0.729136	-7977.29
921	0.729136	-7981.72
922	0.729136	-7975.1
923	0.729136	-7974.24
924	0.729136	-7974.67
925	0.729136	-7974.6
926	0.729136	-7970.06
927	0.729136	-7974.1
928	0.729136	-7980.64
929	0.729136	-7981.7
930	0.729136	-7976.23
931	0.729136	-7979.4
932	0.729136	-7979.6
933	0.729136	-7979.98
934	0.729136	-7976.42
935	0.729136	-7977.69
936	0.729136	-7976.09
937	0.729136	-7976.7
938	0.729136	-7978.45
939	0.729136	-7984.76
940	0.729136	-7992.35
941	0.729136	-7989.27
942	0.729136	-7988.04
943	0.729136	-7982.1
944	0.729136	-7980.27
945	0.729136	-7977.9
946	0.729136	-7981.79
947	0.729136	-7978.14
948	0.729136	-7981.35
949	0.729136	-7982.47
950	0.729136	-7980.7
951	0.729136	-7979.64
952	0.729136	-7979.1
953	0.729136	-7978.74
954	0.729136	-7980.17
955	0.729136	-7977.85
956	0.729136	-7976.56
957	0.729136	-7976.23
958	0.729136	-7976.78
959	0.729136	-7972.49
960	0.729136	-7973.74
961	0.729136	-7975.44
962	0.729136	-7978.82
963	0.729136	-7980.67
964	0.729136	-7972.85
965	0.729136	-7976.76
966	0.729136	-7980.41
967	0.729136	-7981.92
968	0.729136	-7982.7
969	0.729136	-7980.37
970	0.729136	-7984.32
971	0.729136	-7976.74
972	0.729136	-7977.86
973	0.729136	-7974.58
974	0.729136	-7974.48
975	0.729136	-7981.99
976	0.729136	-7975.41
977	0.729136	-7979.2
978	0.729136	-7977.54
979	0.729136	-7982.19
980	0.729136	-7983.34
981	0.729136	-7983.25
982	0.729136	-7985.84
983	0.729136	-7987.32
984	0.729136	-7992.74
985	0.729136	-7981.48
986	0.729136	-7977.42
987	0.729136	-7972.84
988	0.729136	-7981.01
989	0.729136	-7979.67
990	0.729136	-7981.73
991	0.729136	-7977.7
992	0.729136	-7975.72
993	0.729136	-7979.53
994	0.729136	-7987.77
995	0.729136	-7989.14
996	0.729136	-7990.51
997	0.729136	-7982.71
998	0.729136	-7994.73
999	0.729136	-7981.66
1000	0.729136	-7987.21
