state	power	likelihood
251	1.10629e-05	-12148.1
252	1.10629e-05	-11352.1
253	1.10629e-05	-11866.2
254	1.10629e-05	-9874.89
255	1.10629e-05	-11281.2
256	1.10629e-05	-12771.4
257	1.10629e-05	-13936.6
258	1.10629e-05	-13227
259	1.10629e-05	-12212.8
260	1.10629e-05	-12518.8
261	1.10629e-05	-11736.2
262	1.10629e-05	-10873.2
263	1.10629e-05	-11285.7
264	1.10629e-05	-11839.2
265	1.10629e-05	-12339.4
266	1.10629e-05	-11680.4
267	1.10629e-05	-10810.2
268	1.10629e-05	-10551.5
269	1.10629e-05	-10227.5
270	1.10629e-05	-10616.1
271	1.10629e-05	-11239
272	1.10629e-05	-11866.1
273	1.10629e-05	-11160.8
274	1.10629e-05	-10412.7
275	1.10629e-05	-11422.3
276	1.10629e-05	-10398
277	1.10629e-05	-11050.4
278	1.10629e-05	-10048.9
279	1.10629e-05	-10750.2
280	1.10629e-05	-11478.3
281	1.10629e-05	-11950.3
282	1.10629e-05	-11881.2
283	1.10629e-05	-15206.9
284	1.10629e-05	-14075.2
285	1.10629e-05	-11223.9
286	1.10629e-05	-12049.6
287	1.10629e-05	-11431.9
288	1.10629e-05	-12340.6
289	1.10629e-05	-13699.3
290	1.10629e-05	-12566.4
291	1.10629e-05	-13681.5
292	1.10629e-05	-12836.4
293	1.10629e-05	-9889.86
294	1.10629e-05	-10521.4
295	1.10629e-05	-14957.8
296	1.10629e-05	-12555.7
297	1.10629e-05	-11737.1
298	1.10629e-05	-11980.3
299	1.10629e-05	-11903.7
300	1.10629e-05	-13152.3
301	1.10629e-05	-10561.9
302	1.10629e-05	-14518
303	1.10629e-05	-10780.4
304	1.10629e-05	-12913.7
305	1.10629e-05	-13301.2
306	1.10629e-05	-14053.3
307	1.10629e-05	-14254.8
308	1.10629e-05	-16343.4
309	1.10629e-05	-14114.3
310	1.10629e-05	-14787.5
311	1.10629e-05	-14268.7
312	1.10629e-05	-14761.5
313	1.10629e-05	-11954.4
314	1.10629e-05	-12365
315	1.10629e-05	-13245.6
316	1.10629e-05	-12535.3
317	1.10629e-05	-11239.5
318	1.10629e-05	-14181
319	1.10629e-05	-14832.4
320	1.10629e-05	-13363.1
321	1.10629e-05	-14590.4
322	1.10629e-05	-13402.9
323	1.10629e-05	-11121.4
324	1.10629e-05	-11241.4
325	1.10629e-05	-11316.8
326	1.10629e-05	-10889.5
327	1.10629e-05	-13091.9
328	1.10629e-05	-12118.8
329	1.10629e-05	-12896.5
330	1.10629e-05	-10729
331	1.10629e-05	-11731.1
332	1.10629e-05	-11656.5
333	1.10629e-05	-11414.2
334	1.10629e-05	-12245.7
335	1.10629e-05	-14165.4
336	1.10629e-05	-15180.7
337	1.10629e-05	-11306.8
338	1.10629e-05	-10943.1
339	1.10629e-05	-10617.2
340	1.10629e-05	-10930.3
341	1.10629e-05	-12496
342	1.10629e-05	-12038.1
343	1.10629e-05	-11925.1
344	1.10629e-05	-11128.4
345	1.10629e-05	-10204.3
346	1.10629e-05	-10393.3
347	1.10629e-05	-12926.4
348	1.10629e-05	-12681
349	1.10629e-05	-13099.6
350	1.10629e-05	-13334.3
351	1.10629e-05	-14701.7
352	1.10629e-05	-13809.4
353	1.10629e-05	-13124.7
354	1.10629e-05	-13897.7
355	1.10629e-05	-13663.2
356	1.10629e-05	-17012.1
357	1.10629e-05	-13742.5
358	1.10629e-05	-14007.4
359	1.10629e-05	-12626
360	1.10629e-05	-12878.3
361	1.10629e-05	-10570
362	1.10629e-05	-12601.2
363	1.10629e-05	-10634.4
364	1.10629e-05	-11890.6
365	1.10629e-05	-15192.2
366	1.10629e-05	-14421.5
367	1.10629e-05	-14901.5
368	1.10629e-05	-14703.4
369	1.10629e-05	-14828.8
370	1.10629e-05	-15294.7
371	1.10629e-05	-15053.9
372	1.10629e-05	-13985.1
373	1.10629e-05	-13184.1
374	1.10629e-05	-13948
375	1.10629e-05	-11784.8
376	1.10629e-05	-10679.7
377	1.10629e-05	-10951.9
378	1.10629e-05	-11452.3
379	1.10629e-05	-10894.6
380	1.10629e-05	-12111.5
381	1.10629e-05	-14850.2
382	1.10629e-05	-12802.9
383	1.10629e-05	-13460.7
384	1.10629e-05	-10901.1
385	1.10629e-05	-11784.6
386	1.10629e-05	-12354.2
387	1.10629e-05	-12043.8
388	1.10629e-05	-14263.6
389	1.10629e-05	-16010.6
390	1.10629e-05	-10668.4
391	1.10629e-05	-12993.9
392	1.10629e-05	-11958.4
393	1.10629e-05	-11178.4
394	1.10629e-05	-11856.7
395	1.10629e-05	-12400.7
396	1.10629e-05	-9794.74
397	1.10629e-05	-10454
398	1.10629e-05	-11454
399	1.10629e-05	-9924.86
400	1.10629e-05	-11815.4
401	1.10629e-05	-11628
402	1.10629e-05	-11184.6
403	1.10629e-05	-12121.2
404	1.10629e-05	-10662.1
405	1.10629e-05	-10573.4
406	1.10629e-05	-14041.1
407	1.10629e-05	-13615.9
408	1.10629e-05	-13655.4
409	1.10629e-05	-11589.2
410	1.10629e-05	-14506.9
411	1.10629e-05	-13194.5
412	1.10629e-05	-11271.8
413	1.10629e-05	-10111.4
414	1.10629e-05	-9587.2
415	1.10629e-05	-14464.6
416	1.10629e-05	-18701.7
417	1.10629e-05	-14586.8
418	1.10629e-05	-20943.5
419	1.10629e-05	-11343.7
420	1.10629e-05	-11216.3
421	1.10629e-05	-12612.4
422	1.10629e-05	-13470.5
423	1.10629e-05	-14473.1
424	1.10629e-05	-15775.8
425	1.10629e-05	-16290.6
426	1.10629e-05	-13616.2
427	1.10629e-05	-12468.1
428	1.10629e-05	-12919
429	1.10629e-05	-11461
430	1.10629e-05	-12240
431	1.10629e-05	-11320.8
432	1.10629e-05	-13222
433	1.10629e-05	-12352.3
434	1.10629e-05	-12264.6
435	1.10629e-05	-13902.2
436	1.10629e-05	-16485.9
437	1.10629e-05	-15616.5
438	1.10629e-05	-12327.4
439	1.10629e-05	-13486.7
440	1.10629e-05	-12210
441	1.10629e-05	-13802.8
442	1.10629e-05	-14943
443	1.10629e-05	-15761.5
444	1.10629e-05	-11408.5
445	1.10629e-05	-11239
446	1.10629e-05	-11528.8
447	1.10629e-05	-12526.5
448	1.10629e-05	-14147.3
449	1.10629e-05	-12796.2
450	1.10629e-05	-14192.6
451	1.10629e-05	-14883.2
452	1.10629e-05	-13752.2
453	1.10629e-05	-12571.6
454	1.10629e-05	-12289.6
455	1.10629e-05	-12966.8
456	1.10629e-05	-11163.3
457	1.10629e-05	-14411.7
458	1.10629e-05	-10728.8
459	1.10629e-05	-12339.3
460	1.10629e-05	-11900.3
461	1.10629e-05	-11418
462	1.10629e-05	-12223.1
463	1.10629e-05	-11104
464	1.10629e-05	-11564.9
465	1.10629e-05	-12132.7
466	1.10629e-05	-11407.9
467	1.10629e-05	-11910.1
468	1.10629e-05	-11437.4
469	1.10629e-05	-11741.4
470	1.10629e-05	-12915.1
471	1.10629e-05	-12317
472	1.10629e-05	-12441.3
473	1.10629e-05	-12397.5
474	1.10629e-05	-11677.9
475	1.10629e-05	-10499.2
476	1.10629e-05	-14881.2
477	1.10629e-05	-13196.4
478	1.10629e-05	-14049.9
479	1.10629e-05	-11762.8
480	1.10629e-05	-13430.2
481	1.10629e-05	-18683.6
482	1.10629e-05	-14396.1
483	1.10629e-05	-12326.4
484	1.10629e-05	-9786.73
485	1.10629e-05	-9647.88
486	1.10629e-05	-9704.3
487	1.10629e-05	-11512.2
488	1.10629e-05	-16583.6
489	1.10629e-05	-13851.6
490	1.10629e-05	-13771.3
491	1.10629e-05	-12890.6
492	1.10629e-05	-13952
493	1.10629e-05	-11666.5
494	1.10629e-05	-11836.2
495	1.10629e-05	-11590.6
496	1.10629e-05	-10987.6
497	1.10629e-05	-12970
498	1.10629e-05	-12519
499	1.10629e-05	-11059.9
500	1.10629e-05	-11228.3
501	1.10629e-05	-11462.9
502	1.10629e-05	-11634.6
503	1.10629e-05	-13081.5
504	1.10629e-05	-13007.6
505	1.10629e-05	-11856.4
506	1.10629e-05	-11273.3
507	1.10629e-05	-11243.6
508	1.10629e-05	-12373.4
509	1.10629e-05	-13708
510	1.10629e-05	-13186.8
511	1.10629e-05	-14780.7
512	1.10629e-05	-13057.2
513	1.10629e-05	-12099.1
514	1.10629e-05	-12332.2
515	1.10629e-05	-10072.7
516	1.10629e-05	-14324.6
517	1.10629e-05	-11883.2
518	1.10629e-05	-16338.4
519	1.10629e-05	-12883.7
520	1.10629e-05	-15773.7
521	1.10629e-05	-14580
522	1.10629e-05	-12726.8
523	1.10629e-05	-12804.9
524	1.10629e-05	-12561.3
525	1.10629e-05	-12924
526	1.10629e-05	-12391.6
527	1.10629e-05	-10688.6
528	1.10629e-05	-10760.2
529	1.10629e-05	-10382.3
530	1.10629e-05	-10273.9
531	1.10629e-05	-10791.6
532	1.10629e-05	-11639.1
533	1.10629e-05	-13122.2
534	1.10629e-05	-12564.9
535	1.10629e-05	-14385.7
536	1.10629e-05	-13394.6
537	1.10629e-05	-11324.1
538	1.10629e-05	-11444.4
539	1.10629e-05	-12031.4
540	1.10629e-05	-11113.9
541	1.10629e-05	-11223
542	1.10629e-05	-13221.8
543	1.10629e-05	-12549.8
544	1.10629e-05	-11390.9
545	1.10629e-05	-11747.9
546	1.10629e-05	-13669.7
547	1.10629e-05	-11743.5
548	1.10629e-05	-11883.2
549	1.10629e-05	-11148.2
550	1.10629e-05	-12026
551	1.10629e-05	-11228.7
552	1.10629e-05	-12268.6
553	1.10629e-05	-10936.8
554	1.10629e-05	-11363.5
555	1.10629e-05	-10886.8
556	1.10629e-05	-13484.9
557	1.10629e-05	-11439.3
558	1.10629e-05	-13102.8
559	1.10629e-05	-10841
560	1.10629e-05	-13491.3
561	1.10629e-05	-14756.6
562	1.10629e-05	-12217.9
563	1.10629e-05	-14155.7
564	1.10629e-05	-15238.9
565	1.10629e-05	-13198.2
566	1.10629e-05	-10422.7
567	1.10629e-05	-11748.2
568	1.10629e-05	-11451.6
569	1.10629e-05	-12365
570	1.10629e-05	-12385.5
571	1.10629e-05	-12800.3
572	1.10629e-05	-13751.6
573	1.10629e-05	-16436.6
574	1.10629e-05	-20356.3
575	1.10629e-05	-13642.1
576	1.10629e-05	-13784
577	1.10629e-05	-14363.6
578	1.10629e-05	-15592.5
579	1.10629e-05	-14119.6
580	1.10629e-05	-12590.7
581	1.10629e-05	-12166
582	1.10629e-05	-12007.5
583	1.10629e-05	-11771.5
584	1.10629e-05	-11356.2
585	1.10629e-05	-11188.3
586	1.10629e-05	-12256.1
587	1.10629e-05	-12893.1
588	1.10629e-05	-12125.7
589	1.10629e-05	-11056.5
590	1.10629e-05	-12165.3
591	1.10629e-05	-16480.7
592	1.10629e-05	-10137.7
593	1.10629e-05	-13061.3
594	1.10629e-05	-14595.8
595	1.10629e-05	-10702.5
596	1.10629e-05	-12782.5
597	1.10629e-05	-13322.4
598	1.10629e-05	-11593.1
599	1.10629e-05	-13257.9
600	1.10629e-05	-12784
601	1.10629e-05	-11890.7
602	1.10629e-05	-12070.1
603	1.10629e-05	-13439.8
604	1.10629e-05	-13701.1
605	1.10629e-05	-12308.4
606	1.10629e-05	-12649.9
607	1.10629e-05	-13369.3
608	1.10629e-05	-12863.4
609	1.10629e-05	-14909
610	1.10629e-05	-12093.5
611	1.10629e-05	-11772.6
612	1.10629e-05	-11550.3
613	1.10629e-05	-10844
614	1.10629e-05	-13291.1
615	1.10629e-05	-11160.8
616	1.10629e-05	-11775.4
617	1.10629e-05	-13218.5
618	1.10629e-05	-12067.6
619	1.10629e-05	-11293.3
620	1.10629e-05	-10972.6
621	1.10629e-05	-12245.6
622	1.10629e-05	-10917.4
623	1.10629e-05	-13717
624	1.10629e-05	-11833.5
625	1.10629e-05	-11053.9
626	1.10629e-05	-13580.2
627	1.10629e-05	-18711.2
628	1.10629e-05	-13351.7
629	1.10629e-05	-13848
630	1.10629e-05	-14437.1
631	1.10629e-05	-14757.7
632	1.10629e-05	-13382.2
633	1.10629e-05	-12859.6
634	1.10629e-05	-12774.2
635	1.10629e-05	-12949.5
636	1.10629e-05	-11739.7
637	1.10629e-05	-12107.7
638	1.10629e-05	-12631.7
639	1.10629e-05	-10122.1
640	1.10629e-05	-11038.7
641	1.10629e-05	-10580.4
642	1.10629e-05	-12294.8
643	1.10629e-05	-11921.4
644	1.10629e-05	-10564.3
645	1.10629e-05	-12748.5
646	1.10629e-05	-11443.2
647	1.10629e-05	-12746
648	1.10629e-05	-12291
649	1.10629e-05	-12171.7
650	1.10629e-05	-11518.5
651	1.10629e-05	-11719.9
652	1.10629e-05	-15016.2
653	1.10629e-05	-14902.7
654	1.10629e-05	-16106.3
655	1.10629e-05	-11258.8
656	1.10629e-05	-13508.8
657	1.10629e-05	-13666.4
658	1.10629e-05	-12534.9
659	1.10629e-05	-10934.3
660	1.10629e-05	-10309.4
661	1.10629e-05	-11460.4
662	1.10629e-05	-11731.8
663	1.10629e-05	-12266
664	1.10629e-05	-11191.8
665	1.10629e-05	-9976.98
666	1.10629e-05	-10717.5
667	1.10629e-05	-13627.1
668	1.10629e-05	-11268.2
669	1.10629e-05	-14631.6
670	1.10629e-05	-10524.1
671	1.10629e-05	-14074.7
672	1.10629e-05	-13917
673	1.10629e-05	-14158.4
674	1.10629e-05	-12534.3
675	1.10629e-05	-9954.79
676	1.10629e-05	-12712.6
677	1.10629e-05	-17566.9
678	1.10629e-05	-14157.2
679	1.10629e-05	-15105.6
680	1.10629e-05	-15289.7
681	1.10629e-05	-11778
682	1.10629e-05	-11530.6
683	1.10629e-05	-11925.5
684	1.10629e-05	-12471.7
685	1.10629e-05	-12360.9
686	1.10629e-05	-12583.4
687	1.10629e-05	-11091.7
688	1.10629e-05	-13598.4
689	1.10629e-05	-17190.3
690	1.10629e-05	-11293.3
691	1.10629e-05	-13400.5
692	1.10629e-05	-13413.6
693	1.10629e-05	-15955.9
694	1.10629e-05	-15102.6
695	1.10629e-05	-11706.3
696	1.10629e-05	-13554.1
697	1.10629e-05	-12787.4
698	1.10629e-05	-12265.6
699	1.10629e-05	-13398
700	1.10629e-05	-14822.1
701	1.10629e-05	-11544.8
702	1.10629e-05	-12385.6
703	1.10629e-05	-13106.5
704	1.10629e-05	-14801.5
705	1.10629e-05	-12318.2
706	1.10629e-05	-14785.7
707	1.10629e-05	-15893.1
708	1.10629e-05	-12871.9
709	1.10629e-05	-14787.9
710	1.10629e-05	-14536.4
711	1.10629e-05	-14459.2
712	1.10629e-05	-11977.7
713	1.10629e-05	-12009.9
714	1.10629e-05	-11890.4
715	1.10629e-05	-12333.1
716	1.10629e-05	-12004.3
717	1.10629e-05	-12141.4
718	1.10629e-05	-12098.6
719	1.10629e-05	-15783.4
720	1.10629e-05	-10985.1
721	1.10629e-05	-12348.4
722	1.10629e-05	-12071
723	1.10629e-05	-11768.8
724	1.10629e-05	-11028.3
725	1.10629e-05	-12538.4
726	1.10629e-05	-13671.9
727	1.10629e-05	-13617.5
728	1.10629e-05	-11379
729	1.10629e-05	-10462.1
730	1.10629e-05	-11825.2
731	1.10629e-05	-13233.8
732	1.10629e-05	-14043
733	1.10629e-05	-13179.2
734	1.10629e-05	-13268.9
735	1.10629e-05	-15228.3
736	1.10629e-05	-15605.5
737	1.10629e-05	-13462.6
738	1.10629e-05	-14304.2
739	1.10629e-05	-15234.3
740	1.10629e-05	-14826.9
741	1.10629e-05	-13538.4
742	1.10629e-05	-10361.3
743	1.10629e-05	-11563.2
744	1.10629e-05	-10509.7
745	1.10629e-05	-10966
746	1.10629e-05	-11071.2
747	1.10629e-05	-12701.5
748	1.10629e-05	-15639.6
749	1.10629e-05	-11488.3
750	1.10629e-05	-11715.9
751	1.10629e-05	-12405.9
752	1.10629e-05	-12794.5
753	1.10629e-05	-12660.3
754	1.10629e-05	-10782.2
755	1.10629e-05	-11299.3
756	1.10629e-05	-12075.7
757	1.10629e-05	-11908.6
758	1.10629e-05	-10185.7
759	1.10629e-05	-11294
760	1.10629e-05	-11075.7
761	1.10629e-05	-12050.8
762	1.10629e-05	-13203.9
763	1.10629e-05	-13947.3
764	1.10629e-05	-12065.6
765	1.10629e-05	-12250.9
766	1.10629e-05	-12491.7
767	1.10629e-05	-11976.7
768	1.10629e-05	-14116.7
769	1.10629e-05	-17046.7
770	1.10629e-05	-16338
771	1.10629e-05	-13158.1
772	1.10629e-05	-13765.2
773	1.10629e-05	-16131.7
774	1.10629e-05	-13979.4
775	1.10629e-05	-14006.5
776	1.10629e-05	-13233.3
777	1.10629e-05	-13746.7
778	1.10629e-05	-13207.9
779	1.10629e-05	-12933.3
780	1.10629e-05	-12433.4
781	1.10629e-05	-11225.3
782	1.10629e-05	-11672.1
783	1.10629e-05	-10860.8
784	1.10629e-05	-11084.5
785	1.10629e-05	-10939
786	1.10629e-05	-15789.4
787	1.10629e-05	-18592.7
788	1.10629e-05	-15960
789	1.10629e-05	-11579.4
790	1.10629e-05	-11299.5
791	1.10629e-05	-12921.2
792	1.10629e-05	-11048.6
793	1.10629e-05	-12691
794	1.10629e-05	-12844.3
795	1.10629e-05	-16597.7
796	1.10629e-05	-14528
797	1.10629e-05	-13463.9
798	1.10629e-05	-10840.6
799	1.10629e-05	-10850.8
800	1.10629e-05	-12710.4
801	1.10629e-05	-13434.4
802	1.10629e-05	-13905.9
803	1.10629e-05	-14106.3
804	1.10629e-05	-11592
805	1.10629e-05	-12476.6
806	1.10629e-05	-13586.1
807	1.10629e-05	-13298.6
808	1.10629e-05	-11919.1
809	1.10629e-05	-12695.7
810	1.10629e-05	-11132.2
811	1.10629e-05	-13664
812	1.10629e-05	-15134.2
813	1.10629e-05	-15488.2
814	1.10629e-05	-13458.5
815	1.10629e-05	-11011.8
816	1.10629e-05	-11022.8
817	1.10629e-05	-12057.6
818	1.10629e-05	-12239.8
819	1.10629e-05	-10711.3
820	1.10629e-05	-10390.9
821	1.10629e-05	-13789.2
822	1.10629e-05	-11609.9
823	1.10629e-05	-10267
824	1.10629e-05	-11609.2
825	1.10629e-05	-13200.4
826	1.10629e-05	-13440.6
827	1.10629e-05	-11921.8
828	1.10629e-05	-10548.3
829	1.10629e-05	-12058.8
830	1.10629e-05	-12276.8
831	1.10629e-05	-13709.5
832	1.10629e-05	-12568.7
833	1.10629e-05	-11212.4
834	1.10629e-05	-12759.1
835	1.10629e-05	-12232.1
836	1.10629e-05	-12012.4
837	1.10629e-05	-10482.1
838	1.10629e-05	-11199.1
839	1.10629e-05	-10303.1
840	1.10629e-05	-10068.1
841	1.10629e-05	-12201.7
842	1.10629e-05	-10945.6
843	1.10629e-05	-11499
844	1.10629e-05	-12503.7
845	1.10629e-05	-13278.2
846	1.10629e-05	-12435.6
847	1.10629e-05	-11264
848	1.10629e-05	-9950.58
849	1.10629e-05	-10654.7
850	1.10629e-05	-10859.4
851	1.10629e-05	-11173.6
852	1.10629e-05	-11572
853	1.10629e-05	-13298.8
854	1.10629e-05	-12139
855	1.10629e-05	-10730.9
856	1.10629e-05	-11717.2
857	1.10629e-05	-9898.61
858	1.10629e-05	-12319.4
859	1.10629e-05	-11493.9
860	1.10629e-05	-10715.8
861	1.10629e-05	-10567
862	1.10629e-05	-12992.3
863	1.10629e-05	-13325.5
864	1.10629e-05	-13886
865	1.10629e-05	-14276.7
866	1.10629e-05	-11109.3
867	1.10629e-05	-10888.1
868	1.10629e-05	-11562.8
869	1.10629e-05	-12101.6
870	1.10629e-05	-10881
871	1.10629e-05	-10815.5
872	1.10629e-05	-11822.3
873	1.10629e-05	-12631.3
874	1.10629e-05	-13240.3
875	1.10629e-05	-13436.9
876	1.10629e-05	-11210.5
877	1.10629e-05	-11291.3
878	1.10629e-05	-9830.47
879	1.10629e-05	-12092.3
880	1.10629e-05	-17216.6
881	1.10629e-05	-13309.4
882	1.10629e-05	-13182.3
883	1.10629e-05	-11000.2
884	1.10629e-05	-12127.5
885	1.10629e-05	-14080.5
886	1.10629e-05	-12168.4
887	1.10629e-05	-10450
888	1.10629e-05	-18542.3
889	1.10629e-05	-10529.5
890	1.10629e-05	-10880.9
891	1.10629e-05	-11514.5
892	1.10629e-05	-11360.8
893	1.10629e-05	-11387.1
894	1.10629e-05	-11111.4
895	1.10629e-05	-13158.7
896	1.10629e-05	-13141.5
897	1.10629e-05	-12578.6
898	1.10629e-05	-11463.2
899	1.10629e-05	-11094.2
900	1.10629e-05	-10738.8
901	1.10629e-05	-10844
902	1.10629e-05	-10101.2
903	1.10629e-05	-12041.5
904	1.10629e-05	-11237
905	1.10629e-05	-13496.4
906	1.10629e-05	-13246.9
907	1.10629e-05	-10595.3
908	1.10629e-05	-12079.1
909	1.10629e-05	-11654.3
910	1.10629e-05	-12228.2
911	1.10629e-05	-10067
912	1.10629e-05	-10119.9
913	1.10629e-05	-11360
914	1.10629e-05	-11578.6
915	1.10629e-05	-10793.4
916	1.10629e-05	-10275.3
917	1.10629e-05	-14269.6
918	1.10629e-05	-15178.6
919	1.10629e-05	-13458.1
920	1.10629e-05	-15085.7
921	1.10629e-05	-13987.3
922	1.10629e-05	-11473.4
923	1.10629e-05	-10335.5
924	1.10629e-05	-11444.7
925	1.10629e-05	-12431.3
926	1.10629e-05	-12532
927	1.10629e-05	-9845.91
928	1.10629e-05	-11507.9
929	1.10629e-05	-11311.3
930	1.10629e-05	-10605.8
931	1.10629e-05	-11557.7
932	1.10629e-05	-15235.2
933	1.10629e-05	-11614.4
934	1.10629e-05	-12934.8
935	1.10629e-05	-11168.6
936	1.10629e-05	-12477.6
937	1.10629e-05	-17419.8
938	1.10629e-05	-14320.3
939	1.10629e-05	-12199.3
940	1.10629e-05	-12632.8
941	1.10629e-05	-12566
942	1.10629e-05	-13054.6
943	1.10629e-05	-11656.6
944	1.10629e-05	-13051.9
945	1.10629e-05	-13121.5
946	1.10629e-05	-13579.7
947	1.10629e-05	-12855.5
948	1.10629e-05	-12489
949	1.10629e-05	-11846.6
950	1.10629e-05	-14676
951	1.10629e-05	-14581.5
952	1.10629e-05	-13404.6
953	1.10629e-05	-14610.9
954	1.10629e-05	-17058.6
955	1.10629e-05	-14806.7
956	1.10629e-05	-14091
957	1.10629e-05	-14607
958	1.10629e-05	-13410.8
959	1.10629e-05	-12310.9
960	1.10629e-05	-11088.3
961	1.10629e-05	-11198.9
962	1.10629e-05	-12118.6
963	1.10629e-05	-11465.9
964	1.10629e-05	-11884
965	1.10629e-05	-13952.8
966	1.10629e-05	-12945.2
967	1.10629e-05	-12539.4
968	1.10629e-05	-15287.1
969	1.10629e-05	-12178.4
970	1.10629e-05	-11660
971	1.10629e-05	-11920.1
972	1.10629e-05	-12952.9
973	1.10629e-05	-14732
974	1.10629e-05	-12417.6
975	1.10629e-05	-12758
976	1.10629e-05	-11894.7
977	1.10629e-05	-12118.3
978	1.10629e-05	-12634.4
979	1.10629e-05	-13247.4
980	1.10629e-05	-14383.6
981	1.10629e-05	-14316.7
982	1.10629e-05	-12135.7
983	1.10629e-05	-12160
984	1.10629e-05	-14516.9
985	1.10629e-05	-15820.3
986	1.10629e-05	-14712.3
987	1.10629e-05	-10077.6
988	1.10629e-05	-11078.7
989	1.10629e-05	-12868.8
990	1.10629e-05	-14023.8
991	1.10629e-05	-14498.3
992	1.10629e-05	-14773.1
993	1.10629e-05	-12673.5
994	1.10629e-05	-12523.6
995	1.10629e-05	-13843.9
996	1.10629e-05	-13085.8
997	1.10629e-05	-11647.6
998	1.10629e-05	-11229
999	1.10629e-05	-11568.9
1000	1.10629e-05	-14314.1
