state	power	likelihood
251	0.00190397	-10657.1
252	0.00190397	-10268.1
253	0.00190397	-10919.5
254	0.00190397	-9653.03
255	0.00190397	-10218.4
256	0.00190397	-11597.5
257	0.00190397	-10483.6
258	0.00190397	-11243.3
259	0.00190397	-11070.9
260	0.00190397	-11013.9
261	0.00190397	-10829.4
262	0.00190397	-11341.9
263	0.00190397	-10424.6
264	0.00190397	-10211.5
265	0.00190397	-10722.9
266	0.00190397	-9989.47
267	0.00190397	-10430.6
268	0.00190397	-10845.1
269	0.00190397	-10724.6
270	0.00190397	-10680
271	0.00190397	-10255.2
272	0.00190397	-10895
273	0.00190397	-9875.43
274	0.00190397	-9884.06
275	0.00190397	-10110.8
276	0.00190397	-10269.6
277	0.00190397	-12920.6
278	0.00190397	-11856.2
279	0.00190397	-11796.6
280	0.00190397	-11087.4
281	0.00190397	-11164.4
282	0.00190397	-10085.2
283	0.00190397	-10047.3
284	0.00190397	-10280.6
285	0.00190397	-11138.8
286	0.00190397	-10114
287	0.00190397	-9875.59
288	0.00190397	-10847.1
289	0.00190397	-10442.9
290	0.00190397	-11329.3
291	0.00190397	-10876.5
292	0.00190397	-9731.27
293	0.00190397	-10117.8
294	0.00190397	-10278.3
295	0.00190397	-10705.9
296	0.00190397	-10357.8
297	0.00190397	-11626.3
298	0.00190397	-11607.4
299	0.00190397	-12222.5
300	0.00190397	-11398.5
301	0.00190397	-11280.7
302	0.00190397	-11658
303	0.00190397	-11087.3
304	0.00190397	-12819.1
305	0.00190397	-10866.5
306	0.00190397	-11011.4
307	0.00190397	-11084.1
308	0.00190397	-11105.5
309	0.00190397	-10554.8
310	0.00190397	-11287.9
311	0.00190397	-11090
312	0.00190397	-11944.6
313	0.00190397	-10899.1
314	0.00190397	-9941.76
315	0.00190397	-10601.4
316	0.00190397	-10353.7
317	0.00190397	-10356.7
318	0.00190397	-10617.8
319	0.00190397	-10185.4
320	0.00190397	-10808.2
321	0.00190397	-10138.7
322	0.00190397	-10449.3
323	0.00190397	-10868.4
324	0.00190397	-12796.9
325	0.00190397	-11198.6
326	0.00190397	-10655.2
327	0.00190397	-10896.8
328	0.00190397	-10722.2
329	0.00190397	-9518.16
330	0.00190397	-10384
331	0.00190397	-10920.2
332	0.00190397	-11035.3
333	0.00190397	-10148.7
334	0.00190397	-10941.2
335	0.00190397	-10409.4
336	0.00190397	-10963.6
337	0.00190397	-9935.72
338	0.00190397	-10275.2
339	0.00190397	-10051.6
340	0.00190397	-10076.2
341	0.00190397	-9450.82
342	0.00190397	-10929.5
343	0.00190397	-10469.7
344	0.00190397	-9761.7
345	0.00190397	-10057.5
346	0.00190397	-10725.7
347	0.00190397	-10780.8
348	0.00190397	-11266.5
349	0.00190397	-11342.6
350	0.00190397	-11264.6
351	0.00190397	-11302.7
352	0.00190397	-10474.4
353	0.00190397	-11202.8
354	0.00190397	-11684.1
355	0.00190397	-11345.9
356	0.00190397	-11202.7
357	0.00190397	-11045.2
358	0.00190397	-11578.7
359	0.00190397	-11528.9
360	0.00190397	-11095.9
361	0.00190397	-10473
362	0.00190397	-10522.1
363	0.00190397	-10449.6
364	0.00190397	-11595.5
365	0.00190397	-11367
366	0.00190397	-10227.2
367	0.00190397	-11323.3
368	0.00190397	-10837.2
369	0.00190397	-10566.3
370	0.00190397	-10439.1
371	0.00190397	-9777.53
372	0.00190397	-10715.5
373	0.00190397	-10457.5
374	0.00190397	-10527.3
375	0.00190397	-10895.1
376	0.00190397	-11013.3
377	0.00190397	-10650.9
378	0.00190397	-10826.9
379	0.00190397	-10814.3
380	0.00190397	-10018.7
381	0.00190397	-10433.3
382	0.00190397	-11014.7
383	0.00190397	-10867.2
384	0.00190397	-11066.9
385	0.00190397	-10654.5
386	0.00190397	-11000.7
387	0.00190397	-10858.4
388	0.00190397	-10418
389	0.00190397	-9748.38
390	0.00190397	-10086.2
391	0.00190397	-10352.1
392	0.00190397	-11338.2
393	0.00190397	-10773.3
394	0.00190397	-10748.1
395	0.00190397	-11356.3
396	0.00190397	-10797.2
397	0.00190397	-10155.5
398	0.00190397	-10261.5
399	0.00190397	-9841.64
400	0.00190397	-10178.1
401	0.00190397	-10274
402	0.00190397	-11233.4
403	0.00190397	-10659.3
404	0.00190397	-10231
405	0.00190397	-9861.77
406	0.00190397	-11047.3
407	0.00190397	-9900.63
408	0.00190397	-9564.11
409	0.00190397	-9838.26
410	0.00190397	-11121.2
411	0.00190397	-10634.6
412	0.00190397	-11129.8
413	0.00190397	-11239.1
414	0.00190397	-10076.6
415	0.00190397	-10168.8
416	0.00190397	-10257.3
417	0.00190397	-10678.3
418	0.00190397	-9783.1
419	0.00190397	-9461.35
420	0.00190397	-10208.1
421	0.00190397	-9993.62
422	0.00190397	-11534.3
423	0.00190397	-10547.8
424	0.00190397	-9902.75
425	0.00190397	-10547.1
426	0.00190397	-10098.7
427	0.00190397	-10503.3
428	0.00190397	-11514.6
429	0.00190397	-11501.5
430	0.00190397	-11568.4
431	0.00190397	-11206.7
432	0.00190397	-11425.9
433	0.00190397	-10249.6
434	0.00190397	-11427.3
435	0.00190397	-11183.2
436	0.00190397	-10685.8
437	0.00190397	-11012.8
438	0.00190397	-9800.78
439	0.00190397	-9991.88
440	0.00190397	-10291
441	0.00190397	-9999.58
442	0.00190397	-10370.7
443	0.00190397	-10733.2
444	0.00190397	-11225.8
445	0.00190397	-10949.4
446	0.00190397	-10158.1
447	0.00190397	-10657.8
448	0.00190397	-11361.7
449	0.00190397	-11017.6
450	0.00190397	-11482.5
451	0.00190397	-9946.46
452	0.00190397	-10596
453	0.00190397	-11132.1
454	0.00190397	-9984.79
455	0.00190397	-10327
456	0.00190397	-10601.3
457	0.00190397	-11545
458	0.00190397	-12789.7
459	0.00190397	-10296.7
460	0.00190397	-9805.73
461	0.00190397	-10361.9
462	0.00190397	-10058.9
463	0.00190397	-10525.6
464	0.00190397	-10379.4
465	0.00190397	-11316.1
466	0.00190397	-11814
467	0.00190397	-11580.7
468	0.00190397	-10771.7
469	0.00190397	-9411.93
470	0.00190397	-10154.1
471	0.00190397	-10615.4
472	0.00190397	-11656.2
473	0.00190397	-10441.1
474	0.00190397	-12095.1
475	0.00190397	-10503.8
476	0.00190397	-10676.8
477	0.00190397	-9901.49
478	0.00190397	-10990.2
479	0.00190397	-10856.4
480	0.00190397	-11411
481	0.00190397	-9707.12
482	0.00190397	-11131
483	0.00190397	-11728.6
484	0.00190397	-11667.7
485	0.00190397	-10930.2
486	0.00190397	-10806.9
487	0.00190397	-10572.8
488	0.00190397	-11654.8
489	0.00190397	-10603.1
490	0.00190397	-9940.96
491	0.00190397	-10086.5
492	0.00190397	-10561.6
493	0.00190397	-10790
494	0.00190397	-10068
495	0.00190397	-10147.1
496	0.00190397	-10259.7
497	0.00190397	-10800.3
498	0.00190397	-10510.5
499	0.00190397	-11039.1
500	0.00190397	-11590.3
501	0.00190397	-11669.8
502	0.00190397	-11925.2
503	0.00190397	-12364.4
504	0.00190397	-10499.7
505	0.00190397	-10735.7
506	0.00190397	-10550.2
507	0.00190397	-10463.1
508	0.00190397	-10773.2
509	0.00190397	-11413.7
510	0.00190397	-10030.5
511	0.00190397	-11184.4
512	0.00190397	-10168.4
513	0.00190397	-10039.5
514	0.00190397	-9967.23
515	0.00190397	-9594.35
516	0.00190397	-10369.7
517	0.00190397	-10135.2
518	0.00190397	-9712.15
519	0.00190397	-10610.6
520	0.00190397	-10230.4
521	0.00190397	-9994.06
522	0.00190397	-9261.87
523	0.00190397	-9910.62
524	0.00190397	-9518.73
525	0.00190397	-9444.2
526	0.00190397	-10011.2
527	0.00190397	-10735.1
528	0.00190397	-10698.6
529	0.00190397	-10938.7
530	0.00190397	-11749.7
531	0.00190397	-11221.4
532	0.00190397	-10666
533	0.00190397	-11631.4
534	0.00190397	-10688.4
535	0.00190397	-10135.8
536	0.00190397	-10045.1
537	0.00190397	-10002
538	0.00190397	-10231
539	0.00190397	-9304.5
540	0.00190397	-10612.8
541	0.00190397	-11184.8
542	0.00190397	-10916.7
543	0.00190397	-10131.4
544	0.00190397	-10399.8
545	0.00190397	-10644.3
546	0.00190397	-11040.3
547	0.00190397	-11436.4
548	0.00190397	-11335.9
549	0.00190397	-11398.6
550	0.00190397	-10774.9
551	0.00190397	-11495.7
552	0.00190397	-11824.3
553	0.00190397	-11559.3
554	0.00190397	-10908.2
555	0.00190397	-10624.8
556	0.00190397	-10300.4
557	0.00190397	-11034.7
558	0.00190397	-9848.66
559	0.00190397	-10525.6
560	0.00190397	-10416.2
561	0.00190397	-10298.4
562	0.00190397	-10299.1
563	0.00190397	-10457.9
564	0.00190397	-9134.61
565	0.00190397	-9642.96
566	0.00190397	-11605.4
567	0.00190397	-10607.7
568	0.00190397	-9942.81
569	0.00190397	-10218
570	0.00190397	-10597.6
571	0.00190397	-10889.5
572	0.00190397	-10177.2
573	0.00190397	-10108.8
574	0.00190397	-10566.4
575	0.00190397	-11090.8
576	0.00190397	-10142.9
577	0.00190397	-10385.1
578	0.00190397	-10727.2
579	0.00190397	-10506.5
580	0.00190397	-11266.4
581	0.00190397	-11402.7
582	0.00190397	-10046.5
583	0.00190397	-10678.8
584	0.00190397	-10302.7
585	0.00190397	-10545.5
586	0.00190397	-9950.39
587	0.00190397	-10541.7
588	0.00190397	-10432.5
589	0.00190397	-11443.7
590	0.00190397	-10673.6
591	0.00190397	-10083.8
592	0.00190397	-9951.61
593	0.00190397	-10485
594	0.00190397	-10293.3
595	0.00190397	-10149.9
596	0.00190397	-9975.32
597	0.00190397	-10373.4
598	0.00190397	-10780.6
599	0.00190397	-10926.2
600	0.00190397	-10147.9
601	0.00190397	-9571
602	0.00190397	-9350.59
603	0.00190397	-11116.7
604	0.00190397	-9971.44
605	0.00190397	-10403.5
606	0.00190397	-10969.8
607	0.00190397	-9946.22
608	0.00190397	-9931.7
609	0.00190397	-10328.3
610	0.00190397	-10395.2
611	0.00190397	-10403.8
612	0.00190397	-10951.1
613	0.00190397	-11896.4
614	0.00190397	-10661.2
615	0.00190397	-11579.1
616	0.00190397	-12004.5
617	0.00190397	-11894.3
618	0.00190397	-12054.9
619	0.00190397	-10424.1
620	0.00190397	-10821.5
621	0.00190397	-9776.78
622	0.00190397	-10013.3
623	0.00190397	-10794.5
624	0.00190397	-11346.9
625	0.00190397	-11409.5
626	0.00190397	-9253.75
627	0.00190397	-10397.8
628	0.00190397	-9993.66
629	0.00190397	-11213.8
630	0.00190397	-10239.4
631	0.00190397	-9950.89
632	0.00190397	-10845.6
633	0.00190397	-10028.4
634	0.00190397	-10330.6
635	0.00190397	-9853.65
636	0.00190397	-10576.3
637	0.00190397	-9931.11
638	0.00190397	-10258.2
639	0.00190397	-10346.4
640	0.00190397	-10490.6
641	0.00190397	-10469.3
642	0.00190397	-10259.4
643	0.00190397	-10019.6
644	0.00190397	-10459.2
645	0.00190397	-9460.3
646	0.00190397	-10327.3
647	0.00190397	-11170.3
648	0.00190397	-10362.6
649	0.00190397	-10625.8
650	0.00190397	-10095.2
651	0.00190397	-9964.98
652	0.00190397	-11144.8
653	0.00190397	-10671.5
654	0.00190397	-11612.4
655	0.00190397	-11509.6
656	0.00190397	-10931.1
657	0.00190397	-12049.6
658	0.00190397	-12830.1
659	0.00190397	-10221.3
660	0.00190397	-10277.5
661	0.00190397	-10004.8
662	0.00190397	-10475.8
663	0.00190397	-10895.4
664	0.00190397	-11119.9
665	0.00190397	-10340.5
666	0.00190397	-11530.2
667	0.00190397	-10520.6
668	0.00190397	-10844.4
669	0.00190397	-10369
670	0.00190397	-11887.7
671	0.00190397	-10860.5
672	0.00190397	-11166.1
673	0.00190397	-11409.5
674	0.00190397	-11151
675	0.00190397	-10532.5
676	0.00190397	-10617.1
677	0.00190397	-10281.3
678	0.00190397	-10405.6
679	0.00190397	-11301.6
680	0.00190397	-10488
681	0.00190397	-10183.3
682	0.00190397	-10822.1
683	0.00190397	-10216.6
684	0.00190397	-10174.5
685	0.00190397	-10360.4
686	0.00190397	-10100.1
687	0.00190397	-10675.2
688	0.00190397	-11441.8
689	0.00190397	-10610.3
690	0.00190397	-10602.9
691	0.00190397	-11838.2
692	0.00190397	-10047.2
693	0.00190397	-10683.7
694	0.00190397	-10622.4
695	0.00190397	-10238.3
696	0.00190397	-10855.7
697	0.00190397	-10948.3
698	0.00190397	-11163
699	0.00190397	-11796
700	0.00190397	-9914.45
701	0.00190397	-9725.92
702	0.00190397	-10628.1
703	0.00190397	-10914.3
704	0.00190397	-11559.4
705	0.00190397	-10364
706	0.00190397	-10812.7
707	0.00190397	-9731.87
708	0.00190397	-10811.9
709	0.00190397	-10581.5
710	0.00190397	-10393.1
711	0.00190397	-11663.8
712	0.00190397	-9850.11
713	0.00190397	-9853.31
714	0.00190397	-10122.3
715	0.00190397	-10100.9
716	0.00190397	-10070.4
717	0.00190397	-10454.4
718	0.00190397	-11244.6
719	0.00190397	-13100.7
720	0.00190397	-11533.1
721	0.00190397	-10972.3
722	0.00190397	-11389.7
723	0.00190397	-13247.5
724	0.00190397	-11789.4
725	0.00190397	-10623.4
726	0.00190397	-10750.8
727	0.00190397	-11902.1
728	0.00190397	-10684.7
729	0.00190397	-10444.9
730	0.00190397	-9427.65
731	0.00190397	-10160.6
732	0.00190397	-10017.3
733	0.00190397	-10064.6
734	0.00190397	-9655.19
735	0.00190397	-10622.3
736	0.00190397	-10153.9
737	0.00190397	-10996.2
738	0.00190397	-11393
739	0.00190397	-11156
740	0.00190397	-9999.98
741	0.00190397	-10019.6
742	0.00190397	-10322.2
743	0.00190397	-10315.1
744	0.00190397	-10124.9
745	0.00190397	-10770.7
746	0.00190397	-9845.98
747	0.00190397	-10405.5
748	0.00190397	-10901.5
749	0.00190397	-12060.8
750	0.00190397	-10956.2
751	0.00190397	-11977.4
752	0.00190397	-11586.7
753	0.00190397	-11906.5
754	0.00190397	-10792.6
755	0.00190397	-10929.3
756	0.00190397	-10922.8
757	0.00190397	-11731.6
758	0.00190397	-9733.46
759	0.00190397	-10508.8
760	0.00190397	-9932.31
761	0.00190397	-9736.56
762	0.00190397	-10632.2
763	0.00190397	-10383.6
764	0.00190397	-10251.7
765	0.00190397	-10128.5
766	0.00190397	-9593.19
767	0.00190397	-10535.3
768	0.00190397	-10964
769	0.00190397	-10552.6
770	0.00190397	-10556.4
771	0.00190397	-10542.1
772	0.00190397	-9836.87
773	0.00190397	-11143.4
774	0.00190397	-10483.1
775	0.00190397	-11128
776	0.00190397	-11338.6
777	0.00190397	-10295.3
778	0.00190397	-10411.6
779	0.00190397	-10045.4
780	0.00190397	-9947.2
781	0.00190397	-10294
782	0.00190397	-10486.2
783	0.00190397	-10247.6
784	0.00190397	-10957.1
785	0.00190397	-11166.7
786	0.00190397	-10281.1
787	0.00190397	-10357.7
788	0.00190397	-10735.4
789	0.00190397	-10536.9
790	0.00190397	-10907.3
791	0.00190397	-10249.4
792	0.00190397	-10710.6
793	0.00190397	-11088.3
794	0.00190397	-13309.9
795	0.00190397	-10531.1
796	0.00190397	-10089
797	0.00190397	-9974.73
798	0.00190397	-9635.1
799	0.00190397	-10565
800	0.00190397	-10376
801	0.00190397	-10089.3
802	0.00190397	-10155.2
803	0.00190397	-9091.26
804	0.00190397	-9783.47
805	0.00190397	-10773.9
806	0.00190397	-10431.8
807	0.00190397	-11165.3
808	0.00190397	-11653
809	0.00190397	-10115.6
810	0.00190397	-10188.6
811	0.00190397	-10297.4
812	0.00190397	-10379.4
813	0.00190397	-10179.4
814	0.00190397	-9298.45
815	0.00190397	-10017.2
816	0.00190397	-10118
817	0.00190397	-10168.8
818	0.00190397	-9898.23
819	0.00190397	-9326.76
820	0.00190397	-10462.1
821	0.00190397	-11187.5
822	0.00190397	-9976.76
823	0.00190397	-9720.34
824	0.00190397	-10609.6
825	0.00190397	-10740.1
826	0.00190397	-9946.39
827	0.00190397	-10221.4
828	0.00190397	-11384.8
829	0.00190397	-11891.6
830	0.00190397	-10569.5
831	0.00190397	-10916
832	0.00190397	-10108.6
833	0.00190397	-9875.06
834	0.00190397	-10297.6
835	0.00190397	-11092.7
836	0.00190397	-10569.8
837	0.00190397	-10668.9
838	0.00190397	-10357.7
839	0.00190397	-10249.2
840	0.00190397	-10816.8
841	0.00190397	-10668.7
842	0.00190397	-10473.8
843	0.00190397	-10578
844	0.00190397	-11201
845	0.00190397	-14560.4
846	0.00190397	-12876.7
847	0.00190397	-10018.6
848	0.00190397	-10129.7
849	0.00190397	-10638
850	0.00190397	-10359.2
851	0.00190397	-11465.5
852	0.00190397	-10461.5
853	0.00190397	-10413.3
854	0.00190397	-11285.9
855	0.00190397	-10807.4
856	0.00190397	-10101.3
857	0.00190397	-11436.4
858	0.00190397	-10224.9
859	0.00190397	-10340.9
860	0.00190397	-10318.5
861	0.00190397	-11370.9
862	0.00190397	-11418.3
863	0.00190397	-11076.2
864	0.00190397	-9815.78
865	0.00190397	-11177
866	0.00190397	-10725.3
867	0.00190397	-10763.7
868	0.00190397	-10262.3
869	0.00190397	-10270.4
870	0.00190397	-11269.8
871	0.00190397	-11489.4
872	0.00190397	-11249.6
873	0.00190397	-11269.8
874	0.00190397	-10196.4
875	0.00190397	-10803
876	0.00190397	-10578
877	0.00190397	-10587.9
878	0.00190397	-9710.58
879	0.00190397	-10808.7
880	0.00190397	-10932.2
881	0.00190397	-10522
882	0.00190397	-10426.8
883	0.00190397	-10422.6
884	0.00190397	-10488.5
885	0.00190397	-10589.8
886	0.00190397	-11188.8
887	0.00190397	-11733.4
888	0.00190397	-10145
889	0.00190397	-10356.9
890	0.00190397	-10509.4
891	0.00190397	-9921.29
892	0.00190397	-10344.3
893	0.00190397	-10080.2
894	0.00190397	-9591.51
895	0.00190397	-10054.6
896	0.00190397	-10056
897	0.00190397	-11185.3
898	0.00190397	-10206.2
899	0.00190397	-11305.9
900	0.00190397	-11345.4
901	0.00190397	-10956.2
902	0.00190397	-12297.7
903	0.00190397	-12075.3
904	0.00190397	-10851.7
905	0.00190397	-11472.8
906	0.00190397	-10163.2
907	0.00190397	-10261.1
908	0.00190397	-10634.3
909	0.00190397	-10939.6
910	0.00190397	-9702.5
911	0.00190397	-10916.6
912	0.00190397	-12047.5
913	0.00190397	-10194.2
914	0.00190397	-9408.86
915	0.00190397	-10034.4
916	0.00190397	-9892.98
917	0.00190397	-9981.57
918	0.00190397	-11821.5
919	0.00190397	-11761.6
920	0.00190397	-12053.6
921	0.00190397	-10158.8
922	0.00190397	-12676
923	0.00190397	-11375.3
924	0.00190397	-10664.9
925	0.00190397	-10413.9
926	0.00190397	-10613.2
927	0.00190397	-10637.1
928	0.00190397	-10987.8
929	0.00190397	-10190.7
930	0.00190397	-10494
931	0.00190397	-11013.1
932	0.00190397	-9729.81
933	0.00190397	-9853.46
934	0.00190397	-9835
935	0.00190397	-10106.7
936	0.00190397	-9728.8
937	0.00190397	-9485.5
938	0.00190397	-10824.4
939	0.00190397	-10377.1
940	0.00190397	-10819.9
941	0.00190397	-11423.5
942	0.00190397	-10404.2
943	0.00190397	-10641.1
944	0.00190397	-10502.8
945	0.00190397	-10482.9
946	0.00190397	-10185.9
947	0.00190397	-11586.8
948	0.00190397	-11773.4
949	0.00190397	-11569.1
950	0.00190397	-9848.99
951	0.00190397	-9956.47
952	0.00190397	-10191.6
953	0.00190397	-9916.68
954	0.00190397	-11479.9
955	0.00190397	-10848.7
956	0.00190397	-11071.6
957	0.00190397	-11743
958	0.00190397	-10949.4
959	0.00190397	-10771.2
960	0.00190397	-10383
961	0.00190397	-11205.9
962	0.00190397	-10858.5
963	0.00190397	-10286.7
964	0.00190397	-9898.74
965	0.00190397	-11998.8
966	0.00190397	-11003.6
967	0.00190397	-10043.7
968	0.00190397	-12022.8
969	0.00190397	-11619.8
970	0.00190397	-10190.6
971	0.00190397	-10998.1
972	0.00190397	-11326.3
973	0.00190397	-10054.7
974	0.00190397	-10089.2
975	0.00190397	-10173
976	0.00190397	-10541.2
977	0.00190397	-11340.6
978	0.00190397	-12091.7
979	0.00190397	-10926
980	0.00190397	-10295.2
981	0.00190397	-10516.1
982	0.00190397	-11162.7
983	0.00190397	-11362.8
984	0.00190397	-10721.8
985	0.00190397	-11935.8
986	0.00190397	-9902.47
987	0.00190397	-10873.4
988	0.00190397	-10286.7
989	0.00190397	-10423.1
990	0.00190397	-10848.9
991	0.00190397	-10970.3
992	0.00190397	-10334
993	0.00190397	-9807.67
994	0.00190397	-11122.2
995	0.00190397	-11071.3
996	0.00190397	-10528.2
997	0.00190397	-11817.5
998	0.00190397	-11693.8
999	0.00190397	-10665.1
1000	0.00190397	-10799.9
