state	power	likelihood
251	0.00668932	-9398.62
252	0.00668932	-9102.71
253	0.00668932	-9717.74
254	0.00668932	-9639.86
255	0.00668932	-9642.53
256	0.00668932	-10167
257	0.00668932	-9899.88
258	0.00668932	-9025.96
259	0.00668932	-9221.23
260	0.00668932	-9792.7
261	0.00668932	-9359.65
262	0.00668932	-8955.1
263	0.00668932	-8773.1
264	0.00668932	-10095.7
265	0.00668932	-9533.94
266	0.00668932	-9870.77
267	0.00668932	-9395.65
268	0.00668932	-9289.5
269	0.00668932	-9171.96
270	0.00668932	-9573.26
271	0.00668932	-9360.39
272	0.00668932	-9216.28
273	0.00668932	-9283.1
274	0.00668932	-8962.89
275	0.00668932	-10258
276	0.00668932	-9547.27
277	0.00668932	-9278.63
278	0.00668932	-10195.4
279	0.00668932	-10145.6
280	0.00668932	-9308.02
281	0.00668932	-9321.98
282	0.00668932	-9420.96
283	0.00668932	-9467.42
284	0.00668932	-9286.56
285	0.00668932	-9533.98
286	0.00668932	-9439.85
287	0.00668932	-9515.53
288	0.00668932	-9095.74
289	0.00668932	-10255.2
290	0.00668932	-9018.01
291	0.00668932	-9735.82
292	0.00668932	-9752.81
293	0.00668932	-9443.97
294	0.00668932	-9040.05
295	0.00668932	-9304.96
296	0.00668932	-8925.36
297	0.00668932	-9363.19
298	0.00668932	-9029.42
299	0.00668932	-9267.89
300	0.00668932	-9214.48
301	0.00668932	-9622.95
302	0.00668932	-10015.7
303	0.00668932	-9175.32
304	0.00668932	-9066.74
305	0.00668932	-8891.54
306	0.00668932	-9476.87
307	0.00668932	-9349.94
308	0.00668932	-8854.75
309	0.00668932	-8964.49
310	0.00668932	-9700.68
311	0.00668932	-8979.59
312	0.00668932	-9491.39
313	0.00668932	-9794.09
314	0.00668932	-10163.7
315	0.00668932	-9753.36
316	0.00668932	-9484.3
317	0.00668932	-9378.2
318	0.00668932	-9210.12
319	0.00668932	-10093.8
320	0.00668932	-9759.89
321	0.00668932	-9490.12
322	0.00668932	-9461.13
323	0.00668932	-9420.68
324	0.00668932	-9755.47
325	0.00668932	-9494.16
326	0.00668932	-9181.14
327	0.00668932	-9348.91
328	0.00668932	-8972.26
329	0.00668932	-9072.45
330	0.00668932	-9295.6
331	0.00668932	-9242.52
332	0.00668932	-8807.96
333	0.00668932	-9484.77
334	0.00668932	-9117.62
335	0.00668932	-9443.69
336	0.00668932	-9286.97
337	0.00668932	-9234.92
338	0.00668932	-9741.14
339	0.00668932	-9570.33
340	0.00668932	-9590.12
341	0.00668932	-9780.18
342	0.00668932	-9737.49
343	0.00668932	-9210.15
344	0.00668932	-9095.7
345	0.00668932	-9367.77
346	0.00668932	-9568.96
347	0.00668932	-9761.33
348	0.00668932	-9278.63
349	0.00668932	-9925.96
350	0.00668932	-9646.89
351	0.00668932	-9803.23
352	0.00668932	-10051.4
353	0.00668932	-9657.95
354	0.00668932	-9147.17
355	0.00668932	-9666.92
356	0.00668932	-8984.38
357	0.00668932	-8925.99
358	0.00668932	-9253.11
359	0.00668932	-9496.42
360	0.00668932	-9595.2
361	0.00668932	-9221.57
362	0.00668932	-9132.16
363	0.00668932	-9514.57
364	0.00668932	-9221.8
365	0.00668932	-9424.4
366	0.00668932	-9928.66
367	0.00668932	-9852.88
368	0.00668932	-10091.9
369	0.00668932	-9916.59
370	0.00668932	-9375.78
371	0.00668932	-9112.85
372	0.00668932	-9718.16
373	0.00668932	-9781.17
374	0.00668932	-9026.79
375	0.00668932	-9987.32
376	0.00668932	-9340.6
377	0.00668932	-9172.8
378	0.00668932	-9377.73
379	0.00668932	-8769.64
380	0.00668932	-9133.86
381	0.00668932	-9838.95
382	0.00668932	-9839.18
383	0.00668932	-8900.6
384	0.00668932	-8990.25
385	0.00668932	-9381.98
386	0.00668932	-8622.73
387	0.00668932	-9334.15
388	0.00668932	-9472.54
389	0.00668932	-9640.89
390	0.00668932	-9207.27
391	0.00668932	-9519.41
392	0.00668932	-9004.75
393	0.00668932	-9492.66
394	0.00668932	-10385.7
395	0.00668932	-10000.4
396	0.00668932	-10372.9
397	0.00668932	-9292.18
398	0.00668932	-9433.04
399	0.00668932	-9220.54
400	0.00668932	-9651.37
401	0.00668932	-9178.13
402	0.00668932	-9305.46
403	0.00668932	-9084.27
404	0.00668932	-9479.85
405	0.00668932	-10482.4
406	0.00668932	-10058.1
407	0.00668932	-10084.4
408	0.00668932	-10111.3
409	0.00668932	-9698.93
410	0.00668932	-9142.73
411	0.00668932	-9209.28
412	0.00668932	-9573.3
413	0.00668932	-9410.27
414	0.00668932	-9148.17
415	0.00668932	-9533.27
416	0.00668932	-9161.03
417	0.00668932	-9442.21
418	0.00668932	-9265.68
419	0.00668932	-10270.6
420	0.00668932	-9701.25
421	0.00668932	-9945.83
422	0.00668932	-10113
423	0.00668932	-9503.29
424	0.00668932	-9622.32
425	0.00668932	-9665.97
426	0.00668932	-9628.51
427	0.00668932	-9304.46
428	0.00668932	-9025.92
429	0.00668932	-9142.64
430	0.00668932	-9543.77
431	0.00668932	-9008.46
432	0.00668932	-9018.97
433	0.00668932	-9365.23
434	0.00668932	-9137.01
435	0.00668932	-9168.51
436	0.00668932	-9000.74
437	0.00668932	-9468.05
438	0.00668932	-8955.49
439	0.00668932	-8804.24
440	0.00668932	-9377.36
441	0.00668932	-9618.29
442	0.00668932	-8858.48
443	0.00668932	-10107.8
444	0.00668932	-9020.98
445	0.00668932	-9340.8
446	0.00668932	-9172.6
447	0.00668932	-9542.29
448	0.00668932	-9828.82
449	0.00668932	-9529.09
450	0.00668932	-9904.77
451	0.00668932	-8895.33
452	0.00668932	-9672.42
453	0.00668932	-9282.41
454	0.00668932	-9076.66
455	0.00668932	-9204.71
456	0.00668932	-9283.39
457	0.00668932	-8864.07
458	0.00668932	-9239.93
459	0.00668932	-8971.34
460	0.00668932	-9126.96
461	0.00668932	-9205.75
462	0.00668932	-9392.41
463	0.00668932	-9607.04
464	0.00668932	-10070.5
465	0.00668932	-9615.68
466	0.00668932	-9237.41
467	0.00668932	-10118.8
468	0.00668932	-9926.11
469	0.00668932	-10570.9
470	0.00668932	-9348.42
471	0.00668932	-9438.41
472	0.00668932	-9461.69
473	0.00668932	-9721.41
474	0.00668932	-8988.87
475	0.00668932	-8741.36
476	0.00668932	-8902.83
477	0.00668932	-9159.56
478	0.00668932	-9309.27
479	0.00668932	-9432.96
480	0.00668932	-9438.95
481	0.00668932	-8857.73
482	0.00668932	-8828.52
483	0.00668932	-9619.2
484	0.00668932	-9902.3
485	0.00668932	-9858.17
486	0.00668932	-10006
487	0.00668932	-9481.33
488	0.00668932	-9781.7
489	0.00668932	-9563.53
490	0.00668932	-8936.34
491	0.00668932	-10000.2
492	0.00668932	-9488.56
493	0.00668932	-9490.99
494	0.00668932	-9422.33
495	0.00668932	-9400.49
496	0.00668932	-9688.14
497	0.00668932	-9327.25
498	0.00668932	-9573.35
499	0.00668932	-9381.2
500	0.00668932	-9057.53
501	0.00668932	-9468.45
502	0.00668932	-9219.31
503	0.00668932	-9104.85
504	0.00668932	-9440.49
505	0.00668932	-9414.37
506	0.00668932	-9680.17
507	0.00668932	-9222.6
508	0.00668932	-9585.49
509	0.00668932	-9578.7
510	0.00668932	-10112.1
511	0.00668932	-10156.2
512	0.00668932	-9354.89
513	0.00668932	-9557.01
514	0.00668932	-9704.25
515	0.00668932	-10132.5
516	0.00668932	-9607.71
517	0.00668932	-9462.53
518	0.00668932	-9530.91
519	0.00668932	-9579.94
520	0.00668932	-10107
521	0.00668932	-9440.49
522	0.00668932	-10362.1
523	0.00668932	-9094.17
524	0.00668932	-9237.11
525	0.00668932	-9954.24
526	0.00668932	-9986.45
527	0.00668932	-9131.5
528	0.00668932	-10022
529	0.00668932	-9064.78
530	0.00668932	-9132.54
531	0.00668932	-9579.76
532	0.00668932	-9934.89
533	0.00668932	-9434.01
534	0.00668932	-9467.6
535	0.00668932	-8808.81
536	0.00668932	-9136.37
537	0.00668932	-9563.08
538	0.00668932	-9101.46
539	0.00668932	-9627.62
540	0.00668932	-9442.38
541	0.00668932	-9187.99
542	0.00668932	-8951.96
543	0.00668932	-9283.48
544	0.00668932	-9790.22
545	0.00668932	-9567.98
546	0.00668932	-9144.35
547	0.00668932	-9087.86
548	0.00668932	-9277.32
549	0.00668932	-9927.32
550	0.00668932	-9577.28
551	0.00668932	-9471.34
552	0.00668932	-10304
553	0.00668932	-9376.23
554	0.00668932	-9209.9
555	0.00668932	-9134.49
556	0.00668932	-9149.05
557	0.00668932	-9842.71
558	0.00668932	-9593.44
559	0.00668932	-10159.6
560	0.00668932	-9770.12
561	0.00668932	-10433.8
562	0.00668932	-9190.67
563	0.00668932	-9674.52
564	0.00668932	-9443.4
565	0.00668932	-9622.9
566	0.00668932	-9533.13
567	0.00668932	-10183.7
568	0.00668932	-8943.59
569	0.00668932	-9186.79
570	0.00668932	-9335.09
571	0.00668932	-9327.58
572	0.00668932	-9293.02
573	0.00668932	-9405.3
574	0.00668932	-9375.96
575	0.00668932	-9252.17
576	0.00668932	-9274.48
577	0.00668932	-9539.43
578	0.00668932	-9469.78
579	0.00668932	-9558.45
580	0.00668932	-9395.55
581	0.00668932	-10064.3
582	0.00668932	-8900.75
583	0.00668932	-9028.63
584	0.00668932	-9406.97
585	0.00668932	-9096.64
586	0.00668932	-9167.91
587	0.00668932	-8886.61
588	0.00668932	-9711.7
589	0.00668932	-9889.97
590	0.00668932	-9799.16
591	0.00668932	-9417.73
592	0.00668932	-9087.04
593	0.00668932	-9461.16
594	0.00668932	-9089.63
595	0.00668932	-10060.3
596	0.00668932	-9246.18
597	0.00668932	-9859.43
598	0.00668932	-9766.36
599	0.00668932	-9630.82
600	0.00668932	-9612.61
601	0.00668932	-9873.15
602	0.00668932	-10190.7
603	0.00668932	-9471.42
604	0.00668932	-9371.42
605	0.00668932	-8754.59
606	0.00668932	-9079.39
607	0.00668932	-9390.38
608	0.00668932	-9802.98
609	0.00668932	-9381.72
610	0.00668932	-9574.63
611	0.00668932	-9117.04
612	0.00668932	-8654.76
613	0.00668932	-8947.8
614	0.00668932	-9550.26
615	0.00668932	-9348.97
616	0.00668932	-8990.91
617	0.00668932	-9137.18
618	0.00668932	-9799.05
619	0.00668932	-9446.69
620	0.00668932	-9363.73
621	0.00668932	-9826.58
622	0.00668932	-9481.98
623	0.00668932	-9927.33
624	0.00668932	-9375.15
625	0.00668932	-9088.21
626	0.00668932	-9513.45
627	0.00668932	-9324.67
628	0.00668932	-9669.35
629	0.00668932	-9172.65
630	0.00668932	-9045.48
631	0.00668932	-9113.61
632	0.00668932	-9344.71
633	0.00668932	-10749.7
634	0.00668932	-10603.1
635	0.00668932	-9398.85
636	0.00668932	-9129.72
637	0.00668932	-8726.13
638	0.00668932	-9409.05
639	0.00668932	-9328.72
640	0.00668932	-9237.03
641	0.00668932	-9564.38
642	0.00668932	-8952.16
643	0.00668932	-9645.21
644	0.00668932	-8788.28
645	0.00668932	-9490.28
646	0.00668932	-9461.68
647	0.00668932	-9729.24
648	0.00668932	-9694.17
649	0.00668932	-9470.05
650	0.00668932	-8952.11
651	0.00668932	-9531.75
652	0.00668932	-9403.7
653	0.00668932	-9645.15
654	0.00668932	-9897.31
655	0.00668932	-10127.8
656	0.00668932	-9327.15
657	0.00668932	-9370.31
658	0.00668932	-9167.88
659	0.00668932	-9054.23
660	0.00668932	-10130.2
661	0.00668932	-9913.74
662	0.00668932	-9109.77
663	0.00668932	-8926.91
664	0.00668932	-10023.7
665	0.00668932	-9627.13
666	0.00668932	-9969.69
667	0.00668932	-9679.23
668	0.00668932	-9375.38
669	0.00668932	-9122.38
670	0.00668932	-9225.61
671	0.00668932	-9201.56
672	0.00668932	-9178.23
673	0.00668932	-9534.72
674	0.00668932	-9034.9
675	0.00668932	-8951.44
676	0.00668932	-9853.95
677	0.00668932	-9821.78
678	0.00668932	-9537.42
679	0.00668932	-9291.95
680	0.00668932	-10132.6
681	0.00668932	-9923.11
682	0.00668932	-9555.39
683	0.00668932	-10322.3
684	0.00668932	-10541.4
685	0.00668932	-10090.8
686	0.00668932	-9694.87
687	0.00668932	-9541.5
688	0.00668932	-8923.2
689	0.00668932	-9632.34
690	0.00668932	-9605.23
691	0.00668932	-9252.24
692	0.00668932	-9402.61
693	0.00668932	-8897.24
694	0.00668932	-9760.93
695	0.00668932	-9643.84
696	0.00668932	-8877.62
697	0.00668932	-10538.5
698	0.00668932	-9757.75
699	0.00668932	-9618.73
700	0.00668932	-10373.9
701	0.00668932	-9760.42
702	0.00668932	-8757.71
703	0.00668932	-9177.14
704	0.00668932	-8970.09
705	0.00668932	-9339.24
706	0.00668932	-9217.96
707	0.00668932	-10207.8
708	0.00668932	-9309.81
709	0.00668932	-9341.11
710	0.00668932	-9625.21
711	0.00668932	-9454.25
712	0.00668932	-9705.68
713	0.00668932	-9323.62
714	0.00668932	-9240.48
715	0.00668932	-9163.58
716	0.00668932	-8939.83
717	0.00668932	-9670.82
718	0.00668932	-9205.07
719	0.00668932	-9147.56
720	0.00668932	-9684.39
721	0.00668932	-9372.15
722	0.00668932	-8756.3
723	0.00668932	-9195.67
724	0.00668932	-8939.34
725	0.00668932	-9233.29
726	0.00668932	-9203.14
727	0.00668932	-9297.39
728	0.00668932	-8984.66
729	0.00668932	-8753.05
730	0.00668932	-8592.47
731	0.00668932	-8640.06
732	0.00668932	-9314.4
733	0.00668932	-9279.32
734	0.00668932	-9530.07
735	0.00668932	-8961.81
736	0.00668932	-9153.12
737	0.00668932	-9099.54
738	0.00668932	-8954.15
739	0.00668932	-8989.33
740	0.00668932	-9333.91
741	0.00668932	-10134.5
742	0.00668932	-9762.66
743	0.00668932	-9787.8
744	0.00668932	-9609.22
745	0.00668932	-9097.32
746	0.00668932	-9497.29
747	0.00668932	-8986.43
748	0.00668932	-9605.04
749	0.00668932	-9263.83
750	0.00668932	-9188.22
751	0.00668932	-9554.39
752	0.00668932	-9610.08
753	0.00668932	-9459.96
754	0.00668932	-9252.33
755	0.00668932	-9472.63
756	0.00668932	-9751.9
757	0.00668932	-9119.17
758	0.00668932	-9581.51
759	0.00668932	-9478.55
760	0.00668932	-9653.64
761	0.00668932	-9550.01
762	0.00668932	-9691.69
763	0.00668932	-9148.05
764	0.00668932	-9599.75
765	0.00668932	-9025.71
766	0.00668932	-9331.77
767	0.00668932	-9486.73
768	0.00668932	-9041.91
769	0.00668932	-9656.8
770	0.00668932	-9793.75
771	0.00668932	-9204.65
772	0.00668932	-9315.22
773	0.00668932	-8982.76
774	0.00668932	-9702.91
775	0.00668932	-9361.02
776	0.00668932	-9818.44
777	0.00668932	-9607.55
778	0.00668932	-8989.22
779	0.00668932	-9425.54
780	0.00668932	-9803.99
781	0.00668932	-9237.08
782	0.00668932	-9366.8
783	0.00668932	-9403.63
784	0.00668932	-9621.8
785	0.00668932	-9562.1
786	0.00668932	-9021.9
787	0.00668932	-9175.26
788	0.00668932	-9422.27
789	0.00668932	-8732.39
790	0.00668932	-9209.32
791	0.00668932	-9196.61
792	0.00668932	-9450.13
793	0.00668932	-9298.87
794	0.00668932	-9007.88
795	0.00668932	-8841.75
796	0.00668932	-9125.78
797	0.00668932	-8857.39
798	0.00668932	-9129.01
799	0.00668932	-9506.37
800	0.00668932	-9513.25
801	0.00668932	-9449.54
802	0.00668932	-10158.7
803	0.00668932	-9575.49
804	0.00668932	-9807.23
805	0.00668932	-9791.15
806	0.00668932	-9380.48
807	0.00668932	-10141.5
808	0.00668932	-9666.4
809	0.00668932	-9887.64
810	0.00668932	-9025.19
811	0.00668932	-9953.5
812	0.00668932	-9015.7
813	0.00668932	-9804.61
814	0.00668932	-9429.74
815	0.00668932	-9030.3
816	0.00668932	-9447.86
817	0.00668932	-9360.41
818	0.00668932	-9257.75
819	0.00668932	-9367.24
820	0.00668932	-9000.84
821	0.00668932	-9070.1
822	0.00668932	-9613.73
823	0.00668932	-9430.33
824	0.00668932	-9318.68
825	0.00668932	-9330.28
826	0.00668932	-9336.24
827	0.00668932	-9832.99
828	0.00668932	-9649.79
829	0.00668932	-9555.82
830	0.00668932	-9412.18
831	0.00668932	-9564.67
832	0.00668932	-9340.7
833	0.00668932	-9644.42
834	0.00668932	-9248.23
835	0.00668932	-9895.78
836	0.00668932	-9684.1
837	0.00668932	-9479.14
838	0.00668932	-9374.98
839	0.00668932	-9948.69
840	0.00668932	-10114.3
841	0.00668932	-9006.48
842	0.00668932	-8975.81
843	0.00668932	-8991.82
844	0.00668932	-10437.5
845	0.00668932	-9403.75
846	0.00668932	-9591.31
847	0.00668932	-9324.29
848	0.00668932	-9190.42
849	0.00668932	-8979.68
850	0.00668932	-9968.97
851	0.00668932	-9400.03
852	0.00668932	-9084.91
853	0.00668932	-8974.03
854	0.00668932	-9544.29
855	0.00668932	-9305.41
856	0.00668932	-9718.41
857	0.00668932	-9118.37
858	0.00668932	-8983.49
859	0.00668932	-9598.41
860	0.00668932	-9224.13
861	0.00668932	-9118.21
862	0.00668932	-9379.36
863	0.00668932	-9519.09
864	0.00668932	-8912.61
865	0.00668932	-8888.08
866	0.00668932	-9857.55
867	0.00668932	-9143.48
868	0.00668932	-10023.4
869	0.00668932	-10159.5
870	0.00668932	-9705.85
871	0.00668932	-9688.25
872	0.00668932	-9275.64
873	0.00668932	-9267.97
874	0.00668932	-10608.5
875	0.00668932	-9497
876	0.00668932	-9951.4
877	0.00668932	-9562.99
878	0.00668932	-9547.27
879	0.00668932	-10301.2
880	0.00668932	-8990.97
881	0.00668932	-8772.92
882	0.00668932	-9050.89
883	0.00668932	-9155.19
884	0.00668932	-9365.21
885	0.00668932	-10292.2
886	0.00668932	-9743.48
887	0.00668932	-10187.1
888	0.00668932	-9209.6
889	0.00668932	-9528.63
890	0.00668932	-9688.71
891	0.00668932	-9516.2
892	0.00668932	-9068.78
893	0.00668932	-9855.55
894	0.00668932	-9882.6
895	0.00668932	-9627.25
896	0.00668932	-9657.99
897	0.00668932	-9429.56
898	0.00668932	-9220.31
899	0.00668932	-9368.98
900	0.00668932	-9020.84
901	0.00668932	-9214.1
902	0.00668932	-9195.78
903	0.00668932	-8908.02
904	0.00668932	-9165.04
905	0.00668932	-9414.02
906	0.00668932	-10090.6
907	0.00668932	-9942.89
908	0.00668932	-9258.47
909	0.00668932	-9325.94
910	0.00668932	-9425.2
911	0.00668932	-9154.83
912	0.00668932	-9002.18
913	0.00668932	-8664.58
914	0.00668932	-9238.38
915	0.00668932	-8970.21
916	0.00668932	-9096.59
917	0.00668932	-9236.59
918	0.00668932	-9462.06
919	0.00668932	-8989.1
920	0.00668932	-10535.5
921	0.00668932	-8802.96
922	0.00668932	-9027.58
923	0.00668932	-9399.38
924	0.00668932	-9395.83
925	0.00668932	-9654.24
926	0.00668932	-9957.31
927	0.00668932	-10652.6
928	0.00668932	-10382.4
929	0.00668932	-9670
930	0.00668932	-9607.96
931	0.00668932	-9916.09
932	0.00668932	-9397.26
933	0.00668932	-9743.71
934	0.00668932	-9398.22
935	0.00668932	-9556.95
936	0.00668932	-9494.18
937	0.00668932	-9999.07
938	0.00668932	-9494.25
939	0.00668932	-9399.98
940	0.00668932	-9234.07
941	0.00668932	-9279.32
942	0.00668932	-9877.24
943	0.00668932	-9311.53
944	0.00668932	-9166.21
945	0.00668932	-9581.12
946	0.00668932	-9489.36
947	0.00668932	-9235.83
948	0.00668932	-8871.1
949	0.00668932	-9195.92
950	0.00668932	-9583.89
951	0.00668932	-9479.9
952	0.00668932	-8986.54
953	0.00668932	-8893.22
954	0.00668932	-8856.75
955	0.00668932	-8799.83
956	0.00668932	-9275.58
957	0.00668932	-9003.03
958	0.00668932	-8833.27
959	0.00668932	-9299.55
960	0.00668932	-9632.23
961	0.00668932	-9452.97
962	0.00668932	-9613.03
963	0.00668932	-8915.18
964	0.00668932	-9430.36
965	0.00668932	-9688.89
966	0.00668932	-9410.08
967	0.00668932	-8912.06
968	0.00668932	-9300.22
969	0.00668932	-8863.11
970	0.00668932	-9260.43
971	0.00668932	-9113.45
972	0.00668932	-9643.76
973	0.00668932	-9402.32
974	0.00668932	-9425.43
975	0.00668932	-9792.12
976	0.00668932	-10031
977	0.00668932	-9596.27
978	0.00668932	-9558.26
979	0.00668932	-10661.5
980	0.00668932	-9174.15
981	0.00668932	-9302.74
982	0.00668932	-9158.78
983	0.00668932	-8757.72
984	0.00668932	-9366.41
985	0.00668932	-9764.04
986	0.00668932	-9235.48
987	0.00668932	-9114.4
988	0.00668932	-9199.2
989	0.00668932	-9754.57
990	0.00668932	-9724.68
991	0.00668932	-9533.59
992	0.00668932	-9754.74
993	0.00668932	-9638.55
994	0.00668932	-9961.06
995	0.00668932	-9323.5
996	0.00668932	-9286.85
997	0.00668932	-9434.43
998	0.00668932	-9560.33
999	0.00668932	-9271.17
1000	0.00668932	-9062.75
