state	power	likelihood
251	0.245487	-8060.01
252	0.245487	-8048.37
253	0.245487	-8049.62
254	0.245487	-8057.37
255	0.245487	-8034.77
256	0.245487	-8038.05
257	0.245487	-8058.65
258	0.245487	-8007.61
259	0.245487	-8016.44
260	0.245487	-8030.75
261	0.245487	-8037.18
262	0.245487	-8039.1
263	0.245487	-8033.96
264	0.245487	-8031.91
265	0.245487	-8016.54
266	0.245487	-8018.62
267	0.245487	-8032.75
268	0.245487	-8034.28
269	0.245487	-8047.35
270	0.245487	-8026.78
271	0.245487	-8035.32
272	0.245487	-8026.03
273	0.245487	-8008.41
274	0.245487	-8027.29
275	0.245487	-8015.71
276	0.245487	-8005.23
277	0.245487	-8023.92
278	0.245487	-8046.95
279	0.245487	-8065.05
280	0.245487	-8015.04
281	0.245487	-8045.7
282	0.245487	-8045.61
283	0.245487	-8012.52
284	0.245487	-8023.47
285	0.245487	-8043.11
286	0.245487	-7997.67
287	0.245487	-8004.94
288	0.245487	-8008.06
289	0.245487	-7996.77
290	0.245487	-7990.67
291	0.245487	-8025.5
292	0.245487	-8001.15
293	0.245487	-8018.66
294	0.245487	-8013.57
295	0.245487	-8024.94
296	0.245487	-8019.39
297	0.245487	-8013.63
298	0.245487	-8013.22
299	0.245487	-8017.16
300	0.245487	-8014.34
301	0.245487	-8034.11
302	0.245487	-8027.84
303	0.245487	-8026.34
304	0.245487	-8027.5
305	0.245487	-8019.53
306	0.245487	-8031.88
307	0.245487	-8040.72
308	0.245487	-8031.62
309	0.245487	-8022.95
310	0.245487	-8029.99
311	0.245487	-8026.63
312	0.245487	-8018.23
313	0.245487	-8032.56
314	0.245487	-8039.96
315	0.245487	-8033.01
316	0.245487	-8062.57
317	0.245487	-8080.19
318	0.245487	-8062.61
319	0.245487	-8032.36
320	0.245487	-8058.17
321	0.245487	-8024.01
322	0.245487	-8028.32
323	0.245487	-7997.19
324	0.245487	-8019.28
325	0.245487	-8057.89
326	0.245487	-8025.11
327	0.245487	-8027.88
328	0.245487	-8019.8
329	0.245487	-8036.73
330	0.245487	-8020.52
331	0.245487	-8039.37
332	0.245487	-8017.84
333	0.245487	-8032.01
334	0.245487	-8016.38
335	0.245487	-8025.53
336	0.245487	-8032.49
337	0.245487	-8035.02
338	0.245487	-8019.46
339	0.245487	-8020.97
340	0.245487	-8006.66
341	0.245487	-7993.95
342	0.245487	-8011.78
343	0.245487	-8006.01
344	0.245487	-8030.46
345	0.245487	-8036.52
346	0.245487	-8052.92
347	0.245487	-8051.08
348	0.245487	-8046.58
349	0.245487	-8044.04
350	0.245487	-8048.53
351	0.245487	-8017.14
352	0.245487	-8021.7
353	0.245487	-8025.39
354	0.245487	-8029.03
355	0.245487	-8014.13
356	0.245487	-8017.93
357	0.245487	-8039.58
358	0.245487	-8044.6
359	0.245487	-8074.51
360	0.245487	-8058.62
361	0.245487	-8083.17
362	0.245487	-8084.92
363	0.245487	-8070.08
364	0.245487	-8055.6
365	0.245487	-8039.76
366	0.245487	-8046.71
367	0.245487	-8052.56
368	0.245487	-8019.93
369	0.245487	-8035.55
370	0.245487	-8027.48
371	0.245487	-8036.69
372	0.245487	-8070.94
373	0.245487	-8027.32
374	0.245487	-8035.22
375	0.245487	-8033.91
376	0.245487	-8035.78
377	0.245487	-8054.22
378	0.245487	-8042.31
379	0.245487	-8044.72
380	0.245487	-8025.18
381	0.245487	-8016.22
382	0.245487	-8008.58
383	0.245487	-8021.65
384	0.245487	-8018.75
385	0.245487	-8012.79
386	0.245487	-8032.51
387	0.245487	-8036.29
388	0.245487	-8033.95
389	0.245487	-8020.02
390	0.245487	-8007.93
391	0.245487	-8026.5
392	0.245487	-8024.61
393	0.245487	-8018.6
394	0.245487	-8019.99
395	0.245487	-8003.42
396	0.245487	-8010.56
397	0.245487	-8014.31
398	0.245487	-8007.61
399	0.245487	-8029.8
400	0.245487	-8014.13
401	0.245487	-8048.9
402	0.245487	-8042.46
403	0.245487	-8014.06
404	0.245487	-8022.28
405	0.245487	-8053.56
406	0.245487	-8034.71
407	0.245487	-8035.57
408	0.245487	-8027.06
409	0.245487	-8004.59
410	0.245487	-8006.74
411	0.245487	-8032.01
412	0.245487	-8007.97
413	0.245487	-8011.74
414	0.245487	-8011.95
415	0.245487	-8010.91
416	0.245487	-8020.3
417	0.245487	-8019.58
418	0.245487	-8016.46
419	0.245487	-8022.32
420	0.245487	-8032.74
421	0.245487	-8041.42
422	0.245487	-8032.37
423	0.245487	-8035.49
424	0.245487	-8055.92
425	0.245487	-8063.5
426	0.245487	-7999.08
427	0.245487	-8032.57
428	0.245487	-8010.38
429	0.245487	-8025.93
430	0.245487	-8010.31
431	0.245487	-8008.04
432	0.245487	-8003.84
433	0.245487	-7998.06
434	0.245487	-8018.52
435	0.245487	-8019.98
436	0.245487	-8012.98
437	0.245487	-8020.65
438	0.245487	-8011.88
439	0.245487	-8012.68
440	0.245487	-8013.5
441	0.245487	-8012.97
442	0.245487	-7996.81
443	0.245487	-8029.3
444	0.245487	-8027.7
445	0.245487	-8035.67
446	0.245487	-7998.14
447	0.245487	-8025.6
448	0.245487	-8020.45
449	0.245487	-8029.6
450	0.245487	-8031.29
451	0.245487	-8034.87
452	0.245487	-8056.9
453	0.245487	-8045.18
454	0.245487	-8035.16
455	0.245487	-8024.4
456	0.245487	-8013.05
457	0.245487	-8042.98
458	0.245487	-8031.57
459	0.245487	-8032.44
460	0.245487	-8017.16
461	0.245487	-8010.77
462	0.245487	-8002.05
463	0.245487	-7995.76
464	0.245487	-8044.54
465	0.245487	-8022.44
466	0.245487	-8000.37
467	0.245487	-8002.75
468	0.245487	-8017.66
469	0.245487	-8014.56
470	0.245487	-8015.68
471	0.245487	-8041.05
472	0.245487	-8055.81
473	0.245487	-8053
474	0.245487	-8077.89
475	0.245487	-8041.85
476	0.245487	-8070.72
477	0.245487	-8061.47
478	0.245487	-8056.32
479	0.245487	-8071.79
480	0.245487	-8064.2
481	0.245487	-8097.84
482	0.245487	-8083.21
483	0.245487	-8049.5
484	0.245487	-8026.11
485	0.245487	-8023
486	0.245487	-8034.33
487	0.245487	-8034.98
488	0.245487	-8032.23
489	0.245487	-8070.54
490	0.245487	-8014.11
491	0.245487	-8026.61
492	0.245487	-8049.78
493	0.245487	-8067.22
494	0.245487	-8056.32
495	0.245487	-8067.03
496	0.245487	-8038.92
497	0.245487	-8046.16
498	0.245487	-8040.52
499	0.245487	-8018.59
500	0.245487	-8022.57
501	0.245487	-8030.73
502	0.245487	-8033.62
503	0.245487	-8003.43
504	0.245487	-8008.98
505	0.245487	-8021.3
506	0.245487	-8021.07
507	0.245487	-8028.25
508	0.245487	-8032.52
509	0.245487	-8023.41
510	0.245487	-8001.26
511	0.245487	-8018.21
512	0.245487	-8056.42
513	0.245487	-8016.89
514	0.245487	-8019.4
515	0.245487	-8024.5
516	0.245487	-8023.5
517	0.245487	-8043.58
518	0.245487	-8037.9
519	0.245487	-8037.03
520	0.245487	-8031.34
521	0.245487	-8017.39
522	0.245487	-8029.9
523	0.245487	-8020.96
524	0.245487	-8025.2
525	0.245487	-8037.34
526	0.245487	-8032.98
527	0.245487	-8024.41
528	0.245487	-8033.87
529	0.245487	-8024.11
530	0.245487	-8036.27
531	0.245487	-8001.02
532	0.245487	-7990.75
533	0.245487	-8006.08
534	0.245487	-8013.04
535	0.245487	-8026.97
536	0.245487	-8013.99
537	0.245487	-8010.73
538	0.245487	-8012.77
539	0.245487	-8031.97
540	0.245487	-8023.36
541	0.245487	-8030.02
542	0.245487	-8023.05
543	0.245487	-8041.99
544	0.245487	-8059.52
545	0.245487	-8034.03
546	0.245487	-8027.3
547	0.245487	-8053.64
548	0.245487	-8026.63
549	0.245487	-8059.21
550	0.245487	-8048.72
551	0.245487	-8031.57
552	0.245487	-8030.54
553	0.245487	-8033.38
554	0.245487	-8030.14
555	0.245487	-8028.16
556	0.245487	-8053.35
557	0.245487	-8032.53
558	0.245487	-8040.25
559	0.245487	-8021.9
560	0.245487	-8018.03
561	0.245487	-8039.72
562	0.245487	-8013.34
563	0.245487	-8008.49
564	0.245487	-8017.36
565	0.245487	-8011.87
566	0.245487	-8007.51
567	0.245487	-8011.5
568	0.245487	-8016.53
569	0.245487	-8035.09
570	0.245487	-8042.27
571	0.245487	-8014.64
572	0.245487	-8012.16
573	0.245487	-8012.43
574	0.245487	-8037.78
575	0.245487	-8041.82
576	0.245487	-8045.78
577	0.245487	-8059.24
578	0.245487	-8045.61
579	0.245487	-8081.33
580	0.245487	-8056.03
581	0.245487	-8072.38
582	0.245487	-8052.74
583	0.245487	-8032.91
584	0.245487	-8038.31
585	0.245487	-8040.84
586	0.245487	-8010.9
587	0.245487	-8011.21
588	0.245487	-8001.68
589	0.245487	-8013.92
590	0.245487	-7999.1
591	0.245487	-8007.01
592	0.245487	-8001.38
593	0.245487	-7993.41
594	0.245487	-8029.27
595	0.245487	-8030.8
596	0.245487	-8036.91
597	0.245487	-8027.15
598	0.245487	-8007.67
599	0.245487	-8007.75
600	0.245487	-8022.28
601	0.245487	-8009.61
602	0.245487	-8015.91
603	0.245487	-8030.46
604	0.245487	-8053.49
605	0.245487	-8018.62
606	0.245487	-8042.04
607	0.245487	-8029.94
608	0.245487	-8023.98
609	0.245487	-8006.72
610	0.245487	-8008.7
611	0.245487	-8012.96
612	0.245487	-8036.84
613	0.245487	-8033.96
614	0.245487	-8036.63
615	0.245487	-8013.54
616	0.245487	-8040.07
617	0.245487	-8040.53
618	0.245487	-8020.88
619	0.245487	-8029.15
620	0.245487	-8052.07
621	0.245487	-8027.85
622	0.245487	-8034.34
623	0.245487	-8027.75
624	0.245487	-8017.87
625	0.245487	-8059.8
626	0.245487	-8060.46
627	0.245487	-8045.12
628	0.245487	-8043.02
629	0.245487	-8061.2
630	0.245487	-8031.01
631	0.245487	-8030.21
632	0.245487	-8021.84
633	0.245487	-8015.11
634	0.245487	-8007.39
635	0.245487	-8008.53
636	0.245487	-8012.75
637	0.245487	-8024.44
638	0.245487	-8056.79
639	0.245487	-8019.78
640	0.245487	-8027.06
641	0.245487	-8037.52
642	0.245487	-8015.35
643	0.245487	-8019.11
644	0.245487	-8022.94
645	0.245487	-8017.84
646	0.245487	-8013.03
647	0.245487	-8012.98
648	0.245487	-8032.18
649	0.245487	-8036.57
650	0.245487	-8026.83
651	0.245487	-8034.73
652	0.245487	-8028.89
653	0.245487	-8029.7
654	0.245487	-8038.54
655	0.245487	-8049.86
656	0.245487	-8025.39
657	0.245487	-8023.31
658	0.245487	-8005.02
659	0.245487	-8023.88
660	0.245487	-8041.43
661	0.245487	-8029.45
662	0.245487	-8003.82
663	0.245487	-8006.58
664	0.245487	-8018.83
665	0.245487	-8013.43
666	0.245487	-8008.88
667	0.245487	-8019
668	0.245487	-8015.26
669	0.245487	-8004.65
670	0.245487	-8033.32
671	0.245487	-8005.55
672	0.245487	-8007.5
673	0.245487	-8045.51
674	0.245487	-8041.4
675	0.245487	-8067.49
676	0.245487	-8068.56
677	0.245487	-8064.19
678	0.245487	-8029.64
679	0.245487	-8013.51
680	0.245487	-8015.68
681	0.245487	-8025.55
682	0.245487	-8036.29
683	0.245487	-8047.21
684	0.245487	-8066.03
685	0.245487	-8043.5
686	0.245487	-8022.05
687	0.245487	-8022.35
688	0.245487	-8033.51
689	0.245487	-8038.28
690	0.245487	-8012.96
691	0.245487	-8011.3
692	0.245487	-8016.59
693	0.245487	-8013.78
694	0.245487	-8007.06
695	0.245487	-8045.2
696	0.245487	-8057.68
697	0.245487	-8050.03
698	0.245487	-8045.17
699	0.245487	-8035.33
700	0.245487	-8072.24
701	0.245487	-8070.15
702	0.245487	-8080.31
703	0.245487	-8044.11
704	0.245487	-8033.58
705	0.245487	-8055.48
706	0.245487	-8031.02
707	0.245487	-7995.15
708	0.245487	-7995.06
709	0.245487	-8004.34
710	0.245487	-8010.69
711	0.245487	-8016.69
712	0.245487	-8061.27
713	0.245487	-8017.86
714	0.245487	-8026.91
715	0.245487	-8037.35
716	0.245487	-8037.87
717	0.245487	-8043.49
718	0.245487	-8038.38
719	0.245487	-8049.11
720	0.245487	-8021.16
721	0.245487	-8011.51
722	0.245487	-8019.45
723	0.245487	-8014.84
724	0.245487	-8043.75
725	0.245487	-8052.91
726	0.245487	-8034.89
727	0.245487	-8033.75
728	0.245487	-8033.28
729	0.245487	-8034.65
730	0.245487	-8017.42
731	0.245487	-8017.43
732	0.245487	-8037.23
733	0.245487	-8045.76
734	0.245487	-8038.82
735	0.245487	-8019.56
736	0.245487	-8037.79
737	0.245487	-8048.24
738	0.245487	-8015.53
739	0.245487	-8024.17
740	0.245487	-8037.68
741	0.245487	-8019.23
742	0.245487	-8051.56
743	0.245487	-8038.68
744	0.245487	-8058.27
745	0.245487	-8050.1
746	0.245487	-8033.7
747	0.245487	-8041.42
748	0.245487	-8028.76
749	0.245487	-8039.08
750	0.245487	-8034.52
751	0.245487	-8034.55
752	0.245487	-8023.86
753	0.245487	-8029.51
754	0.245487	-8062.69
755	0.245487	-8041.68
756	0.245487	-8042.86
757	0.245487	-8042.36
758	0.245487	-8036.95
759	0.245487	-8031.16
760	0.245487	-8013.97
761	0.245487	-8020.36
762	0.245487	-8029.08
763	0.245487	-8042.14
764	0.245487	-8024.28
765	0.245487	-8038.89
766	0.245487	-8042.77
767	0.245487	-8045.04
768	0.245487	-8040.24
769	0.245487	-8026.06
770	0.245487	-8033.4
771	0.245487	-8017.1
772	0.245487	-7997.5
773	0.245487	-8016.9
774	0.245487	-8015.6
775	0.245487	-8028.55
776	0.245487	-8021.53
777	0.245487	-8019.94
778	0.245487	-8004.97
779	0.245487	-8015.61
780	0.245487	-8014.16
781	0.245487	-8036.65
782	0.245487	-8028.61
783	0.245487	-8025.58
784	0.245487	-8010.43
785	0.245487	-8008.02
786	0.245487	-8056.22
787	0.245487	-8044.45
788	0.245487	-8032.22
789	0.245487	-8030.58
790	0.245487	-8037.88
791	0.245487	-8036.01
792	0.245487	-8017.25
793	0.245487	-8047.35
794	0.245487	-8017.19
795	0.245487	-8023.28
796	0.245487	-8034.79
797	0.245487	-8027.11
798	0.245487	-8014.01
799	0.245487	-8005.74
800	0.245487	-8016.27
801	0.245487	-8039.49
802	0.245487	-8057.7
803	0.245487	-8035.15
804	0.245487	-8028.16
805	0.245487	-8009.25
806	0.245487	-7994.84
807	0.245487	-7992.13
808	0.245487	-8016.57
809	0.245487	-8015.03
810	0.245487	-8053.42
811	0.245487	-8047.56
812	0.245487	-8051.46
813	0.245487	-8039.52
814	0.245487	-8051.59
815	0.245487	-8012.37
816	0.245487	-8015.42
817	0.245487	-8036.41
818	0.245487	-8038.74
819	0.245487	-8044.02
820	0.245487	-8035.48
821	0.245487	-8045.97
822	0.245487	-8015.69
823	0.245487	-8021.18
824	0.245487	-8014.71
825	0.245487	-8016.72
826	0.245487	-8020.51
827	0.245487	-8009.33
828	0.245487	-8010.92
829	0.245487	-8041.6
830	0.245487	-8026.45
831	0.245487	-7997.49
832	0.245487	-8012.35
833	0.245487	-8017.87
834	0.245487	-8068.54
835	0.245487	-8032.73
836	0.245487	-8020.79
837	0.245487	-8025.38
838	0.245487	-8033.88
839	0.245487	-8024.99
840	0.245487	-8022.22
841	0.245487	-8021.57
842	0.245487	-8016.02
843	0.245487	-8006.98
844	0.245487	-8032.91
845	0.245487	-8046.6
846	0.245487	-8043.27
847	0.245487	-8038.33
848	0.245487	-8040.96
849	0.245487	-8031.94
850	0.245487	-8062.41
851	0.245487	-8077.34
852	0.245487	-8045.47
853	0.245487	-8031.71
854	0.245487	-8033.81
855	0.245487	-8046.54
856	0.245487	-8064.19
857	0.245487	-8024.08
858	0.245487	-8024.44
859	0.245487	-8033.86
860	0.245487	-8039.35
861	0.245487	-8037.94
862	0.245487	-8068.88
863	0.245487	-8074.6
864	0.245487	-8088.65
865	0.245487	-8066.49
866	0.245487	-8043.71
867	0.245487	-8039.38
868	0.245487	-8034.59
869	0.245487	-8019.58
870	0.245487	-8022.05
871	0.245487	-8026.87
872	0.245487	-8021.93
873	0.245487	-8029.12
874	0.245487	-8032.94
875	0.245487	-8031.55
876	0.245487	-8040.43
877	0.245487	-8053.02
878	0.245487	-8050.89
879	0.245487	-8051.46
880	0.245487	-8039.29
881	0.245487	-8085.58
882	0.245487	-8049.46
883	0.245487	-8019.12
884	0.245487	-8018.03
885	0.245487	-8002.04
886	0.245487	-8009.5
887	0.245487	-8007.08
888	0.245487	-8026.2
889	0.245487	-8012.5
890	0.245487	-8011.11
891	0.245487	-8023.72
892	0.245487	-8016.02
893	0.245487	-8024.91
894	0.245487	-8035.19
895	0.245487	-8022.18
896	0.245487	-8012.51
897	0.245487	-8020.72
898	0.245487	-8032.88
899	0.245487	-8018
900	0.245487	-8034.01
901	0.245487	-8014.86
902	0.245487	-8033.27
903	0.245487	-8028.85
904	0.245487	-8046.27
905	0.245487	-8015.01
906	0.245487	-8056.26
907	0.245487	-8026.43
908	0.245487	-8023.51
909	0.245487	-8008.21
910	0.245487	-8009.02
911	0.245487	-8023.53
912	0.245487	-8027.92
913	0.245487	-8027.8
914	0.245487	-8031.53
915	0.245487	-8013.12
916	0.245487	-8013.02
917	0.245487	-8007.01
918	0.245487	-8016.82
919	0.245487	-8028.18
920	0.245487	-8030.3
921	0.245487	-8023.07
922	0.245487	-8005.29
923	0.245487	-8004.6
924	0.245487	-7998.07
925	0.245487	-8017.26
926	0.245487	-8009.95
927	0.245487	-8014.06
928	0.245487	-8021.31
929	0.245487	-8043.53
930	0.245487	-8050.15
931	0.245487	-8032.31
932	0.245487	-8019.39
933	0.245487	-8025.2
934	0.245487	-8031.3
935	0.245487	-8026.04
936	0.245487	-8003.23
937	0.245487	-8010.68
938	0.245487	-8010.09
939	0.245487	-8022.2
940	0.245487	-8062.11
941	0.245487	-8044.24
942	0.245487	-8017.22
943	0.245487	-8035.15
944	0.245487	-8052.63
945	0.245487	-8032.08
946	0.245487	-8029.77
947	0.245487	-8029.13
948	0.245487	-8044.85
949	0.245487	-8035.24
950	0.245487	-8046.52
951	0.245487	-8029.35
952	0.245487	-8036.57
953	0.245487	-8059.71
954	0.245487	-8039.67
955	0.245487	-8044.79
956	0.245487	-8052.74
957	0.245487	-8042.9
958	0.245487	-8041.44
959	0.245487	-8021.48
960	0.245487	-8007.46
961	0.245487	-8044.15
962	0.245487	-8040.66
963	0.245487	-8038.54
964	0.245487	-8029.66
965	0.245487	-8032.89
966	0.245487	-8032.29
967	0.245487	-8054.7
968	0.245487	-8041.89
969	0.245487	-8049
970	0.245487	-8045.91
971	0.245487	-8043.04
972	0.245487	-8022.43
973	0.245487	-8022.59
974	0.245487	-8005.29
975	0.245487	-8015.76
976	0.245487	-8022.8
977	0.245487	-8019.58
978	0.245487	-8012.44
979	0.245487	-8015.38
980	0.245487	-8017.19
981	0.245487	-8014.72
982	0.245487	-8045.98
983	0.245487	-8044.65
984	0.245487	-8033.96
985	0.245487	-8062.99
986	0.245487	-8042.15
987	0.245487	-8034.25
988	0.245487	-8020.23
989	0.245487	-8018.91
990	0.245487	-8019.71
991	0.245487	-8036.72
992	0.245487	-8044.83
993	0.245487	-8040.75
994	0.245487	-8059.79
995	0.245487	-8045.14
996	0.245487	-8037.14
997	0.245487	-8025.4
998	0.245487	-8030.9
999	0.245487	-8019.42
1000	0.245487	-8019.99
