state	power	likelihood
251	0.0182445	-8617
252	0.0182445	-8660.15
253	0.0182445	-8859.43
254	0.0182445	-9072.41
255	0.0182445	-9024.83
256	0.0182445	-9002.76
257	0.0182445	-8705.35
258	0.0182445	-8755.02
259	0.0182445	-8592.04
260	0.0182445	-8664.76
261	0.0182445	-8679.08
262	0.0182445	-8722.01
263	0.0182445	-8611.78
264	0.0182445	-8644.05
265	0.0182445	-8493.37
266	0.0182445	-8622.02
267	0.0182445	-8552.71
268	0.0182445	-8884.16
269	0.0182445	-8629.37
270	0.0182445	-8904.57
271	0.0182445	-8932.91
272	0.0182445	-9084.86
273	0.0182445	-8702.97
274	0.0182445	-8897.34
275	0.0182445	-8760.84
276	0.0182445	-8623.85
277	0.0182445	-8452.71
278	0.0182445	-8433.86
279	0.0182445	-8492.72
280	0.0182445	-8623.94
281	0.0182445	-8447.34
282	0.0182445	-8707.82
283	0.0182445	-8580.08
284	0.0182445	-8661.25
285	0.0182445	-9046.03
286	0.0182445	-8767.29
287	0.0182445	-8581.24
288	0.0182445	-8890.17
289	0.0182445	-8831.94
290	0.0182445	-8705.93
291	0.0182445	-8731.54
292	0.0182445	-8717.71
293	0.0182445	-8693.92
294	0.0182445	-8577.88
295	0.0182445	-8803.39
296	0.0182445	-8603.07
297	0.0182445	-8776.64
298	0.0182445	-8738.59
299	0.0182445	-8860.86
300	0.0182445	-8735.35
301	0.0182445	-8836.42
302	0.0182445	-8965.72
303	0.0182445	-8612.77
304	0.0182445	-8857.46
305	0.0182445	-8576.92
306	0.0182445	-8705.84
307	0.0182445	-8453.96
308	0.0182445	-8523.88
309	0.0182445	-8516.27
310	0.0182445	-8655.6
311	0.0182445	-8593.07
312	0.0182445	-8471.81
313	0.0182445	-8732.21
314	0.0182445	-8566.56
315	0.0182445	-8714.51
316	0.0182445	-8629.15
317	0.0182445	-8757.57
318	0.0182445	-8651.69
319	0.0182445	-8821.69
320	0.0182445	-8509.64
321	0.0182445	-9302.55
322	0.0182445	-9000.5
323	0.0182445	-8757.36
324	0.0182445	-8652.48
325	0.0182445	-8760.55
326	0.0182445	-8593.32
327	0.0182445	-8710.38
328	0.0182445	-8821.6
329	0.0182445	-8669.11
330	0.0182445	-9205.69
331	0.0182445	-9109
332	0.0182445	-8796.13
333	0.0182445	-8458.89
334	0.0182445	-8776.93
335	0.0182445	-8864.34
336	0.0182445	-8720.27
337	0.0182445	-8665.15
338	0.0182445	-8768.07
339	0.0182445	-8662.47
340	0.0182445	-8828.12
341	0.0182445	-8638.39
342	0.0182445	-8517.83
343	0.0182445	-8492.57
344	0.0182445	-8612.06
345	0.0182445	-8526.37
346	0.0182445	-8707.42
347	0.0182445	-8774.72
348	0.0182445	-8532.6
349	0.0182445	-8605.29
350	0.0182445	-8642.68
351	0.0182445	-8727.38
352	0.0182445	-8838.07
353	0.0182445	-8728.82
354	0.0182445	-8673.71
355	0.0182445	-8632.62
356	0.0182445	-8601.64
357	0.0182445	-8591.85
358	0.0182445	-8785.85
359	0.0182445	-8848.25
360	0.0182445	-8559.3
361	0.0182445	-8478.82
362	0.0182445	-8655.56
363	0.0182445	-8574.88
364	0.0182445	-8528.05
365	0.0182445	-8657.67
366	0.0182445	-8548.9
367	0.0182445	-8704.96
368	0.0182445	-8904.52
369	0.0182445	-8763.51
370	0.0182445	-8883.81
371	0.0182445	-8858.31
372	0.0182445	-8556.01
373	0.0182445	-8542
374	0.0182445	-8791.21
375	0.0182445	-8517.63
376	0.0182445	-8581.7
377	0.0182445	-8611.65
378	0.0182445	-8958.49
379	0.0182445	-8541.41
380	0.0182445	-8721.96
381	0.0182445	-8787.22
382	0.0182445	-8841.9
383	0.0182445	-8760.96
384	0.0182445	-8563.38
385	0.0182445	-8826.52
386	0.0182445	-8805.02
387	0.0182445	-8715.48
388	0.0182445	-8565.72
389	0.0182445	-8883.85
390	0.0182445	-8977.82
391	0.0182445	-8553.87
392	0.0182445	-8880.52
393	0.0182445	-8765.72
394	0.0182445	-8739.78
395	0.0182445	-8897.3
396	0.0182445	-9020.74
397	0.0182445	-8887.6
398	0.0182445	-8914.79
399	0.0182445	-8836.51
400	0.0182445	-9167.95
401	0.0182445	-9042.63
402	0.0182445	-8706.59
403	0.0182445	-8664.5
404	0.0182445	-8926.95
405	0.0182445	-9078.82
406	0.0182445	-8906.59
407	0.0182445	-8911.21
408	0.0182445	-8834.65
409	0.0182445	-8916.55
410	0.0182445	-8561.23
411	0.0182445	-8649.95
412	0.0182445	-8644
413	0.0182445	-8596.92
414	0.0182445	-8661.94
415	0.0182445	-8494.72
416	0.0182445	-8562.14
417	0.0182445	-8595.95
418	0.0182445	-8630.65
419	0.0182445	-8631.79
420	0.0182445	-8629.1
421	0.0182445	-8593.92
422	0.0182445	-8649.24
423	0.0182445	-8645.12
424	0.0182445	-8686.76
425	0.0182445	-8738.34
426	0.0182445	-8705.72
427	0.0182445	-8669.4
428	0.0182445	-8798.47
429	0.0182445	-8862.2
430	0.0182445	-8660.41
431	0.0182445	-8805.3
432	0.0182445	-8713.86
433	0.0182445	-8698.79
434	0.0182445	-8545.75
435	0.0182445	-8508.81
436	0.0182445	-8582.43
437	0.0182445	-8730.26
438	0.0182445	-8626.01
439	0.0182445	-8727.66
440	0.0182445	-8689.14
441	0.0182445	-8741.3
442	0.0182445	-8980.47
443	0.0182445	-8610.41
444	0.0182445	-8837.77
445	0.0182445	-8963.44
446	0.0182445	-8902.94
447	0.0182445	-8865.83
448	0.0182445	-8644.9
449	0.0182445	-8535.38
450	0.0182445	-8684.79
451	0.0182445	-8799.26
452	0.0182445	-8571.51
453	0.0182445	-8592.2
454	0.0182445	-8599.92
455	0.0182445	-8640.83
456	0.0182445	-8512.73
457	0.0182445	-8625.53
458	0.0182445	-8579.25
459	0.0182445	-8799.39
460	0.0182445	-8518.37
461	0.0182445	-8733.99
462	0.0182445	-8610.06
463	0.0182445	-8589.03
464	0.0182445	-8764.58
465	0.0182445	-8531.63
466	0.0182445	-8635.18
467	0.0182445	-8616.21
468	0.0182445	-8809.79
469	0.0182445	-8664
470	0.0182445	-8676.78
471	0.0182445	-8739.86
472	0.0182445	-8840.81
473	0.0182445	-8901.55
474	0.0182445	-8877.06
475	0.0182445	-8834.28
476	0.0182445	-8561.83
477	0.0182445	-8645.12
478	0.0182445	-8600.92
479	0.0182445	-8825.31
480	0.0182445	-8664.66
481	0.0182445	-8828.31
482	0.0182445	-8807.43
483	0.0182445	-8657.55
484	0.0182445	-8768.45
485	0.0182445	-8808.53
486	0.0182445	-8682.46
487	0.0182445	-8809.04
488	0.0182445	-8758.24
489	0.0182445	-8650.15
490	0.0182445	-8625.9
491	0.0182445	-8789.38
492	0.0182445	-8923.28
493	0.0182445	-8743.62
494	0.0182445	-8706.66
495	0.0182445	-8667.18
496	0.0182445	-8980.42
497	0.0182445	-8780.49
498	0.0182445	-9093.96
499	0.0182445	-8759.56
500	0.0182445	-8812.3
501	0.0182445	-8700.02
502	0.0182445	-8585.89
503	0.0182445	-8712.33
504	0.0182445	-8638.21
505	0.0182445	-8604.46
506	0.0182445	-8738.24
507	0.0182445	-8673.93
508	0.0182445	-8600.89
509	0.0182445	-8665.27
510	0.0182445	-8567.67
511	0.0182445	-8547.33
512	0.0182445	-8522.42
513	0.0182445	-8670.79
514	0.0182445	-8699.56
515	0.0182445	-8766.1
516	0.0182445	-8593.64
517	0.0182445	-8649.34
518	0.0182445	-8771.75
519	0.0182445	-8969.17
520	0.0182445	-8958.68
521	0.0182445	-8900.52
522	0.0182445	-8820.93
523	0.0182445	-8777.42
524	0.0182445	-8625.81
525	0.0182445	-8636.39
526	0.0182445	-8807.09
527	0.0182445	-8535.5
528	0.0182445	-9171.63
529	0.0182445	-8626.33
530	0.0182445	-9148.32
531	0.0182445	-8635.07
532	0.0182445	-8818.06
533	0.0182445	-8884.81
534	0.0182445	-8903.42
535	0.0182445	-8848.22
536	0.0182445	-8578.16
537	0.0182445	-8781.24
538	0.0182445	-8873.87
539	0.0182445	-8973.37
540	0.0182445	-8804.13
541	0.0182445	-8541.35
542	0.0182445	-8758.63
543	0.0182445	-8661.04
544	0.0182445	-8732.79
545	0.0182445	-8748.82
546	0.0182445	-9052.01
547	0.0182445	-9012.3
548	0.0182445	-8706.99
549	0.0182445	-8750.94
550	0.0182445	-8658.26
551	0.0182445	-8849.5
552	0.0182445	-8827.18
553	0.0182445	-8642.81
554	0.0182445	-8750.93
555	0.0182445	-8561.24
556	0.0182445	-8653.15
557	0.0182445	-8820.61
558	0.0182445	-8641.85
559	0.0182445	-8810.61
560	0.0182445	-8696.56
561	0.0182445	-8457.31
562	0.0182445	-8606.77
563	0.0182445	-8892.95
564	0.0182445	-8818.49
565	0.0182445	-8774.91
566	0.0182445	-8733.1
567	0.0182445	-8740.1
568	0.0182445	-8557.23
569	0.0182445	-8402.61
570	0.0182445	-8751.66
571	0.0182445	-8439.44
572	0.0182445	-8429.84
573	0.0182445	-8543.85
574	0.0182445	-8681.45
575	0.0182445	-8720.95
576	0.0182445	-8803.28
577	0.0182445	-8899.95
578	0.0182445	-8830.52
579	0.0182445	-8912.86
580	0.0182445	-8703.68
581	0.0182445	-8772.1
582	0.0182445	-8588.78
583	0.0182445	-8841.26
584	0.0182445	-8761.08
585	0.0182445	-8701.23
586	0.0182445	-8761.37
587	0.0182445	-8499.49
588	0.0182445	-8872.25
589	0.0182445	-9086.45
590	0.0182445	-9082.53
591	0.0182445	-8868.64
592	0.0182445	-8445.69
593	0.0182445	-8677.33
594	0.0182445	-8713.52
595	0.0182445	-8716.16
596	0.0182445	-8849.08
597	0.0182445	-8801.37
598	0.0182445	-8772.55
599	0.0182445	-9030.11
600	0.0182445	-9026.48
601	0.0182445	-8470.66
602	0.0182445	-8872.81
603	0.0182445	-8650.82
604	0.0182445	-8685.6
605	0.0182445	-8480.16
606	0.0182445	-8608.91
607	0.0182445	-8618.9
608	0.0182445	-8694.98
609	0.0182445	-8739.93
610	0.0182445	-8718.55
611	0.0182445	-8930.1
612	0.0182445	-8879.17
613	0.0182445	-8729.02
614	0.0182445	-8585.84
615	0.0182445	-8681.33
616	0.0182445	-8488.67
617	0.0182445	-8429.93
618	0.0182445	-8734.33
619	0.0182445	-8613.33
620	0.0182445	-8768.69
621	0.0182445	-8830.69
622	0.0182445	-8523.18
623	0.0182445	-8676.21
624	0.0182445	-8849.93
625	0.0182445	-8742.46
626	0.0182445	-8800.67
627	0.0182445	-8709.1
628	0.0182445	-8719.33
629	0.0182445	-9225.45
630	0.0182445	-8917.56
631	0.0182445	-8928.61
632	0.0182445	-8665.53
633	0.0182445	-8741.95
634	0.0182445	-8962.8
635	0.0182445	-8730.19
636	0.0182445	-8615.91
637	0.0182445	-8542.94
638	0.0182445	-8653.27
639	0.0182445	-8720.36
640	0.0182445	-8519.58
641	0.0182445	-8632.25
642	0.0182445	-8750.93
643	0.0182445	-8718.88
644	0.0182445	-8767.14
645	0.0182445	-8801.88
646	0.0182445	-8928.34
647	0.0182445	-8648.01
648	0.0182445	-8708.52
649	0.0182445	-8661.7
650	0.0182445	-8607.37
651	0.0182445	-9009.86
652	0.0182445	-8950.29
653	0.0182445	-8730.7
654	0.0182445	-8710.05
655	0.0182445	-8760.77
656	0.0182445	-8764.95
657	0.0182445	-8582.74
658	0.0182445	-8732.54
659	0.0182445	-8743.83
660	0.0182445	-8615.95
661	0.0182445	-8582.44
662	0.0182445	-9120.98
663	0.0182445	-9331.79
664	0.0182445	-9109.49
665	0.0182445	-8935.94
666	0.0182445	-8592.76
667	0.0182445	-8888.81
668	0.0182445	-8886.26
669	0.0182445	-8838.66
670	0.0182445	-8900.58
671	0.0182445	-8829.38
672	0.0182445	-9003.24
673	0.0182445	-8795.33
674	0.0182445	-8919.12
675	0.0182445	-8641.79
676	0.0182445	-8665.45
677	0.0182445	-8845.43
678	0.0182445	-8904.87
679	0.0182445	-8887.45
680	0.0182445	-9005.22
681	0.0182445	-8628.1
682	0.0182445	-8594.56
683	0.0182445	-8773.53
684	0.0182445	-8706.58
685	0.0182445	-8832.66
686	0.0182445	-9044.25
687	0.0182445	-9138.97
688	0.0182445	-9092.41
689	0.0182445	-9060.38
690	0.0182445	-8712.41
691	0.0182445	-8686.22
692	0.0182445	-8649.09
693	0.0182445	-8793.43
694	0.0182445	-8775.35
695	0.0182445	-8604.68
696	0.0182445	-8751.75
697	0.0182445	-9053.41
698	0.0182445	-8860.39
699	0.0182445	-8898.04
700	0.0182445	-8746.29
701	0.0182445	-8689.79
702	0.0182445	-8803.05
703	0.0182445	-8560.1
704	0.0182445	-8413.59
705	0.0182445	-8557.4
706	0.0182445	-8420.07
707	0.0182445	-8467.72
708	0.0182445	-8545.27
709	0.0182445	-8599
710	0.0182445	-8985.57
711	0.0182445	-8999.87
712	0.0182445	-8620.32
713	0.0182445	-8691.12
714	0.0182445	-8586.55
715	0.0182445	-8762.33
716	0.0182445	-8915.7
717	0.0182445	-8660.32
718	0.0182445	-8577.95
719	0.0182445	-8832.19
720	0.0182445	-9077.84
721	0.0182445	-8520.73
722	0.0182445	-8626.96
723	0.0182445	-8621.63
724	0.0182445	-8609
725	0.0182445	-8438.26
726	0.0182445	-9033.34
727	0.0182445	-8900.56
728	0.0182445	-8650.58
729	0.0182445	-8545.56
730	0.0182445	-8498.61
731	0.0182445	-8482.66
732	0.0182445	-8514.66
733	0.0182445	-8415.22
734	0.0182445	-8850.05
735	0.0182445	-8660.18
736	0.0182445	-8664.94
737	0.0182445	-8719.44
738	0.0182445	-8681.79
739	0.0182445	-8487.18
740	0.0182445	-8569.6
741	0.0182445	-8652.05
742	0.0182445	-8946.79
743	0.0182445	-8776.8
744	0.0182445	-8547.3
745	0.0182445	-8706
746	0.0182445	-8806.05
747	0.0182445	-8563.02
748	0.0182445	-8985.04
749	0.0182445	-8568.33
750	0.0182445	-8552.96
751	0.0182445	-8630.68
752	0.0182445	-8668.22
753	0.0182445	-8767.74
754	0.0182445	-8817.75
755	0.0182445	-8735.7
756	0.0182445	-8817.59
757	0.0182445	-8827.31
758	0.0182445	-8677.69
759	0.0182445	-8766.88
760	0.0182445	-8601.81
761	0.0182445	-9007.28
762	0.0182445	-8976.92
763	0.0182445	-8698.22
764	0.0182445	-8711.81
765	0.0182445	-8663.39
766	0.0182445	-8553.23
767	0.0182445	-8574.44
768	0.0182445	-8729.14
769	0.0182445	-8630.04
770	0.0182445	-8618.94
771	0.0182445	-8662.53
772	0.0182445	-8686.59
773	0.0182445	-8799.18
774	0.0182445	-9001.56
775	0.0182445	-8701.95
776	0.0182445	-8643.36
777	0.0182445	-8792.17
778	0.0182445	-8858.95
779	0.0182445	-8434.32
780	0.0182445	-8590.22
781	0.0182445	-8703.01
782	0.0182445	-8728.37
783	0.0182445	-8607.61
784	0.0182445	-8663.9
785	0.0182445	-8627.93
786	0.0182445	-8618.21
787	0.0182445	-8449.78
788	0.0182445	-8631.45
789	0.0182445	-8409.69
790	0.0182445	-8472.71
791	0.0182445	-8942
792	0.0182445	-8682.34
793	0.0182445	-8600.15
794	0.0182445	-8404.77
795	0.0182445	-8637
796	0.0182445	-8619.47
797	0.0182445	-8949.57
798	0.0182445	-8908.49
799	0.0182445	-8833.27
800	0.0182445	-8754.44
801	0.0182445	-8980.27
802	0.0182445	-8707.53
803	0.0182445	-8711.63
804	0.0182445	-8653.02
805	0.0182445	-8966.86
806	0.0182445	-8594.05
807	0.0182445	-8781.82
808	0.0182445	-8582.37
809	0.0182445	-8893.48
810	0.0182445	-8411.68
811	0.0182445	-8553.52
812	0.0182445	-8648.95
813	0.0182445	-8626.27
814	0.0182445	-8811.09
815	0.0182445	-8842.09
816	0.0182445	-8703.22
817	0.0182445	-8708.73
818	0.0182445	-8706.61
819	0.0182445	-8748.5
820	0.0182445	-8662.13
821	0.0182445	-8791.13
822	0.0182445	-8672.55
823	0.0182445	-8984.34
824	0.0182445	-8753.41
825	0.0182445	-8604.65
826	0.0182445	-8692.08
827	0.0182445	-8530.68
828	0.0182445	-8750.17
829	0.0182445	-8605.5
830	0.0182445	-8431.23
831	0.0182445	-8461.14
832	0.0182445	-8488.94
833	0.0182445	-8435.6
834	0.0182445	-8635.39
835	0.0182445	-8570.67
836	0.0182445	-8540.74
837	0.0182445	-8643.54
838	0.0182445	-8577.44
839	0.0182445	-8754.59
840	0.0182445	-8694.91
841	0.0182445	-8890.27
842	0.0182445	-8860.11
843	0.0182445	-8841.69
844	0.0182445	-8570.68
845	0.0182445	-8565.73
846	0.0182445	-8707.51
847	0.0182445	-8966.94
848	0.0182445	-8817.68
849	0.0182445	-8993.55
850	0.0182445	-8865.4
851	0.0182445	-8755.49
852	0.0182445	-8799.67
853	0.0182445	-8677.65
854	0.0182445	-8425.18
855	0.0182445	-8636.52
856	0.0182445	-8603.25
857	0.0182445	-8809.18
858	0.0182445	-8930.46
859	0.0182445	-8521.02
860	0.0182445	-8529.23
861	0.0182445	-8797.95
862	0.0182445	-8357.38
863	0.0182445	-8430.85
864	0.0182445	-8786.41
865	0.0182445	-8882.75
866	0.0182445	-8696.82
867	0.0182445	-9034.19
868	0.0182445	-9175.91
869	0.0182445	-8715.5
870	0.0182445	-8745.58
871	0.0182445	-8786.75
872	0.0182445	-8739.34
873	0.0182445	-8689.78
874	0.0182445	-9132.21
875	0.0182445	-8749.31
876	0.0182445	-8758.09
877	0.0182445	-8681.08
878	0.0182445	-8536.08
879	0.0182445	-8578.61
880	0.0182445	-8692.88
881	0.0182445	-8500.67
882	0.0182445	-8732.24
883	0.0182445	-8747.27
884	0.0182445	-8700.25
885	0.0182445	-8735.47
886	0.0182445	-8871.51
887	0.0182445	-8669.25
888	0.0182445	-9034.67
889	0.0182445	-8860.63
890	0.0182445	-8579.9
891	0.0182445	-8688.33
892	0.0182445	-8940.45
893	0.0182445	-9020.17
894	0.0182445	-8616.69
895	0.0182445	-8526.48
896	0.0182445	-8611.71
897	0.0182445	-8667.84
898	0.0182445	-8662.01
899	0.0182445	-8760.66
900	0.0182445	-9002.19
901	0.0182445	-8484.72
902	0.0182445	-8537.31
903	0.0182445	-8609
904	0.0182445	-8876.18
905	0.0182445	-8541.47
906	0.0182445	-8527.09
907	0.0182445	-8616.6
908	0.0182445	-9077.62
909	0.0182445	-9096.96
910	0.0182445	-8900.16
911	0.0182445	-9084.54
912	0.0182445	-9100.19
913	0.0182445	-8892.52
914	0.0182445	-8690.8
915	0.0182445	-8786.16
916	0.0182445	-8907.53
917	0.0182445	-8723.33
918	0.0182445	-8685.51
919	0.0182445	-8685.82
920	0.0182445	-8474.68
921	0.0182445	-8736.26
922	0.0182445	-8963.72
923	0.0182445	-8636.37
924	0.0182445	-8688.26
925	0.0182445	-8636.19
926	0.0182445	-8556.18
927	0.0182445	-8814.69
928	0.0182445	-8833.69
929	0.0182445	-8962.39
930	0.0182445	-9041.96
931	0.0182445	-8660.3
932	0.0182445	-8776.44
933	0.0182445	-8731.37
934	0.0182445	-8676.41
935	0.0182445	-8877.39
936	0.0182445	-8866.04
937	0.0182445	-8601.79
938	0.0182445	-8833.94
939	0.0182445	-8834.72
940	0.0182445	-8850.59
941	0.0182445	-8720.02
942	0.0182445	-8877.7
943	0.0182445	-8813.77
944	0.0182445	-8813.35
945	0.0182445	-8791.11
946	0.0182445	-8553.18
947	0.0182445	-8601.52
948	0.0182445	-8819.39
949	0.0182445	-8879.59
950	0.0182445	-8568.06
951	0.0182445	-8693.25
952	0.0182445	-8878.23
953	0.0182445	-8831.35
954	0.0182445	-8854.56
955	0.0182445	-8709.37
956	0.0182445	-8542.46
957	0.0182445	-8641.44
958	0.0182445	-8639.93
959	0.0182445	-8736.12
960	0.0182445	-8714.7
961	0.0182445	-8899.01
962	0.0182445	-8534.06
963	0.0182445	-8760.84
964	0.0182445	-8626.1
965	0.0182445	-8678.72
966	0.0182445	-8946.44
967	0.0182445	-8972.73
968	0.0182445	-8608.74
969	0.0182445	-8476
970	0.0182445	-8713.9
971	0.0182445	-8779.31
972	0.0182445	-8589.6
973	0.0182445	-8501.78
974	0.0182445	-8443.44
975	0.0182445	-8533.93
976	0.0182445	-8654.8
977	0.0182445	-8829.81
978	0.0182445	-8663.75
979	0.0182445	-9026.95
980	0.0182445	-8994.07
981	0.0182445	-8643.85
982	0.0182445	-8893.16
983	0.0182445	-8636.87
984	0.0182445	-8655.1
985	0.0182445	-8683.33
986	0.0182445	-8691.86
987	0.0182445	-8807.91
988	0.0182445	-8538.15
989	0.0182445	-8692.17
990	0.0182445	-8846.44
991	0.0182445	-9161.45
992	0.0182445	-9020.13
993	0.0182445	-8717.27
994	0.0182445	-8875.62
995	0.0182445	-8668.65
996	0.0182445	-8833.15
997	0.0182445	-9008.58
998	0.0182445	-8713.63
999	0.0182445	-8892.01
1000	0.0182445	-8884.51
