state	power	likelihood
251	0.0281887	-8699.55
252	0.0281887	-8713.59
253	0.0281887	-8482.97
254	0.0281887	-8470.4
255	0.0281887	-8716.54
256	0.0281887	-8411.81
257	0.0281887	-8409.6
258	0.0281887	-8651.63
259	0.0281887	-8717.81
260	0.0281887	-8551.08
261	0.0281887	-8470.14
262	0.0281887	-8661.3
263	0.0281887	-8573.01
264	0.0281887	-8516.14
265	0.0281887	-8516.06
266	0.0281887	-8516.42
267	0.0281887	-8394.35
268	0.0281887	-8559.31
269	0.0281887	-8363.84
270	0.0281887	-8490.48
271	0.0281887	-8584.87
272	0.0281887	-8579.89
273	0.0281887	-8477.08
274	0.0281887	-8361.53
275	0.0281887	-8469.43
276	0.0281887	-8399.35
277	0.0281887	-8355.28
278	0.0281887	-8554.63
279	0.0281887	-8621.46
280	0.0281887	-8415.49
281	0.0281887	-8517.28
282	0.0281887	-8515.04
283	0.0281887	-8427.05
284	0.0281887	-8542.94
285	0.0281887	-8519.56
286	0.0281887	-8474.16
287	0.0281887	-8445.76
288	0.0281887	-8462.59
289	0.0281887	-8535.37
290	0.0281887	-8432.41
291	0.0281887	-8463.28
292	0.0281887	-8375.54
293	0.0281887	-8533.46
294	0.0281887	-8681.39
295	0.0281887	-8693.92
296	0.0281887	-8783.68
297	0.0281887	-8659.15
298	0.0281887	-8430.99
299	0.0281887	-8812.33
300	0.0281887	-8650.11
301	0.0281887	-8615.04
302	0.0281887	-8536.65
303	0.0281887	-8463.48
304	0.0281887	-8794.19
305	0.0281887	-8623.15
306	0.0281887	-8601.17
307	0.0281887	-8656.36
308	0.0281887	-8591.06
309	0.0281887	-8550.07
310	0.0281887	-8657.48
311	0.0281887	-8500.94
312	0.0281887	-8605.98
313	0.0281887	-8509.46
314	0.0281887	-8438.75
315	0.0281887	-8560.16
316	0.0281887	-8746.94
317	0.0281887	-8516.29
318	0.0281887	-8339.82
319	0.0281887	-8586.77
320	0.0281887	-8473.47
321	0.0281887	-8527.18
322	0.0281887	-8512.89
323	0.0281887	-8546.89
324	0.0281887	-8306.97
325	0.0281887	-8533.78
326	0.0281887	-8552.51
327	0.0281887	-8361.07
328	0.0281887	-8442.36
329	0.0281887	-8699.44
330	0.0281887	-8568.98
331	0.0281887	-8437.65
332	0.0281887	-8575.14
333	0.0281887	-8392.77
334	0.0281887	-8393.59
335	0.0281887	-8587.75
336	0.0281887	-8624.28
337	0.0281887	-8684.35
338	0.0281887	-8680.38
339	0.0281887	-8681.53
340	0.0281887	-8667.54
341	0.0281887	-8660.18
342	0.0281887	-8551.75
343	0.0281887	-8398.91
344	0.0281887	-8604.94
345	0.0281887	-8627.35
346	0.0281887	-8636.77
347	0.0281887	-8536.34
348	0.0281887	-8599.24
349	0.0281887	-8511.25
350	0.0281887	-8383.71
351	0.0281887	-8478.66
352	0.0281887	-8481.71
353	0.0281887	-8385.23
354	0.0281887	-8367.57
355	0.0281887	-8428.57
356	0.0281887	-8407.91
357	0.0281887	-8511.79
358	0.0281887	-8508.19
359	0.0281887	-8681.51
360	0.0281887	-8627.97
361	0.0281887	-8514.99
362	0.0281887	-8576.37
363	0.0281887	-8363.75
364	0.0281887	-8431.88
365	0.0281887	-8591.72
366	0.0281887	-8492.87
367	0.0281887	-8552.81
368	0.0281887	-8525.45
369	0.0281887	-8616.72
370	0.0281887	-8526.84
371	0.0281887	-8449.49
372	0.0281887	-8655.68
373	0.0281887	-8585.38
374	0.0281887	-8442.67
375	0.0281887	-8513.63
376	0.0281887	-8427.72
377	0.0281887	-8740.12
378	0.0281887	-8443.58
379	0.0281887	-8577.27
380	0.0281887	-8456.66
381	0.0281887	-8380.5
382	0.0281887	-8554.96
383	0.0281887	-8617.13
384	0.0281887	-8540.8
385	0.0281887	-8338.4
386	0.0281887	-8278.46
387	0.0281887	-8490.85
388	0.0281887	-8502.98
389	0.0281887	-8751.94
390	0.0281887	-8631.84
391	0.0281887	-8738.98
392	0.0281887	-8628.91
393	0.0281887	-8633.07
394	0.0281887	-8596.52
395	0.0281887	-8578.67
396	0.0281887	-8532.93
397	0.0281887	-8448.38
398	0.0281887	-8462.96
399	0.0281887	-8607.85
400	0.0281887	-8660.49
401	0.0281887	-8758.8
402	0.0281887	-8715.28
403	0.0281887	-8426.33
404	0.0281887	-8358.6
405	0.0281887	-8315.34
406	0.0281887	-8506.9
407	0.0281887	-8306.95
408	0.0281887	-8567.26
409	0.0281887	-8450.87
410	0.0281887	-8646.57
411	0.0281887	-8387.82
412	0.0281887	-8379.27
413	0.0281887	-8302.91
414	0.0281887	-8421.97
415	0.0281887	-8473.74
416	0.0281887	-8502.59
417	0.0281887	-8555.71
418	0.0281887	-8515.7
419	0.0281887	-8596.49
420	0.0281887	-8564.79
421	0.0281887	-8670.5
422	0.0281887	-8575.18
423	0.0281887	-8371.89
424	0.0281887	-8600.35
425	0.0281887	-8502.97
426	0.0281887	-8674.13
427	0.0281887	-8495.84
428	0.0281887	-8546.47
429	0.0281887	-8537.76
430	0.0281887	-8441.94
431	0.0281887	-8644.31
432	0.0281887	-8648.76
433	0.0281887	-8495.96
434	0.0281887	-8625.18
435	0.0281887	-8627.73
436	0.0281887	-8603.62
437	0.0281887	-8584.55
438	0.0281887	-8522.41
439	0.0281887	-8524.18
440	0.0281887	-8424.34
441	0.0281887	-8555.79
442	0.0281887	-8658.45
443	0.0281887	-8728.62
444	0.0281887	-8649.57
445	0.0281887	-8520.73
446	0.0281887	-8534.04
447	0.0281887	-8430.71
448	0.0281887	-8518.56
449	0.0281887	-8391.73
450	0.0281887	-8492.67
451	0.0281887	-8447.02
452	0.0281887	-8490.53
453	0.0281887	-8575.02
454	0.0281887	-8629.44
455	0.0281887	-8601.3
456	0.0281887	-8733.15
457	0.0281887	-8501.8
458	0.0281887	-8436.14
459	0.0281887	-8433.15
460	0.0281887	-8536.52
461	0.0281887	-8591.83
462	0.0281887	-8727.78
463	0.0281887	-8544.93
464	0.0281887	-8462.13
465	0.0281887	-8496.9
466	0.0281887	-8539.94
467	0.0281887	-8773.16
468	0.0281887	-8517.93
469	0.0281887	-8550.31
470	0.0281887	-8474.39
471	0.0281887	-8493.22
472	0.0281887	-8569.96
473	0.0281887	-8448.31
474	0.0281887	-8599.23
475	0.0281887	-8564.27
476	0.0281887	-8655.16
477	0.0281887	-8641.88
478	0.0281887	-8543.32
479	0.0281887	-8421.71
480	0.0281887	-8438.44
481	0.0281887	-8595.79
482	0.0281887	-8541.08
483	0.0281887	-8486.21
484	0.0281887	-8749.75
485	0.0281887	-8720.22
486	0.0281887	-8841.63
487	0.0281887	-8589.93
488	0.0281887	-8488.99
489	0.0281887	-8485.38
490	0.0281887	-8478.38
491	0.0281887	-8580.18
492	0.0281887	-8581.41
493	0.0281887	-8397.76
494	0.0281887	-8434.09
495	0.0281887	-8498.97
496	0.0281887	-8280.85
497	0.0281887	-8474.43
498	0.0281887	-8450.75
499	0.0281887	-8331.86
500	0.0281887	-8463.88
501	0.0281887	-8304.21
502	0.0281887	-8362.78
503	0.0281887	-8845.66
504	0.0281887	-8703.51
505	0.0281887	-8543.66
506	0.0281887	-8537.85
507	0.0281887	-8531.09
508	0.0281887	-8537.05
509	0.0281887	-8381.46
510	0.0281887	-8394.45
511	0.0281887	-8353.69
512	0.0281887	-8549.75
513	0.0281887	-8453.41
514	0.0281887	-8621.66
515	0.0281887	-8614.5
516	0.0281887	-8562.14
517	0.0281887	-8565.08
518	0.0281887	-8450.68
519	0.0281887	-8624.56
520	0.0281887	-8578.77
521	0.0281887	-8660.17
522	0.0281887	-8438.2
523	0.0281887	-8433.29
524	0.0281887	-8562.44
525	0.0281887	-8412.89
526	0.0281887	-8367.38
527	0.0281887	-8572.93
528	0.0281887	-8546.33
529	0.0281887	-8718.32
530	0.0281887	-8500.21
531	0.0281887	-8587.13
532	0.0281887	-8468.27
533	0.0281887	-8450.27
534	0.0281887	-8674.39
535	0.0281887	-8618.73
536	0.0281887	-8487.5
537	0.0281887	-8495.11
538	0.0281887	-8420.48
539	0.0281887	-8477.15
540	0.0281887	-8666.24
541	0.0281887	-8504.31
542	0.0281887	-8692.89
543	0.0281887	-8686.48
544	0.0281887	-8615.9
545	0.0281887	-8598.91
546	0.0281887	-8453.64
547	0.0281887	-8653.29
548	0.0281887	-8507.57
549	0.0281887	-8405.51
550	0.0281887	-8515.29
551	0.0281887	-8540.28
552	0.0281887	-8492.43
553	0.0281887	-8521.42
554	0.0281887	-8540.04
555	0.0281887	-8500.98
556	0.0281887	-8466.99
557	0.0281887	-8570.75
558	0.0281887	-8623.85
559	0.0281887	-8725.35
560	0.0281887	-8605.18
561	0.0281887	-8654.59
562	0.0281887	-8423.03
563	0.0281887	-8441.77
564	0.0281887	-8481.01
565	0.0281887	-8528.24
566	0.0281887	-8462.43
567	0.0281887	-8305.94
568	0.0281887	-8419.66
569	0.0281887	-8490.88
570	0.0281887	-8460.38
571	0.0281887	-8548.34
572	0.0281887	-8422.69
573	0.0281887	-8492.49
574	0.0281887	-8498.82
575	0.0281887	-8492.17
576	0.0281887	-8608.89
577	0.0281887	-8837.01
578	0.0281887	-8634.96
579	0.0281887	-8790.65
580	0.0281887	-8479.79
581	0.0281887	-8841.41
582	0.0281887	-8706.64
583	0.0281887	-8608.76
584	0.0281887	-8539.56
585	0.0281887	-8872.92
586	0.0281887	-8550.65
587	0.0281887	-8675.7
588	0.0281887	-8594.8
589	0.0281887	-8510.11
590	0.0281887	-8682.68
591	0.0281887	-8581
592	0.0281887	-8440.83
593	0.0281887	-8535.9
594	0.0281887	-8781.16
595	0.0281887	-8620.06
596	0.0281887	-8467.27
597	0.0281887	-8622.34
598	0.0281887	-8648.75
599	0.0281887	-8468.34
600	0.0281887	-8541.97
601	0.0281887	-8586.95
602	0.0281887	-8602.94
603	0.0281887	-8492.7
604	0.0281887	-8532.2
605	0.0281887	-8550.76
606	0.0281887	-8400.9
607	0.0281887	-8384.22
608	0.0281887	-8491.33
609	0.0281887	-8415.33
610	0.0281887	-8484.76
611	0.0281887	-8804.59
612	0.0281887	-8475.91
613	0.0281887	-8586.15
614	0.0281887	-8730.31
615	0.0281887	-8548.8
616	0.0281887	-8711.74
617	0.0281887	-8601.14
618	0.0281887	-8603.3
619	0.0281887	-8482.02
620	0.0281887	-8635.75
621	0.0281887	-8561.72
622	0.0281887	-8415.68
623	0.0281887	-8529.03
624	0.0281887	-8740.39
625	0.0281887	-8728.45
626	0.0281887	-8535.04
627	0.0281887	-8611.62
628	0.0281887	-8656.79
629	0.0281887	-8643.01
630	0.0281887	-8455.09
631	0.0281887	-8606.72
632	0.0281887	-8701.06
633	0.0281887	-8297.82
634	0.0281887	-8425.69
635	0.0281887	-8311.65
636	0.0281887	-8359.66
637	0.0281887	-8283.53
638	0.0281887	-8308.35
639	0.0281887	-8374.4
640	0.0281887	-8460.17
641	0.0281887	-8321.82
642	0.0281887	-8562.51
643	0.0281887	-8356.12
644	0.0281887	-8485.75
645	0.0281887	-8574.28
646	0.0281887	-8768.82
647	0.0281887	-8458.02
648	0.0281887	-8438.48
649	0.0281887	-8437.53
650	0.0281887	-8431.66
651	0.0281887	-8567.21
652	0.0281887	-8584.33
653	0.0281887	-8617.93
654	0.0281887	-8626.12
655	0.0281887	-8727.05
656	0.0281887	-8591.6
657	0.0281887	-8636.45
658	0.0281887	-8580.13
659	0.0281887	-8473.71
660	0.0281887	-8639.05
661	0.0281887	-8539.32
662	0.0281887	-8523.84
663	0.0281887	-8308.12
664	0.0281887	-8452.17
665	0.0281887	-8720.16
666	0.0281887	-8628.52
667	0.0281887	-8617.02
668	0.0281887	-8697.51
669	0.0281887	-8627.7
670	0.0281887	-8677.58
671	0.0281887	-8646.38
672	0.0281887	-8624.39
673	0.0281887	-8578.23
674	0.0281887	-8402.38
675	0.0281887	-8500.56
676	0.0281887	-8586.72
677	0.0281887	-8449.49
678	0.0281887	-8459.6
679	0.0281887	-8600.84
680	0.0281887	-8547.9
681	0.0281887	-8525.36
682	0.0281887	-8415.44
683	0.0281887	-8546.65
684	0.0281887	-8490.61
685	0.0281887	-8516.05
686	0.0281887	-8477.87
687	0.0281887	-8503.4
688	0.0281887	-8295.02
689	0.0281887	-8415.27
690	0.0281887	-8537.44
691	0.0281887	-8369.3
692	0.0281887	-8618.35
693	0.0281887	-8663.71
694	0.0281887	-8559.6
695	0.0281887	-8410.74
696	0.0281887	-8420.52
697	0.0281887	-8432.03
698	0.0281887	-8598.55
699	0.0281887	-8674.27
700	0.0281887	-8643.17
701	0.0281887	-8666.77
702	0.0281887	-8439.77
703	0.0281887	-8418.62
704	0.0281887	-8431.11
705	0.0281887	-8698.28
706	0.0281887	-8594.32
707	0.0281887	-8635.37
708	0.0281887	-8729.14
709	0.0281887	-8667.51
710	0.0281887	-8667.24
711	0.0281887	-8642.62
712	0.0281887	-8571.91
713	0.0281887	-8486.74
714	0.0281887	-8713.51
715	0.0281887	-8740.26
716	0.0281887	-8704.01
717	0.0281887	-8633.47
718	0.0281887	-8412.29
719	0.0281887	-8346.09
720	0.0281887	-8406.07
721	0.0281887	-8573.21
722	0.0281887	-8389.75
723	0.0281887	-8543.02
724	0.0281887	-8517.5
725	0.0281887	-8514.91
726	0.0281887	-8418.82
727	0.0281887	-8378.12
728	0.0281887	-8642.67
729	0.0281887	-8435.06
730	0.0281887	-8452.99
731	0.0281887	-8500
732	0.0281887	-8546.5
733	0.0281887	-8524.08
734	0.0281887	-8569.05
735	0.0281887	-8763.82
736	0.0281887	-8636.96
737	0.0281887	-8560.1
738	0.0281887	-8417.74
739	0.0281887	-8638.91
740	0.0281887	-8692.14
741	0.0281887	-8899.29
742	0.0281887	-8807.49
743	0.0281887	-8556.04
744	0.0281887	-8670.75
745	0.0281887	-8643.61
746	0.0281887	-8552.65
747	0.0281887	-8689.18
748	0.0281887	-8712.64
749	0.0281887	-8487.2
750	0.0281887	-8490.14
751	0.0281887	-8693.17
752	0.0281887	-8392.57
753	0.0281887	-8499.31
754	0.0281887	-8551.86
755	0.0281887	-8583.49
756	0.0281887	-8653.02
757	0.0281887	-8634.17
758	0.0281887	-8522.54
759	0.0281887	-8402.5
760	0.0281887	-8417.63
761	0.0281887	-8547.21
762	0.0281887	-8674.92
763	0.0281887	-8515.49
764	0.0281887	-8579.75
765	0.0281887	-8597.01
766	0.0281887	-8604.59
767	0.0281887	-8604.23
768	0.0281887	-8445.2
769	0.0281887	-8415.04
770	0.0281887	-8511.82
771	0.0281887	-8352.36
772	0.0281887	-8533.23
773	0.0281887	-8403.72
774	0.0281887	-8448.12
775	0.0281887	-8459.92
776	0.0281887	-8762.76
777	0.0281887	-8462.76
778	0.0281887	-8565.96
779	0.0281887	-8586.7
780	0.0281887	-8392.28
781	0.0281887	-8435.61
782	0.0281887	-8543.53
783	0.0281887	-8644.86
784	0.0281887	-8426.96
785	0.0281887	-8534.34
786	0.0281887	-8422.45
787	0.0281887	-8344.86
788	0.0281887	-8366.25
789	0.0281887	-8381.31
790	0.0281887	-8418.74
791	0.0281887	-8542.31
792	0.0281887	-8522.18
793	0.0281887	-8515.28
794	0.0281887	-8591.32
795	0.0281887	-8678.48
796	0.0281887	-8555.56
797	0.0281887	-8545.03
798	0.0281887	-8398.91
799	0.0281887	-8413.94
800	0.0281887	-8297.45
801	0.0281887	-8449.85
802	0.0281887	-8415.28
803	0.0281887	-8429.47
804	0.0281887	-8396.85
805	0.0281887	-8563.76
806	0.0281887	-8530.91
807	0.0281887	-8514.81
808	0.0281887	-8484.77
809	0.0281887	-8393.21
810	0.0281887	-8667.86
811	0.0281887	-8553
812	0.0281887	-8508.87
813	0.0281887	-8575.33
814	0.0281887	-8729.86
815	0.0281887	-8538.76
816	0.0281887	-8539.93
817	0.0281887	-8366.67
818	0.0281887	-8323.24
819	0.0281887	-8567.33
820	0.0281887	-8417.95
821	0.0281887	-8477.02
822	0.0281887	-8495.88
823	0.0281887	-8523.69
824	0.0281887	-8525.84
825	0.0281887	-8483.18
826	0.0281887	-8541.47
827	0.0281887	-8798.48
828	0.0281887	-8769.01
829	0.0281887	-8598.83
830	0.0281887	-8523.91
831	0.0281887	-8567.05
832	0.0281887	-8687.87
833	0.0281887	-8507.83
834	0.0281887	-8633.54
835	0.0281887	-8566.82
836	0.0281887	-8604.93
837	0.0281887	-8512.29
838	0.0281887	-8472.76
839	0.0281887	-8410.44
840	0.0281887	-8509.13
841	0.0281887	-8478.44
842	0.0281887	-8570.43
843	0.0281887	-8607.59
844	0.0281887	-8611.14
845	0.0281887	-8679.08
846	0.0281887	-8712.24
847	0.0281887	-8531.74
848	0.0281887	-8680.29
849	0.0281887	-8695.74
850	0.0281887	-8707.07
851	0.0281887	-8625.37
852	0.0281887	-8517.02
853	0.0281887	-8441.01
854	0.0281887	-8308.89
855	0.0281887	-8423.62
856	0.0281887	-8519.14
857	0.0281887	-8583.95
858	0.0281887	-8525.4
859	0.0281887	-8411.49
860	0.0281887	-8497.14
861	0.0281887	-8480.68
862	0.0281887	-8458.48
863	0.0281887	-8605.01
864	0.0281887	-8609.22
865	0.0281887	-8438.56
866	0.0281887	-8383.22
867	0.0281887	-8512.21
868	0.0281887	-8493.84
869	0.0281887	-8394.38
870	0.0281887	-8400.8
871	0.0281887	-8307.1
872	0.0281887	-8335.9
873	0.0281887	-8652.68
874	0.0281887	-8679.16
875	0.0281887	-8731.36
876	0.0281887	-8669.6
877	0.0281887	-8527.94
878	0.0281887	-8556.35
879	0.0281887	-8660.91
880	0.0281887	-8744.89
881	0.0281887	-8471.52
882	0.0281887	-8548.59
883	0.0281887	-8457.88
884	0.0281887	-8469.73
885	0.0281887	-8603.16
886	0.0281887	-8601.23
887	0.0281887	-8391.84
888	0.0281887	-8435.15
889	0.0281887	-8492.54
890	0.0281887	-8505.13
891	0.0281887	-8435.43
892	0.0281887	-8468.56
893	0.0281887	-8497.6
894	0.0281887	-8575.35
895	0.0281887	-8566.27
896	0.0281887	-8563.62
897	0.0281887	-8724.74
898	0.0281887	-8479.45
899	0.0281887	-8392
900	0.0281887	-8344.38
901	0.0281887	-8391.98
902	0.0281887	-8598.27
903	0.0281887	-8382.82
904	0.0281887	-8463.22
905	0.0281887	-8406.5
906	0.0281887	-8516.56
907	0.0281887	-8668.11
908	0.0281887	-8577.88
909	0.0281887	-8522.35
910	0.0281887	-8514.91
911	0.0281887	-8723.54
912	0.0281887	-8700.36
913	0.0281887	-8637.3
914	0.0281887	-8417.44
915	0.0281887	-8599.36
916	0.0281887	-8646.88
917	0.0281887	-8637.11
918	0.0281887	-8496.81
919	0.0281887	-8376.25
920	0.0281887	-8426.08
921	0.0281887	-8400.6
922	0.0281887	-8420.09
923	0.0281887	-8439.83
924	0.0281887	-8430.12
925	0.0281887	-8366.25
926	0.0281887	-8508.75
927	0.0281887	-8495.4
928	0.0281887	-8397.31
929	0.0281887	-8388.45
930	0.0281887	-8563.6
931	0.0281887	-8423.95
932	0.0281887	-8430.08
933	0.0281887	-8529.87
934	0.0281887	-8386.68
935	0.0281887	-8472.31
936	0.0281887	-8451.45
937	0.0281887	-8319.48
938	0.0281887	-8404.15
939	0.0281887	-8460.98
940	0.0281887	-8468.77
941	0.0281887	-8544.67
942	0.0281887	-8759.36
943	0.0281887	-8825.81
944	0.0281887	-8815.13
945	0.0281887	-8605.21
946	0.0281887	-8545.79
947	0.0281887	-8490.85
948	0.0281887	-8591.49
949	0.0281887	-8535.86
950	0.0281887	-8632.97
951	0.0281887	-8565.63
952	0.0281887	-8628.12
953	0.0281887	-8689.83
954	0.0281887	-8494.75
955	0.0281887	-8607.92
956	0.0281887	-8607.01
957	0.0281887	-8599.32
958	0.0281887	-8828.03
959	0.0281887	-8693.9
960	0.0281887	-8461.81
961	0.0281887	-8555.5
962	0.0281887	-8537.91
963	0.0281887	-8565.34
964	0.0281887	-8400.67
965	0.0281887	-8543.56
966	0.0281887	-8543.12
967	0.0281887	-8475.79
968	0.0281887	-8503.43
969	0.0281887	-8421.76
970	0.0281887	-8610.46
971	0.0281887	-8661.73
972	0.0281887	-8400.9
973	0.0281887	-8482.53
974	0.0281887	-8521.43
975	0.0281887	-8583.98
976	0.0281887	-8512.69
977	0.0281887	-8344.64
978	0.0281887	-8500.46
979	0.0281887	-8576.79
980	0.0281887	-8526.53
981	0.0281887	-8558.07
982	0.0281887	-8525.11
983	0.0281887	-8533.47
984	0.0281887	-8515.55
985	0.0281887	-8510.87
986	0.0281887	-8496.84
987	0.0281887	-8552.6
988	0.0281887	-8431.93
989	0.0281887	-8533.3
990	0.0281887	-8513.39
991	0.0281887	-8505.31
992	0.0281887	-8383.17
993	0.0281887	-8396.81
994	0.0281887	-8392.84
995	0.0281887	-8447.01
996	0.0281887	-8366.51
997	0.0281887	-8415.06
998	0.0281887	-8533.28
999	0.0281887	-8291.7
1000	0.0281887	-8448.62
