state	power	likelihood
251	2.75281e-05	-13111.3
252	2.75281e-05	-12410.6
253	2.75281e-05	-11456.4
254	2.75281e-05	-11107.6
255	2.75281e-05	-12172.6
256	2.75281e-05	-12654.7
257	2.75281e-05	-12202.8
258	2.75281e-05	-12241.3
259	2.75281e-05	-10879.5
260	2.75281e-05	-10613.4
261	2.75281e-05	-11075.2
262	2.75281e-05	-11455.5
263	2.75281e-05	-13766.5
264	2.75281e-05	-11408.6
265	2.75281e-05	-11050.6
266	2.75281e-05	-11663.3
267	2.75281e-05	-12463.2
268	2.75281e-05	-10545.9
269	2.75281e-05	-11148.2
270	2.75281e-05	-11081
271	2.75281e-05	-16318.9
272	2.75281e-05	-14437.9
273	2.75281e-05	-13509.2
274	2.75281e-05	-11930.5
275	2.75281e-05	-10968.4
276	2.75281e-05	-10733.2
277	2.75281e-05	-10732.2
278	2.75281e-05	-14533.5
279	2.75281e-05	-11329.5
280	2.75281e-05	-13523.2
281	2.75281e-05	-14579.2
282	2.75281e-05	-14402.7
283	2.75281e-05	-13791.8
284	2.75281e-05	-12728.9
285	2.75281e-05	-9958.35
286	2.75281e-05	-10453.7
287	2.75281e-05	-10208.8
288	2.75281e-05	-9530.07
289	2.75281e-05	-12529.5
290	2.75281e-05	-12544
291	2.75281e-05	-13277.9
292	2.75281e-05	-12045.9
293	2.75281e-05	-11719.3
294	2.75281e-05	-10465.8
295	2.75281e-05	-11229.2
296	2.75281e-05	-10848.1
297	2.75281e-05	-10676.1
298	2.75281e-05	-10129.2
299	2.75281e-05	-10647.6
300	2.75281e-05	-13113
301	2.75281e-05	-14744.4
302	2.75281e-05	-13734.7
303	2.75281e-05	-10872.6
304	2.75281e-05	-11436.3
305	2.75281e-05	-12505.1
306	2.75281e-05	-12720.4
307	2.75281e-05	-11801.4
308	2.75281e-05	-12465.4
309	2.75281e-05	-12275.1
310	2.75281e-05	-14974.1
311	2.75281e-05	-11512.2
312	2.75281e-05	-12344.8
313	2.75281e-05	-11638.7
314	2.75281e-05	-14040.3
315	2.75281e-05	-12655
316	2.75281e-05	-13299.7
317	2.75281e-05	-13508.2
318	2.75281e-05	-11768.9
319	2.75281e-05	-11649.6
320	2.75281e-05	-12499.9
321	2.75281e-05	-11054.7
322	2.75281e-05	-12884.8
323	2.75281e-05	-12496.4
324	2.75281e-05	-13644.2
325	2.75281e-05	-13576.3
326	2.75281e-05	-13595.6
327	2.75281e-05	-15723.5
328	2.75281e-05	-11299
329	2.75281e-05	-11130.1
330	2.75281e-05	-11155.7
331	2.75281e-05	-12283.6
332	2.75281e-05	-12666.7
333	2.75281e-05	-11032
334	2.75281e-05	-14248.4
335	2.75281e-05	-10537
336	2.75281e-05	-10707.2
337	2.75281e-05	-13465.4
338	2.75281e-05	-14274
339	2.75281e-05	-11934.4
340	2.75281e-05	-12988.6
341	2.75281e-05	-15334.1
342	2.75281e-05	-15036.2
343	2.75281e-05	-16207.5
344	2.75281e-05	-15093.1
345	2.75281e-05	-13194.3
346	2.75281e-05	-12316.8
347	2.75281e-05	-12166.3
348	2.75281e-05	-11981.3
349	2.75281e-05	-12546.4
350	2.75281e-05	-11707.6
351	2.75281e-05	-14789.7
352	2.75281e-05	-14596.2
353	2.75281e-05	-10961.2
354	2.75281e-05	-11340.6
355	2.75281e-05	-11138.9
356	2.75281e-05	-12030.6
357	2.75281e-05	-12423.1
358	2.75281e-05	-11538
359	2.75281e-05	-12378.2
360	2.75281e-05	-11863.5
361	2.75281e-05	-12325.6
362	2.75281e-05	-11548.2
363	2.75281e-05	-11563.9
364	2.75281e-05	-10366.9
365	2.75281e-05	-11771.3
366	2.75281e-05	-11076.1
367	2.75281e-05	-10920
368	2.75281e-05	-10796.7
369	2.75281e-05	-11254.7
370	2.75281e-05	-11051.5
371	2.75281e-05	-12421.2
372	2.75281e-05	-13802.8
373	2.75281e-05	-13791.9
374	2.75281e-05	-13925.3
375	2.75281e-05	-11422.6
376	2.75281e-05	-14065.7
377	2.75281e-05	-14278.9
378	2.75281e-05	-13211.2
379	2.75281e-05	-11588
380	2.75281e-05	-11045.2
381	2.75281e-05	-10621.7
382	2.75281e-05	-11748.6
383	2.75281e-05	-12694.3
384	2.75281e-05	-11322.8
385	2.75281e-05	-12816.6
386	2.75281e-05	-12351.4
387	2.75281e-05	-11374.9
388	2.75281e-05	-10945.2
389	2.75281e-05	-10658.4
390	2.75281e-05	-14450.8
391	2.75281e-05	-10719
392	2.75281e-05	-16700.2
393	2.75281e-05	-16997.6
394	2.75281e-05	-16728.4
395	2.75281e-05	-18520.2
396	2.75281e-05	-14615.3
397	2.75281e-05	-14565.1
398	2.75281e-05	-14947.7
399	2.75281e-05	-10638.7
400	2.75281e-05	-10351.3
401	2.75281e-05	-11012.7
402	2.75281e-05	-11807.3
403	2.75281e-05	-12683.3
404	2.75281e-05	-11445.8
405	2.75281e-05	-13061.9
406	2.75281e-05	-13402.5
407	2.75281e-05	-13491.5
408	2.75281e-05	-13686
409	2.75281e-05	-11734.4
410	2.75281e-05	-10859
411	2.75281e-05	-11809.3
412	2.75281e-05	-12409.4
413	2.75281e-05	-14405.6
414	2.75281e-05	-17008
415	2.75281e-05	-11961.6
416	2.75281e-05	-12815.4
417	2.75281e-05	-13716
418	2.75281e-05	-12185.4
419	2.75281e-05	-12681
420	2.75281e-05	-11027.4
421	2.75281e-05	-12533.5
422	2.75281e-05	-12603
423	2.75281e-05	-14640.1
424	2.75281e-05	-18925.8
425	2.75281e-05	-13550.1
426	2.75281e-05	-13908.2
427	2.75281e-05	-15305.7
428	2.75281e-05	-14521
429	2.75281e-05	-14701
430	2.75281e-05	-12815.7
431	2.75281e-05	-13098.5
432	2.75281e-05	-13191.2
433	2.75281e-05	-12698.6
434	2.75281e-05	-12774.2
435	2.75281e-05	-14853.6
436	2.75281e-05	-11608.7
437	2.75281e-05	-11366.2
438	2.75281e-05	-12178.1
439	2.75281e-05	-12009.6
440	2.75281e-05	-12704.4
441	2.75281e-05	-16108.1
442	2.75281e-05	-15263.6
443	2.75281e-05	-14151.3
444	2.75281e-05	-12962
445	2.75281e-05	-14694.5
446	2.75281e-05	-14392.9
447	2.75281e-05	-11129.5
448	2.75281e-05	-11419.1
449	2.75281e-05	-11725.2
450	2.75281e-05	-10552.3
451	2.75281e-05	-11397.8
452	2.75281e-05	-11684.2
453	2.75281e-05	-12737.5
454	2.75281e-05	-13553.9
455	2.75281e-05	-11981.3
456	2.75281e-05	-13368.2
457	2.75281e-05	-11771.4
458	2.75281e-05	-15115.3
459	2.75281e-05	-11732.6
460	2.75281e-05	-11180.3
461	2.75281e-05	-12743.6
462	2.75281e-05	-13957.2
463	2.75281e-05	-13856.7
464	2.75281e-05	-13560.7
465	2.75281e-05	-12641.9
466	2.75281e-05	-13176.9
467	2.75281e-05	-13496.6
468	2.75281e-05	-13194.9
469	2.75281e-05	-12490.9
470	2.75281e-05	-13893.8
471	2.75281e-05	-13730.6
472	2.75281e-05	-13330
473	2.75281e-05	-11326
474	2.75281e-05	-10844.7
475	2.75281e-05	-10585.6
476	2.75281e-05	-11195.9
477	2.75281e-05	-12952
478	2.75281e-05	-12500.1
479	2.75281e-05	-13303.4
480	2.75281e-05	-16347.7
481	2.75281e-05	-14950.7
482	2.75281e-05	-15079.7
483	2.75281e-05	-13682.2
484	2.75281e-05	-12607.2
485	2.75281e-05	-13328.4
486	2.75281e-05	-11199.6
487	2.75281e-05	-13389.6
488	2.75281e-05	-14086.2
489	2.75281e-05	-12088.5
490	2.75281e-05	-12377
491	2.75281e-05	-11969.6
492	2.75281e-05	-10190
493	2.75281e-05	-10574.8
494	2.75281e-05	-12464.5
495	2.75281e-05	-11530.4
496	2.75281e-05	-10351.2
497	2.75281e-05	-10993.9
498	2.75281e-05	-11182.6
499	2.75281e-05	-12414.4
500	2.75281e-05	-11950.5
501	2.75281e-05	-13048.9
502	2.75281e-05	-11236
503	2.75281e-05	-13232.8
504	2.75281e-05	-12675.7
505	2.75281e-05	-12607.8
506	2.75281e-05	-11871.6
507	2.75281e-05	-11084.5
508	2.75281e-05	-10245.9
509	2.75281e-05	-13312.6
510	2.75281e-05	-13482.6
511	2.75281e-05	-12654.6
512	2.75281e-05	-11171.6
513	2.75281e-05	-13433.4
514	2.75281e-05	-14941
515	2.75281e-05	-14134.4
516	2.75281e-05	-11888
517	2.75281e-05	-14461
518	2.75281e-05	-15141.9
519	2.75281e-05	-13210.8
520	2.75281e-05	-14346.9
521	2.75281e-05	-12383.5
522	2.75281e-05	-11937.1
523	2.75281e-05	-12796
524	2.75281e-05	-13397.9
525	2.75281e-05	-12754.4
526	2.75281e-05	-12052.8
527	2.75281e-05	-12241.3
528	2.75281e-05	-12475.5
529	2.75281e-05	-13668.4
530	2.75281e-05	-15957.3
531	2.75281e-05	-13345.7
532	2.75281e-05	-16407.1
533	2.75281e-05	-14369.3
534	2.75281e-05	-13426.3
535	2.75281e-05	-11595.6
536	2.75281e-05	-13589.5
537	2.75281e-05	-12709.5
538	2.75281e-05	-11298
539	2.75281e-05	-10595.7
540	2.75281e-05	-12769.2
541	2.75281e-05	-11557.9
542	2.75281e-05	-12265.4
543	2.75281e-05	-11170.7
544	2.75281e-05	-10992.4
545	2.75281e-05	-11929.7
546	2.75281e-05	-13685.8
547	2.75281e-05	-12278.1
548	2.75281e-05	-13412.9
549	2.75281e-05	-12382.6
550	2.75281e-05	-10998.5
551	2.75281e-05	-11381.5
552	2.75281e-05	-11093.6
553	2.75281e-05	-11498.5
554	2.75281e-05	-11915.5
555	2.75281e-05	-11621.8
556	2.75281e-05	-10985.2
557	2.75281e-05	-11675.5
558	2.75281e-05	-12346
559	2.75281e-05	-11778.3
560	2.75281e-05	-11422.1
561	2.75281e-05	-9988.01
562	2.75281e-05	-12125.5
563	2.75281e-05	-10837.9
564	2.75281e-05	-11401.8
565	2.75281e-05	-12929.1
566	2.75281e-05	-10435.4
567	2.75281e-05	-11698.2
568	2.75281e-05	-12108.9
569	2.75281e-05	-12438.1
570	2.75281e-05	-12262.9
571	2.75281e-05	-11883.2
572	2.75281e-05	-11755.9
573	2.75281e-05	-13042.2
574	2.75281e-05	-11677.1
575	2.75281e-05	-10963.6
576	2.75281e-05	-10639.7
577	2.75281e-05	-13198.9
578	2.75281e-05	-14603.1
579	2.75281e-05	-12110.8
580	2.75281e-05	-11437.8
581	2.75281e-05	-11113.5
582	2.75281e-05	-11300.3
583	2.75281e-05	-11116.1
584	2.75281e-05	-11689
585	2.75281e-05	-12238.1
586	2.75281e-05	-10689
587	2.75281e-05	-12322.3
588	2.75281e-05	-11427.6
589	2.75281e-05	-12060.7
590	2.75281e-05	-10798.5
591	2.75281e-05	-11457.5
592	2.75281e-05	-10460.1
593	2.75281e-05	-11453.6
594	2.75281e-05	-11345.5
595	2.75281e-05	-11175.7
596	2.75281e-05	-10910.6
597	2.75281e-05	-13784.7
598	2.75281e-05	-13560.9
599	2.75281e-05	-13550.9
600	2.75281e-05	-12281.2
601	2.75281e-05	-12100.5
602	2.75281e-05	-14052.2
603	2.75281e-05	-13948.3
604	2.75281e-05	-13728.5
605	2.75281e-05	-12421
606	2.75281e-05	-12615.1
607	2.75281e-05	-13192.7
608	2.75281e-05	-11542
609	2.75281e-05	-12111.2
610	2.75281e-05	-10510.1
611	2.75281e-05	-11331.3
612	2.75281e-05	-11332.1
613	2.75281e-05	-10888.7
614	2.75281e-05	-11317.1
615	2.75281e-05	-11350.1
616	2.75281e-05	-11263.6
617	2.75281e-05	-13599.1
618	2.75281e-05	-13438.4
619	2.75281e-05	-12099.6
620	2.75281e-05	-12740.5
621	2.75281e-05	-11310.1
622	2.75281e-05	-11224
623	2.75281e-05	-10340.8
624	2.75281e-05	-11153.4
625	2.75281e-05	-11438.2
626	2.75281e-05	-11227.9
627	2.75281e-05	-12115.3
628	2.75281e-05	-12029.5
629	2.75281e-05	-13498.5
630	2.75281e-05	-12971.8
631	2.75281e-05	-11749.1
632	2.75281e-05	-12098.9
633	2.75281e-05	-14411.6
634	2.75281e-05	-13173.2
635	2.75281e-05	-12486.2
636	2.75281e-05	-12551.6
637	2.75281e-05	-12939.4
638	2.75281e-05	-14393.5
639	2.75281e-05	-14429
640	2.75281e-05	-12601.8
641	2.75281e-05	-12757
642	2.75281e-05	-10370.9
643	2.75281e-05	-11257.2
644	2.75281e-05	-10734
645	2.75281e-05	-10783.4
646	2.75281e-05	-12043.5
647	2.75281e-05	-10857.1
648	2.75281e-05	-11076.5
649	2.75281e-05	-12928.8
650	2.75281e-05	-11866.5
651	2.75281e-05	-11245.2
652	2.75281e-05	-10662
653	2.75281e-05	-10227.8
654	2.75281e-05	-10672.8
655	2.75281e-05	-10726.6
656	2.75281e-05	-10598
657	2.75281e-05	-10453.9
658	2.75281e-05	-11972.1
659	2.75281e-05	-11627.4
660	2.75281e-05	-11141
661	2.75281e-05	-10045.9
662	2.75281e-05	-12811.1
663	2.75281e-05	-12298.8
664	2.75281e-05	-13725.4
665	2.75281e-05	-13216.9
666	2.75281e-05	-12380.6
667	2.75281e-05	-11343.6
668	2.75281e-05	-11048.4
669	2.75281e-05	-11149.4
670	2.75281e-05	-13910.5
671	2.75281e-05	-12180.3
672	2.75281e-05	-12394.4
673	2.75281e-05	-12755.7
674	2.75281e-05	-13530.5
675	2.75281e-05	-12892.1
676	2.75281e-05	-12056.2
677	2.75281e-05	-11974.1
678	2.75281e-05	-10819
679	2.75281e-05	-13202.5
680	2.75281e-05	-11196.7
681	2.75281e-05	-12366.9
682	2.75281e-05	-13627.4
683	2.75281e-05	-11126.9
684	2.75281e-05	-11689.2
685	2.75281e-05	-12090.8
686	2.75281e-05	-11428.4
687	2.75281e-05	-11361.7
688	2.75281e-05	-14200
689	2.75281e-05	-12033.3
690	2.75281e-05	-12946.5
691	2.75281e-05	-12806.5
692	2.75281e-05	-11512.5
693	2.75281e-05	-12131.1
694	2.75281e-05	-12590.5
695	2.75281e-05	-12281.6
696	2.75281e-05	-12928.7
697	2.75281e-05	-15410.3
698	2.75281e-05	-14118.2
699	2.75281e-05	-11979
700	2.75281e-05	-11959.7
701	2.75281e-05	-12252.3
702	2.75281e-05	-12707.4
703	2.75281e-05	-11770.4
704	2.75281e-05	-13392.4
705	2.75281e-05	-11930.6
706	2.75281e-05	-11308.8
707	2.75281e-05	-10978.4
708	2.75281e-05	-10297.2
709	2.75281e-05	-10653.3
710	2.75281e-05	-13398.2
711	2.75281e-05	-11673.7
712	2.75281e-05	-11998.2
713	2.75281e-05	-11597.7
714	2.75281e-05	-12872.9
715	2.75281e-05	-12051.3
716	2.75281e-05	-11578.2
717	2.75281e-05	-11270.3
718	2.75281e-05	-13417.7
719	2.75281e-05	-13184.8
720	2.75281e-05	-12417.4
721	2.75281e-05	-14280.8
722	2.75281e-05	-16315.4
723	2.75281e-05	-16060.5
724	2.75281e-05	-14565.5
725	2.75281e-05	-11160.1
726	2.75281e-05	-13709.8
727	2.75281e-05	-11241.9
728	2.75281e-05	-11647.2
729	2.75281e-05	-11531.2
730	2.75281e-05	-11797.3
731	2.75281e-05	-12266.6
732	2.75281e-05	-11588.9
733	2.75281e-05	-12438.8
734	2.75281e-05	-12292.5
735	2.75281e-05	-13551.3
736	2.75281e-05	-14417.3
737	2.75281e-05	-11548.7
738	2.75281e-05	-14994
739	2.75281e-05	-15613.5
740	2.75281e-05	-11255.2
741	2.75281e-05	-11151.3
742	2.75281e-05	-12057.9
743	2.75281e-05	-10767.9
744	2.75281e-05	-10331
745	2.75281e-05	-13475.3
746	2.75281e-05	-13957.1
747	2.75281e-05	-11461.5
748	2.75281e-05	-11936.8
749	2.75281e-05	-9784.8
750	2.75281e-05	-10193.6
751	2.75281e-05	-10349.3
752	2.75281e-05	-10566.6
753	2.75281e-05	-11337.6
754	2.75281e-05	-12279.3
755	2.75281e-05	-15423.8
756	2.75281e-05	-13550.7
757	2.75281e-05	-12231.9
758	2.75281e-05	-10922.2
759	2.75281e-05	-10942.1
760	2.75281e-05	-10121.4
761	2.75281e-05	-13882.4
762	2.75281e-05	-12086
763	2.75281e-05	-12159.9
764	2.75281e-05	-12602.7
765	2.75281e-05	-10585.1
766	2.75281e-05	-11576.5
767	2.75281e-05	-11508.5
768	2.75281e-05	-13269
769	2.75281e-05	-10980.5
770	2.75281e-05	-10277.7
771	2.75281e-05	-12809.1
772	2.75281e-05	-11944.2
773	2.75281e-05	-11507.7
774	2.75281e-05	-13805.9
775	2.75281e-05	-10988.6
776	2.75281e-05	-11242.6
777	2.75281e-05	-10080.3
778	2.75281e-05	-11347
779	2.75281e-05	-13995.8
780	2.75281e-05	-11774.6
781	2.75281e-05	-10791
782	2.75281e-05	-12406.3
783	2.75281e-05	-10396.5
784	2.75281e-05	-10579.4
785	2.75281e-05	-11144.1
786	2.75281e-05	-16214.2
787	2.75281e-05	-13170.9
788	2.75281e-05	-15563.2
789	2.75281e-05	-12928.2
790	2.75281e-05	-13168.9
791	2.75281e-05	-10659.7
792	2.75281e-05	-12100.6
793	2.75281e-05	-11662.3
794	2.75281e-05	-10719.1
795	2.75281e-05	-11391.6
796	2.75281e-05	-12974.5
797	2.75281e-05	-10880.3
798	2.75281e-05	-10569.5
799	2.75281e-05	-11606.2
800	2.75281e-05	-11824.1
801	2.75281e-05	-12000.6
802	2.75281e-05	-12045
803	2.75281e-05	-11434.7
804	2.75281e-05	-10521.4
805	2.75281e-05	-14006.1
806	2.75281e-05	-12494
807	2.75281e-05	-13080.7
808	2.75281e-05	-13823.8
809	2.75281e-05	-11038.2
810	2.75281e-05	-9880.03
811	2.75281e-05	-10626
812	2.75281e-05	-11778.4
813	2.75281e-05	-11899.8
814	2.75281e-05	-12764.4
815	2.75281e-05	-11864.2
816	2.75281e-05	-11672.6
817	2.75281e-05	-11114.2
818	2.75281e-05	-11198
819	2.75281e-05	-11211.6
820	2.75281e-05	-11177.8
821	2.75281e-05	-12454.8
822	2.75281e-05	-11200.5
823	2.75281e-05	-11494.3
824	2.75281e-05	-12259.3
825	2.75281e-05	-10789
826	2.75281e-05	-11858
827	2.75281e-05	-14816.9
828	2.75281e-05	-14519.2
829	2.75281e-05	-11803
830	2.75281e-05	-12190.8
831	2.75281e-05	-11709.2
832	2.75281e-05	-11845
833	2.75281e-05	-11764.8
834	2.75281e-05	-11522.1
835	2.75281e-05	-12716.5
836	2.75281e-05	-12385
837	2.75281e-05	-12585.2
838	2.75281e-05	-11379
839	2.75281e-05	-13145.4
840	2.75281e-05	-11040.4
841	2.75281e-05	-12601.6
842	2.75281e-05	-12418.4
843	2.75281e-05	-12656
844	2.75281e-05	-14327.4
845	2.75281e-05	-15496.4
846	2.75281e-05	-13099.7
847	2.75281e-05	-11273.8
848	2.75281e-05	-10991.9
849	2.75281e-05	-12887.2
850	2.75281e-05	-14787.4
851	2.75281e-05	-13652.5
852	2.75281e-05	-12796.2
853	2.75281e-05	-10559.8
854	2.75281e-05	-11000.6
855	2.75281e-05	-12032.3
856	2.75281e-05	-11186.2
857	2.75281e-05	-12131.4
858	2.75281e-05	-10669.2
859	2.75281e-05	-12702.9
860	2.75281e-05	-14528.5
861	2.75281e-05	-14441.6
862	2.75281e-05	-11733.5
863	2.75281e-05	-14606.9
864	2.75281e-05	-14272.2
865	2.75281e-05	-14124.5
866	2.75281e-05	-14782.5
867	2.75281e-05	-11368.6
868	2.75281e-05	-13456.8
869	2.75281e-05	-11027.5
870	2.75281e-05	-12601.2
871	2.75281e-05	-11359.1
872	2.75281e-05	-10800.1
873	2.75281e-05	-11166.2
874	2.75281e-05	-11389.3
875	2.75281e-05	-12027.1
876	2.75281e-05	-13000.8
877	2.75281e-05	-15830.4
878	2.75281e-05	-12795.4
879	2.75281e-05	-11685
880	2.75281e-05	-10428
881	2.75281e-05	-11650.1
882	2.75281e-05	-11621.5
883	2.75281e-05	-11512.5
884	2.75281e-05	-12632.9
885	2.75281e-05	-13217.6
886	2.75281e-05	-12526.4
887	2.75281e-05	-12018.5
888	2.75281e-05	-9887.8
889	2.75281e-05	-11034.8
890	2.75281e-05	-11902.1
891	2.75281e-05	-12009
892	2.75281e-05	-12548.9
893	2.75281e-05	-20740.8
894	2.75281e-05	-22007.8
895	2.75281e-05	-15780.9
896	2.75281e-05	-13833.4
897	2.75281e-05	-13586.8
898	2.75281e-05	-12184.9
899	2.75281e-05	-12660.9
900	2.75281e-05	-10520.5
901	2.75281e-05	-10824.2
902	2.75281e-05	-12841.4
903	2.75281e-05	-12670.4
904	2.75281e-05	-12133.7
905	2.75281e-05	-11566.2
906	2.75281e-05	-13037.7
907	2.75281e-05	-11387.6
908	2.75281e-05	-12957.8
909	2.75281e-05	-11971
910	2.75281e-05	-11492
911	2.75281e-05	-12023.1
912	2.75281e-05	-12614.8
913	2.75281e-05	-13553.3
914	2.75281e-05	-13430.3
915	2.75281e-05	-12684.6
916	2.75281e-05	-12089.4
917	2.75281e-05	-11169.4
918	2.75281e-05	-10835.7
919	2.75281e-05	-10968
920	2.75281e-05	-10856.5
921	2.75281e-05	-12970.7
922	2.75281e-05	-11006.7
923	2.75281e-05	-11632.4
924	2.75281e-05	-13525.2
925	2.75281e-05	-11499
926	2.75281e-05	-12644.5
927	2.75281e-05	-11508.9
928	2.75281e-05	-10288.5
929	2.75281e-05	-11778.6
930	2.75281e-05	-11382.8
931	2.75281e-05	-12490.4
932	2.75281e-05	-11789.5
933	2.75281e-05	-12029.7
934	2.75281e-05	-11301.6
935	2.75281e-05	-11728.9
936	2.75281e-05	-12009.9
937	2.75281e-05	-12534.1
938	2.75281e-05	-11839.6
939	2.75281e-05	-11523.8
940	2.75281e-05	-12367.8
941	2.75281e-05	-11653.6
942	2.75281e-05	-11378.2
943	2.75281e-05	-10150.7
944	2.75281e-05	-10540.1
945	2.75281e-05	-11273.6
946	2.75281e-05	-12613
947	2.75281e-05	-11935.9
948	2.75281e-05	-10886.2
949	2.75281e-05	-13854.5
950	2.75281e-05	-15162.2
951	2.75281e-05	-12533.1
952	2.75281e-05	-12643.9
953	2.75281e-05	-11999.5
954	2.75281e-05	-11341.5
955	2.75281e-05	-12687.9
956	2.75281e-05	-13371.7
957	2.75281e-05	-12697.8
958	2.75281e-05	-11622.6
959	2.75281e-05	-10990.9
960	2.75281e-05	-13076.3
961	2.75281e-05	-14309.6
962	2.75281e-05	-14542.8
963	2.75281e-05	-15843.6
964	2.75281e-05	-15063.9
965	2.75281e-05	-13956.1
966	2.75281e-05	-15631.7
967	2.75281e-05	-12026.1
968	2.75281e-05	-12879.2
969	2.75281e-05	-15846.5
970	2.75281e-05	-12610.2
971	2.75281e-05	-12480
972	2.75281e-05	-12899.1
973	2.75281e-05	-13183.6
974	2.75281e-05	-13608.3
975	2.75281e-05	-11854.4
976	2.75281e-05	-11925.6
977	2.75281e-05	-11197.5
978	2.75281e-05	-11743.6
979	2.75281e-05	-11662.9
980	2.75281e-05	-12032.1
981	2.75281e-05	-12276.3
982	2.75281e-05	-12112.1
983	2.75281e-05	-12731.1
984	2.75281e-05	-11882.1
985	2.75281e-05	-10493
986	2.75281e-05	-11160.3
987	2.75281e-05	-15434.7
988	2.75281e-05	-12893.9
989	2.75281e-05	-11787
990	2.75281e-05	-11750.1
991	2.75281e-05	-11621.7
992	2.75281e-05	-10676.1
993	2.75281e-05	-14059.6
994	2.75281e-05	-13944.6
995	2.75281e-05	-16842.8
996	2.75281e-05	-17083.2
997	2.75281e-05	-15483
998	2.75281e-05	-13109.1
999	2.75281e-05	-14789.2
1000	2.75281e-05	-12821.9
