state	power	likelihood
251	0.520429	-8085.61
252	0.520429	-8089.09
253	0.520429	-8090.88
254	0.520429	-8084.43
255	0.520429	-8080.91
256	0.520429	-8089.73
257	0.520429	-8086.84
258	0.520429	-8078.74
259	0.520429	-8076.55
260	0.520429	-8075.19
261	0.520429	-8069.76
262	0.520429	-8072.04
263	0.520429	-8072.91
264	0.520429	-8066.6
265	0.520429	-8082.26
266	0.520429	-8083.48
267	0.520429	-8082.35
268	0.520429	-8086.47
269	0.520429	-8081.85
270	0.520429	-8088.85
271	0.520429	-8091.96
272	0.520429	-8091.83
273	0.520429	-8090.67
274	0.520429	-8091.83
275	0.520429	-8089.04
276	0.520429	-8086.96
277	0.520429	-8073.23
278	0.520429	-8088.35
279	0.520429	-8091.17
280	0.520429	-8093.94
281	0.520429	-8081.9
282	0.520429	-8081.7
283	0.520429	-8078.71
284	0.520429	-8094.83
285	0.520429	-8074.68
286	0.520429	-8079.47
287	0.520429	-8072.76
288	0.520429	-8077.87
289	0.520429	-8074.32
290	0.520429	-8072.83
291	0.520429	-8068.42
292	0.520429	-8075.28
293	0.520429	-8079.04
294	0.520429	-8081.93
295	0.520429	-8081.15
296	0.520429	-8068.9
297	0.520429	-8070.31
298	0.520429	-8077.37
299	0.520429	-8082.85
300	0.520429	-8076.7
301	0.520429	-8080.98
302	0.520429	-8084.98
303	0.520429	-8081.18
304	0.520429	-8077.77
305	0.520429	-8072.3
306	0.520429	-8067.71
307	0.520429	-8071.96
308	0.520429	-8074.31
309	0.520429	-8073.5
310	0.520429	-8067.3
311	0.520429	-8065.42
312	0.520429	-8064.42
313	0.520429	-8064.81
314	0.520429	-8071.63
315	0.520429	-8079.57
316	0.520429	-8077.35
317	0.520429	-8068.16
318	0.520429	-8068.66
319	0.520429	-8069.69
320	0.520429	-8066.59
321	0.520429	-8068.79
322	0.520429	-8072.04
323	0.520429	-8069.03
324	0.520429	-8067.82
325	0.520429	-8071.79
326	0.520429	-8071.27
327	0.520429	-8075.53
328	0.520429	-8074.65
329	0.520429	-8069.96
330	0.520429	-8072.23
331	0.520429	-8070.89
332	0.520429	-8074.98
333	0.520429	-8075.97
334	0.520429	-8077.75
335	0.520429	-8078.27
336	0.520429	-8074.95
337	0.520429	-8079.62
338	0.520429	-8079.89
339	0.520429	-8069.97
340	0.520429	-8070.56
341	0.520429	-8075.21
342	0.520429	-8080.3
343	0.520429	-8077.17
344	0.520429	-8070.86
345	0.520429	-8077.49
346	0.520429	-8072.25
347	0.520429	-8084.07
348	0.520429	-8082.66
349	0.520429	-8098.75
350	0.520429	-8078.94
351	0.520429	-8069.79
352	0.520429	-8069.81
353	0.520429	-8070.93
354	0.520429	-8060.12
355	0.520429	-8056.6
356	0.520429	-8066.08
357	0.520429	-8073.25
358	0.520429	-8078.82
359	0.520429	-8082.29
360	0.520429	-8074.45
361	0.520429	-8087.88
362	0.520429	-8091.76
363	0.520429	-8089.11
364	0.520429	-8083.04
365	0.520429	-8095.99
366	0.520429	-8088.53
367	0.520429	-8087.99
368	0.520429	-8091.78
369	0.520429	-8089.66
370	0.520429	-8083.65
371	0.520429	-8073.05
372	0.520429	-8067.11
373	0.520429	-8076.34
374	0.520429	-8075.15
375	0.520429	-8078.09
376	0.520429	-8071.75
377	0.520429	-8073.43
378	0.520429	-8085.29
379	0.520429	-8078.4
380	0.520429	-8079.17
381	0.520429	-8081.49
382	0.520429	-8075.75
383	0.520429	-8068.92
384	0.520429	-8071.5
385	0.520429	-8077.22
386	0.520429	-8069.22
387	0.520429	-8073.52
388	0.520429	-8068.8
389	0.520429	-8077.46
390	0.520429	-8076.51
391	0.520429	-8089.59
392	0.520429	-8085.77
393	0.520429	-8079.93
394	0.520429	-8085.74
395	0.520429	-8087.72
396	0.520429	-8080.92
397	0.520429	-8083.96
398	0.520429	-8075.59
399	0.520429	-8079.79
400	0.520429	-8072.08
401	0.520429	-8073.11
402	0.520429	-8077.39
403	0.520429	-8068.87
404	0.520429	-8072.56
405	0.520429	-8074.48
406	0.520429	-8077.18
407	0.520429	-8064.51
408	0.520429	-8086.08
409	0.520429	-8078.46
410	0.520429	-8080.68
411	0.520429	-8085.36
412	0.520429	-8076.35
413	0.520429	-8073.64
414	0.520429	-8077.73
415	0.520429	-8081.34
416	0.520429	-8085.42
417	0.520429	-8084.04
418	0.520429	-8081.68
419	0.520429	-8076.25
420	0.520429	-8069.09
421	0.520429	-8074.64
422	0.520429	-8075.46
423	0.520429	-8066.75
424	0.520429	-8068.85
425	0.520429	-8076.48
426	0.520429	-8075.02
427	0.520429	-8082.73
428	0.520429	-8080.3
429	0.520429	-8080.93
430	0.520429	-8087.08
431	0.520429	-8078.96
432	0.520429	-8073.83
433	0.520429	-8071.86
434	0.520429	-8065.73
435	0.520429	-8064.84
436	0.520429	-8071.36
437	0.520429	-8069.95
438	0.520429	-8074.69
439	0.520429	-8076.2
440	0.520429	-8079.39
441	0.520429	-8077.39
442	0.520429	-8078.62
443	0.520429	-8081.38
444	0.520429	-8082.99
445	0.520429	-8082.94
446	0.520429	-8080.91
447	0.520429	-8074.15
448	0.520429	-8073.47
449	0.520429	-8072.54
450	0.520429	-8075.37
451	0.520429	-8073.08
452	0.520429	-8082.22
453	0.520429	-8088.72
454	0.520429	-8077.4
455	0.520429	-8079.97
456	0.520429	-8073.09
457	0.520429	-8097.46
458	0.520429	-8085.1
459	0.520429	-8082.92
460	0.520429	-8068.9
461	0.520429	-8080.55
462	0.520429	-8080.88
463	0.520429	-8082.67
464	0.520429	-8082.54
465	0.520429	-8078.79
466	0.520429	-8075.73
467	0.520429	-8078.89
468	0.520429	-8069.4
469	0.520429	-8062.95
470	0.520429	-8068.21
471	0.520429	-8065.76
472	0.520429	-8073.05
473	0.520429	-8071.62
474	0.520429	-8069.62
475	0.520429	-8070.02
476	0.520429	-8075.88
477	0.520429	-8072.74
478	0.520429	-8076.12
479	0.520429	-8079.64
480	0.520429	-8070.6
481	0.520429	-8073.17
482	0.520429	-8066.88
483	0.520429	-8071.98
484	0.520429	-8082.16
485	0.520429	-8076.1
486	0.520429	-8074.27
487	0.520429	-8071.27
488	0.520429	-8084.2
489	0.520429	-8078.17
490	0.520429	-8070.67
491	0.520429	-8078.18
492	0.520429	-8075.56
493	0.520429	-8076.41
494	0.520429	-8072.21
495	0.520429	-8074.8
496	0.520429	-8085.64
497	0.520429	-8081.97
498	0.520429	-8071.46
499	0.520429	-8075.85
500	0.520429	-8070.35
501	0.520429	-8068.54
502	0.520429	-8076.37
503	0.520429	-8079.61
504	0.520429	-8081.24
505	0.520429	-8081.79
506	0.520429	-8068.51
507	0.520429	-8077.09
508	0.520429	-8079.07
509	0.520429	-8084.35
510	0.520429	-8076.01
511	0.520429	-8095.43
512	0.520429	-8081
513	0.520429	-8079.05
514	0.520429	-8076.32
515	0.520429	-8075.46
516	0.520429	-8075.87
517	0.520429	-8083.31
518	0.520429	-8087.86
519	0.520429	-8082.13
520	0.520429	-8078.08
521	0.520429	-8070.25
522	0.520429	-8076.84
523	0.520429	-8074.23
524	0.520429	-8079.08
525	0.520429	-8078.32
526	0.520429	-8083.98
527	0.520429	-8075.03
528	0.520429	-8077.82
529	0.520429	-8077.58
530	0.520429	-8079.49
531	0.520429	-8079.1
532	0.520429	-8075.71
533	0.520429	-8078.85
534	0.520429	-8085.12
535	0.520429	-8074.11
536	0.520429	-8072.82
537	0.520429	-8071.74
538	0.520429	-8084.1
539	0.520429	-8081.93
540	0.520429	-8078.14
541	0.520429	-8078.83
542	0.520429	-8071.79
543	0.520429	-8071.4
544	0.520429	-8073.17
545	0.520429	-8078.26
546	0.520429	-8088.48
547	0.520429	-8078.63
548	0.520429	-8084.53
549	0.520429	-8078.53
550	0.520429	-8085.02
551	0.520429	-8079.82
552	0.520429	-8076.6
553	0.520429	-8078.53
554	0.520429	-8080.35
555	0.520429	-8084.89
556	0.520429	-8079.11
557	0.520429	-8076.85
558	0.520429	-8079.39
559	0.520429	-8079.94
560	0.520429	-8074.57
561	0.520429	-8075.37
562	0.520429	-8073.76
563	0.520429	-8078.07
564	0.520429	-8066.58
565	0.520429	-8070.5
566	0.520429	-8069.21
567	0.520429	-8064.57
568	0.520429	-8073.94
569	0.520429	-8072.38
570	0.520429	-8063.55
571	0.520429	-8067.4
572	0.520429	-8071.85
573	0.520429	-8078.27
574	0.520429	-8077.66
575	0.520429	-8080.36
576	0.520429	-8071.93
577	0.520429	-8077.67
578	0.520429	-8067.08
579	0.520429	-8072.62
580	0.520429	-8080.85
581	0.520429	-8084.22
582	0.520429	-8082.31
583	0.520429	-8086.93
584	0.520429	-8090.82
585	0.520429	-8089.89
586	0.520429	-8088.04
587	0.520429	-8072.64
588	0.520429	-8064.79
589	0.520429	-8064.45
590	0.520429	-8071.36
591	0.520429	-8068.32
592	0.520429	-8074.88
593	0.520429	-8076.87
594	0.520429	-8078.87
595	0.520429	-8072.64
596	0.520429	-8081.7
597	0.520429	-8067.14
598	0.520429	-8075.42
599	0.520429	-8075.91
600	0.520429	-8070.29
601	0.520429	-8068.97
602	0.520429	-8071.61
603	0.520429	-8069.5
604	0.520429	-8073.01
605	0.520429	-8072.82
606	0.520429	-8064.21
607	0.520429	-8080.44
608	0.520429	-8075
609	0.520429	-8076.15
610	0.520429	-8085.32
611	0.520429	-8081.4
612	0.520429	-8080.18
613	0.520429	-8091.6
614	0.520429	-8078.72
615	0.520429	-8084.27
616	0.520429	-8083.83
617	0.520429	-8077.28
618	0.520429	-8070
619	0.520429	-8081.9
620	0.520429	-8081.94
621	0.520429	-8077.63
622	0.520429	-8076.82
623	0.520429	-8074.02
624	0.520429	-8072.48
625	0.520429	-8069.27
626	0.520429	-8067.67
627	0.520429	-8066
628	0.520429	-8067.08
629	0.520429	-8065.7
630	0.520429	-8068.9
631	0.520429	-8075.46
632	0.520429	-8075.44
633	0.520429	-8076.8
634	0.520429	-8074.41
635	0.520429	-8072.07
636	0.520429	-8079.15
637	0.520429	-8084.42
638	0.520429	-8085.83
639	0.520429	-8081.96
640	0.520429	-8082.12
641	0.520429	-8088.91
642	0.520429	-8081.3
643	0.520429	-8080.63
644	0.520429	-8082.25
645	0.520429	-8091.78
646	0.520429	-8084.88
647	0.520429	-8077.27
648	0.520429	-8077.85
649	0.520429	-8072.88
650	0.520429	-8070.01
651	0.520429	-8069.46
652	0.520429	-8067.92
653	0.520429	-8066.08
654	0.520429	-8073.71
655	0.520429	-8071.1
656	0.520429	-8068.32
657	0.520429	-8076.55
658	0.520429	-8065.52
659	0.520429	-8062.84
660	0.520429	-8075.14
661	0.520429	-8075.11
662	0.520429	-8076.71
663	0.520429	-8077.58
664	0.520429	-8070.41
665	0.520429	-8081.55
666	0.520429	-8082.63
667	0.520429	-8074.33
668	0.520429	-8070.71
669	0.520429	-8073.98
670	0.520429	-8073.54
671	0.520429	-8071.75
672	0.520429	-8075.87
673	0.520429	-8070.33
674	0.520429	-8078.16
675	0.520429	-8076.22
676	0.520429	-8079.02
677	0.520429	-8073.87
678	0.520429	-8070.3
679	0.520429	-8076.41
680	0.520429	-8078.54
681	0.520429	-8078.68
682	0.520429	-8083.12
683	0.520429	-8073.35
684	0.520429	-8073.3
685	0.520429	-8068.43
686	0.520429	-8073.36
687	0.520429	-8071.26
688	0.520429	-8078.05
689	0.520429	-8078.33
690	0.520429	-8075.1
691	0.520429	-8075.11
692	0.520429	-8081.24
693	0.520429	-8072.98
694	0.520429	-8075.06
695	0.520429	-8073.64
696	0.520429	-8074.97
697	0.520429	-8084.59
698	0.520429	-8082.33
699	0.520429	-8076.49
700	0.520429	-8082.87
701	0.520429	-8075.03
702	0.520429	-8075.76
703	0.520429	-8077.8
704	0.520429	-8083.65
705	0.520429	-8078.78
706	0.520429	-8085.71
707	0.520429	-8071.54
708	0.520429	-8079.11
709	0.520429	-8080.77
710	0.520429	-8073.6
711	0.520429	-8077.81
712	0.520429	-8080.91
713	0.520429	-8086.38
714	0.520429	-8090.2
715	0.520429	-8080.02
716	0.520429	-8070.7
717	0.520429	-8074.8
718	0.520429	-8076.36
719	0.520429	-8071.4
720	0.520429	-8076.18
721	0.520429	-8092.71
722	0.520429	-8081.25
723	0.520429	-8072.97
724	0.520429	-8074.52
725	0.520429	-8077.12
726	0.520429	-8068.1
727	0.520429	-8068.4
728	0.520429	-8067.45
729	0.520429	-8069.95
730	0.520429	-8076.38
731	0.520429	-8070.24
732	0.520429	-8079.93
733	0.520429	-8086.84
734	0.520429	-8082.86
735	0.520429	-8074.43
736	0.520429	-8076.88
737	0.520429	-8076.16
738	0.520429	-8069.61
739	0.520429	-8070.22
740	0.520429	-8072.33
741	0.520429	-8075.09
742	0.520429	-8082.38
743	0.520429	-8077.51
744	0.520429	-8093.07
745	0.520429	-8091.74
746	0.520429	-8088.82
747	0.520429	-8086.85
748	0.520429	-8075.3
749	0.520429	-8086.6
750	0.520429	-8080.65
751	0.520429	-8072.95
752	0.520429	-8065.44
753	0.520429	-8065.33
754	0.520429	-8065.17
755	0.520429	-8068.25
756	0.520429	-8070.63
757	0.520429	-8072.39
758	0.520429	-8076.44
759	0.520429	-8065.17
760	0.520429	-8075.02
761	0.520429	-8079.85
762	0.520429	-8068.89
763	0.520429	-8070.58
764	0.520429	-8069.23
765	0.520429	-8068.78
766	0.520429	-8077.76
767	0.520429	-8081.65
768	0.520429	-8082.21
769	0.520429	-8079.04
770	0.520429	-8078.78
771	0.520429	-8071.18
772	0.520429	-8080.64
773	0.520429	-8090.35
774	0.520429	-8078.71
775	0.520429	-8090.45
776	0.520429	-8081.78
777	0.520429	-8072.95
778	0.520429	-8074.56
779	0.520429	-8073.23
780	0.520429	-8084.1
781	0.520429	-8073.41
782	0.520429	-8074.84
783	0.520429	-8069.8
784	0.520429	-8070.17
785	0.520429	-8070.04
786	0.520429	-8075.03
787	0.520429	-8093.65
788	0.520429	-8089.68
789	0.520429	-8081.44
790	0.520429	-8071.25
791	0.520429	-8083.29
792	0.520429	-8080.4
793	0.520429	-8080.63
794	0.520429	-8072.92
795	0.520429	-8069.92
796	0.520429	-8073.99
797	0.520429	-8067.41
798	0.520429	-8077.9
799	0.520429	-8084.05
800	0.520429	-8087.35
801	0.520429	-8087.83
802	0.520429	-8090.47
803	0.520429	-8082.48
804	0.520429	-8073.4
805	0.520429	-8080.41
806	0.520429	-8082.76
807	0.520429	-8084.5
808	0.520429	-8082.76
809	0.520429	-8069.07
810	0.520429	-8074.51
811	0.520429	-8078.13
812	0.520429	-8089.81
813	0.520429	-8083.4
814	0.520429	-8070.18
815	0.520429	-8065.13
816	0.520429	-8062.04
817	0.520429	-8067.12
818	0.520429	-8077.49
819	0.520429	-8079.28
820	0.520429	-8077.96
821	0.520429	-8082.66
822	0.520429	-8077.72
823	0.520429	-8070.38
824	0.520429	-8070.99
825	0.520429	-8074.29
826	0.520429	-8076.52
827	0.520429	-8064.06
828	0.520429	-8071.18
829	0.520429	-8071.51
830	0.520429	-8071.12
831	0.520429	-8066.39
832	0.520429	-8069.8
833	0.520429	-8079.89
834	0.520429	-8088.03
835	0.520429	-8077.31
836	0.520429	-8070.69
837	0.520429	-8084.11
838	0.520429	-8075.85
839	0.520429	-8082.66
840	0.520429	-8087.2
841	0.520429	-8081.42
842	0.520429	-8080.96
843	0.520429	-8083.46
844	0.520429	-8080.29
845	0.520429	-8072.19
846	0.520429	-8087.19
847	0.520429	-8082.47
848	0.520429	-8077.6
849	0.520429	-8075.82
850	0.520429	-8070.16
851	0.520429	-8084.5
852	0.520429	-8082.2
853	0.520429	-8078.57
854	0.520429	-8087.02
855	0.520429	-8088.76
856	0.520429	-8081.58
857	0.520429	-8087.19
858	0.520429	-8088.1
859	0.520429	-8071.38
860	0.520429	-8081.46
861	0.520429	-8084.47
862	0.520429	-8073.03
863	0.520429	-8075.93
864	0.520429	-8061.87
865	0.520429	-8068.83
866	0.520429	-8069.83
867	0.520429	-8073.89
868	0.520429	-8085.25
869	0.520429	-8090.17
870	0.520429	-8091.29
871	0.520429	-8089.28
872	0.520429	-8094.97
873	0.520429	-8100.82
874	0.520429	-8093.68
875	0.520429	-8081.3
876	0.520429	-8077.84
877	0.520429	-8066.05
878	0.520429	-8076.06
879	0.520429	-8070.89
880	0.520429	-8082.7
881	0.520429	-8082.71
882	0.520429	-8077.02
883	0.520429	-8075.13
884	0.520429	-8074.71
885	0.520429	-8073.88
886	0.520429	-8081.34
887	0.520429	-8085.37
888	0.520429	-8090.45
889	0.520429	-8087.47
890	0.520429	-8093.4
891	0.520429	-8090.5
892	0.520429	-8101.03
893	0.520429	-8073.08
894	0.520429	-8079.21
895	0.520429	-8084.61
896	0.520429	-8093.85
897	0.520429	-8090.64
898	0.520429	-8098.24
899	0.520429	-8094.08
900	0.520429	-8081.34
901	0.520429	-8076.91
902	0.520429	-8078.89
903	0.520429	-8079.21
904	0.520429	-8078.44
905	0.520429	-8074.16
906	0.520429	-8079.87
907	0.520429	-8077.37
908	0.520429	-8075.76
909	0.520429	-8074.54
910	0.520429	-8067.75
911	0.520429	-8075.05
912	0.520429	-8081.81
913	0.520429	-8083.05
914	0.520429	-8069.91
915	0.520429	-8069.99
916	0.520429	-8081.05
917	0.520429	-8070.44
918	0.520429	-8073.72
919	0.520429	-8081.23
920	0.520429	-8077.38
921	0.520429	-8073.39
922	0.520429	-8066.99
923	0.520429	-8076.5
924	0.520429	-8067.66
925	0.520429	-8068.71
926	0.520429	-8071.7
927	0.520429	-8074.11
928	0.520429	-8075.52
929	0.520429	-8067.12
930	0.520429	-8068.82
931	0.520429	-8069.9
932	0.520429	-8062.83
933	0.520429	-8068.48
934	0.520429	-8087.15
935	0.520429	-8088.12
936	0.520429	-8084.95
937	0.520429	-8075.41
938	0.520429	-8074.69
939	0.520429	-8087.47
940	0.520429	-8075.01
941	0.520429	-8070.02
942	0.520429	-8062.76
943	0.520429	-8070.09
944	0.520429	-8069.67
945	0.520429	-8068.49
946	0.520429	-8067.43
947	0.520429	-8076.06
948	0.520429	-8079.58
949	0.520429	-8071.42
950	0.520429	-8073.06
951	0.520429	-8073.42
952	0.520429	-8073.2
953	0.520429	-8077.79
954	0.520429	-8067.4
955	0.520429	-8070.88
956	0.520429	-8070.14
957	0.520429	-8073.4
958	0.520429	-8079.35
959	0.520429	-8073.4
960	0.520429	-8085.78
961	0.520429	-8078.85
962	0.520429	-8077.06
963	0.520429	-8062.51
964	0.520429	-8066.01
965	0.520429	-8066.65
966	0.520429	-8072.67
967	0.520429	-8082.72
968	0.520429	-8080.09
969	0.520429	-8078.4
970	0.520429	-8091.8
971	0.520429	-8081.25
972	0.520429	-8079.25
973	0.520429	-8076.5
974	0.520429	-8081.87
975	0.520429	-8083.99
976	0.520429	-8079.64
977	0.520429	-8075.77
978	0.520429	-8080.55
979	0.520429	-8082.09
980	0.520429	-8081.11
981	0.520429	-8071.6
982	0.520429	-8075.17
983	0.520429	-8070.32
984	0.520429	-8071.38
985	0.520429	-8066.72
986	0.520429	-8071.58
987	0.520429	-8067.55
988	0.520429	-8068.37
989	0.520429	-8067.12
990	0.520429	-8084.18
991	0.520429	-8087.74
992	0.520429	-8071.81
993	0.520429	-8075.23
994	0.520429	-8073.1
995	0.520429	-8080.47
996	0.520429	-8065.94
997	0.520429	-8066.13
998	0.520429	-8065.03
999	0.520429	-8061.86
1000	0.520429	-8068.57
