state	power	likelihood
251	0.0420616	-8701.93
252	0.0420616	-8562.62
253	0.0420616	-8649.08
254	0.0420616	-8426.44
255	0.0420616	-8323.17
256	0.0420616	-8366.6
257	0.0420616	-8605.39
258	0.0420616	-8361.21
259	0.0420616	-8381.78
260	0.0420616	-8424.34
261	0.0420616	-8579.93
262	0.0420616	-8509.76
263	0.0420616	-8398.41
264	0.0420616	-8337.56
265	0.0420616	-8410.58
266	0.0420616	-8489.9
267	0.0420616	-8380.5
268	0.0420616	-8398.14
269	0.0420616	-8327.89
270	0.0420616	-8189.53
271	0.0420616	-8283.19
272	0.0420616	-8178.23
273	0.0420616	-8315.37
274	0.0420616	-8321.42
275	0.0420616	-8393.56
276	0.0420616	-8427.04
277	0.0420616	-8351.28
278	0.0420616	-8508.45
279	0.0420616	-8507.57
280	0.0420616	-8613.7
281	0.0420616	-8499.94
282	0.0420616	-8392.79
283	0.0420616	-8416.88
284	0.0420616	-8495.07
285	0.0420616	-8581.15
286	0.0420616	-8561.01
287	0.0420616	-8425.92
288	0.0420616	-8536.64
289	0.0420616	-8477.66
290	0.0420616	-8502.52
291	0.0420616	-8405.87
292	0.0420616	-8404.74
293	0.0420616	-8301.17
294	0.0420616	-8439.72
295	0.0420616	-8414.43
296	0.0420616	-8531.14
297	0.0420616	-8383.87
298	0.0420616	-8403.35
299	0.0420616	-8351.13
300	0.0420616	-8276.96
301	0.0420616	-8329.94
302	0.0420616	-8280.13
303	0.0420616	-8256.84
304	0.0420616	-8327.28
305	0.0420616	-8361.8
306	0.0420616	-8323.03
307	0.0420616	-8386.51
308	0.0420616	-8417.51
309	0.0420616	-8550.66
310	0.0420616	-8528.38
311	0.0420616	-8411.22
312	0.0420616	-8542.58
313	0.0420616	-8447.69
314	0.0420616	-8361.88
315	0.0420616	-8216.53
316	0.0420616	-8312.08
317	0.0420616	-8371.89
318	0.0420616	-8326.55
319	0.0420616	-8311.12
320	0.0420616	-8456.97
321	0.0420616	-8367.78
322	0.0420616	-8432.72
323	0.0420616	-8380.84
324	0.0420616	-8564.78
325	0.0420616	-8464.79
326	0.0420616	-8337.93
327	0.0420616	-8383.15
328	0.0420616	-8423
329	0.0420616	-8349.72
330	0.0420616	-8320.5
331	0.0420616	-8367.91
332	0.0420616	-8217.69
333	0.0420616	-8398.26
334	0.0420616	-8210.44
335	0.0420616	-8211.34
336	0.0420616	-8387.24
337	0.0420616	-8415.55
338	0.0420616	-8292.79
339	0.0420616	-8331.02
340	0.0420616	-8266.49
341	0.0420616	-8363.8
342	0.0420616	-8304.63
343	0.0420616	-8368.61
344	0.0420616	-8399.25
345	0.0420616	-8359.98
346	0.0420616	-8392.73
347	0.0420616	-8367.5
348	0.0420616	-8452.04
349	0.0420616	-8361.42
350	0.0420616	-8294.39
351	0.0420616	-8388.81
352	0.0420616	-8388.55
353	0.0420616	-8385.46
354	0.0420616	-8480.55
355	0.0420616	-8438.13
356	0.0420616	-8484.45
357	0.0420616	-8466.98
358	0.0420616	-8494.96
359	0.0420616	-8446.59
360	0.0420616	-8447.48
361	0.0420616	-8332.07
362	0.0420616	-8440.93
363	0.0420616	-8416.63
364	0.0420616	-8599.04
365	0.0420616	-8431.87
366	0.0420616	-8540.84
367	0.0420616	-8416.92
368	0.0420616	-8355.32
369	0.0420616	-8267.32
370	0.0420616	-8425.17
371	0.0420616	-8367.14
372	0.0420616	-8314.51
373	0.0420616	-8498.02
374	0.0420616	-8509.76
375	0.0420616	-8488.08
376	0.0420616	-8420.09
377	0.0420616	-8505.98
378	0.0420616	-8454.03
379	0.0420616	-8416.25
380	0.0420616	-8373.24
381	0.0420616	-8310.81
382	0.0420616	-8371.25
383	0.0420616	-8266.87
384	0.0420616	-8354
385	0.0420616	-8350.95
386	0.0420616	-8258.38
387	0.0420616	-8335.45
388	0.0420616	-8315.62
389	0.0420616	-8369.3
390	0.0420616	-8344.91
391	0.0420616	-8480.62
392	0.0420616	-8437.08
393	0.0420616	-8372.88
394	0.0420616	-8321.09
395	0.0420616	-8413.53
396	0.0420616	-8452.51
397	0.0420616	-8395.84
398	0.0420616	-8306.67
399	0.0420616	-8371.11
400	0.0420616	-8341.02
401	0.0420616	-8380.11
402	0.0420616	-8509.42
403	0.0420616	-8407.83
404	0.0420616	-8363.36
405	0.0420616	-8359.86
406	0.0420616	-8424.25
407	0.0420616	-8311.11
408	0.0420616	-8472.73
409	0.0420616	-8446.75
410	0.0420616	-8577.44
411	0.0420616	-8438.72
412	0.0420616	-8374.15
413	0.0420616	-8499.66
414	0.0420616	-8383.65
415	0.0420616	-8498.85
416	0.0420616	-8391.13
417	0.0420616	-8418.86
418	0.0420616	-8394.94
419	0.0420616	-8538.39
420	0.0420616	-8554.23
421	0.0420616	-8592.25
422	0.0420616	-8477.33
423	0.0420616	-8551.92
424	0.0420616	-8509.07
425	0.0420616	-8386.28
426	0.0420616	-8338.35
427	0.0420616	-8433.05
428	0.0420616	-8487.89
429	0.0420616	-8507.97
430	0.0420616	-8304.66
431	0.0420616	-8444.48
432	0.0420616	-8450.37
433	0.0420616	-8427.14
434	0.0420616	-8340.81
435	0.0420616	-8313.4
436	0.0420616	-8286.18
437	0.0420616	-8452.05
438	0.0420616	-8307.88
439	0.0420616	-8458.27
440	0.0420616	-8538.32
441	0.0420616	-8523.97
442	0.0420616	-8400.29
443	0.0420616	-8402.78
444	0.0420616	-8309.87
445	0.0420616	-8286.34
446	0.0420616	-8261.68
447	0.0420616	-8320.07
448	0.0420616	-8348.39
449	0.0420616	-8329.45
450	0.0420616	-8334.48
451	0.0420616	-8352.58
452	0.0420616	-8442.68
453	0.0420616	-8608.38
454	0.0420616	-8439.79
455	0.0420616	-8286.28
456	0.0420616	-8414.35
457	0.0420616	-8326.51
458	0.0420616	-8367.65
459	0.0420616	-8407.37
460	0.0420616	-8423.39
461	0.0420616	-8402.34
462	0.0420616	-8417.31
463	0.0420616	-8440.48
464	0.0420616	-8317.35
465	0.0420616	-8504.11
466	0.0420616	-8318.06
467	0.0420616	-8383.22
468	0.0420616	-8522.64
469	0.0420616	-8483.03
470	0.0420616	-8489.75
471	0.0420616	-8600.41
472	0.0420616	-8483.2
473	0.0420616	-8358.02
474	0.0420616	-8478.54
475	0.0420616	-8496.87
476	0.0420616	-8517.3
477	0.0420616	-8472.63
478	0.0420616	-8506.88
479	0.0420616	-8407.2
480	0.0420616	-8475.64
481	0.0420616	-8631.48
482	0.0420616	-8575.73
483	0.0420616	-8538.44
484	0.0420616	-8355.39
485	0.0420616	-8307.38
486	0.0420616	-8395.29
487	0.0420616	-8277.92
488	0.0420616	-8353.77
489	0.0420616	-8401.87
490	0.0420616	-8377.06
491	0.0420616	-8335.2
492	0.0420616	-8420.3
493	0.0420616	-8477.81
494	0.0420616	-8396.72
495	0.0420616	-8569.16
496	0.0420616	-8364.55
497	0.0420616	-8505.26
498	0.0420616	-8458.96
499	0.0420616	-8401.05
500	0.0420616	-8483.86
501	0.0420616	-8292.03
502	0.0420616	-8230.64
503	0.0420616	-8413.37
504	0.0420616	-8427.5
505	0.0420616	-8339.88
506	0.0420616	-8429.91
507	0.0420616	-8437.71
508	0.0420616	-8348.68
509	0.0420616	-8473.96
510	0.0420616	-8360.73
511	0.0420616	-8494.05
512	0.0420616	-8371.29
513	0.0420616	-8349.89
514	0.0420616	-8310.81
515	0.0420616	-8315.38
516	0.0420616	-8363.61
517	0.0420616	-8319.26
518	0.0420616	-8290.6
519	0.0420616	-8232.59
520	0.0420616	-8298.54
521	0.0420616	-8457.3
522	0.0420616	-8255.82
523	0.0420616	-8330.49
524	0.0420616	-8337.09
525	0.0420616	-8347.83
526	0.0420616	-8367.57
527	0.0420616	-8483.73
528	0.0420616	-8328.03
529	0.0420616	-8603.32
530	0.0420616	-8427.31
531	0.0420616	-8427.69
532	0.0420616	-8510.51
533	0.0420616	-8474.54
534	0.0420616	-8510.18
535	0.0420616	-8390.17
536	0.0420616	-8311.7
537	0.0420616	-8357.09
538	0.0420616	-8401.69
539	0.0420616	-8281.65
540	0.0420616	-8360.41
541	0.0420616	-8451.96
542	0.0420616	-8397.21
543	0.0420616	-8436.41
544	0.0420616	-8458.3
545	0.0420616	-8455.36
546	0.0420616	-8386.31
547	0.0420616	-8320.43
548	0.0420616	-8516.57
549	0.0420616	-8394.64
550	0.0420616	-8339.48
551	0.0420616	-8276.64
552	0.0420616	-8341.09
553	0.0420616	-8472.58
554	0.0420616	-8459.77
555	0.0420616	-8408.5
556	0.0420616	-8413.34
557	0.0420616	-8460.35
558	0.0420616	-8346.65
559	0.0420616	-8291.46
560	0.0420616	-8348.08
561	0.0420616	-8402.81
562	0.0420616	-8376.19
563	0.0420616	-8283.83
564	0.0420616	-8273.91
565	0.0420616	-8225.84
566	0.0420616	-8373.11
567	0.0420616	-8401.64
568	0.0420616	-8380.52
569	0.0420616	-8425.62
570	0.0420616	-8358.35
571	0.0420616	-8412.88
572	0.0420616	-8389.96
573	0.0420616	-8378.03
574	0.0420616	-8307.82
575	0.0420616	-8327.13
576	0.0420616	-8316.96
577	0.0420616	-8422.55
578	0.0420616	-8401.18
579	0.0420616	-8334.01
580	0.0420616	-8420.65
581	0.0420616	-8460.4
582	0.0420616	-8736.21
583	0.0420616	-8588.97
584	0.0420616	-8699.95
585	0.0420616	-8542.97
586	0.0420616	-8652.8
587	0.0420616	-8599.29
588	0.0420616	-8457.94
589	0.0420616	-8358.76
590	0.0420616	-8334.64
591	0.0420616	-8274.4
592	0.0420616	-8239.46
593	0.0420616	-8226.87
594	0.0420616	-8225.84
595	0.0420616	-8239.5
596	0.0420616	-8271.67
597	0.0420616	-8323.27
598	0.0420616	-8361.21
599	0.0420616	-8445.21
600	0.0420616	-8356.58
601	0.0420616	-8420.41
602	0.0420616	-8334.79
603	0.0420616	-8303.34
604	0.0420616	-8304.02
605	0.0420616	-8366.72
606	0.0420616	-8379.45
607	0.0420616	-8361.27
608	0.0420616	-8251.98
609	0.0420616	-8273.23
610	0.0420616	-8366.76
611	0.0420616	-8332.73
612	0.0420616	-8501.94
613	0.0420616	-8344.52
614	0.0420616	-8273.65
615	0.0420616	-8327.65
616	0.0420616	-8368.68
617	0.0420616	-8250.73
618	0.0420616	-8217.53
619	0.0420616	-8208.61
620	0.0420616	-8262.86
621	0.0420616	-8281.87
622	0.0420616	-8443.95
623	0.0420616	-8376.67
624	0.0420616	-8379.58
625	0.0420616	-8487.68
626	0.0420616	-8394.55
627	0.0420616	-8335.77
628	0.0420616	-8328.92
629	0.0420616	-8307.62
630	0.0420616	-8398.04
631	0.0420616	-8445.26
632	0.0420616	-8411.98
633	0.0420616	-8396.19
634	0.0420616	-8331.11
635	0.0420616	-8323.99
636	0.0420616	-8375.73
637	0.0420616	-8293.65
638	0.0420616	-8320.07
639	0.0420616	-8386.74
640	0.0420616	-8543.92
641	0.0420616	-8516.57
642	0.0420616	-8548.01
643	0.0420616	-8432.34
644	0.0420616	-8404.79
645	0.0420616	-8395.66
646	0.0420616	-8309.98
647	0.0420616	-8376.59
648	0.0420616	-8317.19
649	0.0420616	-8354.06
650	0.0420616	-8339.79
651	0.0420616	-8393.41
652	0.0420616	-8331.74
653	0.0420616	-8432.71
654	0.0420616	-8271.35
655	0.0420616	-8261.46
656	0.0420616	-8287.13
657	0.0420616	-8275.02
658	0.0420616	-8326.55
659	0.0420616	-8285.5
660	0.0420616	-8310.48
661	0.0420616	-8377.36
662	0.0420616	-8351.69
663	0.0420616	-8434.91
664	0.0420616	-8221.19
665	0.0420616	-8285.55
666	0.0420616	-8394.77
667	0.0420616	-8306.05
668	0.0420616	-8353
669	0.0420616	-8260.89
670	0.0420616	-8372.02
671	0.0420616	-8342.21
672	0.0420616	-8420.98
673	0.0420616	-8285.89
674	0.0420616	-8283.88
675	0.0420616	-8201.57
676	0.0420616	-8284.89
677	0.0420616	-8308.88
678	0.0420616	-8317.15
679	0.0420616	-8416.86
680	0.0420616	-8418.23
681	0.0420616	-8311.72
682	0.0420616	-8284.16
683	0.0420616	-8314.35
684	0.0420616	-8334.65
685	0.0420616	-8252.63
686	0.0420616	-8343.49
687	0.0420616	-8453.52
688	0.0420616	-8359.97
689	0.0420616	-8332.33
690	0.0420616	-8337.06
691	0.0420616	-8320.7
692	0.0420616	-8437.33
693	0.0420616	-8241.08
694	0.0420616	-8293.22
695	0.0420616	-8380.81
696	0.0420616	-8350.48
697	0.0420616	-8414.22
698	0.0420616	-8327.77
699	0.0420616	-8402.07
700	0.0420616	-8352.72
701	0.0420616	-8422.82
702	0.0420616	-8448.09
703	0.0420616	-8400.39
704	0.0420616	-8359.75
705	0.0420616	-8337.55
706	0.0420616	-8531.24
707	0.0420616	-8551.02
708	0.0420616	-8628.96
709	0.0420616	-8388.25
710	0.0420616	-8462.73
711	0.0420616	-8465.08
712	0.0420616	-8376.1
713	0.0420616	-8328.53
714	0.0420616	-8298.34
715	0.0420616	-8336.39
716	0.0420616	-8338.76
717	0.0420616	-8447.94
718	0.0420616	-8492.77
719	0.0420616	-8472.2
720	0.0420616	-8446.85
721	0.0420616	-8272.99
722	0.0420616	-8314.25
723	0.0420616	-8271.7
724	0.0420616	-8296.08
725	0.0420616	-8324.42
726	0.0420616	-8487.84
727	0.0420616	-8502.42
728	0.0420616	-8545.09
729	0.0420616	-8444.32
730	0.0420616	-8376.51
731	0.0420616	-8549.14
732	0.0420616	-8427.19
733	0.0420616	-8558.33
734	0.0420616	-8483.97
735	0.0420616	-8401.82
736	0.0420616	-8353.46
737	0.0420616	-8318.73
738	0.0420616	-8408.41
739	0.0420616	-8449.95
740	0.0420616	-8313.34
741	0.0420616	-8356.91
742	0.0420616	-8319.69
743	0.0420616	-8287.16
744	0.0420616	-8317.22
745	0.0420616	-8396.56
746	0.0420616	-8288.07
747	0.0420616	-8350.71
748	0.0420616	-8556.25
749	0.0420616	-8446.82
750	0.0420616	-8337.97
751	0.0420616	-8405.94
752	0.0420616	-8268.92
753	0.0420616	-8248.57
754	0.0420616	-8329.72
755	0.0420616	-8417.75
756	0.0420616	-8491.07
757	0.0420616	-8343.03
758	0.0420616	-8384.33
759	0.0420616	-8387.74
760	0.0420616	-8536.22
761	0.0420616	-8472.75
762	0.0420616	-8441.88
763	0.0420616	-8507.43
764	0.0420616	-8391.73
765	0.0420616	-8351.7
766	0.0420616	-8403.49
767	0.0420616	-8445.09
768	0.0420616	-8489.41
769	0.0420616	-8446.9
770	0.0420616	-8426.19
771	0.0420616	-8314.27
772	0.0420616	-8337.6
773	0.0420616	-8338.86
774	0.0420616	-8335.81
775	0.0420616	-8330.47
776	0.0420616	-8408.71
777	0.0420616	-8449.32
778	0.0420616	-8384.26
779	0.0420616	-8463.48
780	0.0420616	-8350.17
781	0.0420616	-8377.94
782	0.0420616	-8429.81
783	0.0420616	-8400.71
784	0.0420616	-8439.76
785	0.0420616	-8414.93
786	0.0420616	-8429.12
787	0.0420616	-8469.3
788	0.0420616	-8429.33
789	0.0420616	-8432.55
790	0.0420616	-8498.31
791	0.0420616	-8444.87
792	0.0420616	-8424.03
793	0.0420616	-8465.98
794	0.0420616	-8518.96
795	0.0420616	-8449.79
796	0.0420616	-8397.1
797	0.0420616	-8397.44
798	0.0420616	-8441.71
799	0.0420616	-8436.1
800	0.0420616	-8373.18
801	0.0420616	-8253.51
802	0.0420616	-8285.8
803	0.0420616	-8295.92
804	0.0420616	-8413.45
805	0.0420616	-8413.28
806	0.0420616	-8430.62
807	0.0420616	-8412.41
808	0.0420616	-8373.82
809	0.0420616	-8504.96
810	0.0420616	-8459.59
811	0.0420616	-8356.65
812	0.0420616	-8283.01
813	0.0420616	-8235.82
814	0.0420616	-8269.29
815	0.0420616	-8493
816	0.0420616	-8432.67
817	0.0420616	-8347.62
818	0.0420616	-8436.67
819	0.0420616	-8390.58
820	0.0420616	-8457.33
821	0.0420616	-8502.94
822	0.0420616	-8350.17
823	0.0420616	-8334.18
824	0.0420616	-8348.95
825	0.0420616	-8251.67
826	0.0420616	-8384.66
827	0.0420616	-8275.22
828	0.0420616	-8444.37
829	0.0420616	-8350.24
830	0.0420616	-8445.67
831	0.0420616	-8424.42
832	0.0420616	-8562.66
833	0.0420616	-8337.52
834	0.0420616	-8345.69
835	0.0420616	-8286.79
836	0.0420616	-8314.2
837	0.0420616	-8347.27
838	0.0420616	-8342.46
839	0.0420616	-8381.8
840	0.0420616	-8333.52
841	0.0420616	-8384.23
842	0.0420616	-8329.79
843	0.0420616	-8370.25
844	0.0420616	-8411.76
845	0.0420616	-8436.65
846	0.0420616	-8469.06
847	0.0420616	-8432.95
848	0.0420616	-8500.54
849	0.0420616	-8401.39
850	0.0420616	-8308.59
851	0.0420616	-8520.71
852	0.0420616	-8383.7
853	0.0420616	-8294.77
854	0.0420616	-8310.28
855	0.0420616	-8361.5
856	0.0420616	-8393.95
857	0.0420616	-8480.79
858	0.0420616	-8512.04
859	0.0420616	-8551.89
860	0.0420616	-8473.64
861	0.0420616	-8380.58
862	0.0420616	-8363.44
863	0.0420616	-8374.04
864	0.0420616	-8398.11
865	0.0420616	-8257.5
866	0.0420616	-8429
867	0.0420616	-8386.15
868	0.0420616	-8354.82
869	0.0420616	-8497.39
870	0.0420616	-8540.04
871	0.0420616	-8450.67
872	0.0420616	-8356.64
873	0.0420616	-8356.13
874	0.0420616	-8470.23
875	0.0420616	-8388.04
876	0.0420616	-8421.5
877	0.0420616	-8510.66
878	0.0420616	-8436.76
879	0.0420616	-8515.9
880	0.0420616	-8533.7
881	0.0420616	-8401.94
882	0.0420616	-8525.77
883	0.0420616	-8519.04
884	0.0420616	-8504.82
885	0.0420616	-8381.93
886	0.0420616	-8452.49
887	0.0420616	-8498.19
888	0.0420616	-8550.1
889	0.0420616	-8466.1
890	0.0420616	-8398.25
891	0.0420616	-8313.49
892	0.0420616	-8388.28
893	0.0420616	-8414.62
894	0.0420616	-8410.01
895	0.0420616	-8618.12
896	0.0420616	-8391.09
897	0.0420616	-8271.87
898	0.0420616	-8347.98
899	0.0420616	-8332.62
900	0.0420616	-8405.56
901	0.0420616	-8542.67
902	0.0420616	-8431.02
903	0.0420616	-8406.18
904	0.0420616	-8348.52
905	0.0420616	-8466.84
906	0.0420616	-8384.92
907	0.0420616	-8426.53
908	0.0420616	-8654.04
909	0.0420616	-8636.7
910	0.0420616	-8624.73
911	0.0420616	-8649.21
912	0.0420616	-8450.15
913	0.0420616	-8369.67
914	0.0420616	-8245.63
915	0.0420616	-8389.63
916	0.0420616	-8305.09
917	0.0420616	-8317.65
918	0.0420616	-8236.78
919	0.0420616	-8369.67
920	0.0420616	-8428.52
921	0.0420616	-8407.54
922	0.0420616	-8305.44
923	0.0420616	-8297.05
924	0.0420616	-8340.53
925	0.0420616	-8394.76
926	0.0420616	-8425.87
927	0.0420616	-8478.36
928	0.0420616	-8534.56
929	0.0420616	-8525.59
930	0.0420616	-8458.7
931	0.0420616	-8446.55
932	0.0420616	-8394.37
933	0.0420616	-8438.18
934	0.0420616	-8491.03
935	0.0420616	-8473.43
936	0.0420616	-8419.72
937	0.0420616	-8409.1
938	0.0420616	-8487.71
939	0.0420616	-8364.04
940	0.0420616	-8362.39
941	0.0420616	-8362.06
942	0.0420616	-8450.87
943	0.0420616	-8394.42
944	0.0420616	-8428.89
945	0.0420616	-8455.16
946	0.0420616	-8420.41
947	0.0420616	-8608.34
948	0.0420616	-8617.2
949	0.0420616	-8628
950	0.0420616	-8348.17
951	0.0420616	-8303.76
952	0.0420616	-8318.79
953	0.0420616	-8547.95
954	0.0420616	-8527.99
955	0.0420616	-8473.04
956	0.0420616	-8385.43
957	0.0420616	-8295.34
958	0.0420616	-8409.68
959	0.0420616	-8290.68
960	0.0420616	-8391.17
961	0.0420616	-8408.85
962	0.0420616	-8300.67
963	0.0420616	-8379.62
964	0.0420616	-8293.14
965	0.0420616	-8423.07
966	0.0420616	-8454.44
967	0.0420616	-8387.65
968	0.0420616	-8308.67
969	0.0420616	-8315.06
970	0.0420616	-8345.97
971	0.0420616	-8301.78
972	0.0420616	-8270.06
973	0.0420616	-8315.12
974	0.0420616	-8265.99
975	0.0420616	-8326.5
976	0.0420616	-8224.72
977	0.0420616	-8332.74
978	0.0420616	-8378.73
979	0.0420616	-8408.84
980	0.0420616	-8559.82
981	0.0420616	-8410.8
982	0.0420616	-8363.93
983	0.0420616	-8451.67
984	0.0420616	-8352.23
985	0.0420616	-8599.17
986	0.0420616	-8459.16
987	0.0420616	-8374.18
988	0.0420616	-8382.1
989	0.0420616	-8360.66
990	0.0420616	-8366.4
991	0.0420616	-8416.91
992	0.0420616	-8310.05
993	0.0420616	-8415.66
994	0.0420616	-8291.14
995	0.0420616	-8339.55
996	0.0420616	-8324.91
997	0.0420616	-8271.72
998	0.0420616	-8365.13
999	0.0420616	-8371.96
1000	0.0420616	-8345.5
