state	power	likelihood
251	0.00268829	-10327.8
252	0.00268829	-9962.57
253	0.00268829	-11312.2
254	0.00268829	-10165.9
255	0.00268829	-10359.5
256	0.00268829	-10742.5
257	0.00268829	-10768.9
258	0.00268829	-10630.4
259	0.00268829	-11482.5
260	0.00268829	-11442.2
261	0.00268829	-10268.4
262	0.00268829	-10217.8
263	0.00268829	-9861.07
264	0.00268829	-9818.16
265	0.00268829	-9771.48
266	0.00268829	-10090.3
267	0.00268829	-10609.4
268	0.00268829	-9804.99
269	0.00268829	-10266.7
270	0.00268829	-10225.1
271	0.00268829	-10482.1
272	0.00268829	-9715.13
273	0.00268829	-9978.28
274	0.00268829	-9630.95
275	0.00268829	-10324.7
276	0.00268829	-9703.65
277	0.00268829	-10300
278	0.00268829	-10054.6
279	0.00268829	-9632.78
280	0.00268829	-9750.59
281	0.00268829	-9905.63
282	0.00268829	-10244.1
283	0.00268829	-11178.5
284	0.00268829	-9724.69
285	0.00268829	-9405.52
286	0.00268829	-9557.25
287	0.00268829	-10187.7
288	0.00268829	-9992.6
289	0.00268829	-10110.6
290	0.00268829	-10157.7
291	0.00268829	-10174.5
292	0.00268829	-9985.02
293	0.00268829	-10389.8
294	0.00268829	-10041.1
295	0.00268829	-9683.94
296	0.00268829	-10218.7
297	0.00268829	-10924.6
298	0.00268829	-10834.6
299	0.00268829	-11064.8
300	0.00268829	-10824.2
301	0.00268829	-9667.03
302	0.00268829	-10924
303	0.00268829	-9060.71
304	0.00268829	-10203.2
305	0.00268829	-10682.4
306	0.00268829	-10778
307	0.00268829	-10352.5
308	0.00268829	-10180.3
309	0.00268829	-9511.03
310	0.00268829	-11694.1
311	0.00268829	-11199.2
312	0.00268829	-10171.2
313	0.00268829	-10731.9
314	0.00268829	-11360.5
315	0.00268829	-10274.5
316	0.00268829	-9703.48
317	0.00268829	-9724.18
318	0.00268829	-9452.86
319	0.00268829	-10296
320	0.00268829	-9348.78
321	0.00268829	-11010.1
322	0.00268829	-10423.7
323	0.00268829	-10110.2
324	0.00268829	-11702.3
325	0.00268829	-10152.1
326	0.00268829	-10271.1
327	0.00268829	-10346.9
328	0.00268829	-9763.68
329	0.00268829	-9867.81
330	0.00268829	-10085.5
331	0.00268829	-9721.83
332	0.00268829	-10494.5
333	0.00268829	-10051.4
334	0.00268829	-9978.22
335	0.00268829	-11170.3
336	0.00268829	-11512.8
337	0.00268829	-10481.8
338	0.00268829	-10725.2
339	0.00268829	-10033
340	0.00268829	-10434.7
341	0.00268829	-10879.1
342	0.00268829	-9514.67
343	0.00268829	-10242.7
344	0.00268829	-9768.64
345	0.00268829	-9779.82
346	0.00268829	-10578.4
347	0.00268829	-10061.3
348	0.00268829	-10718.1
349	0.00268829	-10929.7
350	0.00268829	-9810.53
351	0.00268829	-10179.3
352	0.00268829	-9583.19
353	0.00268829	-9411.47
354	0.00268829	-9238.56
355	0.00268829	-9721.36
356	0.00268829	-9587.09
357	0.00268829	-10560.1
358	0.00268829	-10051.4
359	0.00268829	-9952.89
360	0.00268829	-11884.9
361	0.00268829	-10392.7
362	0.00268829	-10141.5
363	0.00268829	-11063.8
364	0.00268829	-10745.8
365	0.00268829	-10435.5
366	0.00268829	-10659
367	0.00268829	-10750.3
368	0.00268829	-10104.4
369	0.00268829	-9654.69
370	0.00268829	-9209.3
371	0.00268829	-10087.5
372	0.00268829	-10248.4
373	0.00268829	-10176.2
374	0.00268829	-10428
375	0.00268829	-9849.63
376	0.00268829	-10776.5
377	0.00268829	-10987.5
378	0.00268829	-10500.6
379	0.00268829	-9093.16
380	0.00268829	-10157.3
381	0.00268829	-10715.8
382	0.00268829	-10219.4
383	0.00268829	-10450.2
384	0.00268829	-10758.8
385	0.00268829	-9976.46
386	0.00268829	-9903.59
387	0.00268829	-10157.1
388	0.00268829	-10228.6
389	0.00268829	-9821.71
390	0.00268829	-9916.44
391	0.00268829	-10078
392	0.00268829	-10580
393	0.00268829	-10055.1
394	0.00268829	-9378.58
395	0.00268829	-10529.1
396	0.00268829	-10527.6
397	0.00268829	-9914.27
398	0.00268829	-10773.1
399	0.00268829	-10953.6
400	0.00268829	-10808.8
401	0.00268829	-10438.8
402	0.00268829	-11193.8
403	0.00268829	-10279.5
404	0.00268829	-10111.2
405	0.00268829	-10948.8
406	0.00268829	-10464.7
407	0.00268829	-10193.1
408	0.00268829	-10350.1
409	0.00268829	-9743.34
410	0.00268829	-10094.7
411	0.00268829	-9843.34
412	0.00268829	-10434.8
413	0.00268829	-9804.93
414	0.00268829	-9745.47
415	0.00268829	-9999.11
416	0.00268829	-10188.3
417	0.00268829	-10364.7
418	0.00268829	-9874.24
419	0.00268829	-10258.3
420	0.00268829	-10708.5
421	0.00268829	-9667.58
422	0.00268829	-9889.3
423	0.00268829	-11073.2
424	0.00268829	-11102.6
425	0.00268829	-9963.38
426	0.00268829	-10674.6
427	0.00268829	-9869.92
428	0.00268829	-9536.7
429	0.00268829	-10743.3
430	0.00268829	-9967.82
431	0.00268829	-10188.1
432	0.00268829	-10455.9
433	0.00268829	-9862.81
434	0.00268829	-10417.2
435	0.00268829	-10915.5
436	0.00268829	-9823.93
437	0.00268829	-9868.65
438	0.00268829	-11104.5
439	0.00268829	-11644.7
440	0.00268829	-9943.7
441	0.00268829	-9055.81
442	0.00268829	-10190.3
443	0.00268829	-9733.45
444	0.00268829	-10113.2
445	0.00268829	-9578.58
446	0.00268829	-10671.5
447	0.00268829	-10421.5
448	0.00268829	-10595.3
449	0.00268829	-10207.6
450	0.00268829	-10883.7
451	0.00268829	-11291.2
452	0.00268829	-10961.5
453	0.00268829	-9270.73
454	0.00268829	-9948.74
455	0.00268829	-10382.3
456	0.00268829	-10108
457	0.00268829	-10494.6
458	0.00268829	-10531.3
459	0.00268829	-10887.7
460	0.00268829	-9791.6
461	0.00268829	-10184.6
462	0.00268829	-9746.46
463	0.00268829	-10347.3
464	0.00268829	-10462
465	0.00268829	-9978.92
466	0.00268829	-10258.6
467	0.00268829	-10069.8
468	0.00268829	-9873.96
469	0.00268829	-11285.7
470	0.00268829	-10298.4
471	0.00268829	-9637.35
472	0.00268829	-10213.8
473	0.00268829	-9999.2
474	0.00268829	-8832.88
475	0.00268829	-10545.7
476	0.00268829	-10500.1
477	0.00268829	-10643.9
478	0.00268829	-9926.82
479	0.00268829	-9622.66
480	0.00268829	-9774.17
481	0.00268829	-10304
482	0.00268829	-10223.4
483	0.00268829	-9837.88
484	0.00268829	-10273.5
485	0.00268829	-9898.64
486	0.00268829	-9918.67
487	0.00268829	-9905.57
488	0.00268829	-11461.3
489	0.00268829	-11471.5
490	0.00268829	-9741.04
491	0.00268829	-10679.7
492	0.00268829	-11001.4
493	0.00268829	-10688.1
494	0.00268829	-10374.5
495	0.00268829	-9727.15
496	0.00268829	-10364.5
497	0.00268829	-10326
498	0.00268829	-10604.8
499	0.00268829	-9451.58
500	0.00268829	-10398.4
501	0.00268829	-10588.3
502	0.00268829	-10564.1
503	0.00268829	-10508
504	0.00268829	-10212.9
505	0.00268829	-10241
506	0.00268829	-10258.3
507	0.00268829	-9909.13
508	0.00268829	-11104.1
509	0.00268829	-10036
510	0.00268829	-10721.4
511	0.00268829	-11106.8
512	0.00268829	-10452.4
513	0.00268829	-10907.9
514	0.00268829	-10182.8
515	0.00268829	-11042.4
516	0.00268829	-9771.48
517	0.00268829	-11190.8
518	0.00268829	-10346.1
519	0.00268829	-10323.3
520	0.00268829	-10406.5
521	0.00268829	-10618.2
522	0.00268829	-10034.6
523	0.00268829	-9634.95
524	0.00268829	-9683.02
525	0.00268829	-9535.2
526	0.00268829	-9046.38
527	0.00268829	-9866.02
528	0.00268829	-9623.46
529	0.00268829	-10431.3
530	0.00268829	-10512.6
531	0.00268829	-9327.54
532	0.00268829	-9769.56
533	0.00268829	-9861.13
534	0.00268829	-9833.71
535	0.00268829	-9854.39
536	0.00268829	-10702
537	0.00268829	-9949.6
538	0.00268829	-9981.89
539	0.00268829	-10105.2
540	0.00268829	-9577.89
541	0.00268829	-9662.97
542	0.00268829	-9904.74
543	0.00268829	-10390.1
544	0.00268829	-10197.7
545	0.00268829	-11778.5
546	0.00268829	-10476.8
547	0.00268829	-11148.8
548	0.00268829	-10444.7
549	0.00268829	-10286.2
550	0.00268829	-10592.4
551	0.00268829	-9880.14
552	0.00268829	-9703.16
553	0.00268829	-10019.5
554	0.00268829	-10488.6
555	0.00268829	-10343.3
556	0.00268829	-10745.9
557	0.00268829	-10819.8
558	0.00268829	-10119.4
559	0.00268829	-10451.4
560	0.00268829	-10756.1
561	0.00268829	-10958.2
562	0.00268829	-10469.9
563	0.00268829	-10450.9
564	0.00268829	-11087.5
565	0.00268829	-10682.8
566	0.00268829	-10794.9
567	0.00268829	-10469.6
568	0.00268829	-9928.97
569	0.00268829	-10470
570	0.00268829	-9337.68
571	0.00268829	-10449.6
572	0.00268829	-10982.5
573	0.00268829	-10987.5
574	0.00268829	-10781.7
575	0.00268829	-10390.2
576	0.00268829	-11170.4
577	0.00268829	-10690.2
578	0.00268829	-11514.3
579	0.00268829	-10681
580	0.00268829	-11922.4
581	0.00268829	-11281.9
582	0.00268829	-10739.7
583	0.00268829	-12251.5
584	0.00268829	-10594.4
585	0.00268829	-10551.9
586	0.00268829	-10623.2
587	0.00268829	-9964.47
588	0.00268829	-9974.63
589	0.00268829	-11361.5
590	0.00268829	-10527.5
591	0.00268829	-10765
592	0.00268829	-10562.9
593	0.00268829	-9956.52
594	0.00268829	-9328.95
595	0.00268829	-10342.3
596	0.00268829	-9080.69
597	0.00268829	-10371.1
598	0.00268829	-10084
599	0.00268829	-11579.9
600	0.00268829	-11448.3
601	0.00268829	-10788.2
602	0.00268829	-11571.4
603	0.00268829	-10632.6
604	0.00268829	-10068.7
605	0.00268829	-10494.1
606	0.00268829	-10672.6
607	0.00268829	-11276.4
608	0.00268829	-10193.4
609	0.00268829	-10018.1
610	0.00268829	-10395.6
611	0.00268829	-10026.8
612	0.00268829	-9718.78
613	0.00268829	-10549.1
614	0.00268829	-11091
615	0.00268829	-11112.8
616	0.00268829	-10099.1
617	0.00268829	-10553.4
618	0.00268829	-10142.5
619	0.00268829	-10251.4
620	0.00268829	-10571.1
621	0.00268829	-9878.84
622	0.00268829	-9819.63
623	0.00268829	-10261.3
624	0.00268829	-9805.89
625	0.00268829	-9469.6
626	0.00268829	-10066.4
627	0.00268829	-9833.45
628	0.00268829	-10469.7
629	0.00268829	-10708.9
630	0.00268829	-9397.57
631	0.00268829	-10431.7
632	0.00268829	-9838.04
633	0.00268829	-10417.6
634	0.00268829	-9501
635	0.00268829	-9466.65
636	0.00268829	-10677.2
637	0.00268829	-11050.7
638	0.00268829	-10345.3
639	0.00268829	-10238
640	0.00268829	-10121.7
641	0.00268829	-10586.8
642	0.00268829	-9918.84
643	0.00268829	-9265.06
644	0.00268829	-9403.85
645	0.00268829	-9719.47
646	0.00268829	-10760.4
647	0.00268829	-9989.72
648	0.00268829	-9538.59
649	0.00268829	-10010.4
650	0.00268829	-11363.2
651	0.00268829	-10409.5
652	0.00268829	-10604.5
653	0.00268829	-9882.75
654	0.00268829	-10203.9
655	0.00268829	-10556.3
656	0.00268829	-10225.8
657	0.00268829	-10550.7
658	0.00268829	-9960.01
659	0.00268829	-9542.65
660	0.00268829	-9852.06
661	0.00268829	-9236.28
662	0.00268829	-9979.32
663	0.00268829	-10450.4
664	0.00268829	-9751.1
665	0.00268829	-10647.4
666	0.00268829	-11685.7
667	0.00268829	-10788
668	0.00268829	-9591.8
669	0.00268829	-10630.3
670	0.00268829	-10334.9
671	0.00268829	-9985.32
672	0.00268829	-10085.3
673	0.00268829	-10018.8
674	0.00268829	-10038.2
675	0.00268829	-10541.2
676	0.00268829	-9850.53
677	0.00268829	-10490.8
678	0.00268829	-11405.9
679	0.00268829	-10242.9
680	0.00268829	-10744.4
681	0.00268829	-9980.22
682	0.00268829	-10673
683	0.00268829	-9851.18
684	0.00268829	-10349.5
685	0.00268829	-10127.7
686	0.00268829	-9650.08
687	0.00268829	-9734.66
688	0.00268829	-10350.9
689	0.00268829	-10039
690	0.00268829	-10036.5
691	0.00268829	-10752.3
692	0.00268829	-10704.5
693	0.00268829	-10532.9
694	0.00268829	-10677.4
695	0.00268829	-9984.51
696	0.00268829	-10990
697	0.00268829	-11561.5
698	0.00268829	-11066.2
699	0.00268829	-10493.2
700	0.00268829	-10845.8
701	0.00268829	-10076.6
702	0.00268829	-10383.2
703	0.00268829	-10736.1
704	0.00268829	-10838
705	0.00268829	-10429.2
706	0.00268829	-11103.3
707	0.00268829	-11837.5
708	0.00268829	-11023.1
709	0.00268829	-11269.6
710	0.00268829	-10506.6
711	0.00268829	-11177
712	0.00268829	-11426.5
713	0.00268829	-11177.4
714	0.00268829	-10733.1
715	0.00268829	-10542.3
716	0.00268829	-10083.1
717	0.00268829	-10880.9
718	0.00268829	-10985.3
719	0.00268829	-9892.73
720	0.00268829	-10820.7
721	0.00268829	-10475.2
722	0.00268829	-10458.5
723	0.00268829	-10311
724	0.00268829	-10296.4
725	0.00268829	-9993.8
726	0.00268829	-10853.7
727	0.00268829	-10667.7
728	0.00268829	-11573.3
729	0.00268829	-10822.7
730	0.00268829	-10663.1
731	0.00268829	-11478.9
732	0.00268829	-10216
733	0.00268829	-11290.7
734	0.00268829	-11148.4
735	0.00268829	-9774.26
736	0.00268829	-9867.44
737	0.00268829	-10598.2
738	0.00268829	-9876.57
739	0.00268829	-9388.85
740	0.00268829	-9529.14
741	0.00268829	-10494.3
742	0.00268829	-9983.94
743	0.00268829	-10662
744	0.00268829	-9999
745	0.00268829	-9761.37
746	0.00268829	-10849.3
747	0.00268829	-9725.09
748	0.00268829	-9969.08
749	0.00268829	-9754.9
750	0.00268829	-10323
751	0.00268829	-9501.79
752	0.00268829	-10677.5
753	0.00268829	-9562.55
754	0.00268829	-10231.9
755	0.00268829	-10296.2
756	0.00268829	-11080.6
757	0.00268829	-9877.14
758	0.00268829	-10365.5
759	0.00268829	-11487.3
760	0.00268829	-10787
761	0.00268829	-9764.6
762	0.00268829	-9809.33
763	0.00268829	-11224.7
764	0.00268829	-11038
765	0.00268829	-10785.5
766	0.00268829	-10491.7
767	0.00268829	-10571.7
768	0.00268829	-10554.5
769	0.00268829	-9753.17
770	0.00268829	-10531.6
771	0.00268829	-10317.1
772	0.00268829	-9827.64
773	0.00268829	-10593.7
774	0.00268829	-10304.3
775	0.00268829	-10501.4
776	0.00268829	-10230.2
777	0.00268829	-10485.8
778	0.00268829	-10391
779	0.00268829	-10869.4
780	0.00268829	-11260.3
781	0.00268829	-11174.8
782	0.00268829	-10844.5
783	0.00268829	-10274.5
784	0.00268829	-10524.3
785	0.00268829	-10836.2
786	0.00268829	-9769.87
787	0.00268829	-10506.5
788	0.00268829	-10242.8
789	0.00268829	-9778.03
790	0.00268829	-9808.89
791	0.00268829	-9549.48
792	0.00268829	-9916.49
793	0.00268829	-10082.3
794	0.00268829	-10010.6
795	0.00268829	-10166.9
796	0.00268829	-9741.69
797	0.00268829	-10966.5
798	0.00268829	-9970.24
799	0.00268829	-10535.3
800	0.00268829	-10778.2
801	0.00268829	-10486.7
802	0.00268829	-10696.4
803	0.00268829	-9715.71
804	0.00268829	-9559.47
805	0.00268829	-10585.2
806	0.00268829	-12002.8
807	0.00268829	-11310.8
808	0.00268829	-10299.4
809	0.00268829	-10706.2
810	0.00268829	-10258.1
811	0.00268829	-10315.2
812	0.00268829	-10068.3
813	0.00268829	-11465.7
814	0.00268829	-10648.7
815	0.00268829	-10937.4
816	0.00268829	-11159.8
817	0.00268829	-10459.4
818	0.00268829	-11306.6
819	0.00268829	-9865.15
820	0.00268829	-10668.3
821	0.00268829	-9784.67
822	0.00268829	-9877.33
823	0.00268829	-10745.8
824	0.00268829	-10691.3
825	0.00268829	-10880.3
826	0.00268829	-10311.1
827	0.00268829	-10642.8
828	0.00268829	-10342.2
829	0.00268829	-10228.2
830	0.00268829	-9800.68
831	0.00268829	-10396.4
832	0.00268829	-11326.8
833	0.00268829	-11661.8
834	0.00268829	-10190.3
835	0.00268829	-10728.9
836	0.00268829	-10365.3
837	0.00268829	-9601.98
838	0.00268829	-10283.6
839	0.00268829	-10789.1
840	0.00268829	-10275.3
841	0.00268829	-10301.9
842	0.00268829	-10387.8
843	0.00268829	-10216.8
844	0.00268829	-10372.6
845	0.00268829	-10260.6
846	0.00268829	-9899.16
847	0.00268829	-10960.8
848	0.00268829	-10355.4
849	0.00268829	-10924
850	0.00268829	-9379.49
851	0.00268829	-9922.59
852	0.00268829	-9703.66
853	0.00268829	-9885.47
854	0.00268829	-10145.5
855	0.00268829	-11500.5
856	0.00268829	-11099.5
857	0.00268829	-10238.5
858	0.00268829	-10513.3
859	0.00268829	-9706.27
860	0.00268829	-9923.61
861	0.00268829	-9683.02
862	0.00268829	-10198.3
863	0.00268829	-10463.4
864	0.00268829	-10682
865	0.00268829	-10959.3
866	0.00268829	-11008.5
867	0.00268829	-9768.75
868	0.00268829	-9955.37
869	0.00268829	-10545.4
870	0.00268829	-10191.5
871	0.00268829	-10691
872	0.00268829	-10148.2
873	0.00268829	-10506.1
874	0.00268829	-9700.48
875	0.00268829	-9715.32
876	0.00268829	-10231.9
877	0.00268829	-10723.1
878	0.00268829	-10274
879	0.00268829	-10168.2
880	0.00268829	-10210.9
881	0.00268829	-9899.44
882	0.00268829	-9497.68
883	0.00268829	-10436.8
884	0.00268829	-10035.3
885	0.00268829	-10717.6
886	0.00268829	-11019.5
887	0.00268829	-10392
888	0.00268829	-10257.3
889	0.00268829	-11461.8
890	0.00268829	-10665.5
891	0.00268829	-10953.3
892	0.00268829	-10532.3
893	0.00268829	-10244.1
894	0.00268829	-9280
895	0.00268829	-9684.42
896	0.00268829	-9811.53
897	0.00268829	-9776.88
898	0.00268829	-9603.78
899	0.00268829	-10697.8
900	0.00268829	-11110.6
901	0.00268829	-11134.3
902	0.00268829	-9646.95
903	0.00268829	-9719.26
904	0.00268829	-9904.57
905	0.00268829	-9569.29
906	0.00268829	-9869.96
907	0.00268829	-10179.8
908	0.00268829	-10107.7
909	0.00268829	-10220.6
910	0.00268829	-10380.2
911	0.00268829	-9967.89
912	0.00268829	-10427.5
913	0.00268829	-10304.7
914	0.00268829	-10130.9
915	0.00268829	-9643.88
916	0.00268829	-10122.7
917	0.00268829	-10384.3
918	0.00268829	-9774.13
919	0.00268829	-9846.93
920	0.00268829	-9642.06
921	0.00268829	-11217
922	0.00268829	-10086.7
923	0.00268829	-10286
924	0.00268829	-9938.08
925	0.00268829	-10518.3
926	0.00268829	-9987.66
927	0.00268829	-10693.6
928	0.00268829	-10182
929	0.00268829	-11704.7
930	0.00268829	-10961.3
931	0.00268829	-11106.2
932	0.00268829	-10576.6
933	0.00268829	-9461.41
934	0.00268829	-10138.4
935	0.00268829	-9847.07
936	0.00268829	-9927.5
937	0.00268829	-10283
938	0.00268829	-10915.5
939	0.00268829	-10964.8
940	0.00268829	-10697.5
941	0.00268829	-10417.1
942	0.00268829	-10051.4
943	0.00268829	-9540.81
944	0.00268829	-10380
945	0.00268829	-9820.75
946	0.00268829	-9503.24
947	0.00268829	-10049.4
948	0.00268829	-10613.3
949	0.00268829	-10931.3
950	0.00268829	-11157.2
951	0.00268829	-11323.9
952	0.00268829	-11458.7
953	0.00268829	-11153.4
954	0.00268829	-10276.6
955	0.00268829	-9939.18
956	0.00268829	-9812.66
957	0.00268829	-10016.8
958	0.00268829	-10067.5
959	0.00268829	-10149.7
960	0.00268829	-9806.3
961	0.00268829	-11293.3
962	0.00268829	-10615.8
963	0.00268829	-9366.61
964	0.00268829	-9895.64
965	0.00268829	-11154.3
966	0.00268829	-10398.7
967	0.00268829	-10569.4
968	0.00268829	-9683.41
969	0.00268829	-10559.3
970	0.00268829	-10934.7
971	0.00268829	-10810.8
972	0.00268829	-11196.4
973	0.00268829	-10135.4
974	0.00268829	-10680.1
975	0.00268829	-11182.6
976	0.00268829	-10899.8
977	0.00268829	-10392.8
978	0.00268829	-10525.6
979	0.00268829	-10297.5
980	0.00268829	-10999.2
981	0.00268829	-10582
982	0.00268829	-9559.64
983	0.00268829	-10308.7
984	0.00268829	-10140.8
985	0.00268829	-10953
986	0.00268829	-10633.2
987	0.00268829	-10450.9
988	0.00268829	-10673
989	0.00268829	-10027.8
990	0.00268829	-9742.43
991	0.00268829	-10510.5
992	0.00268829	-10379.4
993	0.00268829	-10433.5
994	0.00268829	-9809.68
995	0.00268829	-11292
996	0.00268829	-10428.9
997	0.00268829	-9613.64
998	0.00268829	-9969.32
999	0.00268829	-10363.9
1000	0.00268829	-10335.3
