state	power	likelihood
251	0.0113284	-8795.96
252	0.0113284	-9152.61
253	0.0113284	-9068.46
254	0.0113284	-9141.81
255	0.0113284	-8897.46
256	0.0113284	-9072.41
257	0.0113284	-8883.28
258	0.0113284	-9243.94
259	0.0113284	-9379.17
260	0.0113284	-8887.92
261	0.0113284	-8789.87
262	0.0113284	-8695.82
263	0.0113284	-9297.94
264	0.0113284	-8846.65
265	0.0113284	-8883.65
266	0.0113284	-9011.88
267	0.0113284	-8869.24
268	0.0113284	-8687.38
269	0.0113284	-8814.47
270	0.0113284	-8914.25
271	0.0113284	-9013.08
272	0.0113284	-9237.24
273	0.0113284	-8682.48
274	0.0113284	-9350.74
275	0.0113284	-8928.44
276	0.0113284	-8751.41
277	0.0113284	-8879.59
278	0.0113284	-8943.69
279	0.0113284	-8898.59
280	0.0113284	-8680.26
281	0.0113284	-8945.42
282	0.0113284	-9233.05
283	0.0113284	-8825.06
284	0.0113284	-9029.47
285	0.0113284	-8956.54
286	0.0113284	-8500.48
287	0.0113284	-8882.83
288	0.0113284	-8714.09
289	0.0113284	-8740.5
290	0.0113284	-8834.38
291	0.0113284	-8830.53
292	0.0113284	-8596.81
293	0.0113284	-8474.41
294	0.0113284	-8792.92
295	0.0113284	-8712.97
296	0.0113284	-8730.16
297	0.0113284	-9095.2
298	0.0113284	-8996.47
299	0.0113284	-8780.5
300	0.0113284	-8848.22
301	0.0113284	-8944.75
302	0.0113284	-9355.57
303	0.0113284	-9058.47
304	0.0113284	-8903.79
305	0.0113284	-8786.86
306	0.0113284	-8815.67
307	0.0113284	-8931.19
308	0.0113284	-8657
309	0.0113284	-8606.39
310	0.0113284	-8636.17
311	0.0113284	-8461.93
312	0.0113284	-8493.04
313	0.0113284	-8738.28
314	0.0113284	-9265.16
315	0.0113284	-9135.67
316	0.0113284	-8745.32
317	0.0113284	-8601.3
318	0.0113284	-9742.27
319	0.0113284	-9223.87
320	0.0113284	-9295.98
321	0.0113284	-9199.71
322	0.0113284	-8789.18
323	0.0113284	-9056.51
324	0.0113284	-9145.51
325	0.0113284	-9646.3
326	0.0113284	-8761.83
327	0.0113284	-8700.14
328	0.0113284	-9301.89
329	0.0113284	-9252.86
330	0.0113284	-9043.17
331	0.0113284	-9414.31
332	0.0113284	-8980.04
333	0.0113284	-8948.67
334	0.0113284	-8840.35
335	0.0113284	-9567.48
336	0.0113284	-8936.78
337	0.0113284	-9029.89
338	0.0113284	-8819.48
339	0.0113284	-9069.27
340	0.0113284	-8853.13
341	0.0113284	-9282.12
342	0.0113284	-8721.54
343	0.0113284	-8804.2
344	0.0113284	-8671.99
345	0.0113284	-8711.01
346	0.0113284	-8985.98
347	0.0113284	-8979.07
348	0.0113284	-8639.01
349	0.0113284	-8745.66
350	0.0113284	-9458.35
351	0.0113284	-8908.18
352	0.0113284	-8896.05
353	0.0113284	-8866.33
354	0.0113284	-9339.81
355	0.0113284	-9153.73
356	0.0113284	-9162.06
357	0.0113284	-9259.23
358	0.0113284	-9158.95
359	0.0113284	-9597.33
360	0.0113284	-9231.79
361	0.0113284	-8966.59
362	0.0113284	-8654.63
363	0.0113284	-9369.69
364	0.0113284	-9303.78
365	0.0113284	-9247.55
366	0.0113284	-9543.33
367	0.0113284	-9741.77
368	0.0113284	-9564.15
369	0.0113284	-9229.06
370	0.0113284	-8808.96
371	0.0113284	-9637.17
372	0.0113284	-10069.3
373	0.0113284	-9215.63
374	0.0113284	-9003.64
375	0.0113284	-9105.58
376	0.0113284	-9043.8
377	0.0113284	-8829.14
378	0.0113284	-8994.61
379	0.0113284	-9426.82
380	0.0113284	-9507.31
381	0.0113284	-8997.45
382	0.0113284	-8663.18
383	0.0113284	-9020.46
384	0.0113284	-8909.35
385	0.0113284	-8858.57
386	0.0113284	-8960.63
387	0.0113284	-8768
388	0.0113284	-9069.84
389	0.0113284	-8830.62
390	0.0113284	-8795.53
391	0.0113284	-9075
392	0.0113284	-9037.22
393	0.0113284	-8840.53
394	0.0113284	-8833.38
395	0.0113284	-8738.42
396	0.0113284	-8675.67
397	0.0113284	-8830.18
398	0.0113284	-9032.56
399	0.0113284	-8756.64
400	0.0113284	-8897.45
401	0.0113284	-9404.84
402	0.0113284	-8998.89
403	0.0113284	-9210.36
404	0.0113284	-8924.16
405	0.0113284	-8940.02
406	0.0113284	-9023.97
407	0.0113284	-9403.06
408	0.0113284	-9207.08
409	0.0113284	-9000.55
410	0.0113284	-8766.18
411	0.0113284	-8861.88
412	0.0113284	-9038.55
413	0.0113284	-9108.83
414	0.0113284	-8950.38
415	0.0113284	-9026.61
416	0.0113284	-9162.9
417	0.0113284	-8643.33
418	0.0113284	-8855.47
419	0.0113284	-8631.34
420	0.0113284	-8993.71
421	0.0113284	-8994.72
422	0.0113284	-9214.52
423	0.0113284	-9347.9
424	0.0113284	-9595.2
425	0.0113284	-9626.42
426	0.0113284	-8891.84
427	0.0113284	-9065.34
428	0.0113284	-9129.55
429	0.0113284	-8877.19
430	0.0113284	-8955.16
431	0.0113284	-8933.8
432	0.0113284	-8755.46
433	0.0113284	-8732.22
434	0.0113284	-9180.28
435	0.0113284	-8756.41
436	0.0113284	-8740.72
437	0.0113284	-8911.96
438	0.0113284	-9593.4
439	0.0113284	-9035.37
440	0.0113284	-8775.94
441	0.0113284	-8737.93
442	0.0113284	-8793.8
443	0.0113284	-8966.74
444	0.0113284	-9081.68
445	0.0113284	-9294.34
446	0.0113284	-8820.43
447	0.0113284	-8775.08
448	0.0113284	-9316.56
449	0.0113284	-8805.95
450	0.0113284	-9193.25
451	0.0113284	-9135.31
452	0.0113284	-9827.43
453	0.0113284	-8999.64
454	0.0113284	-8844.3
455	0.0113284	-9445.53
456	0.0113284	-10042.8
457	0.0113284	-9488.24
458	0.0113284	-9267.51
459	0.0113284	-9492.65
460	0.0113284	-9334.92
461	0.0113284	-8998.04
462	0.0113284	-8898.96
463	0.0113284	-9281.93
464	0.0113284	-9166.5
465	0.0113284	-9369.42
466	0.0113284	-9376.05
467	0.0113284	-9337.67
468	0.0113284	-9172.6
469	0.0113284	-8983.74
470	0.0113284	-8911.11
471	0.0113284	-9103.91
472	0.0113284	-8825.5
473	0.0113284	-8791.98
474	0.0113284	-8677.96
475	0.0113284	-8927.54
476	0.0113284	-9128.57
477	0.0113284	-9027.64
478	0.0113284	-8869.73
479	0.0113284	-9119.05
480	0.0113284	-9476.81
481	0.0113284	-9317.89
482	0.0113284	-8766.67
483	0.0113284	-8883.47
484	0.0113284	-8968.18
485	0.0113284	-9264.76
486	0.0113284	-8827.65
487	0.0113284	-9135.54
488	0.0113284	-8547.2
489	0.0113284	-8863.19
490	0.0113284	-8822.12
491	0.0113284	-8746.22
492	0.0113284	-8815.53
493	0.0113284	-8883.66
494	0.0113284	-8921.91
495	0.0113284	-9025.12
496	0.0113284	-9129.32
497	0.0113284	-9169.37
498	0.0113284	-9023.71
499	0.0113284	-9139.23
500	0.0113284	-8723
501	0.0113284	-8967.93
502	0.0113284	-9249.91
503	0.0113284	-9141.73
504	0.0113284	-9034.34
505	0.0113284	-8866.81
506	0.0113284	-8737.9
507	0.0113284	-9202.82
508	0.0113284	-9015.04
509	0.0113284	-9151.93
510	0.0113284	-8674.34
511	0.0113284	-8770.42
512	0.0113284	-8817.8
513	0.0113284	-8740.08
514	0.0113284	-8779.92
515	0.0113284	-8890.59
516	0.0113284	-8634.7
517	0.0113284	-9122.1
518	0.0113284	-9198.59
519	0.0113284	-8991.52
520	0.0113284	-8581.17
521	0.0113284	-8653.11
522	0.0113284	-8441.84
523	0.0113284	-9084.58
524	0.0113284	-8647.01
525	0.0113284	-8741.61
526	0.0113284	-9039.33
527	0.0113284	-8984.5
528	0.0113284	-8736.98
529	0.0113284	-8777.03
530	0.0113284	-8848.59
531	0.0113284	-8773.27
532	0.0113284	-9100.44
533	0.0113284	-8892.17
534	0.0113284	-9111.17
535	0.0113284	-9034.76
536	0.0113284	-8677.84
537	0.0113284	-8790.27
538	0.0113284	-8755.94
539	0.0113284	-9358.68
540	0.0113284	-9409.26
541	0.0113284	-9110.67
542	0.0113284	-9345.36
543	0.0113284	-8957.8
544	0.0113284	-8912.19
545	0.0113284	-8756.44
546	0.0113284	-9081.71
547	0.0113284	-9387.44
548	0.0113284	-9113.41
549	0.0113284	-9123.45
550	0.0113284	-8846.83
551	0.0113284	-8878.21
552	0.0113284	-8863.19
553	0.0113284	-8939.82
554	0.0113284	-8822.13
555	0.0113284	-8864.99
556	0.0113284	-8575.87
557	0.0113284	-9005.38
558	0.0113284	-8834.6
559	0.0113284	-8968.86
560	0.0113284	-9050.68
561	0.0113284	-9267.39
562	0.0113284	-9288.95
563	0.0113284	-9311.67
564	0.0113284	-9093.46
565	0.0113284	-9322.95
566	0.0113284	-8888.56
567	0.0113284	-8932.68
568	0.0113284	-8826.45
569	0.0113284	-9026.93
570	0.0113284	-9195.32
571	0.0113284	-9361.8
572	0.0113284	-8987.7
573	0.0113284	-8689.25
574	0.0113284	-8583.24
575	0.0113284	-9018.86
576	0.0113284	-8902.65
577	0.0113284	-9395.76
578	0.0113284	-8956.34
579	0.0113284	-8884.35
580	0.0113284	-9564.72
581	0.0113284	-8634.59
582	0.0113284	-8733.17
583	0.0113284	-8819.5
584	0.0113284	-8587.15
585	0.0113284	-9045.15
586	0.0113284	-9641.15
587	0.0113284	-9091.24
588	0.0113284	-8904.21
589	0.0113284	-8823.67
590	0.0113284	-9158.58
591	0.0113284	-8977.86
592	0.0113284	-9124.73
593	0.0113284	-9514.42
594	0.0113284	-9142.36
595	0.0113284	-9399.29
596	0.0113284	-8675.07
597	0.0113284	-8643.09
598	0.0113284	-8832.81
599	0.0113284	-9168.95
600	0.0113284	-8893.55
601	0.0113284	-8984.37
602	0.0113284	-8828.6
603	0.0113284	-8810.74
604	0.0113284	-9174.27
605	0.0113284	-8899.9
606	0.0113284	-8931.34
607	0.0113284	-8769.08
608	0.0113284	-8710.39
609	0.0113284	-8681.44
610	0.0113284	-9007.77
611	0.0113284	-8947.78
612	0.0113284	-9006.92
613	0.0113284	-8811.21
614	0.0113284	-9368.01
615	0.0113284	-9120.72
616	0.0113284	-8998.7
617	0.0113284	-8664.29
618	0.0113284	-8756.52
619	0.0113284	-8867.42
620	0.0113284	-9192.83
621	0.0113284	-8834.53
622	0.0113284	-8742.89
623	0.0113284	-8647.92
624	0.0113284	-9278.74
625	0.0113284	-9083.29
626	0.0113284	-8962.33
627	0.0113284	-8775.53
628	0.0113284	-8827
629	0.0113284	-8790.47
630	0.0113284	-8722.91
631	0.0113284	-8874.11
632	0.0113284	-8962.02
633	0.0113284	-8728.25
634	0.0113284	-8872.97
635	0.0113284	-8759.83
636	0.0113284	-9061.4
637	0.0113284	-8870.15
638	0.0113284	-8742.82
639	0.0113284	-9330.63
640	0.0113284	-8826.02
641	0.0113284	-9316.47
642	0.0113284	-9081.38
643	0.0113284	-9098.6
644	0.0113284	-9457.98
645	0.0113284	-9119.19
646	0.0113284	-9096.67
647	0.0113284	-9282.74
648	0.0113284	-9316.6
649	0.0113284	-9027.86
650	0.0113284	-9077.66
651	0.0113284	-9099.56
652	0.0113284	-8981.01
653	0.0113284	-9780.81
654	0.0113284	-9189.68
655	0.0113284	-8901.93
656	0.0113284	-8867.22
657	0.0113284	-8806.38
658	0.0113284	-8623.14
659	0.0113284	-8931.31
660	0.0113284	-8745.44
661	0.0113284	-9253.43
662	0.0113284	-8766.69
663	0.0113284	-9552.98
664	0.0113284	-9318.89
665	0.0113284	-8976.54
666	0.0113284	-8870.91
667	0.0113284	-8901.57
668	0.0113284	-9320.57
669	0.0113284	-9046.47
670	0.0113284	-8958.58
671	0.0113284	-9333.19
672	0.0113284	-9129.29
673	0.0113284	-8984.43
674	0.0113284	-9151.85
675	0.0113284	-8906.23
676	0.0113284	-8783.2
677	0.0113284	-8974.9
678	0.0113284	-9476.05
679	0.0113284	-9509.99
680	0.0113284	-9316.69
681	0.0113284	-8683.65
682	0.0113284	-9140.9
683	0.0113284	-8712.77
684	0.0113284	-8866.33
685	0.0113284	-9282.31
686	0.0113284	-9378.26
687	0.0113284	-8503.02
688	0.0113284	-8553.68
689	0.0113284	-8673.84
690	0.0113284	-8712.86
691	0.0113284	-8886.04
692	0.0113284	-8696
693	0.0113284	-8958.34
694	0.0113284	-8775.53
695	0.0113284	-8965.91
696	0.0113284	-9222.41
697	0.0113284	-9251.03
698	0.0113284	-9099.79
699	0.0113284	-9042.95
700	0.0113284	-9485.67
701	0.0113284	-9165.4
702	0.0113284	-9070.12
703	0.0113284	-8863.38
704	0.0113284	-8434.35
705	0.0113284	-8678.63
706	0.0113284	-9166.83
707	0.0113284	-8684.81
708	0.0113284	-9260.14
709	0.0113284	-9329.47
710	0.0113284	-8668.98
711	0.0113284	-8945.09
712	0.0113284	-8892.48
713	0.0113284	-9131.41
714	0.0113284	-8835.15
715	0.0113284	-9063.76
716	0.0113284	-8940.18
717	0.0113284	-8809.72
718	0.0113284	-8704.89
719	0.0113284	-8657.51
720	0.0113284	-8756.87
721	0.0113284	-8704.72
722	0.0113284	-9134.02
723	0.0113284	-8634.64
724	0.0113284	-8833.66
725	0.0113284	-8861.9
726	0.0113284	-8801.69
727	0.0113284	-9169.43
728	0.0113284	-8998.12
729	0.0113284	-8891.75
730	0.0113284	-8843.88
731	0.0113284	-8782.4
732	0.0113284	-8766.79
733	0.0113284	-8751
734	0.0113284	-9103.97
735	0.0113284	-8815.9
736	0.0113284	-9093.65
737	0.0113284	-9188.66
738	0.0113284	-9120.1
739	0.0113284	-8933.47
740	0.0113284	-8579.91
741	0.0113284	-8908.68
742	0.0113284	-8796.74
743	0.0113284	-8367.62
744	0.0113284	-8681.78
745	0.0113284	-8775.72
746	0.0113284	-8742.16
747	0.0113284	-8804.09
748	0.0113284	-8946.19
749	0.0113284	-8753.27
750	0.0113284	-9388.59
751	0.0113284	-8921.15
752	0.0113284	-8720.01
753	0.0113284	-8885.42
754	0.0113284	-8814.21
755	0.0113284	-9070.85
756	0.0113284	-9452.85
757	0.0113284	-9305.21
758	0.0113284	-8731.28
759	0.0113284	-8836.6
760	0.0113284	-8556.85
761	0.0113284	-8805.01
762	0.0113284	-8965.61
763	0.0113284	-9088.71
764	0.0113284	-9513
765	0.0113284	-9213.25
766	0.0113284	-9004.78
767	0.0113284	-8913.9
768	0.0113284	-8920.6
769	0.0113284	-8907.56
770	0.0113284	-8827.76
771	0.0113284	-8993.58
772	0.0113284	-9062.7
773	0.0113284	-9756.09
774	0.0113284	-8832.58
775	0.0113284	-8952.24
776	0.0113284	-8910.97
777	0.0113284	-8794.8
778	0.0113284	-9093.02
779	0.0113284	-9011.69
780	0.0113284	-9379.4
781	0.0113284	-9113.57
782	0.0113284	-8895.94
783	0.0113284	-8856.5
784	0.0113284	-9060.13
785	0.0113284	-8728.73
786	0.0113284	-9016.15
787	0.0113284	-9378.57
788	0.0113284	-8944.27
789	0.0113284	-8833.1
790	0.0113284	-8685.99
791	0.0113284	-8690.88
792	0.0113284	-8721.73
793	0.0113284	-9247.41
794	0.0113284	-9009.22
795	0.0113284	-8746.35
796	0.0113284	-9375.05
797	0.0113284	-9228.97
798	0.0113284	-9145.65
799	0.0113284	-9098.72
800	0.0113284	-9162.61
801	0.0113284	-9118.93
802	0.0113284	-8944.68
803	0.0113284	-8717.85
804	0.0113284	-8561.09
805	0.0113284	-8829.47
806	0.0113284	-8842.7
807	0.0113284	-8809.73
808	0.0113284	-8840.89
809	0.0113284	-8637.16
810	0.0113284	-9029.88
811	0.0113284	-9622.31
812	0.0113284	-9007.63
813	0.0113284	-8933.6
814	0.0113284	-8918.88
815	0.0113284	-8628.55
816	0.0113284	-9039.53
817	0.0113284	-9491.63
818	0.0113284	-9287.99
819	0.0113284	-8881.55
820	0.0113284	-8570.19
821	0.0113284	-9101.44
822	0.0113284	-9215.99
823	0.0113284	-8855.41
824	0.0113284	-8940.9
825	0.0113284	-9081.4
826	0.0113284	-9072.9
827	0.0113284	-8862.42
828	0.0113284	-9055.65
829	0.0113284	-9119.94
830	0.0113284	-8709.71
831	0.0113284	-9251.29
832	0.0113284	-8680.16
833	0.0113284	-8949.26
834	0.0113284	-8891.81
835	0.0113284	-9048.91
836	0.0113284	-9033.11
837	0.0113284	-8685.95
838	0.0113284	-8808.81
839	0.0113284	-8912.98
840	0.0113284	-8859.06
841	0.0113284	-8890.37
842	0.0113284	-8986.19
843	0.0113284	-9088.58
844	0.0113284	-9130.34
845	0.0113284	-8925.32
846	0.0113284	-8829.73
847	0.0113284	-8811.08
848	0.0113284	-8855.55
849	0.0113284	-9040.96
850	0.0113284	-8956.22
851	0.0113284	-8918.57
852	0.0113284	-8981.85
853	0.0113284	-9029.15
854	0.0113284	-9054.22
855	0.0113284	-8758.74
856	0.0113284	-8654.59
857	0.0113284	-8712.01
858	0.0113284	-8707.49
859	0.0113284	-8843.32
860	0.0113284	-9094.71
861	0.0113284	-9303.64
862	0.0113284	-9227.38
863	0.0113284	-8866.69
864	0.0113284	-8828.68
865	0.0113284	-8809.69
866	0.0113284	-9061.94
867	0.0113284	-8984.55
868	0.0113284	-9107.18
869	0.0113284	-8920.38
870	0.0113284	-8869.47
871	0.0113284	-8912.9
872	0.0113284	-8989.08
873	0.0113284	-9236.71
874	0.0113284	-9610.54
875	0.0113284	-8843.16
876	0.0113284	-9062.06
877	0.0113284	-8852.21
878	0.0113284	-8889.17
879	0.0113284	-9072.62
880	0.0113284	-9514.92
881	0.0113284	-8773.81
882	0.0113284	-9057.94
883	0.0113284	-9065.22
884	0.0113284	-9115.52
885	0.0113284	-9015.25
886	0.0113284	-9422.26
887	0.0113284	-8917.69
888	0.0113284	-8840.41
889	0.0113284	-8535.66
890	0.0113284	-8742.75
891	0.0113284	-8829.2
892	0.0113284	-8822.74
893	0.0113284	-8666.77
894	0.0113284	-8983.14
895	0.0113284	-8762.49
896	0.0113284	-9137.12
897	0.0113284	-8840.22
898	0.0113284	-8926.63
899	0.0113284	-9115.45
900	0.0113284	-8890.28
901	0.0113284	-8962.8
902	0.0113284	-8792.22
903	0.0113284	-9250.6
904	0.0113284	-9152.38
905	0.0113284	-9125.74
906	0.0113284	-8888.01
907	0.0113284	-9058.29
908	0.0113284	-9252.35
909	0.0113284	-8863.2
910	0.0113284	-8890.8
911	0.0113284	-9187.99
912	0.0113284	-9180.49
913	0.0113284	-9261.53
914	0.0113284	-8766.56
915	0.0113284	-9047.03
916	0.0113284	-8827.55
917	0.0113284	-8804.16
918	0.0113284	-8618.7
919	0.0113284	-9189.45
920	0.0113284	-8611.68
921	0.0113284	-8738.34
922	0.0113284	-9100.91
923	0.0113284	-8841.37
924	0.0113284	-8898.86
925	0.0113284	-8711.32
926	0.0113284	-8849.75
927	0.0113284	-8878.78
928	0.0113284	-8778.6
929	0.0113284	-8819.1
930	0.0113284	-8599.05
931	0.0113284	-9126.61
932	0.0113284	-8876.91
933	0.0113284	-8698.46
934	0.0113284	-8903.12
935	0.0113284	-8797.35
936	0.0113284	-8905.95
937	0.0113284	-9230.11
938	0.0113284	-8990.47
939	0.0113284	-9090.3
940	0.0113284	-8603.78
941	0.0113284	-8794.37
942	0.0113284	-8823.24
943	0.0113284	-8955.1
944	0.0113284	-8669.1
945	0.0113284	-8854.96
946	0.0113284	-8983.67
947	0.0113284	-8879.61
948	0.0113284	-8879.56
949	0.0113284	-8704.77
950	0.0113284	-8977.97
951	0.0113284	-8961.78
952	0.0113284	-9211.57
953	0.0113284	-9121.06
954	0.0113284	-8941.63
955	0.0113284	-8947.77
956	0.0113284	-9435.61
957	0.0113284	-9240.13
958	0.0113284	-9138.16
959	0.0113284	-8984.13
960	0.0113284	-9146.32
961	0.0113284	-9046.56
962	0.0113284	-8779.41
963	0.0113284	-8694.9
964	0.0113284	-9310.42
965	0.0113284	-9225.19
966	0.0113284	-8940.49
967	0.0113284	-9193.57
968	0.0113284	-8998.46
969	0.0113284	-8777.54
970	0.0113284	-8641.96
971	0.0113284	-8634.66
972	0.0113284	-8636.15
973	0.0113284	-8763.15
974	0.0113284	-9348.49
975	0.0113284	-8754.29
976	0.0113284	-9410.23
977	0.0113284	-9165.59
978	0.0113284	-8906.19
979	0.0113284	-8733.86
980	0.0113284	-8883.32
981	0.0113284	-9033.32
982	0.0113284	-9050.28
983	0.0113284	-8923.85
984	0.0113284	-8946.09
985	0.0113284	-8807.4
986	0.0113284	-8886.85
987	0.0113284	-9000.48
988	0.0113284	-9096.85
989	0.0113284	-9395.54
990	0.0113284	-9359.41
991	0.0113284	-8736.68
992	0.0113284	-8861.19
993	0.0113284	-8840.63
994	0.0113284	-8792.93
995	0.0113284	-8660.67
996	0.0113284	-8681.42
997	0.0113284	-8901.43
998	0.0113284	-8947.34
999	0.0113284	-8968.7
1000	0.0113284	-8633.03
