state	power	likelihood
251	0.000880898	-10490.1
252	0.000880898	-10283.4
253	0.000880898	-12868.8
254	0.000880898	-14094.2
255	0.000880898	-13405.7
256	0.000880898	-10484.3
257	0.000880898	-10944.4
258	0.000880898	-10902.7
259	0.000880898	-11105.8
260	0.000880898	-11301.6
261	0.000880898	-11031.2
262	0.000880898	-11236.1
263	0.000880898	-13143.6
264	0.000880898	-10478.3
265	0.000880898	-11762
266	0.000880898	-10782.6
267	0.000880898	-10878.6
268	0.000880898	-11750.2
269	0.000880898	-11741.5
270	0.000880898	-11611
271	0.000880898	-11568.6
272	0.000880898	-11113.4
273	0.000880898	-11316.9
274	0.000880898	-10727.5
275	0.000880898	-10854.6
276	0.000880898	-10593.3
277	0.000880898	-11841.8
278	0.000880898	-11115
279	0.000880898	-10966.5
280	0.000880898	-11203.4
281	0.000880898	-10907.5
282	0.000880898	-11362.9
283	0.000880898	-10626.3
284	0.000880898	-11553.4
285	0.000880898	-11327.5
286	0.000880898	-10856.5
287	0.000880898	-10525.2
288	0.000880898	-12288.9
289	0.000880898	-9707.75
290	0.000880898	-10341.7
291	0.000880898	-10385.2
292	0.000880898	-11043.7
293	0.000880898	-10629.8
294	0.000880898	-10047.9
295	0.000880898	-10537.7
296	0.000880898	-10297.7
297	0.000880898	-10368.8
298	0.000880898	-10971.6
299	0.000880898	-10561.1
300	0.000880898	-11882.6
301	0.000880898	-11324.8
302	0.000880898	-10331.3
303	0.000880898	-11836.8
304	0.000880898	-13055.5
305	0.000880898	-12472
306	0.000880898	-11375
307	0.000880898	-11614.1
308	0.000880898	-11834.1
309	0.000880898	-9924.24
310	0.000880898	-9180.39
311	0.000880898	-10747.1
312	0.000880898	-9682.55
313	0.000880898	-11205.7
314	0.000880898	-11270.9
315	0.000880898	-10905.1
316	0.000880898	-11683.3
317	0.000880898	-12144.9
318	0.000880898	-12374.2
319	0.000880898	-11977.8
320	0.000880898	-10908
321	0.000880898	-11454.1
322	0.000880898	-10837.9
323	0.000880898	-10910
324	0.000880898	-11471.9
325	0.000880898	-12123.2
326	0.000880898	-11285.6
327	0.000880898	-12309.8
328	0.000880898	-12533.2
329	0.000880898	-12390.7
330	0.000880898	-11840.7
331	0.000880898	-10515.7
332	0.000880898	-11182.9
333	0.000880898	-11564.1
334	0.000880898	-11493
335	0.000880898	-10770.3
336	0.000880898	-11227.9
337	0.000880898	-10674.2
338	0.000880898	-12112.1
339	0.000880898	-11351.4
340	0.000880898	-11155.4
341	0.000880898	-11802.5
342	0.000880898	-11645.1
343	0.000880898	-10843.9
344	0.000880898	-11273.1
345	0.000880898	-11279.1
346	0.000880898	-11231.8
347	0.000880898	-11622
348	0.000880898	-11028.3
349	0.000880898	-10617.1
350	0.000880898	-12330.9
351	0.000880898	-12568.6
352	0.000880898	-12335.7
353	0.000880898	-12986.4
354	0.000880898	-12145.3
355	0.000880898	-10807.8
356	0.000880898	-9579
357	0.000880898	-10832.4
358	0.000880898	-11499.8
359	0.000880898	-10198
360	0.000880898	-10117.4
361	0.000880898	-11136.7
362	0.000880898	-10080.6
363	0.000880898	-10356.7
364	0.000880898	-11024.9
365	0.000880898	-11641.2
366	0.000880898	-11722.7
367	0.000880898	-11697.1
368	0.000880898	-11650
369	0.000880898	-11043.7
370	0.000880898	-10575.7
371	0.000880898	-10681.7
372	0.000880898	-11697
373	0.000880898	-11467.5
374	0.000880898	-11806.6
375	0.000880898	-11652
376	0.000880898	-10008.7
377	0.000880898	-10348.1
378	0.000880898	-10967.8
379	0.000880898	-10707.9
380	0.000880898	-11645.4
381	0.000880898	-10591.6
382	0.000880898	-10851
383	0.000880898	-11355.9
384	0.000880898	-10275
385	0.000880898	-10484.7
386	0.000880898	-10379.5
387	0.000880898	-11893.8
388	0.000880898	-11770.3
389	0.000880898	-13054.9
390	0.000880898	-10881
391	0.000880898	-12429.3
392	0.000880898	-12288.7
393	0.000880898	-11688.1
394	0.000880898	-11007.1
395	0.000880898	-11585.9
396	0.000880898	-12527.9
397	0.000880898	-13062.5
398	0.000880898	-11667.9
399	0.000880898	-10840.3
400	0.000880898	-10856.3
401	0.000880898	-10498.4
402	0.000880898	-11048.9
403	0.000880898	-11291
404	0.000880898	-10395.7
405	0.000880898	-11259.2
406	0.000880898	-10994.6
407	0.000880898	-10503.8
408	0.000880898	-10701.3
409	0.000880898	-10708.5
410	0.000880898	-10504.7
411	0.000880898	-11109.2
412	0.000880898	-12722.7
413	0.000880898	-12739.5
414	0.000880898	-11377.3
415	0.000880898	-10775.8
416	0.000880898	-10991.7
417	0.000880898	-11147
418	0.000880898	-11476.3
419	0.000880898	-11686.5
420	0.000880898	-11821.7
421	0.000880898	-10569.3
422	0.000880898	-10041.3
423	0.000880898	-10049.7
424	0.000880898	-11421.4
425	0.000880898	-10951.9
426	0.000880898	-10105.7
427	0.000880898	-10222.6
428	0.000880898	-10609.6
429	0.000880898	-11002.7
430	0.000880898	-11962
431	0.000880898	-11184.8
432	0.000880898	-11171.1
433	0.000880898	-10713.2
434	0.000880898	-11830.4
435	0.000880898	-9801.57
436	0.000880898	-11747.3
437	0.000880898	-11612.6
438	0.000880898	-10632.6
439	0.000880898	-11747.1
440	0.000880898	-10712.1
441	0.000880898	-10390.9
442	0.000880898	-10620.5
443	0.000880898	-11099.2
444	0.000880898	-9722.18
445	0.000880898	-9671.37
446	0.000880898	-10303.1
447	0.000880898	-10039.3
448	0.000880898	-10909.3
449	0.000880898	-10126.3
450	0.000880898	-11350.2
451	0.000880898	-11921.8
452	0.000880898	-12338
453	0.000880898	-12353.4
454	0.000880898	-10185.5
455	0.000880898	-11790.8
456	0.000880898	-10306.8
457	0.000880898	-11437.2
458	0.000880898	-10984.3
459	0.000880898	-10028.3
460	0.000880898	-11331.2
461	0.000880898	-11423.3
462	0.000880898	-12714.3
463	0.000880898	-10725.7
464	0.000880898	-10401.4
465	0.000880898	-10990.5
466	0.000880898	-11468.4
467	0.000880898	-11119.8
468	0.000880898	-10708
469	0.000880898	-12021.8
470	0.000880898	-11746.6
471	0.000880898	-10836
472	0.000880898	-10987.8
473	0.000880898	-11271.3
474	0.000880898	-11085.4
475	0.000880898	-11799.8
476	0.000880898	-12926
477	0.000880898	-12086.2
478	0.000880898	-11733.3
479	0.000880898	-12283.3
480	0.000880898	-10936.7
481	0.000880898	-11386.6
482	0.000880898	-11385.4
483	0.000880898	-10584.2
484	0.000880898	-10066.8
485	0.000880898	-10703.2
486	0.000880898	-10301.7
487	0.000880898	-10966.6
488	0.000880898	-10773.3
489	0.000880898	-10549.6
490	0.000880898	-11091.2
491	0.000880898	-10445.5
492	0.000880898	-10913.1
493	0.000880898	-10028.9
494	0.000880898	-10448.5
495	0.000880898	-10465.8
496	0.000880898	-11049.8
497	0.000880898	-10878.6
498	0.000880898	-10292.9
499	0.000880898	-12105.9
500	0.000880898	-11173.3
501	0.000880898	-10497.5
502	0.000880898	-11063
503	0.000880898	-11442.1
504	0.000880898	-11912.3
505	0.000880898	-11018.3
506	0.000880898	-11277
507	0.000880898	-11347.4
508	0.000880898	-11232.7
509	0.000880898	-10942.2
510	0.000880898	-10765.6
511	0.000880898	-11848.3
512	0.000880898	-10243.3
513	0.000880898	-11242.1
514	0.000880898	-11589.3
515	0.000880898	-10093.6
516	0.000880898	-10850.4
517	0.000880898	-11082.7
518	0.000880898	-13590.8
519	0.000880898	-14167.5
520	0.000880898	-11684.9
521	0.000880898	-11510.2
522	0.000880898	-11169.7
523	0.000880898	-11447.7
524	0.000880898	-10685.7
525	0.000880898	-10589.2
526	0.000880898	-14113.5
527	0.000880898	-10938.4
528	0.000880898	-10562.5
529	0.000880898	-10270.4
530	0.000880898	-10663.1
531	0.000880898	-11227.1
532	0.000880898	-10577.1
533	0.000880898	-10731.4
534	0.000880898	-10271.4
535	0.000880898	-11867.9
536	0.000880898	-10492.7
537	0.000880898	-11652.4
538	0.000880898	-10459.6
539	0.000880898	-10336.4
540	0.000880898	-14167.5
541	0.000880898	-11266
542	0.000880898	-11371.1
543	0.000880898	-11142.4
544	0.000880898	-12041.5
545	0.000880898	-10382.9
546	0.000880898	-11893.6
547	0.000880898	-11476.5
548	0.000880898	-10095.8
549	0.000880898	-11288.8
550	0.000880898	-11838.5
551	0.000880898	-12331.7
552	0.000880898	-10939.6
553	0.000880898	-9652.08
554	0.000880898	-10434.8
555	0.000880898	-11105.8
556	0.000880898	-10908.7
557	0.000880898	-10446.4
558	0.000880898	-10407.5
559	0.000880898	-10978.7
560	0.000880898	-11394.1
561	0.000880898	-10746.9
562	0.000880898	-10295
563	0.000880898	-10908.9
564	0.000880898	-11037.4
565	0.000880898	-10356.7
566	0.000880898	-10919
567	0.000880898	-9785.72
568	0.000880898	-9843.62
569	0.000880898	-10149.5
570	0.000880898	-11169.7
571	0.000880898	-11658.4
572	0.000880898	-11331.8
573	0.000880898	-12194.9
574	0.000880898	-10688
575	0.000880898	-11425.8
576	0.000880898	-10274.8
577	0.000880898	-10353.3
578	0.000880898	-15141.2
579	0.000880898	-13377.8
580	0.000880898	-12657.1
581	0.000880898	-9887.62
582	0.000880898	-11313.1
583	0.000880898	-12115.8
584	0.000880898	-11560.1
585	0.000880898	-12624.3
586	0.000880898	-12839
587	0.000880898	-11997.8
588	0.000880898	-10738.4
589	0.000880898	-10279.6
590	0.000880898	-13123.3
591	0.000880898	-10032.7
592	0.000880898	-10597
593	0.000880898	-10825.5
594	0.000880898	-10207.4
595	0.000880898	-11828.5
596	0.000880898	-11734.3
597	0.000880898	-10087.5
598	0.000880898	-12213.5
599	0.000880898	-11843.5
600	0.000880898	-10675.4
601	0.000880898	-10798.8
602	0.000880898	-10755
603	0.000880898	-10327.9
604	0.000880898	-12000.6
605	0.000880898	-10502.5
606	0.000880898	-10908.6
607	0.000880898	-10773.6
608	0.000880898	-10641.8
609	0.000880898	-11110.7
610	0.000880898	-10880.1
611	0.000880898	-12272.2
612	0.000880898	-12984
613	0.000880898	-12222.6
614	0.000880898	-11401.8
615	0.000880898	-10387.7
616	0.000880898	-11051.9
617	0.000880898	-11042.3
618	0.000880898	-10993.5
619	0.000880898	-10116.3
620	0.000880898	-12204.7
621	0.000880898	-11280.3
622	0.000880898	-11001.4
623	0.000880898	-10560.6
624	0.000880898	-11235.6
625	0.000880898	-10522.4
626	0.000880898	-9437.06
627	0.000880898	-11935.9
628	0.000880898	-13180
629	0.000880898	-12894.5
630	0.000880898	-11162.5
631	0.000880898	-10857.6
632	0.000880898	-11906.1
633	0.000880898	-12203.9
634	0.000880898	-11063.7
635	0.000880898	-9193.73
636	0.000880898	-9583.61
637	0.000880898	-9430.85
638	0.000880898	-10858.2
639	0.000880898	-12335.8
640	0.000880898	-11267.5
641	0.000880898	-11845.4
642	0.000880898	-10934.1
643	0.000880898	-11181.6
644	0.000880898	-11163.3
645	0.000880898	-10134.3
646	0.000880898	-12186.7
647	0.000880898	-12726.7
648	0.000880898	-13761.6
649	0.000880898	-11417
650	0.000880898	-11214.3
651	0.000880898	-11406.2
652	0.000880898	-11882.5
653	0.000880898	-11207.3
654	0.000880898	-10942.8
655	0.000880898	-10776.2
656	0.000880898	-12554.8
657	0.000880898	-13220.9
658	0.000880898	-13757.5
659	0.000880898	-12666.2
660	0.000880898	-12026.9
661	0.000880898	-11345.6
662	0.000880898	-11533.6
663	0.000880898	-10868.6
664	0.000880898	-11543.2
665	0.000880898	-12065.6
666	0.000880898	-13785.6
667	0.000880898	-14098.7
668	0.000880898	-11473.2
669	0.000880898	-12032.7
670	0.000880898	-11769
671	0.000880898	-10966.2
672	0.000880898	-12154.6
673	0.000880898	-12034.8
674	0.000880898	-10937.8
675	0.000880898	-11048.5
676	0.000880898	-10366.3
677	0.000880898	-10756.8
678	0.000880898	-11354.5
679	0.000880898	-12634.6
680	0.000880898	-10016
681	0.000880898	-12540.9
682	0.000880898	-10497.5
683	0.000880898	-10671.8
684	0.000880898	-11276.2
685	0.000880898	-11115.8
686	0.000880898	-10439.2
687	0.000880898	-10577.7
688	0.000880898	-11062.4
689	0.000880898	-13253.3
690	0.000880898	-10097.7
691	0.000880898	-11700
692	0.000880898	-10688.2
693	0.000880898	-11287.8
694	0.000880898	-12034.3
695	0.000880898	-10643
696	0.000880898	-9902.16
697	0.000880898	-9939.54
698	0.000880898	-11143.1
699	0.000880898	-10855.2
700	0.000880898	-10038
701	0.000880898	-10855.2
702	0.000880898	-11087.7
703	0.000880898	-10436.4
704	0.000880898	-10414.5
705	0.000880898	-13174.1
706	0.000880898	-11407.7
707	0.000880898	-12351.8
708	0.000880898	-12190.4
709	0.000880898	-11650.3
710	0.000880898	-12218.2
711	0.000880898	-10970.5
712	0.000880898	-11762
713	0.000880898	-10156
714	0.000880898	-10572.5
715	0.000880898	-11151.5
716	0.000880898	-12019
717	0.000880898	-10313.9
718	0.000880898	-10552.1
719	0.000880898	-11686.5
720	0.000880898	-13549.6
721	0.000880898	-12860.9
722	0.000880898	-12764.8
723	0.000880898	-11599.9
724	0.000880898	-10943.1
725	0.000880898	-12660.9
726	0.000880898	-11143.1
727	0.000880898	-10606
728	0.000880898	-11682.7
729	0.000880898	-11054
730	0.000880898	-10953.2
731	0.000880898	-11396
732	0.000880898	-10289.9
733	0.000880898	-11697.6
734	0.000880898	-11235.4
735	0.000880898	-10679.7
736	0.000880898	-11980.3
737	0.000880898	-10749.5
738	0.000880898	-11848.4
739	0.000880898	-11150.4
740	0.000880898	-11594.6
741	0.000880898	-12500.4
742	0.000880898	-10991.2
743	0.000880898	-10701.4
744	0.000880898	-10654
745	0.000880898	-10724.3
746	0.000880898	-11268.4
747	0.000880898	-10576.8
748	0.000880898	-10671.9
749	0.000880898	-10939.3
750	0.000880898	-10230.2
751	0.000880898	-10991.7
752	0.000880898	-11456.2
753	0.000880898	-11702.6
754	0.000880898	-11640.5
755	0.000880898	-11364.4
756	0.000880898	-10883.2
757	0.000880898	-11216.9
758	0.000880898	-11194.2
759	0.000880898	-11612.4
760	0.000880898	-13364.8
761	0.000880898	-11602.5
762	0.000880898	-10712.1
763	0.000880898	-10822.6
764	0.000880898	-12051.4
765	0.000880898	-10260.5
766	0.000880898	-10735.2
767	0.000880898	-11264
768	0.000880898	-10862.4
769	0.000880898	-11163.4
770	0.000880898	-9823.27
771	0.000880898	-9936.92
772	0.000880898	-9956.84
773	0.000880898	-10723.8
774	0.000880898	-11210.1
775	0.000880898	-10352.5
776	0.000880898	-10538.9
777	0.000880898	-10839.7
778	0.000880898	-11392.1
779	0.000880898	-10857.6
780	0.000880898	-11203.4
781	0.000880898	-11363.9
782	0.000880898	-11567.9
783	0.000880898	-10968.1
784	0.000880898	-9705.49
785	0.000880898	-9852.77
786	0.000880898	-12500.8
787	0.000880898	-11348.1
788	0.000880898	-11206.3
789	0.000880898	-12007.6
790	0.000880898	-12719.8
791	0.000880898	-10852.3
792	0.000880898	-12387.1
793	0.000880898	-11894.2
794	0.000880898	-11184.2
795	0.000880898	-11385.5
796	0.000880898	-10458.4
797	0.000880898	-10327.7
798	0.000880898	-11947.9
799	0.000880898	-10779.9
800	0.000880898	-10957.8
801	0.000880898	-11819.8
802	0.000880898	-11179.9
803	0.000880898	-10672.2
804	0.000880898	-10743.2
805	0.000880898	-10034.9
806	0.000880898	-10302.9
807	0.000880898	-10059.3
808	0.000880898	-10257.7
809	0.000880898	-9123.8
810	0.000880898	-11298.9
811	0.000880898	-10582.2
812	0.000880898	-9750.13
813	0.000880898	-10338.4
814	0.000880898	-9820.22
815	0.000880898	-10676.3
816	0.000880898	-10444.6
817	0.000880898	-10044.3
818	0.000880898	-9131.15
819	0.000880898	-9831.43
820	0.000880898	-9918.16
821	0.000880898	-11515.2
822	0.000880898	-11252.4
823	0.000880898	-11033.5
824	0.000880898	-12307.4
825	0.000880898	-12468.7
826	0.000880898	-13472.6
827	0.000880898	-12520.1
828	0.000880898	-11781.6
829	0.000880898	-11130.5
830	0.000880898	-12086.4
831	0.000880898	-10190.6
832	0.000880898	-10465.1
833	0.000880898	-10496.1
834	0.000880898	-10778.5
835	0.000880898	-9590.78
836	0.000880898	-9698.64
837	0.000880898	-9737.38
838	0.000880898	-10427.1
839	0.000880898	-10666.6
840	0.000880898	-11331.3
841	0.000880898	-11445
842	0.000880898	-12783.8
843	0.000880898	-10641
844	0.000880898	-10014.4
845	0.000880898	-11912.9
846	0.000880898	-10359.1
847	0.000880898	-10620.8
848	0.000880898	-10876.7
849	0.000880898	-11224.2
850	0.000880898	-10583.5
851	0.000880898	-11080.9
852	0.000880898	-10947.7
853	0.000880898	-10630.6
854	0.000880898	-11022.8
855	0.000880898	-10753.7
856	0.000880898	-12522.2
857	0.000880898	-10937.5
858	0.000880898	-11741.1
859	0.000880898	-10784.8
860	0.000880898	-11633.5
861	0.000880898	-9968.59
862	0.000880898	-11078.5
863	0.000880898	-11873.7
864	0.000880898	-13255.6
865	0.000880898	-11844.4
866	0.000880898	-10536.9
867	0.000880898	-10240.2
868	0.000880898	-10423.6
869	0.000880898	-10121.1
870	0.000880898	-10118.4
871	0.000880898	-10049.7
872	0.000880898	-9988.7
873	0.000880898	-10691.9
874	0.000880898	-12134.6
875	0.000880898	-11220.8
876	0.000880898	-14976.7
877	0.000880898	-11176.2
878	0.000880898	-10776.6
879	0.000880898	-10464.3
880	0.000880898	-12182.7
881	0.000880898	-11640.4
882	0.000880898	-11277.9
883	0.000880898	-11865.8
884	0.000880898	-10072.9
885	0.000880898	-10588.4
886	0.000880898	-11600.5
887	0.000880898	-10023
888	0.000880898	-12267
889	0.000880898	-12798.9
890	0.000880898	-12876.4
891	0.000880898	-11334.2
892	0.000880898	-11018.3
893	0.000880898	-10740.1
894	0.000880898	-12737.3
895	0.000880898	-12022.8
896	0.000880898	-10897.3
897	0.000880898	-12197.7
898	0.000880898	-14394.1
899	0.000880898	-12258.1
900	0.000880898	-11912.2
901	0.000880898	-9933.22
902	0.000880898	-10186.3
903	0.000880898	-10490.8
904	0.000880898	-10293.3
905	0.000880898	-10920.2
906	0.000880898	-11582.1
907	0.000880898	-12712
908	0.000880898	-11087.1
909	0.000880898	-10285.5
910	0.000880898	-10451.3
911	0.000880898	-10126.1
912	0.000880898	-9457.52
913	0.000880898	-9739.63
914	0.000880898	-9782.88
915	0.000880898	-9870.27
916	0.000880898	-10607.6
917	0.000880898	-9877.76
918	0.000880898	-10939.7
919	0.000880898	-10869.3
920	0.000880898	-10679.7
921	0.000880898	-9577.87
922	0.000880898	-9767.56
923	0.000880898	-10517.6
924	0.000880898	-10283.5
925	0.000880898	-10445.5
926	0.000880898	-10017.6
927	0.000880898	-10339.7
928	0.000880898	-10105.3
929	0.000880898	-10117.3
930	0.000880898	-11217.1
931	0.000880898	-10167.7
932	0.000880898	-10259.7
933	0.000880898	-9919.65
934	0.000880898	-10116.2
935	0.000880898	-11848.8
936	0.000880898	-10426.3
937	0.000880898	-11795.2
938	0.000880898	-11565.6
939	0.000880898	-12193.6
940	0.000880898	-11780.4
941	0.000880898	-12556.5
942	0.000880898	-10986.4
943	0.000880898	-10165.9
944	0.000880898	-9936.16
945	0.000880898	-11065.2
946	0.000880898	-11211.3
947	0.000880898	-11190.7
948	0.000880898	-11147.2
949	0.000880898	-12441.1
950	0.000880898	-11450.8
951	0.000880898	-10926
952	0.000880898	-11154
953	0.000880898	-10921.5
954	0.000880898	-12225.9
955	0.000880898	-10887.5
956	0.000880898	-10126.1
957	0.000880898	-10619.2
958	0.000880898	-10414.2
959	0.000880898	-10105.1
960	0.000880898	-12201.5
961	0.000880898	-11803.3
962	0.000880898	-11821.5
963	0.000880898	-10698.4
964	0.000880898	-12608.9
965	0.000880898	-11869.2
966	0.000880898	-10808.4
967	0.000880898	-10652.7
968	0.000880898	-10240.7
969	0.000880898	-10433.1
970	0.000880898	-10305.7
971	0.000880898	-10299.6
972	0.000880898	-10700.4
973	0.000880898	-11307.1
974	0.000880898	-11814.4
975	0.000880898	-11830.3
976	0.000880898	-12232.6
977	0.000880898	-11544.8
978	0.000880898	-11767.9
979	0.000880898	-10538.1
980	0.000880898	-12439.8
981	0.000880898	-11683.4
982	0.000880898	-11763.6
983	0.000880898	-11078.7
984	0.000880898	-10648.4
985	0.000880898	-12617.7
986	0.000880898	-13080
987	0.000880898	-11602.1
988	0.000880898	-10947.1
989	0.000880898	-11730.3
990	0.000880898	-10126.1
991	0.000880898	-10655.8
992	0.000880898	-10330.6
993	0.000880898	-12343.4
994	0.000880898	-11542.9
995	0.000880898	-13322
996	0.000880898	-13905.3
997	0.000880898	-12948.6
998	0.000880898	-12526.1
999	0.000880898	-10281.5
1000	0.000880898	-12324.4
