state	power	likelihood
251	3.6251e-06	-16727.3
252	3.6251e-06	-14960.2
253	3.6251e-06	-13523.9
254	3.6251e-06	-14518.8
255	3.6251e-06	-14680.4
256	3.6251e-06	-14455.5
257	3.6251e-06	-13943.3
258	3.6251e-06	-12183.7
259	3.6251e-06	-14381.4
260	3.6251e-06	-10708.7
261	3.6251e-06	-10907.5
262	3.6251e-06	-10855
263	3.6251e-06	-10512
264	3.6251e-06	-10873.5
265	3.6251e-06	-12866.3
266	3.6251e-06	-11505.5
267	3.6251e-06	-12160.2
268	3.6251e-06	-13074.5
269	3.6251e-06	-13130.7
270	3.6251e-06	-11559.6
271	3.6251e-06	-12518.3
272	3.6251e-06	-12675.3
273	3.6251e-06	-12512.1
274	3.6251e-06	-11083.6
275	3.6251e-06	-10185.8
276	3.6251e-06	-11365.5
277	3.6251e-06	-13714.4
278	3.6251e-06	-16639.3
279	3.6251e-06	-13169
280	3.6251e-06	-11653.4
281	3.6251e-06	-12012.6
282	3.6251e-06	-10979.1
283	3.6251e-06	-11372.5
284	3.6251e-06	-10699.7
285	3.6251e-06	-10250.2
286	3.6251e-06	-11659.7
287	3.6251e-06	-15213.7
288	3.6251e-06	-15103.1
289	3.6251e-06	-10125.6
290	3.6251e-06	-12519.8
291	3.6251e-06	-15241.1
292	3.6251e-06	-12519.7
293	3.6251e-06	-11383.9
294	3.6251e-06	-12068.5
295	3.6251e-06	-11260.3
296	3.6251e-06	-12247.2
297	3.6251e-06	-12188.6
298	3.6251e-06	-10876.8
299	3.6251e-06	-10363.2
300	3.6251e-06	-14146.5
301	3.6251e-06	-14944.3
302	3.6251e-06	-13225.5
303	3.6251e-06	-11240.9
304	3.6251e-06	-11287
305	3.6251e-06	-11829
306	3.6251e-06	-11728.5
307	3.6251e-06	-11750.2
308	3.6251e-06	-11071.7
309	3.6251e-06	-10798.2
310	3.6251e-06	-10261.4
311	3.6251e-06	-11403.5
312	3.6251e-06	-12547.7
313	3.6251e-06	-12522.2
314	3.6251e-06	-11967.6
315	3.6251e-06	-11555.3
316	3.6251e-06	-11917.1
317	3.6251e-06	-11244
318	3.6251e-06	-11708.2
319	3.6251e-06	-13505.2
320	3.6251e-06	-11167.8
321	3.6251e-06	-10956.8
322	3.6251e-06	-12377
323	3.6251e-06	-12274.5
324	3.6251e-06	-16021.5
325	3.6251e-06	-13540.2
326	3.6251e-06	-15423.1
327	3.6251e-06	-13572.4
328	3.6251e-06	-14701.4
329	3.6251e-06	-15213.6
330	3.6251e-06	-12859.8
331	3.6251e-06	-15308.8
332	3.6251e-06	-13840.6
333	3.6251e-06	-12592
334	3.6251e-06	-14184.8
335	3.6251e-06	-14233.4
336	3.6251e-06	-13595.5
337	3.6251e-06	-13268.9
338	3.6251e-06	-13995.5
339	3.6251e-06	-11661
340	3.6251e-06	-13420.2
341	3.6251e-06	-12992.4
342	3.6251e-06	-13114
343	3.6251e-06	-14607
344	3.6251e-06	-13089.5
345	3.6251e-06	-14092.6
346	3.6251e-06	-16182.8
347	3.6251e-06	-12795.3
348	3.6251e-06	-12610.5
349	3.6251e-06	-12988.6
350	3.6251e-06	-14137.3
351	3.6251e-06	-11055.3
352	3.6251e-06	-11492.9
353	3.6251e-06	-10896.7
354	3.6251e-06	-11288.7
355	3.6251e-06	-12944
356	3.6251e-06	-11126.9
357	3.6251e-06	-10994.1
358	3.6251e-06	-10351.3
359	3.6251e-06	-11363.1
360	3.6251e-06	-14671.6
361	3.6251e-06	-13998
362	3.6251e-06	-11978
363	3.6251e-06	-12108.4
364	3.6251e-06	-12349.7
365	3.6251e-06	-12503.7
366	3.6251e-06	-12015.3
367	3.6251e-06	-15652.3
368	3.6251e-06	-12828.6
369	3.6251e-06	-13643.8
370	3.6251e-06	-10899.4
371	3.6251e-06	-12123.6
372	3.6251e-06	-11857.9
373	3.6251e-06	-11793.3
374	3.6251e-06	-10867.6
375	3.6251e-06	-12323.2
376	3.6251e-06	-12556.7
377	3.6251e-06	-11371.6
378	3.6251e-06	-10907.4
379	3.6251e-06	-13976.7
380	3.6251e-06	-11697
381	3.6251e-06	-11003.9
382	3.6251e-06	-11415
383	3.6251e-06	-12504.4
384	3.6251e-06	-14019.6
385	3.6251e-06	-13084.7
386	3.6251e-06	-12797.3
387	3.6251e-06	-9806.19
388	3.6251e-06	-13193
389	3.6251e-06	-10747.4
390	3.6251e-06	-11787.3
391	3.6251e-06	-13079.8
392	3.6251e-06	-11274.9
393	3.6251e-06	-14130.2
394	3.6251e-06	-11554.5
395	3.6251e-06	-10652.3
396	3.6251e-06	-10706.2
397	3.6251e-06	-11716.8
398	3.6251e-06	-11450.3
399	3.6251e-06	-11550.4
400	3.6251e-06	-10462.8
401	3.6251e-06	-12346.7
402	3.6251e-06	-11002.8
403	3.6251e-06	-11825.4
404	3.6251e-06	-11606.1
405	3.6251e-06	-12829.2
406	3.6251e-06	-15061.9
407	3.6251e-06	-13268.8
408	3.6251e-06	-15937.4
409	3.6251e-06	-16691
410	3.6251e-06	-16989.2
411	3.6251e-06	-13775.4
412	3.6251e-06	-11357.3
413	3.6251e-06	-11856.4
414	3.6251e-06	-11668.9
415	3.6251e-06	-14805.8
416	3.6251e-06	-11094.5
417	3.6251e-06	-12680.7
418	3.6251e-06	-13014.9
419	3.6251e-06	-11763.7
420	3.6251e-06	-11665.3
421	3.6251e-06	-10777.9
422	3.6251e-06	-11922.4
423	3.6251e-06	-12806.8
424	3.6251e-06	-12330.2
425	3.6251e-06	-13530.5
426	3.6251e-06	-12824.4
427	3.6251e-06	-12169.9
428	3.6251e-06	-10943.8
429	3.6251e-06	-11506.5
430	3.6251e-06	-13552.8
431	3.6251e-06	-13821.4
432	3.6251e-06	-15036.3
433	3.6251e-06	-11782.9
434	3.6251e-06	-12295.6
435	3.6251e-06	-12362.7
436	3.6251e-06	-11492
437	3.6251e-06	-10976.6
438	3.6251e-06	-10351.2
439	3.6251e-06	-10649.8
440	3.6251e-06	-10959.4
441	3.6251e-06	-11771.9
442	3.6251e-06	-12166.9
443	3.6251e-06	-11591.9
444	3.6251e-06	-11824
445	3.6251e-06	-11911.1
446	3.6251e-06	-12141.7
447	3.6251e-06	-11403.6
448	3.6251e-06	-11689.4
449	3.6251e-06	-14804.6
450	3.6251e-06	-12158.3
451	3.6251e-06	-12393.8
452	3.6251e-06	-12272.7
453	3.6251e-06	-10598.6
454	3.6251e-06	-12524.8
455	3.6251e-06	-13142.8
456	3.6251e-06	-12568.3
457	3.6251e-06	-13643.5
458	3.6251e-06	-12749.8
459	3.6251e-06	-11743.9
460	3.6251e-06	-12505.1
461	3.6251e-06	-11476
462	3.6251e-06	-11834.4
463	3.6251e-06	-11870.5
464	3.6251e-06	-15970.3
465	3.6251e-06	-14901.2
466	3.6251e-06	-14004.9
467	3.6251e-06	-11868.5
468	3.6251e-06	-10383.3
469	3.6251e-06	-12999.7
470	3.6251e-06	-16040.9
471	3.6251e-06	-10862.3
472	3.6251e-06	-12019.9
473	3.6251e-06	-11606.6
474	3.6251e-06	-11837.1
475	3.6251e-06	-14179.1
476	3.6251e-06	-15398.9
477	3.6251e-06	-15225.8
478	3.6251e-06	-12734.4
479	3.6251e-06	-14673.5
480	3.6251e-06	-15333.2
481	3.6251e-06	-15514.4
482	3.6251e-06	-11862.4
483	3.6251e-06	-12835.8
484	3.6251e-06	-13024.3
485	3.6251e-06	-12683.5
486	3.6251e-06	-13156.4
487	3.6251e-06	-12242.6
488	3.6251e-06	-11628.9
489	3.6251e-06	-11818.6
490	3.6251e-06	-14222.3
491	3.6251e-06	-15420.1
492	3.6251e-06	-14249.3
493	3.6251e-06	-13617.6
494	3.6251e-06	-11340.2
495	3.6251e-06	-10848.8
496	3.6251e-06	-11055
497	3.6251e-06	-13323.8
498	3.6251e-06	-11679.6
499	3.6251e-06	-12346.1
500	3.6251e-06	-12902.4
501	3.6251e-06	-13412.3
502	3.6251e-06	-11832.6
503	3.6251e-06	-11225.4
504	3.6251e-06	-11378.1
505	3.6251e-06	-11993.7
506	3.6251e-06	-13866.9
507	3.6251e-06	-13844
508	3.6251e-06	-14835.6
509	3.6251e-06	-16544.3
510	3.6251e-06	-15848.4
511	3.6251e-06	-14198.1
512	3.6251e-06	-10214.2
513	3.6251e-06	-10447.2
514	3.6251e-06	-14062.2
515	3.6251e-06	-11387
516	3.6251e-06	-13215.8
517	3.6251e-06	-12274
518	3.6251e-06	-14538.7
519	3.6251e-06	-12968.9
520	3.6251e-06	-11119.4
521	3.6251e-06	-11271.1
522	3.6251e-06	-11289.5
523	3.6251e-06	-12000.8
524	3.6251e-06	-13837.6
525	3.6251e-06	-15945.7
526	3.6251e-06	-14065.1
527	3.6251e-06	-17558.9
528	3.6251e-06	-14171.2
529	3.6251e-06	-18205.2
530	3.6251e-06	-13337.1
531	3.6251e-06	-12634.8
532	3.6251e-06	-12815.2
533	3.6251e-06	-16011.8
534	3.6251e-06	-13879
535	3.6251e-06	-17371
536	3.6251e-06	-13921.1
537	3.6251e-06	-14276.3
538	3.6251e-06	-11770.3
539	3.6251e-06	-12874.2
540	3.6251e-06	-12182.7
541	3.6251e-06	-12192.6
542	3.6251e-06	-12389.7
543	3.6251e-06	-12040.7
544	3.6251e-06	-13440.7
545	3.6251e-06	-14241.8
546	3.6251e-06	-14552.1
547	3.6251e-06	-16007.3
548	3.6251e-06	-11150.3
549	3.6251e-06	-12678.8
550	3.6251e-06	-12292.6
551	3.6251e-06	-11482
552	3.6251e-06	-13500.4
553	3.6251e-06	-11609.2
554	3.6251e-06	-11517.8
555	3.6251e-06	-11528.6
556	3.6251e-06	-12300.3
557	3.6251e-06	-13271.5
558	3.6251e-06	-12127.7
559	3.6251e-06	-11195.3
560	3.6251e-06	-11296.5
561	3.6251e-06	-11680.1
562	3.6251e-06	-13448.4
563	3.6251e-06	-11087.4
564	3.6251e-06	-9864.71
565	3.6251e-06	-10706.1
566	3.6251e-06	-10862.5
567	3.6251e-06	-11555
568	3.6251e-06	-11765.7
569	3.6251e-06	-10141.2
570	3.6251e-06	-12490.1
571	3.6251e-06	-13235.2
572	3.6251e-06	-13120.5
573	3.6251e-06	-11330.2
574	3.6251e-06	-11644.5
575	3.6251e-06	-12519.3
576	3.6251e-06	-12510.8
577	3.6251e-06	-11960
578	3.6251e-06	-12052.9
579	3.6251e-06	-11720.1
580	3.6251e-06	-12036.2
581	3.6251e-06	-12246.6
582	3.6251e-06	-11885
583	3.6251e-06	-11820.9
584	3.6251e-06	-14052.5
585	3.6251e-06	-12149.2
586	3.6251e-06	-10405.8
587	3.6251e-06	-13247.7
588	3.6251e-06	-11384.9
589	3.6251e-06	-13691.3
590	3.6251e-06	-15341.4
591	3.6251e-06	-14948.9
592	3.6251e-06	-11562.4
593	3.6251e-06	-10803.4
594	3.6251e-06	-11043.6
595	3.6251e-06	-12300.4
596	3.6251e-06	-13759.8
597	3.6251e-06	-13148.2
598	3.6251e-06	-13236.5
599	3.6251e-06	-14735.3
600	3.6251e-06	-12393.2
601	3.6251e-06	-10510.9
602	3.6251e-06	-14167.4
603	3.6251e-06	-14063.9
604	3.6251e-06	-14132.8
605	3.6251e-06	-14368.8
606	3.6251e-06	-11448.8
607	3.6251e-06	-11373.7
608	3.6251e-06	-10777.6
609	3.6251e-06	-9761.56
610	3.6251e-06	-11306.4
611	3.6251e-06	-12125.3
612	3.6251e-06	-12916.5
613	3.6251e-06	-12892.2
614	3.6251e-06	-10832.6
615	3.6251e-06	-11555.8
616	3.6251e-06	-10505.6
617	3.6251e-06	-10560
618	3.6251e-06	-13147.3
619	3.6251e-06	-13588.1
620	3.6251e-06	-13359.7
621	3.6251e-06	-13707.9
622	3.6251e-06	-14550.1
623	3.6251e-06	-10284.1
624	3.6251e-06	-14023.9
625	3.6251e-06	-10845.6
626	3.6251e-06	-12826.1
627	3.6251e-06	-11225.3
628	3.6251e-06	-11114.5
629	3.6251e-06	-11879.4
630	3.6251e-06	-12541.3
631	3.6251e-06	-12271.1
632	3.6251e-06	-12077.3
633	3.6251e-06	-12812.2
634	3.6251e-06	-12863.1
635	3.6251e-06	-12915
636	3.6251e-06	-13055
637	3.6251e-06	-14120.8
638	3.6251e-06	-13218.8
639	3.6251e-06	-13394.6
640	3.6251e-06	-12052.3
641	3.6251e-06	-12475.9
642	3.6251e-06	-11301.5
643	3.6251e-06	-10353.7
644	3.6251e-06	-10859.1
645	3.6251e-06	-11625.5
646	3.6251e-06	-11393.6
647	3.6251e-06	-13571.4
648	3.6251e-06	-10409.7
649	3.6251e-06	-12510.1
650	3.6251e-06	-11478.2
651	3.6251e-06	-10933.7
652	3.6251e-06	-11610.9
653	3.6251e-06	-10355.8
654	3.6251e-06	-10718.3
655	3.6251e-06	-10706.9
656	3.6251e-06	-11014.5
657	3.6251e-06	-13103.7
658	3.6251e-06	-10540.2
659	3.6251e-06	-11037.9
660	3.6251e-06	-11862.1
661	3.6251e-06	-11222.6
662	3.6251e-06	-10453
663	3.6251e-06	-10555.2
664	3.6251e-06	-10948.2
665	3.6251e-06	-14327.7
666	3.6251e-06	-12612.5
667	3.6251e-06	-12826
668	3.6251e-06	-11245.3
669	3.6251e-06	-11582.6
670	3.6251e-06	-14377.8
671	3.6251e-06	-11903.3
672	3.6251e-06	-12691.5
673	3.6251e-06	-12974.7
674	3.6251e-06	-12043
675	3.6251e-06	-10920.4
676	3.6251e-06	-11773.8
677	3.6251e-06	-12324
678	3.6251e-06	-11745
679	3.6251e-06	-12755.9
680	3.6251e-06	-14864.1
681	3.6251e-06	-15378.6
682	3.6251e-06	-16370.5
683	3.6251e-06	-15135.7
684	3.6251e-06	-14969.7
685	3.6251e-06	-12196
686	3.6251e-06	-11536.1
687	3.6251e-06	-10927.7
688	3.6251e-06	-12125
689	3.6251e-06	-12053
690	3.6251e-06	-11177.4
691	3.6251e-06	-10616.9
692	3.6251e-06	-11740.8
693	3.6251e-06	-11291.4
694	3.6251e-06	-14065.3
695	3.6251e-06	-15198.5
696	3.6251e-06	-18505.4
697	3.6251e-06	-18231.7
698	3.6251e-06	-11270.7
699	3.6251e-06	-11641.5
700	3.6251e-06	-13279.7
701	3.6251e-06	-13025.4
702	3.6251e-06	-12169.4
703	3.6251e-06	-12508.1
704	3.6251e-06	-11766
705	3.6251e-06	-11328.5
706	3.6251e-06	-11789.4
707	3.6251e-06	-11205
708	3.6251e-06	-14625.2
709	3.6251e-06	-12437.4
710	3.6251e-06	-14661.8
711	3.6251e-06	-14899.8
712	3.6251e-06	-11499.2
713	3.6251e-06	-10897.5
714	3.6251e-06	-11186.7
715	3.6251e-06	-11755
716	3.6251e-06	-11538.4
717	3.6251e-06	-11798.4
718	3.6251e-06	-12801.4
719	3.6251e-06	-13752.9
720	3.6251e-06	-13211.6
721	3.6251e-06	-13715.3
722	3.6251e-06	-13233.1
723	3.6251e-06	-11265.4
724	3.6251e-06	-13734.9
725	3.6251e-06	-13799.7
726	3.6251e-06	-13416.4
727	3.6251e-06	-13320.3
728	3.6251e-06	-13221.6
729	3.6251e-06	-13522.9
730	3.6251e-06	-13791.9
731	3.6251e-06	-12496.2
732	3.6251e-06	-12671.3
733	3.6251e-06	-11888.1
734	3.6251e-06	-14276.9
735	3.6251e-06	-12792.3
736	3.6251e-06	-12796.9
737	3.6251e-06	-10173.1
738	3.6251e-06	-11289.4
739	3.6251e-06	-13989.3
740	3.6251e-06	-13154.5
741	3.6251e-06	-13361.1
742	3.6251e-06	-14111.1
743	3.6251e-06	-13190.9
744	3.6251e-06	-10751.2
745	3.6251e-06	-11180.6
746	3.6251e-06	-15061.9
747	3.6251e-06	-13950.9
748	3.6251e-06	-15297.9
749	3.6251e-06	-13670.3
750	3.6251e-06	-13200.1
751	3.6251e-06	-14615.1
752	3.6251e-06	-12630.5
753	3.6251e-06	-12087.7
754	3.6251e-06	-13268
755	3.6251e-06	-14390.3
756	3.6251e-06	-18376
757	3.6251e-06	-15371.3
758	3.6251e-06	-14082.9
759	3.6251e-06	-12115.4
760	3.6251e-06	-12340.4
761	3.6251e-06	-10432.4
762	3.6251e-06	-10844.3
763	3.6251e-06	-11245.5
764	3.6251e-06	-11855.4
765	3.6251e-06	-12211.4
766	3.6251e-06	-11294.9
767	3.6251e-06	-12974.6
768	3.6251e-06	-12981.6
769	3.6251e-06	-16017.4
770	3.6251e-06	-10351.8
771	3.6251e-06	-11821.9
772	3.6251e-06	-10523.8
773	3.6251e-06	-11603.8
774	3.6251e-06	-12602
775	3.6251e-06	-12894.2
776	3.6251e-06	-12219.6
777	3.6251e-06	-11306.3
778	3.6251e-06	-10178.2
779	3.6251e-06	-10313.5
780	3.6251e-06	-9319.3
781	3.6251e-06	-10608.3
782	3.6251e-06	-10862.9
783	3.6251e-06	-10443.1
784	3.6251e-06	-11030.6
785	3.6251e-06	-11533.5
786	3.6251e-06	-11892
787	3.6251e-06	-11684.5
788	3.6251e-06	-15544.9
789	3.6251e-06	-13233.8
790	3.6251e-06	-14328.5
791	3.6251e-06	-10846.9
792	3.6251e-06	-12151.5
793	3.6251e-06	-12069.7
794	3.6251e-06	-11390.7
795	3.6251e-06	-11286.5
796	3.6251e-06	-11108.5
797	3.6251e-06	-11206.8
798	3.6251e-06	-12008.7
799	3.6251e-06	-12335.7
800	3.6251e-06	-12007.1
801	3.6251e-06	-11341.6
802	3.6251e-06	-11243.5
803	3.6251e-06	-12941.7
804	3.6251e-06	-14468.1
805	3.6251e-06	-14780.2
806	3.6251e-06	-13531
807	3.6251e-06	-11453.6
808	3.6251e-06	-10945.3
809	3.6251e-06	-11091
810	3.6251e-06	-10773.2
811	3.6251e-06	-15345.2
812	3.6251e-06	-15742.8
813	3.6251e-06	-17938.2
814	3.6251e-06	-15961.2
815	3.6251e-06	-16739.5
816	3.6251e-06	-11311.4
817	3.6251e-06	-11615
818	3.6251e-06	-13292
819	3.6251e-06	-14400.5
820	3.6251e-06	-13565.9
821	3.6251e-06	-12572.7
822	3.6251e-06	-11656.5
823	3.6251e-06	-13129.1
824	3.6251e-06	-14132.2
825	3.6251e-06	-14312.5
826	3.6251e-06	-20190.4
827	3.6251e-06	-13304.5
828	3.6251e-06	-13391.6
829	3.6251e-06	-13139.1
830	3.6251e-06	-13603.1
831	3.6251e-06	-15361.4
832	3.6251e-06	-15995
833	3.6251e-06	-15327.9
834	3.6251e-06	-16741.2
835	3.6251e-06	-14410.1
836	3.6251e-06	-15270.3
837	3.6251e-06	-13676.4
838	3.6251e-06	-13463.6
839	3.6251e-06	-12043.5
840	3.6251e-06	-18254.9
841	3.6251e-06	-12978.8
842	3.6251e-06	-12587.8
843	3.6251e-06	-12006
844	3.6251e-06	-12085.8
845	3.6251e-06	-11861
846	3.6251e-06	-11912.3
847	3.6251e-06	-10009.9
848	3.6251e-06	-10523.2
849	3.6251e-06	-11313.2
850	3.6251e-06	-10701.1
851	3.6251e-06	-12681.5
852	3.6251e-06	-13446.9
853	3.6251e-06	-13366.2
854	3.6251e-06	-12542.5
855	3.6251e-06	-12639
856	3.6251e-06	-13704
857	3.6251e-06	-12890.9
858	3.6251e-06	-13243.7
859	3.6251e-06	-12645.3
860	3.6251e-06	-12802.1
861	3.6251e-06	-15233.6
862	3.6251e-06	-14659.8
863	3.6251e-06	-13797.2
864	3.6251e-06	-17328.4
865	3.6251e-06	-16822.3
866	3.6251e-06	-16766.6
867	3.6251e-06	-14905.4
868	3.6251e-06	-12709.5
869	3.6251e-06	-13288.8
870	3.6251e-06	-14000.6
871	3.6251e-06	-12626.4
872	3.6251e-06	-11747
873	3.6251e-06	-11103.1
874	3.6251e-06	-13886.4
875	3.6251e-06	-11809.8
876	3.6251e-06	-12953.5
877	3.6251e-06	-11322.9
878	3.6251e-06	-11871.1
879	3.6251e-06	-12580.1
880	3.6251e-06	-10820.4
881	3.6251e-06	-12425.8
882	3.6251e-06	-11641.3
883	3.6251e-06	-11875.7
884	3.6251e-06	-11354.6
885	3.6251e-06	-12513.1
886	3.6251e-06	-11710.2
887	3.6251e-06	-11072.2
888	3.6251e-06	-11174.1
889	3.6251e-06	-10502.4
890	3.6251e-06	-10260
891	3.6251e-06	-10749.3
892	3.6251e-06	-10265.3
893	3.6251e-06	-10587.7
894	3.6251e-06	-11448.9
895	3.6251e-06	-12387.4
896	3.6251e-06	-12515.2
897	3.6251e-06	-12122
898	3.6251e-06	-11478.1
899	3.6251e-06	-13309.8
900	3.6251e-06	-11564.3
901	3.6251e-06	-10611.8
902	3.6251e-06	-10881.4
903	3.6251e-06	-11192.4
904	3.6251e-06	-11150.1
905	3.6251e-06	-10924.5
906	3.6251e-06	-11799.5
907	3.6251e-06	-10852.9
908	3.6251e-06	-14469.7
909	3.6251e-06	-16056.7
910	3.6251e-06	-17986.9
911	3.6251e-06	-13242.2
912	3.6251e-06	-15150.2
913	3.6251e-06	-12303.1
914	3.6251e-06	-11207.5
915	3.6251e-06	-13613.3
916	3.6251e-06	-12356
917	3.6251e-06	-17892.6
918	3.6251e-06	-12080.6
919	3.6251e-06	-12445.9
920	3.6251e-06	-14244.1
921	3.6251e-06	-10941.7
922	3.6251e-06	-11914
923	3.6251e-06	-11104.2
924	3.6251e-06	-10801.6
925	3.6251e-06	-11880.7
926	3.6251e-06	-10580.3
927	3.6251e-06	-13329.3
928	3.6251e-06	-12532.9
929	3.6251e-06	-12682.4
930	3.6251e-06	-13282.8
931	3.6251e-06	-13669.1
932	3.6251e-06	-11935.2
933	3.6251e-06	-14498.6
934	3.6251e-06	-12492.8
935	3.6251e-06	-11581.9
936	3.6251e-06	-11026.9
937	3.6251e-06	-11317.3
938	3.6251e-06	-10928.1
939	3.6251e-06	-11206.3
940	3.6251e-06	-12004.7
941	3.6251e-06	-11445.3
942	3.6251e-06	-13256.2
943	3.6251e-06	-13374.4
944	3.6251e-06	-13981.1
945	3.6251e-06	-10731.1
946	3.6251e-06	-12032.5
947	3.6251e-06	-13018.1
948	3.6251e-06	-12531.9
949	3.6251e-06	-11285.9
950	3.6251e-06	-11571.6
951	3.6251e-06	-12682.5
952	3.6251e-06	-13183.6
953	3.6251e-06	-14186.3
954	3.6251e-06	-17885.4
955	3.6251e-06	-14497.8
956	3.6251e-06	-12404.9
957	3.6251e-06	-10462.2
958	3.6251e-06	-10857.4
959	3.6251e-06	-11066.4
960	3.6251e-06	-11155
961	3.6251e-06	-10998.2
962	3.6251e-06	-10988.5
963	3.6251e-06	-10826.6
964	3.6251e-06	-10556.2
965	3.6251e-06	-11289.1
966	3.6251e-06	-10753
967	3.6251e-06	-11292
968	3.6251e-06	-10482.7
969	3.6251e-06	-11838.7
970	3.6251e-06	-13844
971	3.6251e-06	-13007.1
972	3.6251e-06	-15249.5
973	3.6251e-06	-14334.1
974	3.6251e-06	-11146.7
975	3.6251e-06	-11141.7
976	3.6251e-06	-12039.4
977	3.6251e-06	-11263.6
978	3.6251e-06	-11048.2
979	3.6251e-06	-11598.8
980	3.6251e-06	-10990.4
981	3.6251e-06	-13333.9
982	3.6251e-06	-14242.7
983	3.6251e-06	-12192.3
984	3.6251e-06	-10610.8
985	3.6251e-06	-12727
986	3.6251e-06	-14119.9
987	3.6251e-06	-12926.2
988	3.6251e-06	-12224.8
989	3.6251e-06	-11226.2
990	3.6251e-06	-12273
991	3.6251e-06	-13537.7
992	3.6251e-06	-15712.6
993	3.6251e-06	-17098.4
994	3.6251e-06	-16113.7
995	3.6251e-06	-17338.7
996	3.6251e-06	-13769
997	3.6251e-06	-12924.9
998	3.6251e-06	-12008.6
999	3.6251e-06	-13613.8
1000	3.6251e-06	-12439.1
