state	power	likelihood
251	0.00876572	-8789.92
252	0.00876572	-9092.82
253	0.00876572	-9117.74
254	0.00876572	-8637.84
255	0.00876572	-8927.76
256	0.00876572	-9014.86
257	0.00876572	-9485.38
258	0.00876572	-9436.02
259	0.00876572	-9247.6
260	0.00876572	-8927.04
261	0.00876572	-9085.2
262	0.00876572	-9047.17
263	0.00876572	-9103.31
264	0.00876572	-9336.8
265	0.00876572	-9007.79
266	0.00876572	-9874.42
267	0.00876572	-9848.63
268	0.00876572	-9513.57
269	0.00876572	-9014.16
270	0.00876572	-9090
271	0.00876572	-9321.89
272	0.00876572	-9667.9
273	0.00876572	-9179.91
274	0.00876572	-8864.92
275	0.00876572	-8981.25
276	0.00876572	-9043.54
277	0.00876572	-9797.66
278	0.00876572	-9312.83
279	0.00876572	-9286.74
280	0.00876572	-9369.83
281	0.00876572	-9272.07
282	0.00876572	-9194.15
283	0.00876572	-9027.94
284	0.00876572	-9199.65
285	0.00876572	-8921.73
286	0.00876572	-9273.65
287	0.00876572	-8798.73
288	0.00876572	-9157.38
289	0.00876572	-9417.37
290	0.00876572	-9384.91
291	0.00876572	-9221.33
292	0.00876572	-8661.09
293	0.00876572	-9079.42
294	0.00876572	-8866.66
295	0.00876572	-8999.74
296	0.00876572	-9393.87
297	0.00876572	-9083.28
298	0.00876572	-9047.27
299	0.00876572	-9349.71
300	0.00876572	-8896.82
301	0.00876572	-8911.18
302	0.00876572	-9039.25
303	0.00876572	-9035.76
304	0.00876572	-9060.05
305	0.00876572	-8816.08
306	0.00876572	-9068.59
307	0.00876572	-9501.72
308	0.00876572	-8928.25
309	0.00876572	-8948.95
310	0.00876572	-8709.1
311	0.00876572	-9169.62
312	0.00876572	-9086.7
313	0.00876572	-9914.64
314	0.00876572	-8977.9
315	0.00876572	-8781.82
316	0.00876572	-9325.67
317	0.00876572	-8582.42
318	0.00876572	-8764.48
319	0.00876572	-8843.6
320	0.00876572	-8887.22
321	0.00876572	-9173.33
322	0.00876572	-9327.03
323	0.00876572	-9114.23
324	0.00876572	-8987.12
325	0.00876572	-9034.09
326	0.00876572	-9472.27
327	0.00876572	-10109.7
328	0.00876572	-9631.28
329	0.00876572	-9222.31
330	0.00876572	-9134.23
331	0.00876572	-8696.21
332	0.00876572	-9158.51
333	0.00876572	-9245.06
334	0.00876572	-9448.7
335	0.00876572	-9662.88
336	0.00876572	-9418.6
337	0.00876572	-9068.35
338	0.00876572	-9129.69
339	0.00876572	-8914.12
340	0.00876572	-8820.7
341	0.00876572	-8937.01
342	0.00876572	-8574.07
343	0.00876572	-9465.72
344	0.00876572	-9843.67
345	0.00876572	-9933.48
346	0.00876572	-10031
347	0.00876572	-9052.93
348	0.00876572	-9275.55
349	0.00876572	-8913.69
350	0.00876572	-9236.05
351	0.00876572	-9048.58
352	0.00876572	-9365.14
353	0.00876572	-9409.31
354	0.00876572	-9992.05
355	0.00876572	-9817.44
356	0.00876572	-9380.41
357	0.00876572	-9423.77
358	0.00876572	-9081.09
359	0.00876572	-9260.1
360	0.00876572	-9024.89
361	0.00876572	-9391.7
362	0.00876572	-9397.57
363	0.00876572	-9210.51
364	0.00876572	-9423.39
365	0.00876572	-9294.79
366	0.00876572	-8790.02
367	0.00876572	-9340.86
368	0.00876572	-8955.89
369	0.00876572	-9095.77
370	0.00876572	-9529.08
371	0.00876572	-10148.1
372	0.00876572	-9124.37
373	0.00876572	-8788.47
374	0.00876572	-8801.45
375	0.00876572	-9375.2
376	0.00876572	-8800.21
377	0.00876572	-8756.14
378	0.00876572	-9021.18
379	0.00876572	-9037.91
380	0.00876572	-9159.65
381	0.00876572	-8996.49
382	0.00876572	-9236.82
383	0.00876572	-9242.26
384	0.00876572	-9526.95
385	0.00876572	-9359.65
386	0.00876572	-10352.2
387	0.00876572	-9802.75
388	0.00876572	-9765.71
389	0.00876572	-8846.03
390	0.00876572	-9386.5
391	0.00876572	-8838.37
392	0.00876572	-9061.03
393	0.00876572	-8962.31
394	0.00876572	-8975.67
395	0.00876572	-9730.08
396	0.00876572	-8835.45
397	0.00876572	-8962.47
398	0.00876572	-9113.94
399	0.00876572	-8943.19
400	0.00876572	-8823.65
401	0.00876572	-8949.3
402	0.00876572	-8751.63
403	0.00876572	-9341.52
404	0.00876572	-8896.92
405	0.00876572	-8869.16
406	0.00876572	-8778.82
407	0.00876572	-8744.81
408	0.00876572	-9351.64
409	0.00876572	-9019.62
410	0.00876572	-8776.3
411	0.00876572	-9121.92
412	0.00876572	-8900.83
413	0.00876572	-8772.3
414	0.00876572	-8792.51
415	0.00876572	-8856.05
416	0.00876572	-8976.88
417	0.00876572	-8861.81
418	0.00876572	-9061.47
419	0.00876572	-9400.78
420	0.00876572	-9377.74
421	0.00876572	-9505.29
422	0.00876572	-10042.7
423	0.00876572	-9287.87
424	0.00876572	-8824.34
425	0.00876572	-9010.02
426	0.00876572	-8853.83
427	0.00876572	-9375.26
428	0.00876572	-8938.17
429	0.00876572	-9105.19
430	0.00876572	-8958.05
431	0.00876572	-9184.12
432	0.00876572	-9284.33
433	0.00876572	-9213.72
434	0.00876572	-8899.11
435	0.00876572	-9070.88
436	0.00876572	-9193.55
437	0.00876572	-8718.62
438	0.00876572	-9935.04
439	0.00876572	-9197.56
440	0.00876572	-9061.5
441	0.00876572	-9047.91
442	0.00876572	-8836.78
443	0.00876572	-10344.7
444	0.00876572	-9130.77
445	0.00876572	-8972.31
446	0.00876572	-9092.4
447	0.00876572	-9476.67
448	0.00876572	-8942.03
449	0.00876572	-9053.74
450	0.00876572	-9269.86
451	0.00876572	-9049.65
452	0.00876572	-9813.2
453	0.00876572	-9680.58
454	0.00876572	-9697.09
455	0.00876572	-9088.31
456	0.00876572	-9060.57
457	0.00876572	-9182.06
458	0.00876572	-8961.38
459	0.00876572	-9382.46
460	0.00876572	-8973.73
461	0.00876572	-9153.99
462	0.00876572	-9942.1
463	0.00876572	-9231.81
464	0.00876572	-9879.12
465	0.00876572	-9250.86
466	0.00876572	-9741.31
467	0.00876572	-9377.96
468	0.00876572	-9045.46
469	0.00876572	-9213.12
470	0.00876572	-9099.42
471	0.00876572	-8741.9
472	0.00876572	-8919.64
473	0.00876572	-9657.42
474	0.00876572	-9224.7
475	0.00876572	-9738.02
476	0.00876572	-9092.76
477	0.00876572	-9137.84
478	0.00876572	-8853.65
479	0.00876572	-8866.32
480	0.00876572	-8757.46
481	0.00876572	-9045.53
482	0.00876572	-9336.97
483	0.00876572	-9735.5
484	0.00876572	-9715.53
485	0.00876572	-9587.22
486	0.00876572	-9241.87
487	0.00876572	-9070.43
488	0.00876572	-9062.85
489	0.00876572	-9167.47
490	0.00876572	-9336.15
491	0.00876572	-9029.53
492	0.00876572	-9061.68
493	0.00876572	-9174.57
494	0.00876572	-9312.27
495	0.00876572	-8882.27
496	0.00876572	-9217.77
497	0.00876572	-9429.32
498	0.00876572	-9414.71
499	0.00876572	-10607.8
500	0.00876572	-9895.51
501	0.00876572	-9529.08
502	0.00876572	-9917.4
503	0.00876572	-9688.59
504	0.00876572	-9895.49
505	0.00876572	-9216.27
506	0.00876572	-8992.39
507	0.00876572	-8612.28
508	0.00876572	-8688.16
509	0.00876572	-8956.55
510	0.00876572	-8669.03
511	0.00876572	-8888.43
512	0.00876572	-9190.71
513	0.00876572	-9657.59
514	0.00876572	-9159.47
515	0.00876572	-9432.09
516	0.00876572	-9126.59
517	0.00876572	-9427.69
518	0.00876572	-9181.27
519	0.00876572	-9126.19
520	0.00876572	-8953.06
521	0.00876572	-9353.49
522	0.00876572	-9253.58
523	0.00876572	-8909.42
524	0.00876572	-8826.03
525	0.00876572	-9676.24
526	0.00876572	-9086.91
527	0.00876572	-9670.19
528	0.00876572	-9750.42
529	0.00876572	-9935.94
530	0.00876572	-9682.95
531	0.00876572	-9213.2
532	0.00876572	-8815.12
533	0.00876572	-8637.16
534	0.00876572	-9081.28
535	0.00876572	-9010.12
536	0.00876572	-8836.41
537	0.00876572	-9404.91
538	0.00876572	-9066.87
539	0.00876572	-9237.39
540	0.00876572	-9086.47
541	0.00876572	-8729.17
542	0.00876572	-9005.36
543	0.00876572	-9063.85
544	0.00876572	-9007.45
545	0.00876572	-9050.51
546	0.00876572	-8940.54
547	0.00876572	-8983.48
548	0.00876572	-8882.57
549	0.00876572	-9054.25
550	0.00876572	-9604.79
551	0.00876572	-8987.06
552	0.00876572	-8926.54
553	0.00876572	-9125.86
554	0.00876572	-9205.71
555	0.00876572	-9567.39
556	0.00876572	-9711.87
557	0.00876572	-9486.06
558	0.00876572	-9253.69
559	0.00876572	-9410.31
560	0.00876572	-8981.67
561	0.00876572	-9681.08
562	0.00876572	-8993.64
563	0.00876572	-9077.76
564	0.00876572	-9106.02
565	0.00876572	-9009.22
566	0.00876572	-8993.11
567	0.00876572	-9030.49
568	0.00876572	-9089.95
569	0.00876572	-9541.68
570	0.00876572	-9192.81
571	0.00876572	-8798.25
572	0.00876572	-8740.76
573	0.00876572	-9240.06
574	0.00876572	-8771.7
575	0.00876572	-9248.72
576	0.00876572	-9425
577	0.00876572	-9277.24
578	0.00876572	-8719.99
579	0.00876572	-9169.09
580	0.00876572	-8844.44
581	0.00876572	-8953.06
582	0.00876572	-8911
583	0.00876572	-8759.6
584	0.00876572	-9173.57
585	0.00876572	-9125.86
586	0.00876572	-9300.29
587	0.00876572	-9438.53
588	0.00876572	-9023.45
589	0.00876572	-8959.38
590	0.00876572	-8851.97
591	0.00876572	-8801.5
592	0.00876572	-8641.31
593	0.00876572	-9136.48
594	0.00876572	-9720.84
595	0.00876572	-9456.51
596	0.00876572	-8796.59
597	0.00876572	-8705.76
598	0.00876572	-8777.17
599	0.00876572	-9174.31
600	0.00876572	-9173.29
601	0.00876572	-8797.41
602	0.00876572	-9186.86
603	0.00876572	-9527.44
604	0.00876572	-8944.43
605	0.00876572	-8884.94
606	0.00876572	-9003.84
607	0.00876572	-8696.73
608	0.00876572	-8738.65
609	0.00876572	-9035.67
610	0.00876572	-8885.18
611	0.00876572	-9055.36
612	0.00876572	-9246.64
613	0.00876572	-9053.22
614	0.00876572	-9123.65
615	0.00876572	-9634.21
616	0.00876572	-9989.54
617	0.00876572	-9068.57
618	0.00876572	-9374.25
619	0.00876572	-8784.71
620	0.00876572	-9207.19
621	0.00876572	-9110.56
622	0.00876572	-8704.42
623	0.00876572	-9233.45
624	0.00876572	-9019.75
625	0.00876572	-9985.81
626	0.00876572	-9100.37
627	0.00876572	-9495.79
628	0.00876572	-9680.51
629	0.00876572	-9122.51
630	0.00876572	-9311.95
631	0.00876572	-9585.14
632	0.00876572	-9118.82
633	0.00876572	-9425.97
634	0.00876572	-8986.44
635	0.00876572	-9128.93
636	0.00876572	-9283.18
637	0.00876572	-9547.03
638	0.00876572	-9707.23
639	0.00876572	-9205.09
640	0.00876572	-9369.91
641	0.00876572	-9613.58
642	0.00876572	-9020.68
643	0.00876572	-8728.28
644	0.00876572	-9184.48
645	0.00876572	-9023.22
646	0.00876572	-9564.73
647	0.00876572	-8940.58
648	0.00876572	-8692.08
649	0.00876572	-8984.86
650	0.00876572	-8906.36
651	0.00876572	-8935.07
652	0.00876572	-9505.8
653	0.00876572	-9268.78
654	0.00876572	-9569.95
655	0.00876572	-9363.19
656	0.00876572	-9494.94
657	0.00876572	-10001.9
658	0.00876572	-9994.4
659	0.00876572	-9331.17
660	0.00876572	-9081.69
661	0.00876572	-8910
662	0.00876572	-8832.71
663	0.00876572	-9173.42
664	0.00876572	-9336.96
665	0.00876572	-8862.54
666	0.00876572	-8854.99
667	0.00876572	-8978.13
668	0.00876572	-9272.8
669	0.00876572	-8994.68
670	0.00876572	-8885.83
671	0.00876572	-9478.2
672	0.00876572	-9080.81
673	0.00876572	-8956.9
674	0.00876572	-8915.75
675	0.00876572	-8902.52
676	0.00876572	-9083.12
677	0.00876572	-9081.07
678	0.00876572	-8965.11
679	0.00876572	-8799.43
680	0.00876572	-9091.61
681	0.00876572	-9113.42
682	0.00876572	-8901.43
683	0.00876572	-9394.38
684	0.00876572	-8771.76
685	0.00876572	-9322
686	0.00876572	-9160.26
687	0.00876572	-8999.53
688	0.00876572	-9370.02
689	0.00876572	-9003.75
690	0.00876572	-8846
691	0.00876572	-8977.62
692	0.00876572	-8874.21
693	0.00876572	-9376.46
694	0.00876572	-8873.41
695	0.00876572	-8938.89
696	0.00876572	-9026.78
697	0.00876572	-8798.07
698	0.00876572	-9859.97
699	0.00876572	-9105.82
700	0.00876572	-9263.06
701	0.00876572	-8894.67
702	0.00876572	-9042.97
703	0.00876572	-9136.15
704	0.00876572	-9484.39
705	0.00876572	-9601.06
706	0.00876572	-9229.11
707	0.00876572	-8901.48
708	0.00876572	-8577.19
709	0.00876572	-8745.89
710	0.00876572	-8721.49
711	0.00876572	-9329.91
712	0.00876572	-9611.79
713	0.00876572	-9180.82
714	0.00876572	-9499.29
715	0.00876572	-9163.56
716	0.00876572	-9393.5
717	0.00876572	-9320.53
718	0.00876572	-9855.58
719	0.00876572	-9202.74
720	0.00876572	-9218.44
721	0.00876572	-9112.55
722	0.00876572	-9049.18
723	0.00876572	-9123.19
724	0.00876572	-9177.35
725	0.00876572	-9056.23
726	0.00876572	-8706.7
727	0.00876572	-9209.97
728	0.00876572	-9555.08
729	0.00876572	-9604.6
730	0.00876572	-9375.76
731	0.00876572	-8945.5
732	0.00876572	-9281.95
733	0.00876572	-9190.61
734	0.00876572	-9141.92
735	0.00876572	-8875.47
736	0.00876572	-9009.29
737	0.00876572	-9738.05
738	0.00876572	-9051.1
739	0.00876572	-9229.68
740	0.00876572	-9214.34
741	0.00876572	-9071.33
742	0.00876572	-8861.73
743	0.00876572	-9346.62
744	0.00876572	-8913.35
745	0.00876572	-9140.96
746	0.00876572	-9871.86
747	0.00876572	-9428.61
748	0.00876572	-9420.71
749	0.00876572	-8973.78
750	0.00876572	-9127.64
751	0.00876572	-9117.34
752	0.00876572	-8783.27
753	0.00876572	-8954.38
754	0.00876572	-9220.41
755	0.00876572	-9245.51
756	0.00876572	-9539.96
757	0.00876572	-9432.43
758	0.00876572	-9543.55
759	0.00876572	-8978.84
760	0.00876572	-8974.6
761	0.00876572	-9190.99
762	0.00876572	-9015.82
763	0.00876572	-9495.22
764	0.00876572	-9138.88
765	0.00876572	-9996.66
766	0.00876572	-9299.3
767	0.00876572	-9350.15
768	0.00876572	-9237.94
769	0.00876572	-9374.52
770	0.00876572	-9199.06
771	0.00876572	-8912.66
772	0.00876572	-8900
773	0.00876572	-9624.87
774	0.00876572	-10124
775	0.00876572	-9429.28
776	0.00876572	-8879.7
777	0.00876572	-9731.65
778	0.00876572	-9351.4
779	0.00876572	-9217.56
780	0.00876572	-9756.94
781	0.00876572	-9087.99
782	0.00876572	-8935.66
783	0.00876572	-9113.1
784	0.00876572	-8892.22
785	0.00876572	-8869.6
786	0.00876572	-8939.86
787	0.00876572	-8622.36
788	0.00876572	-9356.87
789	0.00876572	-9233.11
790	0.00876572	-8955.43
791	0.00876572	-9025.96
792	0.00876572	-8827.47
793	0.00876572	-9950.34
794	0.00876572	-10144.2
795	0.00876572	-9505.07
796	0.00876572	-9556.66
797	0.00876572	-9494.02
798	0.00876572	-9565.73
799	0.00876572	-9049.02
800	0.00876572	-8985.25
801	0.00876572	-9251.38
802	0.00876572	-9376.41
803	0.00876572	-9290.12
804	0.00876572	-9439.2
805	0.00876572	-8876.14
806	0.00876572	-9141.16
807	0.00876572	-8868.68
808	0.00876572	-8882.68
809	0.00876572	-9268.29
810	0.00876572	-9179.77
811	0.00876572	-9569.31
812	0.00876572	-9594.4
813	0.00876572	-9392.68
814	0.00876572	-9353.82
815	0.00876572	-10012.6
816	0.00876572	-9240.57
817	0.00876572	-9395.5
818	0.00876572	-8982.87
819	0.00876572	-9606.06
820	0.00876572	-8984.57
821	0.00876572	-9234.21
822	0.00876572	-9043.76
823	0.00876572	-9168.08
824	0.00876572	-9000.94
825	0.00876572	-9231.69
826	0.00876572	-8905.53
827	0.00876572	-8965.54
828	0.00876572	-8879.18
829	0.00876572	-9454.82
830	0.00876572	-9438.71
831	0.00876572	-9346.78
832	0.00876572	-8928.18
833	0.00876572	-9146.21
834	0.00876572	-9073.55
835	0.00876572	-9370.82
836	0.00876572	-9197.48
837	0.00876572	-9166.22
838	0.00876572	-8753.34
839	0.00876572	-9098.61
840	0.00876572	-8951.37
841	0.00876572	-8965.46
842	0.00876572	-8843.46
843	0.00876572	-9369.99
844	0.00876572	-9695.4
845	0.00876572	-9744.63
846	0.00876572	-9287.38
847	0.00876572	-9009.21
848	0.00876572	-9442.24
849	0.00876572	-9839.59
850	0.00876572	-9118.28
851	0.00876572	-9403.17
852	0.00876572	-9098.78
853	0.00876572	-9166.46
854	0.00876572	-9143.03
855	0.00876572	-9188.89
856	0.00876572	-9363.43
857	0.00876572	-9746.66
858	0.00876572	-9436.92
859	0.00876572	-9032.23
860	0.00876572	-9217.79
861	0.00876572	-8977.79
862	0.00876572	-8914
863	0.00876572	-9479.32
864	0.00876572	-9014.16
865	0.00876572	-9079.05
866	0.00876572	-9235.27
867	0.00876572	-9014.33
868	0.00876572	-9497.3
869	0.00876572	-9512.64
870	0.00876572	-9044.34
871	0.00876572	-9562.32
872	0.00876572	-9023.03
873	0.00876572	-9280.54
874	0.00876572	-9885.64
875	0.00876572	-10005.8
876	0.00876572	-10063
877	0.00876572	-9352.65
878	0.00876572	-9050.58
879	0.00876572	-9337.99
880	0.00876572	-9293.18
881	0.00876572	-8807.51
882	0.00876572	-9123.99
883	0.00876572	-8829.79
884	0.00876572	-8469.81
885	0.00876572	-8624.95
886	0.00876572	-8800.77
887	0.00876572	-9299.71
888	0.00876572	-8904.23
889	0.00876572	-9279.48
890	0.00876572	-9569.68
891	0.00876572	-9093.31
892	0.00876572	-8776.76
893	0.00876572	-9015.33
894	0.00876572	-9019.55
895	0.00876572	-8670.21
896	0.00876572	-9337.78
897	0.00876572	-8911.67
898	0.00876572	-8842.16
899	0.00876572	-8908.79
900	0.00876572	-9335.62
901	0.00876572	-9581.75
902	0.00876572	-9546.6
903	0.00876572	-9455.59
904	0.00876572	-9151.37
905	0.00876572	-9148.6
906	0.00876572	-9128.18
907	0.00876572	-8962.99
908	0.00876572	-8519.9
909	0.00876572	-8614.17
910	0.00876572	-8943.03
911	0.00876572	-8769.83
912	0.00876572	-9475.56
913	0.00876572	-9653.2
914	0.00876572	-9782.83
915	0.00876572	-9564.85
916	0.00876572	-9564.79
917	0.00876572	-9688.24
918	0.00876572	-9793.85
919	0.00876572	-8928.92
920	0.00876572	-8809.97
921	0.00876572	-8937.68
922	0.00876572	-9052.03
923	0.00876572	-8758.33
924	0.00876572	-8965.22
925	0.00876572	-8977.6
926	0.00876572	-9125.91
927	0.00876572	-9021.24
928	0.00876572	-9202.69
929	0.00876572	-9055.89
930	0.00876572	-8958.07
931	0.00876572	-8849.41
932	0.00876572	-8990.67
933	0.00876572	-8862.07
934	0.00876572	-9023.48
935	0.00876572	-9118.24
936	0.00876572	-9004.75
937	0.00876572	-9392.94
938	0.00876572	-9369.22
939	0.00876572	-9282.72
940	0.00876572	-9208.24
941	0.00876572	-8939.68
942	0.00876572	-8891.07
943	0.00876572	-8725.99
944	0.00876572	-8969.08
945	0.00876572	-8794.34
946	0.00876572	-9219.85
947	0.00876572	-9514.98
948	0.00876572	-9504.69
949	0.00876572	-9192.69
950	0.00876572	-9728.23
951	0.00876572	-9272.03
952	0.00876572	-9787.68
953	0.00876572	-8886.65
954	0.00876572	-9330.53
955	0.00876572	-8885.5
956	0.00876572	-8812.08
957	0.00876572	-8656.09
958	0.00876572	-9297.18
959	0.00876572	-8569.4
960	0.00876572	-9021.99
961	0.00876572	-8980.33
962	0.00876572	-8946.41
963	0.00876572	-9162.83
964	0.00876572	-9097.14
965	0.00876572	-8949.57
966	0.00876572	-8984.28
967	0.00876572	-9139.25
968	0.00876572	-9306.91
969	0.00876572	-8770.5
970	0.00876572	-8779.33
971	0.00876572	-9289.22
972	0.00876572	-9526.57
973	0.00876572	-8879.2
974	0.00876572	-9356.41
975	0.00876572	-8831.67
976	0.00876572	-9926.91
977	0.00876572	-9423.97
978	0.00876572	-8968.89
979	0.00876572	-8678.46
980	0.00876572	-8793.49
981	0.00876572	-8720.95
982	0.00876572	-8727.13
983	0.00876572	-8902.22
984	0.00876572	-8915.59
985	0.00876572	-9005.09
986	0.00876572	-9466.31
987	0.00876572	-9305.04
988	0.00876572	-9491.02
989	0.00876572	-9113.59
990	0.00876572	-9373.06
991	0.00876572	-9730.52
992	0.00876572	-9992.47
993	0.00876572	-9760.34
994	0.00876572	-9701.11
995	0.00876572	-8930.63
996	0.00876572	-9067.4
997	0.00876572	-8984.11
998	0.00876572	-8900.82
999	0.00876572	-9301.36
1000	0.00876572	-9355.8
