state	power	likelihood
251	1.10629e-05	-11010.1
252	1.10629e-05	-11416.4
253	1.10629e-05	-10946
254	1.10629e-05	-10477.7
255	1.10629e-05	-12581.9
256	1.10629e-05	-10799.5
257	1.10629e-05	-11748.8
258	1.10629e-05	-12456.9
259	1.10629e-05	-12803.1
260	1.10629e-05	-10085.4
261	1.10629e-05	-10003.8
262	1.10629e-05	-11778.3
263	1.10629e-05	-13417.9
264	1.10629e-05	-16935.5
265	1.10629e-05	-12312.7
266	1.10629e-05	-12305.5
267	1.10629e-05	-14562
268	1.10629e-05	-12023.1
269	1.10629e-05	-11828.5
270	1.10629e-05	-11804.9
271	1.10629e-05	-13644.2
272	1.10629e-05	-13588.6
273	1.10629e-05	-10999.4
274	1.10629e-05	-10965.5
275	1.10629e-05	-11554.4
276	1.10629e-05	-17637.4
277	1.10629e-05	-13141.6
278	1.10629e-05	-14179.7
279	1.10629e-05	-13718.7
280	1.10629e-05	-15876.5
281	1.10629e-05	-13516.4
282	1.10629e-05	-14791.4
283	1.10629e-05	-13931.1
284	1.10629e-05	-10789.7
285	1.10629e-05	-10866.6
286	1.10629e-05	-15292.8
287	1.10629e-05	-13832
288	1.10629e-05	-11529.1
289	1.10629e-05	-13027.1
290	1.10629e-05	-12213.3
291	1.10629e-05	-14558.4
292	1.10629e-05	-14647.2
293	1.10629e-05	-11835.9
294	1.10629e-05	-12293.7
295	1.10629e-05	-12121.1
296	1.10629e-05	-11047.8
297	1.10629e-05	-11978.6
298	1.10629e-05	-11754.5
299	1.10629e-05	-11816.5
300	1.10629e-05	-12298.1
301	1.10629e-05	-11710.2
302	1.10629e-05	-13046.6
303	1.10629e-05	-14298.3
304	1.10629e-05	-12857.7
305	1.10629e-05	-13449.5
306	1.10629e-05	-12568
307	1.10629e-05	-11947.7
308	1.10629e-05	-13555.2
309	1.10629e-05	-11917.5
310	1.10629e-05	-13075.8
311	1.10629e-05	-12309.9
312	1.10629e-05	-14388.9
313	1.10629e-05	-12873.7
314	1.10629e-05	-12059.1
315	1.10629e-05	-12566.6
316	1.10629e-05	-12487.1
317	1.10629e-05	-13075.3
318	1.10629e-05	-12911.9
319	1.10629e-05	-11768.6
320	1.10629e-05	-11342.9
321	1.10629e-05	-11294.8
322	1.10629e-05	-12585.7
323	1.10629e-05	-13595.8
324	1.10629e-05	-14864.6
325	1.10629e-05	-12750.2
326	1.10629e-05	-11063
327	1.10629e-05	-11491.7
328	1.10629e-05	-11351.1
329	1.10629e-05	-10689.5
330	1.10629e-05	-11236.1
331	1.10629e-05	-10854.7
332	1.10629e-05	-11953.8
333	1.10629e-05	-11749.5
334	1.10629e-05	-12728.4
335	1.10629e-05	-11384.1
336	1.10629e-05	-10807.8
337	1.10629e-05	-13890.2
338	1.10629e-05	-12335.3
339	1.10629e-05	-12109.1
340	1.10629e-05	-10635
341	1.10629e-05	-10985.5
342	1.10629e-05	-10145.7
343	1.10629e-05	-12685.3
344	1.10629e-05	-11677.1
345	1.10629e-05	-11259.4
346	1.10629e-05	-12572.4
347	1.10629e-05	-12775.8
348	1.10629e-05	-12979
349	1.10629e-05	-12459.2
350	1.10629e-05	-13330.6
351	1.10629e-05	-12289.4
352	1.10629e-05	-12894.1
353	1.10629e-05	-11790.3
354	1.10629e-05	-13335
355	1.10629e-05	-15588.6
356	1.10629e-05	-15717.8
357	1.10629e-05	-15687.5
358	1.10629e-05	-15038.5
359	1.10629e-05	-13894.7
360	1.10629e-05	-12186.2
361	1.10629e-05	-15913.5
362	1.10629e-05	-10964.6
363	1.10629e-05	-12111.8
364	1.10629e-05	-10828.5
365	1.10629e-05	-13087.8
366	1.10629e-05	-11232.1
367	1.10629e-05	-12554.6
368	1.10629e-05	-11851.4
369	1.10629e-05	-12876.6
370	1.10629e-05	-14693.6
371	1.10629e-05	-10265.5
372	1.10629e-05	-11881.4
373	1.10629e-05	-16299.4
374	1.10629e-05	-12519.8
375	1.10629e-05	-13889.2
376	1.10629e-05	-12070.2
377	1.10629e-05	-13361.2
378	1.10629e-05	-12952.8
379	1.10629e-05	-12271.4
380	1.10629e-05	-12364.2
381	1.10629e-05	-11358.2
382	1.10629e-05	-13693.5
383	1.10629e-05	-14188.7
384	1.10629e-05	-14714
385	1.10629e-05	-12974.7
386	1.10629e-05	-12755.9
387	1.10629e-05	-13695.2
388	1.10629e-05	-11860.9
389	1.10629e-05	-12474
390	1.10629e-05	-12204.5
391	1.10629e-05	-11468.1
392	1.10629e-05	-11810.1
393	1.10629e-05	-11369.4
394	1.10629e-05	-11000.7
395	1.10629e-05	-11964.6
396	1.10629e-05	-11862.7
397	1.10629e-05	-12354.1
398	1.10629e-05	-11166.7
399	1.10629e-05	-11979.6
400	1.10629e-05	-11781.7
401	1.10629e-05	-11466.3
402	1.10629e-05	-11272.6
403	1.10629e-05	-13014.8
404	1.10629e-05	-13301.3
405	1.10629e-05	-16100.4
406	1.10629e-05	-16333.6
407	1.10629e-05	-14873
408	1.10629e-05	-12450.6
409	1.10629e-05	-12039.8
410	1.10629e-05	-11954
411	1.10629e-05	-10281.5
412	1.10629e-05	-10887.8
413	1.10629e-05	-11177.9
414	1.10629e-05	-12098.1
415	1.10629e-05	-11845.8
416	1.10629e-05	-14369.3
417	1.10629e-05	-16093.8
418	1.10629e-05	-11164.5
419	1.10629e-05	-10799.5
420	1.10629e-05	-13444.9
421	1.10629e-05	-15390.8
422	1.10629e-05	-12983.7
423	1.10629e-05	-13915.2
424	1.10629e-05	-14053
425	1.10629e-05	-13986.2
426	1.10629e-05	-13415.2
427	1.10629e-05	-13313.9
428	1.10629e-05	-10708.9
429	1.10629e-05	-11733.6
430	1.10629e-05	-10312.3
431	1.10629e-05	-12978.4
432	1.10629e-05	-14989.9
433	1.10629e-05	-12250.1
434	1.10629e-05	-12590.8
435	1.10629e-05	-13223.1
436	1.10629e-05	-10597.6
437	1.10629e-05	-11445.3
438	1.10629e-05	-11348.7
439	1.10629e-05	-14775.3
440	1.10629e-05	-11203.8
441	1.10629e-05	-12555.8
442	1.10629e-05	-11597.3
443	1.10629e-05	-12327.1
444	1.10629e-05	-11063.2
445	1.10629e-05	-12889.5
446	1.10629e-05	-11432.3
447	1.10629e-05	-11687.1
448	1.10629e-05	-11825.8
449	1.10629e-05	-14570.8
450	1.10629e-05	-12386.3
451	1.10629e-05	-12297.2
452	1.10629e-05	-12828.9
453	1.10629e-05	-10971.1
454	1.10629e-05	-10442.8
455	1.10629e-05	-10188.1
456	1.10629e-05	-12729.9
457	1.10629e-05	-10908
458	1.10629e-05	-10755.7
459	1.10629e-05	-12201.6
460	1.10629e-05	-12224.9
461	1.10629e-05	-11353.1
462	1.10629e-05	-11277.9
463	1.10629e-05	-12950.9
464	1.10629e-05	-12685.4
465	1.10629e-05	-13957.4
466	1.10629e-05	-15004.1
467	1.10629e-05	-11068.3
468	1.10629e-05	-12190.8
469	1.10629e-05	-11305
470	1.10629e-05	-10874.7
471	1.10629e-05	-11486.6
472	1.10629e-05	-15836.4
473	1.10629e-05	-16003.9
474	1.10629e-05	-13414.6
475	1.10629e-05	-16105.2
476	1.10629e-05	-13763.2
477	1.10629e-05	-14320.7
478	1.10629e-05	-13070.4
479	1.10629e-05	-15297.3
480	1.10629e-05	-14763.7
481	1.10629e-05	-11313.4
482	1.10629e-05	-12778.6
483	1.10629e-05	-13391.5
484	1.10629e-05	-12031.3
485	1.10629e-05	-10525.2
486	1.10629e-05	-12479
487	1.10629e-05	-14159.7
488	1.10629e-05	-11631.6
489	1.10629e-05	-11838.1
490	1.10629e-05	-11439.3
491	1.10629e-05	-11407.3
492	1.10629e-05	-11086.8
493	1.10629e-05	-11576.4
494	1.10629e-05	-12000.8
495	1.10629e-05	-12584.9
496	1.10629e-05	-12460
497	1.10629e-05	-12750
498	1.10629e-05	-14342.8
499	1.10629e-05	-13918.2
500	1.10629e-05	-14165.8
501	1.10629e-05	-15300.5
502	1.10629e-05	-14961.5
503	1.10629e-05	-14611.1
504	1.10629e-05	-16377.9
505	1.10629e-05	-13961
506	1.10629e-05	-13018.3
507	1.10629e-05	-13098.4
508	1.10629e-05	-12117.8
509	1.10629e-05	-11480
510	1.10629e-05	-10931.8
511	1.10629e-05	-11781.4
512	1.10629e-05	-10681.3
513	1.10629e-05	-12784.6
514	1.10629e-05	-13513.7
515	1.10629e-05	-12200.9
516	1.10629e-05	-13699.6
517	1.10629e-05	-14614.7
518	1.10629e-05	-13429.2
519	1.10629e-05	-12858.9
520	1.10629e-05	-13854.8
521	1.10629e-05	-12306
522	1.10629e-05	-12176.5
523	1.10629e-05	-11588.3
524	1.10629e-05	-13737.2
525	1.10629e-05	-17029
526	1.10629e-05	-16893.3
527	1.10629e-05	-17631.4
528	1.10629e-05	-14906.4
529	1.10629e-05	-12909.8
530	1.10629e-05	-14038.1
531	1.10629e-05	-14350.6
532	1.10629e-05	-11952.7
533	1.10629e-05	-14707.2
534	1.10629e-05	-12111.4
535	1.10629e-05	-11452.2
536	1.10629e-05	-12617.5
537	1.10629e-05	-14756.8
538	1.10629e-05	-13230.1
539	1.10629e-05	-12910.3
540	1.10629e-05	-12348.9
541	1.10629e-05	-14302.4
542	1.10629e-05	-14650.3
543	1.10629e-05	-14187.1
544	1.10629e-05	-11364.9
545	1.10629e-05	-12891
546	1.10629e-05	-12578.8
547	1.10629e-05	-11568.5
548	1.10629e-05	-12096.2
549	1.10629e-05	-12462.1
550	1.10629e-05	-14190.1
551	1.10629e-05	-13108.4
552	1.10629e-05	-11870.4
553	1.10629e-05	-16018.1
554	1.10629e-05	-11587.9
555	1.10629e-05	-11851.4
556	1.10629e-05	-13086.2
557	1.10629e-05	-14486.4
558	1.10629e-05	-12474.1
559	1.10629e-05	-12430.5
560	1.10629e-05	-12107.4
561	1.10629e-05	-12676.2
562	1.10629e-05	-12055
563	1.10629e-05	-13012.8
564	1.10629e-05	-13033.7
565	1.10629e-05	-11965.4
566	1.10629e-05	-12768.4
567	1.10629e-05	-13656.4
568	1.10629e-05	-13219.8
569	1.10629e-05	-14089
570	1.10629e-05	-12930.8
571	1.10629e-05	-11487
572	1.10629e-05	-13766.9
573	1.10629e-05	-12920.2
574	1.10629e-05	-12683
575	1.10629e-05	-11619.1
576	1.10629e-05	-15860.8
577	1.10629e-05	-14644.5
578	1.10629e-05	-11804.8
579	1.10629e-05	-14141.7
580	1.10629e-05	-12516.1
581	1.10629e-05	-14013.5
582	1.10629e-05	-11799.5
583	1.10629e-05	-10227.3
584	1.10629e-05	-10135.4
585	1.10629e-05	-10623.9
586	1.10629e-05	-10783.7
587	1.10629e-05	-12493.7
588	1.10629e-05	-13593.9
589	1.10629e-05	-13860
590	1.10629e-05	-13852
591	1.10629e-05	-11324.2
592	1.10629e-05	-10500.8
593	1.10629e-05	-10926.1
594	1.10629e-05	-12293.6
595	1.10629e-05	-11669.1
596	1.10629e-05	-12642.7
597	1.10629e-05	-12981.1
598	1.10629e-05	-11148.9
599	1.10629e-05	-13000.1
600	1.10629e-05	-12221
601	1.10629e-05	-12330.7
602	1.10629e-05	-10396.3
603	1.10629e-05	-11028.9
604	1.10629e-05	-11367.6
605	1.10629e-05	-11888.9
606	1.10629e-05	-14759.7
607	1.10629e-05	-13770.1
608	1.10629e-05	-16296.9
609	1.10629e-05	-15188.9
610	1.10629e-05	-16667.4
611	1.10629e-05	-16626.6
612	1.10629e-05	-16190.3
613	1.10629e-05	-14585.8
614	1.10629e-05	-12624.2
615	1.10629e-05	-12135.6
616	1.10629e-05	-12463
617	1.10629e-05	-14846.7
618	1.10629e-05	-12748.7
619	1.10629e-05	-12816.9
620	1.10629e-05	-12089.8
621	1.10629e-05	-10366.4
622	1.10629e-05	-12758.6
623	1.10629e-05	-13691.3
624	1.10629e-05	-12233.1
625	1.10629e-05	-12829.6
626	1.10629e-05	-12845.2
627	1.10629e-05	-11131.7
628	1.10629e-05	-11253.2
629	1.10629e-05	-11717
630	1.10629e-05	-10974.5
631	1.10629e-05	-10065.5
632	1.10629e-05	-11839.1
633	1.10629e-05	-11864.8
634	1.10629e-05	-13283.5
635	1.10629e-05	-15923.1
636	1.10629e-05	-14710.5
637	1.10629e-05	-12134.8
638	1.10629e-05	-13887.6
639	1.10629e-05	-11949.1
640	1.10629e-05	-13690.4
641	1.10629e-05	-11402.3
642	1.10629e-05	-11437.3
643	1.10629e-05	-10231.3
644	1.10629e-05	-10540.8
645	1.10629e-05	-10575.6
646	1.10629e-05	-10623.3
647	1.10629e-05	-13648.6
648	1.10629e-05	-14270.8
649	1.10629e-05	-13601
650	1.10629e-05	-14238
651	1.10629e-05	-11186
652	1.10629e-05	-12775.2
653	1.10629e-05	-12449.3
654	1.10629e-05	-13138.1
655	1.10629e-05	-13257.4
656	1.10629e-05	-13923.4
657	1.10629e-05	-13927.4
658	1.10629e-05	-11829.7
659	1.10629e-05	-11727.9
660	1.10629e-05	-12134.7
661	1.10629e-05	-11100.8
662	1.10629e-05	-10937.5
663	1.10629e-05	-11031.6
664	1.10629e-05	-11414.3
665	1.10629e-05	-11104.8
666	1.10629e-05	-12724.1
667	1.10629e-05	-11945.8
668	1.10629e-05	-11450.2
669	1.10629e-05	-12324.7
670	1.10629e-05	-13013.9
671	1.10629e-05	-11088.9
672	1.10629e-05	-10328.2
673	1.10629e-05	-12513.3
674	1.10629e-05	-15008.4
675	1.10629e-05	-13633.4
676	1.10629e-05	-14861.4
677	1.10629e-05	-10736.6
678	1.10629e-05	-11067
679	1.10629e-05	-11594.2
680	1.10629e-05	-10787.3
681	1.10629e-05	-11495.9
682	1.10629e-05	-11820.1
683	1.10629e-05	-13822.8
684	1.10629e-05	-14488
685	1.10629e-05	-13340.8
686	1.10629e-05	-14582.7
687	1.10629e-05	-12754.1
688	1.10629e-05	-11142.5
689	1.10629e-05	-11181.7
690	1.10629e-05	-13832.2
691	1.10629e-05	-13818.5
692	1.10629e-05	-14186.4
693	1.10629e-05	-13423.2
694	1.10629e-05	-12879.4
695	1.10629e-05	-12590.4
696	1.10629e-05	-10458.6
697	1.10629e-05	-11369.5
698	1.10629e-05	-11435.8
699	1.10629e-05	-12766.5
700	1.10629e-05	-12619.2
701	1.10629e-05	-11597.6
702	1.10629e-05	-13254.5
703	1.10629e-05	-10938.3
704	1.10629e-05	-13020.3
705	1.10629e-05	-13554.7
706	1.10629e-05	-13405.9
707	1.10629e-05	-13936.2
708	1.10629e-05	-14754.4
709	1.10629e-05	-12440.8
710	1.10629e-05	-12090.2
711	1.10629e-05	-13350.3
712	1.10629e-05	-13400.6
713	1.10629e-05	-11584.2
714	1.10629e-05	-10565
715	1.10629e-05	-11469.5
716	1.10629e-05	-12572.9
717	1.10629e-05	-11885
718	1.10629e-05	-10778.3
719	1.10629e-05	-15630
720	1.10629e-05	-13393.8
721	1.10629e-05	-12478.1
722	1.10629e-05	-11395.3
723	1.10629e-05	-11442.5
724	1.10629e-05	-11165.3
725	1.10629e-05	-11743.4
726	1.10629e-05	-11168.1
727	1.10629e-05	-13415.2
728	1.10629e-05	-11439.9
729	1.10629e-05	-10607.6
730	1.10629e-05	-10346.4
731	1.10629e-05	-13345.1
732	1.10629e-05	-16790.1
733	1.10629e-05	-13219.5
734	1.10629e-05	-11922.5
735	1.10629e-05	-11096.8
736	1.10629e-05	-13130.3
737	1.10629e-05	-11784.8
738	1.10629e-05	-11686.9
739	1.10629e-05	-12188.6
740	1.10629e-05	-12541.2
741	1.10629e-05	-12977.1
742	1.10629e-05	-11671.7
743	1.10629e-05	-12030.3
744	1.10629e-05	-11515.5
745	1.10629e-05	-11236.4
746	1.10629e-05	-10928.2
747	1.10629e-05	-11944.3
748	1.10629e-05	-13307.8
749	1.10629e-05	-14149.7
750	1.10629e-05	-14669.1
751	1.10629e-05	-14165.5
752	1.10629e-05	-10838.4
753	1.10629e-05	-11924.7
754	1.10629e-05	-11374.5
755	1.10629e-05	-17011.1
756	1.10629e-05	-10986.6
757	1.10629e-05	-11526
758	1.10629e-05	-11314.6
759	1.10629e-05	-10691.1
760	1.10629e-05	-11036.3
761	1.10629e-05	-10876.8
762	1.10629e-05	-12170.8
763	1.10629e-05	-12071.5
764	1.10629e-05	-11543.4
765	1.10629e-05	-11115.8
766	1.10629e-05	-10999.7
767	1.10629e-05	-10742.1
768	1.10629e-05	-11453.6
769	1.10629e-05	-12724.1
770	1.10629e-05	-11371.1
771	1.10629e-05	-11268.6
772	1.10629e-05	-13905.6
773	1.10629e-05	-10995.8
774	1.10629e-05	-10924.7
775	1.10629e-05	-13445.4
776	1.10629e-05	-10663.1
777	1.10629e-05	-13645.2
778	1.10629e-05	-15220.7
779	1.10629e-05	-12679
780	1.10629e-05	-12250
781	1.10629e-05	-12964.5
782	1.10629e-05	-16935.4
783	1.10629e-05	-14204.1
784	1.10629e-05	-13440
785	1.10629e-05	-13773
786	1.10629e-05	-12461.9
787	1.10629e-05	-11542.6
788	1.10629e-05	-12705
789	1.10629e-05	-12839.6
790	1.10629e-05	-13900.5
791	1.10629e-05	-14001.9
792	1.10629e-05	-12263.2
793	1.10629e-05	-14179.4
794	1.10629e-05	-13156.8
795	1.10629e-05	-13469.4
796	1.10629e-05	-14794.3
797	1.10629e-05	-14209.1
798	1.10629e-05	-12751.3
799	1.10629e-05	-13659.9
800	1.10629e-05	-11648.9
801	1.10629e-05	-10499.1
802	1.10629e-05	-13349.5
803	1.10629e-05	-13096.4
804	1.10629e-05	-11961.7
805	1.10629e-05	-11619.6
806	1.10629e-05	-12881.1
807	1.10629e-05	-12271.2
808	1.10629e-05	-11634.3
809	1.10629e-05	-12966.6
810	1.10629e-05	-13256.8
811	1.10629e-05	-13456.6
812	1.10629e-05	-12032.8
813	1.10629e-05	-12220.9
814	1.10629e-05	-12480.9
815	1.10629e-05	-15357.4
816	1.10629e-05	-15756
817	1.10629e-05	-17888.3
818	1.10629e-05	-14208.7
819	1.10629e-05	-15565.9
820	1.10629e-05	-15540.9
821	1.10629e-05	-15894
822	1.10629e-05	-17271.9
823	1.10629e-05	-16422.2
824	1.10629e-05	-15345.7
825	1.10629e-05	-10683.5
826	1.10629e-05	-15266.6
827	1.10629e-05	-11462.3
828	1.10629e-05	-12885.5
829	1.10629e-05	-12529.6
830	1.10629e-05	-10258.2
831	1.10629e-05	-10211.8
832	1.10629e-05	-12068.8
833	1.10629e-05	-12970.5
834	1.10629e-05	-15252.2
835	1.10629e-05	-13003.2
836	1.10629e-05	-12431.9
837	1.10629e-05	-12424.6
838	1.10629e-05	-13349.4
839	1.10629e-05	-13588.7
840	1.10629e-05	-14381.4
841	1.10629e-05	-12001.1
842	1.10629e-05	-12272.1
843	1.10629e-05	-12564.6
844	1.10629e-05	-12972.7
845	1.10629e-05	-11361.5
846	1.10629e-05	-12964
847	1.10629e-05	-13638.4
848	1.10629e-05	-14202.6
849	1.10629e-05	-12686.5
850	1.10629e-05	-14015
851	1.10629e-05	-12900.6
852	1.10629e-05	-11383.2
853	1.10629e-05	-11565.7
854	1.10629e-05	-10911.8
855	1.10629e-05	-12108.7
856	1.10629e-05	-12903.3
857	1.10629e-05	-12248
858	1.10629e-05	-13931.9
859	1.10629e-05	-17712.6
860	1.10629e-05	-11835.9
861	1.10629e-05	-12952.4
862	1.10629e-05	-13607.2
863	1.10629e-05	-10580.1
864	1.10629e-05	-11038.6
865	1.10629e-05	-9815.92
866	1.10629e-05	-10535.7
867	1.10629e-05	-11039.2
868	1.10629e-05	-10299
869	1.10629e-05	-12621.4
870	1.10629e-05	-12082.8
871	1.10629e-05	-10789
872	1.10629e-05	-11215.7
873	1.10629e-05	-12122.6
874	1.10629e-05	-15679.1
875	1.10629e-05	-13248.7
876	1.10629e-05	-11913.4
877	1.10629e-05	-10935.6
878	1.10629e-05	-15686.6
879	1.10629e-05	-14406.5
880	1.10629e-05	-14473.1
881	1.10629e-05	-14053.6
882	1.10629e-05	-11572.4
883	1.10629e-05	-12178.6
884	1.10629e-05	-11325.7
885	1.10629e-05	-14200.9
886	1.10629e-05	-11816.7
887	1.10629e-05	-12015.7
888	1.10629e-05	-11549.1
889	1.10629e-05	-13965
890	1.10629e-05	-12766.5
891	1.10629e-05	-14341.5
892	1.10629e-05	-11227.7
893	1.10629e-05	-12324.7
894	1.10629e-05	-11756.3
895	1.10629e-05	-11396.5
896	1.10629e-05	-11038.1
897	1.10629e-05	-11704.4
898	1.10629e-05	-18016.2
899	1.10629e-05	-15529.7
900	1.10629e-05	-15792.6
901	1.10629e-05	-16121.2
902	1.10629e-05	-10837.4
903	1.10629e-05	-11348.9
904	1.10629e-05	-12727
905	1.10629e-05	-13319.4
906	1.10629e-05	-11596.7
907	1.10629e-05	-11801.9
908	1.10629e-05	-13103.4
909	1.10629e-05	-15284.7
910	1.10629e-05	-14497.1
911	1.10629e-05	-11123.1
912	1.10629e-05	-11205.3
913	1.10629e-05	-11401.8
914	1.10629e-05	-13387.1
915	1.10629e-05	-12743.1
916	1.10629e-05	-13942.1
917	1.10629e-05	-11778.1
918	1.10629e-05	-13055.4
919	1.10629e-05	-13880.3
920	1.10629e-05	-14783.4
921	1.10629e-05	-15821.3
922	1.10629e-05	-13042.5
923	1.10629e-05	-11192.7
924	1.10629e-05	-11401.2
925	1.10629e-05	-11868.5
926	1.10629e-05	-12061
927	1.10629e-05	-11475.3
928	1.10629e-05	-14068.1
929	1.10629e-05	-12040.5
930	1.10629e-05	-11078.1
931	1.10629e-05	-11410.5
932	1.10629e-05	-11619.5
933	1.10629e-05	-10442.2
934	1.10629e-05	-13331.7
935	1.10629e-05	-12894.5
936	1.10629e-05	-12502.3
937	1.10629e-05	-14708
938	1.10629e-05	-10092.9
939	1.10629e-05	-11731.4
940	1.10629e-05	-12439.2
941	1.10629e-05	-12720.7
942	1.10629e-05	-16701.2
943	1.10629e-05	-12459.3
944	1.10629e-05	-11483.4
945	1.10629e-05	-12452.1
946	1.10629e-05	-13294.2
947	1.10629e-05	-12722.3
948	1.10629e-05	-12351.4
949	1.10629e-05	-13890.4
950	1.10629e-05	-11270.2
951	1.10629e-05	-12425.5
952	1.10629e-05	-12361.5
953	1.10629e-05	-12865
954	1.10629e-05	-13405.7
955	1.10629e-05	-12185.9
956	1.10629e-05	-14865.3
957	1.10629e-05	-12490.8
958	1.10629e-05	-13435.4
959	1.10629e-05	-12686.1
960	1.10629e-05	-11188.7
961	1.10629e-05	-11218.4
962	1.10629e-05	-10814.9
963	1.10629e-05	-11358.2
964	1.10629e-05	-11376.8
965	1.10629e-05	-11363.6
966	1.10629e-05	-10806.5
967	1.10629e-05	-11774.6
968	1.10629e-05	-11636.2
969	1.10629e-05	-12207.8
970	1.10629e-05	-10157.3
971	1.10629e-05	-10939
972	1.10629e-05	-13158.4
973	1.10629e-05	-13495.3
974	1.10629e-05	-11075.8
975	1.10629e-05	-10981.8
976	1.10629e-05	-11702.9
977	1.10629e-05	-10712.3
978	1.10629e-05	-10034.3
979	1.10629e-05	-13257.2
980	1.10629e-05	-13163.8
981	1.10629e-05	-13221
982	1.10629e-05	-11686.6
983	1.10629e-05	-10831.9
984	1.10629e-05	-11391
985	1.10629e-05	-12413
986	1.10629e-05	-18162.8
987	1.10629e-05	-12920.3
988	1.10629e-05	-10504.9
989	1.10629e-05	-11943.6
990	1.10629e-05	-10262.9
991	1.10629e-05	-11396.8
992	1.10629e-05	-13863.6
993	1.10629e-05	-10336.6
994	1.10629e-05	-10299.4
995	1.10629e-05	-11237.1
996	1.10629e-05	-13343.7
997	1.10629e-05	-12487.2
998	1.10629e-05	-13008
999	1.10629e-05	-12741.7
1000	1.10629e-05	-11301.2
