state	power	likelihood
251	0.118787	-8128.51
252	0.118787	-8109.47
253	0.118787	-8091.74
254	0.118787	-8136.79
255	0.118787	-8118.88
256	0.118787	-8143.65
257	0.118787	-8154.12
258	0.118787	-8110.84
259	0.118787	-8111.45
260	0.118787	-8177.04
261	0.118787	-8164.32
262	0.118787	-8159.12
263	0.118787	-8148.96
264	0.118787	-8177.41
265	0.118787	-8139.29
266	0.118787	-8173.34
267	0.118787	-8155.48
268	0.118787	-8153.61
269	0.118787	-8153.9
270	0.118787	-8151.21
271	0.118787	-8167.01
272	0.118787	-8175.93
273	0.118787	-8152.78
274	0.118787	-8141.01
275	0.118787	-8139.94
276	0.118787	-8162.5
277	0.118787	-8155.63
278	0.118787	-8175.59
279	0.118787	-8151.99
280	0.118787	-8171.55
281	0.118787	-8142.8
282	0.118787	-8141.75
283	0.118787	-8144.37
284	0.118787	-8129.5
285	0.118787	-8093.13
286	0.118787	-8125.74
287	0.118787	-8159.54
288	0.118787	-8155.24
289	0.118787	-8166.91
290	0.118787	-8137.98
291	0.118787	-8137.19
292	0.118787	-8181.55
293	0.118787	-8151.03
294	0.118787	-8178.15
295	0.118787	-8164.62
296	0.118787	-8137.42
297	0.118787	-8145.74
298	0.118787	-8117.37
299	0.118787	-8154.06
300	0.118787	-8147.3
301	0.118787	-8132.3
302	0.118787	-8133.48
303	0.118787	-8140.59
304	0.118787	-8120.1
305	0.118787	-8134.5
306	0.118787	-8155.01
307	0.118787	-8197.7
308	0.118787	-8186.12
309	0.118787	-8160.64
310	0.118787	-8184.73
311	0.118787	-8156.27
312	0.118787	-8202.55
313	0.118787	-8182.3
314	0.118787	-8198.53
315	0.118787	-8198.02
316	0.118787	-8200.88
317	0.118787	-8241.75
318	0.118787	-8240.62
319	0.118787	-8162.24
320	0.118787	-8143.61
321	0.118787	-8194.86
322	0.118787	-8109.96
323	0.118787	-8122.17
324	0.118787	-8149.25
325	0.118787	-8172.39
326	0.118787	-8147.93
327	0.118787	-8172.89
328	0.118787	-8099.9
329	0.118787	-8102.23
330	0.118787	-8165.98
331	0.118787	-8100.24
332	0.118787	-8098.41
333	0.118787	-8087.78
334	0.118787	-8104.86
335	0.118787	-8136.85
336	0.118787	-8117.39
337	0.118787	-8131.33
338	0.118787	-8159.96
339	0.118787	-8140.03
340	0.118787	-8103.09
341	0.118787	-8079.96
342	0.118787	-8079.11
343	0.118787	-8079.99
344	0.118787	-8091.71
345	0.118787	-8099.83
346	0.118787	-8068.2
347	0.118787	-8121.28
348	0.118787	-8159.19
349	0.118787	-8141.9
350	0.118787	-8159.02
351	0.118787	-8209.88
352	0.118787	-8196.52
353	0.118787	-8139.07
354	0.118787	-8158.81
355	0.118787	-8145.67
356	0.118787	-8149.73
357	0.118787	-8131.13
358	0.118787	-8167.62
359	0.118787	-8164.62
360	0.118787	-8178.9
361	0.118787	-8178.52
362	0.118787	-8151.66
363	0.118787	-8124.78
364	0.118787	-8141.64
365	0.118787	-8098.89
366	0.118787	-8108.14
367	0.118787	-8088.59
368	0.118787	-8115.58
369	0.118787	-8125.32
370	0.118787	-8128.43
371	0.118787	-8123.03
372	0.118787	-8089.71
373	0.118787	-8138.21
374	0.118787	-8146.21
375	0.118787	-8137.47
376	0.118787	-8122.98
377	0.118787	-8123.9
378	0.118787	-8149.64
379	0.118787	-8123.25
380	0.118787	-8123.19
381	0.118787	-8130.52
382	0.118787	-8104.74
383	0.118787	-8093.22
384	0.118787	-8123.17
385	0.118787	-8111.1
386	0.118787	-8123.23
387	0.118787	-8093.67
388	0.118787	-8066.37
389	0.118787	-8107.2
390	0.118787	-8132.86
391	0.118787	-8110.35
392	0.118787	-8124.37
393	0.118787	-8114.7
394	0.118787	-8095.52
395	0.118787	-8073.42
396	0.118787	-8116.38
397	0.118787	-8140.39
398	0.118787	-8144.47
399	0.118787	-8213.47
400	0.118787	-8144.17
401	0.118787	-8195.18
402	0.118787	-8143.47
403	0.118787	-8130.04
404	0.118787	-8130.84
405	0.118787	-8139.88
406	0.118787	-8128.89
407	0.118787	-8145.58
408	0.118787	-8126.34
409	0.118787	-8120.93
410	0.118787	-8118.46
411	0.118787	-8165.35
412	0.118787	-8148.71
413	0.118787	-8168.4
414	0.118787	-8191.64
415	0.118787	-8194.96
416	0.118787	-8151.99
417	0.118787	-8214.86
418	0.118787	-8158.96
419	0.118787	-8115.11
420	0.118787	-8104.62
421	0.118787	-8106.55
422	0.118787	-8113.88
423	0.118787	-8120.74
424	0.118787	-8150.24
425	0.118787	-8094.22
426	0.118787	-8105.79
427	0.118787	-8083.77
428	0.118787	-8098.6
429	0.118787	-8119.47
430	0.118787	-8128.33
431	0.118787	-8123.9
432	0.118787	-8092.77
433	0.118787	-8111.28
434	0.118787	-8114.36
435	0.118787	-8138.17
436	0.118787	-8163.94
437	0.118787	-8197.54
438	0.118787	-8175.53
439	0.118787	-8128.04
440	0.118787	-8168.88
441	0.118787	-8167
442	0.118787	-8170.8
443	0.118787	-8159.95
444	0.118787	-8201.41
445	0.118787	-8209.99
446	0.118787	-8099.76
447	0.118787	-8131.03
448	0.118787	-8140.66
449	0.118787	-8158.92
450	0.118787	-8185.3
451	0.118787	-8174.9
452	0.118787	-8130.85
453	0.118787	-8110.55
454	0.118787	-8080.49
455	0.118787	-8137.78
456	0.118787	-8094.7
457	0.118787	-8128.71
458	0.118787	-8156.03
459	0.118787	-8165.53
460	0.118787	-8151.98
461	0.118787	-8134.14
462	0.118787	-8138.6
463	0.118787	-8154.13
464	0.118787	-8169.76
465	0.118787	-8185.46
466	0.118787	-8167.17
467	0.118787	-8155.32
468	0.118787	-8161.73
469	0.118787	-8195.72
470	0.118787	-8195.14
471	0.118787	-8148.43
472	0.118787	-8140.66
473	0.118787	-8131.11
474	0.118787	-8150.05
475	0.118787	-8138.53
476	0.118787	-8132.22
477	0.118787	-8115.59
478	0.118787	-8135.47
479	0.118787	-8112.46
480	0.118787	-8155.54
481	0.118787	-8187.71
482	0.118787	-8153
483	0.118787	-8140.4
484	0.118787	-8154.63
485	0.118787	-8168.41
486	0.118787	-8186.71
487	0.118787	-8149.43
488	0.118787	-8190.87
489	0.118787	-8179.88
490	0.118787	-8099.43
491	0.118787	-8106.89
492	0.118787	-8154.12
493	0.118787	-8160.39
494	0.118787	-8123.46
495	0.118787	-8149.34
496	0.118787	-8165.38
497	0.118787	-8127.26
498	0.118787	-8192.51
499	0.118787	-8109.2
500	0.118787	-8142.14
501	0.118787	-8127.18
502	0.118787	-8130.78
503	0.118787	-8092.23
504	0.118787	-8134.83
505	0.118787	-8144.73
506	0.118787	-8178.63
507	0.118787	-8179.51
508	0.118787	-8199
509	0.118787	-8134.9
510	0.118787	-8118.57
511	0.118787	-8088.31
512	0.118787	-8115.76
513	0.118787	-8163.56
514	0.118787	-8121.81
515	0.118787	-8149.28
516	0.118787	-8129.77
517	0.118787	-8127.78
518	0.118787	-8134.97
519	0.118787	-8132.35
520	0.118787	-8152.21
521	0.118787	-8126.7
522	0.118787	-8141.27
523	0.118787	-8126.66
524	0.118787	-8154.97
525	0.118787	-8147.4
526	0.118787	-8122.65
527	0.118787	-8168.39
528	0.118787	-8147.83
529	0.118787	-8150.78
530	0.118787	-8132.18
531	0.118787	-8156.42
532	0.118787	-8168.34
533	0.118787	-8169.74
534	0.118787	-8149.99
535	0.118787	-8141.35
536	0.118787	-8212.79
537	0.118787	-8192.68
538	0.118787	-8172.13
539	0.118787	-8125.8
540	0.118787	-8115.77
541	0.118787	-8116.66
542	0.118787	-8142.1
543	0.118787	-8159.52
544	0.118787	-8129.18
545	0.118787	-8149.04
546	0.118787	-8157.17
547	0.118787	-8188.5
548	0.118787	-8146.47
549	0.118787	-8181.1
550	0.118787	-8160.58
551	0.118787	-8178.16
552	0.118787	-8117.16
553	0.118787	-8153.37
554	0.118787	-8145.62
555	0.118787	-8094.93
556	0.118787	-8105.76
557	0.118787	-8138.11
558	0.118787	-8154.75
559	0.118787	-8145.01
560	0.118787	-8086.38
561	0.118787	-8106.19
562	0.118787	-8098.7
563	0.118787	-8139.62
564	0.118787	-8155.52
565	0.118787	-8142.98
566	0.118787	-8137.8
567	0.118787	-8102.88
568	0.118787	-8144.37
569	0.118787	-8149.74
570	0.118787	-8166.08
571	0.118787	-8125.25
572	0.118787	-8151.65
573	0.118787	-8140.39
574	0.118787	-8150.4
575	0.118787	-8105.38
576	0.118787	-8107.83
577	0.118787	-8119.9
578	0.118787	-8122.31
579	0.118787	-8142.13
580	0.118787	-8092.62
581	0.118787	-8114.5
582	0.118787	-8097.12
583	0.118787	-8094.82
584	0.118787	-8135.49
585	0.118787	-8089.3
586	0.118787	-8095.53
587	0.118787	-8085.79
588	0.118787	-8060.09
589	0.118787	-8090.92
590	0.118787	-8114.07
591	0.118787	-8102.28
592	0.118787	-8126.09
593	0.118787	-8139.62
594	0.118787	-8184.12
595	0.118787	-8118.06
596	0.118787	-8150.07
597	0.118787	-8133.55
598	0.118787	-8160.59
599	0.118787	-8131.47
600	0.118787	-8133.87
601	0.118787	-8178.28
602	0.118787	-8155.3
603	0.118787	-8109.72
604	0.118787	-8121.8
605	0.118787	-8102.44
606	0.118787	-8116.33
607	0.118787	-8093.75
608	0.118787	-8107.01
609	0.118787	-8098.23
610	0.118787	-8116.35
611	0.118787	-8134.36
612	0.118787	-8117.79
613	0.118787	-8093.05
614	0.118787	-8111.16
615	0.118787	-8100.22
616	0.118787	-8079.16
617	0.118787	-8117.4
618	0.118787	-8144.95
619	0.118787	-8119.31
620	0.118787	-8070.18
621	0.118787	-8095.15
622	0.118787	-8086.39
623	0.118787	-8126.13
624	0.118787	-8166.63
625	0.118787	-8151.06
626	0.118787	-8194.3
627	0.118787	-8128.81
628	0.118787	-8124.53
629	0.118787	-8190.63
630	0.118787	-8138.46
631	0.118787	-8161.36
632	0.118787	-8120.73
633	0.118787	-8116.29
634	0.118787	-8136.35
635	0.118787	-8152.01
636	0.118787	-8123.28
637	0.118787	-8130
638	0.118787	-8128.05
639	0.118787	-8121.18
640	0.118787	-8105.35
641	0.118787	-8097.66
642	0.118787	-8104
643	0.118787	-8131.75
644	0.118787	-8093.96
645	0.118787	-8160.11
646	0.118787	-8114.84
647	0.118787	-8101.23
648	0.118787	-8124.58
649	0.118787	-8181.28
650	0.118787	-8146.83
651	0.118787	-8227.32
652	0.118787	-8130.79
653	0.118787	-8126.92
654	0.118787	-8125.42
655	0.118787	-8139.74
656	0.118787	-8131.21
657	0.118787	-8179.77
658	0.118787	-8134.9
659	0.118787	-8169.7
660	0.118787	-8185.11
661	0.118787	-8126.08
662	0.118787	-8127.1
663	0.118787	-8118.46
664	0.118787	-8147.24
665	0.118787	-8133.67
666	0.118787	-8183.18
667	0.118787	-8089.95
668	0.118787	-8149.55
669	0.118787	-8154.64
670	0.118787	-8147.17
671	0.118787	-8166.31
672	0.118787	-8222.13
673	0.118787	-8157.75
674	0.118787	-8209.21
675	0.118787	-8177.15
676	0.118787	-8150.58
677	0.118787	-8154.55
678	0.118787	-8126.7
679	0.118787	-8202.55
680	0.118787	-8191.59
681	0.118787	-8158.72
682	0.118787	-8164.14
683	0.118787	-8161.74
684	0.118787	-8096.34
685	0.118787	-8132.86
686	0.118787	-8213.14
687	0.118787	-8221.57
688	0.118787	-8176.87
689	0.118787	-8187.89
690	0.118787	-8108.15
691	0.118787	-8099.44
692	0.118787	-8092.41
693	0.118787	-8136.2
694	0.118787	-8118.65
695	0.118787	-8154.2
696	0.118787	-8119.02
697	0.118787	-8106.84
698	0.118787	-8116.4
699	0.118787	-8202.07
700	0.118787	-8137.76
701	0.118787	-8157.59
702	0.118787	-8148.23
703	0.118787	-8127.53
704	0.118787	-8159.35
705	0.118787	-8142.66
706	0.118787	-8152.65
707	0.118787	-8126.54
708	0.118787	-8135.96
709	0.118787	-8116.4
710	0.118787	-8140.88
711	0.118787	-8113.97
712	0.118787	-8127.64
713	0.118787	-8099.73
714	0.118787	-8133.29
715	0.118787	-8173.56
716	0.118787	-8187.09
717	0.118787	-8199.63
718	0.118787	-8187.17
719	0.118787	-8152.01
720	0.118787	-8137.71
721	0.118787	-8095.85
722	0.118787	-8123.6
723	0.118787	-8126.53
724	0.118787	-8158.52
725	0.118787	-8152.49
726	0.118787	-8170.73
727	0.118787	-8155.42
728	0.118787	-8174.86
729	0.118787	-8115.9
730	0.118787	-8148.97
731	0.118787	-8133.95
732	0.118787	-8156.58
733	0.118787	-8123.7
734	0.118787	-8137.44
735	0.118787	-8131.02
736	0.118787	-8130.39
737	0.118787	-8126.91
738	0.118787	-8139.3
739	0.118787	-8154.97
740	0.118787	-8100.06
741	0.118787	-8086.45
742	0.118787	-8113.12
743	0.118787	-8136.42
744	0.118787	-8132.09
745	0.118787	-8115.69
746	0.118787	-8141.94
747	0.118787	-8152.65
748	0.118787	-8103.5
749	0.118787	-8135.68
750	0.118787	-8145.48
751	0.118787	-8102.32
752	0.118787	-8118.37
753	0.118787	-8111.24
754	0.118787	-8106.07
755	0.118787	-8151.02
756	0.118787	-8152.05
757	0.118787	-8151.99
758	0.118787	-8104.05
759	0.118787	-8099.93
760	0.118787	-8145.65
761	0.118787	-8111.23
762	0.118787	-8137.76
763	0.118787	-8125.54
764	0.118787	-8098.86
765	0.118787	-8122.17
766	0.118787	-8085.21
767	0.118787	-8116.26
768	0.118787	-8163.24
769	0.118787	-8137.39
770	0.118787	-8205.98
771	0.118787	-8140.42
772	0.118787	-8123.66
773	0.118787	-8162.14
774	0.118787	-8137.15
775	0.118787	-8150.1
776	0.118787	-8087.86
777	0.118787	-8113.44
778	0.118787	-8117.59
779	0.118787	-8126.91
780	0.118787	-8143.62
781	0.118787	-8109.44
782	0.118787	-8104.65
783	0.118787	-8131.68
784	0.118787	-8164.38
785	0.118787	-8189.13
786	0.118787	-8154.76
787	0.118787	-8175.64
788	0.118787	-8151.56
789	0.118787	-8135.78
790	0.118787	-8177.72
791	0.118787	-8174.04
792	0.118787	-8177.4
793	0.118787	-8170.48
794	0.118787	-8188.86
795	0.118787	-8160.1
796	0.118787	-8141.31
797	0.118787	-8135.84
798	0.118787	-8124.38
799	0.118787	-8094
800	0.118787	-8127.55
801	0.118787	-8104.9
802	0.118787	-8091.79
803	0.118787	-8103.92
804	0.118787	-8096.68
805	0.118787	-8102.49
806	0.118787	-8110.26
807	0.118787	-8161.32
808	0.118787	-8138.67
809	0.118787	-8179.89
810	0.118787	-8185.47
811	0.118787	-8185.36
812	0.118787	-8174.26
813	0.118787	-8173.96
814	0.118787	-8157.19
815	0.118787	-8120.79
816	0.118787	-8154.57
817	0.118787	-8127.46
818	0.118787	-8069.21
819	0.118787	-8053.44
820	0.118787	-8143.98
821	0.118787	-8145.14
822	0.118787	-8132.49
823	0.118787	-8134.14
824	0.118787	-8107.79
825	0.118787	-8097.42
826	0.118787	-8122.17
827	0.118787	-8119.85
828	0.118787	-8183.33
829	0.118787	-8166.84
830	0.118787	-8179.48
831	0.118787	-8199.47
832	0.118787	-8130.83
833	0.118787	-8134.73
834	0.118787	-8123.83
835	0.118787	-8136.81
836	0.118787	-8097.44
837	0.118787	-8080.66
838	0.118787	-8094.67
839	0.118787	-8107.42
840	0.118787	-8137.75
841	0.118787	-8130.9
842	0.118787	-8130.67
843	0.118787	-8111.84
844	0.118787	-8129.11
845	0.118787	-8093.68
846	0.118787	-8140.21
847	0.118787	-8136.56
848	0.118787	-8131.22
849	0.118787	-8176.15
850	0.118787	-8155.64
851	0.118787	-8124.83
852	0.118787	-8152.44
853	0.118787	-8158.16
854	0.118787	-8113.69
855	0.118787	-8130.83
856	0.118787	-8103.87
857	0.118787	-8108.37
858	0.118787	-8155.99
859	0.118787	-8120.78
860	0.118787	-8104.33
861	0.118787	-8091.5
862	0.118787	-8083.1
863	0.118787	-8129.37
864	0.118787	-8170.34
865	0.118787	-8155.31
866	0.118787	-8161.35
867	0.118787	-8190.87
868	0.118787	-8182.32
869	0.118787	-8150.91
870	0.118787	-8134.32
871	0.118787	-8142.7
872	0.118787	-8111.32
873	0.118787	-8100.7
874	0.118787	-8160.07
875	0.118787	-8191.22
876	0.118787	-8176.04
877	0.118787	-8175.57
878	0.118787	-8173.47
879	0.118787	-8176.06
880	0.118787	-8161.8
881	0.118787	-8136.48
882	0.118787	-8189.51
883	0.118787	-8193.91
884	0.118787	-8156
885	0.118787	-8138.5
886	0.118787	-8122.62
887	0.118787	-8113.19
888	0.118787	-8086.21
889	0.118787	-8095.74
890	0.118787	-8109.04
891	0.118787	-8110.55
892	0.118787	-8141.26
893	0.118787	-8119.79
894	0.118787	-8129.86
895	0.118787	-8160.32
896	0.118787	-8082.22
897	0.118787	-8153.18
898	0.118787	-8137.06
899	0.118787	-8141.76
900	0.118787	-8123.09
901	0.118787	-8159
902	0.118787	-8142.28
903	0.118787	-8131.85
904	0.118787	-8141.94
905	0.118787	-8115.66
906	0.118787	-8066.75
907	0.118787	-8135.06
908	0.118787	-8144.91
909	0.118787	-8139.66
910	0.118787	-8163.39
911	0.118787	-8165.2
912	0.118787	-8124.78
913	0.118787	-8174.54
914	0.118787	-8211.48
915	0.118787	-8259.6
916	0.118787	-8210.1
917	0.118787	-8190.89
918	0.118787	-8138.93
919	0.118787	-8175.65
920	0.118787	-8175.72
921	0.118787	-8165.19
922	0.118787	-8157.99
923	0.118787	-8118.67
924	0.118787	-8154.75
925	0.118787	-8173.44
926	0.118787	-8165.97
927	0.118787	-8136.02
928	0.118787	-8143.75
929	0.118787	-8170.61
930	0.118787	-8169.28
931	0.118787	-8173.53
932	0.118787	-8183.8
933	0.118787	-8162.81
934	0.118787	-8167.8
935	0.118787	-8187.19
936	0.118787	-8212.95
937	0.118787	-8161.79
938	0.118787	-8167.28
939	0.118787	-8213.09
940	0.118787	-8180.74
941	0.118787	-8167.13
942	0.118787	-8132.36
943	0.118787	-8115.66
944	0.118787	-8138.67
945	0.118787	-8115.44
946	0.118787	-8118.54
947	0.118787	-8129.6
948	0.118787	-8093.94
949	0.118787	-8099.13
950	0.118787	-8147.36
951	0.118787	-8114.78
952	0.118787	-8175.76
953	0.118787	-8148.37
954	0.118787	-8129.71
955	0.118787	-8169.26
956	0.118787	-8155.47
957	0.118787	-8116.61
958	0.118787	-8143.47
959	0.118787	-8121.84
960	0.118787	-8137.84
961	0.118787	-8124.34
962	0.118787	-8109.92
963	0.118787	-8130.59
964	0.118787	-8161.33
965	0.118787	-8190.76
966	0.118787	-8206.78
967	0.118787	-8175.49
968	0.118787	-8211.39
969	0.118787	-8150.65
970	0.118787	-8145.23
971	0.118787	-8185.63
972	0.118787	-8193.99
973	0.118787	-8180.61
974	0.118787	-8134.76
975	0.118787	-8165.65
976	0.118787	-8128.59
977	0.118787	-8138.55
978	0.118787	-8130.69
979	0.118787	-8129.93
980	0.118787	-8161.71
981	0.118787	-8147.05
982	0.118787	-8184.35
983	0.118787	-8168.09
984	0.118787	-8179.16
985	0.118787	-8135.82
986	0.118787	-8143.18
987	0.118787	-8126.41
988	0.118787	-8141.83
989	0.118787	-8107.77
990	0.118787	-8175.11
991	0.118787	-8148.65
992	0.118787	-8154.81
993	0.118787	-8175.78
994	0.118787	-8140.82
995	0.118787	-8125.28
996	0.118787	-8138.17
997	0.118787	-8097.83
998	0.118787	-8098.46
999	0.118787	-8102.95
1000	0.118787	-8109.21
