state	power	likelihood
251	0.462664	-8046.71
252	0.462664	-8041.02
253	0.462664	-8053.03
254	0.462664	-8059.28
255	0.462664	-8051.65
256	0.462664	-8051.35
257	0.462664	-8015.42
258	0.462664	-8025.58
259	0.462664	-8017.82
260	0.462664	-8029.39
261	0.462664	-8038.88
262	0.462664	-8050.04
263	0.462664	-8037.5
264	0.462664	-8035.44
265	0.462664	-8034.31
266	0.462664	-8039.97
267	0.462664	-8028.7
268	0.462664	-8029.38
269	0.462664	-8014.37
270	0.462664	-8017.98
271	0.462664	-8026.69
272	0.462664	-8021.52
273	0.462664	-8024.34
274	0.462664	-8017.93
275	0.462664	-8014.79
276	0.462664	-8005.38
277	0.462664	-8009.08
278	0.462664	-8001.4
279	0.462664	-8015.03
280	0.462664	-8017.6
281	0.462664	-8017.74
282	0.462664	-8015.14
283	0.462664	-8030.42
284	0.462664	-8023.9
285	0.462664	-8018.54
286	0.462664	-8021.21
287	0.462664	-8027.69
288	0.462664	-8030.18
289	0.462664	-8020.38
290	0.462664	-8024.89
291	0.462664	-8029.35
292	0.462664	-8025.32
293	0.462664	-8046.41
294	0.462664	-8044.86
295	0.462664	-8031.17
296	0.462664	-8015.67
297	0.462664	-8019.84
298	0.462664	-8024.82
299	0.462664	-8012.59
300	0.462664	-8022.01
301	0.462664	-8012.21
302	0.462664	-8009.48
303	0.462664	-8012.39
304	0.462664	-8010.18
305	0.462664	-8000.24
306	0.462664	-8006.94
307	0.462664	-8014.21
308	0.462664	-8014.23
309	0.462664	-8012.12
310	0.462664	-8025
311	0.462664	-8014.71
312	0.462664	-8029.87
313	0.462664	-8022.02
314	0.462664	-8038.7
315	0.462664	-8030.53
316	0.462664	-8031.47
317	0.462664	-8026.46
318	0.462664	-8036.71
319	0.462664	-8025.95
320	0.462664	-8030.17
321	0.462664	-8033.02
322	0.462664	-8009.7
323	0.462664	-8012.71
324	0.462664	-8009.18
325	0.462664	-8022.29
326	0.462664	-8027.57
327	0.462664	-8032.26
328	0.462664	-8026.57
329	0.462664	-8009.42
330	0.462664	-8015.34
331	0.462664	-8014.17
332	0.462664	-8002.52
333	0.462664	-8006.12
334	0.462664	-8006.27
335	0.462664	-8008.79
336	0.462664	-8013.7
337	0.462664	-8021.36
338	0.462664	-8011.03
339	0.462664	-8008.86
340	0.462664	-8014.68
341	0.462664	-8028.26
342	0.462664	-8018.86
343	0.462664	-8023.06
344	0.462664	-8018.28
345	0.462664	-8017.11
346	0.462664	-8021.78
347	0.462664	-8018.27
348	0.462664	-8004.2
349	0.462664	-8016.49
350	0.462664	-8015.78
351	0.462664	-8014.11
352	0.462664	-8012.45
353	0.462664	-8013.75
354	0.462664	-8018.95
355	0.462664	-8016.14
356	0.462664	-8019.62
357	0.462664	-8026.76
358	0.462664	-8020.12
359	0.462664	-8023.82
360	0.462664	-8020.99
361	0.462664	-8006.75
362	0.462664	-8020.54
363	0.462664	-8022.63
364	0.462664	-8013.56
365	0.462664	-8018.02
366	0.462664	-8016.12
367	0.462664	-8017.32
368	0.462664	-8010.84
369	0.462664	-8022.56
370	0.462664	-8028.97
371	0.462664	-8032.47
372	0.462664	-8019.83
373	0.462664	-8025.69
374	0.462664	-8019.32
375	0.462664	-8022.93
376	0.462664	-8018.04
377	0.462664	-8023.4
378	0.462664	-8020.6
379	0.462664	-8017.56
380	0.462664	-8023.21
381	0.462664	-8022.82
382	0.462664	-8027.55
383	0.462664	-8032.83
384	0.462664	-8019.21
385	0.462664	-8022.58
386	0.462664	-8028.34
387	0.462664	-8021.59
388	0.462664	-8027.06
389	0.462664	-8041.77
390	0.462664	-8039.39
391	0.462664	-8038.5
392	0.462664	-8041.43
393	0.462664	-8027.07
394	0.462664	-8031.99
395	0.462664	-8026.05
396	0.462664	-8025.18
397	0.462664	-8024.64
398	0.462664	-8026.8
399	0.462664	-8031.55
400	0.462664	-8020.04
401	0.462664	-8024.5
402	0.462664	-8036.02
403	0.462664	-8034.78
404	0.462664	-8042.26
405	0.462664	-8032.21
406	0.462664	-8024.41
407	0.462664	-8009.58
408	0.462664	-8007.25
409	0.462664	-8003.85
410	0.462664	-8012.9
411	0.462664	-8013.95
412	0.462664	-8017.91
413	0.462664	-8026.08
414	0.462664	-8022.94
415	0.462664	-8028.87
416	0.462664	-8025.67
417	0.462664	-8018.03
418	0.462664	-8024.79
419	0.462664	-8021.3
420	0.462664	-8024.34
421	0.462664	-8018.07
422	0.462664	-8027.55
423	0.462664	-8027.83
424	0.462664	-8025.66
425	0.462664	-8024.76
426	0.462664	-8022.24
427	0.462664	-8018.75
428	0.462664	-8021.7
429	0.462664	-8034.05
430	0.462664	-8030.03
431	0.462664	-8021.13
432	0.462664	-8037.16
433	0.462664	-8028.42
434	0.462664	-8025.27
435	0.462664	-8020.96
436	0.462664	-8019.36
437	0.462664	-8011.76
438	0.462664	-8025.59
439	0.462664	-8029.42
440	0.462664	-8025.86
441	0.462664	-8031.59
442	0.462664	-8019.41
443	0.462664	-8017.24
444	0.462664	-8025.11
445	0.462664	-8024.81
446	0.462664	-8022.72
447	0.462664	-8014.67
448	0.462664	-8008.45
449	0.462664	-8009.32
450	0.462664	-8018.51
451	0.462664	-8019.78
452	0.462664	-8038.21
453	0.462664	-8031.82
454	0.462664	-8031.59
455	0.462664	-8025
456	0.462664	-8027.16
457	0.462664	-8023.75
458	0.462664	-8024.83
459	0.462664	-8023.76
460	0.462664	-8027.25
461	0.462664	-8040.44
462	0.462664	-8036.02
463	0.462664	-8029.32
464	0.462664	-8026.8
465	0.462664	-8035.67
466	0.462664	-8025.62
467	0.462664	-8035.98
468	0.462664	-8034.94
469	0.462664	-8020.58
470	0.462664	-8026.03
471	0.462664	-8022.36
472	0.462664	-8030.38
473	0.462664	-8024.42
474	0.462664	-8028.78
475	0.462664	-8024.35
476	0.462664	-8016.91
477	0.462664	-8020.9
478	0.462664	-8017.78
479	0.462664	-8020.01
480	0.462664	-8017.24
481	0.462664	-8022.63
482	0.462664	-8016.05
483	0.462664	-8022.31
484	0.462664	-8021.97
485	0.462664	-8025.6
486	0.462664	-8023.26
487	0.462664	-8015.31
488	0.462664	-8019.41
489	0.462664	-8021.04
490	0.462664	-8010.34
491	0.462664	-8002.94
492	0.462664	-8015.54
493	0.462664	-8015.47
494	0.462664	-8038.64
495	0.462664	-8047.99
496	0.462664	-8032.18
497	0.462664	-8026.46
498	0.462664	-8032.64
499	0.462664	-8030.15
500	0.462664	-8028.31
501	0.462664	-8036.02
502	0.462664	-8035.96
503	0.462664	-8039.04
504	0.462664	-8029.67
505	0.462664	-8022.28
506	0.462664	-8015.94
507	0.462664	-8032.23
508	0.462664	-8029.48
509	0.462664	-8035.4
510	0.462664	-8050.61
511	0.462664	-8047.56
512	0.462664	-8035.16
513	0.462664	-8040
514	0.462664	-8029.57
515	0.462664	-8027.04
516	0.462664	-8025.4
517	0.462664	-8032.86
518	0.462664	-8038.21
519	0.462664	-8027.42
520	0.462664	-8033.36
521	0.462664	-8025.56
522	0.462664	-8035.08
523	0.462664	-8022.55
524	0.462664	-8021.41
525	0.462664	-8026.74
526	0.462664	-8016.5
527	0.462664	-8019.66
528	0.462664	-8038.58
529	0.462664	-8036.63
530	0.462664	-8038.99
531	0.462664	-8031.12
532	0.462664	-8031.81
533	0.462664	-8026.7
534	0.462664	-8024.13
535	0.462664	-8012.05
536	0.462664	-8018.73
537	0.462664	-8015.76
538	0.462664	-8018.03
539	0.462664	-8015.43
540	0.462664	-8010.95
541	0.462664	-8011.75
542	0.462664	-8025.78
543	0.462664	-8019.33
544	0.462664	-8032.55
545	0.462664	-8032.81
546	0.462664	-8028.2
547	0.462664	-8031.16
548	0.462664	-8030.18
549	0.462664	-8018.6
550	0.462664	-8017.97
551	0.462664	-8026.52
552	0.462664	-8031.47
553	0.462664	-8021.15
554	0.462664	-8008.81
555	0.462664	-8011.69
556	0.462664	-8029.51
557	0.462664	-8024.46
558	0.462664	-8014.07
559	0.462664	-8013.81
560	0.462664	-8007.15
561	0.462664	-8003.73
562	0.462664	-8002.04
563	0.462664	-8012.55
564	0.462664	-8009.7
565	0.462664	-8009.81
566	0.462664	-8013.88
567	0.462664	-8008.7
568	0.462664	-8025.93
569	0.462664	-8029.97
570	0.462664	-8038.85
571	0.462664	-8040.21
572	0.462664	-8022.17
573	0.462664	-8025.12
574	0.462664	-8015.11
575	0.462664	-8021.1
576	0.462664	-8022.56
577	0.462664	-8021.18
578	0.462664	-8020.86
579	0.462664	-8028.72
580	0.462664	-8036.02
581	0.462664	-8029.08
582	0.462664	-8020.44
583	0.462664	-8020.02
584	0.462664	-8024.71
585	0.462664	-8029.59
586	0.462664	-8035.43
587	0.462664	-8026.16
588	0.462664	-8028.84
589	0.462664	-8033.63
590	0.462664	-8026.8
591	0.462664	-8026.18
592	0.462664	-8022
593	0.462664	-8031.44
594	0.462664	-8015.89
595	0.462664	-8018.7
596	0.462664	-8013.23
597	0.462664	-8032.76
598	0.462664	-8029.81
599	0.462664	-8029.26
600	0.462664	-8026.69
601	0.462664	-8034.78
602	0.462664	-8028.76
603	0.462664	-8021.44
604	0.462664	-8019.82
605	0.462664	-8018.9
606	0.462664	-8030.04
607	0.462664	-8030.56
608	0.462664	-8027.08
609	0.462664	-8027.67
610	0.462664	-8033.07
611	0.462664	-8024.24
612	0.462664	-8033.23
613	0.462664	-8024.24
614	0.462664	-8027.35
615	0.462664	-8029.19
616	0.462664	-8029.32
617	0.462664	-8026.2
618	0.462664	-8033.47
619	0.462664	-8049.17
620	0.462664	-8044.31
621	0.462664	-8045.79
622	0.462664	-8049.26
623	0.462664	-8035.9
624	0.462664	-8042.38
625	0.462664	-8034.94
626	0.462664	-8028.77
627	0.462664	-8025.7
628	0.462664	-8040.19
629	0.462664	-8034.85
630	0.462664	-8023.85
631	0.462664	-8025.98
632	0.462664	-8016.38
633	0.462664	-8022.44
634	0.462664	-8026.59
635	0.462664	-8015.52
636	0.462664	-8026.95
637	0.462664	-8029.82
638	0.462664	-8041.11
639	0.462664	-8027.34
640	0.462664	-8020.8
641	0.462664	-8017.62
642	0.462664	-8025.2
643	0.462664	-8024.98
644	0.462664	-8029.8
645	0.462664	-8019.73
646	0.462664	-8023.68
647	0.462664	-8021.7
648	0.462664	-8035.22
649	0.462664	-8028.32
650	0.462664	-8017.99
651	0.462664	-8031.83
652	0.462664	-8022.23
653	0.462664	-8032.82
654	0.462664	-8039.31
655	0.462664	-8034.25
656	0.462664	-8039.28
657	0.462664	-8034.55
658	0.462664	-8030.36
659	0.462664	-8044.35
660	0.462664	-8042.06
661	0.462664	-8029.52
662	0.462664	-8027.12
663	0.462664	-8025.38
664	0.462664	-8026.21
665	0.462664	-8035.48
666	0.462664	-8028.68
667	0.462664	-8030.37
668	0.462664	-8023.48
669	0.462664	-8026.18
670	0.462664	-8029.02
671	0.462664	-8022.83
672	0.462664	-8027.3
673	0.462664	-8023.65
674	0.462664	-8012.61
675	0.462664	-8033.83
676	0.462664	-8030.12
677	0.462664	-8034.96
678	0.462664	-8036.15
679	0.462664	-8038.91
680	0.462664	-8020.8
681	0.462664	-8023.03
682	0.462664	-8034.84
683	0.462664	-8037
684	0.462664	-8023
685	0.462664	-8013.84
686	0.462664	-8031.48
687	0.462664	-8016.87
688	0.462664	-8014.11
689	0.462664	-8013.11
690	0.462664	-8024.61
691	0.462664	-8021.35
692	0.462664	-8024.17
693	0.462664	-8017.57
694	0.462664	-8013.96
695	0.462664	-8023.62
696	0.462664	-8016.26
697	0.462664	-8021.02
698	0.462664	-8024.73
699	0.462664	-8030.33
700	0.462664	-8021.34
701	0.462664	-8018.42
702	0.462664	-8013.41
703	0.462664	-8018.61
704	0.462664	-8011.53
705	0.462664	-8021.29
706	0.462664	-8022.12
707	0.462664	-8020.28
708	0.462664	-8024.15
709	0.462664	-8024.95
710	0.462664	-8031.5
711	0.462664	-8023.64
712	0.462664	-8023.89
713	0.462664	-8032.19
714	0.462664	-8026.05
715	0.462664	-8029.41
716	0.462664	-8042.84
717	0.462664	-8051.49
718	0.462664	-8046.76
719	0.462664	-8030.66
720	0.462664	-8029.47
721	0.462664	-8043.62
722	0.462664	-8038.68
723	0.462664	-8034.34
724	0.462664	-8033.26
725	0.462664	-8028.33
726	0.462664	-8043.71
727	0.462664	-8042.05
728	0.462664	-8036.15
729	0.462664	-8039.08
730	0.462664	-8038.69
731	0.462664	-8025.14
732	0.462664	-8036.84
733	0.462664	-8039.61
734	0.462664	-8031.72
735	0.462664	-8031.76
736	0.462664	-8025.52
737	0.462664	-8035.9
738	0.462664	-8015.37
739	0.462664	-8028
740	0.462664	-8019.75
741	0.462664	-8025.48
742	0.462664	-8022.53
743	0.462664	-8036.24
744	0.462664	-8031.19
745	0.462664	-8030.96
746	0.462664	-8031.52
747	0.462664	-8029.94
748	0.462664	-8027.14
749	0.462664	-8025.26
750	0.462664	-8028.28
751	0.462664	-8020.31
752	0.462664	-8032.44
753	0.462664	-8023.34
754	0.462664	-8028.83
755	0.462664	-8046.19
756	0.462664	-8021.15
757	0.462664	-8013.02
758	0.462664	-8017.53
759	0.462664	-8019.16
760	0.462664	-8017.96
761	0.462664	-8014.31
762	0.462664	-8030.61
763	0.462664	-8038.01
764	0.462664	-8044.86
765	0.462664	-8034.62
766	0.462664	-8036.23
767	0.462664	-8027.18
768	0.462664	-8020.5
769	0.462664	-8028.05
770	0.462664	-8040.24
771	0.462664	-8035.63
772	0.462664	-8023.45
773	0.462664	-8018.73
774	0.462664	-8014.31
775	0.462664	-8022.88
776	0.462664	-8022.18
777	0.462664	-8026.73
778	0.462664	-8007.64
779	0.462664	-8019.95
780	0.462664	-8019.75
781	0.462664	-8011.43
782	0.462664	-8025.25
783	0.462664	-8019.26
784	0.462664	-8016.03
785	0.462664	-8015.01
786	0.462664	-8011.88
787	0.462664	-8025.6
788	0.462664	-8019.73
789	0.462664	-8015.57
790	0.462664	-8013.71
791	0.462664	-8027.9
792	0.462664	-8028.14
793	0.462664	-8028.04
794	0.462664	-8027.59
795	0.462664	-8029.78
796	0.462664	-8031.75
797	0.462664	-8027.52
798	0.462664	-8027.17
799	0.462664	-8033.92
800	0.462664	-8024.05
801	0.462664	-8033.4
802	0.462664	-8026.99
803	0.462664	-8026.54
804	0.462664	-8020.98
805	0.462664	-8013.2
806	0.462664	-8018.71
807	0.462664	-8017.11
808	0.462664	-8017.9
809	0.462664	-8023.99
810	0.462664	-8027.57
811	0.462664	-8031.91
812	0.462664	-8028.37
813	0.462664	-8024.22
814	0.462664	-8032.94
815	0.462664	-8032.44
816	0.462664	-8035.96
817	0.462664	-8048.02
818	0.462664	-8028.37
819	0.462664	-8017.24
820	0.462664	-8034.72
821	0.462664	-8044.12
822	0.462664	-8028.49
823	0.462664	-8025.91
824	0.462664	-8028.44
825	0.462664	-8035.63
826	0.462664	-8035.78
827	0.462664	-8032.02
828	0.462664	-8036.08
829	0.462664	-8043.64
830	0.462664	-8033.88
831	0.462664	-8027.09
832	0.462664	-8029.88
833	0.462664	-8042.38
834	0.462664	-8039.23
835	0.462664	-8023.2
836	0.462664	-8020.81
837	0.462664	-8015.79
838	0.462664	-8024.37
839	0.462664	-8026.45
840	0.462664	-8021.42
841	0.462664	-8033.14
842	0.462664	-8027.82
843	0.462664	-8037.11
844	0.462664	-8020.96
845	0.462664	-8013.74
846	0.462664	-8019.05
847	0.462664	-8035.42
848	0.462664	-8022.42
849	0.462664	-8021.6
850	0.462664	-8028.56
851	0.462664	-8015.22
852	0.462664	-8012.26
853	0.462664	-8014.12
854	0.462664	-8005.54
855	0.462664	-8015.93
856	0.462664	-8034.93
857	0.462664	-8022.81
858	0.462664	-8029.03
859	0.462664	-8025.38
860	0.462664	-8010.93
861	0.462664	-8016.72
862	0.462664	-8020.32
863	0.462664	-8034.4
864	0.462664	-8014.5
865	0.462664	-8031.55
866	0.462664	-8020.47
867	0.462664	-8024.95
868	0.462664	-8030.16
869	0.462664	-8022.73
870	0.462664	-8029.26
871	0.462664	-8025.03
872	0.462664	-8018.17
873	0.462664	-8024.59
874	0.462664	-8014.23
875	0.462664	-8020.67
876	0.462664	-8025.4
877	0.462664	-8025.27
878	0.462664	-8032.44
879	0.462664	-8033.28
880	0.462664	-8029.84
881	0.462664	-8037.68
882	0.462664	-8027.97
883	0.462664	-8022.04
884	0.462664	-8043.23
885	0.462664	-8030.17
886	0.462664	-8030.37
887	0.462664	-8016.01
888	0.462664	-8032.93
889	0.462664	-8030.49
890	0.462664	-8020.36
891	0.462664	-8021.96
892	0.462664	-8030.9
893	0.462664	-8023.81
894	0.462664	-8012.64
895	0.462664	-8024.7
896	0.462664	-8023.65
897	0.462664	-8017.56
898	0.462664	-8017.41
899	0.462664	-8010.54
900	0.462664	-8011.49
901	0.462664	-8022.06
902	0.462664	-8028.85
903	0.462664	-8022.89
904	0.462664	-8020.21
905	0.462664	-8016.66
906	0.462664	-8028.69
907	0.462664	-8018.42
908	0.462664	-8024.27
909	0.462664	-8025.83
910	0.462664	-8040.7
911	0.462664	-8034.06
912	0.462664	-8036.38
913	0.462664	-8040.5
914	0.462664	-8030.66
915	0.462664	-8018.25
916	0.462664	-8005.26
917	0.462664	-8013.43
918	0.462664	-8007.74
919	0.462664	-8013.64
920	0.462664	-8020.71
921	0.462664	-8019.85
922	0.462664	-8020.69
923	0.462664	-8017.55
924	0.462664	-8023.23
925	0.462664	-8016.03
926	0.462664	-8018.8
927	0.462664	-8022.86
928	0.462664	-8014.27
929	0.462664	-8033.21
930	0.462664	-8020.21
931	0.462664	-8026.5
932	0.462664	-8015.66
933	0.462664	-8017.23
934	0.462664	-8025.96
935	0.462664	-8029.54
936	0.462664	-8024.83
937	0.462664	-8032.85
938	0.462664	-8031.49
939	0.462664	-8015.81
940	0.462664	-8005.38
941	0.462664	-8017.4
942	0.462664	-8010.67
943	0.462664	-8012.7
944	0.462664	-8019.71
945	0.462664	-8015.11
946	0.462664	-8020.2
947	0.462664	-8031.35
948	0.462664	-8027.22
949	0.462664	-8038.46
950	0.462664	-8036.18
951	0.462664	-8027.96
952	0.462664	-8033.81
953	0.462664	-8035.04
954	0.462664	-8038.63
955	0.462664	-8048.79
956	0.462664	-8028.82
957	0.462664	-8038.17
958	0.462664	-8028.97
959	0.462664	-8029.09
960	0.462664	-8038.84
961	0.462664	-8038.19
962	0.462664	-8033.13
963	0.462664	-8018.97
964	0.462664	-8026.11
965	0.462664	-8019.45
966	0.462664	-8020.17
967	0.462664	-8035.43
968	0.462664	-8024.22
969	0.462664	-8022.83
970	0.462664	-8023.59
971	0.462664	-8015.04
972	0.462664	-8023.71
973	0.462664	-8019.14
974	0.462664	-8023.2
975	0.462664	-8016.67
976	0.462664	-8014.2
977	0.462664	-8013.64
978	0.462664	-8018.45
979	0.462664	-8021.64
980	0.462664	-8026.77
981	0.462664	-8024.09
982	0.462664	-8014.4
983	0.462664	-8031.26
984	0.462664	-8032.5
985	0.462664	-8032.51
986	0.462664	-8032.52
987	0.462664	-8018.76
988	0.462664	-8029.14
989	0.462664	-8018.96
990	0.462664	-8017.62
991	0.462664	-8039.93
992	0.462664	-8029.01
993	0.462664	-8027.52
994	0.462664	-8024.25
995	0.462664	-8027
996	0.462664	-8034.96
997	0.462664	-8030.41
998	0.462664	-8023
999	0.462664	-8033.23
1000	0.462664	-8027.93
