state	power	likelihood
251	0.729136	-8012.36
252	0.729136	-8016.71
253	0.729136	-8009.09
254	0.729136	-8010.62
255	0.729136	-8019.47
256	0.729136	-8015.56
257	0.729136	-8026.51
258	0.729136	-8022.54
259	0.729136	-8020.49
260	0.729136	-8010.8
261	0.729136	-8001.08
262	0.729136	-8003.82
263	0.729136	-8007.22
264	0.729136	-8004.61
265	0.729136	-8011.38
266	0.729136	-8013.03
267	0.729136	-8011.85
268	0.729136	-8008.18
269	0.729136	-8007.31
270	0.729136	-8002.67
271	0.729136	-7998.05
272	0.729136	-8005.09
273	0.729136	-7996.4
274	0.729136	-8002.03
275	0.729136	-7999.85
276	0.729136	-8002.37
277	0.729136	-8005.01
278	0.729136	-8001.5
279	0.729136	-8008.21
280	0.729136	-8003.96
281	0.729136	-8004.24
282	0.729136	-8000.96
283	0.729136	-8011.55
284	0.729136	-8010.87
285	0.729136	-7997.42
286	0.729136	-8005.5
287	0.729136	-7997.66
288	0.729136	-8003.54
289	0.729136	-8001.12
290	0.729136	-7997.63
291	0.729136	-7999.42
292	0.729136	-7998.99
293	0.729136	-8001.11
294	0.729136	-8002.7
295	0.729136	-8005
296	0.729136	-7999.58
297	0.729136	-8008.32
298	0.729136	-8005.47
299	0.729136	-8005.31
300	0.729136	-8006.18
301	0.729136	-8007.84
302	0.729136	-8005.75
303	0.729136	-8005.89
304	0.729136	-8010.77
305	0.729136	-8004.17
306	0.729136	-8000.48
307	0.729136	-8010.15
308	0.729136	-8007.48
309	0.729136	-8011.53
310	0.729136	-8000.18
311	0.729136	-8006.9
312	0.729136	-8006.88
313	0.729136	-8011.95
314	0.729136	-8020.59
315	0.729136	-8023.52
316	0.729136	-8022.11
317	0.729136	-8006.88
318	0.729136	-8007.44
319	0.729136	-8014.39
320	0.729136	-8002.21
321	0.729136	-8009.42
322	0.729136	-8006.38
323	0.729136	-8017.74
324	0.729136	-8027
325	0.729136	-8026.35
326	0.729136	-8021.82
327	0.729136	-8021.67
328	0.729136	-8017.54
329	0.729136	-8013.51
330	0.729136	-8005.68
331	0.729136	-8007.65
332	0.729136	-8005.29
333	0.729136	-8009.35
334	0.729136	-8007.32
335	0.729136	-8007.13
336	0.729136	-8003.85
337	0.729136	-8007.12
338	0.729136	-8006.96
339	0.729136	-8005.91
340	0.729136	-8000.84
341	0.729136	-8004.14
342	0.729136	-8003.99
343	0.729136	-7999.66
344	0.729136	-8004.29
345	0.729136	-8009.84
346	0.729136	-8000.83
347	0.729136	-8004.99
348	0.729136	-8005.71
349	0.729136	-8006.86
350	0.729136	-8006.44
351	0.729136	-8007.65
352	0.729136	-8010.37
353	0.729136	-8009.03
354	0.729136	-8007.17
355	0.729136	-8002.76
356	0.729136	-8010.78
357	0.729136	-8012.38
358	0.729136	-8005.75
359	0.729136	-8008.08
360	0.729136	-8003.62
361	0.729136	-8012.87
362	0.729136	-8016.12
363	0.729136	-8018.86
364	0.729136	-8015.69
365	0.729136	-8008.1
366	0.729136	-8004.86
367	0.729136	-8000.71
368	0.729136	-7994.89
369	0.729136	-7997.07
370	0.729136	-8000.83
371	0.729136	-8001.74
372	0.729136	-8010.54
373	0.729136	-8012.7
374	0.729136	-8012.44
375	0.729136	-8015.09
376	0.729136	-8009.23
377	0.729136	-8003.85
378	0.729136	-8002.97
379	0.729136	-7996.6
380	0.729136	-8003.06
381	0.729136	-8005.63
382	0.729136	-8008.83
383	0.729136	-8015.96
384	0.729136	-8013.47
385	0.729136	-8009.67
386	0.729136	-8010.57
387	0.729136	-8015.3
388	0.729136	-8016.49
389	0.729136	-8016.67
390	0.729136	-8014.79
391	0.729136	-8020.3
392	0.729136	-8007.18
393	0.729136	-8010.69
394	0.729136	-8005.24
395	0.729136	-8007.46
396	0.729136	-8008.17
397	0.729136	-8013.87
398	0.729136	-8011.72
399	0.729136	-8000.19
400	0.729136	-8002.29
401	0.729136	-8006.09
402	0.729136	-8010.65
403	0.729136	-8007.94
404	0.729136	-8004.1
405	0.729136	-7999.9
406	0.729136	-8002.98
407	0.729136	-8010.43
408	0.729136	-8011.77
409	0.729136	-8007.65
410	0.729136	-8005.93
411	0.729136	-8010.5
412	0.729136	-8012.72
413	0.729136	-8007.84
414	0.729136	-8014.66
415	0.729136	-8018.46
416	0.729136	-8009.91
417	0.729136	-8011.01
418	0.729136	-8011.73
419	0.729136	-8009.56
420	0.729136	-8010.73
421	0.729136	-8009.67
422	0.729136	-8011.8
423	0.729136	-8008.09
424	0.729136	-8012.06
425	0.729136	-8001.88
426	0.729136	-8004.24
427	0.729136	-8004.21
428	0.729136	-8005.42
429	0.729136	-8010.5
430	0.729136	-8015.31
431	0.729136	-8022.02
432	0.729136	-8017.4
433	0.729136	-8019.33
434	0.729136	-8012.99
435	0.729136	-8017.44
436	0.729136	-8009.11
437	0.729136	-8010.62
438	0.729136	-8009.79
439	0.729136	-8012.11
440	0.729136	-8013.58
441	0.729136	-8005.4
442	0.729136	-8018.8
443	0.729136	-8019.13
444	0.729136	-8006.11
445	0.729136	-8019.97
446	0.729136	-8015.89
447	0.729136	-8010.94
448	0.729136	-8012.17
449	0.729136	-8024.73
450	0.729136	-8023.54
451	0.729136	-8028.06
452	0.729136	-8016.07
453	0.729136	-7999.94
454	0.729136	-8004.3
455	0.729136	-7999.99
456	0.729136	-8001.81
457	0.729136	-8001.16
458	0.729136	-8004.92
459	0.729136	-8003.8
460	0.729136	-8005.2
461	0.729136	-8012.35
462	0.729136	-8007.51
463	0.729136	-8010.89
464	0.729136	-8009.97
465	0.729136	-8012.88
466	0.729136	-8004.47
467	0.729136	-8003.78
468	0.729136	-8000.78
469	0.729136	-8002.13
470	0.729136	-8001.49
471	0.729136	-7995.74
472	0.729136	-7999.59
473	0.729136	-7998.78
474	0.729136	-7999.14
475	0.729136	-7999.8
476	0.729136	-8000.15
477	0.729136	-8006.69
478	0.729136	-8005.63
479	0.729136	-8015.07
480	0.729136	-8012
481	0.729136	-8005.03
482	0.729136	-8000.79
483	0.729136	-8008.7
484	0.729136	-8006.83
485	0.729136	-8007.84
486	0.729136	-8004.56
487	0.729136	-8004.86
488	0.729136	-8005.33
489	0.729136	-7999.27
490	0.729136	-7999.71
491	0.729136	-8004.8
492	0.729136	-7999.79
493	0.729136	-7997.26
494	0.729136	-8000.27
495	0.729136	-8005.82
496	0.729136	-8003.89
497	0.729136	-8001.71
498	0.729136	-8004.55
499	0.729136	-8004.77
500	0.729136	-8006.78
501	0.729136	-8015.94
502	0.729136	-8007.92
503	0.729136	-8012.95
504	0.729136	-8009.15
505	0.729136	-8025.2
506	0.729136	-8023.07
507	0.729136	-8017.81
508	0.729136	-8005.09
509	0.729136	-8006.6
510	0.729136	-8006.84
511	0.729136	-8010.05
512	0.729136	-8011.93
513	0.729136	-8009.59
514	0.729136	-8014.02
515	0.729136	-8005.3
516	0.729136	-8004.45
517	0.729136	-8003.03
518	0.729136	-8002.98
519	0.729136	-8011.79
520	0.729136	-8015.57
521	0.729136	-8020.69
522	0.729136	-8013.22
523	0.729136	-8009.75
524	0.729136	-8013.95
525	0.729136	-8012.93
526	0.729136	-8013.92
527	0.729136	-8013.98
528	0.729136	-8009.24
529	0.729136	-8001.41
530	0.729136	-8002.83
531	0.729136	-8015.11
532	0.729136	-8019.91
533	0.729136	-8021.87
534	0.729136	-8022.42
535	0.729136	-8015.38
536	0.729136	-8012.31
537	0.729136	-8006.95
538	0.729136	-8003.38
539	0.729136	-8005.28
540	0.729136	-8007.25
541	0.729136	-8012.61
542	0.729136	-8011.98
543	0.729136	-8005.04
544	0.729136	-8007.14
545	0.729136	-8006.53
546	0.729136	-8002.33
547	0.729136	-7997.82
548	0.729136	-8001.35
549	0.729136	-7996.32
550	0.729136	-7997.18
551	0.729136	-7999.92
552	0.729136	-8010.2
553	0.729136	-8014.01
554	0.729136	-8010.57
555	0.729136	-8002.56
556	0.729136	-8001.52
557	0.729136	-8009.59
558	0.729136	-8007.44
559	0.729136	-8004.93
560	0.729136	-7999.63
561	0.729136	-7998.19
562	0.729136	-8005.73
563	0.729136	-8011.68
564	0.729136	-8017.43
565	0.729136	-8010.08
566	0.729136	-8005.23
567	0.729136	-8006.53
568	0.729136	-8006.54
569	0.729136	-8005.95
570	0.729136	-8001.06
571	0.729136	-7997.82
572	0.729136	-8001.8
573	0.729136	-8009.06
574	0.729136	-8007.31
575	0.729136	-8014.96
576	0.729136	-8021.56
577	0.729136	-8012.17
578	0.729136	-8006.1
579	0.729136	-8009.28
580	0.729136	-8011.52
581	0.729136	-8007.65
582	0.729136	-8010.07
583	0.729136	-8017.9
584	0.729136	-8016.8
585	0.729136	-8009.89
586	0.729136	-8008.64
587	0.729136	-8004.25
588	0.729136	-8008.22
589	0.729136	-8010.85
590	0.729136	-8010.38
591	0.729136	-8016.49
592	0.729136	-8016.75
593	0.729136	-8010.76
594	0.729136	-8006.29
595	0.729136	-8002.59
596	0.729136	-8006.53
597	0.729136	-8006.6
598	0.729136	-8010.83
599	0.729136	-8008.29
600	0.729136	-8011.16
601	0.729136	-8005.28
602	0.729136	-8014.38
603	0.729136	-8006.74
604	0.729136	-8002.76
605	0.729136	-8002.76
606	0.729136	-7995.81
607	0.729136	-8014.87
608	0.729136	-8010.83
609	0.729136	-8015.25
610	0.729136	-8009.44
611	0.729136	-8007.68
612	0.729136	-8001.63
613	0.729136	-8010.84
614	0.729136	-8012.52
615	0.729136	-8015.28
616	0.729136	-8006.19
617	0.729136	-8009.88
618	0.729136	-8002.2
619	0.729136	-8008.32
620	0.729136	-8008.96
621	0.729136	-8020.73
622	0.729136	-8018.09
623	0.729136	-8007.96
624	0.729136	-8010.45
625	0.729136	-8007.42
626	0.729136	-8011.6
627	0.729136	-8004.02
628	0.729136	-8009.31
629	0.729136	-8008.02
630	0.729136	-8009.47
631	0.729136	-8012.63
632	0.729136	-8011.21
633	0.729136	-8010.02
634	0.729136	-8011.04
635	0.729136	-8011.14
636	0.729136	-8013.69
637	0.729136	-8022.51
638	0.729136	-8016.28
639	0.729136	-8023.68
640	0.729136	-8017.53
641	0.729136	-8013.96
642	0.729136	-8009.85
643	0.729136	-8006.51
644	0.729136	-8010.87
645	0.729136	-8007.74
646	0.729136	-8005.51
647	0.729136	-8003.84
648	0.729136	-8000.56
649	0.729136	-8005.53
650	0.729136	-8007.33
651	0.729136	-8003.3
652	0.729136	-8003.37
653	0.729136	-8001.51
654	0.729136	-8006.71
655	0.729136	-8012.27
656	0.729136	-7998.64
657	0.729136	-8005.17
658	0.729136	-8003.68
659	0.729136	-8005.78
660	0.729136	-8002.25
661	0.729136	-8000.25
662	0.729136	-8006.97
663	0.729136	-8007.09
664	0.729136	-8006.47
665	0.729136	-8006.77
666	0.729136	-8014.58
667	0.729136	-8007.45
668	0.729136	-8007.43
669	0.729136	-8011.27
670	0.729136	-8007.04
671	0.729136	-8008.03
672	0.729136	-8009.97
673	0.729136	-8007.24
674	0.729136	-8006.51
675	0.729136	-8012.58
676	0.729136	-8012.82
677	0.729136	-8011.5
678	0.729136	-8019.86
679	0.729136	-8009.12
680	0.729136	-8011.4
681	0.729136	-8006.76
682	0.729136	-8010.75
683	0.729136	-8003.84
684	0.729136	-8003.97
685	0.729136	-8017.76
686	0.729136	-8011.36
687	0.729136	-8008.93
688	0.729136	-8002.1
689	0.729136	-8002.65
690	0.729136	-7994.73
691	0.729136	-7998.12
692	0.729136	-7998.11
693	0.729136	-8000.74
694	0.729136	-8004.58
695	0.729136	-8005.97
696	0.729136	-8007.95
697	0.729136	-8019.3
698	0.729136	-8009.19
699	0.729136	-8014.6
700	0.729136	-8009.96
701	0.729136	-8023.03
702	0.729136	-8021.32
703	0.729136	-8018.07
704	0.729136	-8023.53
705	0.729136	-8026.19
706	0.729136	-8017.29
707	0.729136	-8019.83
708	0.729136	-8020.78
709	0.729136	-8012.82
710	0.729136	-8005.9
711	0.729136	-8006.49
712	0.729136	-8003.44
713	0.729136	-8001.5
714	0.729136	-8002.63
715	0.729136	-8003.13
716	0.729136	-8009.41
717	0.729136	-8000.39
718	0.729136	-8007.23
719	0.729136	-8008.2
720	0.729136	-8007.99
721	0.729136	-8003.79
722	0.729136	-8001.31
723	0.729136	-8001.43
724	0.729136	-8001.35
725	0.729136	-8004.7
726	0.729136	-8004.62
727	0.729136	-8000.44
728	0.729136	-8008.18
729	0.729136	-8006.41
730	0.729136	-8015.29
731	0.729136	-8012.5
732	0.729136	-8016.15
733	0.729136	-8023.08
734	0.729136	-8015.01
735	0.729136	-8010.58
736	0.729136	-8006.91
737	0.729136	-8007.52
738	0.729136	-8007.23
739	0.729136	-8002.34
740	0.729136	-8001.95
741	0.729136	-8003.43
742	0.729136	-8009.46
743	0.729136	-8009.93
744	0.729136	-8008.1
745	0.729136	-8017.11
746	0.729136	-8014.98
747	0.729136	-8011.42
748	0.729136	-8017.64
749	0.729136	-8022.23
750	0.729136	-8003.57
751	0.729136	-8004.61
752	0.729136	-8006.6
753	0.729136	-8002.86
754	0.729136	-8001.36
755	0.729136	-8001.83
756	0.729136	-8002.76
757	0.729136	-8010.96
758	0.729136	-8007.94
759	0.729136	-8006.06
760	0.729136	-8006.3
761	0.729136	-8017.16
762	0.729136	-8005.57
763	0.729136	-8008.21
764	0.729136	-8023.72
765	0.729136	-8015.97
766	0.729136	-8013.39
767	0.729136	-8011.6
768	0.729136	-8022.76
769	0.729136	-8016.21
770	0.729136	-8020.22
771	0.729136	-8011.46
772	0.729136	-8015.33
773	0.729136	-8003.74
774	0.729136	-8020.75
775	0.729136	-8017.12
776	0.729136	-8024.4
777	0.729136	-8021.69
778	0.729136	-8008.52
779	0.729136	-8010.01
780	0.729136	-8010.65
781	0.729136	-8014.88
782	0.729136	-8007.86
783	0.729136	-8005.44
784	0.729136	-8002.93
785	0.729136	-8010.25
786	0.729136	-8009.87
787	0.729136	-8008.02
788	0.729136	-8006.04
789	0.729136	-8003.63
790	0.729136	-8012.43
791	0.729136	-8018.4
792	0.729136	-8009.79
793	0.729136	-8007.49
794	0.729136	-8004.61
795	0.729136	-8007.72
796	0.729136	-8012.44
797	0.729136	-8016.99
798	0.729136	-8012.27
799	0.729136	-8007.75
800	0.729136	-8008.18
801	0.729136	-8010.87
802	0.729136	-8015.96
803	0.729136	-8017.22
804	0.729136	-8015.41
805	0.729136	-8005.85
806	0.729136	-8001.51
807	0.729136	-8005.05
808	0.729136	-8005.3
809	0.729136	-8010.48
810	0.729136	-8005.19
811	0.729136	-8011.68
812	0.729136	-8014.76
813	0.729136	-8009.65
814	0.729136	-8012.49
815	0.729136	-8016.56
816	0.729136	-8011.99
817	0.729136	-8009.74
818	0.729136	-8013.06
819	0.729136	-8016.05
820	0.729136	-8021.29
821	0.729136	-8015.68
822	0.729136	-8016.8
823	0.729136	-8013.58
824	0.729136	-8015.68
825	0.729136	-8019.96
826	0.729136	-8024.61
827	0.729136	-8017.39
828	0.729136	-8008.69
829	0.729136	-8015.63
830	0.729136	-8018.2
831	0.729136	-8008.24
832	0.729136	-8011.26
833	0.729136	-8012.13
834	0.729136	-8009.26
835	0.729136	-8004.19
836	0.729136	-8001.52
837	0.729136	-8000.55
838	0.729136	-8000.86
839	0.729136	-8001.98
840	0.729136	-8004.97
841	0.729136	-8002.49
842	0.729136	-8002.67
843	0.729136	-8003.2
844	0.729136	-8010.08
845	0.729136	-8010.96
846	0.729136	-8011.99
847	0.729136	-8002.02
848	0.729136	-8000.35
849	0.729136	-8004.94
850	0.729136	-8015.14
851	0.729136	-8016.6
852	0.729136	-8006.9
853	0.729136	-8007.9
854	0.729136	-8006.51
855	0.729136	-8002.9
856	0.729136	-8006.73
857	0.729136	-8005.33
858	0.729136	-8002.68
859	0.729136	-7999.39
860	0.729136	-8005.17
861	0.729136	-8000.08
862	0.729136	-8010.68
863	0.729136	-8006.93
864	0.729136	-7999.71
865	0.729136	-8008.68
866	0.729136	-8007.19
867	0.729136	-8015.46
868	0.729136	-8010.44
869	0.729136	-8012.18
870	0.729136	-8009.4
871	0.729136	-8010.98
872	0.729136	-8006.47
873	0.729136	-8008.65
874	0.729136	-8010.33
875	0.729136	-8009.08
876	0.729136	-8010.73
877	0.729136	-8001.7
878	0.729136	-8010.53
879	0.729136	-8008.94
880	0.729136	-8012.68
881	0.729136	-8010.08
882	0.729136	-8011.23
883	0.729136	-8010.04
884	0.729136	-8008.76
885	0.729136	-8012.14
886	0.729136	-8009.85
887	0.729136	-8024.25
888	0.729136	-8020.56
889	0.729136	-8009.19
890	0.729136	-8009.8
891	0.729136	-8008.6
892	0.729136	-8012.35
893	0.729136	-7998.61
894	0.729136	-8006.47
895	0.729136	-8006.4
896	0.729136	-8008.84
897	0.729136	-8011.69
898	0.729136	-8006.97
899	0.729136	-8003.13
900	0.729136	-8001.53
901	0.729136	-8006.03
902	0.729136	-8008.41
903	0.729136	-8010.26
904	0.729136	-8011.26
905	0.729136	-8006.38
906	0.729136	-8007.41
907	0.729136	-8015.48
908	0.729136	-8005.8
909	0.729136	-8004.9
910	0.729136	-8010.48
911	0.729136	-8012.4
912	0.729136	-8008.74
913	0.729136	-8009.07
914	0.729136	-8009.96
915	0.729136	-8005.56
916	0.729136	-8001.3
917	0.729136	-7997.08
918	0.729136	-7996.51
919	0.729136	-8000.37
920	0.729136	-8007.45
921	0.729136	-7996.68
922	0.729136	-7997.51
923	0.729136	-7999.8
924	0.729136	-8003
925	0.729136	-7998.02
926	0.729136	-7996.82
927	0.729136	-8002.62
928	0.729136	-8012.08
929	0.729136	-8009.51
930	0.729136	-8015.87
931	0.729136	-8016.56
932	0.729136	-8013.96
933	0.729136	-8009.32
934	0.729136	-8005.81
935	0.729136	-8010.25
936	0.729136	-8008.42
937	0.729136	-8002.22
938	0.729136	-8001.62
939	0.729136	-8006.17
940	0.729136	-8015.41
941	0.729136	-8006.57
942	0.729136	-8006.9
943	0.729136	-8003.36
944	0.729136	-7999.9
945	0.729136	-8006.33
946	0.729136	-7998.75
947	0.729136	-8004.35
948	0.729136	-8002.49
949	0.729136	-8006.64
950	0.729136	-8008.62
951	0.729136	-8002.87
952	0.729136	-8010.98
953	0.729136	-8000.26
954	0.729136	-8002.88
955	0.729136	-8006.32
956	0.729136	-8017.28
957	0.729136	-8007.37
958	0.729136	-8009
959	0.729136	-8009.8
960	0.729136	-8012.18
961	0.729136	-8014.79
962	0.729136	-8017.61
963	0.729136	-8014.48
964	0.729136	-8014.43
965	0.729136	-8003.44
966	0.729136	-8002.91
967	0.729136	-8002.7
968	0.729136	-7999.86
969	0.729136	-8000.68
970	0.729136	-7999.66
971	0.729136	-8000.95
972	0.729136	-8003.32
973	0.729136	-7999.97
974	0.729136	-8002.47
975	0.729136	-8003.69
976	0.729136	-8006.95
977	0.729136	-8005.86
978	0.729136	-8026.52
979	0.729136	-8022.91
980	0.729136	-8021.04
981	0.729136	-8018.75
982	0.729136	-8017.92
983	0.729136	-8020.05
984	0.729136	-8022.54
985	0.729136	-8009.76
986	0.729136	-8012.01
987	0.729136	-8016.84
988	0.729136	-8014.22
989	0.729136	-8003.67
990	0.729136	-8008.61
991	0.729136	-8019.57
992	0.729136	-8018.63
993	0.729136	-8010.07
994	0.729136	-8016.02
995	0.729136	-8009.36
996	0.729136	-8014.28
997	0.729136	-8015.08
998	0.729136	-8017.45
999	0.729136	-8015.75
1000	0.729136	-8017.69
