state	power	likelihood
251	0.653254	-8196.01
252	0.653254	-8192.08
253	0.653254	-8180.57
254	0.653254	-8178.43
255	0.653254	-8182.89
256	0.653254	-8179.19
257	0.653254	-8179.38
258	0.653254	-8183.33
259	0.653254	-8180.6
260	0.653254	-8181.17
261	0.653254	-8179.31
262	0.653254	-8183.1
263	0.653254	-8185.33
264	0.653254	-8191.94
265	0.653254	-8192.81
266	0.653254	-8187.66
267	0.653254	-8190.41
268	0.653254	-8192.85
269	0.653254	-8195.49
270	0.653254	-8187.81
271	0.653254	-8192.31
272	0.653254	-8188.02
273	0.653254	-8189.01
274	0.653254	-8185.97
275	0.653254	-8184.44
276	0.653254	-8189.04
277	0.653254	-8193.54
278	0.653254	-8193.71
279	0.653254	-8188.99
280	0.653254	-8195.13
281	0.653254	-8192.68
282	0.653254	-8197.06
283	0.653254	-8187.66
284	0.653254	-8193.55
285	0.653254	-8192.59
286	0.653254	-8187.02
287	0.653254	-8185.93
288	0.653254	-8188.17
289	0.653254	-8188.33
290	0.653254	-8188.1
291	0.653254	-8189.44
292	0.653254	-8190.47
293	0.653254	-8190.34
294	0.653254	-8185.62
295	0.653254	-8188.78
296	0.653254	-8186.8
297	0.653254	-8185.09
298	0.653254	-8194.63
299	0.653254	-8190.55
300	0.653254	-8181.66
301	0.653254	-8192.78
302	0.653254	-8190.52
303	0.653254	-8195.18
304	0.653254	-8202.28
305	0.653254	-8193.81
306	0.653254	-8191.42
307	0.653254	-8183.22
308	0.653254	-8182.38
309	0.653254	-8184.3
310	0.653254	-8187.44
311	0.653254	-8185.21
312	0.653254	-8182.59
313	0.653254	-8187.59
314	0.653254	-8185.25
315	0.653254	-8185.31
316	0.653254	-8197.06
317	0.653254	-8187.19
318	0.653254	-8184.88
319	0.653254	-8191.93
320	0.653254	-8195.13
321	0.653254	-8189.36
322	0.653254	-8189.31
323	0.653254	-8182.03
324	0.653254	-8186.71
325	0.653254	-8181.95
326	0.653254	-8180.2
327	0.653254	-8185.19
328	0.653254	-8186.6
329	0.653254	-8190.9
330	0.653254	-8186.78
331	0.653254	-8184
332	0.653254	-8186.47
333	0.653254	-8188.63
334	0.653254	-8183.64
335	0.653254	-8185.79
336	0.653254	-8185.15
337	0.653254	-8192.04
338	0.653254	-8192.17
339	0.653254	-8189.44
340	0.653254	-8187.77
341	0.653254	-8188.89
342	0.653254	-8188.6
343	0.653254	-8191.47
344	0.653254	-8178.65
345	0.653254	-8179.23
346	0.653254	-8182.42
347	0.653254	-8184.72
348	0.653254	-8177.03
349	0.653254	-8182.41
350	0.653254	-8187.19
351	0.653254	-8179.97
352	0.653254	-8184.97
353	0.653254	-8183.01
354	0.653254	-8186.83
355	0.653254	-8191.9
356	0.653254	-8186.45
357	0.653254	-8181.62
358	0.653254	-8180.74
359	0.653254	-8185.84
360	0.653254	-8189.16
361	0.653254	-8192.94
362	0.653254	-8190.15
363	0.653254	-8190.47
364	0.653254	-8187.12
365	0.653254	-8187.86
366	0.653254	-8185.18
367	0.653254	-8188.61
368	0.653254	-8196.28
369	0.653254	-8192.33
370	0.653254	-8183.84
371	0.653254	-8180.73
372	0.653254	-8182.46
373	0.653254	-8183.7
374	0.653254	-8185.22
375	0.653254	-8180.21
376	0.653254	-8191.46
377	0.653254	-8193.38
378	0.653254	-8194.17
379	0.653254	-8188.04
380	0.653254	-8188.84
381	0.653254	-8189.64
382	0.653254	-8195.41
383	0.653254	-8197.44
384	0.653254	-8195.34
385	0.653254	-8191.88
386	0.653254	-8195.43
387	0.653254	-8189.54
388	0.653254	-8187.49
389	0.653254	-8198.18
390	0.653254	-8191.33
391	0.653254	-8184.26
392	0.653254	-8187.95
393	0.653254	-8182.93
394	0.653254	-8178.97
395	0.653254	-8178.95
396	0.653254	-8173.95
397	0.653254	-8183.29
398	0.653254	-8181.18
399	0.653254	-8180.22
400	0.653254	-8191.01
401	0.653254	-8191.61
402	0.653254	-8179.48
403	0.653254	-8185.86
404	0.653254	-8184.59
405	0.653254	-8185.48
406	0.653254	-8182.43
407	0.653254	-8187.22
408	0.653254	-8190.48
409	0.653254	-8187.34
410	0.653254	-8182.63
411	0.653254	-8186.01
412	0.653254	-8183.05
413	0.653254	-8191.29
414	0.653254	-8186.78
415	0.653254	-8194.17
416	0.653254	-8188.14
417	0.653254	-8184.28
418	0.653254	-8178.33
419	0.653254	-8184.42
420	0.653254	-8184.49
421	0.653254	-8185.22
422	0.653254	-8187.09
423	0.653254	-8186.66
424	0.653254	-8189.75
425	0.653254	-8183.35
426	0.653254	-8181.51
427	0.653254	-8189.92
428	0.653254	-8190.78
429	0.653254	-8200.81
430	0.653254	-8192.68
431	0.653254	-8187.75
432	0.653254	-8187.92
433	0.653254	-8183.92
434	0.653254	-8182.3
435	0.653254	-8181.17
436	0.653254	-8181.27
437	0.653254	-8179.2
438	0.653254	-8181.06
439	0.653254	-8180.44
440	0.653254	-8178.33
441	0.653254	-8182.08
442	0.653254	-8184.16
443	0.653254	-8187.85
444	0.653254	-8184.16
445	0.653254	-8185.51
446	0.653254	-8190.37
447	0.653254	-8185.92
448	0.653254	-8184.32
449	0.653254	-8183.55
450	0.653254	-8177.73
451	0.653254	-8177.96
452	0.653254	-8181.72
453	0.653254	-8184.44
454	0.653254	-8182.6
455	0.653254	-8191.63
456	0.653254	-8189.43
457	0.653254	-8189.92
458	0.653254	-8194.73
459	0.653254	-8188.87
460	0.653254	-8190.15
461	0.653254	-8193.45
462	0.653254	-8197.79
463	0.653254	-8192.84
464	0.653254	-8201.96
465	0.653254	-8186.58
466	0.653254	-8185.7
467	0.653254	-8181.28
468	0.653254	-8184.86
469	0.653254	-8179.02
470	0.653254	-8182.31
471	0.653254	-8181.8
472	0.653254	-8179.8
473	0.653254	-8177.91
474	0.653254	-8175.37
475	0.653254	-8173.76
476	0.653254	-8175.05
477	0.653254	-8174.84
478	0.653254	-8178.11
479	0.653254	-8186.74
480	0.653254	-8189.47
481	0.653254	-8187.63
482	0.653254	-8185.42
483	0.653254	-8197.47
484	0.653254	-8195.56
485	0.653254	-8192.08
486	0.653254	-8190.95
487	0.653254	-8188.63
488	0.653254	-8193.94
489	0.653254	-8193.39
490	0.653254	-8205.98
491	0.653254	-8201.22
492	0.653254	-8190.25
493	0.653254	-8190.01
494	0.653254	-8193.62
495	0.653254	-8193.94
496	0.653254	-8199.63
497	0.653254	-8203.3
498	0.653254	-8199.95
499	0.653254	-8204.75
500	0.653254	-8195.33
501	0.653254	-8197.28
502	0.653254	-8194.9
503	0.653254	-8193.21
504	0.653254	-8197.95
505	0.653254	-8192.99
506	0.653254	-8189.98
507	0.653254	-8186.27
508	0.653254	-8187.61
509	0.653254	-8189.7
510	0.653254	-8192.68
511	0.653254	-8193.59
512	0.653254	-8192.35
513	0.653254	-8195.29
514	0.653254	-8189.81
515	0.653254	-8185.13
516	0.653254	-8183.55
517	0.653254	-8185.74
518	0.653254	-8184.34
519	0.653254	-8186.12
520	0.653254	-8180.85
521	0.653254	-8175.44
522	0.653254	-8176.43
523	0.653254	-8179.7
524	0.653254	-8185.29
525	0.653254	-8187.86
526	0.653254	-8179.32
527	0.653254	-8176.55
528	0.653254	-8175.15
529	0.653254	-8174.86
530	0.653254	-8179.6
531	0.653254	-8178.52
532	0.653254	-8177.87
533	0.653254	-8184.54
534	0.653254	-8184.15
535	0.653254	-8182.31
536	0.653254	-8183.95
537	0.653254	-8186.41
538	0.653254	-8180.35
539	0.653254	-8188.47
540	0.653254	-8198.15
541	0.653254	-8199.35
542	0.653254	-8195.28
543	0.653254	-8191.33
544	0.653254	-8184.82
545	0.653254	-8186.9
546	0.653254	-8187.96
547	0.653254	-8187.67
548	0.653254	-8190.95
549	0.653254	-8187.18
550	0.653254	-8187.15
551	0.653254	-8189.74
552	0.653254	-8191.02
553	0.653254	-8191.95
554	0.653254	-8189.12
555	0.653254	-8176.45
556	0.653254	-8183.13
557	0.653254	-8179.05
558	0.653254	-8182.72
559	0.653254	-8182.45
560	0.653254	-8185.41
561	0.653254	-8187.58
562	0.653254	-8182.95
563	0.653254	-8187.8
564	0.653254	-8181.37
565	0.653254	-8184.06
566	0.653254	-8191.53
567	0.653254	-8181.38
568	0.653254	-8185.05
569	0.653254	-8186.71
570	0.653254	-8191.57
571	0.653254	-8190.93
572	0.653254	-8186.3
573	0.653254	-8185.79
574	0.653254	-8182.02
575	0.653254	-8184.22
576	0.653254	-8183.09
577	0.653254	-8185.03
578	0.653254	-8187.65
579	0.653254	-8188.94
580	0.653254	-8199.46
581	0.653254	-8196
582	0.653254	-8182.97
583	0.653254	-8184.59
584	0.653254	-8185.59
585	0.653254	-8185.96
586	0.653254	-8193.04
587	0.653254	-8186.94
588	0.653254	-8185.62
589	0.653254	-8180.14
590	0.653254	-8179.77
591	0.653254	-8185.37
592	0.653254	-8184.92
593	0.653254	-8190.11
594	0.653254	-8187.5
595	0.653254	-8194.38
596	0.653254	-8197.17
597	0.653254	-8182.63
598	0.653254	-8188.86
599	0.653254	-8195.48
600	0.653254	-8185.24
601	0.653254	-8195.83
602	0.653254	-8196.51
603	0.653254	-8191.09
604	0.653254	-8185.1
605	0.653254	-8188.86
606	0.653254	-8191.97
607	0.653254	-8193.77
608	0.653254	-8193.61
609	0.653254	-8183.6
610	0.653254	-8183.34
611	0.653254	-8185.15
612	0.653254	-8183.76
613	0.653254	-8184.09
614	0.653254	-8177.7
615	0.653254	-8183.17
616	0.653254	-8184
617	0.653254	-8198.38
618	0.653254	-8186.46
619	0.653254	-8190.99
620	0.653254	-8193.57
621	0.653254	-8188.72
622	0.653254	-8182.84
623	0.653254	-8184.83
624	0.653254	-8185.4
625	0.653254	-8187.15
626	0.653254	-8182.37
627	0.653254	-8182.58
628	0.653254	-8183.07
629	0.653254	-8187.67
630	0.653254	-8187.75
631	0.653254	-8186.89
632	0.653254	-8186.19
633	0.653254	-8182.25
634	0.653254	-8177.22
635	0.653254	-8177.34
636	0.653254	-8185.99
637	0.653254	-8178.04
638	0.653254	-8175.83
639	0.653254	-8182.14
640	0.653254	-8187.98
641	0.653254	-8190.33
642	0.653254	-8184.82
643	0.653254	-8178.4
644	0.653254	-8179.79
645	0.653254	-8179.68
646	0.653254	-8189.71
647	0.653254	-8191.96
648	0.653254	-8193.42
649	0.653254	-8186.64
650	0.653254	-8192.02
651	0.653254	-8191.86
652	0.653254	-8190.47
653	0.653254	-8187.08
654	0.653254	-8184.22
655	0.653254	-8185.25
656	0.653254	-8179.38
657	0.653254	-8187.05
658	0.653254	-8184.88
659	0.653254	-8187.36
660	0.653254	-8182.69
661	0.653254	-8187.5
662	0.653254	-8182.34
663	0.653254	-8184.64
664	0.653254	-8184.91
665	0.653254	-8188.16
666	0.653254	-8192.79
667	0.653254	-8189.5
668	0.653254	-8185.89
669	0.653254	-8180.68
670	0.653254	-8180.16
671	0.653254	-8184.11
672	0.653254	-8182.71
673	0.653254	-8184.78
674	0.653254	-8184.88
675	0.653254	-8187.02
676	0.653254	-8181.89
677	0.653254	-8176.53
678	0.653254	-8177.95
679	0.653254	-8181.92
680	0.653254	-8179.73
681	0.653254	-8176.23
682	0.653254	-8179.55
683	0.653254	-8179.82
684	0.653254	-8182.29
685	0.653254	-8182.33
686	0.653254	-8197.08
687	0.653254	-8190.36
688	0.653254	-8194.45
689	0.653254	-8192.54
690	0.653254	-8189.97
691	0.653254	-8187.48
692	0.653254	-8180.18
693	0.653254	-8179.08
694	0.653254	-8183.4
695	0.653254	-8190.48
696	0.653254	-8191.27
697	0.653254	-8194.25
698	0.653254	-8195.76
699	0.653254	-8193.58
700	0.653254	-8194.34
701	0.653254	-8197.13
702	0.653254	-8192.54
703	0.653254	-8197.09
704	0.653254	-8198.31
705	0.653254	-8191.78
706	0.653254	-8187.13
707	0.653254	-8185.19
708	0.653254	-8188.68
709	0.653254	-8187.71
710	0.653254	-8194.2
711	0.653254	-8204.25
712	0.653254	-8195.53
713	0.653254	-8193.21
714	0.653254	-8194.36
715	0.653254	-8193.52
716	0.653254	-8192.93
717	0.653254	-8183.16
718	0.653254	-8188.99
719	0.653254	-8184.87
720	0.653254	-8184.01
721	0.653254	-8194.24
722	0.653254	-8188.85
723	0.653254	-8196.57
724	0.653254	-8194.05
725	0.653254	-8181.52
726	0.653254	-8176.04
727	0.653254	-8180.17
728	0.653254	-8183.6
729	0.653254	-8195.1
730	0.653254	-8190.66
731	0.653254	-8199.52
732	0.653254	-8196.01
733	0.653254	-8192.91
734	0.653254	-8193.66
735	0.653254	-8198.77
736	0.653254	-8190.36
737	0.653254	-8186.39
738	0.653254	-8189.01
739	0.653254	-8186.57
740	0.653254	-8187.06
741	0.653254	-8192.28
742	0.653254	-8184.89
743	0.653254	-8185.54
744	0.653254	-8190.19
745	0.653254	-8192.64
746	0.653254	-8187.02
747	0.653254	-8186.46
748	0.653254	-8190.78
749	0.653254	-8181.69
750	0.653254	-8183.56
751	0.653254	-8183.24
752	0.653254	-8194.99
753	0.653254	-8192
754	0.653254	-8191.37
755	0.653254	-8185.25
756	0.653254	-8185.58
757	0.653254	-8191.46
758	0.653254	-8186.2
759	0.653254	-8187.47
760	0.653254	-8187.82
761	0.653254	-8195.31
762	0.653254	-8193.63
763	0.653254	-8189.85
764	0.653254	-8183.75
765	0.653254	-8188.46
766	0.653254	-8190.73
767	0.653254	-8187.41
768	0.653254	-8187.78
769	0.653254	-8190.18
770	0.653254	-8197.98
771	0.653254	-8192.55
772	0.653254	-8186.84
773	0.653254	-8192.42
774	0.653254	-8195.5
775	0.653254	-8188.54
776	0.653254	-8189.98
777	0.653254	-8185.72
778	0.653254	-8183.77
779	0.653254	-8195.14
780	0.653254	-8190.15
781	0.653254	-8195.61
782	0.653254	-8188.11
783	0.653254	-8182.38
784	0.653254	-8184.05
785	0.653254	-8190.14
786	0.653254	-8183.51
787	0.653254	-8188.95
788	0.653254	-8197.03
789	0.653254	-8183.78
790	0.653254	-8184.35
791	0.653254	-8181.24
792	0.653254	-8184.56
793	0.653254	-8190.43
794	0.653254	-8188.65
795	0.653254	-8184.58
796	0.653254	-8183.2
797	0.653254	-8182.52
798	0.653254	-8177.91
799	0.653254	-8175.67
800	0.653254	-8174.57
801	0.653254	-8180.18
802	0.653254	-8183.99
803	0.653254	-8183.33
804	0.653254	-8194.87
805	0.653254	-8196.36
806	0.653254	-8190.02
807	0.653254	-8188.37
808	0.653254	-8181.34
809	0.653254	-8188.18
810	0.653254	-8182.09
811	0.653254	-8194.18
812	0.653254	-8194.98
813	0.653254	-8192.55
814	0.653254	-8187.98
815	0.653254	-8193.02
816	0.653254	-8191.42
817	0.653254	-8192.17
818	0.653254	-8193.88
819	0.653254	-8187.34
820	0.653254	-8188.15
821	0.653254	-8180.14
822	0.653254	-8194.45
823	0.653254	-8198.09
824	0.653254	-8198.93
825	0.653254	-8186.06
826	0.653254	-8185.55
827	0.653254	-8184.12
828	0.653254	-8192.18
829	0.653254	-8188.24
830	0.653254	-8186.63
831	0.653254	-8193.23
832	0.653254	-8186.78
833	0.653254	-8188.2
834	0.653254	-8186.37
835	0.653254	-8183.81
836	0.653254	-8182.79
837	0.653254	-8184.21
838	0.653254	-8183.87
839	0.653254	-8184.43
840	0.653254	-8187.91
841	0.653254	-8179.55
842	0.653254	-8182.47
843	0.653254	-8182.09
844	0.653254	-8186.53
845	0.653254	-8181.38
846	0.653254	-8188.54
847	0.653254	-8184.82
848	0.653254	-8189.75
849	0.653254	-8178.98
850	0.653254	-8180.62
851	0.653254	-8187.29
852	0.653254	-8184.94
853	0.653254	-8187.34
854	0.653254	-8193.08
855	0.653254	-8194.07
856	0.653254	-8198.14
857	0.653254	-8191.56
858	0.653254	-8191.91
859	0.653254	-8196.76
860	0.653254	-8200.54
861	0.653254	-8193.92
862	0.653254	-8195.81
863	0.653254	-8188.07
864	0.653254	-8183.01
865	0.653254	-8183.01
866	0.653254	-8181.44
867	0.653254	-8186.41
868	0.653254	-8190.86
869	0.653254	-8191.1
870	0.653254	-8189.39
871	0.653254	-8183.1
872	0.653254	-8183.55
873	0.653254	-8186.65
874	0.653254	-8198.35
875	0.653254	-8199.33
876	0.653254	-8195.61
877	0.653254	-8188.84
878	0.653254	-8188.45
879	0.653254	-8186.17
880	0.653254	-8185.43
881	0.653254	-8184.17
882	0.653254	-8186.08
883	0.653254	-8188.86
884	0.653254	-8187.97
885	0.653254	-8187.02
886	0.653254	-8187.23
887	0.653254	-8182.73
888	0.653254	-8183.09
889	0.653254	-8179.37
890	0.653254	-8184.02
891	0.653254	-8184.49
892	0.653254	-8189.6
893	0.653254	-8192.1
894	0.653254	-8189.39
895	0.653254	-8186.5
896	0.653254	-8185.26
897	0.653254	-8186.24
898	0.653254	-8188.62
899	0.653254	-8188.62
900	0.653254	-8183.02
901	0.653254	-8184.58
902	0.653254	-8184.91
903	0.653254	-8184.25
904	0.653254	-8189.45
905	0.653254	-8185.39
906	0.653254	-8185.61
907	0.653254	-8184.88
908	0.653254	-8189.9
909	0.653254	-8182.97
910	0.653254	-8188.19
911	0.653254	-8180.16
912	0.653254	-8178.75
913	0.653254	-8183.87
914	0.653254	-8184.53
915	0.653254	-8185.48
916	0.653254	-8191.51
917	0.653254	-8189.33
918	0.653254	-8185.92
919	0.653254	-8185.73
920	0.653254	-8186.73
921	0.653254	-8191.38
922	0.653254	-8187.87
923	0.653254	-8180.6
924	0.653254	-8186.43
925	0.653254	-8178.85
926	0.653254	-8179.22
927	0.653254	-8181.48
928	0.653254	-8185.97
929	0.653254	-8181.47
930	0.653254	-8177.88
931	0.653254	-8175.4
932	0.653254	-8176.93
933	0.653254	-8185.69
934	0.653254	-8185.15
935	0.653254	-8182.59
936	0.653254	-8196.38
937	0.653254	-8195.62
938	0.653254	-8181.48
939	0.653254	-8186.57
940	0.653254	-8179.69
941	0.653254	-8177.29
942	0.653254	-8190.03
943	0.653254	-8179.34
944	0.653254	-8180.76
945	0.653254	-8186.3
946	0.653254	-8189.07
947	0.653254	-8184.42
948	0.653254	-8179.52
949	0.653254	-8183.26
950	0.653254	-8182.65
951	0.653254	-8179.78
952	0.653254	-8176.73
953	0.653254	-8179.79
954	0.653254	-8184.69
955	0.653254	-8182.83
956	0.653254	-8193.01
957	0.653254	-8186.94
958	0.653254	-8190.91
959	0.653254	-8184.33
960	0.653254	-8187.74
961	0.653254	-8184
962	0.653254	-8180.92
963	0.653254	-8179.15
964	0.653254	-8186.16
965	0.653254	-8185.93
966	0.653254	-8188.93
967	0.653254	-8191.91
968	0.653254	-8187.18
969	0.653254	-8188.99
970	0.653254	-8186.41
971	0.653254	-8180.74
972	0.653254	-8179.2
973	0.653254	-8178.72
974	0.653254	-8185
975	0.653254	-8194.39
976	0.653254	-8187.74
977	0.653254	-8186.92
978	0.653254	-8187.54
979	0.653254	-8178.56
980	0.653254	-8178.76
981	0.653254	-8184.08
982	0.653254	-8179.17
983	0.653254	-8184.9
984	0.653254	-8186.61
985	0.653254	-8185.76
986	0.653254	-8182.81
987	0.653254	-8178.17
988	0.653254	-8180.72
989	0.653254	-8180.77
990	0.653254	-8179.17
991	0.653254	-8180.34
992	0.653254	-8181.04
993	0.653254	-8190.78
994	0.653254	-8197.49
995	0.653254	-8199.09
996	0.653254	-8192.72
997	0.653254	-8194.95
998	0.653254	-8190.49
999	0.653254	-8198.15
1000	0.653254	-8190.34
