state	power	likelihood
251	0.000880898	-11720.3
252	0.000880898	-10637.8
253	0.000880898	-11192.3
254	0.000880898	-12204.7
255	0.000880898	-10388.6
256	0.000880898	-11004.2
257	0.000880898	-10751.4
258	0.000880898	-10651.7
259	0.000880898	-10697.6
260	0.000880898	-11847.9
261	0.000880898	-11768.8
262	0.000880898	-11372.1
263	0.000880898	-11752.5
264	0.000880898	-13225.3
265	0.000880898	-13551.4
266	0.000880898	-13390.3
267	0.000880898	-12218.6
268	0.000880898	-10974.8
269	0.000880898	-11575.6
270	0.000880898	-11517.8
271	0.000880898	-11003.4
272	0.000880898	-11430.3
273	0.000880898	-10091.9
274	0.000880898	-10580.3
275	0.000880898	-10597.4
276	0.000880898	-11047.5
277	0.000880898	-12284.1
278	0.000880898	-11456.7
279	0.000880898	-10410.1
280	0.000880898	-10351
281	0.000880898	-10235.4
282	0.000880898	-10743
283	0.000880898	-10293.1
284	0.000880898	-10181.1
285	0.000880898	-10334.7
286	0.000880898	-11273.3
287	0.000880898	-11252.6
288	0.000880898	-10120
289	0.000880898	-10577.4
290	0.000880898	-11888.5
291	0.000880898	-10318.4
292	0.000880898	-10280.4
293	0.000880898	-10072.9
294	0.000880898	-11814.9
295	0.000880898	-12124
296	0.000880898	-10787.4
297	0.000880898	-11057.9
298	0.000880898	-11877.4
299	0.000880898	-10808.6
300	0.000880898	-10372.7
301	0.000880898	-11405.5
302	0.000880898	-11563.8
303	0.000880898	-12254.4
304	0.000880898	-12042.5
305	0.000880898	-11983.3
306	0.000880898	-11081.7
307	0.000880898	-10285.6
308	0.000880898	-12076.8
309	0.000880898	-11610.5
310	0.000880898	-11476.7
311	0.000880898	-11728.9
312	0.000880898	-12099.6
313	0.000880898	-12342.3
314	0.000880898	-13126.3
315	0.000880898	-10839.1
316	0.000880898	-11055
317	0.000880898	-10270.2
318	0.000880898	-10394.3
319	0.000880898	-11087.8
320	0.000880898	-10654.6
321	0.000880898	-11632.4
322	0.000880898	-11828.6
323	0.000880898	-13526.8
324	0.000880898	-11037.8
325	0.000880898	-11339.2
326	0.000880898	-11418.7
327	0.000880898	-12356.5
328	0.000880898	-12496.5
329	0.000880898	-13048.3
330	0.000880898	-9653.63
331	0.000880898	-12690.1
332	0.000880898	-12130.4
333	0.000880898	-11501.7
334	0.000880898	-11496.8
335	0.000880898	-12086.8
336	0.000880898	-11946.2
337	0.000880898	-11317.5
338	0.000880898	-12081.6
339	0.000880898	-10978.8
340	0.000880898	-10798.6
341	0.000880898	-11282.8
342	0.000880898	-11238.2
343	0.000880898	-10713
344	0.000880898	-11812.2
345	0.000880898	-11078.1
346	0.000880898	-10366
347	0.000880898	-11370.6
348	0.000880898	-11316.9
349	0.000880898	-10748.9
350	0.000880898	-10493.4
351	0.000880898	-9721.46
352	0.000880898	-10431.8
353	0.000880898	-12344.8
354	0.000880898	-10748.3
355	0.000880898	-11298.1
356	0.000880898	-11772.3
357	0.000880898	-12238
358	0.000880898	-11398.5
359	0.000880898	-10513.8
360	0.000880898	-11108.8
361	0.000880898	-11828.8
362	0.000880898	-11355.6
363	0.000880898	-12194.5
364	0.000880898	-10770
365	0.000880898	-11227.5
366	0.000880898	-10515.1
367	0.000880898	-10640.3
368	0.000880898	-12359.8
369	0.000880898	-12237.5
370	0.000880898	-11679.8
371	0.000880898	-12829.6
372	0.000880898	-13320.7
373	0.000880898	-13903.9
374	0.000880898	-12830.9
375	0.000880898	-12469.2
376	0.000880898	-12392.5
377	0.000880898	-12359.2
378	0.000880898	-11027.2
379	0.000880898	-10864.7
380	0.000880898	-10135.7
381	0.000880898	-10420
382	0.000880898	-10012.9
383	0.000880898	-10825.3
384	0.000880898	-10704.6
385	0.000880898	-10849.2
386	0.000880898	-10634.6
387	0.000880898	-11738.3
388	0.000880898	-10359.2
389	0.000880898	-9973.72
390	0.000880898	-9945.33
391	0.000880898	-9658.43
392	0.000880898	-11582.6
393	0.000880898	-10914.7
394	0.000880898	-11199.3
395	0.000880898	-11639.5
396	0.000880898	-11561.1
397	0.000880898	-10675.8
398	0.000880898	-10846.6
399	0.000880898	-12498.2
400	0.000880898	-11330.2
401	0.000880898	-11153.4
402	0.000880898	-11811.4
403	0.000880898	-12459.7
404	0.000880898	-9817.57
405	0.000880898	-11245.5
406	0.000880898	-11789.2
407	0.000880898	-10022.9
408	0.000880898	-11048.8
409	0.000880898	-12544.2
410	0.000880898	-11599.3
411	0.000880898	-11029.5
412	0.000880898	-12398.3
413	0.000880898	-11693.6
414	0.000880898	-11701.4
415	0.000880898	-10614.5
416	0.000880898	-12353.7
417	0.000880898	-10899.2
418	0.000880898	-11986.7
419	0.000880898	-11430.4
420	0.000880898	-13495.7
421	0.000880898	-13081.3
422	0.000880898	-11114.1
423	0.000880898	-11698.3
424	0.000880898	-11635.1
425	0.000880898	-11620.5
426	0.000880898	-11937.3
427	0.000880898	-10415.3
428	0.000880898	-10980.9
429	0.000880898	-11027.6
430	0.000880898	-11563.7
431	0.000880898	-10598.4
432	0.000880898	-11628.5
433	0.000880898	-11764.2
434	0.000880898	-11463.4
435	0.000880898	-11319.2
436	0.000880898	-11877.1
437	0.000880898	-11306
438	0.000880898	-10350.4
439	0.000880898	-10091.3
440	0.000880898	-11107.2
441	0.000880898	-11016.6
442	0.000880898	-10420
443	0.000880898	-10178.5
444	0.000880898	-10461.1
445	0.000880898	-11139.9
446	0.000880898	-12188.7
447	0.000880898	-12479.4
448	0.000880898	-10883.4
449	0.000880898	-11161
450	0.000880898	-10686
451	0.000880898	-11151.1
452	0.000880898	-12025.6
453	0.000880898	-10238.5
454	0.000880898	-10232.3
455	0.000880898	-11049.6
456	0.000880898	-10756.9
457	0.000880898	-13683.7
458	0.000880898	-11889.2
459	0.000880898	-11742
460	0.000880898	-11787.4
461	0.000880898	-10574.6
462	0.000880898	-10204
463	0.000880898	-11451.5
464	0.000880898	-11579.9
465	0.000880898	-10825.9
466	0.000880898	-10355
467	0.000880898	-10283.7
468	0.000880898	-10630.8
469	0.000880898	-10753
470	0.000880898	-11014.3
471	0.000880898	-13498.1
472	0.000880898	-10755.6
473	0.000880898	-11319.3
474	0.000880898	-10241.9
475	0.000880898	-11338.6
476	0.000880898	-10803.4
477	0.000880898	-11122
478	0.000880898	-10922.2
479	0.000880898	-11282.7
480	0.000880898	-12494.1
481	0.000880898	-10818.4
482	0.000880898	-10184.9
483	0.000880898	-12024.9
484	0.000880898	-11937.9
485	0.000880898	-11578.3
486	0.000880898	-10589.6
487	0.000880898	-10584.1
488	0.000880898	-10357.4
489	0.000880898	-11533.2
490	0.000880898	-12205.4
491	0.000880898	-11023.7
492	0.000880898	-10672.2
493	0.000880898	-10483.5
494	0.000880898	-12867.9
495	0.000880898	-10610.8
496	0.000880898	-11154.1
497	0.000880898	-11341.6
498	0.000880898	-11942.2
499	0.000880898	-12076.5
500	0.000880898	-10523.6
501	0.000880898	-13815.5
502	0.000880898	-12048.8
503	0.000880898	-11370.2
504	0.000880898	-11758.2
505	0.000880898	-10709
506	0.000880898	-9980.5
507	0.000880898	-11467.6
508	0.000880898	-14076
509	0.000880898	-12886.2
510	0.000880898	-11750.9
511	0.000880898	-13411.6
512	0.000880898	-12033.7
513	0.000880898	-12564.3
514	0.000880898	-12265.1
515	0.000880898	-11461.9
516	0.000880898	-13266.5
517	0.000880898	-12196.5
518	0.000880898	-13159.7
519	0.000880898	-11059
520	0.000880898	-12454.9
521	0.000880898	-12361.5
522	0.000880898	-11717.4
523	0.000880898	-11978.7
524	0.000880898	-11300.5
525	0.000880898	-10765
526	0.000880898	-11814.3
527	0.000880898	-11150.6
528	0.000880898	-12388.6
529	0.000880898	-12611.1
530	0.000880898	-10796.1
531	0.000880898	-10652.9
532	0.000880898	-11842.3
533	0.000880898	-11620.9
534	0.000880898	-10375.1
535	0.000880898	-10032.4
536	0.000880898	-11547.4
537	0.000880898	-10412.3
538	0.000880898	-11054.4
539	0.000880898	-10560.7
540	0.000880898	-12025.6
541	0.000880898	-10634
542	0.000880898	-12063.3
543	0.000880898	-10738.6
544	0.000880898	-10820
545	0.000880898	-12966.9
546	0.000880898	-11743.7
547	0.000880898	-11133.9
548	0.000880898	-10554.6
549	0.000880898	-11137.2
550	0.000880898	-12272
551	0.000880898	-11183.8
552	0.000880898	-10195
553	0.000880898	-10777.5
554	0.000880898	-10868.5
555	0.000880898	-11885.8
556	0.000880898	-11883.2
557	0.000880898	-11748.8
558	0.000880898	-11543.6
559	0.000880898	-11830.6
560	0.000880898	-11085.9
561	0.000880898	-10918.6
562	0.000880898	-12291.7
563	0.000880898	-12159.7
564	0.000880898	-13792.7
565	0.000880898	-10966.8
566	0.000880898	-10768.4
567	0.000880898	-11209.9
568	0.000880898	-11023.5
569	0.000880898	-10486.6
570	0.000880898	-10755.9
571	0.000880898	-10466.4
572	0.000880898	-12265.8
573	0.000880898	-13317.8
574	0.000880898	-11353.4
575	0.000880898	-11441.6
576	0.000880898	-11990.7
577	0.000880898	-14176.2
578	0.000880898	-13797.3
579	0.000880898	-12604.1
580	0.000880898	-11859.7
581	0.000880898	-10548.4
582	0.000880898	-11366.4
583	0.000880898	-10901.8
584	0.000880898	-12363.4
585	0.000880898	-10453.1
586	0.000880898	-10973
587	0.000880898	-10991.6
588	0.000880898	-10877.4
589	0.000880898	-11155.1
590	0.000880898	-10595.1
591	0.000880898	-11603.8
592	0.000880898	-11183.3
593	0.000880898	-10792.9
594	0.000880898	-10254.8
595	0.000880898	-10651.5
596	0.000880898	-11248.7
597	0.000880898	-12178.9
598	0.000880898	-11595.6
599	0.000880898	-11597.5
600	0.000880898	-11008.6
601	0.000880898	-11392.5
602	0.000880898	-10365.6
603	0.000880898	-10699.1
604	0.000880898	-9920.65
605	0.000880898	-10431.3
606	0.000880898	-9931.23
607	0.000880898	-10599.8
608	0.000880898	-11074.3
609	0.000880898	-13081.3
610	0.000880898	-11005.9
611	0.000880898	-10585.6
612	0.000880898	-10937.4
613	0.000880898	-12105.4
614	0.000880898	-11720.3
615	0.000880898	-11355
616	0.000880898	-11064.1
617	0.000880898	-11454.1
618	0.000880898	-14406.7
619	0.000880898	-12891
620	0.000880898	-12324.9
621	0.000880898	-11344.8
622	0.000880898	-10930.3
623	0.000880898	-10742.8
624	0.000880898	-10974
625	0.000880898	-10717.5
626	0.000880898	-11000.6
627	0.000880898	-11315.7
628	0.000880898	-10734.2
629	0.000880898	-11027.1
630	0.000880898	-10306.9
631	0.000880898	-10671.4
632	0.000880898	-10635.8
633	0.000880898	-11208.7
634	0.000880898	-11495.3
635	0.000880898	-10578
636	0.000880898	-11394.3
637	0.000880898	-12207.9
638	0.000880898	-10612.4
639	0.000880898	-10350.7
640	0.000880898	-10270.4
641	0.000880898	-10653.3
642	0.000880898	-10991.8
643	0.000880898	-9973.25
644	0.000880898	-10953.2
645	0.000880898	-10100.6
646	0.000880898	-13904.9
647	0.000880898	-12783.2
648	0.000880898	-11282.1
649	0.000880898	-11052.8
650	0.000880898	-11308
651	0.000880898	-11584.6
652	0.000880898	-11122.8
653	0.000880898	-12002.2
654	0.000880898	-13114.1
655	0.000880898	-12444.9
656	0.000880898	-10571.4
657	0.000880898	-10506.2
658	0.000880898	-12361.5
659	0.000880898	-10564.4
660	0.000880898	-11143.6
661	0.000880898	-11219.3
662	0.000880898	-10413.8
663	0.000880898	-10599
664	0.000880898	-12553.8
665	0.000880898	-11082.1
666	0.000880898	-12213.8
667	0.000880898	-11680.2
668	0.000880898	-12023.9
669	0.000880898	-11059.7
670	0.000880898	-10681
671	0.000880898	-11141.6
672	0.000880898	-10721
673	0.000880898	-10330.4
674	0.000880898	-10908
675	0.000880898	-11179
676	0.000880898	-10187.7
677	0.000880898	-10934.2
678	0.000880898	-13622.4
679	0.000880898	-10258.3
680	0.000880898	-10486.7
681	0.000880898	-10186.2
682	0.000880898	-11193.4
683	0.000880898	-10713.3
684	0.000880898	-10927.7
685	0.000880898	-14028.8
686	0.000880898	-11756.2
687	0.000880898	-10677.5
688	0.000880898	-11057.9
689	0.000880898	-11601
690	0.000880898	-11405
691	0.000880898	-10688.7
692	0.000880898	-11491.5
693	0.000880898	-10963.3
694	0.000880898	-10756.7
695	0.000880898	-11203.8
696	0.000880898	-11602.1
697	0.000880898	-11122.3
698	0.000880898	-10943.2
699	0.000880898	-9519.06
700	0.000880898	-10545.7
701	0.000880898	-11805.6
702	0.000880898	-10757.1
703	0.000880898	-10912.6
704	0.000880898	-11912.4
705	0.000880898	-12836.6
706	0.000880898	-11011.4
707	0.000880898	-11004.9
708	0.000880898	-12319.6
709	0.000880898	-10924.6
710	0.000880898	-9724.46
711	0.000880898	-11039.5
712	0.000880898	-11549.3
713	0.000880898	-11604.4
714	0.000880898	-12698.4
715	0.000880898	-12586
716	0.000880898	-12346.1
717	0.000880898	-11735.8
718	0.000880898	-10495.4
719	0.000880898	-13039.8
720	0.000880898	-11611.9
721	0.000880898	-12234.8
722	0.000880898	-10324.1
723	0.000880898	-10587.7
724	0.000880898	-10532.9
725	0.000880898	-10458.2
726	0.000880898	-11447.2
727	0.000880898	-10871.6
728	0.000880898	-9996.85
729	0.000880898	-9795.95
730	0.000880898	-11255.5
731	0.000880898	-11521.7
732	0.000880898	-11750.4
733	0.000880898	-11241.3
734	0.000880898	-12125.6
735	0.000880898	-11313.9
736	0.000880898	-11098.6
737	0.000880898	-10948.9
738	0.000880898	-11063.1
739	0.000880898	-10662.1
740	0.000880898	-10484.3
741	0.000880898	-12080.1
742	0.000880898	-11286.6
743	0.000880898	-10967.7
744	0.000880898	-11021.8
745	0.000880898	-11761.6
746	0.000880898	-11721.2
747	0.000880898	-11104.4
748	0.000880898	-10901
749	0.000880898	-10626.6
750	0.000880898	-10084
751	0.000880898	-10690
752	0.000880898	-10609
753	0.000880898	-10401.8
754	0.000880898	-10207.8
755	0.000880898	-12405.1
756	0.000880898	-11670.3
757	0.000880898	-11802.1
758	0.000880898	-11256.6
759	0.000880898	-11578.4
760	0.000880898	-11611.4
761	0.000880898	-12084.8
762	0.000880898	-12983.9
763	0.000880898	-11992.5
764	0.000880898	-12922.5
765	0.000880898	-11871.4
766	0.000880898	-11607.3
767	0.000880898	-10572.6
768	0.000880898	-10785.9
769	0.000880898	-11587
770	0.000880898	-10908.9
771	0.000880898	-11570.5
772	0.000880898	-12346.5
773	0.000880898	-11871.6
774	0.000880898	-13543.3
775	0.000880898	-12522.5
776	0.000880898	-10879.5
777	0.000880898	-10314.9
778	0.000880898	-10354.3
779	0.000880898	-11151.4
780	0.000880898	-11104.5
781	0.000880898	-11040.2
782	0.000880898	-11070
783	0.000880898	-11572.4
784	0.000880898	-11905.3
785	0.000880898	-10764.6
786	0.000880898	-12319.8
787	0.000880898	-10530.7
788	0.000880898	-10631.5
789	0.000880898	-10550.5
790	0.000880898	-11313.7
791	0.000880898	-12593
792	0.000880898	-12344.9
793	0.000880898	-10652
794	0.000880898	-9588.7
795	0.000880898	-10811.6
796	0.000880898	-10967
797	0.000880898	-10444.6
798	0.000880898	-11244.5
799	0.000880898	-11273.8
800	0.000880898	-11252.5
801	0.000880898	-12196.6
802	0.000880898	-11091.2
803	0.000880898	-10494.6
804	0.000880898	-11292.7
805	0.000880898	-10452.1
806	0.000880898	-10328.2
807	0.000880898	-10747.5
808	0.000880898	-10791.1
809	0.000880898	-9490.63
810	0.000880898	-10695.5
811	0.000880898	-10651.5
812	0.000880898	-11114.4
813	0.000880898	-11401.7
814	0.000880898	-11240.4
815	0.000880898	-12899.6
816	0.000880898	-12884.2
817	0.000880898	-12073.4
818	0.000880898	-12388.4
819	0.000880898	-10474.9
820	0.000880898	-12007.6
821	0.000880898	-10145.5
822	0.000880898	-9481.06
823	0.000880898	-10161.8
824	0.000880898	-10569.4
825	0.000880898	-11264.5
826	0.000880898	-11641.7
827	0.000880898	-12227.3
828	0.000880898	-10644.4
829	0.000880898	-11923.8
830	0.000880898	-11656
831	0.000880898	-12510.3
832	0.000880898	-11577.7
833	0.000880898	-9889
834	0.000880898	-9721.28
835	0.000880898	-10037
836	0.000880898	-11218
837	0.000880898	-11076.2
838	0.000880898	-11258.3
839	0.000880898	-11486
840	0.000880898	-10457.1
841	0.000880898	-9576.55
842	0.000880898	-9916.7
843	0.000880898	-11092.7
844	0.000880898	-11244.4
845	0.000880898	-11875.7
846	0.000880898	-11611.2
847	0.000880898	-10985.4
848	0.000880898	-12428
849	0.000880898	-11445.4
850	0.000880898	-10329
851	0.000880898	-10712.4
852	0.000880898	-11242.8
853	0.000880898	-11430.3
854	0.000880898	-12903.3
855	0.000880898	-12693.6
856	0.000880898	-12292.8
857	0.000880898	-10597.4
858	0.000880898	-10043.1
859	0.000880898	-11173.1
860	0.000880898	-10580.6
861	0.000880898	-10346.8
862	0.000880898	-11773.2
863	0.000880898	-11792.3
864	0.000880898	-10647.5
865	0.000880898	-10660.8
866	0.000880898	-11122.9
867	0.000880898	-12276.8
868	0.000880898	-10964
869	0.000880898	-12746.3
870	0.000880898	-12998.4
871	0.000880898	-11404
872	0.000880898	-12115.8
873	0.000880898	-12321.2
874	0.000880898	-11718.2
875	0.000880898	-11698.4
876	0.000880898	-13038.3
877	0.000880898	-11460.5
878	0.000880898	-10670.6
879	0.000880898	-10824.4
880	0.000880898	-11455.8
881	0.000880898	-12440.9
882	0.000880898	-10411.2
883	0.000880898	-10662.6
884	0.000880898	-11619.6
885	0.000880898	-11121.7
886	0.000880898	-11928.2
887	0.000880898	-12216.4
888	0.000880898	-12080
889	0.000880898	-11447.4
890	0.000880898	-12441.7
891	0.000880898	-11210.6
892	0.000880898	-11138.1
893	0.000880898	-11355.6
894	0.000880898	-11699.5
895	0.000880898	-11048.8
896	0.000880898	-10414
897	0.000880898	-10558.5
898	0.000880898	-11096.3
899	0.000880898	-11404.4
900	0.000880898	-10780.4
901	0.000880898	-11382.8
902	0.000880898	-11085.6
903	0.000880898	-11258
904	0.000880898	-11315.1
905	0.000880898	-10578.7
906	0.000880898	-9708.76
907	0.000880898	-10720.4
908	0.000880898	-11565.9
909	0.000880898	-11690
910	0.000880898	-10754.6
911	0.000880898	-11307.3
912	0.000880898	-11285.4
913	0.000880898	-11811.5
914	0.000880898	-11602.5
915	0.000880898	-11693.5
916	0.000880898	-10258.8
917	0.000880898	-11271.3
918	0.000880898	-11433.1
919	0.000880898	-12176.7
920	0.000880898	-12385
921	0.000880898	-11181.9
922	0.000880898	-13690.8
923	0.000880898	-11961.4
924	0.000880898	-12183.3
925	0.000880898	-11905.2
926	0.000880898	-11855.2
927	0.000880898	-11458
928	0.000880898	-11776.7
929	0.000880898	-11266.2
930	0.000880898	-10202.4
931	0.000880898	-11022.9
932	0.000880898	-10823.5
933	0.000880898	-11740
934	0.000880898	-10539.6
935	0.000880898	-11476
936	0.000880898	-10232.5
937	0.000880898	-13704.3
938	0.000880898	-12279
939	0.000880898	-12401.6
940	0.000880898	-10492.9
941	0.000880898	-11636.4
942	0.000880898	-12335
943	0.000880898	-11009.4
944	0.000880898	-11743.7
945	0.000880898	-11790.1
946	0.000880898	-11229.5
947	0.000880898	-11354.3
948	0.000880898	-12448.2
949	0.000880898	-12105.8
950	0.000880898	-10474.7
951	0.000880898	-11119.4
952	0.000880898	-11419.9
953	0.000880898	-11450.4
954	0.000880898	-10943.5
955	0.000880898	-11367.6
956	0.000880898	-12639.3
957	0.000880898	-11380.2
958	0.000880898	-11573.5
959	0.000880898	-10855.1
960	0.000880898	-10900.8
961	0.000880898	-11425.6
962	0.000880898	-10729.9
963	0.000880898	-10267.2
964	0.000880898	-10425.1
965	0.000880898	-10105.5
966	0.000880898	-9966.66
967	0.000880898	-11172.4
968	0.000880898	-11467.5
969	0.000880898	-10896.5
970	0.000880898	-10261.5
971	0.000880898	-11212.3
972	0.000880898	-9531.21
973	0.000880898	-10531.3
974	0.000880898	-10798.7
975	0.000880898	-10041.3
976	0.000880898	-11544.4
977	0.000880898	-15306.7
978	0.000880898	-13551.8
979	0.000880898	-13900.5
980	0.000880898	-13279.5
981	0.000880898	-13208.7
982	0.000880898	-12009.7
983	0.000880898	-10428.2
984	0.000880898	-10966.1
985	0.000880898	-9980.97
986	0.000880898	-10261.1
987	0.000880898	-11758.8
988	0.000880898	-11431
989	0.000880898	-10120.4
990	0.000880898	-12061.2
991	0.000880898	-11283.7
992	0.000880898	-11515.1
993	0.000880898	-11167.4
994	0.000880898	-12195.5
995	0.000880898	-10951.4
996	0.000880898	-11869.4
997	0.000880898	-10794
998	0.000880898	-10878.9
999	0.000880898	-11953.3
1000	0.000880898	-11310.8
