state	power	likelihood
251	8.60252e-07	-14369
252	8.60252e-07	-13576.3
253	8.60252e-07	-12095.6
254	8.60252e-07	-11587.6
255	8.60252e-07	-12647.2
256	8.60252e-07	-12959.1
257	8.60252e-07	-11861.9
258	8.60252e-07	-11906.5
259	8.60252e-07	-12551.8
260	8.60252e-07	-13323.6
261	8.60252e-07	-11843.5
262	8.60252e-07	-11407.5
263	8.60252e-07	-10507.9
264	8.60252e-07	-11908.7
265	8.60252e-07	-10561.6
266	8.60252e-07	-12064.5
267	8.60252e-07	-14087.8
268	8.60252e-07	-13283.5
269	8.60252e-07	-14198.7
270	8.60252e-07	-12491.7
271	8.60252e-07	-11648.9
272	8.60252e-07	-10413.4
273	8.60252e-07	-14832.2
274	8.60252e-07	-16373
275	8.60252e-07	-16076.4
276	8.60252e-07	-12159.4
277	8.60252e-07	-11950.1
278	8.60252e-07	-11943.8
279	8.60252e-07	-11458
280	8.60252e-07	-10802.5
281	8.60252e-07	-11536.6
282	8.60252e-07	-12108.8
283	8.60252e-07	-11674.2
284	8.60252e-07	-13563.9
285	8.60252e-07	-11398.8
286	8.60252e-07	-12645.4
287	8.60252e-07	-13490.4
288	8.60252e-07	-13580.1
289	8.60252e-07	-12719.3
290	8.60252e-07	-14659.6
291	8.60252e-07	-12475
292	8.60252e-07	-12386.1
293	8.60252e-07	-14063.8
294	8.60252e-07	-11552.6
295	8.60252e-07	-11012.8
296	8.60252e-07	-13338.3
297	8.60252e-07	-13164.5
298	8.60252e-07	-13958.1
299	8.60252e-07	-17224.9
300	8.60252e-07	-13866.9
301	8.60252e-07	-15757.5
302	8.60252e-07	-10211.5
303	8.60252e-07	-11093.7
304	8.60252e-07	-11585.3
305	8.60252e-07	-12030.1
306	8.60252e-07	-12237.9
307	8.60252e-07	-12329.6
308	8.60252e-07	-14043.7
309	8.60252e-07	-14859.7
310	8.60252e-07	-12602.6
311	8.60252e-07	-11846.3
312	8.60252e-07	-12909.7
313	8.60252e-07	-14231.5
314	8.60252e-07	-14950.7
315	8.60252e-07	-13007.7
316	8.60252e-07	-13081
317	8.60252e-07	-13210.6
318	8.60252e-07	-11034.5
319	8.60252e-07	-11999.5
320	8.60252e-07	-11903.5
321	8.60252e-07	-12685.3
322	8.60252e-07	-11481.1
323	8.60252e-07	-11495.8
324	8.60252e-07	-12059.9
325	8.60252e-07	-12750.3
326	8.60252e-07	-11947.7
327	8.60252e-07	-12351.2
328	8.60252e-07	-13274.4
329	8.60252e-07	-14623
330	8.60252e-07	-12819.9
331	8.60252e-07	-11930.3
332	8.60252e-07	-11398
333	8.60252e-07	-12578.3
334	8.60252e-07	-11665.1
335	8.60252e-07	-13261.3
336	8.60252e-07	-16995.2
337	8.60252e-07	-17014.7
338	8.60252e-07	-12039.5
339	8.60252e-07	-13568.6
340	8.60252e-07	-11808.6
341	8.60252e-07	-13298.5
342	8.60252e-07	-11626.7
343	8.60252e-07	-13965
344	8.60252e-07	-11573.4
345	8.60252e-07	-11756.2
346	8.60252e-07	-12722.6
347	8.60252e-07	-11223.7
348	8.60252e-07	-11881.8
349	8.60252e-07	-13406.7
350	8.60252e-07	-13092.9
351	8.60252e-07	-13575.2
352	8.60252e-07	-12437.1
353	8.60252e-07	-11173.4
354	8.60252e-07	-10875.8
355	8.60252e-07	-10867.7
356	8.60252e-07	-11901.5
357	8.60252e-07	-10827.4
358	8.60252e-07	-13588.3
359	8.60252e-07	-17477.2
360	8.60252e-07	-11906.6
361	8.60252e-07	-11819.6
362	8.60252e-07	-12465.8
363	8.60252e-07	-13059.6
364	8.60252e-07	-14074
365	8.60252e-07	-12800.1
366	8.60252e-07	-12176.5
367	8.60252e-07	-13565.7
368	8.60252e-07	-9948.95
369	8.60252e-07	-12121.7
370	8.60252e-07	-15928.9
371	8.60252e-07	-11811.5
372	8.60252e-07	-12906.4
373	8.60252e-07	-11747.3
374	8.60252e-07	-12039.7
375	8.60252e-07	-12497.6
376	8.60252e-07	-13235
377	8.60252e-07	-14848.1
378	8.60252e-07	-13890.6
379	8.60252e-07	-19089.1
380	8.60252e-07	-12020
381	8.60252e-07	-11253.6
382	8.60252e-07	-12282.4
383	8.60252e-07	-13044.4
384	8.60252e-07	-14041.9
385	8.60252e-07	-15235.2
386	8.60252e-07	-11756
387	8.60252e-07	-12784.8
388	8.60252e-07	-12840.5
389	8.60252e-07	-12450.4
390	8.60252e-07	-12901.9
391	8.60252e-07	-12287.5
392	8.60252e-07	-13960.5
393	8.60252e-07	-12462.6
394	8.60252e-07	-11712.9
395	8.60252e-07	-12130.4
396	8.60252e-07	-15684.5
397	8.60252e-07	-12413.3
398	8.60252e-07	-12788.4
399	8.60252e-07	-12958
400	8.60252e-07	-13603.9
401	8.60252e-07	-12262.3
402	8.60252e-07	-12418
403	8.60252e-07	-12479.5
404	8.60252e-07	-13780.3
405	8.60252e-07	-13138.9
406	8.60252e-07	-13085.8
407	8.60252e-07	-13998.5
408	8.60252e-07	-12543.1
409	8.60252e-07	-11033
410	8.60252e-07	-12859.1
411	8.60252e-07	-13882.4
412	8.60252e-07	-12870.3
413	8.60252e-07	-11471.5
414	8.60252e-07	-12877.8
415	8.60252e-07	-15468
416	8.60252e-07	-15273.7
417	8.60252e-07	-13671.9
418	8.60252e-07	-13406.2
419	8.60252e-07	-12881.6
420	8.60252e-07	-11441.8
421	8.60252e-07	-12359
422	8.60252e-07	-12067.7
423	8.60252e-07	-11374.6
424	8.60252e-07	-11153.2
425	8.60252e-07	-11576.2
426	8.60252e-07	-11877
427	8.60252e-07	-13159.4
428	8.60252e-07	-11885.3
429	8.60252e-07	-10893.9
430	8.60252e-07	-12320.1
431	8.60252e-07	-11293.1
432	8.60252e-07	-13306.2
433	8.60252e-07	-11617.5
434	8.60252e-07	-14310.7
435	8.60252e-07	-14377.9
436	8.60252e-07	-13442.4
437	8.60252e-07	-16561.3
438	8.60252e-07	-16482.2
439	8.60252e-07	-17146.5
440	8.60252e-07	-17718.6
441	8.60252e-07	-16698.4
442	8.60252e-07	-15823.4
443	8.60252e-07	-15938.5
444	8.60252e-07	-16075.9
445	8.60252e-07	-18455.8
446	8.60252e-07	-12800.4
447	8.60252e-07	-11929.3
448	8.60252e-07	-12284
449	8.60252e-07	-13067.4
450	8.60252e-07	-14093
451	8.60252e-07	-14581.5
452	8.60252e-07	-16026.6
453	8.60252e-07	-12004.3
454	8.60252e-07	-12618.9
455	8.60252e-07	-13083.9
456	8.60252e-07	-12442.7
457	8.60252e-07	-13006.9
458	8.60252e-07	-11056.4
459	8.60252e-07	-11240.2
460	8.60252e-07	-10597.7
461	8.60252e-07	-11016.9
462	8.60252e-07	-10609.9
463	8.60252e-07	-11439
464	8.60252e-07	-11758.9
465	8.60252e-07	-11802.8
466	8.60252e-07	-12609.1
467	8.60252e-07	-13055.1
468	8.60252e-07	-13098.4
469	8.60252e-07	-12874.7
470	8.60252e-07	-12935.4
471	8.60252e-07	-10780.9
472	8.60252e-07	-12213.6
473	8.60252e-07	-13438
474	8.60252e-07	-14184.9
475	8.60252e-07	-15421.8
476	8.60252e-07	-12696.1
477	8.60252e-07	-13640.6
478	8.60252e-07	-13069.4
479	8.60252e-07	-14659.6
480	8.60252e-07	-14118.7
481	8.60252e-07	-11870.7
482	8.60252e-07	-11540.1
483	8.60252e-07	-10752.5
484	8.60252e-07	-10625.6
485	8.60252e-07	-12270.1
486	8.60252e-07	-11398.6
487	8.60252e-07	-12698
488	8.60252e-07	-11018.1
489	8.60252e-07	-11022.1
490	8.60252e-07	-10879.2
491	8.60252e-07	-12426.8
492	8.60252e-07	-10370.5
493	8.60252e-07	-10727.8
494	8.60252e-07	-11082.3
495	8.60252e-07	-14007.9
496	8.60252e-07	-13030.2
497	8.60252e-07	-12646.8
498	8.60252e-07	-12940
499	8.60252e-07	-11451.7
500	8.60252e-07	-12612
501	8.60252e-07	-11665.9
502	8.60252e-07	-11268.3
503	8.60252e-07	-13017.2
504	8.60252e-07	-12304.5
505	8.60252e-07	-11740.6
506	8.60252e-07	-11510
507	8.60252e-07	-12145
508	8.60252e-07	-11588.2
509	8.60252e-07	-12451.9
510	8.60252e-07	-13374.4
511	8.60252e-07	-15285.5
512	8.60252e-07	-13130.1
513	8.60252e-07	-12721.4
514	8.60252e-07	-12322.8
515	8.60252e-07	-12709.1
516	8.60252e-07	-11889.9
517	8.60252e-07	-13110.9
518	8.60252e-07	-15529.9
519	8.60252e-07	-13896.8
520	8.60252e-07	-11318.5
521	8.60252e-07	-11209.1
522	8.60252e-07	-11105.7
523	8.60252e-07	-11335.7
524	8.60252e-07	-11469.7
525	8.60252e-07	-12407.9
526	8.60252e-07	-11711.9
527	8.60252e-07	-10923.8
528	8.60252e-07	-12100.7
529	8.60252e-07	-13314.2
530	8.60252e-07	-13960.7
531	8.60252e-07	-12734.7
532	8.60252e-07	-10717.4
533	8.60252e-07	-11126.3
534	8.60252e-07	-13140.1
535	8.60252e-07	-13737.2
536	8.60252e-07	-11361.8
537	8.60252e-07	-14444.1
538	8.60252e-07	-13640.8
539	8.60252e-07	-13401.2
540	8.60252e-07	-14396.7
541	8.60252e-07	-12777.6
542	8.60252e-07	-12910.8
543	8.60252e-07	-11691.4
544	8.60252e-07	-12540.9
545	8.60252e-07	-11281.3
546	8.60252e-07	-13382.9
547	8.60252e-07	-14819.1
548	8.60252e-07	-16606.4
549	8.60252e-07	-15045
550	8.60252e-07	-15864.4
551	8.60252e-07	-12668.4
552	8.60252e-07	-12544.7
553	8.60252e-07	-13947.5
554	8.60252e-07	-12762.4
555	8.60252e-07	-13488.9
556	8.60252e-07	-11297
557	8.60252e-07	-10711.8
558	8.60252e-07	-9885.66
559	8.60252e-07	-11564
560	8.60252e-07	-13581
561	8.60252e-07	-14860.1
562	8.60252e-07	-10979.5
563	8.60252e-07	-11534.2
564	8.60252e-07	-11632.1
565	8.60252e-07	-12109.1
566	8.60252e-07	-13261.4
567	8.60252e-07	-15361.7
568	8.60252e-07	-14916.2
569	8.60252e-07	-15202.9
570	8.60252e-07	-14585.4
571	8.60252e-07	-12209.6
572	8.60252e-07	-12495.2
573	8.60252e-07	-11189.5
574	8.60252e-07	-10903.6
575	8.60252e-07	-11292.4
576	8.60252e-07	-11562.5
577	8.60252e-07	-10542.6
578	8.60252e-07	-11050.1
579	8.60252e-07	-13181.1
580	8.60252e-07	-11387
581	8.60252e-07	-10624.1
582	8.60252e-07	-11593.1
583	8.60252e-07	-11269.5
584	8.60252e-07	-12842.6
585	8.60252e-07	-12959.1
586	8.60252e-07	-10521.1
587	8.60252e-07	-11071.1
588	8.60252e-07	-12395.9
589	8.60252e-07	-11552.8
590	8.60252e-07	-10866.3
591	8.60252e-07	-12169.6
592	8.60252e-07	-13580
593	8.60252e-07	-12447
594	8.60252e-07	-12767
595	8.60252e-07	-13534.7
596	8.60252e-07	-11094
597	8.60252e-07	-13870.8
598	8.60252e-07	-14875.2
599	8.60252e-07	-12968.1
600	8.60252e-07	-12135.7
601	8.60252e-07	-12091.3
602	8.60252e-07	-12333.7
603	8.60252e-07	-12341.1
604	8.60252e-07	-13879.8
605	8.60252e-07	-15206.3
606	8.60252e-07	-13424.2
607	8.60252e-07	-14718.7
608	8.60252e-07	-14454.6
609	8.60252e-07	-12285.1
610	8.60252e-07	-12564.6
611	8.60252e-07	-12040.4
612	8.60252e-07	-12205.7
613	8.60252e-07	-12248.9
614	8.60252e-07	-12235.9
615	8.60252e-07	-12125.3
616	8.60252e-07	-11379.9
617	8.60252e-07	-12575.8
618	8.60252e-07	-12340.8
619	8.60252e-07	-11694.6
620	8.60252e-07	-14135
621	8.60252e-07	-12107.9
622	8.60252e-07	-12441.3
623	8.60252e-07	-15134.8
624	8.60252e-07	-14790
625	8.60252e-07	-15251.2
626	8.60252e-07	-10987.3
627	8.60252e-07	-14159.3
628	8.60252e-07	-17184.9
629	8.60252e-07	-14194
630	8.60252e-07	-14453.6
631	8.60252e-07	-14599.8
632	8.60252e-07	-13400.9
633	8.60252e-07	-14986.9
634	8.60252e-07	-14529.6
635	8.60252e-07	-13646.6
636	8.60252e-07	-15783.4
637	8.60252e-07	-13564.6
638	8.60252e-07	-12798.3
639	8.60252e-07	-12336.3
640	8.60252e-07	-11834.7
641	8.60252e-07	-13654.2
642	8.60252e-07	-14219.5
643	8.60252e-07	-11524.9
644	8.60252e-07	-11020.7
645	8.60252e-07	-12031.8
646	8.60252e-07	-11576.7
647	8.60252e-07	-11661
648	8.60252e-07	-11907.6
649	8.60252e-07	-11791
650	8.60252e-07	-10950.9
651	8.60252e-07	-10636.6
652	8.60252e-07	-12120.1
653	8.60252e-07	-11802.6
654	8.60252e-07	-11850
655	8.60252e-07	-11615.1
656	8.60252e-07	-10746
657	8.60252e-07	-10918.7
658	8.60252e-07	-11345.9
659	8.60252e-07	-10288.5
660	8.60252e-07	-10546.5
661	8.60252e-07	-11001
662	8.60252e-07	-11723.1
663	8.60252e-07	-12041.4
664	8.60252e-07	-12640.7
665	8.60252e-07	-16856.4
666	8.60252e-07	-15248.8
667	8.60252e-07	-15541.1
668	8.60252e-07	-16773.5
669	8.60252e-07	-15748.1
670	8.60252e-07	-13095.5
671	8.60252e-07	-13363.4
672	8.60252e-07	-12054.6
673	8.60252e-07	-12529.9
674	8.60252e-07	-12435.1
675	8.60252e-07	-11308.7
676	8.60252e-07	-12687.1
677	8.60252e-07	-11884
678	8.60252e-07	-12692.7
679	8.60252e-07	-11598.1
680	8.60252e-07	-11383.6
681	8.60252e-07	-11856.1
682	8.60252e-07	-12423.6
683	8.60252e-07	-11801.8
684	8.60252e-07	-13150.9
685	8.60252e-07	-12034.6
686	8.60252e-07	-11093.8
687	8.60252e-07	-14373.5
688	8.60252e-07	-12314.2
689	8.60252e-07	-12696.3
690	8.60252e-07	-11959.4
691	8.60252e-07	-12617.1
692	8.60252e-07	-11323.1
693	8.60252e-07	-11840.1
694	8.60252e-07	-17423
695	8.60252e-07	-13684.4
696	8.60252e-07	-11668.2
697	8.60252e-07	-11394.8
698	8.60252e-07	-12833.5
699	8.60252e-07	-12631.2
700	8.60252e-07	-11404.7
701	8.60252e-07	-12164.9
702	8.60252e-07	-11325.3
703	8.60252e-07	-11209.8
704	8.60252e-07	-12288.9
705	8.60252e-07	-14376
706	8.60252e-07	-13579.4
707	8.60252e-07	-10855.5
708	8.60252e-07	-10952.5
709	8.60252e-07	-13508.4
710	8.60252e-07	-15983.2
711	8.60252e-07	-13753.5
712	8.60252e-07	-11600.2
713	8.60252e-07	-11500.1
714	8.60252e-07	-11898.1
715	8.60252e-07	-11785.8
716	8.60252e-07	-11511.6
717	8.60252e-07	-11673.8
718	8.60252e-07	-12105.6
719	8.60252e-07	-14339.2
720	8.60252e-07	-14893.3
721	8.60252e-07	-13343.3
722	8.60252e-07	-12964.6
723	8.60252e-07	-14273.2
724	8.60252e-07	-12883.4
725	8.60252e-07	-12622
726	8.60252e-07	-11804.1
727	8.60252e-07	-15390.8
728	8.60252e-07	-16955.9
729	8.60252e-07	-12095
730	8.60252e-07	-12679.1
731	8.60252e-07	-12168.2
732	8.60252e-07	-12022
733	8.60252e-07	-11782.8
734	8.60252e-07	-11304.9
735	8.60252e-07	-12039.9
736	8.60252e-07	-11606.9
737	8.60252e-07	-12606.8
738	8.60252e-07	-13262.3
739	8.60252e-07	-12847.8
740	8.60252e-07	-11219.6
741	8.60252e-07	-12560.8
742	8.60252e-07	-14997.8
743	8.60252e-07	-21262.3
744	8.60252e-07	-15024.4
745	8.60252e-07	-12685.2
746	8.60252e-07	-11792.7
747	8.60252e-07	-11609.4
748	8.60252e-07	-12227.4
749	8.60252e-07	-11250.9
750	8.60252e-07	-11960
751	8.60252e-07	-9721.12
752	8.60252e-07	-12888.1
753	8.60252e-07	-14510.1
754	8.60252e-07	-14510.3
755	8.60252e-07	-13274
756	8.60252e-07	-12656.5
757	8.60252e-07	-11104.2
758	8.60252e-07	-14184.5
759	8.60252e-07	-13567.9
760	8.60252e-07	-11556.1
761	8.60252e-07	-10223.8
762	8.60252e-07	-10500
763	8.60252e-07	-10917.8
764	8.60252e-07	-14440.4
765	8.60252e-07	-13127
766	8.60252e-07	-13840.4
767	8.60252e-07	-12682.3
768	8.60252e-07	-13855.5
769	8.60252e-07	-10656
770	8.60252e-07	-11139.4
771	8.60252e-07	-11657.9
772	8.60252e-07	-11825.5
773	8.60252e-07	-13336.3
774	8.60252e-07	-12245.8
775	8.60252e-07	-11851.1
776	8.60252e-07	-12045.4
777	8.60252e-07	-15637.2
778	8.60252e-07	-12651.2
779	8.60252e-07	-13934.9
780	8.60252e-07	-14034.7
781	8.60252e-07	-15408.7
782	8.60252e-07	-15003.8
783	8.60252e-07	-14278.4
784	8.60252e-07	-14448
785	8.60252e-07	-12115
786	8.60252e-07	-13636.2
787	8.60252e-07	-19653.7
788	8.60252e-07	-17053.9
789	8.60252e-07	-16242.1
790	8.60252e-07	-16331
791	8.60252e-07	-16573.1
792	8.60252e-07	-17120.8
793	8.60252e-07	-12901.2
794	8.60252e-07	-11744
795	8.60252e-07	-13732.3
796	8.60252e-07	-14605.1
797	8.60252e-07	-10994
798	8.60252e-07	-12505.9
799	8.60252e-07	-13287.5
800	8.60252e-07	-13536.7
801	8.60252e-07	-14941.4
802	8.60252e-07	-13513.3
803	8.60252e-07	-13046.1
804	8.60252e-07	-12161.2
805	8.60252e-07	-13375.1
806	8.60252e-07	-11344.7
807	8.60252e-07	-10802.2
808	8.60252e-07	-11814.5
809	8.60252e-07	-11448.6
810	8.60252e-07	-12227.9
811	8.60252e-07	-12144.8
812	8.60252e-07	-11133.6
813	8.60252e-07	-12832.2
814	8.60252e-07	-12891.8
815	8.60252e-07	-12476.7
816	8.60252e-07	-11752.5
817	8.60252e-07	-12165.7
818	8.60252e-07	-14679
819	8.60252e-07	-12543.9
820	8.60252e-07	-12014.6
821	8.60252e-07	-13472.8
822	8.60252e-07	-11623.1
823	8.60252e-07	-10567.5
824	8.60252e-07	-10803.8
825	8.60252e-07	-11282.9
826	8.60252e-07	-10297.6
827	8.60252e-07	-11573.2
828	8.60252e-07	-12540.7
829	8.60252e-07	-12267.7
830	8.60252e-07	-10762.7
831	8.60252e-07	-12413.3
832	8.60252e-07	-12399
833	8.60252e-07	-11903.9
834	8.60252e-07	-15869.4
835	8.60252e-07	-14695.2
836	8.60252e-07	-12495.5
837	8.60252e-07	-13404.1
838	8.60252e-07	-12612.3
839	8.60252e-07	-13825.9
840	8.60252e-07	-11999.4
841	8.60252e-07	-11260.4
842	8.60252e-07	-11978.2
843	8.60252e-07	-12315.6
844	8.60252e-07	-12043
845	8.60252e-07	-11826.3
846	8.60252e-07	-12887.1
847	8.60252e-07	-11173.3
848	8.60252e-07	-10970.4
849	8.60252e-07	-11715.3
850	8.60252e-07	-12161.8
851	8.60252e-07	-12383.7
852	8.60252e-07	-12350.3
853	8.60252e-07	-13993.3
854	8.60252e-07	-14776.7
855	8.60252e-07	-11063.7
856	8.60252e-07	-11040.1
857	8.60252e-07	-15366
858	8.60252e-07	-16681
859	8.60252e-07	-14581.5
860	8.60252e-07	-19950.4
861	8.60252e-07	-16405.7
862	8.60252e-07	-14651.3
863	8.60252e-07	-16758
864	8.60252e-07	-14301.3
865	8.60252e-07	-11292.2
866	8.60252e-07	-12944.5
867	8.60252e-07	-12155.3
868	8.60252e-07	-13527.7
869	8.60252e-07	-12809.5
870	8.60252e-07	-13133.8
871	8.60252e-07	-11253.1
872	8.60252e-07	-12314.6
873	8.60252e-07	-11197.1
874	8.60252e-07	-11260.9
875	8.60252e-07	-11076.7
876	8.60252e-07	-11049.8
877	8.60252e-07	-13939.4
878	8.60252e-07	-11995.9
879	8.60252e-07	-16006.7
880	8.60252e-07	-16688.2
881	8.60252e-07	-16162.1
882	8.60252e-07	-16683
883	8.60252e-07	-14821.7
884	8.60252e-07	-15689.7
885	8.60252e-07	-11291.9
886	8.60252e-07	-11888.2
887	8.60252e-07	-12800.1
888	8.60252e-07	-11799.2
889	8.60252e-07	-11101.5
890	8.60252e-07	-10680.6
891	8.60252e-07	-12424.3
892	8.60252e-07	-10846.9
893	8.60252e-07	-13826.6
894	8.60252e-07	-13874
895	8.60252e-07	-13135.6
896	8.60252e-07	-13995.9
897	8.60252e-07	-12287.3
898	8.60252e-07	-12329.4
899	8.60252e-07	-13391.2
900	8.60252e-07	-14974.4
901	8.60252e-07	-11097.9
902	8.60252e-07	-12033.1
903	8.60252e-07	-10968.9
904	8.60252e-07	-10461.9
905	8.60252e-07	-13404
906	8.60252e-07	-13096.9
907	8.60252e-07	-12599.1
908	8.60252e-07	-11433.7
909	8.60252e-07	-15169.1
910	8.60252e-07	-16296.5
911	8.60252e-07	-16571.6
912	8.60252e-07	-16644.4
913	8.60252e-07	-14472
914	8.60252e-07	-13834.2
915	8.60252e-07	-13456
916	8.60252e-07	-12656.9
917	8.60252e-07	-10441.8
918	8.60252e-07	-10247.8
919	8.60252e-07	-13934.1
920	8.60252e-07	-12295.4
921	8.60252e-07	-12382.8
922	8.60252e-07	-11610.9
923	8.60252e-07	-11054.5
924	8.60252e-07	-12505.1
925	8.60252e-07	-12314.5
926	8.60252e-07	-12188
927	8.60252e-07	-11456.3
928	8.60252e-07	-11099.5
929	8.60252e-07	-12641.9
930	8.60252e-07	-13218.6
931	8.60252e-07	-12419.2
932	8.60252e-07	-11480.2
933	8.60252e-07	-12081.6
934	8.60252e-07	-11111.5
935	8.60252e-07	-14054.7
936	8.60252e-07	-13417.3
937	8.60252e-07	-14430.3
938	8.60252e-07	-15805.7
939	8.60252e-07	-14581.4
940	8.60252e-07	-13902
941	8.60252e-07	-12765.7
942	8.60252e-07	-11615
943	8.60252e-07	-11074.9
944	8.60252e-07	-13554.6
945	8.60252e-07	-11838.7
946	8.60252e-07	-12101.5
947	8.60252e-07	-13522.7
948	8.60252e-07	-14197.4
949	8.60252e-07	-14100.9
950	8.60252e-07	-11303.2
951	8.60252e-07	-13531.9
952	8.60252e-07	-12691.9
953	8.60252e-07	-13758.7
954	8.60252e-07	-12736.6
955	8.60252e-07	-11590.4
956	8.60252e-07	-10764.3
957	8.60252e-07	-12281.9
958	8.60252e-07	-12549.5
959	8.60252e-07	-13236.2
960	8.60252e-07	-11778.2
961	8.60252e-07	-12312.6
962	8.60252e-07	-10830.4
963	8.60252e-07	-11050.3
964	8.60252e-07	-12584.4
965	8.60252e-07	-12065.9
966	8.60252e-07	-12728.3
967	8.60252e-07	-11236.8
968	8.60252e-07	-12773.5
969	8.60252e-07	-11148
970	8.60252e-07	-10715.2
971	8.60252e-07	-10636.7
972	8.60252e-07	-11253.9
973	8.60252e-07	-13025
974	8.60252e-07	-12551.8
975	8.60252e-07	-12704.7
976	8.60252e-07	-12711.3
977	8.60252e-07	-12823
978	8.60252e-07	-13142.9
979	8.60252e-07	-12505.2
980	8.60252e-07	-10687.9
981	8.60252e-07	-11648
982	8.60252e-07	-13917.8
983	8.60252e-07	-13816.5
984	8.60252e-07	-14126.1
985	8.60252e-07	-14041.8
986	8.60252e-07	-16020.6
987	8.60252e-07	-17004.2
988	8.60252e-07	-17555.7
989	8.60252e-07	-16216.7
990	8.60252e-07	-16324.2
991	8.60252e-07	-12280.5
992	8.60252e-07	-12523.8
993	8.60252e-07	-12635.5
994	8.60252e-07	-10978.8
995	8.60252e-07	-10895.9
996	8.60252e-07	-10867
997	8.60252e-07	-11133.8
998	8.60252e-07	-11334.6
999	8.60252e-07	-10647.2
1000	8.60252e-07	-12163.3
