state	power	likelihood
251	0.729136	-8188.85
252	0.729136	-8186.58
253	0.729136	-8187.33
254	0.729136	-8185.26
255	0.729136	-8182.3
256	0.729136	-8179.41
257	0.729136	-8180.7
258	0.729136	-8179.51
259	0.729136	-8187.17
260	0.729136	-8187.73
261	0.729136	-8199.35
262	0.729136	-8198.13
263	0.729136	-8196.72
264	0.729136	-8190.13
265	0.729136	-8186.69
266	0.729136	-8187.83
267	0.729136	-8179.87
268	0.729136	-8183.31
269	0.729136	-8179.18
270	0.729136	-8185
271	0.729136	-8185.86
272	0.729136	-8186.65
273	0.729136	-8192.17
274	0.729136	-8183.77
275	0.729136	-8180.5
276	0.729136	-8181.74
277	0.729136	-8180.67
278	0.729136	-8184.97
279	0.729136	-8183.53
280	0.729136	-8184
281	0.729136	-8182.1
282	0.729136	-8179.69
283	0.729136	-8179.82
284	0.729136	-8182.34
285	0.729136	-8179.52
286	0.729136	-8177.33
287	0.729136	-8179.66
288	0.729136	-8192.99
289	0.729136	-8184.92
290	0.729136	-8181.74
291	0.729136	-8180.03
292	0.729136	-8182.53
293	0.729136	-8188.49
294	0.729136	-8187.37
295	0.729136	-8181.7
296	0.729136	-8186.86
297	0.729136	-8182.19
298	0.729136	-8177.57
299	0.729136	-8176.78
300	0.729136	-8184.19
301	0.729136	-8188.94
302	0.729136	-8185.8
303	0.729136	-8182.51
304	0.729136	-8182.23
305	0.729136	-8183.43
306	0.729136	-8185.7
307	0.729136	-8192.69
308	0.729136	-8188.67
309	0.729136	-8185.65
310	0.729136	-8186.61
311	0.729136	-8184.77
312	0.729136	-8192.61
313	0.729136	-8177.02
314	0.729136	-8179.7
315	0.729136	-8179.68
316	0.729136	-8182.83
317	0.729136	-8179.96
318	0.729136	-8180.27
319	0.729136	-8179.59
320	0.729136	-8178.85
321	0.729136	-8177.45
322	0.729136	-8175.99
323	0.729136	-8179.12
324	0.729136	-8182.35
325	0.729136	-8179.22
326	0.729136	-8182.83
327	0.729136	-8187.83
328	0.729136	-8182.75
329	0.729136	-8180.49
330	0.729136	-8176.54
331	0.729136	-8178.75
332	0.729136	-8178.04
333	0.729136	-8183.71
334	0.729136	-8177.89
335	0.729136	-8177.16
336	0.729136	-8178.8
337	0.729136	-8182.37
338	0.729136	-8182.05
339	0.729136	-8193.87
340	0.729136	-8194.41
341	0.729136	-8189.53
342	0.729136	-8180.29
343	0.729136	-8178.59
344	0.729136	-8175.2
345	0.729136	-8176.24
346	0.729136	-8183.94
347	0.729136	-8185.78
348	0.729136	-8186.83
349	0.729136	-8183.44
350	0.729136	-8188.01
351	0.729136	-8182.13
352	0.729136	-8185.85
353	0.729136	-8179.46
354	0.729136	-8178.32
355	0.729136	-8182.92
356	0.729136	-8178.77
357	0.729136	-8182.13
358	0.729136	-8176.03
359	0.729136	-8183.6
360	0.729136	-8182.53
361	0.729136	-8179.29
362	0.729136	-8185.04
363	0.729136	-8184.45
364	0.729136	-8177.69
365	0.729136	-8178.8
366	0.729136	-8179.83
367	0.729136	-8176.95
368	0.729136	-8177.03
369	0.729136	-8176.91
370	0.729136	-8177.45
371	0.729136	-8179.56
372	0.729136	-8180.25
373	0.729136	-8179.37
374	0.729136	-8179.66
375	0.729136	-8181.44
376	0.729136	-8182.67
377	0.729136	-8183.95
378	0.729136	-8187.4
379	0.729136	-8186.54
380	0.729136	-8183.94
381	0.729136	-8182.29
382	0.729136	-8187.48
383	0.729136	-8188.79
384	0.729136	-8188.99
385	0.729136	-8184.19
386	0.729136	-8183.91
387	0.729136	-8182.06
388	0.729136	-8192.49
389	0.729136	-8183.06
390	0.729136	-8187.29
391	0.729136	-8183.41
392	0.729136	-8186.78
393	0.729136	-8191.1
394	0.729136	-8179.38
395	0.729136	-8184.24
396	0.729136	-8179.6
397	0.729136	-8177.19
398	0.729136	-8178.14
399	0.729136	-8185.81
400	0.729136	-8180.35
401	0.729136	-8181.54
402	0.729136	-8182.44
403	0.729136	-8184.27
404	0.729136	-8184.56
405	0.729136	-8180.43
406	0.729136	-8185.19
407	0.729136	-8181.63
408	0.729136	-8180.72
409	0.729136	-8180.98
410	0.729136	-8180.52
411	0.729136	-8179.19
412	0.729136	-8187.18
413	0.729136	-8185.99
414	0.729136	-8189.44
415	0.729136	-8182.95
416	0.729136	-8183.66
417	0.729136	-8182.91
418	0.729136	-8183.25
419	0.729136	-8182.29
420	0.729136	-8179.6
421	0.729136	-8185.63
422	0.729136	-8177.9
423	0.729136	-8182.15
424	0.729136	-8182.46
425	0.729136	-8174.9
426	0.729136	-8181.68
427	0.729136	-8183.36
428	0.729136	-8176.65
429	0.729136	-8178.82
430	0.729136	-8178.55
431	0.729136	-8186.7
432	0.729136	-8188.34
433	0.729136	-8188.04
434	0.729136	-8183.2
435	0.729136	-8177.82
436	0.729136	-8180.83
437	0.729136	-8180.42
438	0.729136	-8183.23
439	0.729136	-8178.95
440	0.729136	-8180.34
441	0.729136	-8179.42
442	0.729136	-8185.98
443	0.729136	-8182.27
444	0.729136	-8183.76
445	0.729136	-8186.5
446	0.729136	-8179.71
447	0.729136	-8178.14
448	0.729136	-8178.93
449	0.729136	-8184.65
450	0.729136	-8183.35
451	0.729136	-8182.25
452	0.729136	-8179.22
453	0.729136	-8175.57
454	0.729136	-8178.71
455	0.729136	-8175.7
456	0.729136	-8175.48
457	0.729136	-8174.13
458	0.729136	-8173.97
459	0.729136	-8173.62
460	0.729136	-8177.2
461	0.729136	-8170.64
462	0.729136	-8175.03
463	0.729136	-8178.08
464	0.729136	-8179.54
465	0.729136	-8178.8
466	0.729136	-8180.33
467	0.729136	-8182.61
468	0.729136	-8183.9
469	0.729136	-8184.48
470	0.729136	-8179.67
471	0.729136	-8183.06
472	0.729136	-8185.96
473	0.729136	-8183.89
474	0.729136	-8182.18
475	0.729136	-8176.15
476	0.729136	-8173.27
477	0.729136	-8179.13
478	0.729136	-8178
479	0.729136	-8182.74
480	0.729136	-8181.36
481	0.729136	-8184.78
482	0.729136	-8184.16
483	0.729136	-8181.81
484	0.729136	-8190.47
485	0.729136	-8188.39
486	0.729136	-8185.1
487	0.729136	-8185.68
488	0.729136	-8185.6
489	0.729136	-8184.51
490	0.729136	-8178.93
491	0.729136	-8181.92
492	0.729136	-8177.79
493	0.729136	-8186.54
494	0.729136	-8179.02
495	0.729136	-8186.58
496	0.729136	-8181.13
497	0.729136	-8181.4
498	0.729136	-8177.89
499	0.729136	-8181.08
500	0.729136	-8182.82
501	0.729136	-8180.3
502	0.729136	-8179.72
503	0.729136	-8181.98
504	0.729136	-8179.59
505	0.729136	-8180.57
506	0.729136	-8183.16
507	0.729136	-8180.12
508	0.729136	-8182.27
509	0.729136	-8185.66
510	0.729136	-8183.78
511	0.729136	-8185.48
512	0.729136	-8184.59
513	0.729136	-8191.99
514	0.729136	-8199.19
515	0.729136	-8197.7
516	0.729136	-8198.7
517	0.729136	-8195.6
518	0.729136	-8194.98
519	0.729136	-8189.5
520	0.729136	-8190.75
521	0.729136	-8181.58
522	0.729136	-8182.05
523	0.729136	-8185.09
524	0.729136	-8177.19
525	0.729136	-8180.66
526	0.729136	-8187.3
527	0.729136	-8184.94
528	0.729136	-8182.3
529	0.729136	-8175.79
530	0.729136	-8185.31
531	0.729136	-8182.1
532	0.729136	-8186.56
533	0.729136	-8182.53
534	0.729136	-8182.91
535	0.729136	-8184.87
536	0.729136	-8181.09
537	0.729136	-8181.98
538	0.729136	-8186.09
539	0.729136	-8197.62
540	0.729136	-8193.5
541	0.729136	-8186.6
542	0.729136	-8191.82
543	0.729136	-8190.83
544	0.729136	-8188.35
545	0.729136	-8193.86
546	0.729136	-8188.1
547	0.729136	-8185.61
548	0.729136	-8186.37
549	0.729136	-8193.66
550	0.729136	-8189.78
551	0.729136	-8194.71
552	0.729136	-8187.06
553	0.729136	-8188.82
554	0.729136	-8183.83
555	0.729136	-8185.18
556	0.729136	-8185.7
557	0.729136	-8187.5
558	0.729136	-8181.64
559	0.729136	-8179.67
560	0.729136	-8181.47
561	0.729136	-8179.95
562	0.729136	-8181.61
563	0.729136	-8178.74
564	0.729136	-8185.24
565	0.729136	-8182.96
566	0.729136	-8180.62
567	0.729136	-8184.44
568	0.729136	-8182.98
569	0.729136	-8175.39
570	0.729136	-8177.41
571	0.729136	-8181.37
572	0.729136	-8190.53
573	0.729136	-8185.14
574	0.729136	-8182.49
575	0.729136	-8187.4
576	0.729136	-8183.34
577	0.729136	-8195.7
578	0.729136	-8195.27
579	0.729136	-8197.25
580	0.729136	-8190.62
581	0.729136	-8193.26
582	0.729136	-8193.68
583	0.729136	-8196.25
584	0.729136	-8185.83
585	0.729136	-8183.38
586	0.729136	-8185.88
587	0.729136	-8181.77
588	0.729136	-8185.18
589	0.729136	-8184.5
590	0.729136	-8183.81
591	0.729136	-8185.35
592	0.729136	-8181.37
593	0.729136	-8194.05
594	0.729136	-8181.56
595	0.729136	-8179.41
596	0.729136	-8183.84
597	0.729136	-8181.25
598	0.729136	-8179.59
599	0.729136	-8181.61
600	0.729136	-8189.13
601	0.729136	-8190.23
602	0.729136	-8188.52
603	0.729136	-8189.18
604	0.729136	-8177.51
605	0.729136	-8179.34
606	0.729136	-8179.25
607	0.729136	-8179.96
608	0.729136	-8182.28
609	0.729136	-8186.43
610	0.729136	-8186.4
611	0.729136	-8186.2
612	0.729136	-8185.3
613	0.729136	-8181.1
614	0.729136	-8186.73
615	0.729136	-8184.73
616	0.729136	-8195.51
617	0.729136	-8184.88
618	0.729136	-8192.14
619	0.729136	-8186.27
620	0.729136	-8180.96
621	0.729136	-8180.92
622	0.729136	-8182.98
623	0.729136	-8183.57
624	0.729136	-8185.17
625	0.729136	-8180.55
626	0.729136	-8189.55
627	0.729136	-8181.98
628	0.729136	-8179.74
629	0.729136	-8177.39
630	0.729136	-8180.73
631	0.729136	-8183
632	0.729136	-8189.96
633	0.729136	-8191.65
634	0.729136	-8188.18
635	0.729136	-8187.38
636	0.729136	-8186.12
637	0.729136	-8184.83
638	0.729136	-8183.43
639	0.729136	-8181.41
640	0.729136	-8178.55
641	0.729136	-8180.21
642	0.729136	-8179.97
643	0.729136	-8181.65
644	0.729136	-8179.74
645	0.729136	-8181.38
646	0.729136	-8180.25
647	0.729136	-8181.72
648	0.729136	-8181.71
649	0.729136	-8183.06
650	0.729136	-8182.1
651	0.729136	-8182.03
652	0.729136	-8182
653	0.729136	-8178.3
654	0.729136	-8193.55
655	0.729136	-8182
656	0.729136	-8176.24
657	0.729136	-8179.12
658	0.729136	-8179.12
659	0.729136	-8178.33
660	0.729136	-8180.56
661	0.729136	-8179.05
662	0.729136	-8179.46
663	0.729136	-8178.75
664	0.729136	-8181.66
665	0.729136	-8179.45
666	0.729136	-8179.8
667	0.729136	-8169.98
668	0.729136	-8169.88
669	0.729136	-8177.4
670	0.729136	-8177.36
671	0.729136	-8177.28
672	0.729136	-8177.23
673	0.729136	-8179.67
674	0.729136	-8180.92
675	0.729136	-8176.7
676	0.729136	-8176.75
677	0.729136	-8183.39
678	0.729136	-8178.73
679	0.729136	-8172.02
680	0.729136	-8177.14
681	0.729136	-8182.74
682	0.729136	-8187.98
683	0.729136	-8185.63
684	0.729136	-8192.24
685	0.729136	-8192.43
686	0.729136	-8193.04
687	0.729136	-8194
688	0.729136	-8187.87
689	0.729136	-8186.47
690	0.729136	-8191.2
691	0.729136	-8199.62
692	0.729136	-8197.98
693	0.729136	-8191.77
694	0.729136	-8187.15
695	0.729136	-8181.74
696	0.729136	-8190.61
697	0.729136	-8181.42
698	0.729136	-8181.05
699	0.729136	-8182.07
700	0.729136	-8181.69
701	0.729136	-8176.26
702	0.729136	-8181.92
703	0.729136	-8182.64
704	0.729136	-8183.27
705	0.729136	-8181.08
706	0.729136	-8182.23
707	0.729136	-8186.04
708	0.729136	-8184.66
709	0.729136	-8180.75
710	0.729136	-8181.73
711	0.729136	-8182.35
712	0.729136	-8177.85
713	0.729136	-8178.14
714	0.729136	-8174.26
715	0.729136	-8175.17
716	0.729136	-8182.12
717	0.729136	-8175.45
718	0.729136	-8179
719	0.729136	-8189.5
720	0.729136	-8183.78
721	0.729136	-8194.41
722	0.729136	-8181.99
723	0.729136	-8181.81
724	0.729136	-8185.7
725	0.729136	-8181.43
726	0.729136	-8180.62
727	0.729136	-8180.6
728	0.729136	-8183.55
729	0.729136	-8186.73
730	0.729136	-8189.06
731	0.729136	-8189.15
732	0.729136	-8180.81
733	0.729136	-8180.11
734	0.729136	-8177.94
735	0.729136	-8182.33
736	0.729136	-8180.77
737	0.729136	-8183.81
738	0.729136	-8179.41
739	0.729136	-8174.95
740	0.729136	-8176.24
741	0.729136	-8181.83
742	0.729136	-8184.24
743	0.729136	-8186.86
744	0.729136	-8179.66
745	0.729136	-8186.17
746	0.729136	-8193.03
747	0.729136	-8194.31
748	0.729136	-8188.65
749	0.729136	-8191.44
750	0.729136	-8190.85
751	0.729136	-8189.09
752	0.729136	-8182.04
753	0.729136	-8178.71
754	0.729136	-8175.15
755	0.729136	-8179.18
756	0.729136	-8178.28
757	0.729136	-8181.68
758	0.729136	-8181.36
759	0.729136	-8189.56
760	0.729136	-8188.58
761	0.729136	-8189.72
762	0.729136	-8189.43
763	0.729136	-8187.51
764	0.729136	-8184.71
765	0.729136	-8189.13
766	0.729136	-8190.88
767	0.729136	-8184.64
768	0.729136	-8176.16
769	0.729136	-8176.72
770	0.729136	-8185.96
771	0.729136	-8177.85
772	0.729136	-8176.2
773	0.729136	-8177.34
774	0.729136	-8182.13
775	0.729136	-8184.99
776	0.729136	-8181.72
777	0.729136	-8182.67
778	0.729136	-8182.89
779	0.729136	-8183
780	0.729136	-8176.89
781	0.729136	-8177.22
782	0.729136	-8187.93
783	0.729136	-8185.48
784	0.729136	-8182.71
785	0.729136	-8184.31
786	0.729136	-8180.99
787	0.729136	-8178.17
788	0.729136	-8179.1
789	0.729136	-8176.47
790	0.729136	-8175.67
791	0.729136	-8174.69
792	0.729136	-8171.89
793	0.729136	-8181.03
794	0.729136	-8186.29
795	0.729136	-8184.6
796	0.729136	-8183.27
797	0.729136	-8180.88
798	0.729136	-8183.44
799	0.729136	-8181.63
800	0.729136	-8184.58
801	0.729136	-8179.77
802	0.729136	-8183.76
803	0.729136	-8177.99
804	0.729136	-8175.35
805	0.729136	-8176.1
806	0.729136	-8183.11
807	0.729136	-8186.4
808	0.729136	-8189.23
809	0.729136	-8190.6
810	0.729136	-8192.86
811	0.729136	-8185.09
812	0.729136	-8186.31
813	0.729136	-8177.75
814	0.729136	-8180.53
815	0.729136	-8185.94
816	0.729136	-8188.82
817	0.729136	-8182.77
818	0.729136	-8182.88
819	0.729136	-8182.48
820	0.729136	-8179.58
821	0.729136	-8177.67
822	0.729136	-8181.56
823	0.729136	-8178.74
824	0.729136	-8181.08
825	0.729136	-8181.92
826	0.729136	-8176.02
827	0.729136	-8177.13
828	0.729136	-8179.49
829	0.729136	-8181.21
830	0.729136	-8179.23
831	0.729136	-8191.25
832	0.729136	-8190.93
833	0.729136	-8194.99
834	0.729136	-8192.27
835	0.729136	-8183.5
836	0.729136	-8172.49
837	0.729136	-8174.13
838	0.729136	-8178.18
839	0.729136	-8175.41
840	0.729136	-8177.19
841	0.729136	-8178.63
842	0.729136	-8185.63
843	0.729136	-8179.4
844	0.729136	-8176.14
845	0.729136	-8178.13
846	0.729136	-8185.29
847	0.729136	-8183.95
848	0.729136	-8179.5
849	0.729136	-8177.68
850	0.729136	-8179.7
851	0.729136	-8183.32
852	0.729136	-8190.87
853	0.729136	-8186.92
854	0.729136	-8194.27
855	0.729136	-8197.99
856	0.729136	-8198.7
857	0.729136	-8193.61
858	0.729136	-8201.9
859	0.729136	-8195.54
860	0.729136	-8195.65
861	0.729136	-8188.58
862	0.729136	-8188.92
863	0.729136	-8194.06
864	0.729136	-8189.07
865	0.729136	-8192.04
866	0.729136	-8187.81
867	0.729136	-8183.42
868	0.729136	-8183.64
869	0.729136	-8188.71
870	0.729136	-8186.89
871	0.729136	-8190.66
872	0.729136	-8184.41
873	0.729136	-8191.27
874	0.729136	-8187.71
875	0.729136	-8183.52
876	0.729136	-8184.97
877	0.729136	-8184.66
878	0.729136	-8184.69
879	0.729136	-8187.32
880	0.729136	-8185.07
881	0.729136	-8181.61
882	0.729136	-8177.42
883	0.729136	-8176.16
884	0.729136	-8179.43
885	0.729136	-8177.14
886	0.729136	-8175.7
887	0.729136	-8183.44
888	0.729136	-8183.43
889	0.729136	-8187.87
890	0.729136	-8181.94
891	0.729136	-8185.76
892	0.729136	-8189.89
893	0.729136	-8195.65
894	0.729136	-8182.18
895	0.729136	-8180.65
896	0.729136	-8185.16
897	0.729136	-8184.24
898	0.729136	-8186.08
899	0.729136	-8181.83
900	0.729136	-8190.42
901	0.729136	-8198.88
902	0.729136	-8190.43
903	0.729136	-8193.31
904	0.729136	-8195.86
905	0.729136	-8187.66
906	0.729136	-8192.97
907	0.729136	-8187.22
908	0.729136	-8184.99
909	0.729136	-8185.95
910	0.729136	-8189.48
911	0.729136	-8186.56
912	0.729136	-8189.04
913	0.729136	-8187.82
914	0.729136	-8196.12
915	0.729136	-8187.03
916	0.729136	-8185.84
917	0.729136	-8182.58
918	0.729136	-8186.05
919	0.729136	-8183.2
920	0.729136	-8189.18
921	0.729136	-8186.42
922	0.729136	-8182.42
923	0.729136	-8183.41
924	0.729136	-8186.76
925	0.729136	-8187.65
926	0.729136	-8183.74
927	0.729136	-8185.14
928	0.729136	-8179.95
929	0.729136	-8178.42
930	0.729136	-8181.66
931	0.729136	-8186.99
932	0.729136	-8186.2
933	0.729136	-8180.47
934	0.729136	-8188.41
935	0.729136	-8181.54
936	0.729136	-8180.67
937	0.729136	-8183.71
938	0.729136	-8190
939	0.729136	-8183.75
940	0.729136	-8186.54
941	0.729136	-8182.23
942	0.729136	-8178.44
943	0.729136	-8180.13
944	0.729136	-8183.3
945	0.729136	-8178.66
946	0.729136	-8183.52
947	0.729136	-8185.72
948	0.729136	-8186.72
949	0.729136	-8187.6
950	0.729136	-8178.86
951	0.729136	-8188.51
952	0.729136	-8187.97
953	0.729136	-8189.86
954	0.729136	-8184.03
955	0.729136	-8180.52
956	0.729136	-8185.32
957	0.729136	-8192.2
958	0.729136	-8186.39
959	0.729136	-8185.61
960	0.729136	-8179.82
961	0.729136	-8180.44
962	0.729136	-8183.69
963	0.729136	-8183.63
964	0.729136	-8183.97
965	0.729136	-8181.61
966	0.729136	-8182.16
967	0.729136	-8181.45
968	0.729136	-8183.42
969	0.729136	-8180.18
970	0.729136	-8180.31
971	0.729136	-8183.5
972	0.729136	-8189.68
973	0.729136	-8187.35
974	0.729136	-8184.65
975	0.729136	-8185.25
976	0.729136	-8186.01
977	0.729136	-8179.83
978	0.729136	-8170.72
979	0.729136	-8178.51
980	0.729136	-8176.32
981	0.729136	-8186.4
982	0.729136	-8179.62
983	0.729136	-8181.7
984	0.729136	-8185.95
985	0.729136	-8191.59
986	0.729136	-8186.62
987	0.729136	-8186.93
988	0.729136	-8173.14
989	0.729136	-8179.96
990	0.729136	-8183.66
991	0.729136	-8189.83
992	0.729136	-8184.64
993	0.729136	-8184.51
994	0.729136	-8187.53
995	0.729136	-8183.84
996	0.729136	-8183.04
997	0.729136	-8182.73
998	0.729136	-8177.5
999	0.729136	-8176.7
1000	0.729136	-8173.24
