state	power	likelihood
251	0.0860252	-8344.39
252	0.0860252	-8318.8
253	0.0860252	-8315.77
254	0.0860252	-8303.98
255	0.0860252	-8314.36
256	0.0860252	-8337.54
257	0.0860252	-8327.44
258	0.0860252	-8279.1
259	0.0860252	-8276.81
260	0.0860252	-8262.31
261	0.0860252	-8290.16
262	0.0860252	-8333.81
263	0.0860252	-8361.05
264	0.0860252	-8322.64
265	0.0860252	-8298.82
266	0.0860252	-8301.81
267	0.0860252	-8277.23
268	0.0860252	-8325.6
269	0.0860252	-8282.9
270	0.0860252	-8328.12
271	0.0860252	-8291.54
272	0.0860252	-8305.35
273	0.0860252	-8351.98
274	0.0860252	-8381.56
275	0.0860252	-8353.22
276	0.0860252	-8322.97
277	0.0860252	-8359.8
278	0.0860252	-8353.77
279	0.0860252	-8353.06
280	0.0860252	-8368.33
281	0.0860252	-8356.08
282	0.0860252	-8348.46
283	0.0860252	-8384.76
284	0.0860252	-8289.98
285	0.0860252	-8349.27
286	0.0860252	-8367.31
287	0.0860252	-8531.24
288	0.0860252	-8468.47
289	0.0860252	-8377.33
290	0.0860252	-8379.37
291	0.0860252	-8285.42
292	0.0860252	-8339.25
293	0.0860252	-8355.53
294	0.0860252	-8360.3
295	0.0860252	-8342.95
296	0.0860252	-8290.97
297	0.0860252	-8382.23
298	0.0860252	-8450.98
299	0.0860252	-8350.21
300	0.0860252	-8347.88
301	0.0860252	-8314.18
302	0.0860252	-8268.96
303	0.0860252	-8286.04
304	0.0860252	-8318.54
305	0.0860252	-8367.52
306	0.0860252	-8332.3
307	0.0860252	-8333.81
308	0.0860252	-8302.5
309	0.0860252	-8327.83
310	0.0860252	-8304.03
311	0.0860252	-8334.55
312	0.0860252	-8291.75
313	0.0860252	-8317.27
314	0.0860252	-8306.15
315	0.0860252	-8281.97
316	0.0860252	-8331.19
317	0.0860252	-8306.15
318	0.0860252	-8337.36
319	0.0860252	-8355.04
320	0.0860252	-8386.87
321	0.0860252	-8329.16
322	0.0860252	-8327.31
323	0.0860252	-8356.7
324	0.0860252	-8325.52
325	0.0860252	-8308.67
326	0.0860252	-8280.29
327	0.0860252	-8279.8
328	0.0860252	-8287.11
329	0.0860252	-8351.59
330	0.0860252	-8276.17
331	0.0860252	-8349.5
332	0.0860252	-8318.93
333	0.0860252	-8346.83
334	0.0860252	-8330.61
335	0.0860252	-8366.49
336	0.0860252	-8370.45
337	0.0860252	-8347.34
338	0.0860252	-8316.8
339	0.0860252	-8324.05
340	0.0860252	-8322.02
341	0.0860252	-8304.71
342	0.0860252	-8344.93
343	0.0860252	-8317.25
344	0.0860252	-8306.49
345	0.0860252	-8355.84
346	0.0860252	-8299.25
347	0.0860252	-8285.12
348	0.0860252	-8331.65
349	0.0860252	-8304.41
350	0.0860252	-8325.41
351	0.0860252	-8372.97
352	0.0860252	-8299.4
353	0.0860252	-8351.9
354	0.0860252	-8307.05
355	0.0860252	-8350.79
356	0.0860252	-8326.62
357	0.0860252	-8302.86
358	0.0860252	-8290.58
359	0.0860252	-8272.27
360	0.0860252	-8262.09
361	0.0860252	-8289.71
362	0.0860252	-8263.97
363	0.0860252	-8274.04
364	0.0860252	-8234.03
365	0.0860252	-8286.87
366	0.0860252	-8290.83
367	0.0860252	-8317.71
368	0.0860252	-8324.59
369	0.0860252	-8320.96
370	0.0860252	-8348.62
371	0.0860252	-8312.84
372	0.0860252	-8437.99
373	0.0860252	-8415.88
374	0.0860252	-8365.88
375	0.0860252	-8360.59
376	0.0860252	-8398.92
377	0.0860252	-8360.06
378	0.0860252	-8349.65
379	0.0860252	-8354.69
380	0.0860252	-8341.64
381	0.0860252	-8349.9
382	0.0860252	-8282.01
383	0.0860252	-8299.78
384	0.0860252	-8335.38
385	0.0860252	-8347.89
386	0.0860252	-8313.48
387	0.0860252	-8291.35
388	0.0860252	-8318.37
389	0.0860252	-8319.84
390	0.0860252	-8288.81
391	0.0860252	-8310.93
392	0.0860252	-8290.88
393	0.0860252	-8294.15
394	0.0860252	-8286.39
395	0.0860252	-8307.57
396	0.0860252	-8293.53
397	0.0860252	-8339.49
398	0.0860252	-8324.01
399	0.0860252	-8363.83
400	0.0860252	-8460.11
401	0.0860252	-8407.82
402	0.0860252	-8363.59
403	0.0860252	-8439.66
404	0.0860252	-8378.67
405	0.0860252	-8315.61
406	0.0860252	-8310.03
407	0.0860252	-8328.92
408	0.0860252	-8320.13
409	0.0860252	-8304.49
410	0.0860252	-8334.8
411	0.0860252	-8303.98
412	0.0860252	-8308.53
413	0.0860252	-8297.64
414	0.0860252	-8287.43
415	0.0860252	-8303.8
416	0.0860252	-8285.91
417	0.0860252	-8326.85
418	0.0860252	-8324.24
419	0.0860252	-8362.59
420	0.0860252	-8331.1
421	0.0860252	-8382.64
422	0.0860252	-8354.31
423	0.0860252	-8357.16
424	0.0860252	-8355.57
425	0.0860252	-8342.11
426	0.0860252	-8355.62
427	0.0860252	-8334.48
428	0.0860252	-8362.53
429	0.0860252	-8323.59
430	0.0860252	-8324.75
431	0.0860252	-8323.57
432	0.0860252	-8348.97
433	0.0860252	-8397.98
434	0.0860252	-8402.39
435	0.0860252	-8438.54
436	0.0860252	-8300.05
437	0.0860252	-8326
438	0.0860252	-8402.07
439	0.0860252	-8384.78
440	0.0860252	-8389.33
441	0.0860252	-8414.93
442	0.0860252	-8364.58
443	0.0860252	-8345.21
444	0.0860252	-8393.76
445	0.0860252	-8377.98
446	0.0860252	-8292.74
447	0.0860252	-8278.61
448	0.0860252	-8289.48
449	0.0860252	-8301.48
450	0.0860252	-8341.68
451	0.0860252	-8253.52
452	0.0860252	-8298.2
453	0.0860252	-8338.41
454	0.0860252	-8334.62
455	0.0860252	-8355.16
456	0.0860252	-8332.17
457	0.0860252	-8333.23
458	0.0860252	-8376.36
459	0.0860252	-8316.43
460	0.0860252	-8360.93
461	0.0860252	-8324.09
462	0.0860252	-8332.32
463	0.0860252	-8348.77
464	0.0860252	-8321.03
465	0.0860252	-8371.07
466	0.0860252	-8338.99
467	0.0860252	-8311.54
468	0.0860252	-8289.55
469	0.0860252	-8314.01
470	0.0860252	-8305.48
471	0.0860252	-8340.65
472	0.0860252	-8328.57
473	0.0860252	-8329.86
474	0.0860252	-8316.31
475	0.0860252	-8273.94
476	0.0860252	-8279.67
477	0.0860252	-8287.59
478	0.0860252	-8266.86
479	0.0860252	-8255.57
480	0.0860252	-8382.49
481	0.0860252	-8338.26
482	0.0860252	-8329.18
483	0.0860252	-8371.91
484	0.0860252	-8339.59
485	0.0860252	-8334.06
486	0.0860252	-8289.33
487	0.0860252	-8350.93
488	0.0860252	-8285.28
489	0.0860252	-8341.04
490	0.0860252	-8374.33
491	0.0860252	-8304.06
492	0.0860252	-8378.07
493	0.0860252	-8275.34
494	0.0860252	-8353.95
495	0.0860252	-8339.92
496	0.0860252	-8347.93
497	0.0860252	-8342.36
498	0.0860252	-8330.49
499	0.0860252	-8335.33
500	0.0860252	-8379.76
501	0.0860252	-8306.04
502	0.0860252	-8342.67
503	0.0860252	-8370.89
504	0.0860252	-8388.55
505	0.0860252	-8320.33
506	0.0860252	-8304.65
507	0.0860252	-8325.01
508	0.0860252	-8369.87
509	0.0860252	-8315.49
510	0.0860252	-8306.38
511	0.0860252	-8299.12
512	0.0860252	-8349.23
513	0.0860252	-8346.17
514	0.0860252	-8377.19
515	0.0860252	-8329.82
516	0.0860252	-8322.96
517	0.0860252	-8341.53
518	0.0860252	-8321.11
519	0.0860252	-8316.42
520	0.0860252	-8353.96
521	0.0860252	-8361.47
522	0.0860252	-8384.74
523	0.0860252	-8314.21
524	0.0860252	-8320.78
525	0.0860252	-8323.23
526	0.0860252	-8315.82
527	0.0860252	-8308.05
528	0.0860252	-8289.79
529	0.0860252	-8295.33
530	0.0860252	-8323.71
531	0.0860252	-8288.32
532	0.0860252	-8322.54
533	0.0860252	-8302.34
534	0.0860252	-8343.36
535	0.0860252	-8338.2
536	0.0860252	-8341.65
537	0.0860252	-8335.3
538	0.0860252	-8313
539	0.0860252	-8326.28
540	0.0860252	-8324.31
541	0.0860252	-8342.85
542	0.0860252	-8303.28
543	0.0860252	-8268.67
544	0.0860252	-8253.23
545	0.0860252	-8330.36
546	0.0860252	-8331.72
547	0.0860252	-8297.28
548	0.0860252	-8317.29
549	0.0860252	-8330.55
550	0.0860252	-8378.07
551	0.0860252	-8357.32
552	0.0860252	-8292.25
553	0.0860252	-8374.77
554	0.0860252	-8379.11
555	0.0860252	-8389.21
556	0.0860252	-8330.35
557	0.0860252	-8302.51
558	0.0860252	-8299.61
559	0.0860252	-8262.69
560	0.0860252	-8293.42
561	0.0860252	-8313.9
562	0.0860252	-8362.84
563	0.0860252	-8391.43
564	0.0860252	-8416.94
565	0.0860252	-8397.1
566	0.0860252	-8429.14
567	0.0860252	-8477.88
568	0.0860252	-8411.1
569	0.0860252	-8413.86
570	0.0860252	-8372.46
571	0.0860252	-8445.42
572	0.0860252	-8438.23
573	0.0860252	-8344.66
574	0.0860252	-8338.5
575	0.0860252	-8302.7
576	0.0860252	-8305.73
577	0.0860252	-8377.09
578	0.0860252	-8398.3
579	0.0860252	-8392.92
580	0.0860252	-8386.39
581	0.0860252	-8359.25
582	0.0860252	-8313.76
583	0.0860252	-8308.95
584	0.0860252	-8287.42
585	0.0860252	-8243.73
586	0.0860252	-8298.94
587	0.0860252	-8295.54
588	0.0860252	-8324.48
589	0.0860252	-8330.04
590	0.0860252	-8298.03
591	0.0860252	-8352
592	0.0860252	-8350.99
593	0.0860252	-8377.23
594	0.0860252	-8360.53
595	0.0860252	-8305.69
596	0.0860252	-8346.4
597	0.0860252	-8344.34
598	0.0860252	-8316.14
599	0.0860252	-8262.47
600	0.0860252	-8284.94
601	0.0860252	-8299.16
602	0.0860252	-8314.71
603	0.0860252	-8317.14
604	0.0860252	-8317.82
605	0.0860252	-8313.28
606	0.0860252	-8368.92
607	0.0860252	-8405.2
608	0.0860252	-8369.78
609	0.0860252	-8334.23
610	0.0860252	-8293.09
611	0.0860252	-8283.65
612	0.0860252	-8316.46
613	0.0860252	-8309.19
614	0.0860252	-8290.57
615	0.0860252	-8271.64
616	0.0860252	-8297.28
617	0.0860252	-8311.16
618	0.0860252	-8383.81
619	0.0860252	-8353.38
620	0.0860252	-8422.65
621	0.0860252	-8368.05
622	0.0860252	-8326.96
623	0.0860252	-8283.77
624	0.0860252	-8300.16
625	0.0860252	-8318.71
626	0.0860252	-8336.36
627	0.0860252	-8271.4
628	0.0860252	-8304.79
629	0.0860252	-8346.29
630	0.0860252	-8394.31
631	0.0860252	-8356.03
632	0.0860252	-8367.81
633	0.0860252	-8363.95
634	0.0860252	-8277.16
635	0.0860252	-8300.09
636	0.0860252	-8307.67
637	0.0860252	-8356.96
638	0.0860252	-8305.12
639	0.0860252	-8285.67
640	0.0860252	-8296.28
641	0.0860252	-8293.45
642	0.0860252	-8307.04
643	0.0860252	-8294.75
644	0.0860252	-8313.44
645	0.0860252	-8288.61
646	0.0860252	-8272.5
647	0.0860252	-8315.01
648	0.0860252	-8249.06
649	0.0860252	-8268.33
650	0.0860252	-8310.59
651	0.0860252	-8346.79
652	0.0860252	-8397.35
653	0.0860252	-8326.16
654	0.0860252	-8322.43
655	0.0860252	-8291.05
656	0.0860252	-8280.03
657	0.0860252	-8298.16
658	0.0860252	-8306.82
659	0.0860252	-8260.93
660	0.0860252	-8262.79
661	0.0860252	-8325.35
662	0.0860252	-8396.16
663	0.0860252	-8402.74
664	0.0860252	-8383.81
665	0.0860252	-8296.43
666	0.0860252	-8335.12
667	0.0860252	-8328.81
668	0.0860252	-8343.69
669	0.0860252	-8385.44
670	0.0860252	-8392.61
671	0.0860252	-8316.99
672	0.0860252	-8303.27
673	0.0860252	-8353.56
674	0.0860252	-8329.35
675	0.0860252	-8313.63
676	0.0860252	-8328.59
677	0.0860252	-8353.67
678	0.0860252	-8359.07
679	0.0860252	-8404.09
680	0.0860252	-8384.09
681	0.0860252	-8363.86
682	0.0860252	-8365.97
683	0.0860252	-8402.33
684	0.0860252	-8335.18
685	0.0860252	-8358.73
686	0.0860252	-8344.56
687	0.0860252	-8353.72
688	0.0860252	-8329.69
689	0.0860252	-8378.07
690	0.0860252	-8305.28
691	0.0860252	-8273.87
692	0.0860252	-8300.54
693	0.0860252	-8322.49
694	0.0860252	-8338.74
695	0.0860252	-8339.12
696	0.0860252	-8377.28
697	0.0860252	-8363.41
698	0.0860252	-8419.39
699	0.0860252	-8455.86
700	0.0860252	-8366.08
701	0.0860252	-8398.49
702	0.0860252	-8360.49
703	0.0860252	-8385.71
704	0.0860252	-8419.89
705	0.0860252	-8344.69
706	0.0860252	-8307.83
707	0.0860252	-8235.98
708	0.0860252	-8272.04
709	0.0860252	-8269.07
710	0.0860252	-8290.66
711	0.0860252	-8276.43
712	0.0860252	-8320.98
713	0.0860252	-8292.21
714	0.0860252	-8255.19
715	0.0860252	-8263.67
716	0.0860252	-8303.67
717	0.0860252	-8346.03
718	0.0860252	-8349.06
719	0.0860252	-8328.11
720	0.0860252	-8334.39
721	0.0860252	-8323.04
722	0.0860252	-8297.61
723	0.0860252	-8298.63
724	0.0860252	-8342.76
725	0.0860252	-8333.03
726	0.0860252	-8298.06
727	0.0860252	-8255.39
728	0.0860252	-8302.98
729	0.0860252	-8356.11
730	0.0860252	-8392.97
731	0.0860252	-8394.15
732	0.0860252	-8410.39
733	0.0860252	-8401.62
734	0.0860252	-8429.5
735	0.0860252	-8410.06
736	0.0860252	-8351.1
737	0.0860252	-8321.73
738	0.0860252	-8302.03
739	0.0860252	-8330.27
740	0.0860252	-8339.68
741	0.0860252	-8317.66
742	0.0860252	-8326.8
743	0.0860252	-8383.76
744	0.0860252	-8345.71
745	0.0860252	-8335.53
746	0.0860252	-8356.65
747	0.0860252	-8330.99
748	0.0860252	-8340.55
749	0.0860252	-8336.42
750	0.0860252	-8333.24
751	0.0860252	-8342.23
752	0.0860252	-8309.49
753	0.0860252	-8276.16
754	0.0860252	-8305.36
755	0.0860252	-8334.88
756	0.0860252	-8352.44
757	0.0860252	-8352.55
758	0.0860252	-8384.79
759	0.0860252	-8288.51
760	0.0860252	-8340.68
761	0.0860252	-8336.78
762	0.0860252	-8287.73
763	0.0860252	-8294.17
764	0.0860252	-8319.88
765	0.0860252	-8334.79
766	0.0860252	-8318.18
767	0.0860252	-8344.12
768	0.0860252	-8280.91
769	0.0860252	-8275.82
770	0.0860252	-8248.7
771	0.0860252	-8375.09
772	0.0860252	-8407.06
773	0.0860252	-8390.86
774	0.0860252	-8349.41
775	0.0860252	-8359.97
776	0.0860252	-8374.43
777	0.0860252	-8347.39
778	0.0860252	-8282.53
779	0.0860252	-8366.34
780	0.0860252	-8421.13
781	0.0860252	-8379.59
782	0.0860252	-8343.33
783	0.0860252	-8343.97
784	0.0860252	-8338.35
785	0.0860252	-8289.05
786	0.0860252	-8302.97
787	0.0860252	-8296.9
788	0.0860252	-8293.03
789	0.0860252	-8322.71
790	0.0860252	-8398.42
791	0.0860252	-8335.56
792	0.0860252	-8311.34
793	0.0860252	-8290.49
794	0.0860252	-8273.92
795	0.0860252	-8339.35
796	0.0860252	-8371.46
797	0.0860252	-8375.42
798	0.0860252	-8322.32
799	0.0860252	-8310.3
800	0.0860252	-8289.46
801	0.0860252	-8331.31
802	0.0860252	-8304.37
803	0.0860252	-8293.29
804	0.0860252	-8271.04
805	0.0860252	-8285.8
806	0.0860252	-8257.43
807	0.0860252	-8278.27
808	0.0860252	-8296.81
809	0.0860252	-8297.6
810	0.0860252	-8282.75
811	0.0860252	-8300.85
812	0.0860252	-8356.07
813	0.0860252	-8319.01
814	0.0860252	-8350.43
815	0.0860252	-8310.62
816	0.0860252	-8327.92
817	0.0860252	-8358.45
818	0.0860252	-8355.28
819	0.0860252	-8356.96
820	0.0860252	-8375.31
821	0.0860252	-8310.33
822	0.0860252	-8328.35
823	0.0860252	-8408.66
824	0.0860252	-8309.78
825	0.0860252	-8368.62
826	0.0860252	-8352.66
827	0.0860252	-8283.79
828	0.0860252	-8291.55
829	0.0860252	-8266.94
830	0.0860252	-8291.2
831	0.0860252	-8340.36
832	0.0860252	-8283.74
833	0.0860252	-8340.47
834	0.0860252	-8376.1
835	0.0860252	-8337.58
836	0.0860252	-8376.76
837	0.0860252	-8362.41
838	0.0860252	-8342.29
839	0.0860252	-8392.56
840	0.0860252	-8354.95
841	0.0860252	-8373.44
842	0.0860252	-8343.97
843	0.0860252	-8346.56
844	0.0860252	-8341.75
845	0.0860252	-8352.96
846	0.0860252	-8366.79
847	0.0860252	-8435.05
848	0.0860252	-8494.7
849	0.0860252	-8401.33
850	0.0860252	-8426.9
851	0.0860252	-8381.05
852	0.0860252	-8351.4
853	0.0860252	-8336.54
854	0.0860252	-8350.09
855	0.0860252	-8380.32
856	0.0860252	-8354.98
857	0.0860252	-8293.46
858	0.0860252	-8329.04
859	0.0860252	-8275.96
860	0.0860252	-8330.08
861	0.0860252	-8316.24
862	0.0860252	-8312.58
863	0.0860252	-8322.28
864	0.0860252	-8322.2
865	0.0860252	-8341.97
866	0.0860252	-8300.12
867	0.0860252	-8312.57
868	0.0860252	-8351.58
869	0.0860252	-8376.12
870	0.0860252	-8345.8
871	0.0860252	-8330.77
872	0.0860252	-8305.74
873	0.0860252	-8322.84
874	0.0860252	-8340.56
875	0.0860252	-8333.38
876	0.0860252	-8274.71
877	0.0860252	-8304.16
878	0.0860252	-8318.53
879	0.0860252	-8302.6
880	0.0860252	-8355.75
881	0.0860252	-8350.61
882	0.0860252	-8327.97
883	0.0860252	-8327.75
884	0.0860252	-8278.03
885	0.0860252	-8277.13
886	0.0860252	-8275.84
887	0.0860252	-8305.69
888	0.0860252	-8352.71
889	0.0860252	-8368.73
890	0.0860252	-8304.96
891	0.0860252	-8340.15
892	0.0860252	-8370.55
893	0.0860252	-8409.57
894	0.0860252	-8393.29
895	0.0860252	-8399.94
896	0.0860252	-8350.83
897	0.0860252	-8356.17
898	0.0860252	-8366.14
899	0.0860252	-8293.22
900	0.0860252	-8317.34
901	0.0860252	-8344.67
902	0.0860252	-8357.12
903	0.0860252	-8362.67
904	0.0860252	-8339.37
905	0.0860252	-8343.58
906	0.0860252	-8355.75
907	0.0860252	-8353.02
908	0.0860252	-8409.7
909	0.0860252	-8357.53
910	0.0860252	-8345.24
911	0.0860252	-8354.9
912	0.0860252	-8332.54
913	0.0860252	-8375.55
914	0.0860252	-8372.39
915	0.0860252	-8341.61
916	0.0860252	-8361.37
917	0.0860252	-8385.88
918	0.0860252	-8319.56
919	0.0860252	-8367.5
920	0.0860252	-8344.32
921	0.0860252	-8410.92
922	0.0860252	-8393.9
923	0.0860252	-8361.38
924	0.0860252	-8439.72
925	0.0860252	-8355.61
926	0.0860252	-8379.03
927	0.0860252	-8324.62
928	0.0860252	-8329.77
929	0.0860252	-8353.2
930	0.0860252	-8348.67
931	0.0860252	-8318.55
932	0.0860252	-8314.01
933	0.0860252	-8262.13
934	0.0860252	-8314.96
935	0.0860252	-8343.51
936	0.0860252	-8307.54
937	0.0860252	-8335.15
938	0.0860252	-8381.17
939	0.0860252	-8293.07
940	0.0860252	-8385.93
941	0.0860252	-8294.11
942	0.0860252	-8276.49
943	0.0860252	-8375.58
944	0.0860252	-8364.64
945	0.0860252	-8350.81
946	0.0860252	-8320.73
947	0.0860252	-8368.78
948	0.0860252	-8364.51
949	0.0860252	-8343.68
950	0.0860252	-8335.76
951	0.0860252	-8403.45
952	0.0860252	-8313.25
953	0.0860252	-8328.22
954	0.0860252	-8391.03
955	0.0860252	-8389.21
956	0.0860252	-8332.34
957	0.0860252	-8320.98
958	0.0860252	-8310.24
959	0.0860252	-8315.67
960	0.0860252	-8296.81
961	0.0860252	-8332.11
962	0.0860252	-8391.49
963	0.0860252	-8389.67
964	0.0860252	-8382.08
965	0.0860252	-8358.53
966	0.0860252	-8334.21
967	0.0860252	-8298.71
968	0.0860252	-8342.01
969	0.0860252	-8281.47
970	0.0860252	-8323.14
971	0.0860252	-8379.96
972	0.0860252	-8346.73
973	0.0860252	-8357.84
974	0.0860252	-8334.11
975	0.0860252	-8427.58
976	0.0860252	-8358.79
977	0.0860252	-8328.71
978	0.0860252	-8306.56
979	0.0860252	-8320.78
980	0.0860252	-8301.35
981	0.0860252	-8310.89
982	0.0860252	-8411.74
983	0.0860252	-8390.03
984	0.0860252	-8378.1
985	0.0860252	-8353.56
986	0.0860252	-8361.01
987	0.0860252	-8307.51
988	0.0860252	-8284.44
989	0.0860252	-8299.71
990	0.0860252	-8340.8
991	0.0860252	-8245.43
992	0.0860252	-8227.92
993	0.0860252	-8271.67
994	0.0860252	-8254.13
995	0.0860252	-8230.88
996	0.0860252	-8259.76
997	0.0860252	-8288.42
998	0.0860252	-8327.54
999	0.0860252	-8311.46
1000	0.0860252	-8330.96
