state	power	likelihood
251	0.520429	-7991.08
252	0.520429	-7991.05
253	0.520429	-7987.66
254	0.520429	-7986.51
255	0.520429	-7990.4
256	0.520429	-7998.61
257	0.520429	-7995.88
258	0.520429	-7994.94
259	0.520429	-7999.86
260	0.520429	-7989.4
261	0.520429	-7986.24
262	0.520429	-8003.17
263	0.520429	-7994.16
264	0.520429	-7995.46
265	0.520429	-7999.84
266	0.520429	-7999.83
267	0.520429	-8000.45
268	0.520429	-7995.98
269	0.520429	-7987.45
270	0.520429	-7984.39
271	0.520429	-7986.23
272	0.520429	-7983.63
273	0.520429	-7977.36
274	0.520429	-7986.6
275	0.520429	-7992.06
276	0.520429	-7984.08
277	0.520429	-7985.61
278	0.520429	-7977.48
279	0.520429	-7974.65
280	0.520429	-7979.15
281	0.520429	-7981.63
282	0.520429	-7992.34
283	0.520429	-7974.25
284	0.520429	-7982.48
285	0.520429	-7982.53
286	0.520429	-7987.32
287	0.520429	-7987.63
288	0.520429	-7988.89
289	0.520429	-7989.09
290	0.520429	-7993.99
291	0.520429	-7999.39
292	0.520429	-7996.01
293	0.520429	-7981.85
294	0.520429	-7982.21
295	0.520429	-7984.5
296	0.520429	-7989
297	0.520429	-7986.99
298	0.520429	-7985.55
299	0.520429	-7978.48
300	0.520429	-7977.1
301	0.520429	-7974.95
302	0.520429	-7981.67
303	0.520429	-7987.05
304	0.520429	-7983.27
305	0.520429	-7998.24
306	0.520429	-7988.1
307	0.520429	-7992.44
308	0.520429	-7986.14
309	0.520429	-7984.23
310	0.520429	-7989.34
311	0.520429	-7980.2
312	0.520429	-7995.21
313	0.520429	-7992.95
314	0.520429	-7984.43
315	0.520429	-7991.65
316	0.520429	-7997.2
317	0.520429	-8000.96
318	0.520429	-7994.31
319	0.520429	-7998.43
320	0.520429	-7984.06
321	0.520429	-7987.49
322	0.520429	-7988.07
323	0.520429	-7991.57
324	0.520429	-7989.33
325	0.520429	-7998.94
326	0.520429	-7994.7
327	0.520429	-7989.45
328	0.520429	-7987.82
329	0.520429	-7994.24
330	0.520429	-7990.16
331	0.520429	-7976.06
332	0.520429	-7972.33
333	0.520429	-7978.02
334	0.520429	-7983.15
335	0.520429	-7981.16
336	0.520429	-7990.68
337	0.520429	-7991.55
338	0.520429	-7992.04
339	0.520429	-7989.88
340	0.520429	-7985.47
341	0.520429	-7986.79
342	0.520429	-7976.42
343	0.520429	-7973.06
344	0.520429	-7968.35
345	0.520429	-7981.55
346	0.520429	-7983.75
347	0.520429	-7990.25
348	0.520429	-7992.42
349	0.520429	-7990.76
350	0.520429	-7978.92
351	0.520429	-7977.25
352	0.520429	-7987.87
353	0.520429	-7984.36
354	0.520429	-7985.52
355	0.520429	-7990.9
356	0.520429	-7998.91
357	0.520429	-7993.81
358	0.520429	-7992.24
359	0.520429	-8004.64
360	0.520429	-8003.98
361	0.520429	-8007.93
362	0.520429	-7993.36
363	0.520429	-7980.13
364	0.520429	-7979.43
365	0.520429	-7974.63
366	0.520429	-7984.04
367	0.520429	-7988.06
368	0.520429	-7976.18
369	0.520429	-7979.72
370	0.520429	-7999.59
371	0.520429	-8004.51
372	0.520429	-7997.95
373	0.520429	-7984.31
374	0.520429	-7993.86
375	0.520429	-7991.04
376	0.520429	-7984.07
377	0.520429	-7978.43
378	0.520429	-7977.23
379	0.520429	-7971.51
380	0.520429	-7964.34
381	0.520429	-7976.07
382	0.520429	-7977.06
383	0.520429	-7974.47
384	0.520429	-7976.71
385	0.520429	-7984.8
386	0.520429	-7985.92
387	0.520429	-7975.09
388	0.520429	-7982.21
389	0.520429	-7999.1
390	0.520429	-7987.94
391	0.520429	-7981.46
392	0.520429	-7975.52
393	0.520429	-7978.58
394	0.520429	-7989.4
395	0.520429	-7976.46
396	0.520429	-7978.68
397	0.520429	-7979.09
398	0.520429	-7988.25
399	0.520429	-7989.96
400	0.520429	-7991.62
401	0.520429	-7991
402	0.520429	-7988.84
403	0.520429	-7993.83
404	0.520429	-7993.46
405	0.520429	-7986.34
406	0.520429	-7986.03
407	0.520429	-7984.07
408	0.520429	-7975.06
409	0.520429	-7982.07
410	0.520429	-7983.11
411	0.520429	-7979.2
412	0.520429	-7974.98
413	0.520429	-7971.93
414	0.520429	-7973.92
415	0.520429	-7972.7
416	0.520429	-7976.21
417	0.520429	-7972.07
418	0.520429	-7975.74
419	0.520429	-7985.5
420	0.520429	-7973.37
421	0.520429	-7980.84
422	0.520429	-7984.38
423	0.520429	-7987.53
424	0.520429	-7998.7
425	0.520429	-7991.94
426	0.520429	-7987.15
427	0.520429	-7981.37
428	0.520429	-7989.37
429	0.520429	-7993.23
430	0.520429	-7985.07
431	0.520429	-7981.63
432	0.520429	-7977.91
433	0.520429	-7977.02
434	0.520429	-7981.87
435	0.520429	-7994.1
436	0.520429	-7992.57
437	0.520429	-7992.98
438	0.520429	-7994.31
439	0.520429	-7993.49
440	0.520429	-7997.7
441	0.520429	-7998.08
442	0.520429	-7995.29
443	0.520429	-7990.12
444	0.520429	-7995.47
445	0.520429	-7999.66
446	0.520429	-7998.24
447	0.520429	-7995.77
448	0.520429	-7993.79
449	0.520429	-7992.11
450	0.520429	-7990.57
451	0.520429	-7983.9
452	0.520429	-7976.25
453	0.520429	-7980.82
454	0.520429	-7987.79
455	0.520429	-7983.63
456	0.520429	-7979.75
457	0.520429	-7984.48
458	0.520429	-7983.17
459	0.520429	-7973.07
460	0.520429	-7976.33
461	0.520429	-7973.08
462	0.520429	-7988.41
463	0.520429	-7995.17
464	0.520429	-7993.91
465	0.520429	-8000.68
466	0.520429	-8004.46
467	0.520429	-7988.72
468	0.520429	-7985.32
469	0.520429	-7990.67
470	0.520429	-7990.31
471	0.520429	-7999.59
472	0.520429	-7973.19
473	0.520429	-7976.44
474	0.520429	-7977.67
475	0.520429	-7978.13
476	0.520429	-7985
477	0.520429	-7998.82
478	0.520429	-7984.79
479	0.520429	-7990.57
480	0.520429	-7985.51
481	0.520429	-8001.47
482	0.520429	-7995.16
483	0.520429	-7997.72
484	0.520429	-7993.72
485	0.520429	-7989.36
486	0.520429	-7988.91
487	0.520429	-7996.55
488	0.520429	-7982.18
489	0.520429	-7983.16
490	0.520429	-7983.15
491	0.520429	-7979.74
492	0.520429	-7989.05
493	0.520429	-7987.18
494	0.520429	-8000.27
495	0.520429	-7975.99
496	0.520429	-7980.68
497	0.520429	-7981.6
498	0.520429	-7990.99
499	0.520429	-7995.59
500	0.520429	-8010
501	0.520429	-8001.32
502	0.520429	-7991.18
503	0.520429	-7998.73
504	0.520429	-7992.29
505	0.520429	-7981.68
506	0.520429	-7994.75
507	0.520429	-7985.5
508	0.520429	-7989.22
509	0.520429	-7987.29
510	0.520429	-7995.91
511	0.520429	-7999.06
512	0.520429	-7992.64
513	0.520429	-7988.58
514	0.520429	-7991.84
515	0.520429	-7989.56
516	0.520429	-7980.7
517	0.520429	-7976.58
518	0.520429	-7970.76
519	0.520429	-7972.13
520	0.520429	-7974.74
521	0.520429	-7979.13
522	0.520429	-7971.57
523	0.520429	-7968.98
524	0.520429	-7970.98
525	0.520429	-7978.09
526	0.520429	-7968.59
527	0.520429	-7969.54
528	0.520429	-7978.2
529	0.520429	-7974.27
530	0.520429	-7982.8
531	0.520429	-7978.56
532	0.520429	-7983.4
533	0.520429	-7982.24
534	0.520429	-7988.23
535	0.520429	-7993.25
536	0.520429	-7994.03
537	0.520429	-7981.78
538	0.520429	-7980.47
539	0.520429	-7977.75
540	0.520429	-7976.93
541	0.520429	-7976.47
542	0.520429	-7983.49
543	0.520429	-7988.97
544	0.520429	-7992.53
545	0.520429	-7989.88
546	0.520429	-7988.98
547	0.520429	-7996.8
548	0.520429	-8000.24
549	0.520429	-7995.27
550	0.520429	-7988.8
551	0.520429	-7982.35
552	0.520429	-7982.94
553	0.520429	-7989.63
554	0.520429	-7993.85
555	0.520429	-7981.49
556	0.520429	-7984.18
557	0.520429	-7984.74
558	0.520429	-7989.05
559	0.520429	-7995.46
560	0.520429	-7987.1
561	0.520429	-7985.12
562	0.520429	-7988
563	0.520429	-7988.14
564	0.520429	-7982.73
565	0.520429	-7980.62
566	0.520429	-7986.14
567	0.520429	-7977.96
568	0.520429	-7976.51
569	0.520429	-7973.44
570	0.520429	-7980.48
571	0.520429	-7982.16
572	0.520429	-7987.49
573	0.520429	-7989.49
574	0.520429	-7988.43
575	0.520429	-7986.84
576	0.520429	-7994.08
577	0.520429	-7989.75
578	0.520429	-7981.07
579	0.520429	-7983.21
580	0.520429	-7978.18
581	0.520429	-7975.37
582	0.520429	-7972.86
583	0.520429	-7978.41
584	0.520429	-7972.09
585	0.520429	-7967.27
586	0.520429	-7968.66
587	0.520429	-7976.61
588	0.520429	-7979.78
589	0.520429	-7992.6
590	0.520429	-7988.32
591	0.520429	-7979.73
592	0.520429	-7980.33
593	0.520429	-7978.7
594	0.520429	-7983.12
595	0.520429	-8001.64
596	0.520429	-7986.52
597	0.520429	-7987.54
598	0.520429	-7988.81
599	0.520429	-7983.74
600	0.520429	-7978.02
601	0.520429	-7986.33
602	0.520429	-7987.33
603	0.520429	-8007.46
604	0.520429	-7994.2
605	0.520429	-7993.49
606	0.520429	-7988.04
607	0.520429	-7987.71
608	0.520429	-7999.15
609	0.520429	-7989.22
610	0.520429	-7982.51
611	0.520429	-7984.52
612	0.520429	-7983.78
613	0.520429	-7976.34
614	0.520429	-7980.23
615	0.520429	-7983.21
616	0.520429	-7985.17
617	0.520429	-7988.71
618	0.520429	-7984.55
619	0.520429	-7981.42
620	0.520429	-7981.79
621	0.520429	-7976.29
622	0.520429	-7989.84
623	0.520429	-7988.93
624	0.520429	-7985.48
625	0.520429	-7986.35
626	0.520429	-7989.89
627	0.520429	-7995.27
628	0.520429	-7981.87
629	0.520429	-7977.51
630	0.520429	-7989.07
631	0.520429	-7992.45
632	0.520429	-7995.32
633	0.520429	-7990.02
634	0.520429	-7991.07
635	0.520429	-7985
636	0.520429	-7986
637	0.520429	-7981.89
638	0.520429	-7985.1
639	0.520429	-7986.21
640	0.520429	-7979.02
641	0.520429	-7974.91
642	0.520429	-7976.18
643	0.520429	-7975.77
644	0.520429	-7980.02
645	0.520429	-7981.3
646	0.520429	-7981.72
647	0.520429	-7974.45
648	0.520429	-7975.35
649	0.520429	-7987.06
650	0.520429	-7976.56
651	0.520429	-7974.82
652	0.520429	-7971.13
653	0.520429	-7963.79
654	0.520429	-7971.37
655	0.520429	-7972.62
656	0.520429	-7976.99
657	0.520429	-7975.71
658	0.520429	-7975.35
659	0.520429	-7987.68
660	0.520429	-7992.26
661	0.520429	-8001.48
662	0.520429	-7991.94
663	0.520429	-7995.57
664	0.520429	-7984.25
665	0.520429	-7971.09
666	0.520429	-7982.89
667	0.520429	-7980.03
668	0.520429	-7981.1
669	0.520429	-7985.46
670	0.520429	-7983.61
671	0.520429	-7991.66
672	0.520429	-7986.86
673	0.520429	-7985.7
674	0.520429	-7979.12
675	0.520429	-7977.59
676	0.520429	-7979.65
677	0.520429	-7985.52
678	0.520429	-7991.8
679	0.520429	-7989.72
680	0.520429	-7990.62
681	0.520429	-7996.27
682	0.520429	-7988.74
683	0.520429	-7982.45
684	0.520429	-7983.26
685	0.520429	-7984.35
686	0.520429	-7986.98
687	0.520429	-7984.98
688	0.520429	-7982.12
689	0.520429	-7985.16
690	0.520429	-7980.9
691	0.520429	-7986.58
692	0.520429	-7992.04
693	0.520429	-7985.4
694	0.520429	-7983.69
695	0.520429	-7986.05
696	0.520429	-7982.64
697	0.520429	-7998.46
698	0.520429	-8002.6
699	0.520429	-7996.98
700	0.520429	-8001.81
701	0.520429	-7997.56
702	0.520429	-7994.59
703	0.520429	-7990.28
704	0.520429	-7988.49
705	0.520429	-7989.91
706	0.520429	-7989.91
707	0.520429	-7986.74
708	0.520429	-8006.45
709	0.520429	-7992.1
710	0.520429	-7992.98
711	0.520429	-7977.06
712	0.520429	-7979.69
713	0.520429	-7976.5
714	0.520429	-7983.9
715	0.520429	-7988.82
716	0.520429	-7984.64
717	0.520429	-7990.69
718	0.520429	-7981.53
719	0.520429	-7988.99
720	0.520429	-7978.96
721	0.520429	-7978.71
722	0.520429	-7991.2
723	0.520429	-7984.45
724	0.520429	-7974.03
725	0.520429	-7976.22
726	0.520429	-7976.2
727	0.520429	-7983.57
728	0.520429	-7973.9
729	0.520429	-7975.09
730	0.520429	-7976.83
731	0.520429	-7974.66
732	0.520429	-7990.34
733	0.520429	-7990.93
734	0.520429	-7988.6
735	0.520429	-7988.35
736	0.520429	-7988.59
737	0.520429	-8000.36
738	0.520429	-7992.55
739	0.520429	-7987.79
740	0.520429	-7973.28
741	0.520429	-7975.59
742	0.520429	-7976.99
743	0.520429	-7973.74
744	0.520429	-7976.1
745	0.520429	-7974.4
746	0.520429	-7981.48
747	0.520429	-7978.72
748	0.520429	-7977.88
749	0.520429	-7979.42
750	0.520429	-7977.06
751	0.520429	-7977.05
752	0.520429	-7987.65
753	0.520429	-7985
754	0.520429	-7989.76
755	0.520429	-7987.34
756	0.520429	-7990.91
757	0.520429	-7983.43
758	0.520429	-7979.87
759	0.520429	-7970.22
760	0.520429	-7971.84
761	0.520429	-7977.27
762	0.520429	-7983.68
763	0.520429	-7981.88
764	0.520429	-7981.44
765	0.520429	-7979.58
766	0.520429	-7989.76
767	0.520429	-7984.4
768	0.520429	-7983.17
769	0.520429	-7993.04
770	0.520429	-7984.04
771	0.520429	-7991.86
772	0.520429	-7990.99
773	0.520429	-7983.43
774	0.520429	-7979.63
775	0.520429	-7976.79
776	0.520429	-7988.65
777	0.520429	-7974.86
778	0.520429	-7979.49
779	0.520429	-7976.33
780	0.520429	-7976.46
781	0.520429	-7986.23
782	0.520429	-7987.19
783	0.520429	-7980.45
784	0.520429	-7985.24
785	0.520429	-7984.91
786	0.520429	-7985.21
787	0.520429	-7978.89
788	0.520429	-7978.87
789	0.520429	-7975.17
790	0.520429	-7978.48
791	0.520429	-7995.84
792	0.520429	-7986.84
793	0.520429	-8001.23
794	0.520429	-7989.39
795	0.520429	-7984.31
796	0.520429	-7983.23
797	0.520429	-7987.07
798	0.520429	-7990.27
799	0.520429	-7993.89
800	0.520429	-7995.79
801	0.520429	-7994.84
802	0.520429	-7986.25
803	0.520429	-7975.52
804	0.520429	-7973.17
805	0.520429	-7970.73
806	0.520429	-7975.64
807	0.520429	-7973.95
808	0.520429	-7991.34
809	0.520429	-7994.66
810	0.520429	-7980.9
811	0.520429	-7979.15
812	0.520429	-7988.17
813	0.520429	-7983.17
814	0.520429	-7993.36
815	0.520429	-7992.12
816	0.520429	-7976.62
817	0.520429	-7990.06
818	0.520429	-7984.78
819	0.520429	-7980.76
820	0.520429	-7976.74
821	0.520429	-7986.82
822	0.520429	-7981.33
823	0.520429	-7987.81
824	0.520429	-7989.06
825	0.520429	-7978.32
826	0.520429	-7988.83
827	0.520429	-7975.15
828	0.520429	-7978.82
829	0.520429	-7979.42
830	0.520429	-7981.25
831	0.520429	-7973.27
832	0.520429	-7970.07
833	0.520429	-7967.61
834	0.520429	-7975.36
835	0.520429	-7972.65
836	0.520429	-7979.55
837	0.520429	-7987.68
838	0.520429	-7988.59
839	0.520429	-7989.03
840	0.520429	-7985.73
841	0.520429	-7988.16
842	0.520429	-7995.07
843	0.520429	-7994.83
844	0.520429	-7982.36
845	0.520429	-7983.87
846	0.520429	-7984.45
847	0.520429	-7994.87
848	0.520429	-7993.88
849	0.520429	-7987.1
850	0.520429	-7982.03
851	0.520429	-7991.73
852	0.520429	-7988.63
853	0.520429	-7985.81
854	0.520429	-7999.47
855	0.520429	-8000.48
856	0.520429	-7986.66
857	0.520429	-7982.21
858	0.520429	-7992.7
859	0.520429	-7983.5
860	0.520429	-7987.08
861	0.520429	-7978.61
862	0.520429	-7980.08
863	0.520429	-7982.87
864	0.520429	-7981.6
865	0.520429	-7992.56
866	0.520429	-7982.16
867	0.520429	-7983.47
868	0.520429	-7987.98
869	0.520429	-7980.84
870	0.520429	-7983.83
871	0.520429	-7991.95
872	0.520429	-7984.37
873	0.520429	-7979.37
874	0.520429	-7974.35
875	0.520429	-7977.57
876	0.520429	-7989.49
877	0.520429	-7981.76
878	0.520429	-7979.94
879	0.520429	-7990.4
880	0.520429	-7993.02
881	0.520429	-7992.32
882	0.520429	-8000.52
883	0.520429	-8000.6
884	0.520429	-7982.31
885	0.520429	-7976.61
886	0.520429	-7983.8
887	0.520429	-7993.54
888	0.520429	-7984.08
889	0.520429	-7990.11
890	0.520429	-7976.01
891	0.520429	-7967.17
892	0.520429	-7971.5
893	0.520429	-7976.38
894	0.520429	-7980.28
895	0.520429	-7980.61
896	0.520429	-7985.18
897	0.520429	-7991.79
898	0.520429	-7983.91
899	0.520429	-7983.26
900	0.520429	-7980.89
901	0.520429	-7981.59
902	0.520429	-7977.48
903	0.520429	-7978.54
904	0.520429	-7980.72
905	0.520429	-7979.33
906	0.520429	-8002.14
907	0.520429	-7992.38
908	0.520429	-7990.88
909	0.520429	-7996.1
910	0.520429	-7985.3
911	0.520429	-7998.76
912	0.520429	-7996.11
913	0.520429	-7977.6
914	0.520429	-7978.84
915	0.520429	-7982.05
916	0.520429	-7977.39
917	0.520429	-7983.63
918	0.520429	-7975.44
919	0.520429	-7983.33
920	0.520429	-7987.09
921	0.520429	-7989.41
922	0.520429	-7986.32
923	0.520429	-7978.33
924	0.520429	-7985.24
925	0.520429	-7980.71
926	0.520429	-7978.07
927	0.520429	-7982.59
928	0.520429	-7981.78
929	0.520429	-7990.46
930	0.520429	-7976.85
931	0.520429	-7971.36
932	0.520429	-7977.52
933	0.520429	-7980.58
934	0.520429	-7981.11
935	0.520429	-7987.46
936	0.520429	-7986.7
937	0.520429	-7977.78
938	0.520429	-7982.02
939	0.520429	-7986.73
940	0.520429	-7982.81
941	0.520429	-7989.76
942	0.520429	-7984.65
943	0.520429	-7976.55
944	0.520429	-7975.87
945	0.520429	-7983.18
946	0.520429	-7978.78
947	0.520429	-7971.61
948	0.520429	-7980.84
949	0.520429	-7986
950	0.520429	-7987.29
951	0.520429	-7996.3
952	0.520429	-7999.69
953	0.520429	-7994.83
954	0.520429	-7987.55
955	0.520429	-7988.76
956	0.520429	-7988.58
957	0.520429	-7990.51
958	0.520429	-7982.97
959	0.520429	-7989.93
960	0.520429	-7989.36
961	0.520429	-7976.14
962	0.520429	-7980.02
963	0.520429	-7979.2
964	0.520429	-7993.87
965	0.520429	-7990.62
966	0.520429	-7996.03
967	0.520429	-7993.8
968	0.520429	-8008.35
969	0.520429	-7987.15
970	0.520429	-7981.42
971	0.520429	-7976.18
972	0.520429	-7980.82
973	0.520429	-7982.42
974	0.520429	-7985.57
975	0.520429	-8001.46
976	0.520429	-7986.15
977	0.520429	-7990.49
978	0.520429	-7994.42
979	0.520429	-7988.62
980	0.520429	-7998.74
981	0.520429	-7996.39
982	0.520429	-8015.33
983	0.520429	-8008.26
984	0.520429	-7999.22
985	0.520429	-7996.78
986	0.520429	-8006.31
987	0.520429	-7996.56
988	0.520429	-7986.49
989	0.520429	-7993.43
990	0.520429	-7981.56
991	0.520429	-7983.72
992	0.520429	-7982.58
993	0.520429	-7986.93
994	0.520429	-7987.16
995	0.520429	-7975.32
996	0.520429	-7981.81
997	0.520429	-7979.54
998	0.520429	-7984.71
999	0.520429	-7979.81
1000	0.520429	-7976.76
