state	power	likelihood
251	1.16658e-302	-9844.13
252	1.16658e-302	-12202
253	1.16658e-302	-12403.1
254	1.16658e-302	-13253.5
255	1.16658e-302	-12131.8
256	1.16658e-302	-13388
257	1.16658e-302	-11716
258	1.16658e-302	-12688.9
259	1.16658e-302	-11622
260	1.16658e-302	-11253.5
261	1.16658e-302	-12590.5
262	1.16658e-302	-12314.2
263	1.16658e-302	-11830.5
264	1.16658e-302	-13971.2
265	1.16658e-302	-12005.8
266	1.16658e-302	-14487.1
267	1.16658e-302	-12465.5
268	1.16658e-302	-13101
269	1.16658e-302	-14861.5
270	1.16658e-302	-12628.6
271	1.16658e-302	-16831.1
272	1.16658e-302	-14191.7
273	1.16658e-302	-12541.1
274	1.16658e-302	-13495.2
275	1.16658e-302	-12120.3
276	1.16658e-302	-11554.7
277	1.16658e-302	-12128.9
278	1.16658e-302	-11617.8
279	1.16658e-302	-11901
280	1.16658e-302	-12610
281	1.16658e-302	-10622.8
282	1.16658e-302	-10081.9
283	1.16658e-302	-10708.2
284	1.16658e-302	-13660.4
285	1.16658e-302	-17214.4
286	1.16658e-302	-15460.8
287	1.16658e-302	-15355.1
288	1.16658e-302	-12022.8
289	1.16658e-302	-12364.3
290	1.16658e-302	-10263.6
291	1.16658e-302	-9968.09
292	1.16658e-302	-11564
293	1.16658e-302	-11534.6
294	1.16658e-302	-11899.2
295	1.16658e-302	-10840.3
296	1.16658e-302	-10632.6
297	1.16658e-302	-12117.8
298	1.16658e-302	-11864.5
299	1.16658e-302	-10374.3
300	1.16658e-302	-11933.8
301	1.16658e-302	-11803.8
302	1.16658e-302	-11758.1
303	1.16658e-302	-11929.8
304	1.16658e-302	-13638.5
305	1.16658e-302	-11571
306	1.16658e-302	-12475.2
307	1.16658e-302	-12771.8
308	1.16658e-302	-15010.2
309	1.16658e-302	-14575.6
310	1.16658e-302	-11715.1
311	1.16658e-302	-15118.4
312	1.16658e-302	-15673.1
313	1.16658e-302	-14655.3
314	1.16658e-302	-12147.6
315	1.16658e-302	-11922.5
316	1.16658e-302	-11059.5
317	1.16658e-302	-10590.3
318	1.16658e-302	-10816.7
319	1.16658e-302	-13329.3
320	1.16658e-302	-13215.3
321	1.16658e-302	-10536.7
322	1.16658e-302	-12509.3
323	1.16658e-302	-15011.2
324	1.16658e-302	-13758.6
325	1.16658e-302	-14376.3
326	1.16658e-302	-10249.8
327	1.16658e-302	-11176.8
328	1.16658e-302	-12168.8
329	1.16658e-302	-11051.4
330	1.16658e-302	-11450.1
331	1.16658e-302	-12487.7
332	1.16658e-302	-11397.4
333	1.16658e-302	-12604.3
334	1.16658e-302	-12031.8
335	1.16658e-302	-12833.6
336	1.16658e-302	-13137.7
337	1.16658e-302	-12717.9
338	1.16658e-302	-13417.2
339	1.16658e-302	-10925
340	1.16658e-302	-13537.2
341	1.16658e-302	-11394.1
342	1.16658e-302	-11181.4
343	1.16658e-302	-11630
344	1.16658e-302	-14342.5
345	1.16658e-302	-13205.8
346	1.16658e-302	-13374
347	1.16658e-302	-10777.3
348	1.16658e-302	-10494.5
349	1.16658e-302	-10057.3
350	1.16658e-302	-11785.1
351	1.16658e-302	-11188.8
352	1.16658e-302	-11268.9
353	1.16658e-302	-14379.7
354	1.16658e-302	-15384.3
355	1.16658e-302	-11482.5
356	1.16658e-302	-12270.5
357	1.16658e-302	-11544
358	1.16658e-302	-10230.1
359	1.16658e-302	-14492.2
360	1.16658e-302	-13924.6
361	1.16658e-302	-13282.5
362	1.16658e-302	-12453.5
363	1.16658e-302	-13023.6
364	1.16658e-302	-11309
365	1.16658e-302	-11648.6
366	1.16658e-302	-10235.3
367	1.16658e-302	-12550.1
368	1.16658e-302	-12760.3
369	1.16658e-302	-13701.1
370	1.16658e-302	-12244.8
371	1.16658e-302	-13073.8
372	1.16658e-302	-12257.9
373	1.16658e-302	-10445.9
374	1.16658e-302	-12080.8
375	1.16658e-302	-14039.2
376	1.16658e-302	-14485.1
377	1.16658e-302	-12267.8
378	1.16658e-302	-11072.5
379	1.16658e-302	-10363.7
380	1.16658e-302	-11991.2
381	1.16658e-302	-11643.4
382	1.16658e-302	-13340
383	1.16658e-302	-13442.1
384	1.16658e-302	-12053.9
385	1.16658e-302	-12360.9
386	1.16658e-302	-11925
387	1.16658e-302	-10138.6
388	1.16658e-302	-11891.1
389	1.16658e-302	-11650.7
390	1.16658e-302	-10321.5
391	1.16658e-302	-9957.64
392	1.16658e-302	-10424.3
393	1.16658e-302	-11324.6
394	1.16658e-302	-10347.3
395	1.16658e-302	-12558.3
396	1.16658e-302	-12988.7
397	1.16658e-302	-15689
398	1.16658e-302	-12439.2
399	1.16658e-302	-11636
400	1.16658e-302	-12888.5
401	1.16658e-302	-11766
402	1.16658e-302	-11171.1
403	1.16658e-302	-12894.4
404	1.16658e-302	-11844.3
405	1.16658e-302	-12487.9
406	1.16658e-302	-11813.6
407	1.16658e-302	-13417.4
408	1.16658e-302	-12493.8
409	1.16658e-302	-14617.6
410	1.16658e-302	-12972.7
411	1.16658e-302	-11872.5
412	1.16658e-302	-10243.2
413	1.16658e-302	-11768.8
414	1.16658e-302	-11758.2
415	1.16658e-302	-11523.7
416	1.16658e-302	-12336.6
417	1.16658e-302	-13003.9
418	1.16658e-302	-18845.2
419	1.16658e-302	-15739.6
420	1.16658e-302	-15232.8
421	1.16658e-302	-15119.1
422	1.16658e-302	-14140.2
423	1.16658e-302	-11620.7
424	1.16658e-302	-12318.6
425	1.16658e-302	-10614.2
426	1.16658e-302	-10595.3
427	1.16658e-302	-13639.1
428	1.16658e-302	-12064.6
429	1.16658e-302	-13376.9
430	1.16658e-302	-12193.5
431	1.16658e-302	-12942.5
432	1.16658e-302	-12906.2
433	1.16658e-302	-12768.4
434	1.16658e-302	-9912.62
435	1.16658e-302	-11142.8
436	1.16658e-302	-11392.4
437	1.16658e-302	-11745.2
438	1.16658e-302	-12251.7
439	1.16658e-302	-12325.5
440	1.16658e-302	-14720.2
441	1.16658e-302	-15161.5
442	1.16658e-302	-16477.2
443	1.16658e-302	-12386.5
444	1.16658e-302	-13373.5
445	1.16658e-302	-11627.5
446	1.16658e-302	-11526.4
447	1.16658e-302	-19301.4
448	1.16658e-302	-11789.4
449	1.16658e-302	-14239.4
450	1.16658e-302	-17906.7
451	1.16658e-302	-19158.2
452	1.16658e-302	-22541.5
453	1.16658e-302	-18471.9
454	1.16658e-302	-18451.8
455	1.16658e-302	-16879.3
456	1.16658e-302	-18956.1
457	1.16658e-302	-11676.2
458	1.16658e-302	-12722.6
459	1.16658e-302	-13028.9
460	1.16658e-302	-12387.5
461	1.16658e-302	-12671.9
462	1.16658e-302	-12484.8
463	1.16658e-302	-14499
464	1.16658e-302	-12533
465	1.16658e-302	-13023.2
466	1.16658e-302	-13497.8
467	1.16658e-302	-12072.7
468	1.16658e-302	-15746.6
469	1.16658e-302	-15219.2
470	1.16658e-302	-12604
471	1.16658e-302	-15209.6
472	1.16658e-302	-13952.8
473	1.16658e-302	-16181.6
474	1.16658e-302	-16150.3
475	1.16658e-302	-11262.3
476	1.16658e-302	-11753.7
477	1.16658e-302	-9574.65
478	1.16658e-302	-10848.9
479	1.16658e-302	-12315.7
480	1.16658e-302	-12075.3
481	1.16658e-302	-11519.4
482	1.16658e-302	-10615.3
483	1.16658e-302	-13220.9
484	1.16658e-302	-12288
485	1.16658e-302	-11533.2
486	1.16658e-302	-11019.3
487	1.16658e-302	-11272.1
488	1.16658e-302	-10613.1
489	1.16658e-302	-12811.2
490	1.16658e-302	-11765.8
491	1.16658e-302	-13574.7
492	1.16658e-302	-15821.4
493	1.16658e-302	-13384.7
494	1.16658e-302	-14657
495	1.16658e-302	-13710.6
496	1.16658e-302	-11551.7
497	1.16658e-302	-11171.6
498	1.16658e-302	-13538.8
499	1.16658e-302	-12904
500	1.16658e-302	-12979.3
501	1.16658e-302	-11374
502	1.16658e-302	-13203.4
503	1.16658e-302	-14902.1
504	1.16658e-302	-13584.2
505	1.16658e-302	-11597
506	1.16658e-302	-11922.8
507	1.16658e-302	-11311.1
508	1.16658e-302	-11210.4
509	1.16658e-302	-11560.1
510	1.16658e-302	-10845.7
511	1.16658e-302	-12520.2
512	1.16658e-302	-11543.1
513	1.16658e-302	-10896.3
514	1.16658e-302	-12706.2
515	1.16658e-302	-11470.5
516	1.16658e-302	-13006.5
517	1.16658e-302	-12722.9
518	1.16658e-302	-13950.3
519	1.16658e-302	-13089.5
520	1.16658e-302	-15278.6
521	1.16658e-302	-11597.2
522	1.16658e-302	-11158.7
523	1.16658e-302	-11648.2
524	1.16658e-302	-10567.7
525	1.16658e-302	-10443.6
526	1.16658e-302	-11105.5
527	1.16658e-302	-10421.2
528	1.16658e-302	-14574.1
529	1.16658e-302	-18024.7
530	1.16658e-302	-17701.9
531	1.16658e-302	-12424.9
532	1.16658e-302	-11633.5
533	1.16658e-302	-11666.3
534	1.16658e-302	-11182.5
535	1.16658e-302	-10991.8
536	1.16658e-302	-11468.9
537	1.16658e-302	-11845.8
538	1.16658e-302	-10798.5
539	1.16658e-302	-15536.4
540	1.16658e-302	-11906.4
541	1.16658e-302	-11617.2
542	1.16658e-302	-10215.6
543	1.16658e-302	-11013.5
544	1.16658e-302	-11101.8
545	1.16658e-302	-11960.7
546	1.16658e-302	-11748.2
547	1.16658e-302	-13376.2
548	1.16658e-302	-11637.5
549	1.16658e-302	-11291
550	1.16658e-302	-13000
551	1.16658e-302	-12076.4
552	1.16658e-302	-14090.2
553	1.16658e-302	-15739.5
554	1.16658e-302	-11953
555	1.16658e-302	-13942.7
556	1.16658e-302	-12339.4
557	1.16658e-302	-11737.1
558	1.16658e-302	-10666.5
559	1.16658e-302	-13084
560	1.16658e-302	-17032.7
561	1.16658e-302	-13221.1
562	1.16658e-302	-11545.5
563	1.16658e-302	-12624.5
564	1.16658e-302	-11853.8
565	1.16658e-302	-12152.7
566	1.16658e-302	-12869.1
567	1.16658e-302	-13144.9
568	1.16658e-302	-11175
569	1.16658e-302	-12853
570	1.16658e-302	-11260
571	1.16658e-302	-13504.3
572	1.16658e-302	-12511.1
573	1.16658e-302	-11623.1
574	1.16658e-302	-10321.5
575	1.16658e-302	-11437.6
576	1.16658e-302	-14146.8
577	1.16658e-302	-13234.2
578	1.16658e-302	-9596.6
579	1.16658e-302	-11383.1
580	1.16658e-302	-11881.3
581	1.16658e-302	-12462.5
582	1.16658e-302	-12593
583	1.16658e-302	-12357
584	1.16658e-302	-12687.3
585	1.16658e-302	-13274.8
586	1.16658e-302	-13275.3
587	1.16658e-302	-14158.5
588	1.16658e-302	-11066.8
589	1.16658e-302	-12284.5
590	1.16658e-302	-11719.3
591	1.16658e-302	-13774.3
592	1.16658e-302	-14933.4
593	1.16658e-302	-14793.4
594	1.16658e-302	-16228.4
595	1.16658e-302	-13141.4
596	1.16658e-302	-10912.9
597	1.16658e-302	-10088.2
598	1.16658e-302	-11118.2
599	1.16658e-302	-11487.8
600	1.16658e-302	-10440.9
601	1.16658e-302	-12437.4
602	1.16658e-302	-12026.9
603	1.16658e-302	-14089
604	1.16658e-302	-14168.5
605	1.16658e-302	-16544.6
606	1.16658e-302	-16296.8
607	1.16658e-302	-14046.1
608	1.16658e-302	-13850.3
609	1.16658e-302	-13775.8
610	1.16658e-302	-14719.2
611	1.16658e-302	-11764.4
612	1.16658e-302	-11335.7
613	1.16658e-302	-12759.2
614	1.16658e-302	-17367.8
615	1.16658e-302	-13558.3
616	1.16658e-302	-14142.6
617	1.16658e-302	-13133.4
618	1.16658e-302	-12928.5
619	1.16658e-302	-15694.1
620	1.16658e-302	-14564.4
621	1.16658e-302	-15599.9
622	1.16658e-302	-18373.5
623	1.16658e-302	-12270.7
624	1.16658e-302	-12001.2
625	1.16658e-302	-12291
626	1.16658e-302	-12772.9
627	1.16658e-302	-11110.8
628	1.16658e-302	-12062.8
629	1.16658e-302	-12820.3
630	1.16658e-302	-14809.6
631	1.16658e-302	-15024.9
632	1.16658e-302	-12776.9
633	1.16658e-302	-11980.9
634	1.16658e-302	-12272.1
635	1.16658e-302	-12797.1
636	1.16658e-302	-13208
637	1.16658e-302	-15207.1
638	1.16658e-302	-13759.6
639	1.16658e-302	-10450.1
640	1.16658e-302	-10644.4
641	1.16658e-302	-13368
642	1.16658e-302	-13925.3
643	1.16658e-302	-14370.8
644	1.16658e-302	-14688.9
645	1.16658e-302	-13155.7
646	1.16658e-302	-12695.7
647	1.16658e-302	-11957.3
648	1.16658e-302	-13333.8
649	1.16658e-302	-12455.6
650	1.16658e-302	-10280.6
651	1.16658e-302	-11671.2
652	1.16658e-302	-11398
653	1.16658e-302	-16166.2
654	1.16658e-302	-13180.9
655	1.16658e-302	-11372.7
656	1.16658e-302	-13167.5
657	1.16658e-302	-15173.8
658	1.16658e-302	-11675.5
659	1.16658e-302	-11815.1
660	1.16658e-302	-11332.5
661	1.16658e-302	-11409.3
662	1.16658e-302	-10947.6
663	1.16658e-302	-11151.6
664	1.16658e-302	-11396.8
665	1.16658e-302	-16457.3
666	1.16658e-302	-16272.7
667	1.16658e-302	-16084
668	1.16658e-302	-12215.8
669	1.16658e-302	-10662.2
670	1.16658e-302	-11518.9
671	1.16658e-302	-14340.7
672	1.16658e-302	-12846.7
673	1.16658e-302	-13604.4
674	1.16658e-302	-13737.7
675	1.16658e-302	-14396.2
676	1.16658e-302	-13802.4
677	1.16658e-302	-15446.3
678	1.16658e-302	-17131.6
679	1.16658e-302	-17365.8
680	1.16658e-302	-15605.3
681	1.16658e-302	-14158.4
682	1.16658e-302	-13116.1
683	1.16658e-302	-12721.4
684	1.16658e-302	-10874.1
685	1.16658e-302	-10155
686	1.16658e-302	-12118.5
687	1.16658e-302	-16104.3
688	1.16658e-302	-13398.9
689	1.16658e-302	-11419.4
690	1.16658e-302	-14480.8
691	1.16658e-302	-14843.3
692	1.16658e-302	-12569.8
693	1.16658e-302	-17896
694	1.16658e-302	-16407.8
695	1.16658e-302	-17662.8
696	1.16658e-302	-18280.8
697	1.16658e-302	-16186.6
698	1.16658e-302	-21195.2
699	1.16658e-302	-18982.1
700	1.16658e-302	-18268.1
701	1.16658e-302	-18230
702	1.16658e-302	-12600.6
703	1.16658e-302	-11922
704	1.16658e-302	-11184.8
705	1.16658e-302	-12268.3
706	1.16658e-302	-11842
707	1.16658e-302	-14878.3
708	1.16658e-302	-14756.6
709	1.16658e-302	-15760.7
710	1.16658e-302	-14327.4
711	1.16658e-302	-14996
712	1.16658e-302	-11893.3
713	1.16658e-302	-12334.8
714	1.16658e-302	-11682.7
715	1.16658e-302	-13529.2
716	1.16658e-302	-14082.9
717	1.16658e-302	-12162.3
718	1.16658e-302	-12532.7
719	1.16658e-302	-11557.1
720	1.16658e-302	-10784.8
721	1.16658e-302	-11604.7
722	1.16658e-302	-11151.9
723	1.16658e-302	-11370.2
724	1.16658e-302	-11901.6
725	1.16658e-302	-12915.9
726	1.16658e-302	-11610.6
727	1.16658e-302	-11119.8
728	1.16658e-302	-10602.2
729	1.16658e-302	-14352.4
730	1.16658e-302	-13539.1
731	1.16658e-302	-10674.1
732	1.16658e-302	-13581.6
733	1.16658e-302	-13459.6
734	1.16658e-302	-14010.4
735	1.16658e-302	-11023.8
736	1.16658e-302	-12384.2
737	1.16658e-302	-14390.3
738	1.16658e-302	-13780.7
739	1.16658e-302	-11940
740	1.16658e-302	-12247.4
741	1.16658e-302	-11109.7
742	1.16658e-302	-10654.3
743	1.16658e-302	-11425.4
744	1.16658e-302	-11624.7
745	1.16658e-302	-12842.6
746	1.16658e-302	-13430.2
747	1.16658e-302	-12774.5
748	1.16658e-302	-11690.4
749	1.16658e-302	-11985.1
750	1.16658e-302	-16739.4
751	1.16658e-302	-16092.7
752	1.16658e-302	-16570.7
753	1.16658e-302	-17206.1
754	1.16658e-302	-18898.7
755	1.16658e-302	-16214.5
756	1.16658e-302	-17185.9
757	1.16658e-302	-20152
758	1.16658e-302	-13227
759	1.16658e-302	-13953.6
760	1.16658e-302	-13462.1
761	1.16658e-302	-13402.7
762	1.16658e-302	-10838.1
763	1.16658e-302	-10529.2
764	1.16658e-302	-12219
765	1.16658e-302	-10817.2
766	1.16658e-302	-13158.2
767	1.16658e-302	-15716.6
768	1.16658e-302	-13624.3
769	1.16658e-302	-13672.3
770	1.16658e-302	-11083.7
771	1.16658e-302	-11739.5
772	1.16658e-302	-13062.8
773	1.16658e-302	-12888.7
774	1.16658e-302	-11955.7
775	1.16658e-302	-10775.4
776	1.16658e-302	-12460.5
777	1.16658e-302	-10456.1
778	1.16658e-302	-11425.8
779	1.16658e-302	-11028
780	1.16658e-302	-15584.1
781	1.16658e-302	-13985.1
782	1.16658e-302	-14936.9
783	1.16658e-302	-16124.5
784	1.16658e-302	-16090.2
785	1.16658e-302	-14007.7
786	1.16658e-302	-11900.7
787	1.16658e-302	-13078.4
788	1.16658e-302	-12457.2
789	1.16658e-302	-12029.2
790	1.16658e-302	-12183.1
791	1.16658e-302	-11981.3
792	1.16658e-302	-12661
793	1.16658e-302	-12940.4
794	1.16658e-302	-14554.6
795	1.16658e-302	-13471.2
796	1.16658e-302	-12577.1
797	1.16658e-302	-12218.8
798	1.16658e-302	-13508.2
799	1.16658e-302	-15243.5
800	1.16658e-302	-20420.6
801	1.16658e-302	-13999.6
802	1.16658e-302	-13304.8
803	1.16658e-302	-11299.2
804	1.16658e-302	-11598.5
805	1.16658e-302	-11302.1
806	1.16658e-302	-10059.6
807	1.16658e-302	-13612
808	1.16658e-302	-12821.6
809	1.16658e-302	-16855.2
810	1.16658e-302	-11557.8
811	1.16658e-302	-12256.6
812	1.16658e-302	-11172.1
813	1.16658e-302	-11651.7
814	1.16658e-302	-11757.9
815	1.16658e-302	-12082.5
816	1.16658e-302	-11531.1
817	1.16658e-302	-11600.1
818	1.16658e-302	-12817
819	1.16658e-302	-10456.5
820	1.16658e-302	-12555
821	1.16658e-302	-14597.1
822	1.16658e-302	-16295.2
823	1.16658e-302	-13858.3
824	1.16658e-302	-12919.5
825	1.16658e-302	-12189.5
826	1.16658e-302	-11082
827	1.16658e-302	-13498.5
828	1.16658e-302	-16763.6
829	1.16658e-302	-16460.7
830	1.16658e-302	-12486.1
831	1.16658e-302	-13073.8
832	1.16658e-302	-12844.2
833	1.16658e-302	-12536.7
834	1.16658e-302	-15483.2
835	1.16658e-302	-14943.2
836	1.16658e-302	-11343
837	1.16658e-302	-10748.5
838	1.16658e-302	-12864.3
839	1.16658e-302	-12761.8
840	1.16658e-302	-12276.3
841	1.16658e-302	-12053.3
842	1.16658e-302	-11403.6
843	1.16658e-302	-11743.5
844	1.16658e-302	-11053
845	1.16658e-302	-12200
846	1.16658e-302	-11961.5
847	1.16658e-302	-11028.7
848	1.16658e-302	-12877
849	1.16658e-302	-13731.8
850	1.16658e-302	-12671.7
851	1.16658e-302	-10975.3
852	1.16658e-302	-11544
853	1.16658e-302	-11662.5
854	1.16658e-302	-11279
855	1.16658e-302	-12463.7
856	1.16658e-302	-10922.9
857	1.16658e-302	-14607.4
858	1.16658e-302	-13218.8
859	1.16658e-302	-13553.1
860	1.16658e-302	-11283
861	1.16658e-302	-10047.7
862	1.16658e-302	-11127.3
863	1.16658e-302	-11210.2
864	1.16658e-302	-12179.9
865	1.16658e-302	-14790.5
866	1.16658e-302	-11857.2
867	1.16658e-302	-13595.7
868	1.16658e-302	-12154.9
869	1.16658e-302	-12980.3
870	1.16658e-302	-13451.4
871	1.16658e-302	-13933.5
872	1.16658e-302	-13975.4
873	1.16658e-302	-14876.3
874	1.16658e-302	-13373.8
875	1.16658e-302	-17847.7
876	1.16658e-302	-19677.4
877	1.16658e-302	-16123.2
878	1.16658e-302	-17605.2
879	1.16658e-302	-13053.7
880	1.16658e-302	-14481
881	1.16658e-302	-16429.1
882	1.16658e-302	-12857.8
883	1.16658e-302	-13203.8
884	1.16658e-302	-14205.4
885	1.16658e-302	-13472.6
886	1.16658e-302	-12618.3
887	1.16658e-302	-12367.6
888	1.16658e-302	-13409.2
889	1.16658e-302	-10870.6
890	1.16658e-302	-13175.4
891	1.16658e-302	-14858.4
892	1.16658e-302	-11038.2
893	1.16658e-302	-11511.2
894	1.16658e-302	-11721.7
895	1.16658e-302	-10340.3
896	1.16658e-302	-11213.9
897	1.16658e-302	-13774.2
898	1.16658e-302	-12638.2
899	1.16658e-302	-11217.1
900	1.16658e-302	-11508.5
901	1.16658e-302	-10338.8
902	1.16658e-302	-11338.1
903	1.16658e-302	-11008.5
904	1.16658e-302	-9576.76
905	1.16658e-302	-13160.2
906	1.16658e-302	-12721.4
907	1.16658e-302	-14133
908	1.16658e-302	-12086.5
909	1.16658e-302	-11901.5
910	1.16658e-302	-12956.4
911	1.16658e-302	-12004.2
912	1.16658e-302	-11161.5
913	1.16658e-302	-11916.7
914	1.16658e-302	-12249.8
915	1.16658e-302	-10865.4
916	1.16658e-302	-13218.1
917	1.16658e-302	-12493
918	1.16658e-302	-14430.1
919	1.16658e-302	-13413.4
920	1.16658e-302	-12743.7
921	1.16658e-302	-13172.8
922	1.16658e-302	-10512.4
923	1.16658e-302	-11805.1
924	1.16658e-302	-13029.4
925	1.16658e-302	-13502.6
926	1.16658e-302	-11161.8
927	1.16658e-302	-11825.5
928	1.16658e-302	-12327.5
929	1.16658e-302	-13662.9
930	1.16658e-302	-16138.6
931	1.16658e-302	-17228.1
932	1.16658e-302	-16419.1
933	1.16658e-302	-15628.5
934	1.16658e-302	-13168.2
935	1.16658e-302	-13814.3
936	1.16658e-302	-14046.1
937	1.16658e-302	-12498.4
938	1.16658e-302	-16899.2
939	1.16658e-302	-14917.1
940	1.16658e-302	-12395.5
941	1.16658e-302	-12136.6
942	1.16658e-302	-11741.3
943	1.16658e-302	-11668.6
944	1.16658e-302	-12765
945	1.16658e-302	-14187.6
946	1.16658e-302	-13444.8
947	1.16658e-302	-11378
948	1.16658e-302	-11027.5
949	1.16658e-302	-12786.1
950	1.16658e-302	-19774.4
951	1.16658e-302	-12680.3
952	1.16658e-302	-11729.2
953	1.16658e-302	-11012
954	1.16658e-302	-13099.5
955	1.16658e-302	-11805.5
956	1.16658e-302	-12175.2
957	1.16658e-302	-13182.7
958	1.16658e-302	-12516.3
959	1.16658e-302	-13184.2
960	1.16658e-302	-11779.1
961	1.16658e-302	-11801.2
962	1.16658e-302	-11134.5
963	1.16658e-302	-10598.1
964	1.16658e-302	-14792.3
965	1.16658e-302	-16618.4
966	1.16658e-302	-14582.2
967	1.16658e-302	-12747.1
968	1.16658e-302	-14142.5
969	1.16658e-302	-11218.9
970	1.16658e-302	-12731
971	1.16658e-302	-13056.7
972	1.16658e-302	-13700.5
973	1.16658e-302	-14031.4
974	1.16658e-302	-13080.3
975	1.16658e-302	-13184
976	1.16658e-302	-13182.3
977	1.16658e-302	-12668.1
978	1.16658e-302	-12883.6
979	1.16658e-302	-12805.3
980	1.16658e-302	-14292.1
981	1.16658e-302	-13744.3
982	1.16658e-302	-11824.7
983	1.16658e-302	-11300.3
984	1.16658e-302	-13135.4
985	1.16658e-302	-13588.2
986	1.16658e-302	-12329.7
987	1.16658e-302	-10272.3
988	1.16658e-302	-11832.9
989	1.16658e-302	-13756.8
990	1.16658e-302	-13819.6
991	1.16658e-302	-15321.4
992	1.16658e-302	-14121.4
993	1.16658e-302	-17454.6
994	1.16658e-302	-15004.9
995	1.16658e-302	-13948
996	1.16658e-302	-11959.3
997	1.16658e-302	-12219.3
998	1.16658e-302	-12613.1
999	1.16658e-302	-13879.4
1000	1.16658e-302	-15880.2
