state	power	likelihood
251	0.0726122	-8235.09
252	0.0726122	-8214.74
253	0.0726122	-8190.65
254	0.0726122	-8174.79
255	0.0726122	-8227.86
256	0.0726122	-8207.54
257	0.0726122	-8271.89
258	0.0726122	-8247.97
259	0.0726122	-8269.42
260	0.0726122	-8220.92
261	0.0726122	-8174.25
262	0.0726122	-8252.32
263	0.0726122	-8238.68
264	0.0726122	-8232.15
265	0.0726122	-8283.1
266	0.0726122	-8231.4
267	0.0726122	-8222
268	0.0726122	-8254.99
269	0.0726122	-8233.65
270	0.0726122	-8151.81
271	0.0726122	-8177.48
272	0.0726122	-8174.1
273	0.0726122	-8162.6
274	0.0726122	-8203.4
275	0.0726122	-8192.34
276	0.0726122	-8156.73
277	0.0726122	-8175.87
278	0.0726122	-8138.42
279	0.0726122	-8181.81
280	0.0726122	-8181.19
281	0.0726122	-8270.2
282	0.0726122	-8254.42
283	0.0726122	-8180.24
284	0.0726122	-8230.99
285	0.0726122	-8204.8
286	0.0726122	-8204.46
287	0.0726122	-8160.5
288	0.0726122	-8235.71
289	0.0726122	-8206.83
290	0.0726122	-8252.35
291	0.0726122	-8129.72
292	0.0726122	-8090.82
293	0.0726122	-8168.06
294	0.0726122	-8161.94
295	0.0726122	-8182.75
296	0.0726122	-8146.83
297	0.0726122	-8137.05
298	0.0726122	-8162.88
299	0.0726122	-8120.86
300	0.0726122	-8195.69
301	0.0726122	-8159.25
302	0.0726122	-8097.86
303	0.0726122	-8173.77
304	0.0726122	-8128.21
305	0.0726122	-8154.18
306	0.0726122	-8133.27
307	0.0726122	-8158.14
308	0.0726122	-8075.13
309	0.0726122	-8046.59
310	0.0726122	-8092.12
311	0.0726122	-8079.4
312	0.0726122	-8191.86
313	0.0726122	-8179.94
314	0.0726122	-8209.38
315	0.0726122	-8236.7
316	0.0726122	-8282.22
317	0.0726122	-8292.56
318	0.0726122	-8165.98
319	0.0726122	-8146.39
320	0.0726122	-8142.85
321	0.0726122	-8184.16
322	0.0726122	-8219.75
323	0.0726122	-8210.75
324	0.0726122	-8218.53
325	0.0726122	-8211.97
326	0.0726122	-8158.39
327	0.0726122	-8093.63
328	0.0726122	-8199.41
329	0.0726122	-8194.74
330	0.0726122	-8140.56
331	0.0726122	-8139.2
332	0.0726122	-8210.21
333	0.0726122	-8114.17
334	0.0726122	-8205.35
335	0.0726122	-8176.78
336	0.0726122	-8220.31
337	0.0726122	-8265.1
338	0.0726122	-8129.11
339	0.0726122	-8248.56
340	0.0726122	-8287
341	0.0726122	-8238.8
342	0.0726122	-8272.89
343	0.0726122	-8231.53
344	0.0726122	-8268.56
345	0.0726122	-8206.6
346	0.0726122	-8174.92
347	0.0726122	-8166.19
348	0.0726122	-8206.79
349	0.0726122	-8221.11
350	0.0726122	-8174.06
351	0.0726122	-8138.27
352	0.0726122	-8152.59
353	0.0726122	-8179.33
354	0.0726122	-8204.11
355	0.0726122	-8222.18
356	0.0726122	-8219.55
357	0.0726122	-8317.09
358	0.0726122	-8315.26
359	0.0726122	-8243.52
360	0.0726122	-8293.09
361	0.0726122	-8273.53
362	0.0726122	-8241.63
363	0.0726122	-8195
364	0.0726122	-8132.34
365	0.0726122	-8145.44
366	0.0726122	-8258.09
367	0.0726122	-8276.44
368	0.0726122	-8177.08
369	0.0726122	-8231.02
370	0.0726122	-8186.97
371	0.0726122	-8209.41
372	0.0726122	-8217.9
373	0.0726122	-8220.45
374	0.0726122	-8326
375	0.0726122	-8257.26
376	0.0726122	-8337.17
377	0.0726122	-8275.55
378	0.0726122	-8232.35
379	0.0726122	-8194.98
380	0.0726122	-8219.58
381	0.0726122	-8199.01
382	0.0726122	-8147.91
383	0.0726122	-8181.36
384	0.0726122	-8251.03
385	0.0726122	-8224.52
386	0.0726122	-8230.74
387	0.0726122	-8240.42
388	0.0726122	-8214.56
389	0.0726122	-8187.62
390	0.0726122	-8162.6
391	0.0726122	-8176.8
392	0.0726122	-8153.88
393	0.0726122	-8162.74
394	0.0726122	-8145.25
395	0.0726122	-8158.63
396	0.0726122	-8261.99
397	0.0726122	-8235.71
398	0.0726122	-8135.07
399	0.0726122	-8156.36
400	0.0726122	-8173.82
401	0.0726122	-8204.99
402	0.0726122	-8279.6
403	0.0726122	-8258.99
404	0.0726122	-8296.51
405	0.0726122	-8302.75
406	0.0726122	-8242.07
407	0.0726122	-8315.25
408	0.0726122	-8260.7
409	0.0726122	-8237.25
410	0.0726122	-8188.01
411	0.0726122	-8205.16
412	0.0726122	-8176.23
413	0.0726122	-8280.33
414	0.0726122	-8124.37
415	0.0726122	-8190.27
416	0.0726122	-8241.96
417	0.0726122	-8163.83
418	0.0726122	-8174.8
419	0.0726122	-8173.72
420	0.0726122	-8132
421	0.0726122	-8170.99
422	0.0726122	-8092.89
423	0.0726122	-8153.14
424	0.0726122	-8186.52
425	0.0726122	-8280.07
426	0.0726122	-8196.61
427	0.0726122	-8242.7
428	0.0726122	-8317.74
429	0.0726122	-8228.5
430	0.0726122	-8186.63
431	0.0726122	-8136.11
432	0.0726122	-8127.15
433	0.0726122	-8114.24
434	0.0726122	-8129.96
435	0.0726122	-8205.18
436	0.0726122	-8187.48
437	0.0726122	-8140.15
438	0.0726122	-8170.59
439	0.0726122	-8196.46
440	0.0726122	-8148.71
441	0.0726122	-8162.03
442	0.0726122	-8152.65
443	0.0726122	-8125.51
444	0.0726122	-8218.54
445	0.0726122	-8234.21
446	0.0726122	-8291.65
447	0.0726122	-8237.98
448	0.0726122	-8162.56
449	0.0726122	-8168.87
450	0.0726122	-8198.97
451	0.0726122	-8182.59
452	0.0726122	-8217.79
453	0.0726122	-8261.03
454	0.0726122	-8199.12
455	0.0726122	-8230.96
456	0.0726122	-8270.01
457	0.0726122	-8236.4
458	0.0726122	-8170.15
459	0.0726122	-8114.08
460	0.0726122	-8029.22
461	0.0726122	-8180.04
462	0.0726122	-8138
463	0.0726122	-8154.19
464	0.0726122	-8201.87
465	0.0726122	-8164.67
466	0.0726122	-8129.85
467	0.0726122	-8195.64
468	0.0726122	-8301.42
469	0.0726122	-8254.35
470	0.0726122	-8220.06
471	0.0726122	-8203.64
472	0.0726122	-8268.88
473	0.0726122	-8239.94
474	0.0726122	-8235.58
475	0.0726122	-8193.68
476	0.0726122	-8210.96
477	0.0726122	-8193.2
478	0.0726122	-8165.43
479	0.0726122	-8119.65
480	0.0726122	-8112.02
481	0.0726122	-8179.01
482	0.0726122	-8189.6
483	0.0726122	-8163.83
484	0.0726122	-8232.09
485	0.0726122	-8178.25
486	0.0726122	-8205.62
487	0.0726122	-8151.54
488	0.0726122	-8165.64
489	0.0726122	-8181.88
490	0.0726122	-8181.58
491	0.0726122	-8182.65
492	0.0726122	-8177.17
493	0.0726122	-8124.05
494	0.0726122	-8158.54
495	0.0726122	-8144.09
496	0.0726122	-8193.79
497	0.0726122	-8217.7
498	0.0726122	-8249.42
499	0.0726122	-8127.03
500	0.0726122	-8179.73
501	0.0726122	-8211.27
502	0.0726122	-8184.56
503	0.0726122	-8229.1
504	0.0726122	-8289.86
505	0.0726122	-8150.92
506	0.0726122	-8113.82
507	0.0726122	-8146.93
508	0.0726122	-8191.87
509	0.0726122	-8121.77
510	0.0726122	-8119.71
511	0.0726122	-8140.67
512	0.0726122	-8238.88
513	0.0726122	-8214.18
514	0.0726122	-8195.73
515	0.0726122	-8199.64
516	0.0726122	-8199.19
517	0.0726122	-8189.62
518	0.0726122	-8139.95
519	0.0726122	-8128.38
520	0.0726122	-8131.57
521	0.0726122	-8148.07
522	0.0726122	-8143.65
523	0.0726122	-8150.76
524	0.0726122	-8183.47
525	0.0726122	-8203.97
526	0.0726122	-8251.96
527	0.0726122	-8202.21
528	0.0726122	-8115.15
529	0.0726122	-8151.51
530	0.0726122	-8178.22
531	0.0726122	-8109.34
532	0.0726122	-8090.81
533	0.0726122	-8160.95
534	0.0726122	-8178.06
535	0.0726122	-8178.63
536	0.0726122	-8176.23
537	0.0726122	-8204.83
538	0.0726122	-8270.36
539	0.0726122	-8296.51
540	0.0726122	-8147.62
541	0.0726122	-8206.37
542	0.0726122	-8227.2
543	0.0726122	-8150.26
544	0.0726122	-8153.57
545	0.0726122	-8183.67
546	0.0726122	-8145.59
547	0.0726122	-8177.16
548	0.0726122	-8236.78
549	0.0726122	-8183.44
550	0.0726122	-8267.13
551	0.0726122	-8265.4
552	0.0726122	-8274.27
553	0.0726122	-8289.99
554	0.0726122	-8219.32
555	0.0726122	-8178.8
556	0.0726122	-8260.42
557	0.0726122	-8220.93
558	0.0726122	-8231.05
559	0.0726122	-8185.98
560	0.0726122	-8223.23
561	0.0726122	-8165.37
562	0.0726122	-8191.83
563	0.0726122	-8133.7
564	0.0726122	-8202.19
565	0.0726122	-8207
566	0.0726122	-8319.88
567	0.0726122	-8189.62
568	0.0726122	-8257.34
569	0.0726122	-8229.03
570	0.0726122	-8122.12
571	0.0726122	-8082.4
572	0.0726122	-8150.52
573	0.0726122	-8169.81
574	0.0726122	-8179.41
575	0.0726122	-8130.75
576	0.0726122	-8197.64
577	0.0726122	-8126.87
578	0.0726122	-8081.63
579	0.0726122	-8136.74
580	0.0726122	-8148.5
581	0.0726122	-8128.07
582	0.0726122	-8080.68
583	0.0726122	-8120.57
584	0.0726122	-8165.01
585	0.0726122	-8330.75
586	0.0726122	-8251.19
587	0.0726122	-8182.82
588	0.0726122	-8200.91
589	0.0726122	-8290.7
590	0.0726122	-8290.1
591	0.0726122	-8156.35
592	0.0726122	-8167.36
593	0.0726122	-8331.86
594	0.0726122	-8201.16
595	0.0726122	-8223.45
596	0.0726122	-8266.69
597	0.0726122	-8177.1
598	0.0726122	-8200.63
599	0.0726122	-8186.43
600	0.0726122	-8235.06
601	0.0726122	-8198.34
602	0.0726122	-8193.07
603	0.0726122	-8239.44
604	0.0726122	-8246.44
605	0.0726122	-8159.14
606	0.0726122	-8160.52
607	0.0726122	-8152.97
608	0.0726122	-8198.58
609	0.0726122	-8250.35
610	0.0726122	-8162.9
611	0.0726122	-8203.57
612	0.0726122	-8326.22
613	0.0726122	-8242.13
614	0.0726122	-8194.73
615	0.0726122	-8248.95
616	0.0726122	-8235.25
617	0.0726122	-8140.98
618	0.0726122	-8190.62
619	0.0726122	-8210.23
620	0.0726122	-8238.48
621	0.0726122	-8266.65
622	0.0726122	-8306.88
623	0.0726122	-8158.33
624	0.0726122	-8220.71
625	0.0726122	-8233.86
626	0.0726122	-8260.7
627	0.0726122	-8252.24
628	0.0726122	-8211.88
629	0.0726122	-8197.86
630	0.0726122	-8238.46
631	0.0726122	-8277.29
632	0.0726122	-8223.65
633	0.0726122	-8259.2
634	0.0726122	-8191.27
635	0.0726122	-8171.29
636	0.0726122	-8179.06
637	0.0726122	-8173.33
638	0.0726122	-8174.39
639	0.0726122	-8198.77
640	0.0726122	-8202.34
641	0.0726122	-8199.35
642	0.0726122	-8203.13
643	0.0726122	-8179.19
644	0.0726122	-8229.84
645	0.0726122	-8203.69
646	0.0726122	-8302.35
647	0.0726122	-8203.58
648	0.0726122	-8243.08
649	0.0726122	-8124.42
650	0.0726122	-8124.9
651	0.0726122	-8196.95
652	0.0726122	-8206.12
653	0.0726122	-8174.48
654	0.0726122	-8243.28
655	0.0726122	-8194.89
656	0.0726122	-8243.21
657	0.0726122	-8180.82
658	0.0726122	-8095.23
659	0.0726122	-8173.25
660	0.0726122	-8186.39
661	0.0726122	-8131.59
662	0.0726122	-8145.54
663	0.0726122	-8170.4
664	0.0726122	-8200.22
665	0.0726122	-8198.45
666	0.0726122	-8166.89
667	0.0726122	-8212.84
668	0.0726122	-8187.7
669	0.0726122	-8191.54
670	0.0726122	-8237.77
671	0.0726122	-8211.39
672	0.0726122	-8194.93
673	0.0726122	-8176.14
674	0.0726122	-8114.47
675	0.0726122	-8151.51
676	0.0726122	-8222.99
677	0.0726122	-8246.13
678	0.0726122	-8172.81
679	0.0726122	-8180.42
680	0.0726122	-8250.79
681	0.0726122	-8256.49
682	0.0726122	-8195.64
683	0.0726122	-8292.75
684	0.0726122	-8125.06
685	0.0726122	-8127.46
686	0.0726122	-8209.41
687	0.0726122	-8201.17
688	0.0726122	-8189.04
689	0.0726122	-8256.65
690	0.0726122	-8255.75
691	0.0726122	-8166.79
692	0.0726122	-8207.47
693	0.0726122	-8110.95
694	0.0726122	-8136.91
695	0.0726122	-8176.32
696	0.0726122	-8158.19
697	0.0726122	-8156.52
698	0.0726122	-8177.63
699	0.0726122	-8205.97
700	0.0726122	-8249.54
701	0.0726122	-8213.33
702	0.0726122	-8221.66
703	0.0726122	-8208.87
704	0.0726122	-8279.35
705	0.0726122	-8290.93
706	0.0726122	-8252.69
707	0.0726122	-8175.57
708	0.0726122	-8146.19
709	0.0726122	-8131.15
710	0.0726122	-8113.55
711	0.0726122	-8175.55
712	0.0726122	-8177.01
713	0.0726122	-8137.47
714	0.0726122	-8160.19
715	0.0726122	-8190.96
716	0.0726122	-8217.82
717	0.0726122	-8227.27
718	0.0726122	-8266.44
719	0.0726122	-8150.86
720	0.0726122	-8177.79
721	0.0726122	-8199.35
722	0.0726122	-8200.4
723	0.0726122	-8113.68
724	0.0726122	-8095.04
725	0.0726122	-8167.7
726	0.0726122	-8162.25
727	0.0726122	-8168.59
728	0.0726122	-8105.25
729	0.0726122	-8116.58
730	0.0726122	-8175.47
731	0.0726122	-8182.63
732	0.0726122	-8249.92
733	0.0726122	-8192.03
734	0.0726122	-8190
735	0.0726122	-8135.17
736	0.0726122	-8167.88
737	0.0726122	-8207.62
738	0.0726122	-8132.35
739	0.0726122	-8135.44
740	0.0726122	-8186.24
741	0.0726122	-8220.08
742	0.0726122	-8166.9
743	0.0726122	-8179.57
744	0.0726122	-8165.39
745	0.0726122	-8164.04
746	0.0726122	-8155.11
747	0.0726122	-8154.45
748	0.0726122	-8140.13
749	0.0726122	-8140.67
750	0.0726122	-8223.45
751	0.0726122	-8191.87
752	0.0726122	-8200.37
753	0.0726122	-8210.03
754	0.0726122	-8188.09
755	0.0726122	-8178.47
756	0.0726122	-8181.63
757	0.0726122	-8234.76
758	0.0726122	-8185.37
759	0.0726122	-8115.56
760	0.0726122	-8131.64
761	0.0726122	-8113.9
762	0.0726122	-8186.9
763	0.0726122	-8176.35
764	0.0726122	-8183.26
765	0.0726122	-8148.62
766	0.0726122	-8208.49
767	0.0726122	-8213.06
768	0.0726122	-8150.2
769	0.0726122	-8147.52
770	0.0726122	-8175.82
771	0.0726122	-8186.19
772	0.0726122	-8258.18
773	0.0726122	-8268.68
774	0.0726122	-8203.86
775	0.0726122	-8147.51
776	0.0726122	-8214.34
777	0.0726122	-8193.19
778	0.0726122	-8300.81
779	0.0726122	-8282.19
780	0.0726122	-8182.11
781	0.0726122	-8233.5
782	0.0726122	-8170.65
783	0.0726122	-8170.04
784	0.0726122	-8145.07
785	0.0726122	-8150.55
786	0.0726122	-8115.64
787	0.0726122	-8158.35
788	0.0726122	-8109.23
789	0.0726122	-8115.5
790	0.0726122	-8144.17
791	0.0726122	-8205.65
792	0.0726122	-8197.62
793	0.0726122	-8173.5
794	0.0726122	-8195.55
795	0.0726122	-8214.21
796	0.0726122	-8181.67
797	0.0726122	-8172.61
798	0.0726122	-8150.56
799	0.0726122	-8224.86
800	0.0726122	-8148.17
801	0.0726122	-8170.05
802	0.0726122	-8180.24
803	0.0726122	-8319.16
804	0.0726122	-8218.24
805	0.0726122	-8292.49
806	0.0726122	-8233.41
807	0.0726122	-8200.69
808	0.0726122	-8235.3
809	0.0726122	-8245.96
810	0.0726122	-8161.01
811	0.0726122	-8256.21
812	0.0726122	-8392.75
813	0.0726122	-8222.81
814	0.0726122	-8225.67
815	0.0726122	-8191.31
816	0.0726122	-8158.09
817	0.0726122	-8159.29
818	0.0726122	-8133.3
819	0.0726122	-8184.18
820	0.0726122	-8168.43
821	0.0726122	-8169.3
822	0.0726122	-8194.6
823	0.0726122	-8157.58
824	0.0726122	-8176.22
825	0.0726122	-8244.7
826	0.0726122	-8210.63
827	0.0726122	-8170.63
828	0.0726122	-8221.06
829	0.0726122	-8169.84
830	0.0726122	-8162.46
831	0.0726122	-8175.24
832	0.0726122	-8127.54
833	0.0726122	-8100
834	0.0726122	-8138.07
835	0.0726122	-8137.07
836	0.0726122	-8199.96
837	0.0726122	-8229.26
838	0.0726122	-8277.4
839	0.0726122	-8271.67
840	0.0726122	-8185.78
841	0.0726122	-8307.32
842	0.0726122	-8217.43
843	0.0726122	-8226.51
844	0.0726122	-8186.31
845	0.0726122	-8170.37
846	0.0726122	-8134.41
847	0.0726122	-8162.71
848	0.0726122	-8092.5
849	0.0726122	-8140.97
850	0.0726122	-8100.54
851	0.0726122	-8213.92
852	0.0726122	-8157.39
853	0.0726122	-8168.64
854	0.0726122	-8157.8
855	0.0726122	-8108.53
856	0.0726122	-8193.6
857	0.0726122	-8145.35
858	0.0726122	-8207.13
859	0.0726122	-8174.66
860	0.0726122	-8082
861	0.0726122	-8132.63
862	0.0726122	-8220.6
863	0.0726122	-8161.35
864	0.0726122	-8206.2
865	0.0726122	-8189.36
866	0.0726122	-8185.12
867	0.0726122	-8224.34
868	0.0726122	-8264
869	0.0726122	-8287.23
870	0.0726122	-8153.21
871	0.0726122	-8216.99
872	0.0726122	-8181.94
873	0.0726122	-8213.51
874	0.0726122	-8211.68
875	0.0726122	-8247.15
876	0.0726122	-8212.68
877	0.0726122	-8219.25
878	0.0726122	-8159.15
879	0.0726122	-8216.43
880	0.0726122	-8222.57
881	0.0726122	-8189.88
882	0.0726122	-8205.38
883	0.0726122	-8218.11
884	0.0726122	-8172.76
885	0.0726122	-8122.43
886	0.0726122	-8159.48
887	0.0726122	-8230.53
888	0.0726122	-8119.37
889	0.0726122	-8116.41
890	0.0726122	-8191.53
891	0.0726122	-8144.33
892	0.0726122	-8175.17
893	0.0726122	-8178.69
894	0.0726122	-8228.48
895	0.0726122	-8159.54
896	0.0726122	-8216.01
897	0.0726122	-8172.44
898	0.0726122	-8205.66
899	0.0726122	-8245.58
900	0.0726122	-8277.68
901	0.0726122	-8179.31
902	0.0726122	-8188.79
903	0.0726122	-8165.87
904	0.0726122	-8175.84
905	0.0726122	-8192.75
906	0.0726122	-8217.24
907	0.0726122	-8342.59
908	0.0726122	-8225.62
909	0.0726122	-8183.56
910	0.0726122	-8171.7
911	0.0726122	-8170.48
912	0.0726122	-8211.25
913	0.0726122	-8173.71
914	0.0726122	-8215.12
915	0.0726122	-8169.29
916	0.0726122	-8207.99
917	0.0726122	-8152.02
918	0.0726122	-8187.18
919	0.0726122	-8133.52
920	0.0726122	-8166.97
921	0.0726122	-8152.67
922	0.0726122	-8167.02
923	0.0726122	-8159.07
924	0.0726122	-8099.12
925	0.0726122	-8156.04
926	0.0726122	-8163.69
927	0.0726122	-8151.93
928	0.0726122	-8141.63
929	0.0726122	-8125.29
930	0.0726122	-8185.44
931	0.0726122	-8115.72
932	0.0726122	-8194.51
933	0.0726122	-8256.35
934	0.0726122	-8222.67
935	0.0726122	-8151.35
936	0.0726122	-8163.02
937	0.0726122	-8214.62
938	0.0726122	-8177.66
939	0.0726122	-8193.13
940	0.0726122	-8193.56
941	0.0726122	-8233.92
942	0.0726122	-8206.41
943	0.0726122	-8229.56
944	0.0726122	-8236.32
945	0.0726122	-8189.27
946	0.0726122	-8142.23
947	0.0726122	-8190.5
948	0.0726122	-8188.73
949	0.0726122	-8291.58
950	0.0726122	-8264.54
951	0.0726122	-8237.25
952	0.0726122	-8171.81
953	0.0726122	-8151.75
954	0.0726122	-8136.83
955	0.0726122	-8199.59
956	0.0726122	-8217.67
957	0.0726122	-8328.91
958	0.0726122	-8293.12
959	0.0726122	-8225.7
960	0.0726122	-8318.1
961	0.0726122	-8276.55
962	0.0726122	-8218.76
963	0.0726122	-8165.51
964	0.0726122	-8176.39
965	0.0726122	-8182.78
966	0.0726122	-8196.24
967	0.0726122	-8182.1
968	0.0726122	-8207.47
969	0.0726122	-8215.18
970	0.0726122	-8225.76
971	0.0726122	-8275.19
972	0.0726122	-8123.33
973	0.0726122	-8125.43
974	0.0726122	-8101.54
975	0.0726122	-8160.42
976	0.0726122	-8110.92
977	0.0726122	-8132.79
978	0.0726122	-8185.05
979	0.0726122	-8176.24
980	0.0726122	-8213.24
981	0.0726122	-8164.15
982	0.0726122	-8139.77
983	0.0726122	-8159.18
984	0.0726122	-8137.12
985	0.0726122	-8175.31
986	0.0726122	-8156.31
987	0.0726122	-8143.98
988	0.0726122	-8128.34
989	0.0726122	-8176.07
990	0.0726122	-8133.2
991	0.0726122	-8151.39
992	0.0726122	-8246.54
993	0.0726122	-8239.37
994	0.0726122	-8254
995	0.0726122	-8300.22
996	0.0726122	-8175.97
997	0.0726122	-8212.11
998	0.0726122	-8145.12
999	0.0726122	-8240.39
1000	0.0726122	-8178.19
