state	power	likelihood
251	0.0037121	-9147.01
252	0.0037121	-9005.19
253	0.0037121	-8661.52
254	0.0037121	-11221.4
255	0.0037121	-9393.42
256	0.0037121	-9535.21
257	0.0037121	-9137.08
258	0.0037121	-9413.91
259	0.0037121	-9627.55
260	0.0037121	-9539.79
261	0.0037121	-9732.45
262	0.0037121	-9521.37
263	0.0037121	-9905.44
264	0.0037121	-9620.47
265	0.0037121	-10113
266	0.0037121	-9752.49
267	0.0037121	-10023.3
268	0.0037121	-9873.81
269	0.0037121	-10630.4
270	0.0037121	-9612.22
271	0.0037121	-8866.5
272	0.0037121	-8781.11
273	0.0037121	-9730.1
274	0.0037121	-9358.55
275	0.0037121	-10640
276	0.0037121	-10092.7
277	0.0037121	-10975.5
278	0.0037121	-10380.9
279	0.0037121	-9534.93
280	0.0037121	-10905.7
281	0.0037121	-10679.7
282	0.0037121	-10865.1
283	0.0037121	-10313.2
284	0.0037121	-9973.22
285	0.0037121	-9608.55
286	0.0037121	-10050.6
287	0.0037121	-9896.95
288	0.0037121	-9928.36
289	0.0037121	-10322.3
290	0.0037121	-10075.6
291	0.0037121	-9371.31
292	0.0037121	-10062.4
293	0.0037121	-10300.7
294	0.0037121	-9909.27
295	0.0037121	-9553.65
296	0.0037121	-9370.31
297	0.0037121	-9542.35
298	0.0037121	-9836.87
299	0.0037121	-10032
300	0.0037121	-10327.2
301	0.0037121	-10937.4
302	0.0037121	-10496.9
303	0.0037121	-10371
304	0.0037121	-9665.65
305	0.0037121	-10365
306	0.0037121	-10576.8
307	0.0037121	-10031.9
308	0.0037121	-9884.41
309	0.0037121	-10780.6
310	0.0037121	-10001.4
311	0.0037121	-10392.5
312	0.0037121	-10611.4
313	0.0037121	-9861.37
314	0.0037121	-9719.16
315	0.0037121	-9194.33
316	0.0037121	-9587.16
317	0.0037121	-9104.48
318	0.0037121	-10300.1
319	0.0037121	-10033.6
320	0.0037121	-9997.31
321	0.0037121	-9505.03
322	0.0037121	-9710.42
323	0.0037121	-10320.7
324	0.0037121	-9643.28
325	0.0037121	-9784.17
326	0.0037121	-10773
327	0.0037121	-10536.5
328	0.0037121	-10444.5
329	0.0037121	-9686.37
330	0.0037121	-9674.62
331	0.0037121	-9407.67
332	0.0037121	-9835.18
333	0.0037121	-10059.5
334	0.0037121	-9066
335	0.0037121	-9132.18
336	0.0037121	-9866.32
337	0.0037121	-10853.5
338	0.0037121	-10832.4
339	0.0037121	-9558.62
340	0.0037121	-10004.7
341	0.0037121	-10711.3
342	0.0037121	-9556.41
343	0.0037121	-10200.2
344	0.0037121	-9713.43
345	0.0037121	-9895.27
346	0.0037121	-10853.7
347	0.0037121	-9812.52
348	0.0037121	-10097
349	0.0037121	-10410
350	0.0037121	-10383
351	0.0037121	-9469.5
352	0.0037121	-10257.7
353	0.0037121	-10486.3
354	0.0037121	-10175
355	0.0037121	-9882.29
356	0.0037121	-9144.35
357	0.0037121	-9554.47
358	0.0037121	-9822.37
359	0.0037121	-9976.21
360	0.0037121	-10204.5
361	0.0037121	-9680.3
362	0.0037121	-9400.68
363	0.0037121	-9235.2
364	0.0037121	-9208.96
365	0.0037121	-10662.9
366	0.0037121	-9899.99
367	0.0037121	-9728.3
368	0.0037121	-9578.64
369	0.0037121	-9289.85
370	0.0037121	-10225
371	0.0037121	-10345.4
372	0.0037121	-9316.74
373	0.0037121	-9964.85
374	0.0037121	-9523.58
375	0.0037121	-9931.67
376	0.0037121	-10083
377	0.0037121	-9845.47
378	0.0037121	-9839.64
379	0.0037121	-10086.3
380	0.0037121	-9632.22
381	0.0037121	-10436
382	0.0037121	-9606.77
383	0.0037121	-9582.23
384	0.0037121	-9947.19
385	0.0037121	-9189.06
386	0.0037121	-9816.36
387	0.0037121	-9523.66
388	0.0037121	-9812.38
389	0.0037121	-9842.58
390	0.0037121	-9161.25
391	0.0037121	-9491.21
392	0.0037121	-10412.8
393	0.0037121	-9877.44
394	0.0037121	-10356
395	0.0037121	-10027.8
396	0.0037121	-9492.14
397	0.0037121	-10275.4
398	0.0037121	-9900.99
399	0.0037121	-9537.88
400	0.0037121	-10025.5
401	0.0037121	-9935.56
402	0.0037121	-9988.28
403	0.0037121	-9861.19
404	0.0037121	-10710.5
405	0.0037121	-10400.6
406	0.0037121	-10344.1
407	0.0037121	-10662.9
408	0.0037121	-11072.8
409	0.0037121	-10363.1
410	0.0037121	-10785
411	0.0037121	-9340.95
412	0.0037121	-9974.77
413	0.0037121	-9337.47
414	0.0037121	-9585.45
415	0.0037121	-9996.27
416	0.0037121	-10375.4
417	0.0037121	-9665.47
418	0.0037121	-9995.11
419	0.0037121	-10694.9
420	0.0037121	-9385.08
421	0.0037121	-8939.76
422	0.0037121	-9930.72
423	0.0037121	-10016.1
424	0.0037121	-9348.15
425	0.0037121	-9421.52
426	0.0037121	-9665.72
427	0.0037121	-9715.55
428	0.0037121	-10493.8
429	0.0037121	-10718.6
430	0.0037121	-10418.6
431	0.0037121	-10406.1
432	0.0037121	-10148.8
433	0.0037121	-9992.29
434	0.0037121	-9094.54
435	0.0037121	-9495.85
436	0.0037121	-9533.29
437	0.0037121	-9537.74
438	0.0037121	-9601.57
439	0.0037121	-9441.49
440	0.0037121	-9594.56
441	0.0037121	-9214.83
442	0.0037121	-9399.68
443	0.0037121	-10013.4
444	0.0037121	-10222.4
445	0.0037121	-10237
446	0.0037121	-9321.93
447	0.0037121	-10698.1
448	0.0037121	-9276.03
449	0.0037121	-10264.6
450	0.0037121	-9570.96
451	0.0037121	-9163.25
452	0.0037121	-9029.1
453	0.0037121	-9265.93
454	0.0037121	-9605.75
455	0.0037121	-9489.6
456	0.0037121	-8964.84
457	0.0037121	-9413.79
458	0.0037121	-9185.42
459	0.0037121	-10767.9
460	0.0037121	-10010.1
461	0.0037121	-9719.53
462	0.0037121	-9972.72
463	0.0037121	-9785.93
464	0.0037121	-10029.3
465	0.0037121	-10304.2
466	0.0037121	-10627.3
467	0.0037121	-10553
468	0.0037121	-10543.5
469	0.0037121	-10543.6
470	0.0037121	-9292.04
471	0.0037121	-9393.22
472	0.0037121	-9741.83
473	0.0037121	-9782.02
474	0.0037121	-9560.35
475	0.0037121	-9918.69
476	0.0037121	-9749.47
477	0.0037121	-9582.24
478	0.0037121	-11433.9
479	0.0037121	-10445.7
480	0.0037121	-11023.6
481	0.0037121	-11559.8
482	0.0037121	-10634.7
483	0.0037121	-10477.3
484	0.0037121	-9707.37
485	0.0037121	-10190.5
486	0.0037121	-9219.17
487	0.0037121	-9926.61
488	0.0037121	-9237.08
489	0.0037121	-9327.08
490	0.0037121	-9574.56
491	0.0037121	-9487.33
492	0.0037121	-9686.8
493	0.0037121	-10091.1
494	0.0037121	-10293.5
495	0.0037121	-9017.7
496	0.0037121	-9672.06
497	0.0037121	-9350.94
498	0.0037121	-10333
499	0.0037121	-10129.7
500	0.0037121	-9858.4
501	0.0037121	-9915.18
502	0.0037121	-9612.78
503	0.0037121	-9977.43
504	0.0037121	-10408.2
505	0.0037121	-10827.9
506	0.0037121	-9787.78
507	0.0037121	-10292.7
508	0.0037121	-10485.1
509	0.0037121	-9842.01
510	0.0037121	-9696.46
511	0.0037121	-10212.1
512	0.0037121	-9641.03
513	0.0037121	-10136
514	0.0037121	-9963.71
515	0.0037121	-10008.7
516	0.0037121	-9887.55
517	0.0037121	-10235.7
518	0.0037121	-9291.64
519	0.0037121	-10348.1
520	0.0037121	-9302.34
521	0.0037121	-8804.1
522	0.0037121	-9235.02
523	0.0037121	-10171.3
524	0.0037121	-9431.71
525	0.0037121	-10237
526	0.0037121	-10804.1
527	0.0037121	-10868.8
528	0.0037121	-9532.03
529	0.0037121	-9714.49
530	0.0037121	-9719.57
531	0.0037121	-9505.17
532	0.0037121	-9854.48
533	0.0037121	-9341.61
534	0.0037121	-9346.26
535	0.0037121	-9888.76
536	0.0037121	-10131.2
537	0.0037121	-9067.27
538	0.0037121	-9522.67
539	0.0037121	-10242.3
540	0.0037121	-9723.07
541	0.0037121	-9847.95
542	0.0037121	-10298.8
543	0.0037121	-9328.02
544	0.0037121	-9930.48
545	0.0037121	-10014.1
546	0.0037121	-10287.9
547	0.0037121	-10872.8
548	0.0037121	-10526.6
549	0.0037121	-9825.84
550	0.0037121	-10002.2
551	0.0037121	-10537.4
552	0.0037121	-10830.7
553	0.0037121	-9466.75
554	0.0037121	-10807.4
555	0.0037121	-10454.2
556	0.0037121	-9977.81
557	0.0037121	-10239.9
558	0.0037121	-9652.26
559	0.0037121	-10848.2
560	0.0037121	-9523.86
561	0.0037121	-9070.71
562	0.0037121	-10134.7
563	0.0037121	-10292.1
564	0.0037121	-9980.12
565	0.0037121	-9982.73
566	0.0037121	-9880.78
567	0.0037121	-9889.33
568	0.0037121	-9425.62
569	0.0037121	-9913.06
570	0.0037121	-9932.94
571	0.0037121	-9393.03
572	0.0037121	-9968.23
573	0.0037121	-9828.84
574	0.0037121	-9631.56
575	0.0037121	-10301.1
576	0.0037121	-9353.06
577	0.0037121	-9180.11
578	0.0037121	-10192.4
579	0.0037121	-9869.15
580	0.0037121	-9896.62
581	0.0037121	-9672.08
582	0.0037121	-10484.8
583	0.0037121	-10924.7
584	0.0037121	-11337.2
585	0.0037121	-9770.11
586	0.0037121	-10907.3
587	0.0037121	-9937.06
588	0.0037121	-9578.87
589	0.0037121	-9643.12
590	0.0037121	-10308.2
591	0.0037121	-9947.44
592	0.0037121	-10059.9
593	0.0037121	-9468.79
594	0.0037121	-9793.73
595	0.0037121	-9903.18
596	0.0037121	-10654.8
597	0.0037121	-10350
598	0.0037121	-9717.13
599	0.0037121	-10384.2
600	0.0037121	-10591.7
601	0.0037121	-10856
602	0.0037121	-10319.4
603	0.0037121	-10268.2
604	0.0037121	-9491.17
605	0.0037121	-9401.08
606	0.0037121	-9831.87
607	0.0037121	-9547.47
608	0.0037121	-9672.86
609	0.0037121	-9657.71
610	0.0037121	-9989.76
611	0.0037121	-9317.72
612	0.0037121	-9658.51
613	0.0037121	-9761.45
614	0.0037121	-9839.05
615	0.0037121	-9750.22
616	0.0037121	-9193.34
617	0.0037121	-9239.69
618	0.0037121	-9509.27
619	0.0037121	-9404.82
620	0.0037121	-10016.3
621	0.0037121	-9531.18
622	0.0037121	-9943.74
623	0.0037121	-10126.6
624	0.0037121	-9902.58
625	0.0037121	-9721.79
626	0.0037121	-10230.4
627	0.0037121	-9627.35
628	0.0037121	-10169.3
629	0.0037121	-10346.5
630	0.0037121	-10466.9
631	0.0037121	-9770.39
632	0.0037121	-10062.8
633	0.0037121	-10082.4
634	0.0037121	-10112.1
635	0.0037121	-11088.4
636	0.0037121	-11157.2
637	0.0037121	-11336.2
638	0.0037121	-9618.37
639	0.0037121	-10187.1
640	0.0037121	-9801
641	0.0037121	-9897.85
642	0.0037121	-9954.09
643	0.0037121	-9201
644	0.0037121	-9929.55
645	0.0037121	-10142.3
646	0.0037121	-10178.1
647	0.0037121	-10472.7
648	0.0037121	-10809.6
649	0.0037121	-10428.8
650	0.0037121	-9990.29
651	0.0037121	-9856.65
652	0.0037121	-10937.2
653	0.0037121	-10961.4
654	0.0037121	-11273.6
655	0.0037121	-10077.7
656	0.0037121	-9862.04
657	0.0037121	-9605.08
658	0.0037121	-9661.4
659	0.0037121	-10627.1
660	0.0037121	-9972.63
661	0.0037121	-10332.7
662	0.0037121	-9969.03
663	0.0037121	-11312
664	0.0037121	-9545.4
665	0.0037121	-9819.36
666	0.0037121	-10038.4
667	0.0037121	-9352.62
668	0.0037121	-9322.11
669	0.0037121	-10549.6
670	0.0037121	-10298.7
671	0.0037121	-9884.26
672	0.0037121	-9691.61
673	0.0037121	-10099.9
674	0.0037121	-11117.9
675	0.0037121	-10099.3
676	0.0037121	-9670.85
677	0.0037121	-10511.4
678	0.0037121	-9925.05
679	0.0037121	-10070.1
680	0.0037121	-9832.99
681	0.0037121	-9009.39
682	0.0037121	-9993.57
683	0.0037121	-10386.2
684	0.0037121	-10129.6
685	0.0037121	-9841.49
686	0.0037121	-9477.08
687	0.0037121	-10431.5
688	0.0037121	-9814.5
689	0.0037121	-9247.54
690	0.0037121	-9383.6
691	0.0037121	-9750.17
692	0.0037121	-9938.83
693	0.0037121	-8990.39
694	0.0037121	-9233.79
695	0.0037121	-10688.2
696	0.0037121	-10762.6
697	0.0037121	-10951
698	0.0037121	-9996.3
699	0.0037121	-9904.63
700	0.0037121	-9344.18
701	0.0037121	-9934.95
702	0.0037121	-10016.7
703	0.0037121	-9277.61
704	0.0037121	-9774.99
705	0.0037121	-10318.4
706	0.0037121	-10290
707	0.0037121	-9082.11
708	0.0037121	-10309.1
709	0.0037121	-9387.89
710	0.0037121	-10160.1
711	0.0037121	-10569.1
712	0.0037121	-10691.1
713	0.0037121	-10629.1
714	0.0037121	-9701.28
715	0.0037121	-10172
716	0.0037121	-10584.1
717	0.0037121	-9937.35
718	0.0037121	-10102.3
719	0.0037121	-10643.8
720	0.0037121	-10290.2
721	0.0037121	-9920.67
722	0.0037121	-10748.1
723	0.0037121	-9583.16
724	0.0037121	-10673.7
725	0.0037121	-10203.9
726	0.0037121	-10222.2
727	0.0037121	-10136.1
728	0.0037121	-9271.41
729	0.0037121	-9549.66
730	0.0037121	-10272
731	0.0037121	-10416.2
732	0.0037121	-9869.26
733	0.0037121	-9494.55
734	0.0037121	-10358.5
735	0.0037121	-9979.1
736	0.0037121	-9774.37
737	0.0037121	-9269.18
738	0.0037121	-9639.86
739	0.0037121	-10534.5
740	0.0037121	-10685.9
741	0.0037121	-10997.2
742	0.0037121	-10175.3
743	0.0037121	-10612.5
744	0.0037121	-9514.08
745	0.0037121	-10006.9
746	0.0037121	-10001.2
747	0.0037121	-11213.2
748	0.0037121	-11121.7
749	0.0037121	-10543.9
750	0.0037121	-9482.87
751	0.0037121	-9809.27
752	0.0037121	-10291.9
753	0.0037121	-9605.25
754	0.0037121	-10120.1
755	0.0037121	-10101.1
756	0.0037121	-10517.9
757	0.0037121	-10289.5
758	0.0037121	-9412.7
759	0.0037121	-10248.4
760	0.0037121	-10833.6
761	0.0037121	-10254.6
762	0.0037121	-9559.55
763	0.0037121	-10445.8
764	0.0037121	-10336.7
765	0.0037121	-9800.98
766	0.0037121	-10685.5
767	0.0037121	-9922.96
768	0.0037121	-9786.17
769	0.0037121	-9562.72
770	0.0037121	-10171.1
771	0.0037121	-10469.7
772	0.0037121	-10362.9
773	0.0037121	-10452.2
774	0.0037121	-9827.83
775	0.0037121	-9831.37
776	0.0037121	-9995.26
777	0.0037121	-9897.23
778	0.0037121	-9582.07
779	0.0037121	-9828.31
780	0.0037121	-9415.94
781	0.0037121	-9829.05
782	0.0037121	-9963.61
783	0.0037121	-9915.66
784	0.0037121	-10278.1
785	0.0037121	-10899.9
786	0.0037121	-9942.62
787	0.0037121	-10174.8
788	0.0037121	-9574.91
789	0.0037121	-10555.6
790	0.0037121	-10339.9
791	0.0037121	-9729.97
792	0.0037121	-10128.6
793	0.0037121	-9759.45
794	0.0037121	-10470.9
795	0.0037121	-9444.16
796	0.0037121	-10020.8
797	0.0037121	-8810.96
798	0.0037121	-9442.83
799	0.0037121	-10134.2
800	0.0037121	-9322.85
801	0.0037121	-9464.17
802	0.0037121	-9501.24
803	0.0037121	-10660.6
804	0.0037121	-9570.22
805	0.0037121	-10168.8
806	0.0037121	-10236
807	0.0037121	-10590.3
808	0.0037121	-9858.29
809	0.0037121	-9150.2
810	0.0037121	-9671.02
811	0.0037121	-10568.9
812	0.0037121	-10454.8
813	0.0037121	-10385
814	0.0037121	-10005.6
815	0.0037121	-10626
816	0.0037121	-10888.6
817	0.0037121	-10280.9
818	0.0037121	-9058.34
819	0.0037121	-9546.44
820	0.0037121	-8929.02
821	0.0037121	-9624.61
822	0.0037121	-9512.3
823	0.0037121	-9615.04
824	0.0037121	-9344.49
825	0.0037121	-10310.5
826	0.0037121	-10297.8
827	0.0037121	-10365.4
828	0.0037121	-9581.62
829	0.0037121	-9912.82
830	0.0037121	-10621.3
831	0.0037121	-10485
832	0.0037121	-9126.2
833	0.0037121	-10485.6
834	0.0037121	-10942.5
835	0.0037121	-10053.8
836	0.0037121	-10393.9
837	0.0037121	-10504.2
838	0.0037121	-9908.26
839	0.0037121	-9836.23
840	0.0037121	-10079.1
841	0.0037121	-10446.7
842	0.0037121	-10365.1
843	0.0037121	-9943.62
844	0.0037121	-10174
845	0.0037121	-9894.23
846	0.0037121	-9874.1
847	0.0037121	-10324.2
848	0.0037121	-9635.11
849	0.0037121	-9897.15
850	0.0037121	-9948.49
851	0.0037121	-9985.35
852	0.0037121	-9225.16
853	0.0037121	-9965.07
854	0.0037121	-9653.42
855	0.0037121	-9831.8
856	0.0037121	-10590.8
857	0.0037121	-10889.2
858	0.0037121	-9773.76
859	0.0037121	-10311.4
860	0.0037121	-9722.41
861	0.0037121	-9942.22
862	0.0037121	-9905.84
863	0.0037121	-9983.71
864	0.0037121	-9938.31
865	0.0037121	-9886.58
866	0.0037121	-11125.5
867	0.0037121	-10601.8
868	0.0037121	-11203.6
869	0.0037121	-10512.2
870	0.0037121	-10479.2
871	0.0037121	-11005.5
872	0.0037121	-9935.99
873	0.0037121	-9550.22
874	0.0037121	-9537.1
875	0.0037121	-9978.41
876	0.0037121	-9768.14
877	0.0037121	-9663.31
878	0.0037121	-8834.14
879	0.0037121	-9703.08
880	0.0037121	-9715.68
881	0.0037121	-10301.7
882	0.0037121	-9770.84
883	0.0037121	-10147.5
884	0.0037121	-10529.8
885	0.0037121	-9788.57
886	0.0037121	-10608.3
887	0.0037121	-10892.8
888	0.0037121	-10401.3
889	0.0037121	-10479.9
890	0.0037121	-10147.7
891	0.0037121	-10613.1
892	0.0037121	-9742.97
893	0.0037121	-9804.56
894	0.0037121	-10738.3
895	0.0037121	-9963.62
896	0.0037121	-10430.8
897	0.0037121	-9979.83
898	0.0037121	-9751.66
899	0.0037121	-9347.64
900	0.0037121	-10479.1
901	0.0037121	-11309.3
902	0.0037121	-10062.6
903	0.0037121	-10463.4
904	0.0037121	-10096.7
905	0.0037121	-9928.23
906	0.0037121	-10049.1
907	0.0037121	-10213
908	0.0037121	-9542.47
909	0.0037121	-9399.26
910	0.0037121	-8867.21
911	0.0037121	-9128.04
912	0.0037121	-9583.26
913	0.0037121	-10101.9
914	0.0037121	-9425.59
915	0.0037121	-9561.67
916	0.0037121	-10801.2
917	0.0037121	-9612.59
918	0.0037121	-10154.8
919	0.0037121	-10002.9
920	0.0037121	-9635.42
921	0.0037121	-9826.19
922	0.0037121	-9988.37
923	0.0037121	-10440.7
924	0.0037121	-9913.23
925	0.0037121	-10082.4
926	0.0037121	-9876.36
927	0.0037121	-10220.6
928	0.0037121	-10088
929	0.0037121	-9359.49
930	0.0037121	-9175.52
931	0.0037121	-9504.62
932	0.0037121	-9568.07
933	0.0037121	-10432.1
934	0.0037121	-10560.2
935	0.0037121	-10948.8
936	0.0037121	-10454.9
937	0.0037121	-10327.1
938	0.0037121	-10490.9
939	0.0037121	-10009
940	0.0037121	-10494.3
941	0.0037121	-9804.27
942	0.0037121	-9659.16
943	0.0037121	-8994.07
944	0.0037121	-10106
945	0.0037121	-10118.2
946	0.0037121	-9397.83
947	0.0037121	-10085.4
948	0.0037121	-9626.26
949	0.0037121	-9887.87
950	0.0037121	-10183.2
951	0.0037121	-9836.4
952	0.0037121	-11026.2
953	0.0037121	-10213.2
954	0.0037121	-10880
955	0.0037121	-10450.7
956	0.0037121	-11646.5
957	0.0037121	-9719.28
958	0.0037121	-9645.32
959	0.0037121	-10075.3
960	0.0037121	-9965.11
961	0.0037121	-10050.7
962	0.0037121	-10550.5
963	0.0037121	-10328.1
964	0.0037121	-10496.6
965	0.0037121	-11629
966	0.0037121	-9776.67
967	0.0037121	-10145.6
968	0.0037121	-10011.7
969	0.0037121	-9686.04
970	0.0037121	-10321.7
971	0.0037121	-10344.6
972	0.0037121	-10390.2
973	0.0037121	-10064.8
974	0.0037121	-10099.5
975	0.0037121	-9775.67
976	0.0037121	-11010.8
977	0.0037121	-9809.27
978	0.0037121	-9774.2
979	0.0037121	-9465.34
980	0.0037121	-9473.57
981	0.0037121	-10294.5
982	0.0037121	-10432.8
983	0.0037121	-10365.7
984	0.0037121	-9908.21
985	0.0037121	-10546.8
986	0.0037121	-9930.5
987	0.0037121	-10177.3
988	0.0037121	-9885.91
989	0.0037121	-9221.19
990	0.0037121	-9942.3
991	0.0037121	-9592.33
992	0.0037121	-10091.6
993	0.0037121	-9356.16
994	0.0037121	-10453.3
995	0.0037121	-9958.59
996	0.0037121	-10263
997	0.0037121	-9632.48
998	0.0037121	-9834.9
999	0.0037121	-9248.04
1000	0.0037121	-9375.95
