state	power	likelihood
251	0.280503	-7996.48
252	0.280503	-8012.23
253	0.280503	-8009.68
254	0.280503	-8018.08
255	0.280503	-8005.79
256	0.280503	-8001.19
257	0.280503	-8002.56
258	0.280503	-7990.82
259	0.280503	-7997.99
260	0.280503	-8002.9
261	0.280503	-8007.5
262	0.280503	-8004.03
263	0.280503	-8008.29
264	0.280503	-8022.3
265	0.280503	-7998.06
266	0.280503	-8001.07
267	0.280503	-8013.43
268	0.280503	-7998
269	0.280503	-8001.56
270	0.280503	-7999.4
271	0.280503	-8008.14
272	0.280503	-8017.44
273	0.280503	-8019.62
274	0.280503	-8012.74
275	0.280503	-8014.41
276	0.280503	-8038.26
277	0.280503	-8018.97
278	0.280503	-7986.92
279	0.280503	-7985.69
280	0.280503	-7987.19
281	0.280503	-8004.92
282	0.280503	-7990.94
283	0.280503	-8017.64
284	0.280503	-8020.46
285	0.280503	-8027.65
286	0.280503	-8012.53
287	0.280503	-8025.01
288	0.280503	-8023.6
289	0.280503	-8031.95
290	0.280503	-8053.25
291	0.280503	-8035.72
292	0.280503	-8020.96
293	0.280503	-8001.11
294	0.280503	-8016.78
295	0.280503	-8017.79
296	0.280503	-8009.41
297	0.280503	-7991.11
298	0.280503	-7991
299	0.280503	-8008.89
300	0.280503	-8000.31
301	0.280503	-8020.18
302	0.280503	-7991.84
303	0.280503	-7982.17
304	0.280503	-8000.81
305	0.280503	-7997.89
306	0.280503	-7991.9
307	0.280503	-8011.86
308	0.280503	-8023.26
309	0.280503	-8014.05
310	0.280503	-8023.45
311	0.280503	-8015.79
312	0.280503	-8011.63
313	0.280503	-8027.07
314	0.280503	-8006.36
315	0.280503	-8038.02
316	0.280503	-8025.94
317	0.280503	-8010.61
318	0.280503	-8001.85
319	0.280503	-8005.78
320	0.280503	-8034.34
321	0.280503	-8021.05
322	0.280503	-8007.14
323	0.280503	-8005.84
324	0.280503	-8000.36
325	0.280503	-7995.61
326	0.280503	-8002.94
327	0.280503	-8017.46
328	0.280503	-8031.8
329	0.280503	-8006.51
330	0.280503	-7997.85
331	0.280503	-8015.53
332	0.280503	-8031.73
333	0.280503	-8036.55
334	0.280503	-8016.48
335	0.280503	-8005.4
336	0.280503	-8013.41
337	0.280503	-8003.21
338	0.280503	-8005.77
339	0.280503	-8004.53
340	0.280503	-8009.24
341	0.280503	-8005.58
342	0.280503	-8027.35
343	0.280503	-8051.39
344	0.280503	-8044.38
345	0.280503	-8028.21
346	0.280503	-8012.53
347	0.280503	-8003.24
348	0.280503	-8016.21
349	0.280503	-8022.82
350	0.280503	-8027.76
351	0.280503	-8041.62
352	0.280503	-8013.33
353	0.280503	-8020.21
354	0.280503	-8020.27
355	0.280503	-8024.32
356	0.280503	-8011.73
357	0.280503	-8004.88
358	0.280503	-8011.19
359	0.280503	-8020.99
360	0.280503	-8013.37
361	0.280503	-8019.69
362	0.280503	-8016.99
363	0.280503	-8027.05
364	0.280503	-8026.91
365	0.280503	-8026.7
366	0.280503	-8009.45
367	0.280503	-8010.58
368	0.280503	-8030.84
369	0.280503	-8020.95
370	0.280503	-8011.29
371	0.280503	-8008.9
372	0.280503	-8022.82
373	0.280503	-8007.51
374	0.280503	-8023.51
375	0.280503	-8003.28
376	0.280503	-8024.02
377	0.280503	-8033.8
378	0.280503	-8026.64
379	0.280503	-8017.73
380	0.280503	-8014.98
381	0.280503	-8020.64
382	0.280503	-8023.6
383	0.280503	-8003.26
384	0.280503	-7994.81
385	0.280503	-7987.16
386	0.280503	-7974.78
387	0.280503	-7979.83
388	0.280503	-8003.22
389	0.280503	-8026.36
390	0.280503	-8024.08
391	0.280503	-8053.51
392	0.280503	-8012.61
393	0.280503	-7996.06
394	0.280503	-8003.94
395	0.280503	-8022.04
396	0.280503	-8015.01
397	0.280503	-8030.73
398	0.280503	-8032
399	0.280503	-8035.12
400	0.280503	-8033.42
401	0.280503	-8025.07
402	0.280503	-8025.7
403	0.280503	-8005.19
404	0.280503	-8034.47
405	0.280503	-8029.47
406	0.280503	-8051.79
407	0.280503	-8057.33
408	0.280503	-8022.53
409	0.280503	-8018.54
410	0.280503	-8021.35
411	0.280503	-8019.34
412	0.280503	-8009.38
413	0.280503	-8022.19
414	0.280503	-8022.82
415	0.280503	-8039.47
416	0.280503	-8001.82
417	0.280503	-8014.91
418	0.280503	-8006.37
419	0.280503	-8012.1
420	0.280503	-8019.23
421	0.280503	-8027.37
422	0.280503	-8016.14
423	0.280503	-8011.15
424	0.280503	-8016.34
425	0.280503	-8024.25
426	0.280503	-8016.29
427	0.280503	-8004.14
428	0.280503	-8042.67
429	0.280503	-8023.77
430	0.280503	-8022.55
431	0.280503	-8012.77
432	0.280503	-7994.06
433	0.280503	-7997.77
434	0.280503	-8008.46
435	0.280503	-8014.01
436	0.280503	-7993.94
437	0.280503	-8016.16
438	0.280503	-8022.45
439	0.280503	-8015.53
440	0.280503	-8013.07
441	0.280503	-8018.41
442	0.280503	-8028.31
443	0.280503	-8031.77
444	0.280503	-8033.31
445	0.280503	-8039.97
446	0.280503	-8024.9
447	0.280503	-8028.95
448	0.280503	-7999.72
449	0.280503	-7998.87
450	0.280503	-8011.05
451	0.280503	-8018.1
452	0.280503	-8019.52
453	0.280503	-8012.7
454	0.280503	-8016.64
455	0.280503	-8012.29
456	0.280503	-8023.92
457	0.280503	-8004.29
458	0.280503	-8013.91
459	0.280503	-7995.4
460	0.280503	-7989.12
461	0.280503	-8012.85
462	0.280503	-8026.94
463	0.280503	-8027.52
464	0.280503	-8035.9
465	0.280503	-8023.61
466	0.280503	-8014.57
467	0.280503	-7992.12
468	0.280503	-8004.03
469	0.280503	-8012.72
470	0.280503	-8041.47
471	0.280503	-8036.18
472	0.280503	-8040.67
473	0.280503	-8022.41
474	0.280503	-8023.15
475	0.280503	-8003.2
476	0.280503	-7997.14
477	0.280503	-8004.94
478	0.280503	-8011.39
479	0.280503	-8000.32
480	0.280503	-7985.95
481	0.280503	-8002.15
482	0.280503	-7981.91
483	0.280503	-7987.72
484	0.280503	-7993.05
485	0.280503	-7994.49
486	0.280503	-8011.34
487	0.280503	-8016.04
488	0.280503	-8023.81
489	0.280503	-8041.73
490	0.280503	-8008.41
491	0.280503	-8006.39
492	0.280503	-8026.2
493	0.280503	-8002.83
494	0.280503	-8011.13
495	0.280503	-8002.07
496	0.280503	-8015.53
497	0.280503	-8014.48
498	0.280503	-8017.91
499	0.280503	-7993.34
500	0.280503	-7993.82
501	0.280503	-8002.8
502	0.280503	-7998.25
503	0.280503	-8006.2
504	0.280503	-8002.26
505	0.280503	-7991.62
506	0.280503	-7990.78
507	0.280503	-7996.48
508	0.280503	-7993.92
509	0.280503	-8002.01
510	0.280503	-7988.9
511	0.280503	-7991.68
512	0.280503	-8013.24
513	0.280503	-7989.42
514	0.280503	-8012.15
515	0.280503	-8012.98
516	0.280503	-7997.36
517	0.280503	-8007.9
518	0.280503	-8001.32
519	0.280503	-8000.43
520	0.280503	-8028.78
521	0.280503	-8015.01
522	0.280503	-8011.49
523	0.280503	-8006.08
524	0.280503	-7997.85
525	0.280503	-8011.91
526	0.280503	-8005.39
527	0.280503	-7984.94
528	0.280503	-7997.67
529	0.280503	-8006.61
530	0.280503	-8001.53
531	0.280503	-8000.03
532	0.280503	-8010.13
533	0.280503	-8013.72
534	0.280503	-8016.27
535	0.280503	-8036.7
536	0.280503	-8000.68
537	0.280503	-8020
538	0.280503	-8004.92
539	0.280503	-8014.83
540	0.280503	-8026.55
541	0.280503	-8022.69
542	0.280503	-8061
543	0.280503	-8029.09
544	0.280503	-8010.05
545	0.280503	-8017.53
546	0.280503	-8005.55
547	0.280503	-8022.35
548	0.280503	-8045.12
549	0.280503	-8037.38
550	0.280503	-8017.66
551	0.280503	-8027.58
552	0.280503	-8024.64
553	0.280503	-8033.82
554	0.280503	-8032.69
555	0.280503	-8040.88
556	0.280503	-8040.78
557	0.280503	-8044.96
558	0.280503	-8028.14
559	0.280503	-8039.68
560	0.280503	-8036.3
561	0.280503	-8071.51
562	0.280503	-8058.94
563	0.280503	-8040.61
564	0.280503	-8049.44
565	0.280503	-8051.72
566	0.280503	-8016.06
567	0.280503	-8007.11
568	0.280503	-8024.77
569	0.280503	-8000.71
570	0.280503	-7994.8
571	0.280503	-7998.94
572	0.280503	-8010.58
573	0.280503	-8000.75
574	0.280503	-8000.28
575	0.280503	-7994.39
576	0.280503	-7998.47
577	0.280503	-8009.57
578	0.280503	-8013.84
579	0.280503	-8013.75
580	0.280503	-8016.4
581	0.280503	-8021.24
582	0.280503	-8022.47
583	0.280503	-8023.1
584	0.280503	-8007.43
585	0.280503	-8002.79
586	0.280503	-7996.98
587	0.280503	-8011.06
588	0.280503	-8005.53
589	0.280503	-7982.96
590	0.280503	-7989.99
591	0.280503	-7992.97
592	0.280503	-8006.62
593	0.280503	-7993.33
594	0.280503	-7997.15
595	0.280503	-8012.89
596	0.280503	-8005.19
597	0.280503	-8022.28
598	0.280503	-8011.44
599	0.280503	-8012.63
600	0.280503	-8023.72
601	0.280503	-8012.98
602	0.280503	-8028.83
603	0.280503	-8007.11
604	0.280503	-8010.62
605	0.280503	-8016.39
606	0.280503	-8018.11
607	0.280503	-8022.1
608	0.280503	-8015.69
609	0.280503	-7998.06
610	0.280503	-7997.37
611	0.280503	-8005.77
612	0.280503	-8013.71
613	0.280503	-8020.48
614	0.280503	-8015.74
615	0.280503	-8031.34
616	0.280503	-8017.89
617	0.280503	-8026.97
618	0.280503	-8034.36
619	0.280503	-8037.74
620	0.280503	-8048.5
621	0.280503	-8026.56
622	0.280503	-8005.64
623	0.280503	-8012
624	0.280503	-8014.07
625	0.280503	-8005.35
626	0.280503	-7999.73
627	0.280503	-8001.7
628	0.280503	-7999.73
629	0.280503	-8021.7
630	0.280503	-8016.56
631	0.280503	-8024.63
632	0.280503	-8031.9
633	0.280503	-8026.97
634	0.280503	-8030.31
635	0.280503	-8024.01
636	0.280503	-8012.45
637	0.280503	-8006.75
638	0.280503	-8018.41
639	0.280503	-8012.89
640	0.280503	-8019.38
641	0.280503	-8027.22
642	0.280503	-8019.02
643	0.280503	-8013.35
644	0.280503	-8002.03
645	0.280503	-8012.4
646	0.280503	-8039.92
647	0.280503	-8015.73
648	0.280503	-8012.32
649	0.280503	-8013.43
650	0.280503	-8036.33
651	0.280503	-8011.5
652	0.280503	-8000.6
653	0.280503	-8030.06
654	0.280503	-8005.51
655	0.280503	-8027.25
656	0.280503	-8025.96
657	0.280503	-8009.57
658	0.280503	-8015.2
659	0.280503	-8032.48
660	0.280503	-8011.56
661	0.280503	-8032.69
662	0.280503	-8005.11
663	0.280503	-8008.16
664	0.280503	-8000.28
665	0.280503	-8023.17
666	0.280503	-8024.69
667	0.280503	-8009.02
668	0.280503	-8013.82
669	0.280503	-8000.58
670	0.280503	-8014.77
671	0.280503	-8021.9
672	0.280503	-8008.77
673	0.280503	-8017.28
674	0.280503	-8005.83
675	0.280503	-8013.91
676	0.280503	-8003.72
677	0.280503	-8005.3
678	0.280503	-8000.59
679	0.280503	-8008.75
680	0.280503	-8007.09
681	0.280503	-8013.12
682	0.280503	-8002.82
683	0.280503	-8001.58
684	0.280503	-7998.11
685	0.280503	-7995.1
686	0.280503	-7994.61
687	0.280503	-8014.22
688	0.280503	-8024.27
689	0.280503	-8027.43
690	0.280503	-8049.76
691	0.280503	-8008.22
692	0.280503	-8019.45
693	0.280503	-8013.35
694	0.280503	-8024.87
695	0.280503	-8020.02
696	0.280503	-8008.2
697	0.280503	-8003.61
698	0.280503	-8020.85
699	0.280503	-7985.34
700	0.280503	-7999.03
701	0.280503	-8010.45
702	0.280503	-8008.23
703	0.280503	-8014.47
704	0.280503	-8034.96
705	0.280503	-7985.63
706	0.280503	-8023.99
707	0.280503	-8034.95
708	0.280503	-8018.74
709	0.280503	-7993.23
710	0.280503	-8006.39
711	0.280503	-7998.95
712	0.280503	-8013.62
713	0.280503	-8025.01
714	0.280503	-8003.92
715	0.280503	-8026.93
716	0.280503	-8025.77
717	0.280503	-8023.46
718	0.280503	-8034.48
719	0.280503	-8006.85
720	0.280503	-8002.24
721	0.280503	-8004.48
722	0.280503	-7987.17
723	0.280503	-7983.75
724	0.280503	-7992.55
725	0.280503	-7990.78
726	0.280503	-7991.08
727	0.280503	-8018.84
728	0.280503	-8001.18
729	0.280503	-8029.68
730	0.280503	-8030.26
731	0.280503	-8028.17
732	0.280503	-8032.99
733	0.280503	-8016.87
734	0.280503	-7993.66
735	0.280503	-8021.93
736	0.280503	-8049.69
737	0.280503	-8032.31
738	0.280503	-8025.86
739	0.280503	-8016.72
740	0.280503	-8048.34
741	0.280503	-8033.36
742	0.280503	-8031.78
743	0.280503	-8029.63
744	0.280503	-8007.03
745	0.280503	-8042.78
746	0.280503	-8017.35
747	0.280503	-8024.09
748	0.280503	-8047.49
749	0.280503	-8042.3
750	0.280503	-8018.65
751	0.280503	-8022.26
752	0.280503	-8036.86
753	0.280503	-8010.01
754	0.280503	-8004.55
755	0.280503	-8009.41
756	0.280503	-8033.47
757	0.280503	-8038.82
758	0.280503	-8017.89
759	0.280503	-8017.99
760	0.280503	-8000.06
761	0.280503	-7996.76
762	0.280503	-7994.08
763	0.280503	-8000.77
764	0.280503	-8024.86
765	0.280503	-8014.29
766	0.280503	-8010.38
767	0.280503	-8007.78
768	0.280503	-8015.42
769	0.280503	-8036.72
770	0.280503	-8036.57
771	0.280503	-8034.96
772	0.280503	-8022.29
773	0.280503	-8011.11
774	0.280503	-8033.8
775	0.280503	-8030.25
776	0.280503	-8027.88
777	0.280503	-8048.1
778	0.280503	-8031.58
779	0.280503	-8009.65
780	0.280503	-8021.84
781	0.280503	-8020.95
782	0.280503	-8032.6
783	0.280503	-8023.59
784	0.280503	-8029.83
785	0.280503	-8022.9
786	0.280503	-8043.04
787	0.280503	-8030.79
788	0.280503	-8013.79
789	0.280503	-8020.95
790	0.280503	-8016.78
791	0.280503	-8014.63
792	0.280503	-8035.05
793	0.280503	-8046.51
794	0.280503	-8022.86
795	0.280503	-8027.98
796	0.280503	-8005.53
797	0.280503	-8020.93
798	0.280503	-8004.8
799	0.280503	-8019.4
800	0.280503	-8008.75
801	0.280503	-8024.95
802	0.280503	-8010.4
803	0.280503	-7991.61
804	0.280503	-8006.68
805	0.280503	-8012.56
806	0.280503	-8011.51
807	0.280503	-8030.43
808	0.280503	-8033.7
809	0.280503	-8019.86
810	0.280503	-8012.1
811	0.280503	-8025.64
812	0.280503	-8004.93
813	0.280503	-8019.63
814	0.280503	-8010.04
815	0.280503	-8031.65
816	0.280503	-8032.69
817	0.280503	-8032.56
818	0.280503	-8021.13
819	0.280503	-8001.38
820	0.280503	-8015.2
821	0.280503	-8022.22
822	0.280503	-8036.1
823	0.280503	-8040.36
824	0.280503	-8034.47
825	0.280503	-8011.43
826	0.280503	-8008.53
827	0.280503	-8010.02
828	0.280503	-8025.16
829	0.280503	-8016.5
830	0.280503	-7996.16
831	0.280503	-7993.72
832	0.280503	-8010.96
833	0.280503	-7999.09
834	0.280503	-7989.79
835	0.280503	-8005.37
836	0.280503	-7993.11
837	0.280503	-7988.92
838	0.280503	-7981.66
839	0.280503	-8000.48
840	0.280503	-8019.7
841	0.280503	-7984.58
842	0.280503	-8000.94
843	0.280503	-7999.81
844	0.280503	-8009.02
845	0.280503	-8022.99
846	0.280503	-7998.62
847	0.280503	-8050.62
848	0.280503	-8027.4
849	0.280503	-8026.76
850	0.280503	-8005.94
851	0.280503	-8008
852	0.280503	-8027.2
853	0.280503	-8022.21
854	0.280503	-8020.3
855	0.280503	-8004.67
856	0.280503	-8005.18
857	0.280503	-8012.92
858	0.280503	-8002.73
859	0.280503	-8000.64
860	0.280503	-8014.71
861	0.280503	-8026.8
862	0.280503	-8042.81
863	0.280503	-8030.07
864	0.280503	-8037.79
865	0.280503	-8035.4
866	0.280503	-8031.5
867	0.280503	-8040.94
868	0.280503	-8034
869	0.280503	-8036.47
870	0.280503	-8041.27
871	0.280503	-8026.11
872	0.280503	-8014.79
873	0.280503	-8003.23
874	0.280503	-8004.92
875	0.280503	-8003.25
876	0.280503	-8015.91
877	0.280503	-8007.49
878	0.280503	-8005.78
879	0.280503	-8036.61
880	0.280503	-8028.5
881	0.280503	-8012.53
882	0.280503	-8018.38
883	0.280503	-7999.65
884	0.280503	-8020.23
885	0.280503	-8011.12
886	0.280503	-8017.89
887	0.280503	-8022.54
888	0.280503	-8043.61
889	0.280503	-8046.46
890	0.280503	-8068.28
891	0.280503	-8047.1
892	0.280503	-8088.43
893	0.280503	-8067.52
894	0.280503	-8032.58
895	0.280503	-8022.7
896	0.280503	-8035.47
897	0.280503	-8014.55
898	0.280503	-8017.89
899	0.280503	-8002.81
900	0.280503	-8009.28
901	0.280503	-8025.08
902	0.280503	-8028.83
903	0.280503	-8018.35
904	0.280503	-8032.8
905	0.280503	-8034.77
906	0.280503	-8011.47
907	0.280503	-8013.11
908	0.280503	-8043.88
909	0.280503	-8068.41
910	0.280503	-8032.59
911	0.280503	-8014.54
912	0.280503	-8037.12
913	0.280503	-8023.66
914	0.280503	-8027.91
915	0.280503	-8007.75
916	0.280503	-8002.92
917	0.280503	-8011.86
918	0.280503	-8022.97
919	0.280503	-8012.07
920	0.280503	-8022.48
921	0.280503	-8000.54
922	0.280503	-7996.29
923	0.280503	-8004.38
924	0.280503	-7999.78
925	0.280503	-8007.24
926	0.280503	-8000.31
927	0.280503	-8019.89
928	0.280503	-8006.31
929	0.280503	-8004.11
930	0.280503	-8020.71
931	0.280503	-8023.96
932	0.280503	-8033.93
933	0.280503	-8048.96
934	0.280503	-8044.89
935	0.280503	-8032.66
936	0.280503	-8005.52
937	0.280503	-8003.64
938	0.280503	-8008.36
939	0.280503	-8020.67
940	0.280503	-8037.54
941	0.280503	-8012.37
942	0.280503	-8019.51
943	0.280503	-8020.58
944	0.280503	-8034.75
945	0.280503	-8018.39
946	0.280503	-8001.59
947	0.280503	-8025.24
948	0.280503	-8018.15
949	0.280503	-8042.91
950	0.280503	-8037.43
951	0.280503	-8014.77
952	0.280503	-8008.22
953	0.280503	-8007.26
954	0.280503	-8023.85
955	0.280503	-8020.43
956	0.280503	-8008.17
957	0.280503	-7991.54
958	0.280503	-7999.58
959	0.280503	-7993.92
960	0.280503	-8009.91
961	0.280503	-8021.45
962	0.280503	-8017.89
963	0.280503	-8036.96
964	0.280503	-8013.93
965	0.280503	-8022.86
966	0.280503	-8011.05
967	0.280503	-8035.02
968	0.280503	-8033.55
969	0.280503	-8036.27
970	0.280503	-8023.67
971	0.280503	-8016.13
972	0.280503	-8010.73
973	0.280503	-8014.69
974	0.280503	-8009.28
975	0.280503	-8023.91
976	0.280503	-8012.29
977	0.280503	-8025.69
978	0.280503	-8013.3
979	0.280503	-8031.66
980	0.280503	-8005.11
981	0.280503	-8024.17
982	0.280503	-8014.3
983	0.280503	-8016.29
984	0.280503	-8023.41
985	0.280503	-8015.32
986	0.280503	-8036.14
987	0.280503	-8025.92
988	0.280503	-8018.48
989	0.280503	-7998.63
990	0.280503	-8009.72
991	0.280503	-8017.17
992	0.280503	-8018.97
993	0.280503	-8015.92
994	0.280503	-8021.17
995	0.280503	-8032.46
996	0.280503	-8025.07
997	0.280503	-8048.43
998	0.280503	-8017.72
999	0.280503	-8029.78
1000	0.280503	-8021.88
