state	power	likelihood
501	0.138544	-8235.91
502	0.138544	-8271.81
503	0.138544	-8253.08
504	0.138544	-8294.09
505	0.138544	-8311.87
506	0.138544	-8341.47
507	0.138544	-8305.16
508	0.138544	-8333.94
509	0.138544	-8349.59
510	0.138544	-8325.39
511	0.138544	-8284.92
512	0.138544	-8255.52
513	0.138544	-8305.92
514	0.138544	-8302.09
515	0.138544	-8272.14
516	0.138544	-8261.22
517	0.138544	-8235.94
518	0.138544	-8248.79
519	0.138544	-8274.74
520	0.138544	-8306.19
521	0.138544	-8279.51
522	0.138544	-8315.01
523	0.138544	-8264.26
524	0.138544	-8292.59
525	0.138544	-8298.63
526	0.138544	-8237.38
527	0.138544	-8249.11
528	0.138544	-8285.63
529	0.138544	-8279.16
530	0.138544	-8260.03
531	0.138544	-8305.51
532	0.138544	-8316.4
533	0.138544	-8286.77
534	0.138544	-8287.7
535	0.138544	-8320.6
536	0.138544	-8276.86
537	0.138544	-8281.26
538	0.138544	-8304.33
539	0.138544	-8237.69
540	0.138544	-8267.72
541	0.138544	-8257.62
542	0.138544	-8243.13
543	0.138544	-8223.63
544	0.138544	-8230.86
545	0.138544	-8226.7
546	0.138544	-8242.17
547	0.138544	-8249.42
548	0.138544	-8294.92
549	0.138544	-8294.68
550	0.138544	-8319.6
551	0.138544	-8304.57
552	0.138544	-8348.1
553	0.138544	-8302.7
554	0.138544	-8300.32
555	0.138544	-8380.53
556	0.138544	-8364.89
557	0.138544	-8353.97
558	0.138544	-8307.78
559	0.138544	-8317.22
560	0.138544	-8307.05
561	0.138544	-8251.5
562	0.138544	-8278.18
563	0.138544	-8324.37
564	0.138544	-8293.69
565	0.138544	-8278.34
566	0.138544	-8290.36
567	0.138544	-8276.25
568	0.138544	-8279.76
569	0.138544	-8283.39
570	0.138544	-8320.79
571	0.138544	-8336.69
572	0.138544	-8313.38
573	0.138544	-8335.71
574	0.138544	-8334.83
575	0.138544	-8281.74
576	0.138544	-8281.89
577	0.138544	-8299.8
578	0.138544	-8346.38
579	0.138544	-8332
580	0.138544	-8335.25
581	0.138544	-8315.67
582	0.138544	-8309.58
583	0.138544	-8286.55
584	0.138544	-8252.94
585	0.138544	-8275.26
586	0.138544	-8277.44
587	0.138544	-8281.52
588	0.138544	-8335.85
589	0.138544	-8392.11
590	0.138544	-8378.65
591	0.138544	-8404.13
592	0.138544	-8397.34
593	0.138544	-8396.6
594	0.138544	-8368.67
595	0.138544	-8346.23
596	0.138544	-8316.71
597	0.138544	-8306.78
598	0.138544	-8296.41
599	0.138544	-8284.47
600	0.138544	-8285.18
601	0.138544	-8278.18
602	0.138544	-8292.2
603	0.138544	-8333.59
604	0.138544	-8329.98
605	0.138544	-8307.18
606	0.138544	-8353.83
607	0.138544	-8374.77
608	0.138544	-8328.09
609	0.138544	-8360.65
610	0.138544	-8328.52
611	0.138544	-8270.51
612	0.138544	-8313.55
613	0.138544	-8272.72
614	0.138544	-8288.37
615	0.138544	-8328.61
616	0.138544	-8307.36
617	0.138544	-8271.71
618	0.138544	-8305.67
619	0.138544	-8324.02
620	0.138544	-8349.81
621	0.138544	-8295.9
622	0.138544	-8367.23
623	0.138544	-8364.17
624	0.138544	-8312.09
625	0.138544	-8314.29
626	0.138544	-8338.11
627	0.138544	-8332.01
628	0.138544	-8290.77
629	0.138544	-8312.86
630	0.138544	-8347.82
631	0.138544	-8317.4
632	0.138544	-8331.11
633	0.138544	-8312.65
634	0.138544	-8302.22
635	0.138544	-8302.59
636	0.138544	-8304.42
637	0.138544	-8302.85
638	0.138544	-8304.37
639	0.138544	-8318.73
640	0.138544	-8333.21
641	0.138544	-8277.54
642	0.138544	-8269.86
643	0.138544	-8293.27
644	0.138544	-8299.6
645	0.138544	-8270.68
646	0.138544	-8271.33
647	0.138544	-8305.75
648	0.138544	-8277.15
649	0.138544	-8343.84
650	0.138544	-8338.44
651	0.138544	-8315.43
652	0.138544	-8369.22
653	0.138544	-8326.02
654	0.138544	-8284.68
655	0.138544	-8310.68
656	0.138544	-8290.65
657	0.138544	-8282.65
658	0.138544	-8273.68
659	0.138544	-8275.58
660	0.138544	-8324.11
661	0.138544	-8274.1
662	0.138544	-8255.02
663	0.138544	-8282.34
664	0.138544	-8276.52
665	0.138544	-8273.32
666	0.138544	-8307.72
667	0.138544	-8289.18
668	0.138544	-8269.39
669	0.138544	-8285.16
670	0.138544	-8268.78
671	0.138544	-8267.61
672	0.138544	-8283.6
673	0.138544	-8267.92
674	0.138544	-8268.28
675	0.138544	-8273.72
676	0.138544	-8325.23
677	0.138544	-8329
678	0.138544	-8297.72
679	0.138544	-8297.64
680	0.138544	-8276.43
681	0.138544	-8263.71
682	0.138544	-8276.08
683	0.138544	-8305.51
684	0.138544	-8263.1
685	0.138544	-8274.77
686	0.138544	-8258.69
687	0.138544	-8260.67
688	0.138544	-8239.82
689	0.138544	-8229.05
690	0.138544	-8240.05
691	0.138544	-8291.03
692	0.138544	-8258.57
693	0.138544	-8266.32
694	0.138544	-8313.3
695	0.138544	-8262.84
696	0.138544	-8311.26
697	0.138544	-8280.8
698	0.138544	-8311.63
699	0.138544	-8339.34
700	0.138544	-8280.97
701	0.138544	-8303.79
702	0.138544	-8279.95
703	0.138544	-8244.26
704	0.138544	-8275.25
705	0.138544	-8296.89
706	0.138544	-8300.02
707	0.138544	-8283.61
708	0.138544	-8297.13
709	0.138544	-8274.6
710	0.138544	-8290.2
711	0.138544	-8326.03
712	0.138544	-8276.2
713	0.138544	-8289.82
714	0.138544	-8310.78
715	0.138544	-8281.87
716	0.138544	-8352.92
717	0.138544	-8305.55
718	0.138544	-8285.84
719	0.138544	-8322.61
720	0.138544	-8287.3
721	0.138544	-8373.51
722	0.138544	-8355.39
723	0.138544	-8321.76
724	0.138544	-8318.23
725	0.138544	-8336.4
726	0.138544	-8319.87
727	0.138544	-8337.28
728	0.138544	-8330.97
729	0.138544	-8337.5
730	0.138544	-8292.4
731	0.138544	-8337.98
732	0.138544	-8331.7
733	0.138544	-8300.76
734	0.138544	-8293.16
735	0.138544	-8281.99
736	0.138544	-8263.36
737	0.138544	-8266.51
738	0.138544	-8238.8
739	0.138544	-8276.26
740	0.138544	-8294.48
741	0.138544	-8246.1
742	0.138544	-8248.57
743	0.138544	-8248.06
744	0.138544	-8281.71
745	0.138544	-8259.39
746	0.138544	-8318.06
747	0.138544	-8362.71
748	0.138544	-8335.95
749	0.138544	-8316.57
750	0.138544	-8345.34
751	0.138544	-8340.81
752	0.138544	-8342.02
753	0.138544	-8318.12
754	0.138544	-8279.4
755	0.138544	-8281.56
756	0.138544	-8303.37
757	0.138544	-8290.87
758	0.138544	-8295.12
759	0.138544	-8292.86
760	0.138544	-8323.49
761	0.138544	-8279.57
762	0.138544	-8273.43
763	0.138544	-8283.86
764	0.138544	-8329.85
765	0.138544	-8340.94
766	0.138544	-8316.03
767	0.138544	-8300.97
768	0.138544	-8275.36
769	0.138544	-8284.3
770	0.138544	-8288.22
771	0.138544	-8307.17
772	0.138544	-8288.22
773	0.138544	-8284.43
774	0.138544	-8261.39
775	0.138544	-8247.46
776	0.138544	-8217.66
777	0.138544	-8243.96
778	0.138544	-8255.04
779	0.138544	-8309.32
780	0.138544	-8355.13
781	0.138544	-8308.57
782	0.138544	-8337.84
783	0.138544	-8352.17
784	0.138544	-8279.46
785	0.138544	-8313.98
786	0.138544	-8304.86
787	0.138544	-8303.3
788	0.138544	-8288.46
789	0.138544	-8334.46
790	0.138544	-8275.3
791	0.138544	-8283.76
792	0.138544	-8277
793	0.138544	-8267
794	0.138544	-8261.13
795	0.138544	-8276.17
796	0.138544	-8342.37
797	0.138544	-8306.14
798	0.138544	-8284.06
799	0.138544	-8306.32
800	0.138544	-8271.93
801	0.138544	-8280.81
802	0.138544	-8265.68
803	0.138544	-8301.23
804	0.138544	-8268.38
805	0.138544	-8270.02
806	0.138544	-8251.34
807	0.138544	-8284.62
808	0.138544	-8322.76
809	0.138544	-8284.77
810	0.138544	-8342
811	0.138544	-8314.32
812	0.138544	-8325.75
813	0.138544	-8318.09
814	0.138544	-8324.94
815	0.138544	-8333.14
816	0.138544	-8310.7
817	0.138544	-8286.75
818	0.138544	-8276.29
819	0.138544	-8307.85
820	0.138544	-8287.05
821	0.138544	-8295.87
822	0.138544	-8259.51
823	0.138544	-8282.59
824	0.138544	-8262.13
825	0.138544	-8259.4
826	0.138544	-8310.01
827	0.138544	-8269.49
828	0.138544	-8295.01
829	0.138544	-8275.14
830	0.138544	-8291.91
831	0.138544	-8278.93
832	0.138544	-8301.96
833	0.138544	-8307.35
834	0.138544	-8265.99
835	0.138544	-8302.44
836	0.138544	-8296.22
837	0.138544	-8306.16
838	0.138544	-8286.65
839	0.138544	-8276.58
840	0.138544	-8273.52
841	0.138544	-8251.4
842	0.138544	-8268.77
843	0.138544	-8301.17
844	0.138544	-8318.07
845	0.138544	-8324.21
846	0.138544	-8282.24
847	0.138544	-8296.35
848	0.138544	-8265.64
849	0.138544	-8270.91
850	0.138544	-8269.62
851	0.138544	-8262.18
852	0.138544	-8279.48
853	0.138544	-8260.99
854	0.138544	-8309.17
855	0.138544	-8326.96
856	0.138544	-8276.35
857	0.138544	-8286.49
858	0.138544	-8339.68
859	0.138544	-8308.17
860	0.138544	-8328.25
861	0.138544	-8330.59
862	0.138544	-8280.46
863	0.138544	-8291.43
864	0.138544	-8250.17
865	0.138544	-8241.89
866	0.138544	-8228.39
867	0.138544	-8244.17
868	0.138544	-8286.64
869	0.138544	-8273.18
870	0.138544	-8247.72
871	0.138544	-8277.78
872	0.138544	-8277.83
873	0.138544	-8294.48
874	0.138544	-8259.27
875	0.138544	-8260.94
876	0.138544	-8307.53
877	0.138544	-8277.91
878	0.138544	-8297.96
879	0.138544	-8269.12
880	0.138544	-8275.07
881	0.138544	-8242.73
882	0.138544	-8280.12
883	0.138544	-8308.62
884	0.138544	-8240.42
885	0.138544	-8258.94
886	0.138544	-8335.98
887	0.138544	-8313.99
888	0.138544	-8263.38
889	0.138544	-8289.88
890	0.138544	-8305.45
891	0.138544	-8287.96
892	0.138544	-8304.36
893	0.138544	-8337.07
894	0.138544	-8305.83
895	0.138544	-8265.74
896	0.138544	-8254.85
897	0.138544	-8308.64
898	0.138544	-8332.15
899	0.138544	-8361.85
900	0.138544	-8294
901	0.138544	-8312.45
902	0.138544	-8323.9
903	0.138544	-8322.92
904	0.138544	-8288.44
905	0.138544	-8279.1
906	0.138544	-8279.72
907	0.138544	-8320.46
908	0.138544	-8301.37
909	0.138544	-8308.16
910	0.138544	-8296.59
911	0.138544	-8282.23
912	0.138544	-8257.59
913	0.138544	-8251.47
914	0.138544	-8251.99
915	0.138544	-8259.88
916	0.138544	-8303.18
917	0.138544	-8275.22
918	0.138544	-8249.68
919	0.138544	-8278.61
920	0.138544	-8301.97
921	0.138544	-8301.67
922	0.138544	-8301.39
923	0.138544	-8301.34
924	0.138544	-8355.75
925	0.138544	-8311.15
926	0.138544	-8363.2
927	0.138544	-8316.25
928	0.138544	-8311.87
929	0.138544	-8306.6
930	0.138544	-8300.29
931	0.138544	-8283.61
932	0.138544	-8288.03
933	0.138544	-8273.24
934	0.138544	-8267.45
935	0.138544	-8282.67
936	0.138544	-8264.46
937	0.138544	-8328.4
938	0.138544	-8322.69
939	0.138544	-8318.82
940	0.138544	-8319.41
941	0.138544	-8288.9
942	0.138544	-8290.09
943	0.138544	-8288.68
944	0.138544	-8243.19
945	0.138544	-8222.29
946	0.138544	-8258.94
947	0.138544	-8259.83
948	0.138544	-8280.3
949	0.138544	-8262.65
950	0.138544	-8256.46
951	0.138544	-8300.15
952	0.138544	-8294.97
953	0.138544	-8340.34
954	0.138544	-8315.63
955	0.138544	-8309.26
956	0.138544	-8260.85
957	0.138544	-8327.01
958	0.138544	-8332.48
959	0.138544	-8322.74
960	0.138544	-8301.34
961	0.138544	-8292.43
962	0.138544	-8265.14
963	0.138544	-8281.12
964	0.138544	-8323.92
965	0.138544	-8270.82
966	0.138544	-8268.91
967	0.138544	-8251.25
968	0.138544	-8270.37
969	0.138544	-8255.69
970	0.138544	-8282.06
971	0.138544	-8295.21
972	0.138544	-8290.98
973	0.138544	-8265.67
974	0.138544	-8262.16
975	0.138544	-8279.1
976	0.138544	-8266.6
977	0.138544	-8246.39
978	0.138544	-8223.2
979	0.138544	-8235.12
980	0.138544	-8280.09
981	0.138544	-8246.6
982	0.138544	-8267.93
983	0.138544	-8254.27
984	0.138544	-8274.37
985	0.138544	-8290.73
986	0.138544	-8239.17
987	0.138544	-8273.98
988	0.138544	-8265.28
989	0.138544	-8272.46
990	0.138544	-8282.43
991	0.138544	-8295.56
992	0.138544	-8313.11
993	0.138544	-8264.74
994	0.138544	-8303.92
995	0.138544	-8294
996	0.138544	-8313.35
997	0.138544	-8290.49
998	0.138544	-8370.07
999	0.138544	-8344.29
1000	0.138544	-8352.94
1001	0.138544	-8311.42
1002	0.138544	-8368.16
1003	0.138544	-8285.72
1004	0.138544	-8277.51
1005	0.138544	-8286.09
1006	0.138544	-8299.44
1007	0.138544	-8296.02
1008	0.138544	-8264.51
1009	0.138544	-8277.28
1010	0.138544	-8316.23
1011	0.138544	-8332.06
1012	0.138544	-8365.53
1013	0.138544	-8323.73
1014	0.138544	-8339.8
1015	0.138544	-8367.8
1016	0.138544	-8308.12
1017	0.138544	-8258.88
1018	0.138544	-8282.01
1019	0.138544	-8290.2
1020	0.138544	-8299.94
1021	0.138544	-8295.21
1022	0.138544	-8281.36
1023	0.138544	-8312.56
1024	0.138544	-8304.79
1025	0.138544	-8310.97
1026	0.138544	-8283.12
1027	0.138544	-8277.49
1028	0.138544	-8319.34
1029	0.138544	-8297.79
1030	0.138544	-8309.76
1031	0.138544	-8357.59
1032	0.138544	-8324.98
1033	0.138544	-8352.54
1034	0.138544	-8330.67
1035	0.138544	-8305.91
1036	0.138544	-8305.4
1037	0.138544	-8307.72
1038	0.138544	-8309.74
1039	0.138544	-8285.33
1040	0.138544	-8269.54
1041	0.138544	-8285.9
1042	0.138544	-8293.01
1043	0.138544	-8282.14
1044	0.138544	-8288.14
1045	0.138544	-8275.41
1046	0.138544	-8258.63
1047	0.138544	-8269.82
1048	0.138544	-8281.21
1049	0.138544	-8283.7
1050	0.138544	-8289.94
1051	0.138544	-8298.77
1052	0.138544	-8275.04
1053	0.138544	-8267.64
1054	0.138544	-8294.84
1055	0.138544	-8280.86
1056	0.138544	-8294.67
1057	0.138544	-8307.89
1058	0.138544	-8308.69
1059	0.138544	-8290.08
1060	0.138544	-8297.29
1061	0.138544	-8305.93
1062	0.138544	-8247.36
1063	0.138544	-8248.62
1064	0.138544	-8314.43
1065	0.138544	-8324.07
1066	0.138544	-8298.26
1067	0.138544	-8273.34
1068	0.138544	-8272.2
1069	0.138544	-8281.48
1070	0.138544	-8272.28
1071	0.138544	-8287.12
1072	0.138544	-8289.69
1073	0.138544	-8268.51
1074	0.138544	-8287.88
1075	0.138544	-8275.05
1076	0.138544	-8283.43
1077	0.138544	-8321.04
1078	0.138544	-8275.36
1079	0.138544	-8268.98
1080	0.138544	-8265.78
1081	0.138544	-8255.96
1082	0.138544	-8298.4
1083	0.138544	-8300.96
1084	0.138544	-8267.62
1085	0.138544	-8281.61
1086	0.138544	-8283.75
1087	0.138544	-8276.89
1088	0.138544	-8306.18
1089	0.138544	-8280.62
1090	0.138544	-8286.46
1091	0.138544	-8282.62
1092	0.138544	-8295.26
1093	0.138544	-8319.17
1094	0.138544	-8269.22
1095	0.138544	-8259.85
1096	0.138544	-8234.55
1097	0.138544	-8269.66
1098	0.138544	-8303.38
1099	0.138544	-8276.24
1100	0.138544	-8297.99
1101	0.138544	-8302.07
1102	0.138544	-8278.87
1103	0.138544	-8296.39
1104	0.138544	-8347.96
1105	0.138544	-8353.07
1106	0.138544	-8313.92
1107	0.138544	-8318.37
1108	0.138544	-8304
1109	0.138544	-8285.05
1110	0.138544	-8294.76
1111	0.138544	-8311.75
1112	0.138544	-8313.35
1113	0.138544	-8354.55
1114	0.138544	-8303.72
1115	0.138544	-8299.77
1116	0.138544	-8316.95
1117	0.138544	-8346.09
1118	0.138544	-8280.98
1119	0.138544	-8276.65
1120	0.138544	-8269.89
1121	0.138544	-8281.25
1122	0.138544	-8249.96
1123	0.138544	-8231.38
1124	0.138544	-8248.8
1125	0.138544	-8269.82
1126	0.138544	-8277.6
1127	0.138544	-8276.68
1128	0.138544	-8267.09
1129	0.138544	-8307.49
1130	0.138544	-8332.94
1131	0.138544	-8327.07
1132	0.138544	-8329.2
1133	0.138544	-8321.48
1134	0.138544	-8272.74
1135	0.138544	-8264.49
1136	0.138544	-8322.02
1137	0.138544	-8309.87
1138	0.138544	-8303.13
1139	0.138544	-8292.35
1140	0.138544	-8264.44
1141	0.138544	-8323.81
1142	0.138544	-8296.13
1143	0.138544	-8287.85
1144	0.138544	-8248.4
1145	0.138544	-8245.7
1146	0.138544	-8246.69
1147	0.138544	-8278.1
1148	0.138544	-8245.18
1149	0.138544	-8255.88
1150	0.138544	-8286.16
1151	0.138544	-8306.8
1152	0.138544	-8306.23
1153	0.138544	-8305.55
1154	0.138544	-8255.7
1155	0.138544	-8270.56
1156	0.138544	-8252.26
1157	0.138544	-8274.26
1158	0.138544	-8278.9
1159	0.138544	-8277.54
1160	0.138544	-8270.25
1161	0.138544	-8276.39
1162	0.138544	-8244.65
1163	0.138544	-8293.89
1164	0.138544	-8278.12
1165	0.138544	-8293.74
1166	0.138544	-8301.87
1167	0.138544	-8294.88
1168	0.138544	-8270.28
1169	0.138544	-8286.29
1170	0.138544	-8230.56
1171	0.138544	-8287.94
1172	0.138544	-8296.37
1173	0.138544	-8275.5
1174	0.138544	-8269.68
1175	0.138544	-8344.9
1176	0.138544	-8338.53
1177	0.138544	-8314.42
1178	0.138544	-8269.41
1179	0.138544	-8316.13
1180	0.138544	-8305.54
1181	0.138544	-8313.72
1182	0.138544	-8317.9
1183	0.138544	-8330.8
1184	0.138544	-8315.29
1185	0.138544	-8282.4
1186	0.138544	-8271.86
1187	0.138544	-8296.11
1188	0.138544	-8273.87
1189	0.138544	-8322.04
1190	0.138544	-8313.67
1191	0.138544	-8311.84
1192	0.138544	-8325.16
1193	0.138544	-8342.61
1194	0.138544	-8305.48
1195	0.138544	-8310.32
1196	0.138544	-8365.7
1197	0.138544	-8299.69
1198	0.138544	-8250.86
1199	0.138544	-8324.8
1200	0.138544	-8233.21
1201	0.138544	-8301.26
1202	0.138544	-8262.95
1203	0.138544	-8237.45
1204	0.138544	-8288.83
1205	0.138544	-8319.18
1206	0.138544	-8281.65
1207	0.138544	-8256.56
1208	0.138544	-8289.29
1209	0.138544	-8282.66
1210	0.138544	-8303.05
1211	0.138544	-8312.58
1212	0.138544	-8308.15
1213	0.138544	-8324.36
1214	0.138544	-8265.3
1215	0.138544	-8306
1216	0.138544	-8281.95
1217	0.138544	-8286.36
1218	0.138544	-8280.12
1219	0.138544	-8289.01
1220	0.138544	-8289.82
1221	0.138544	-8264.94
1222	0.138544	-8287.08
1223	0.138544	-8290.08
1224	0.138544	-8280.58
1225	0.138544	-8290.68
1226	0.138544	-8272.65
1227	0.138544	-8308.97
1228	0.138544	-8295.77
1229	0.138544	-8293.45
1230	0.138544	-8256.46
1231	0.138544	-8287.11
1232	0.138544	-8271.11
1233	0.138544	-8295.87
1234	0.138544	-8324.63
1235	0.138544	-8290.34
1236	0.138544	-8293.4
1237	0.138544	-8285.27
1238	0.138544	-8310.84
1239	0.138544	-8292.74
1240	0.138544	-8287.37
1241	0.138544	-8325.62
1242	0.138544	-8332.08
1243	0.138544	-8331.42
1244	0.138544	-8329.58
1245	0.138544	-8289.55
1246	0.138544	-8284.07
1247	0.138544	-8325.05
1248	0.138544	-8309.31
1249	0.138544	-8305.7
1250	0.138544	-8293
1251	0.138544	-8314.99
1252	0.138544	-8306.21
1253	0.138544	-8305.6
1254	0.138544	-8369.32
1255	0.138544	-8357.43
1256	0.138544	-8318.89
1257	0.138544	-8344.45
1258	0.138544	-8287.08
1259	0.138544	-8310.26
1260	0.138544	-8272.6
1261	0.138544	-8267.91
1262	0.138544	-8322.46
1263	0.138544	-8309.32
1264	0.138544	-8320.71
1265	0.138544	-8312.15
1266	0.138544	-8324.6
1267	0.138544	-8287.14
1268	0.138544	-8284.81
1269	0.138544	-8328.34
1270	0.138544	-8304.14
1271	0.138544	-8335.86
1272	0.138544	-8314.88
1273	0.138544	-8332.82
1274	0.138544	-8334.05
1275	0.138544	-8333.11
1276	0.138544	-8304
1277	0.138544	-8273.1
1278	0.138544	-8283.33
1279	0.138544	-8293.77
1280	0.138544	-8304.16
1281	0.138544	-8264.4
1282	0.138544	-8252.39
1283	0.138544	-8249.6
1284	0.138544	-8246.72
1285	0.138544	-8249.87
1286	0.138544	-8253.91
1287	0.138544	-8243.52
1288	0.138544	-8238.39
1289	0.138544	-8245.42
1290	0.138544	-8277.3
1291	0.138544	-8308.18
1292	0.138544	-8306.71
1293	0.138544	-8292.67
1294	0.138544	-8274.29
1295	0.138544	-8269.69
1296	0.138544	-8251.22
1297	0.138544	-8267.01
1298	0.138544	-8294.07
1299	0.138544	-8392.4
1300	0.138544	-8307.93
1301	0.138544	-8305.66
1302	0.138544	-8310.19
1303	0.138544	-8303.55
1304	0.138544	-8324.17
1305	0.138544	-8291.6
1306	0.138544	-8261.75
1307	0.138544	-8264.94
1308	0.138544	-8256.69
1309	0.138544	-8249.96
1310	0.138544	-8273.01
1311	0.138544	-8267.95
1312	0.138544	-8268.5
1313	0.138544	-8278.6
1314	0.138544	-8325.31
1315	0.138544	-8329.73
1316	0.138544	-8334.31
1317	0.138544	-8295.78
1318	0.138544	-8260.88
1319	0.138544	-8277.66
1320	0.138544	-8260.54
1321	0.138544	-8291.46
1322	0.138544	-8291.39
1323	0.138544	-8318.02
1324	0.138544	-8265.76
1325	0.138544	-8246.32
1326	0.138544	-8290.24
1327	0.138544	-8261.52
1328	0.138544	-8300.5
1329	0.138544	-8280.78
1330	0.138544	-8270.49
1331	0.138544	-8309.44
1332	0.138544	-8261.92
1333	0.138544	-8284.11
1334	0.138544	-8283.55
1335	0.138544	-8277.65
1336	0.138544	-8291.42
1337	0.138544	-8283.56
1338	0.138544	-8273.75
1339	0.138544	-8322.88
1340	0.138544	-8287.19
1341	0.138544	-8302.09
1342	0.138544	-8302.77
1343	0.138544	-8305.91
1344	0.138544	-8275.19
1345	0.138544	-8278.57
1346	0.138544	-8288.97
1347	0.138544	-8277.45
1348	0.138544	-8286.22
1349	0.138544	-8221.34
1350	0.138544	-8216.31
1351	0.138544	-8231.64
1352	0.138544	-8229.05
1353	0.138544	-8231.05
1354	0.138544	-8286.91
1355	0.138544	-8253.52
1356	0.138544	-8287.12
1357	0.138544	-8227.72
1358	0.138544	-8221.38
1359	0.138544	-8254.91
1360	0.138544	-8287.05
1361	0.138544	-8313.15
1362	0.138544	-8322.25
1363	0.138544	-8319.72
1364	0.138544	-8292.29
1365	0.138544	-8330.4
1366	0.138544	-8321.19
1367	0.138544	-8314.93
1368	0.138544	-8260.17
1369	0.138544	-8322.63
1370	0.138544	-8289.05
1371	0.138544	-8271.97
1372	0.138544	-8305.64
1373	0.138544	-8285.3
1374	0.138544	-8274.54
1375	0.138544	-8277.06
1376	0.138544	-8253.47
1377	0.138544	-8266.77
1378	0.138544	-8277.06
1379	0.138544	-8273.41
1380	0.138544	-8241.18
1381	0.138544	-8246.24
1382	0.138544	-8249.76
1383	0.138544	-8268.34
1384	0.138544	-8275.98
1385	0.138544	-8276.87
1386	0.138544	-8276.91
1387	0.138544	-8294.5
1388	0.138544	-8275.92
1389	0.138544	-8278.02
1390	0.138544	-8291.92
1391	0.138544	-8279.19
1392	0.138544	-8265.66
1393	0.138544	-8287.79
1394	0.138544	-8270.24
1395	0.138544	-8355.79
1396	0.138544	-8339.33
1397	0.138544	-8331.49
1398	0.138544	-8288.69
1399	0.138544	-8260.71
1400	0.138544	-8291.16
1401	0.138544	-8309.97
1402	0.138544	-8273.46
1403	0.138544	-8306.27
1404	0.138544	-8285.32
1405	0.138544	-8290
1406	0.138544	-8340.63
1407	0.138544	-8308.14
1408	0.138544	-8302.86
1409	0.138544	-8302.38
1410	0.138544	-8315.22
1411	0.138544	-8347.04
1412	0.138544	-8335.37
1413	0.138544	-8347.53
1414	0.138544	-8275.32
1415	0.138544	-8301.28
1416	0.138544	-8260.18
1417	0.138544	-8268.26
1418	0.138544	-8291.13
1419	0.138544	-8258.41
1420	0.138544	-8247.07
1421	0.138544	-8249.5
1422	0.138544	-8242.83
1423	0.138544	-8260.83
1424	0.138544	-8259.84
1425	0.138544	-8295.6
1426	0.138544	-8315.8
1427	0.138544	-8325.75
1428	0.138544	-8342.87
1429	0.138544	-8356.88
1430	0.138544	-8300.64
1431	0.138544	-8276.99
1432	0.138544	-8278.44
1433	0.138544	-8305.23
1434	0.138544	-8271.81
1435	0.138544	-8268.74
1436	0.138544	-8295.22
1437	0.138544	-8276.08
1438	0.138544	-8251.22
1439	0.138544	-8263.06
1440	0.138544	-8286.1
1441	0.138544	-8275.86
1442	0.138544	-8260.89
1443	0.138544	-8264.74
1444	0.138544	-8250.97
1445	0.138544	-8254.89
1446	0.138544	-8283.51
1447	0.138544	-8239.54
1448	0.138544	-8243.67
1449	0.138544	-8237.21
1450	0.138544	-8258.8
1451	0.138544	-8256.92
1452	0.138544	-8255.59
1453	0.138544	-8288.85
1454	0.138544	-8314.79
1455	0.138544	-8294.8
1456	0.138544	-8290.03
1457	0.138544	-8293.11
1458	0.138544	-8290.58
1459	0.138544	-8283.97
1460	0.138544	-8302.84
1461	0.138544	-8310.45
1462	0.138544	-8288.18
1463	0.138544	-8298.2
1464	0.138544	-8332.41
1465	0.138544	-8317.16
1466	0.138544	-8281.72
1467	0.138544	-8292.86
1468	0.138544	-8267.9
1469	0.138544	-8251.1
1470	0.138544	-8292.56
1471	0.138544	-8311.97
1472	0.138544	-8282.14
1473	0.138544	-8277.19
1474	0.138544	-8273.72
1475	0.138544	-8302.56
1476	0.138544	-8304.21
1477	0.138544	-8313.34
1478	0.138544	-8285.59
1479	0.138544	-8304.31
1480	0.138544	-8248.98
1481	0.138544	-8276.43
1482	0.138544	-8262.42
1483	0.138544	-8246.14
1484	0.138544	-8246.56
1485	0.138544	-8256.18
1486	0.138544	-8266
1487	0.138544	-8275.74
1488	0.138544	-8250.61
1489	0.138544	-8299.32
1490	0.138544	-8327.63
1491	0.138544	-8278.04
1492	0.138544	-8271.09
1493	0.138544	-8327.05
1494	0.138544	-8285.12
1495	0.138544	-8246.4
1496	0.138544	-8256.61
1497	0.138544	-8281.75
1498	0.138544	-8252.09
1499	0.138544	-8273.43
1500	0.138544	-8276.57
1501	0.138544	-8297.99
1502	0.138544	-8259.65
1503	0.138544	-8308.6
1504	0.138544	-8350.6
1505	0.138544	-8285.99
1506	0.138544	-8299.11
1507	0.138544	-8336.7
1508	0.138544	-8275.9
1509	0.138544	-8278.24
1510	0.138544	-8266.94
1511	0.138544	-8251.39
1512	0.138544	-8265.22
1513	0.138544	-8258.69
1514	0.138544	-8243.31
1515	0.138544	-8270.32
1516	0.138544	-8265.58
1517	0.138544	-8273.54
1518	0.138544	-8276.72
1519	0.138544	-8299.29
1520	0.138544	-8295.06
1521	0.138544	-8312.66
1522	0.138544	-8308.08
1523	0.138544	-8295.05
1524	0.138544	-8298.25
1525	0.138544	-8315.71
1526	0.138544	-8331.32
1527	0.138544	-8303.79
1528	0.138544	-8321.05
1529	0.138544	-8313.99
1530	0.138544	-8253.18
1531	0.138544	-8257.36
1532	0.138544	-8264.88
1533	0.138544	-8256.14
1534	0.138544	-8292.31
1535	0.138544	-8329.74
1536	0.138544	-8299.51
1537	0.138544	-8305.86
1538	0.138544	-8300.54
1539	0.138544	-8331.02
1540	0.138544	-8323.66
1541	0.138544	-8305.5
1542	0.138544	-8268.72
1543	0.138544	-8281.95
1544	0.138544	-8283.01
1545	0.138544	-8264.16
1546	0.138544	-8232.83
1547	0.138544	-8268.12
1548	0.138544	-8241.33
1549	0.138544	-8313.08
1550	0.138544	-8313.18
1551	0.138544	-8336.07
1552	0.138544	-8309.22
1553	0.138544	-8314.92
1554	0.138544	-8299.2
1555	0.138544	-8290.58
1556	0.138544	-8256.79
1557	0.138544	-8283.45
1558	0.138544	-8276
1559	0.138544	-8283.5
1560	0.138544	-8320.51
1561	0.138544	-8295.64
1562	0.138544	-8267.55
1563	0.138544	-8279.94
1564	0.138544	-8344.53
1565	0.138544	-8281.46
1566	0.138544	-8290.01
1567	0.138544	-8286.04
1568	0.138544	-8277.8
1569	0.138544	-8328.21
1570	0.138544	-8318.92
1571	0.138544	-8342.1
1572	0.138544	-8281.19
1573	0.138544	-8276.27
1574	0.138544	-8233.86
1575	0.138544	-8212.51
1576	0.138544	-8233.77
1577	0.138544	-8265.18
1578	0.138544	-8252.67
1579	0.138544	-8324.23
1580	0.138544	-8243.44
1581	0.138544	-8281.34
1582	0.138544	-8266.38
1583	0.138544	-8273.12
1584	0.138544	-8270.97
1585	0.138544	-8277.76
1586	0.138544	-8296.04
1587	0.138544	-8286.28
1588	0.138544	-8275.85
1589	0.138544	-8288.37
1590	0.138544	-8254.74
1591	0.138544	-8265.11
1592	0.138544	-8263.62
1593	0.138544	-8336.35
1594	0.138544	-8280.97
1595	0.138544	-8253.53
1596	0.138544	-8325.74
1597	0.138544	-8292.15
1598	0.138544	-8288.84
1599	0.138544	-8295.23
1600	0.138544	-8273.11
1601	0.138544	-8264.79
1602	0.138544	-8253.11
1603	0.138544	-8269.24
1604	0.138544	-8242.12
1605	0.138544	-8254.48
1606	0.138544	-8331.87
1607	0.138544	-8311.59
1608	0.138544	-8323.44
1609	0.138544	-8303.61
1610	0.138544	-8332.95
1611	0.138544	-8301.67
1612	0.138544	-8301.05
1613	0.138544	-8330.92
1614	0.138544	-8332.81
1615	0.138544	-8312.22
1616	0.138544	-8324.13
1617	0.138544	-8383.9
1618	0.138544	-8385.69
1619	0.138544	-8332.62
1620	0.138544	-8308.18
1621	0.138544	-8320.06
1622	0.138544	-8343.03
1623	0.138544	-8370.45
1624	0.138544	-8405.33
1625	0.138544	-8379.38
1626	0.138544	-8322.62
1627	0.138544	-8320.68
1628	0.138544	-8293.62
1629	0.138544	-8361.74
1630	0.138544	-8303.17
1631	0.138544	-8310.85
1632	0.138544	-8258.85
1633	0.138544	-8289.6
1634	0.138544	-8284.28
1635	0.138544	-8296.95
1636	0.138544	-8245.28
1637	0.138544	-8251.86
1638	0.138544	-8252.42
1639	0.138544	-8261.3
1640	0.138544	-8242.71
1641	0.138544	-8321.07
1642	0.138544	-8281.93
1643	0.138544	-8247.91
1644	0.138544	-8283.19
1645	0.138544	-8295.11
1646	0.138544	-8277.66
1647	0.138544	-8317.84
1648	0.138544	-8295.66
1649	0.138544	-8296.83
1650	0.138544	-8267.81
1651	0.138544	-8299.12
1652	0.138544	-8284.85
1653	0.138544	-8266.35
1654	0.138544	-8271.56
1655	0.138544	-8241.58
1656	0.138544	-8267.34
1657	0.138544	-8253.1
1658	0.138544	-8275.48
1659	0.138544	-8283.09
1660	0.138544	-8257.41
1661	0.138544	-8241.58
1662	0.138544	-8237.39
1663	0.138544	-8250.76
1664	0.138544	-8299.62
1665	0.138544	-8277.72
1666	0.138544	-8315.77
1667	0.138544	-8326.27
1668	0.138544	-8291.99
1669	0.138544	-8293.74
1670	0.138544	-8308.8
1671	0.138544	-8295.62
1672	0.138544	-8279.15
1673	0.138544	-8278.35
1674	0.138544	-8288.73
1675	0.138544	-8304.25
1676	0.138544	-8283.07
1677	0.138544	-8313.07
1678	0.138544	-8293.8
1679	0.138544	-8322.37
1680	0.138544	-8326.34
1681	0.138544	-8310.08
1682	0.138544	-8320.46
1683	0.138544	-8317.48
1684	0.138544	-8320.06
1685	0.138544	-8335.96
1686	0.138544	-8366.38
1687	0.138544	-8367.59
1688	0.138544	-8327.36
1689	0.138544	-8302.68
1690	0.138544	-8307.34
1691	0.138544	-8291.49
1692	0.138544	-8373.15
1693	0.138544	-8360.61
1694	0.138544	-8312.16
1695	0.138544	-8311.69
1696	0.138544	-8313.4
1697	0.138544	-8320.84
1698	0.138544	-8271.88
1699	0.138544	-8248.54
1700	0.138544	-8265.79
1701	0.138544	-8259.88
1702	0.138544	-8281.58
1703	0.138544	-8291.27
1704	0.138544	-8291.45
1705	0.138544	-8275.63
1706	0.138544	-8273.68
1707	0.138544	-8262.21
1708	0.138544	-8300.71
1709	0.138544	-8241.76
1710	0.138544	-8264.44
1711	0.138544	-8252.23
1712	0.138544	-8287.61
1713	0.138544	-8281.17
1714	0.138544	-8261.91
1715	0.138544	-8251.27
1716	0.138544	-8251.08
1717	0.138544	-8258.19
1718	0.138544	-8248.39
1719	0.138544	-8250.2
1720	0.138544	-8275.4
1721	0.138544	-8269.36
1722	0.138544	-8244.94
1723	0.138544	-8249.37
1724	0.138544	-8281.38
1725	0.138544	-8293.73
1726	0.138544	-8290.11
1727	0.138544	-8304.33
1728	0.138544	-8303.69
1729	0.138544	-8272.82
1730	0.138544	-8261.55
1731	0.138544	-8273.07
1732	0.138544	-8306.65
1733	0.138544	-8321.16
1734	0.138544	-8286.61
1735	0.138544	-8276.78
1736	0.138544	-8289.06
1737	0.138544	-8323.81
1738	0.138544	-8291.94
1739	0.138544	-8255.67
1740	0.138544	-8238.95
1741	0.138544	-8262.3
1742	0.138544	-8337.04
1743	0.138544	-8283.47
1744	0.138544	-8318.52
1745	0.138544	-8259.3
1746	0.138544	-8264.79
1747	0.138544	-8262.88
1748	0.138544	-8266.77
1749	0.138544	-8316.56
1750	0.138544	-8277.32
1751	0.138544	-8291.14
1752	0.138544	-8276.67
1753	0.138544	-8313.72
1754	0.138544	-8310.57
1755	0.138544	-8285.44
1756	0.138544	-8263.38
1757	0.138544	-8304.37
1758	0.138544	-8311.82
1759	0.138544	-8368.14
1760	0.138544	-8303.34
1761	0.138544	-8329.53
1762	0.138544	-8315.23
1763	0.138544	-8299.03
1764	0.138544	-8304.67
1765	0.138544	-8362.63
1766	0.138544	-8325.91
1767	0.138544	-8304.22
1768	0.138544	-8314.49
1769	0.138544	-8280.88
1770	0.138544	-8295.71
1771	0.138544	-8275.32
1772	0.138544	-8325.41
1773	0.138544	-8330.86
1774	0.138544	-8343.68
1775	0.138544	-8325.54
1776	0.138544	-8288
1777	0.138544	-8305.57
1778	0.138544	-8310.53
1779	0.138544	-8296.97
1780	0.138544	-8300.19
1781	0.138544	-8273.34
1782	0.138544	-8271.9
1783	0.138544	-8288.87
1784	0.138544	-8282.5
1785	0.138544	-8271.62
1786	0.138544	-8284.79
1787	0.138544	-8249.39
1788	0.138544	-8241.78
1789	0.138544	-8285.05
1790	0.138544	-8281.76
1791	0.138544	-8248.68
1792	0.138544	-8277.16
1793	0.138544	-8270.96
1794	0.138544	-8272.22
1795	0.138544	-8279.33
1796	0.138544	-8261.66
1797	0.138544	-8316.4
1798	0.138544	-8280.68
1799	0.138544	-8295.95
1800	0.138544	-8279.96
1801	0.138544	-8297.05
1802	0.138544	-8311.76
1803	0.138544	-8264.22
1804	0.138544	-8253.01
1805	0.138544	-8267.07
1806	0.138544	-8274.43
1807	0.138544	-8303.29
1808	0.138544	-8300.47
1809	0.138544	-8287.56
1810	0.138544	-8276.5
1811	0.138544	-8271.52
1812	0.138544	-8296.76
1813	0.138544	-8262.13
1814	0.138544	-8315.18
1815	0.138544	-8295.61
1816	0.138544	-8314.83
1817	0.138544	-8273.92
1818	0.138544	-8288.91
1819	0.138544	-8287.34
1820	0.138544	-8344.23
1821	0.138544	-8333.93
1822	0.138544	-8282.41
1823	0.138544	-8280.93
1824	0.138544	-8287.52
1825	0.138544	-8276.61
1826	0.138544	-8316.96
1827	0.138544	-8346.11
1828	0.138544	-8333.27
1829	0.138544	-8334.58
1830	0.138544	-8296.09
1831	0.138544	-8293.03
1832	0.138544	-8337.53
1833	0.138544	-8262.51
1834	0.138544	-8274.59
1835	0.138544	-8288.69
1836	0.138544	-8293.12
1837	0.138544	-8354.78
1838	0.138544	-8288.79
1839	0.138544	-8308.15
1840	0.138544	-8314.43
1841	0.138544	-8260.34
1842	0.138544	-8270.05
1843	0.138544	-8276.96
1844	0.138544	-8296.04
1845	0.138544	-8282.11
1846	0.138544	-8317.68
1847	0.138544	-8270.17
1848	0.138544	-8276.74
1849	0.138544	-8289.93
1850	0.138544	-8323.94
1851	0.138544	-8269.58
1852	0.138544	-8250.64
1853	0.138544	-8267.64
1854	0.138544	-8247.37
1855	0.138544	-8270.93
1856	0.138544	-8266.71
1857	0.138544	-8286.19
1858	0.138544	-8308.2
1859	0.138544	-8279.95
1860	0.138544	-8336.01
1861	0.138544	-8264.41
1862	0.138544	-8302.48
1863	0.138544	-8307.95
1864	0.138544	-8290.9
1865	0.138544	-8279.67
1866	0.138544	-8273.23
1867	0.138544	-8266.9
1868	0.138544	-8283.42
1869	0.138544	-8273.72
1870	0.138544	-8279.43
1871	0.138544	-8292.32
1872	0.138544	-8282.33
1873	0.138544	-8291.48
1874	0.138544	-8266.67
1875	0.138544	-8280.27
1876	0.138544	-8311.03
1877	0.138544	-8320.43
1878	0.138544	-8277.83
1879	0.138544	-8299.44
1880	0.138544	-8271.07
1881	0.138544	-8256.3
1882	0.138544	-8257.09
1883	0.138544	-8290.55
1884	0.138544	-8262.55
1885	0.138544	-8263.27
1886	0.138544	-8243.22
1887	0.138544	-8219.9
1888	0.138544	-8245.78
1889	0.138544	-8274.22
1890	0.138544	-8296.44
1891	0.138544	-8319.19
1892	0.138544	-8286.41
1893	0.138544	-8270.33
1894	0.138544	-8251.69
1895	0.138544	-8257.44
1896	0.138544	-8274.2
1897	0.138544	-8262.85
1898	0.138544	-8255.61
1899	0.138544	-8283.88
1900	0.138544	-8297.08
1901	0.138544	-8307.16
1902	0.138544	-8314.32
1903	0.138544	-8298.34
1904	0.138544	-8315.47
1905	0.138544	-8335.44
1906	0.138544	-8287.75
1907	0.138544	-8256.34
1908	0.138544	-8315.35
1909	0.138544	-8314.56
1910	0.138544	-8270.6
1911	0.138544	-8276.93
1912	0.138544	-8303.59
1913	0.138544	-8306.74
1914	0.138544	-8362.21
1915	0.138544	-8298.6
1916	0.138544	-8293.81
1917	0.138544	-8264.02
1918	0.138544	-8262.55
1919	0.138544	-8280.4
1920	0.138544	-8301.08
1921	0.138544	-8294.51
1922	0.138544	-8305.29
1923	0.138544	-8301.28
1924	0.138544	-8279.5
1925	0.138544	-8294.96
1926	0.138544	-8338.42
1927	0.138544	-8357.84
1928	0.138544	-8320.77
1929	0.138544	-8297.73
1930	0.138544	-8296.34
1931	0.138544	-8285.98
1932	0.138544	-8300.15
1933	0.138544	-8301.3
1934	0.138544	-8326.91
1935	0.138544	-8277.51
1936	0.138544	-8265.38
1937	0.138544	-8268.25
1938	0.138544	-8266.54
1939	0.138544	-8269.42
1940	0.138544	-8268.21
1941	0.138544	-8252.38
1942	0.138544	-8289.77
1943	0.138544	-8257.99
1944	0.138544	-8271.3
1945	0.138544	-8292.61
1946	0.138544	-8260.03
1947	0.138544	-8283.3
1948	0.138544	-8282.53
1949	0.138544	-8295.12
1950	0.138544	-8276.31
1951	0.138544	-8307.78
1952	0.138544	-8290.85
1953	0.138544	-8295.23
1954	0.138544	-8311.57
1955	0.138544	-8327.17
1956	0.138544	-8361.31
1957	0.138544	-8312.66
1958	0.138544	-8278.04
1959	0.138544	-8310.42
1960	0.138544	-8276.47
1961	0.138544	-8267.42
1962	0.138544	-8281.71
1963	0.138544	-8300.32
1964	0.138544	-8317.88
1965	0.138544	-8343.77
1966	0.138544	-8297.36
1967	0.138544	-8313.25
1968	0.138544	-8287.84
1969	0.138544	-8291.7
1970	0.138544	-8283.01
1971	0.138544	-8266.8
1972	0.138544	-8293.29
1973	0.138544	-8266
1974	0.138544	-8298.71
1975	0.138544	-8247.89
1976	0.138544	-8233.96
1977	0.138544	-8268.81
1978	0.138544	-8300.94
1979	0.138544	-8304.98
1980	0.138544	-8299.62
1981	0.138544	-8340
1982	0.138544	-8318.65
1983	0.138544	-8301.23
1984	0.138544	-8304.96
1985	0.138544	-8304.37
1986	0.138544	-8285.87
1987	0.138544	-8261.53
1988	0.138544	-8283.96
1989	0.138544	-8309.44
1990	0.138544	-8282.85
1991	0.138544	-8283.67
1992	0.138544	-8275.18
1993	0.138544	-8263.73
1994	0.138544	-8250.33
1995	0.138544	-8267.48
1996	0.138544	-8305.59
1997	0.138544	-8250.32
1998	0.138544	-8273.88
1999	0.138544	-8249.35
2000	0.138544	-8302.25
