state	power	likelihood
501	0.00502648	-10266.3
502	0.00502648	-9440.72
503	0.00502648	-9542.99
504	0.00502648	-9515.76
505	0.00502648	-10251.7
506	0.00502648	-10701.1
507	0.00502648	-10157.7
508	0.00502648	-9777.86
509	0.00502648	-10888.7
510	0.00502648	-9890.07
511	0.00502648	-10136
512	0.00502648	-9237.9
513	0.00502648	-10283.4
514	0.00502648	-9883.48
515	0.00502648	-9890.71
516	0.00502648	-9363.75
517	0.00502648	-10108.5
518	0.00502648	-10369.9
519	0.00502648	-9622.4
520	0.00502648	-9324.92
521	0.00502648	-10004
522	0.00502648	-10365.8
523	0.00502648	-10336.5
524	0.00502648	-10716.6
525	0.00502648	-9486.4
526	0.00502648	-10286.1
527	0.00502648	-9708.97
528	0.00502648	-9708.74
529	0.00502648	-9424.04
530	0.00502648	-8963.83
531	0.00502648	-9915.12
532	0.00502648	-9645.63
533	0.00502648	-9872.82
534	0.00502648	-9943.53
535	0.00502648	-10023.1
536	0.00502648	-9849.08
537	0.00502648	-9715.36
538	0.00502648	-9643.17
539	0.00502648	-10258.9
540	0.00502648	-10124.4
541	0.00502648	-10032
542	0.00502648	-10617.3
543	0.00502648	-9892
544	0.00502648	-9430.79
545	0.00502648	-9398.23
546	0.00502648	-10313.5
547	0.00502648	-9180.14
548	0.00502648	-9384.81
549	0.00502648	-10154.8
550	0.00502648	-9433.21
551	0.00502648	-8955.09
552	0.00502648	-9879.52
553	0.00502648	-9749.03
554	0.00502648	-9617.22
555	0.00502648	-10029.5
556	0.00502648	-11414.9
557	0.00502648	-9670.21
558	0.00502648	-10086.9
559	0.00502648	-9949.37
560	0.00502648	-9547.34
561	0.00502648	-9002.95
562	0.00502648	-9121.16
563	0.00502648	-9401.79
564	0.00502648	-9860.7
565	0.00502648	-9129.52
566	0.00502648	-9738.97
567	0.00502648	-9535.14
568	0.00502648	-9824.99
569	0.00502648	-10247.8
570	0.00502648	-10514.1
571	0.00502648	-10523
572	0.00502648	-10306
573	0.00502648	-10810
574	0.00502648	-9915.75
575	0.00502648	-9387.55
576	0.00502648	-10227.5
577	0.00502648	-10402.9
578	0.00502648	-10548.2
579	0.00502648	-10019.1
580	0.00502648	-10115.2
581	0.00502648	-9839.23
582	0.00502648	-10611.3
583	0.00502648	-10695.9
584	0.00502648	-10022.2
585	0.00502648	-10284
586	0.00502648	-9244.71
587	0.00502648	-10710.1
588	0.00502648	-9650.68
589	0.00502648	-9476.66
590	0.00502648	-10506.9
591	0.00502648	-9580.43
592	0.00502648	-10339.2
593	0.00502648	-9809.86
594	0.00502648	-10816
595	0.00502648	-11039.1
596	0.00502648	-10506.4
597	0.00502648	-10691.2
598	0.00502648	-9553.99
599	0.00502648	-10070.6
600	0.00502648	-10350.1
601	0.00502648	-10066
602	0.00502648	-9862.02
603	0.00502648	-10261.8
604	0.00502648	-9394.56
605	0.00502648	-9883.89
606	0.00502648	-9838.58
607	0.00502648	-9909.05
608	0.00502648	-10286.8
609	0.00502648	-9524.88
610	0.00502648	-10098.1
611	0.00502648	-9962.94
612	0.00502648	-9687.68
613	0.00502648	-9740.78
614	0.00502648	-9528.79
615	0.00502648	-9116.16
616	0.00502648	-9048.42
617	0.00502648	-9350.28
618	0.00502648	-9675.89
619	0.00502648	-10142.8
620	0.00502648	-10400.9
621	0.00502648	-9414.94
622	0.00502648	-9832.48
623	0.00502648	-9508.28
624	0.00502648	-9721.46
625	0.00502648	-10012.1
626	0.00502648	-9401.23
627	0.00502648	-9651.37
628	0.00502648	-10147.9
629	0.00502648	-9402.5
630	0.00502648	-9720.76
631	0.00502648	-10109.2
632	0.00502648	-9886.36
633	0.00502648	-9696.96
634	0.00502648	-10124.1
635	0.00502648	-10307.5
636	0.00502648	-9671.38
637	0.00502648	-10325.8
638	0.00502648	-10659.7
639	0.00502648	-9435.49
640	0.00502648	-10855.3
641	0.00502648	-9331.66
642	0.00502648	-10404.8
643	0.00502648	-12047.9
644	0.00502648	-10280.5
645	0.00502648	-11324.8
646	0.00502648	-10342.2
647	0.00502648	-10388.9
648	0.00502648	-10563.7
649	0.00502648	-10010.1
650	0.00502648	-10277.4
651	0.00502648	-10306.3
652	0.00502648	-9869.34
653	0.00502648	-9909.23
654	0.00502648	-10199
655	0.00502648	-11049
656	0.00502648	-9727.83
657	0.00502648	-9757.53
658	0.00502648	-9807.34
659	0.00502648	-10098.4
660	0.00502648	-10491.6
661	0.00502648	-10664.9
662	0.00502648	-11106.8
663	0.00502648	-10225.1
664	0.00502648	-10239.8
665	0.00502648	-10032.4
666	0.00502648	-9520.28
667	0.00502648	-9919.31
668	0.00502648	-10122.7
669	0.00502648	-10506.2
670	0.00502648	-9783.31
671	0.00502648	-9787.1
672	0.00502648	-9895.8
673	0.00502648	-10352.7
674	0.00502648	-9937.36
675	0.00502648	-9753.8
676	0.00502648	-10855.6
677	0.00502648	-10518.6
678	0.00502648	-9620.08
679	0.00502648	-9945.92
680	0.00502648	-9529.22
681	0.00502648	-10515.1
682	0.00502648	-9545.45
683	0.00502648	-9504.69
684	0.00502648	-9621.4
685	0.00502648	-10228.7
686	0.00502648	-10074.3
687	0.00502648	-9700.66
688	0.00502648	-10445.7
689	0.00502648	-10140.8
690	0.00502648	-8942.38
691	0.00502648	-8794.41
692	0.00502648	-9704.96
693	0.00502648	-9385.52
694	0.00502648	-10222.4
695	0.00502648	-9548.06
696	0.00502648	-9594.04
697	0.00502648	-9569.27
698	0.00502648	-9334.42
699	0.00502648	-10162.2
700	0.00502648	-9990.06
701	0.00502648	-9689.66
702	0.00502648	-9543.63
703	0.00502648	-10430.3
704	0.00502648	-9418.83
705	0.00502648	-9640.51
706	0.00502648	-10529.5
707	0.00502648	-10553.7
708	0.00502648	-10174.8
709	0.00502648	-10866.1
710	0.00502648	-10732.5
711	0.00502648	-9846.57
712	0.00502648	-10013.4
713	0.00502648	-9800.39
714	0.00502648	-9434.92
715	0.00502648	-10053.8
716	0.00502648	-9617.8
717	0.00502648	-10298.6
718	0.00502648	-10315.4
719	0.00502648	-9969.71
720	0.00502648	-11204.3
721	0.00502648	-10654
722	0.00502648	-10675.3
723	0.00502648	-9900.07
724	0.00502648	-10418.1
725	0.00502648	-9646.98
726	0.00502648	-9163.39
727	0.00502648	-10137
728	0.00502648	-10799.5
729	0.00502648	-10919.8
730	0.00502648	-9951.98
731	0.00502648	-10453.3
732	0.00502648	-9779.85
733	0.00502648	-9841.89
734	0.00502648	-10076.7
735	0.00502648	-9709.2
736	0.00502648	-10639.5
737	0.00502648	-11162.3
738	0.00502648	-10700.9
739	0.00502648	-9770.38
740	0.00502648	-9807.36
741	0.00502648	-9282.02
742	0.00502648	-9291.13
743	0.00502648	-9182.95
744	0.00502648	-10209.2
745	0.00502648	-10637.3
746	0.00502648	-9585.23
747	0.00502648	-10658.1
748	0.00502648	-10484.5
749	0.00502648	-9859.64
750	0.00502648	-10095.1
751	0.00502648	-9787.19
752	0.00502648	-9552.4
753	0.00502648	-10018.4
754	0.00502648	-9841.08
755	0.00502648	-10755.2
756	0.00502648	-10315.1
757	0.00502648	-10705.2
758	0.00502648	-10665
759	0.00502648	-10333.8
760	0.00502648	-9981.02
761	0.00502648	-9951.76
762	0.00502648	-9701.59
763	0.00502648	-10219.7
764	0.00502648	-10260.5
765	0.00502648	-9849.96
766	0.00502648	-9955.52
767	0.00502648	-9704.26
768	0.00502648	-9938.09
769	0.00502648	-9689
770	0.00502648	-10247.5
771	0.00502648	-9711.3
772	0.00502648	-9876.8
773	0.00502648	-9314.38
774	0.00502648	-9573.17
775	0.00502648	-9493.01
776	0.00502648	-10263.6
777	0.00502648	-9804.54
778	0.00502648	-9414.77
779	0.00502648	-9279.97
780	0.00502648	-9381.25
781	0.00502648	-9063.45
782	0.00502648	-9450.4
783	0.00502648	-9512.73
784	0.00502648	-10428.4
785	0.00502648	-9848.61
786	0.00502648	-10097.8
787	0.00502648	-10301.7
788	0.00502648	-10792.5
789	0.00502648	-9786.31
790	0.00502648	-10006.5
791	0.00502648	-9857.91
792	0.00502648	-9971.83
793	0.00502648	-9724.52
794	0.00502648	-10451.1
795	0.00502648	-9544.34
796	0.00502648	-9632.14
797	0.00502648	-9215.07
798	0.00502648	-10037.8
799	0.00502648	-9868.32
800	0.00502648	-9768
801	0.00502648	-9524.41
802	0.00502648	-10970.4
803	0.00502648	-10199.9
804	0.00502648	-9720.79
805	0.00502648	-9669.29
806	0.00502648	-9944.95
807	0.00502648	-10106
808	0.00502648	-9966.01
809	0.00502648	-9880.58
810	0.00502648	-9984.12
811	0.00502648	-10026.6
812	0.00502648	-10096.4
813	0.00502648	-9549.85
814	0.00502648	-9504.41
815	0.00502648	-9473.59
816	0.00502648	-9850.38
817	0.00502648	-9875.84
818	0.00502648	-9442.6
819	0.00502648	-9941.84
820	0.00502648	-9346.66
821	0.00502648	-9551.15
822	0.00502648	-9437.4
823	0.00502648	-9295.78
824	0.00502648	-9331.28
825	0.00502648	-9892.66
826	0.00502648	-9910.15
827	0.00502648	-9898.66
828	0.00502648	-9626.6
829	0.00502648	-10122.3
830	0.00502648	-8976.17
831	0.00502648	-9777.97
832	0.00502648	-9553.61
833	0.00502648	-9466.85
834	0.00502648	-9425.14
835	0.00502648	-9468.97
836	0.00502648	-9805.92
837	0.00502648	-9838.24
838	0.00502648	-9973.38
839	0.00502648	-10051.7
840	0.00502648	-9683.47
841	0.00502648	-9386.21
842	0.00502648	-9412.46
843	0.00502648	-9660.31
844	0.00502648	-9763.47
845	0.00502648	-10014.9
846	0.00502648	-10152.4
847	0.00502648	-11009.4
848	0.00502648	-10292.4
849	0.00502648	-10574.9
850	0.00502648	-9358.99
851	0.00502648	-9379.27
852	0.00502648	-10294.1
853	0.00502648	-10358.3
854	0.00502648	-9935.16
855	0.00502648	-10129.8
856	0.00502648	-10456.1
857	0.00502648	-9811.55
858	0.00502648	-10009.5
859	0.00502648	-9550.97
860	0.00502648	-9993.33
861	0.00502648	-10017.7
862	0.00502648	-11217.7
863	0.00502648	-10602.3
864	0.00502648	-9978.5
865	0.00502648	-10249.4
866	0.00502648	-9965.77
867	0.00502648	-9565.51
868	0.00502648	-9423.97
869	0.00502648	-10260.8
870	0.00502648	-9588.51
871	0.00502648	-9595.48
872	0.00502648	-9609.59
873	0.00502648	-9608.07
874	0.00502648	-10615.2
875	0.00502648	-9774.82
876	0.00502648	-11566.9
877	0.00502648	-10427.6
878	0.00502648	-10626.9
879	0.00502648	-10905.5
880	0.00502648	-10495.3
881	0.00502648	-9945.91
882	0.00502648	-11030
883	0.00502648	-10112.4
884	0.00502648	-9594.34
885	0.00502648	-9606.75
886	0.00502648	-9492.05
887	0.00502648	-9461.28
888	0.00502648	-9845.07
889	0.00502648	-9910.32
890	0.00502648	-10114
891	0.00502648	-10164.5
892	0.00502648	-10161.4
893	0.00502648	-10196.1
894	0.00502648	-9593.64
895	0.00502648	-10628.4
896	0.00502648	-10030
897	0.00502648	-10234.6
898	0.00502648	-9704.21
899	0.00502648	-9765.35
900	0.00502648	-10209.3
901	0.00502648	-10300.8
902	0.00502648	-9959.6
903	0.00502648	-9266.28
904	0.00502648	-9411.86
905	0.00502648	-9567.44
906	0.00502648	-9831.37
907	0.00502648	-8893.41
908	0.00502648	-9476.17
909	0.00502648	-10023.3
910	0.00502648	-9713.12
911	0.00502648	-11048.6
912	0.00502648	-10087.6
913	0.00502648	-9830.93
914	0.00502648	-10425.6
915	0.00502648	-10109.3
916	0.00502648	-9636.76
917	0.00502648	-10467.9
918	0.00502648	-9864.48
919	0.00502648	-10346.5
920	0.00502648	-9674.61
921	0.00502648	-9432.66
922	0.00502648	-10089.1
923	0.00502648	-9079.06
924	0.00502648	-9345.81
925	0.00502648	-9674.63
926	0.00502648	-9310.09
927	0.00502648	-10121.7
928	0.00502648	-10025.2
929	0.00502648	-9175.42
930	0.00502648	-9762.26
931	0.00502648	-9876.71
932	0.00502648	-9028.09
933	0.00502648	-9345.06
934	0.00502648	-10152.3
935	0.00502648	-9823.44
936	0.00502648	-10306
937	0.00502648	-9515.28
938	0.00502648	-9590.54
939	0.00502648	-10181.8
940	0.00502648	-10282.5
941	0.00502648	-10300
942	0.00502648	-9910.22
943	0.00502648	-10711.4
944	0.00502648	-10413.8
945	0.00502648	-10080.6
946	0.00502648	-9696.04
947	0.00502648	-9600.28
948	0.00502648	-9777.17
949	0.00502648	-10735.4
950	0.00502648	-10466.5
951	0.00502648	-9565.82
952	0.00502648	-10278
953	0.00502648	-9197.32
954	0.00502648	-9607.45
955	0.00502648	-9796.88
956	0.00502648	-10040
957	0.00502648	-10035.7
958	0.00502648	-9676.21
959	0.00502648	-9930.98
960	0.00502648	-9748.05
961	0.00502648	-9387.51
962	0.00502648	-9704.44
963	0.00502648	-10014.1
964	0.00502648	-9934.18
965	0.00502648	-10620
966	0.00502648	-10436
967	0.00502648	-10029.9
968	0.00502648	-10190.7
969	0.00502648	-9847.74
970	0.00502648	-9545.86
971	0.00502648	-10024.1
972	0.00502648	-9191.96
973	0.00502648	-9853.49
974	0.00502648	-9948.45
975	0.00502648	-10688
976	0.00502648	-10202.5
977	0.00502648	-10128
978	0.00502648	-9997.99
979	0.00502648	-9524.69
980	0.00502648	-9807.3
981	0.00502648	-10271.7
982	0.00502648	-9482.77
983	0.00502648	-10029.3
984	0.00502648	-9633.05
985	0.00502648	-9449.38
986	0.00502648	-9653.99
987	0.00502648	-9717.45
988	0.00502648	-10564.5
989	0.00502648	-10553.6
990	0.00502648	-9311.45
991	0.00502648	-9448.97
992	0.00502648	-9211.69
993	0.00502648	-9197.18
994	0.00502648	-8911.85
995	0.00502648	-9121.42
996	0.00502648	-8992.46
997	0.00502648	-9861.48
998	0.00502648	-9328.47
999	0.00502648	-9222.16
1000	0.00502648	-9605.79
1001	0.00502648	-9697.39
1002	0.00502648	-9284.85
1003	0.00502648	-9505.27
1004	0.00502648	-10244.1
1005	0.00502648	-10368.2
1006	0.00502648	-10087.4
1007	0.00502648	-9323.28
1008	0.00502648	-9919.44
1009	0.00502648	-9661.32
1010	0.00502648	-10270.3
1011	0.00502648	-10627.3
1012	0.00502648	-10495.2
1013	0.00502648	-10437.8
1014	0.00502648	-10174
1015	0.00502648	-10953.6
1016	0.00502648	-9938.64
1017	0.00502648	-9591.82
1018	0.00502648	-9975.11
1019	0.00502648	-9320.59
1020	0.00502648	-9987.03
1021	0.00502648	-10005.4
1022	0.00502648	-9979.75
1023	0.00502648	-10433.4
1024	0.00502648	-10935
1025	0.00502648	-9863.23
1026	0.00502648	-10085
1027	0.00502648	-9973.85
1028	0.00502648	-9877.71
1029	0.00502648	-9716.51
1030	0.00502648	-9760.62
1031	0.00502648	-9900.77
1032	0.00502648	-10088.7
1033	0.00502648	-10790.6
1034	0.00502648	-9895.23
1035	0.00502648	-10443
1036	0.00502648	-9662.39
1037	0.00502648	-9698.39
1038	0.00502648	-9060.35
1039	0.00502648	-10180
1040	0.00502648	-9861.76
1041	0.00502648	-9940.77
1042	0.00502648	-10979.7
1043	0.00502648	-10572.3
1044	0.00502648	-9960.98
1045	0.00502648	-9816.04
1046	0.00502648	-9897.03
1047	0.00502648	-10326.9
1048	0.00502648	-9970.81
1049	0.00502648	-9796.05
1050	0.00502648	-9413.99
1051	0.00502648	-9225.99
1052	0.00502648	-10547.6
1053	0.00502648	-9572.9
1054	0.00502648	-10380
1055	0.00502648	-9474.3
1056	0.00502648	-9613.99
1057	0.00502648	-9260.22
1058	0.00502648	-10673.3
1059	0.00502648	-10230.1
1060	0.00502648	-9494.39
1061	0.00502648	-9550.58
1062	0.00502648	-10300.4
1063	0.00502648	-9614.43
1064	0.00502648	-10437.4
1065	0.00502648	-10438.1
1066	0.00502648	-10048.5
1067	0.00502648	-9824.93
1068	0.00502648	-9548.1
1069	0.00502648	-9633.54
1070	0.00502648	-9649.53
1071	0.00502648	-10162.2
1072	0.00502648	-9631.18
1073	0.00502648	-9805.62
1074	0.00502648	-10266.9
1075	0.00502648	-10018.7
1076	0.00502648	-10001.9
1077	0.00502648	-9517.75
1078	0.00502648	-10244.7
1079	0.00502648	-9892.63
1080	0.00502648	-9769.96
1081	0.00502648	-9541.82
1082	0.00502648	-10551
1083	0.00502648	-9340.26
1084	0.00502648	-10408.9
1085	0.00502648	-9870.41
1086	0.00502648	-10006.7
1087	0.00502648	-9628.39
1088	0.00502648	-9809.57
1089	0.00502648	-10332.5
1090	0.00502648	-9664.18
1091	0.00502648	-9458.07
1092	0.00502648	-9500.2
1093	0.00502648	-9724.49
1094	0.00502648	-9090.51
1095	0.00502648	-9641.94
1096	0.00502648	-9716.77
1097	0.00502648	-10012.8
1098	0.00502648	-9962.81
1099	0.00502648	-9373.23
1100	0.00502648	-9638.34
1101	0.00502648	-10201.1
1102	0.00502648	-9540.57
1103	0.00502648	-9934.55
1104	0.00502648	-10379.3
1105	0.00502648	-9643.34
1106	0.00502648	-10187.7
1107	0.00502648	-9872.12
1108	0.00502648	-9972.3
1109	0.00502648	-9915.01
1110	0.00502648	-10104.7
1111	0.00502648	-9499.26
1112	0.00502648	-9482.69
1113	0.00502648	-9595.73
1114	0.00502648	-10380.2
1115	0.00502648	-10033.9
1116	0.00502648	-10559.9
1117	0.00502648	-10265.7
1118	0.00502648	-9382.16
1119	0.00502648	-10315.2
1120	0.00502648	-10096.5
1121	0.00502648	-10114.6
1122	0.00502648	-10247.8
1123	0.00502648	-10039.2
1124	0.00502648	-9773.76
1125	0.00502648	-9616.79
1126	0.00502648	-9955.88
1127	0.00502648	-9487.03
1128	0.00502648	-10195
1129	0.00502648	-9390.02
1130	0.00502648	-10023.4
1131	0.00502648	-10243.9
1132	0.00502648	-9883.69
1133	0.00502648	-10079.3
1134	0.00502648	-9062.88
1135	0.00502648	-10173.6
1136	0.00502648	-9981.64
1137	0.00502648	-9925.57
1138	0.00502648	-9673.98
1139	0.00502648	-9354.41
1140	0.00502648	-10664.8
1141	0.00502648	-10265.2
1142	0.00502648	-10410.5
1143	0.00502648	-9707.66
1144	0.00502648	-9393.42
1145	0.00502648	-9958.62
1146	0.00502648	-9900.66
1147	0.00502648	-9415.11
1148	0.00502648	-9668.98
1149	0.00502648	-10037.9
1150	0.00502648	-10453.3
1151	0.00502648	-9903.15
1152	0.00502648	-9911.05
1153	0.00502648	-9938.64
1154	0.00502648	-10135.9
1155	0.00502648	-10036.3
1156	0.00502648	-9422.52
1157	0.00502648	-10349.5
1158	0.00502648	-10156.3
1159	0.00502648	-10030.2
1160	0.00502648	-10973.2
1161	0.00502648	-10913.9
1162	0.00502648	-11526.1
1163	0.00502648	-9491.16
1164	0.00502648	-9521.82
1165	0.00502648	-9380.73
1166	0.00502648	-10199
1167	0.00502648	-10020.5
1168	0.00502648	-9861.66
1169	0.00502648	-10011.8
1170	0.00502648	-10409.7
1171	0.00502648	-9829.87
1172	0.00502648	-9399.9
1173	0.00502648	-9386.26
1174	0.00502648	-9329.98
1175	0.00502648	-9837.58
1176	0.00502648	-9820.36
1177	0.00502648	-9920.23
1178	0.00502648	-9955.58
1179	0.00502648	-9753.41
1180	0.00502648	-8981.89
1181	0.00502648	-9844.55
1182	0.00502648	-9660.61
1183	0.00502648	-9939.64
1184	0.00502648	-10033.6
1185	0.00502648	-9812.11
1186	0.00502648	-9973.6
1187	0.00502648	-9939.31
1188	0.00502648	-10036.2
1189	0.00502648	-10020.3
1190	0.00502648	-9962.04
1191	0.00502648	-9665.2
1192	0.00502648	-9979.6
1193	0.00502648	-10089.4
1194	0.00502648	-10500.3
1195	0.00502648	-9474.93
1196	0.00502648	-10119.4
1197	0.00502648	-9172.08
1198	0.00502648	-9991.02
1199	0.00502648	-10001
1200	0.00502648	-10203.6
1201	0.00502648	-9641.61
1202	0.00502648	-9582.49
1203	0.00502648	-10254.5
1204	0.00502648	-9374.06
1205	0.00502648	-10304.7
1206	0.00502648	-9676.92
1207	0.00502648	-9646.74
1208	0.00502648	-9613.36
1209	0.00502648	-9523.09
1210	0.00502648	-9846.84
1211	0.00502648	-9376.91
1212	0.00502648	-10879.7
1213	0.00502648	-9765.74
1214	0.00502648	-10169.9
1215	0.00502648	-9267.31
1216	0.00502648	-9671.3
1217	0.00502648	-9534.31
1218	0.00502648	-9878.71
1219	0.00502648	-10842.6
1220	0.00502648	-10194.5
1221	0.00502648	-9839.62
1222	0.00502648	-10058.1
1223	0.00502648	-10449.6
1224	0.00502648	-9588.59
1225	0.00502648	-9401.76
1226	0.00502648	-10251.4
1227	0.00502648	-9259.93
1228	0.00502648	-9193.91
1229	0.00502648	-10133.4
1230	0.00502648	-10344.4
1231	0.00502648	-9838.62
1232	0.00502648	-10561.7
1233	0.00502648	-10396.5
1234	0.00502648	-10745.2
1235	0.00502648	-9705.82
1236	0.00502648	-9995.5
1237	0.00502648	-10971.4
1238	0.00502648	-10599.7
1239	0.00502648	-9737.88
1240	0.00502648	-9078.21
1241	0.00502648	-10992.8
1242	0.00502648	-10172.7
1243	0.00502648	-10341.9
1244	0.00502648	-10021.4
1245	0.00502648	-10038.9
1246	0.00502648	-10143.7
1247	0.00502648	-9565.68
1248	0.00502648	-9638.36
1249	0.00502648	-11043.1
1250	0.00502648	-10060.6
1251	0.00502648	-9841.01
1252	0.00502648	-9846.57
1253	0.00502648	-9638.95
1254	0.00502648	-9700.16
1255	0.00502648	-10001.5
1256	0.00502648	-10102.8
1257	0.00502648	-10033.3
1258	0.00502648	-9621.57
1259	0.00502648	-10011.2
1260	0.00502648	-10119
1261	0.00502648	-9964.59
1262	0.00502648	-9976.01
1263	0.00502648	-10233.6
1264	0.00502648	-10486
1265	0.00502648	-10365.2
1266	0.00502648	-10096.9
1267	0.00502648	-11193.5
1268	0.00502648	-10004.4
1269	0.00502648	-9510.34
1270	0.00502648	-9885.19
1271	0.00502648	-9550.24
1272	0.00502648	-10052.1
1273	0.00502648	-10129.4
1274	0.00502648	-10574.5
1275	0.00502648	-9560.47
1276	0.00502648	-9911.01
1277	0.00502648	-10336.5
1278	0.00502648	-10312.1
1279	0.00502648	-10212.4
1280	0.00502648	-9359.41
1281	0.00502648	-9631.97
1282	0.00502648	-9806.84
1283	0.00502648	-9867.76
1284	0.00502648	-9780.77
1285	0.00502648	-10267.1
1286	0.00502648	-9650.87
1287	0.00502648	-10107.3
1288	0.00502648	-9593.5
1289	0.00502648	-9227.34
1290	0.00502648	-9659.73
1291	0.00502648	-10381.7
1292	0.00502648	-9098.41
1293	0.00502648	-9687.56
1294	0.00502648	-9526.42
1295	0.00502648	-9969.28
1296	0.00502648	-10736.7
1297	0.00502648	-10033.9
1298	0.00502648	-9484.79
1299	0.00502648	-9834.37
1300	0.00502648	-10083.6
1301	0.00502648	-9595.06
1302	0.00502648	-9681.59
1303	0.00502648	-10034.6
1304	0.00502648	-10518.7
1305	0.00502648	-10006.9
1306	0.00502648	-10437.5
1307	0.00502648	-10110.9
1308	0.00502648	-10057.8
1309	0.00502648	-9901.74
1310	0.00502648	-9877.72
1311	0.00502648	-10322.2
1312	0.00502648	-10173.6
1313	0.00502648	-9950.55
1314	0.00502648	-10456.2
1315	0.00502648	-9336.88
1316	0.00502648	-9324.27
1317	0.00502648	-10822.7
1318	0.00502648	-11284.2
1319	0.00502648	-9765.73
1320	0.00502648	-10089.2
1321	0.00502648	-10286.2
1322	0.00502648	-10592.3
1323	0.00502648	-9381.05
1324	0.00502648	-10204.8
1325	0.00502648	-10621.3
1326	0.00502648	-9787.3
1327	0.00502648	-10133.2
1328	0.00502648	-9545.92
1329	0.00502648	-9342.99
1330	0.00502648	-9263.95
1331	0.00502648	-9909.07
1332	0.00502648	-9541.74
1333	0.00502648	-10101.9
1334	0.00502648	-10122.2
1335	0.00502648	-9302.47
1336	0.00502648	-10293.3
1337	0.00502648	-9427.66
1338	0.00502648	-9796.04
1339	0.00502648	-9873.03
1340	0.00502648	-9420.34
1341	0.00502648	-10369.2
1342	0.00502648	-9928.17
1343	0.00502648	-10024
1344	0.00502648	-9423.27
1345	0.00502648	-10229.4
1346	0.00502648	-9835.38
1347	0.00502648	-10608.9
1348	0.00502648	-10035.8
1349	0.00502648	-9263.57
1350	0.00502648	-10002
1351	0.00502648	-10072.2
1352	0.00502648	-10460.2
1353	0.00502648	-9422.22
1354	0.00502648	-9507.64
1355	0.00502648	-9655.13
1356	0.00502648	-9745.66
1357	0.00502648	-10037.7
1358	0.00502648	-10348
1359	0.00502648	-10075
1360	0.00502648	-9937.79
1361	0.00502648	-10192.2
1362	0.00502648	-9471.62
1363	0.00502648	-8875.49
1364	0.00502648	-9449.19
1365	0.00502648	-9558.56
1366	0.00502648	-10106.6
1367	0.00502648	-9710.31
1368	0.00502648	-9829.73
1369	0.00502648	-9988.43
1370	0.00502648	-9986.85
1371	0.00502648	-10028
1372	0.00502648	-9495.77
1373	0.00502648	-9498.87
1374	0.00502648	-9990.9
1375	0.00502648	-9890.95
1376	0.00502648	-9993.92
1377	0.00502648	-9824.46
1378	0.00502648	-10311.2
1379	0.00502648	-9857.79
1380	0.00502648	-9370.56
1381	0.00502648	-9319.53
1382	0.00502648	-9248.28
1383	0.00502648	-9993.59
1384	0.00502648	-10616.8
1385	0.00502648	-10708.7
1386	0.00502648	-9396.97
1387	0.00502648	-9296.83
1388	0.00502648	-9024.02
1389	0.00502648	-9367.92
1390	0.00502648	-10434.7
1391	0.00502648	-9722.94
1392	0.00502648	-9661.66
1393	0.00502648	-10915
1394	0.00502648	-9767.8
1395	0.00502648	-11343.7
1396	0.00502648	-10519.5
1397	0.00502648	-10199.5
1398	0.00502648	-10062.6
1399	0.00502648	-10023.5
1400	0.00502648	-10703.4
1401	0.00502648	-9848.49
1402	0.00502648	-10882.4
1403	0.00502648	-10087.9
1404	0.00502648	-10000.6
1405	0.00502648	-10273.6
1406	0.00502648	-9996.27
1407	0.00502648	-9831.02
1408	0.00502648	-9866.89
1409	0.00502648	-10367.9
1410	0.00502648	-9858.83
1411	0.00502648	-9774.6
1412	0.00502648	-10063.5
1413	0.00502648	-10881.1
1414	0.00502648	-10627.9
1415	0.00502648	-9995.47
1416	0.00502648	-10172.6
1417	0.00502648	-9373.68
1418	0.00502648	-9605.12
1419	0.00502648	-9900.97
1420	0.00502648	-9302.34
1421	0.00502648	-10492.6
1422	0.00502648	-10592.7
1423	0.00502648	-10377.4
1424	0.00502648	-10280.6
1425	0.00502648	-9658.87
1426	0.00502648	-10505.8
1427	0.00502648	-9941.14
1428	0.00502648	-9626.54
1429	0.00502648	-9839.71
1430	0.00502648	-10656.8
1431	0.00502648	-10672.7
1432	0.00502648	-9987.58
1433	0.00502648	-9751.31
1434	0.00502648	-10050.4
1435	0.00502648	-10022
1436	0.00502648	-9854.47
1437	0.00502648	-10034.6
1438	0.00502648	-11352.6
1439	0.00502648	-10157
1440	0.00502648	-10017.1
1441	0.00502648	-9668.8
1442	0.00502648	-10189.4
1443	0.00502648	-10148.1
1444	0.00502648	-9809.79
1445	0.00502648	-10116.8
1446	0.00502648	-9587.49
1447	0.00502648	-9979.45
1448	0.00502648	-9890.65
1449	0.00502648	-9551.41
1450	0.00502648	-9900.12
1451	0.00502648	-10278.6
1452	0.00502648	-9520.76
1453	0.00502648	-9535.7
1454	0.00502648	-9781.96
1455	0.00502648	-9426.09
1456	0.00502648	-9517.77
1457	0.00502648	-9762.14
1458	0.00502648	-9486.32
1459	0.00502648	-10264.4
1460	0.00502648	-9860.76
1461	0.00502648	-9643.98
1462	0.00502648	-9490.26
1463	0.00502648	-10067.4
1464	0.00502648	-10377.8
1465	0.00502648	-9223.81
1466	0.00502648	-9787.63
1467	0.00502648	-9835.94
1468	0.00502648	-9738.33
1469	0.00502648	-9593.19
1470	0.00502648	-11295.9
1471	0.00502648	-10306.1
1472	0.00502648	-9554.47
1473	0.00502648	-10417.1
1474	0.00502648	-9657.84
1475	0.00502648	-10476.1
1476	0.00502648	-9328.91
1477	0.00502648	-9991.1
1478	0.00502648	-9781.51
1479	0.00502648	-10271.8
1480	0.00502648	-9307.29
1481	0.00502648	-10154.6
1482	0.00502648	-9632.54
1483	0.00502648	-10253.2
1484	0.00502648	-9898.26
1485	0.00502648	-9953.42
1486	0.00502648	-9871.31
1487	0.00502648	-9845.34
1488	0.00502648	-10130.3
1489	0.00502648	-11345.5
1490	0.00502648	-11514.7
1491	0.00502648	-10413.1
1492	0.00502648	-10246.4
1493	0.00502648	-9919.24
1494	0.00502648	-10082.6
1495	0.00502648	-9201.38
1496	0.00502648	-9560.58
1497	0.00502648	-9131.85
1498	0.00502648	-10462.2
1499	0.00502648	-9441.03
1500	0.00502648	-9864.8
1501	0.00502648	-10506.2
1502	0.00502648	-11558.5
1503	0.00502648	-9232.43
1504	0.00502648	-10044.8
1505	0.00502648	-9784.73
1506	0.00502648	-9957.14
1507	0.00502648	-9904.22
1508	0.00502648	-10398.6
1509	0.00502648	-9663.6
1510	0.00502648	-9988.66
1511	0.00502648	-10391.6
1512	0.00502648	-9530.1
1513	0.00502648	-10349
1514	0.00502648	-9927.53
1515	0.00502648	-9975.67
1516	0.00502648	-9733.01
1517	0.00502648	-9702.75
1518	0.00502648	-9768.06
1519	0.00502648	-10993
1520	0.00502648	-10588.2
1521	0.00502648	-9865.85
1522	0.00502648	-9896.9
1523	0.00502648	-9930.32
1524	0.00502648	-9663.11
1525	0.00502648	-9991.54
1526	0.00502648	-9372.86
1527	0.00502648	-9902.07
1528	0.00502648	-10001.4
1529	0.00502648	-9215.82
1530	0.00502648	-9572.41
1531	0.00502648	-9685.27
1532	0.00502648	-9563.43
1533	0.00502648	-10301.8
1534	0.00502648	-9975.03
1535	0.00502648	-9511.07
1536	0.00502648	-9674.86
1537	0.00502648	-9192.4
1538	0.00502648	-9137.22
1539	0.00502648	-9859.25
1540	0.00502648	-9771.71
1541	0.00502648	-10027.5
1542	0.00502648	-9722.69
1543	0.00502648	-9560.79
1544	0.00502648	-10406.6
1545	0.00502648	-10723.6
1546	0.00502648	-10124.1
1547	0.00502648	-10479.4
1548	0.00502648	-10321.9
1549	0.00502648	-9489.19
1550	0.00502648	-10486.6
1551	0.00502648	-9497.76
1552	0.00502648	-10232
1553	0.00502648	-10105
1554	0.00502648	-11304.1
1555	0.00502648	-10763
1556	0.00502648	-9440.99
1557	0.00502648	-10549.6
1558	0.00502648	-9848.78
1559	0.00502648	-9260.81
1560	0.00502648	-9985.5
1561	0.00502648	-10194.1
1562	0.00502648	-9441.79
1563	0.00502648	-9881.32
1564	0.00502648	-9469.52
1565	0.00502648	-10218.1
1566	0.00502648	-10634
1567	0.00502648	-9831.89
1568	0.00502648	-10816.2
1569	0.00502648	-9543.78
1570	0.00502648	-10415.3
1571	0.00502648	-9318.2
1572	0.00502648	-9672.72
1573	0.00502648	-9701.59
1574	0.00502648	-10645.6
1575	0.00502648	-10015.2
1576	0.00502648	-10017.6
1577	0.00502648	-9188.16
1578	0.00502648	-11105.7
1579	0.00502648	-10180.2
1580	0.00502648	-9711.4
1581	0.00502648	-10288.1
1582	0.00502648	-9333.51
1583	0.00502648	-9439.57
1584	0.00502648	-9104.76
1585	0.00502648	-9673
1586	0.00502648	-9434.2
1587	0.00502648	-9408.13
1588	0.00502648	-9718.76
1589	0.00502648	-9639.25
1590	0.00502648	-9591.56
1591	0.00502648	-9941.56
1592	0.00502648	-10263.3
1593	0.00502648	-9208.54
1594	0.00502648	-9120.34
1595	0.00502648	-9926.29
1596	0.00502648	-9531
1597	0.00502648	-10578.9
1598	0.00502648	-10864.2
1599	0.00502648	-10397.8
1600	0.00502648	-10083
1601	0.00502648	-9528.05
1602	0.00502648	-10101.2
1603	0.00502648	-9503.14
1604	0.00502648	-9960.42
1605	0.00502648	-9965.32
1606	0.00502648	-10197.5
1607	0.00502648	-9636.4
1608	0.00502648	-10579.6
1609	0.00502648	-10923.4
1610	0.00502648	-10814.9
1611	0.00502648	-11025.7
1612	0.00502648	-10856.4
1613	0.00502648	-10360
1614	0.00502648	-9753.83
1615	0.00502648	-9582.67
1616	0.00502648	-9861.27
1617	0.00502648	-9449.95
1618	0.00502648	-10323.7
1619	0.00502648	-9864.25
1620	0.00502648	-10779.3
1621	0.00502648	-10399.5
1622	0.00502648	-9717.16
1623	0.00502648	-10166.8
1624	0.00502648	-10404.3
1625	0.00502648	-9755.23
1626	0.00502648	-10852.2
1627	0.00502648	-9571.75
1628	0.00502648	-10141.7
1629	0.00502648	-10196.1
1630	0.00502648	-10569.9
1631	0.00502648	-10646.6
1632	0.00502648	-10150.1
1633	0.00502648	-10291.4
1634	0.00502648	-10167.9
1635	0.00502648	-10010.5
1636	0.00502648	-9875.82
1637	0.00502648	-10243.3
1638	0.00502648	-10772.4
1639	0.00502648	-10126.3
1640	0.00502648	-10026
1641	0.00502648	-10143.3
1642	0.00502648	-9422.81
1643	0.00502648	-9765.5
1644	0.00502648	-10549.3
1645	0.00502648	-11168.3
1646	0.00502648	-10161.3
1647	0.00502648	-9739.8
1648	0.00502648	-9889.7
1649	0.00502648	-10007.4
1650	0.00502648	-9576.54
1651	0.00502648	-10102.8
1652	0.00502648	-9411.88
1653	0.00502648	-9831.22
1654	0.00502648	-10201.5
1655	0.00502648	-9626.27
1656	0.00502648	-10399.2
1657	0.00502648	-9317.74
1658	0.00502648	-10514.3
1659	0.00502648	-10534.4
1660	0.00502648	-9765
1661	0.00502648	-10085.8
1662	0.00502648	-10154.1
1663	0.00502648	-10218.2
1664	0.00502648	-9858.88
1665	0.00502648	-9389.27
1666	0.00502648	-10077.1
1667	0.00502648	-10435.3
1668	0.00502648	-9342.08
1669	0.00502648	-10324.7
1670	0.00502648	-10034.5
1671	0.00502648	-10147.9
1672	0.00502648	-9776.6
1673	0.00502648	-9993.59
1674	0.00502648	-9631.5
1675	0.00502648	-9366.67
1676	0.00502648	-9661.02
1677	0.00502648	-9697
1678	0.00502648	-9263.85
1679	0.00502648	-9575.36
1680	0.00502648	-9878.29
1681	0.00502648	-9721.65
1682	0.00502648	-9808.76
1683	0.00502648	-10084.1
1684	0.00502648	-10263.2
1685	0.00502648	-10321.5
1686	0.00502648	-10111.7
1687	0.00502648	-9411.21
1688	0.00502648	-10711.8
1689	0.00502648	-10171.3
1690	0.00502648	-9370.94
1691	0.00502648	-9580.19
1692	0.00502648	-9648.96
1693	0.00502648	-9710.93
1694	0.00502648	-9730.03
1695	0.00502648	-10573.7
1696	0.00502648	-9135.22
1697	0.00502648	-9653.44
1698	0.00502648	-9972.8
1699	0.00502648	-9867.94
1700	0.00502648	-9753.54
1701	0.00502648	-9927.39
1702	0.00502648	-9900.22
1703	0.00502648	-10199.8
1704	0.00502648	-10060.9
1705	0.00502648	-10716.4
1706	0.00502648	-9708.08
1707	0.00502648	-9580.39
1708	0.00502648	-9723.08
1709	0.00502648	-9972.17
1710	0.00502648	-10046.9
1711	0.00502648	-9696.16
1712	0.00502648	-9829.13
1713	0.00502648	-10374.6
1714	0.00502648	-9538.15
1715	0.00502648	-9325.07
1716	0.00502648	-9606.79
1717	0.00502648	-9820.17
1718	0.00502648	-10273.4
1719	0.00502648	-10386.9
1720	0.00502648	-9921.08
1721	0.00502648	-10204.7
1722	0.00502648	-9791.67
1723	0.00502648	-10185.6
1724	0.00502648	-10253.9
1725	0.00502648	-10152.3
1726	0.00502648	-10164.1
1727	0.00502648	-10441.2
1728	0.00502648	-9356.23
1729	0.00502648	-10012.9
1730	0.00502648	-9493.51
1731	0.00502648	-9865.05
1732	0.00502648	-9235.51
1733	0.00502648	-9832.46
1734	0.00502648	-9733.6
1735	0.00502648	-10195.4
1736	0.00502648	-9388.67
1737	0.00502648	-9833.98
1738	0.00502648	-9827.76
1739	0.00502648	-10312.9
1740	0.00502648	-10419.4
1741	0.00502648	-9422.56
1742	0.00502648	-9612.1
1743	0.00502648	-9204.37
1744	0.00502648	-10145.4
1745	0.00502648	-10400.6
1746	0.00502648	-9986.17
1747	0.00502648	-9762.28
1748	0.00502648	-10440
1749	0.00502648	-10283.5
1750	0.00502648	-9826.96
1751	0.00502648	-9573
1752	0.00502648	-9426.26
1753	0.00502648	-8847.43
1754	0.00502648	-9432.62
1755	0.00502648	-9714.75
1756	0.00502648	-9697.92
1757	0.00502648	-10208.7
1758	0.00502648	-10469.8
1759	0.00502648	-10763.8
1760	0.00502648	-11279.8
1761	0.00502648	-9892.8
1762	0.00502648	-10087.4
1763	0.00502648	-9407.33
1764	0.00502648	-9020.06
1765	0.00502648	-10085.2
1766	0.00502648	-10017.3
1767	0.00502648	-10032.2
1768	0.00502648	-9849.84
1769	0.00502648	-10034.3
1770	0.00502648	-9707.34
1771	0.00502648	-10102.7
1772	0.00502648	-9984.44
1773	0.00502648	-9932.69
1774	0.00502648	-9424.45
1775	0.00502648	-9428.23
1776	0.00502648	-9910.7
1777	0.00502648	-9797.5
1778	0.00502648	-9906.77
1779	0.00502648	-9882.95
1780	0.00502648	-10301.7
1781	0.00502648	-9892.8
1782	0.00502648	-10072.5
1783	0.00502648	-10276.4
1784	0.00502648	-9209.97
1785	0.00502648	-10312.6
1786	0.00502648	-9628.59
1787	0.00502648	-9622.48
1788	0.00502648	-9120.16
1789	0.00502648	-9829.19
1790	0.00502648	-10243.7
1791	0.00502648	-9611.8
1792	0.00502648	-11295.3
1793	0.00502648	-10379.9
1794	0.00502648	-10105.2
1795	0.00502648	-9990
1796	0.00502648	-10740.9
1797	0.00502648	-9800.73
1798	0.00502648	-10241.3
1799	0.00502648	-9633.78
1800	0.00502648	-10042.7
1801	0.00502648	-9773.88
1802	0.00502648	-10574.5
1803	0.00502648	-10530.7
1804	0.00502648	-10275.9
1805	0.00502648	-9735
1806	0.00502648	-10040.1
1807	0.00502648	-9829.49
1808	0.00502648	-9768.46
1809	0.00502648	-10368.8
1810	0.00502648	-9977.29
1811	0.00502648	-9560.25
1812	0.00502648	-9528.45
1813	0.00502648	-9103.42
1814	0.00502648	-9761.04
1815	0.00502648	-10684.4
1816	0.00502648	-9215.4
1817	0.00502648	-10005
1818	0.00502648	-10709
1819	0.00502648	-10534.9
1820	0.00502648	-9543.7
1821	0.00502648	-10361.8
1822	0.00502648	-10428.5
1823	0.00502648	-10486
1824	0.00502648	-10678.7
1825	0.00502648	-11020.8
1826	0.00502648	-11127.8
1827	0.00502648	-10322.9
1828	0.00502648	-10152.6
1829	0.00502648	-10133.4
1830	0.00502648	-10295.8
1831	0.00502648	-9649.42
1832	0.00502648	-9747.68
1833	0.00502648	-9447.88
1834	0.00502648	-9957.08
1835	0.00502648	-10021.8
1836	0.00502648	-9823.3
1837	0.00502648	-9952.43
1838	0.00502648	-9380.84
1839	0.00502648	-9816.6
1840	0.00502648	-9535.73
1841	0.00502648	-9824.41
1842	0.00502648	-9631.01
1843	0.00502648	-9797.04
1844	0.00502648	-9921.97
1845	0.00502648	-10394.8
1846	0.00502648	-10033.6
1847	0.00502648	-9849.54
1848	0.00502648	-10235.7
1849	0.00502648	-9638.07
1850	0.00502648	-11055.5
1851	0.00502648	-10691.3
1852	0.00502648	-10309.3
1853	0.00502648	-10675.4
1854	0.00502648	-10404.3
1855	0.00502648	-9835.11
1856	0.00502648	-9855.28
1857	0.00502648	-9379.34
1858	0.00502648	-9540.02
1859	0.00502648	-10234.8
1860	0.00502648	-9618.38
1861	0.00502648	-9976.56
1862	0.00502648	-9605.64
1863	0.00502648	-10282.9
1864	0.00502648	-9418.96
1865	0.00502648	-9245.73
1866	0.00502648	-9905.13
1867	0.00502648	-9057.3
1868	0.00502648	-9533.97
1869	0.00502648	-9582.43
1870	0.00502648	-9452.14
1871	0.00502648	-9799.83
1872	0.00502648	-9362.35
1873	0.00502648	-8972.14
1874	0.00502648	-9736.07
1875	0.00502648	-9705.81
1876	0.00502648	-10148.5
1877	0.00502648	-10431.8
1878	0.00502648	-9769.78
1879	0.00502648	-10743.6
1880	0.00502648	-10261.1
1881	0.00502648	-9305.97
1882	0.00502648	-9209.31
1883	0.00502648	-10963
1884	0.00502648	-9614.42
1885	0.00502648	-10136.1
1886	0.00502648	-10356.9
1887	0.00502648	-9575.11
1888	0.00502648	-9810.12
1889	0.00502648	-9264.83
1890	0.00502648	-10194.6
1891	0.00502648	-9815.12
1892	0.00502648	-10308.6
1893	0.00502648	-10617.1
1894	0.00502648	-10667.2
1895	0.00502648	-9938.7
1896	0.00502648	-10223.7
1897	0.00502648	-9958.39
1898	0.00502648	-10089.9
1899	0.00502648	-10116.5
1900	0.00502648	-9289.3
1901	0.00502648	-9963
1902	0.00502648	-10329
1903	0.00502648	-10110.9
1904	0.00502648	-10669.3
1905	0.00502648	-10839.5
1906	0.00502648	-10288.8
1907	0.00502648	-10156.8
1908	0.00502648	-9715.99
1909	0.00502648	-9328.43
1910	0.00502648	-10130.7
1911	0.00502648	-10249.6
1912	0.00502648	-9784.16
1913	0.00502648	-9603.73
1914	0.00502648	-10248.6
1915	0.00502648	-11206.7
1916	0.00502648	-10265.7
1917	0.00502648	-10644.5
1918	0.00502648	-9713.34
1919	0.00502648	-9621.85
1920	0.00502648	-9584.55
1921	0.00502648	-10353.2
1922	0.00502648	-9953.9
1923	0.00502648	-10765.3
1924	0.00502648	-9609
1925	0.00502648	-10261.5
1926	0.00502648	-9335.61
1927	0.00502648	-10540.5
1928	0.00502648	-10159.7
1929	0.00502648	-10777.9
1930	0.00502648	-10023.4
1931	0.00502648	-9247.81
1932	0.00502648	-9959.67
1933	0.00502648	-9526.87
1934	0.00502648	-9957.43
1935	0.00502648	-9930.15
1936	0.00502648	-10004.6
1937	0.00502648	-10424.6
1938	0.00502648	-9531.77
1939	0.00502648	-10125.3
1940	0.00502648	-10962.2
1941	0.00502648	-10338.7
1942	0.00502648	-9333.08
1943	0.00502648	-9562.19
1944	0.00502648	-10354.5
1945	0.00502648	-9588.88
1946	0.00502648	-9596.86
1947	0.00502648	-9391.82
1948	0.00502648	-9629.67
1949	0.00502648	-9703.99
1950	0.00502648	-10059.3
1951	0.00502648	-10356.6
1952	0.00502648	-10511.8
1953	0.00502648	-9555.84
1954	0.00502648	-10057.5
1955	0.00502648	-10014.6
1956	0.00502648	-9660.83
1957	0.00502648	-9913.63
1958	0.00502648	-9423.42
1959	0.00502648	-9947.51
1960	0.00502648	-8971.46
1961	0.00502648	-9653.96
1962	0.00502648	-10405.8
1963	0.00502648	-9465.72
1964	0.00502648	-9960.98
1965	0.00502648	-10265.9
1966	0.00502648	-9938.45
1967	0.00502648	-10006.3
1968	0.00502648	-9993.19
1969	0.00502648	-9809.96
1970	0.00502648	-10528.3
1971	0.00502648	-11036.3
1972	0.00502648	-11487
1973	0.00502648	-10327.4
1974	0.00502648	-9917.52
1975	0.00502648	-9886.98
1976	0.00502648	-9040.54
1977	0.00502648	-9541.98
1978	0.00502648	-9818.47
1979	0.00502648	-10118.6
1980	0.00502648	-9538.85
1981	0.00502648	-9523.78
1982	0.00502648	-9852.42
1983	0.00502648	-9054.46
1984	0.00502648	-9909.15
1985	0.00502648	-9465.43
1986	0.00502648	-10651.8
1987	0.00502648	-10246.5
1988	0.00502648	-10257.1
1989	0.00502648	-9609.62
1990	0.00502648	-9720.35
1991	0.00502648	-9885.26
1992	0.00502648	-9717.11
1993	0.00502648	-9933.27
1994	0.00502648	-10424.2
1995	0.00502648	-9966.08
1996	0.00502648	-9446.43
1997	0.00502648	-10046.9
1998	0.00502648	-10758
1999	0.00502648	-10917.1
2000	0.00502648	-10251.9
