state	power	likelihood
501	3.6251e-06	-14031.5
502	3.6251e-06	-15669.7
503	3.6251e-06	-17758.9
504	3.6251e-06	-13579.6
505	3.6251e-06	-14422.6
506	3.6251e-06	-18345.2
507	3.6251e-06	-16750.3
508	3.6251e-06	-13014.9
509	3.6251e-06	-11802.7
510	3.6251e-06	-12915.1
511	3.6251e-06	-14407.7
512	3.6251e-06	-15105.8
513	3.6251e-06	-15389.9
514	3.6251e-06	-13376.2
515	3.6251e-06	-13187.9
516	3.6251e-06	-14953.5
517	3.6251e-06	-15384.1
518	3.6251e-06	-11441.5
519	3.6251e-06	-10890.3
520	3.6251e-06	-11863.8
521	3.6251e-06	-12469.2
522	3.6251e-06	-12256.8
523	3.6251e-06	-12135.4
524	3.6251e-06	-13239
525	3.6251e-06	-13573.7
526	3.6251e-06	-14892.1
527	3.6251e-06	-13465.6
528	3.6251e-06	-10804.8
529	3.6251e-06	-12069
530	3.6251e-06	-13160.3
531	3.6251e-06	-12224.3
532	3.6251e-06	-13006.6
533	3.6251e-06	-13298.5
534	3.6251e-06	-12788.4
535	3.6251e-06	-12299.7
536	3.6251e-06	-11980.3
537	3.6251e-06	-11245.7
538	3.6251e-06	-14487.2
539	3.6251e-06	-12109.8
540	3.6251e-06	-12350.1
541	3.6251e-06	-12123
542	3.6251e-06	-13319.2
543	3.6251e-06	-12172
544	3.6251e-06	-14071.5
545	3.6251e-06	-13062.8
546	3.6251e-06	-10461.7
547	3.6251e-06	-11741.5
548	3.6251e-06	-14866.6
549	3.6251e-06	-13668.8
550	3.6251e-06	-15816.4
551	3.6251e-06	-14701
552	3.6251e-06	-13185.1
553	3.6251e-06	-11796.8
554	3.6251e-06	-11069.7
555	3.6251e-06	-11379.6
556	3.6251e-06	-13072.2
557	3.6251e-06	-11787.7
558	3.6251e-06	-12536.9
559	3.6251e-06	-11673.1
560	3.6251e-06	-13629.6
561	3.6251e-06	-10506.8
562	3.6251e-06	-12401.1
563	3.6251e-06	-18798.6
564	3.6251e-06	-15133.5
565	3.6251e-06	-15304.7
566	3.6251e-06	-12285.2
567	3.6251e-06	-15590.9
568	3.6251e-06	-12726.3
569	3.6251e-06	-11350.4
570	3.6251e-06	-12215.3
571	3.6251e-06	-11390.1
572	3.6251e-06	-11417.1
573	3.6251e-06	-11022.2
574	3.6251e-06	-12679.8
575	3.6251e-06	-11741.1
576	3.6251e-06	-11998.2
577	3.6251e-06	-11036.7
578	3.6251e-06	-12897.1
579	3.6251e-06	-11260.4
580	3.6251e-06	-11078.6
581	3.6251e-06	-12262.3
582	3.6251e-06	-12553.1
583	3.6251e-06	-12983.9
584	3.6251e-06	-18195.4
585	3.6251e-06	-22646.3
586	3.6251e-06	-20582.7
587	3.6251e-06	-16804.1
588	3.6251e-06	-15661.3
589	3.6251e-06	-18907.9
590	3.6251e-06	-15311.9
591	3.6251e-06	-11857.2
592	3.6251e-06	-12898.1
593	3.6251e-06	-12469.4
594	3.6251e-06	-14040.6
595	3.6251e-06	-14915.3
596	3.6251e-06	-14931.4
597	3.6251e-06	-16083.8
598	3.6251e-06	-14176.3
599	3.6251e-06	-12420.6
600	3.6251e-06	-11347.8
601	3.6251e-06	-12563.3
602	3.6251e-06	-14970.3
603	3.6251e-06	-11339.7
604	3.6251e-06	-11077.6
605	3.6251e-06	-14911.1
606	3.6251e-06	-14897.1
607	3.6251e-06	-13331.7
608	3.6251e-06	-10899.7
609	3.6251e-06	-10888.8
610	3.6251e-06	-13062.5
611	3.6251e-06	-11096.7
612	3.6251e-06	-11451.1
613	3.6251e-06	-12560.2
614	3.6251e-06	-12773.4
615	3.6251e-06	-15813.2
616	3.6251e-06	-12540.9
617	3.6251e-06	-11221.6
618	3.6251e-06	-12012.2
619	3.6251e-06	-11682.9
620	3.6251e-06	-10584
621	3.6251e-06	-11682.3
622	3.6251e-06	-14462.3
623	3.6251e-06	-14553.7
624	3.6251e-06	-12044.2
625	3.6251e-06	-13417.5
626	3.6251e-06	-11230.4
627	3.6251e-06	-10602.5
628	3.6251e-06	-12235.8
629	3.6251e-06	-11194.3
630	3.6251e-06	-12130.2
631	3.6251e-06	-13734.6
632	3.6251e-06	-12507.7
633	3.6251e-06	-11328.2
634	3.6251e-06	-11208.2
635	3.6251e-06	-11772.1
636	3.6251e-06	-11979.6
637	3.6251e-06	-12241.8
638	3.6251e-06	-12412.3
639	3.6251e-06	-11411.7
640	3.6251e-06	-11175.9
641	3.6251e-06	-11397.5
642	3.6251e-06	-12309.8
643	3.6251e-06	-12346.7
644	3.6251e-06	-12577.7
645	3.6251e-06	-17598.7
646	3.6251e-06	-13720.5
647	3.6251e-06	-13410.6
648	3.6251e-06	-12824
649	3.6251e-06	-10961.3
650	3.6251e-06	-12018.2
651	3.6251e-06	-11026.2
652	3.6251e-06	-10759.7
653	3.6251e-06	-12110.2
654	3.6251e-06	-10817.7
655	3.6251e-06	-12236.9
656	3.6251e-06	-14638.2
657	3.6251e-06	-15594.5
658	3.6251e-06	-14803.4
659	3.6251e-06	-11886.2
660	3.6251e-06	-14921.9
661	3.6251e-06	-11826.4
662	3.6251e-06	-12326.8
663	3.6251e-06	-10815.9
664	3.6251e-06	-14272.1
665	3.6251e-06	-12276.7
666	3.6251e-06	-14000.4
667	3.6251e-06	-11994.5
668	3.6251e-06	-12151.5
669	3.6251e-06	-13015.4
670	3.6251e-06	-12476
671	3.6251e-06	-12895.2
672	3.6251e-06	-11403.1
673	3.6251e-06	-12356.4
674	3.6251e-06	-11284.1
675	3.6251e-06	-11271.4
676	3.6251e-06	-11041.1
677	3.6251e-06	-12622.4
678	3.6251e-06	-12745.2
679	3.6251e-06	-12463.2
680	3.6251e-06	-17106.8
681	3.6251e-06	-15344.9
682	3.6251e-06	-13511.8
683	3.6251e-06	-13619.1
684	3.6251e-06	-12928
685	3.6251e-06	-12029.2
686	3.6251e-06	-11444
687	3.6251e-06	-10527.4
688	3.6251e-06	-12820.3
689	3.6251e-06	-13678.8
690	3.6251e-06	-12724.9
691	3.6251e-06	-14126.4
692	3.6251e-06	-15109.7
693	3.6251e-06	-13904
694	3.6251e-06	-13960.2
695	3.6251e-06	-11199.8
696	3.6251e-06	-12530.2
697	3.6251e-06	-15444.1
698	3.6251e-06	-14701
699	3.6251e-06	-15712.3
700	3.6251e-06	-16574
701	3.6251e-06	-15069.4
702	3.6251e-06	-12427.6
703	3.6251e-06	-11671.6
704	3.6251e-06	-12943.4
705	3.6251e-06	-11427.6
706	3.6251e-06	-12668
707	3.6251e-06	-15206.2
708	3.6251e-06	-11407.3
709	3.6251e-06	-10732.1
710	3.6251e-06	-10769.1
711	3.6251e-06	-17562.9
712	3.6251e-06	-12400.5
713	3.6251e-06	-12602.6
714	3.6251e-06	-13292.5
715	3.6251e-06	-18188.3
716	3.6251e-06	-13358.2
717	3.6251e-06	-16928.1
718	3.6251e-06	-14777.2
719	3.6251e-06	-12309.9
720	3.6251e-06	-14203.2
721	3.6251e-06	-13767.7
722	3.6251e-06	-12898.6
723	3.6251e-06	-13810.2
724	3.6251e-06	-12246.2
725	3.6251e-06	-11675.2
726	3.6251e-06	-13318.5
727	3.6251e-06	-11840
728	3.6251e-06	-12846.6
729	3.6251e-06	-13084
730	3.6251e-06	-11875.8
731	3.6251e-06	-12659.2
732	3.6251e-06	-14997.9
733	3.6251e-06	-12717
734	3.6251e-06	-11805.9
735	3.6251e-06	-13483.3
736	3.6251e-06	-12217.9
737	3.6251e-06	-12838.6
738	3.6251e-06	-12243.2
739	3.6251e-06	-13248.9
740	3.6251e-06	-14439.1
741	3.6251e-06	-13628.6
742	3.6251e-06	-13216.8
743	3.6251e-06	-13422.4
744	3.6251e-06	-12082.4
745	3.6251e-06	-12442.5
746	3.6251e-06	-12223.8
747	3.6251e-06	-12323.4
748	3.6251e-06	-12208.5
749	3.6251e-06	-14252.7
750	3.6251e-06	-13285.4
751	3.6251e-06	-12562.8
752	3.6251e-06	-11715.1
753	3.6251e-06	-10668.1
754	3.6251e-06	-13113.9
755	3.6251e-06	-12351.3
756	3.6251e-06	-13153.6
757	3.6251e-06	-13312.3
758	3.6251e-06	-12332.2
759	3.6251e-06	-12690.3
760	3.6251e-06	-14152.2
761	3.6251e-06	-12577.9
762	3.6251e-06	-14297
763	3.6251e-06	-12226.6
764	3.6251e-06	-13678.5
765	3.6251e-06	-14193.6
766	3.6251e-06	-14308.1
767	3.6251e-06	-13704.8
768	3.6251e-06	-13033.5
769	3.6251e-06	-11774.1
770	3.6251e-06	-12962.9
771	3.6251e-06	-11754.2
772	3.6251e-06	-13327.9
773	3.6251e-06	-14743.3
774	3.6251e-06	-13295.2
775	3.6251e-06	-12471
776	3.6251e-06	-13415.7
777	3.6251e-06	-11712.6
778	3.6251e-06	-12019.6
779	3.6251e-06	-12508.8
780	3.6251e-06	-11732.8
781	3.6251e-06	-14629.4
782	3.6251e-06	-13650.3
783	3.6251e-06	-13087.7
784	3.6251e-06	-14193.2
785	3.6251e-06	-15147.6
786	3.6251e-06	-14641.2
787	3.6251e-06	-12152.3
788	3.6251e-06	-13206
789	3.6251e-06	-12694.4
790	3.6251e-06	-12831.2
791	3.6251e-06	-12184.6
792	3.6251e-06	-12142.5
793	3.6251e-06	-12028.4
794	3.6251e-06	-15583.6
795	3.6251e-06	-11687.8
796	3.6251e-06	-12110.1
797	3.6251e-06	-11134.8
798	3.6251e-06	-12205.2
799	3.6251e-06	-11750.6
800	3.6251e-06	-14535.1
801	3.6251e-06	-10881
802	3.6251e-06	-12142.4
803	3.6251e-06	-12778.5
804	3.6251e-06	-14953.7
805	3.6251e-06	-13926.9
806	3.6251e-06	-12846.1
807	3.6251e-06	-12631.2
808	3.6251e-06	-12475.5
809	3.6251e-06	-11498.2
810	3.6251e-06	-11060.9
811	3.6251e-06	-12493.1
812	3.6251e-06	-12019.6
813	3.6251e-06	-11795.2
814	3.6251e-06	-15610.8
815	3.6251e-06	-14797.5
816	3.6251e-06	-11846.4
817	3.6251e-06	-11785.9
818	3.6251e-06	-11512.6
819	3.6251e-06	-11394
820	3.6251e-06	-14825.4
821	3.6251e-06	-14054.6
822	3.6251e-06	-15394.3
823	3.6251e-06	-11987.1
824	3.6251e-06	-11502.1
825	3.6251e-06	-11731.4
826	3.6251e-06	-12735.4
827	3.6251e-06	-12503.3
828	3.6251e-06	-11157.4
829	3.6251e-06	-11624.3
830	3.6251e-06	-11492.5
831	3.6251e-06	-13505.8
832	3.6251e-06	-14706.7
833	3.6251e-06	-13258.1
834	3.6251e-06	-13753.9
835	3.6251e-06	-11908.8
836	3.6251e-06	-10931.9
837	3.6251e-06	-10679.2
838	3.6251e-06	-12955.3
839	3.6251e-06	-14342.7
840	3.6251e-06	-14382
841	3.6251e-06	-13423.7
842	3.6251e-06	-11871.7
843	3.6251e-06	-10728
844	3.6251e-06	-11813.2
845	3.6251e-06	-12529.5
846	3.6251e-06	-12979.5
847	3.6251e-06	-13049.5
848	3.6251e-06	-12825.8
849	3.6251e-06	-14627.6
850	3.6251e-06	-12990.3
851	3.6251e-06	-14309.7
852	3.6251e-06	-12655.8
853	3.6251e-06	-14827.5
854	3.6251e-06	-14080.8
855	3.6251e-06	-14685
856	3.6251e-06	-11649.9
857	3.6251e-06	-11772.9
858	3.6251e-06	-11357.1
859	3.6251e-06	-13253
860	3.6251e-06	-12960.3
861	3.6251e-06	-12193.8
862	3.6251e-06	-13179.3
863	3.6251e-06	-13372.8
864	3.6251e-06	-12165.6
865	3.6251e-06	-12472.4
866	3.6251e-06	-11856.6
867	3.6251e-06	-11225.5
868	3.6251e-06	-11439.4
869	3.6251e-06	-10994.7
870	3.6251e-06	-11026.9
871	3.6251e-06	-11877.4
872	3.6251e-06	-11520
873	3.6251e-06	-11868.2
874	3.6251e-06	-12595.2
875	3.6251e-06	-11179.8
876	3.6251e-06	-14333.8
877	3.6251e-06	-14939.9
878	3.6251e-06	-13426.7
879	3.6251e-06	-11925.7
880	3.6251e-06	-11219
881	3.6251e-06	-11194.4
882	3.6251e-06	-10861.1
883	3.6251e-06	-11224.3
884	3.6251e-06	-11708.3
885	3.6251e-06	-13257.4
886	3.6251e-06	-12755.6
887	3.6251e-06	-12899.2
888	3.6251e-06	-11632.4
889	3.6251e-06	-11651.2
890	3.6251e-06	-13842.8
891	3.6251e-06	-13614.2
892	3.6251e-06	-14318.6
893	3.6251e-06	-13411.6
894	3.6251e-06	-13197.5
895	3.6251e-06	-15713
896	3.6251e-06	-18218.9
897	3.6251e-06	-15582.7
898	3.6251e-06	-13548.9
899	3.6251e-06	-12286.9
900	3.6251e-06	-15872.8
901	3.6251e-06	-13587.7
902	3.6251e-06	-14772.1
903	3.6251e-06	-11445
904	3.6251e-06	-11609.8
905	3.6251e-06	-11729.5
906	3.6251e-06	-13814.2
907	3.6251e-06	-14016.1
908	3.6251e-06	-14001.7
909	3.6251e-06	-11562.5
910	3.6251e-06	-11889.2
911	3.6251e-06	-12978.6
912	3.6251e-06	-12511.6
913	3.6251e-06	-12765.6
914	3.6251e-06	-13669.7
915	3.6251e-06	-12414.5
916	3.6251e-06	-13643
917	3.6251e-06	-11337.6
918	3.6251e-06	-11506.7
919	3.6251e-06	-12474
920	3.6251e-06	-15630.5
921	3.6251e-06	-22110
922	3.6251e-06	-18104.9
923	3.6251e-06	-16053.9
924	3.6251e-06	-16892.7
925	3.6251e-06	-14606.3
926	3.6251e-06	-16032.5
927	3.6251e-06	-15825.6
928	3.6251e-06	-14663.5
929	3.6251e-06	-14504.8
930	3.6251e-06	-17584.3
931	3.6251e-06	-15855
932	3.6251e-06	-13994.9
933	3.6251e-06	-14208.4
934	3.6251e-06	-10783
935	3.6251e-06	-11827.3
936	3.6251e-06	-12207.4
937	3.6251e-06	-11905
938	3.6251e-06	-15382.1
939	3.6251e-06	-16936.4
940	3.6251e-06	-15782.2
941	3.6251e-06	-13676
942	3.6251e-06	-11031.4
943	3.6251e-06	-11102.2
944	3.6251e-06	-13485.1
945	3.6251e-06	-13309.2
946	3.6251e-06	-13239.1
947	3.6251e-06	-12173.9
948	3.6251e-06	-12308
949	3.6251e-06	-11150.8
950	3.6251e-06	-10850.7
951	3.6251e-06	-10365.2
952	3.6251e-06	-11539.2
953	3.6251e-06	-10266.7
954	3.6251e-06	-11688.5
955	3.6251e-06	-11844.1
956	3.6251e-06	-10343.2
957	3.6251e-06	-10000.4
958	3.6251e-06	-12808.1
959	3.6251e-06	-12603
960	3.6251e-06	-11577.5
961	3.6251e-06	-12334
962	3.6251e-06	-12816.6
963	3.6251e-06	-12699.5
964	3.6251e-06	-11651.7
965	3.6251e-06	-12491.9
966	3.6251e-06	-11147
967	3.6251e-06	-11940.5
968	3.6251e-06	-10879.5
969	3.6251e-06	-11493
970	3.6251e-06	-13151.5
971	3.6251e-06	-13302.7
972	3.6251e-06	-17056.2
973	3.6251e-06	-12040.1
974	3.6251e-06	-13531.3
975	3.6251e-06	-12293
976	3.6251e-06	-13926.1
977	3.6251e-06	-14300.5
978	3.6251e-06	-15163.2
979	3.6251e-06	-13594.2
980	3.6251e-06	-11113.9
981	3.6251e-06	-11183.8
982	3.6251e-06	-11656.5
983	3.6251e-06	-11443.9
984	3.6251e-06	-11894.1
985	3.6251e-06	-11616.8
986	3.6251e-06	-10529.9
987	3.6251e-06	-11421.7
988	3.6251e-06	-13328.2
989	3.6251e-06	-14149
990	3.6251e-06	-13841
991	3.6251e-06	-14374.2
992	3.6251e-06	-15150.4
993	3.6251e-06	-14796.1
994	3.6251e-06	-14270.6
995	3.6251e-06	-15493.2
996	3.6251e-06	-12404.2
997	3.6251e-06	-11757.9
998	3.6251e-06	-11650.1
999	3.6251e-06	-12370.1
1000	3.6251e-06	-12156.2
1001	3.6251e-06	-12503.4
1002	3.6251e-06	-11941
1003	3.6251e-06	-14771.3
1004	3.6251e-06	-12413
1005	3.6251e-06	-11506
1006	3.6251e-06	-11364.7
1007	3.6251e-06	-13086.8
1008	3.6251e-06	-18100.1
1009	3.6251e-06	-18000.1
1010	3.6251e-06	-16405.7
1011	3.6251e-06	-16505.5
1012	3.6251e-06	-15358.4
1013	3.6251e-06	-14035
1014	3.6251e-06	-15508.3
1015	3.6251e-06	-13139.7
1016	3.6251e-06	-12144.5
1017	3.6251e-06	-13982.7
1018	3.6251e-06	-11817.7
1019	3.6251e-06	-10480.2
1020	3.6251e-06	-12053.5
1021	3.6251e-06	-15794.6
1022	3.6251e-06	-11554.2
1023	3.6251e-06	-13709.5
1024	3.6251e-06	-11687.9
1025	3.6251e-06	-11638.2
1026	3.6251e-06	-12384
1027	3.6251e-06	-15294.6
1028	3.6251e-06	-12337.6
1029	3.6251e-06	-12192.5
1030	3.6251e-06	-12618.6
1031	3.6251e-06	-13057
1032	3.6251e-06	-12776.8
1033	3.6251e-06	-12692.4
1034	3.6251e-06	-12588
1035	3.6251e-06	-10378.1
1036	3.6251e-06	-11960.6
1037	3.6251e-06	-11643.1
1038	3.6251e-06	-13041.9
1039	3.6251e-06	-12824.6
1040	3.6251e-06	-11048.3
1041	3.6251e-06	-12601.1
1042	3.6251e-06	-11615.5
1043	3.6251e-06	-11534.4
1044	3.6251e-06	-11192.8
1045	3.6251e-06	-12366.4
1046	3.6251e-06	-15062.1
1047	3.6251e-06	-10872
1048	3.6251e-06	-12223.7
1049	3.6251e-06	-11525.8
1050	3.6251e-06	-11812.2
1051	3.6251e-06	-12436.5
1052	3.6251e-06	-14815.8
1053	3.6251e-06	-13469.3
1054	3.6251e-06	-13674.8
1055	3.6251e-06	-13680.3
1056	3.6251e-06	-13876.6
1057	3.6251e-06	-14996.3
1058	3.6251e-06	-12373.5
1059	3.6251e-06	-13741.9
1060	3.6251e-06	-14143.9
1061	3.6251e-06	-13708.4
1062	3.6251e-06	-13165.7
1063	3.6251e-06	-12715.9
1064	3.6251e-06	-11889.7
1065	3.6251e-06	-11904.9
1066	3.6251e-06	-12780
1067	3.6251e-06	-12805.1
1068	3.6251e-06	-13060.8
1069	3.6251e-06	-12976.2
1070	3.6251e-06	-12330.9
1071	3.6251e-06	-12071.1
1072	3.6251e-06	-10788.2
1073	3.6251e-06	-12278.2
1074	3.6251e-06	-15608.3
1075	3.6251e-06	-12259.3
1076	3.6251e-06	-12494.2
1077	3.6251e-06	-12178.9
1078	3.6251e-06	-16044.3
1079	3.6251e-06	-11615.6
1080	3.6251e-06	-12596.8
1081	3.6251e-06	-12804.5
1082	3.6251e-06	-10874
1083	3.6251e-06	-13123.9
1084	3.6251e-06	-14000
1085	3.6251e-06	-13836
1086	3.6251e-06	-12358.4
1087	3.6251e-06	-14815.3
1088	3.6251e-06	-12662.8
1089	3.6251e-06	-14531
1090	3.6251e-06	-12267.4
1091	3.6251e-06	-12356.6
1092	3.6251e-06	-11758.8
1093	3.6251e-06	-12665.1
1094	3.6251e-06	-12428
1095	3.6251e-06	-11776.3
1096	3.6251e-06	-11312.4
1097	3.6251e-06	-12989.7
1098	3.6251e-06	-11358.9
1099	3.6251e-06	-14624.9
1100	3.6251e-06	-13525.6
1101	3.6251e-06	-13606.8
1102	3.6251e-06	-12634.2
1103	3.6251e-06	-14254.3
1104	3.6251e-06	-13945.6
1105	3.6251e-06	-16782.2
1106	3.6251e-06	-13223.3
1107	3.6251e-06	-12874.7
1108	3.6251e-06	-12247
1109	3.6251e-06	-14917.4
1110	3.6251e-06	-10920.6
1111	3.6251e-06	-10644.8
1112	3.6251e-06	-11168.5
1113	3.6251e-06	-12909.7
1114	3.6251e-06	-12152.7
1115	3.6251e-06	-10844.1
1116	3.6251e-06	-11794.8
1117	3.6251e-06	-11978.7
1118	3.6251e-06	-12259.6
1119	3.6251e-06	-13304.7
1120	3.6251e-06	-10993.8
1121	3.6251e-06	-11373.1
1122	3.6251e-06	-12399.8
1123	3.6251e-06	-10834.8
1124	3.6251e-06	-12209.4
1125	3.6251e-06	-13670.3
1126	3.6251e-06	-12301.5
1127	3.6251e-06	-12039.2
1128	3.6251e-06	-12590.6
1129	3.6251e-06	-12974.5
1130	3.6251e-06	-13869.1
1131	3.6251e-06	-12063.2
1132	3.6251e-06	-11796.7
1133	3.6251e-06	-12597
1134	3.6251e-06	-12576
1135	3.6251e-06	-11193.6
1136	3.6251e-06	-11197.1
1137	3.6251e-06	-12219.2
1138	3.6251e-06	-12787.1
1139	3.6251e-06	-12190.8
1140	3.6251e-06	-11752
1141	3.6251e-06	-11038.7
1142	3.6251e-06	-11338.6
1143	3.6251e-06	-12622.4
1144	3.6251e-06	-14972.1
1145	3.6251e-06	-15720.9
1146	3.6251e-06	-16418.1
1147	3.6251e-06	-12252.3
1148	3.6251e-06	-16247.9
1149	3.6251e-06	-13976.2
1150	3.6251e-06	-13768.6
1151	3.6251e-06	-15821.9
1152	3.6251e-06	-16069.8
1153	3.6251e-06	-17506.1
1154	3.6251e-06	-17865.6
1155	3.6251e-06	-16849.8
1156	3.6251e-06	-13854.6
1157	3.6251e-06	-14109.3
1158	3.6251e-06	-13360.6
1159	3.6251e-06	-13137.2
1160	3.6251e-06	-11970.9
1161	3.6251e-06	-12237.4
1162	3.6251e-06	-11729.9
1163	3.6251e-06	-11743.4
1164	3.6251e-06	-13639.3
1165	3.6251e-06	-14131.7
1166	3.6251e-06	-11186.5
1167	3.6251e-06	-17630.4
1168	3.6251e-06	-13385.4
1169	3.6251e-06	-12692.5
1170	3.6251e-06	-12422.9
1171	3.6251e-06	-12571.3
1172	3.6251e-06	-12022.6
1173	3.6251e-06	-11193.4
1174	3.6251e-06	-12373.3
1175	3.6251e-06	-12583.5
1176	3.6251e-06	-11968.5
1177	3.6251e-06	-13979.8
1178	3.6251e-06	-14129.9
1179	3.6251e-06	-14898.6
1180	3.6251e-06	-15732.2
1181	3.6251e-06	-11893.2
1182	3.6251e-06	-11716.3
1183	3.6251e-06	-12475.4
1184	3.6251e-06	-13660.4
1185	3.6251e-06	-14883.6
1186	3.6251e-06	-11766.6
1187	3.6251e-06	-12351.5
1188	3.6251e-06	-10508.3
1189	3.6251e-06	-12876.6
1190	3.6251e-06	-13159.1
1191	3.6251e-06	-13385.5
1192	3.6251e-06	-14294.5
1193	3.6251e-06	-13173.6
1194	3.6251e-06	-12630.1
1195	3.6251e-06	-11279.3
1196	3.6251e-06	-12771.7
1197	3.6251e-06	-13504.4
1198	3.6251e-06	-13799.4
1199	3.6251e-06	-11560
1200	3.6251e-06	-11992.3
1201	3.6251e-06	-11909.4
1202	3.6251e-06	-10685.8
1203	3.6251e-06	-10905.1
1204	3.6251e-06	-10692
1205	3.6251e-06	-11530.7
1206	3.6251e-06	-13737.3
1207	3.6251e-06	-16421.4
1208	3.6251e-06	-11578.7
1209	3.6251e-06	-11741.3
1210	3.6251e-06	-12569.1
1211	3.6251e-06	-13467.7
1212	3.6251e-06	-14374.6
1213	3.6251e-06	-15804.9
1214	3.6251e-06	-15191.4
1215	3.6251e-06	-12889.5
1216	3.6251e-06	-12773.5
1217	3.6251e-06	-12249.9
1218	3.6251e-06	-14895.6
1219	3.6251e-06	-12580
1220	3.6251e-06	-11812.1
1221	3.6251e-06	-12591.9
1222	3.6251e-06	-12395.4
1223	3.6251e-06	-12561.2
1224	3.6251e-06	-26080
1225	3.6251e-06	-13171.6
1226	3.6251e-06	-13150.4
1227	3.6251e-06	-12940.2
1228	3.6251e-06	-13257.4
1229	3.6251e-06	-14210.8
1230	3.6251e-06	-11081.9
1231	3.6251e-06	-12590.7
1232	3.6251e-06	-12123.6
1233	3.6251e-06	-12363.8
1234	3.6251e-06	-13258.3
1235	3.6251e-06	-14635.6
1236	3.6251e-06	-15912
1237	3.6251e-06	-16585
1238	3.6251e-06	-13521.9
1239	3.6251e-06	-13070
1240	3.6251e-06	-12785.8
1241	3.6251e-06	-12277.8
1242	3.6251e-06	-12017.3
1243	3.6251e-06	-14207.3
1244	3.6251e-06	-13480.2
1245	3.6251e-06	-11285.7
1246	3.6251e-06	-12239.4
1247	3.6251e-06	-11054.3
1248	3.6251e-06	-12225.4
1249	3.6251e-06	-13033.2
1250	3.6251e-06	-12455.8
1251	3.6251e-06	-13046.6
1252	3.6251e-06	-11679.7
1253	3.6251e-06	-13216.4
1254	3.6251e-06	-11371.3
1255	3.6251e-06	-14537.4
1256	3.6251e-06	-12390.1
1257	3.6251e-06	-11449
1258	3.6251e-06	-12918.3
1259	3.6251e-06	-12751.4
1260	3.6251e-06	-12512.2
1261	3.6251e-06	-12784.4
1262	3.6251e-06	-11909
1263	3.6251e-06	-14745.6
1264	3.6251e-06	-12532.3
1265	3.6251e-06	-11447
1266	3.6251e-06	-11185.5
1267	3.6251e-06	-10886.1
1268	3.6251e-06	-11054.1
1269	3.6251e-06	-11391.4
1270	3.6251e-06	-13139.6
1271	3.6251e-06	-13579.6
1272	3.6251e-06	-14304.1
1273	3.6251e-06	-14862.5
1274	3.6251e-06	-17140.8
1275	3.6251e-06	-14899.3
1276	3.6251e-06	-12354.5
1277	3.6251e-06	-12742
1278	3.6251e-06	-11853.5
1279	3.6251e-06	-12194.4
1280	3.6251e-06	-11709.2
1281	3.6251e-06	-11231.9
1282	3.6251e-06	-13842.5
1283	3.6251e-06	-14254.5
1284	3.6251e-06	-13877.8
1285	3.6251e-06	-12360.2
1286	3.6251e-06	-11451.5
1287	3.6251e-06	-13266.2
1288	3.6251e-06	-12905
1289	3.6251e-06	-12003.1
1290	3.6251e-06	-12784.7
1291	3.6251e-06	-12915.9
1292	3.6251e-06	-12755.8
1293	3.6251e-06	-10241.7
1294	3.6251e-06	-11374.4
1295	3.6251e-06	-10526.2
1296	3.6251e-06	-14488.2
1297	3.6251e-06	-13190.6
1298	3.6251e-06	-15485.2
1299	3.6251e-06	-13469.1
1300	3.6251e-06	-11853
1301	3.6251e-06	-11294.4
1302	3.6251e-06	-12538.3
1303	3.6251e-06	-12283.6
1304	3.6251e-06	-13419.8
1305	3.6251e-06	-14568.5
1306	3.6251e-06	-15295
1307	3.6251e-06	-12197.5
1308	3.6251e-06	-11455.9
1309	3.6251e-06	-11893
1310	3.6251e-06	-12254.9
1311	3.6251e-06	-13769.5
1312	3.6251e-06	-11626.2
1313	3.6251e-06	-14714.9
1314	3.6251e-06	-14105.5
1315	3.6251e-06	-13680.6
1316	3.6251e-06	-13805.2
1317	3.6251e-06	-13276.9
1318	3.6251e-06	-12570
1319	3.6251e-06	-13632.8
1320	3.6251e-06	-11999.3
1321	3.6251e-06	-11521.9
1322	3.6251e-06	-12567
1323	3.6251e-06	-13223.9
1324	3.6251e-06	-10485
1325	3.6251e-06	-11790.5
1326	3.6251e-06	-12555.7
1327	3.6251e-06	-14007.8
1328	3.6251e-06	-11881.1
1329	3.6251e-06	-11510.9
1330	3.6251e-06	-11628.6
1331	3.6251e-06	-14918.9
1332	3.6251e-06	-12475.9
1333	3.6251e-06	-13707.2
1334	3.6251e-06	-12876.7
1335	3.6251e-06	-12689
1336	3.6251e-06	-12304.7
1337	3.6251e-06	-11657
1338	3.6251e-06	-11673.8
1339	3.6251e-06	-12910
1340	3.6251e-06	-11981
1341	3.6251e-06	-14838.1
1342	3.6251e-06	-18024
1343	3.6251e-06	-13731.5
1344	3.6251e-06	-12680.9
1345	3.6251e-06	-13566.4
1346	3.6251e-06	-11127.2
1347	3.6251e-06	-13789.8
1348	3.6251e-06	-15409.8
1349	3.6251e-06	-15440.4
1350	3.6251e-06	-15940.4
1351	3.6251e-06	-15259.1
1352	3.6251e-06	-13195.1
1353	3.6251e-06	-14797.5
1354	3.6251e-06	-12851.2
1355	3.6251e-06	-12255.3
1356	3.6251e-06	-13868.3
1357	3.6251e-06	-14129.7
1358	3.6251e-06	-12497.9
1359	3.6251e-06	-15385
1360	3.6251e-06	-15552.7
1361	3.6251e-06	-11759.6
1362	3.6251e-06	-11733.4
1363	3.6251e-06	-11328
1364	3.6251e-06	-12289.5
1365	3.6251e-06	-12247.5
1366	3.6251e-06	-11378.6
1367	3.6251e-06	-11352.6
1368	3.6251e-06	-11251.4
1369	3.6251e-06	-12125.8
1370	3.6251e-06	-13103.8
1371	3.6251e-06	-13098.8
1372	3.6251e-06	-13461.8
1373	3.6251e-06	-12895.4
1374	3.6251e-06	-13920.2
1375	3.6251e-06	-14626.4
1376	3.6251e-06	-10888.2
1377	3.6251e-06	-11948.6
1378	3.6251e-06	-12166.1
1379	3.6251e-06	-11398.1
1380	3.6251e-06	-11882.2
1381	3.6251e-06	-11816.4
1382	3.6251e-06	-13171.1
1383	3.6251e-06	-12218
1384	3.6251e-06	-11599.8
1385	3.6251e-06	-11568.8
1386	3.6251e-06	-12417.5
1387	3.6251e-06	-11853.3
1388	3.6251e-06	-12735.2
1389	3.6251e-06	-13161.5
1390	3.6251e-06	-12690.1
1391	3.6251e-06	-12668.7
1392	3.6251e-06	-11969.3
1393	3.6251e-06	-12681
1394	3.6251e-06	-11923.9
1395	3.6251e-06	-10827.3
1396	3.6251e-06	-11143
1397	3.6251e-06	-11884.9
1398	3.6251e-06	-11568.9
1399	3.6251e-06	-13276.2
1400	3.6251e-06	-14638.9
1401	3.6251e-06	-13431.8
1402	3.6251e-06	-13245
1403	3.6251e-06	-12377
1404	3.6251e-06	-13653.2
1405	3.6251e-06	-13497.4
1406	3.6251e-06	-14100.9
1407	3.6251e-06	-12713.3
1408	3.6251e-06	-12865.9
1409	3.6251e-06	-10772
1410	3.6251e-06	-11510
1411	3.6251e-06	-11762.5
1412	3.6251e-06	-11054.6
1413	3.6251e-06	-11118.8
1414	3.6251e-06	-11368.3
1415	3.6251e-06	-14286.8
1416	3.6251e-06	-10331.1
1417	3.6251e-06	-11142.6
1418	3.6251e-06	-11554.6
1419	3.6251e-06	-12828.9
1420	3.6251e-06	-12273.9
1421	3.6251e-06	-12960.5
1422	3.6251e-06	-13068.9
1423	3.6251e-06	-12212.8
1424	3.6251e-06	-13264.2
1425	3.6251e-06	-11836.1
1426	3.6251e-06	-12308
1427	3.6251e-06	-10725.9
1428	3.6251e-06	-12545.7
1429	3.6251e-06	-11834
1430	3.6251e-06	-15534.7
1431	3.6251e-06	-13504.7
1432	3.6251e-06	-11751.4
1433	3.6251e-06	-13313.9
1434	3.6251e-06	-12678.2
1435	3.6251e-06	-13316.3
1436	3.6251e-06	-13855
1437	3.6251e-06	-16288.3
1438	3.6251e-06	-13319.8
1439	3.6251e-06	-11564.4
1440	3.6251e-06	-14219.7
1441	3.6251e-06	-12700.9
1442	3.6251e-06	-13169.1
1443	3.6251e-06	-12106.7
1444	3.6251e-06	-10994.1
1445	3.6251e-06	-11642.7
1446	3.6251e-06	-12348.2
1447	3.6251e-06	-11531
1448	3.6251e-06	-13339
1449	3.6251e-06	-14748.1
1450	3.6251e-06	-12174.7
1451	3.6251e-06	-13834.6
1452	3.6251e-06	-12125.2
1453	3.6251e-06	-11227.2
1454	3.6251e-06	-11801.1
1455	3.6251e-06	-12091.4
1456	3.6251e-06	-12676.4
1457	3.6251e-06	-13307.6
1458	3.6251e-06	-14164.1
1459	3.6251e-06	-12698.5
1460	3.6251e-06	-11985.2
1461	3.6251e-06	-17394.9
1462	3.6251e-06	-12956.6
1463	3.6251e-06	-12766
1464	3.6251e-06	-12476.8
1465	3.6251e-06	-12171
1466	3.6251e-06	-12495.3
1467	3.6251e-06	-13325.8
1468	3.6251e-06	-13719.1
1469	3.6251e-06	-11823.3
1470	3.6251e-06	-11081.8
1471	3.6251e-06	-10770.2
1472	3.6251e-06	-11361.1
1473	3.6251e-06	-10724.6
1474	3.6251e-06	-12470.6
1475	3.6251e-06	-12929.8
1476	3.6251e-06	-10362.1
1477	3.6251e-06	-13150.9
1478	3.6251e-06	-13505.5
1479	3.6251e-06	-13400.6
1480	3.6251e-06	-14127.8
1481	3.6251e-06	-11481.7
1482	3.6251e-06	-10752.5
1483	3.6251e-06	-13225.1
1484	3.6251e-06	-11415.9
1485	3.6251e-06	-11582.8
1486	3.6251e-06	-12925.4
1487	3.6251e-06	-15749.4
1488	3.6251e-06	-13443.3
1489	3.6251e-06	-12165.2
1490	3.6251e-06	-12045.1
1491	3.6251e-06	-14776.2
1492	3.6251e-06	-14111.1
1493	3.6251e-06	-12388.7
1494	3.6251e-06	-14303
1495	3.6251e-06	-14057.3
1496	3.6251e-06	-13434.6
1497	3.6251e-06	-13997.6
1498	3.6251e-06	-15451.7
1499	3.6251e-06	-13989.9
1500	3.6251e-06	-13986.2
1501	3.6251e-06	-12472.2
1502	3.6251e-06	-13091.3
1503	3.6251e-06	-12397.8
1504	3.6251e-06	-11899.6
1505	3.6251e-06	-13215
1506	3.6251e-06	-11133
1507	3.6251e-06	-10927.4
1508	3.6251e-06	-10902.1
1509	3.6251e-06	-11530.8
1510	3.6251e-06	-11273.8
1511	3.6251e-06	-11347.4
1512	3.6251e-06	-10053.8
1513	3.6251e-06	-11870.3
1514	3.6251e-06	-13542.1
1515	3.6251e-06	-13277.8
1516	3.6251e-06	-12517.8
1517	3.6251e-06	-11976
1518	3.6251e-06	-11569.1
1519	3.6251e-06	-12181
1520	3.6251e-06	-12063
1521	3.6251e-06	-15001.1
1522	3.6251e-06	-14111.7
1523	3.6251e-06	-14859.7
1524	3.6251e-06	-12956
1525	3.6251e-06	-12741.9
1526	3.6251e-06	-12158.5
1527	3.6251e-06	-11882.1
1528	3.6251e-06	-15213
1529	3.6251e-06	-12940.4
1530	3.6251e-06	-13474.8
1531	3.6251e-06	-14433.7
1532	3.6251e-06	-13705.4
1533	3.6251e-06	-14593.2
1534	3.6251e-06	-16256.5
1535	3.6251e-06	-18209.8
1536	3.6251e-06	-14753.6
1537	3.6251e-06	-13094.3
1538	3.6251e-06	-13083
1539	3.6251e-06	-14482.8
1540	3.6251e-06	-13388.5
1541	3.6251e-06	-12211.4
1542	3.6251e-06	-13132.6
1543	3.6251e-06	-11890.7
1544	3.6251e-06	-11014.3
1545	3.6251e-06	-13093
1546	3.6251e-06	-12374.4
1547	3.6251e-06	-11834.6
1548	3.6251e-06	-11984.2
1549	3.6251e-06	-11531.1
1550	3.6251e-06	-12435.8
1551	3.6251e-06	-12889
1552	3.6251e-06	-14367.4
1553	3.6251e-06	-14973.2
1554	3.6251e-06	-13402.5
1555	3.6251e-06	-11732.2
1556	3.6251e-06	-11936.8
1557	3.6251e-06	-12750.2
1558	3.6251e-06	-16156.6
1559	3.6251e-06	-16573.2
1560	3.6251e-06	-16023.5
1561	3.6251e-06	-12372.3
1562	3.6251e-06	-12649.9
1563	3.6251e-06	-12538.4
1564	3.6251e-06	-12283.4
1565	3.6251e-06	-10826.5
1566	3.6251e-06	-11959.9
1567	3.6251e-06	-12233.1
1568	3.6251e-06	-12202.1
1569	3.6251e-06	-12109.6
1570	3.6251e-06	-12504.4
1571	3.6251e-06	-10804
1572	3.6251e-06	-11890.4
1573	3.6251e-06	-13011.9
1574	3.6251e-06	-14054.4
1575	3.6251e-06	-14057.2
1576	3.6251e-06	-13034.8
1577	3.6251e-06	-12656.9
1578	3.6251e-06	-12626.4
1579	3.6251e-06	-11006.1
1580	3.6251e-06	-10888.3
1581	3.6251e-06	-11410.8
1582	3.6251e-06	-11524.1
1583	3.6251e-06	-12286.9
1584	3.6251e-06	-12143.9
1585	3.6251e-06	-12750.7
1586	3.6251e-06	-14122.8
1587	3.6251e-06	-13381.6
1588	3.6251e-06	-12749.4
1589	3.6251e-06	-11666.3
1590	3.6251e-06	-11935.5
1591	3.6251e-06	-11853.3
1592	3.6251e-06	-10700.4
1593	3.6251e-06	-10615
1594	3.6251e-06	-14046.3
1595	3.6251e-06	-14530.2
1596	3.6251e-06	-11328.8
1597	3.6251e-06	-12507.9
1598	3.6251e-06	-11200.3
1599	3.6251e-06	-13048.9
1600	3.6251e-06	-11012.5
1601	3.6251e-06	-12024.9
1602	3.6251e-06	-11610
1603	3.6251e-06	-12870.7
1604	3.6251e-06	-13692.4
1605	3.6251e-06	-12324.4
1606	3.6251e-06	-14704.4
1607	3.6251e-06	-11986.9
1608	3.6251e-06	-11527.3
1609	3.6251e-06	-12785
1610	3.6251e-06	-11533
1611	3.6251e-06	-13345
1612	3.6251e-06	-11891.2
1613	3.6251e-06	-12535.8
1614	3.6251e-06	-11095.3
1615	3.6251e-06	-12752.2
1616	3.6251e-06	-18262.8
1617	3.6251e-06	-15267.6
1618	3.6251e-06	-14028.4
1619	3.6251e-06	-12793.2
1620	3.6251e-06	-13085.3
1621	3.6251e-06	-12268.2
1622	3.6251e-06	-11870.6
1623	3.6251e-06	-14091.1
1624	3.6251e-06	-12183.1
1625	3.6251e-06	-12011.1
1626	3.6251e-06	-12463.4
1627	3.6251e-06	-12342.6
1628	3.6251e-06	-13049.6
1629	3.6251e-06	-12182.8
1630	3.6251e-06	-11981.4
1631	3.6251e-06	-11676.1
1632	3.6251e-06	-11583
1633	3.6251e-06	-13215.9
1634	3.6251e-06	-11586
1635	3.6251e-06	-11387.1
1636	3.6251e-06	-14028.3
1637	3.6251e-06	-18467.2
1638	3.6251e-06	-16787.7
1639	3.6251e-06	-14487.2
1640	3.6251e-06	-15298.5
1641	3.6251e-06	-11991.6
1642	3.6251e-06	-13710.4
1643	3.6251e-06	-14808.8
1644	3.6251e-06	-15294.7
1645	3.6251e-06	-16414.7
1646	3.6251e-06	-15464.7
1647	3.6251e-06	-13478.5
1648	3.6251e-06	-11647.4
1649	3.6251e-06	-11129
1650	3.6251e-06	-11740.1
1651	3.6251e-06	-15270.3
1652	3.6251e-06	-14688.9
1653	3.6251e-06	-14980.1
1654	3.6251e-06	-15423.7
1655	3.6251e-06	-16702.8
1656	3.6251e-06	-15274.9
1657	3.6251e-06	-11138
1658	3.6251e-06	-14551.5
1659	3.6251e-06	-17400.6
1660	3.6251e-06	-12143.3
1661	3.6251e-06	-13176.9
1662	3.6251e-06	-14620
1663	3.6251e-06	-14409.9
1664	3.6251e-06	-12427.9
1665	3.6251e-06	-12531
1666	3.6251e-06	-11037
1667	3.6251e-06	-12300.6
1668	3.6251e-06	-10793.9
1669	3.6251e-06	-11775.3
1670	3.6251e-06	-13887.7
1671	3.6251e-06	-14714.5
1672	3.6251e-06	-16860.7
1673	3.6251e-06	-18842.4
1674	3.6251e-06	-13716.4
1675	3.6251e-06	-14471.1
1676	3.6251e-06	-12442.8
1677	3.6251e-06	-16193.6
1678	3.6251e-06	-14121.1
1679	3.6251e-06	-13424.6
1680	3.6251e-06	-13307
1681	3.6251e-06	-14399.8
1682	3.6251e-06	-14347.7
1683	3.6251e-06	-12354.7
1684	3.6251e-06	-13635.5
1685	3.6251e-06	-12156.2
1686	3.6251e-06	-11413.6
1687	3.6251e-06	-10944.4
1688	3.6251e-06	-12931.3
1689	3.6251e-06	-14933.9
1690	3.6251e-06	-14795.1
1691	3.6251e-06	-14808.1
1692	3.6251e-06	-16698.1
1693	3.6251e-06	-16303.9
1694	3.6251e-06	-14237
1695	3.6251e-06	-12863.9
1696	3.6251e-06	-12712.3
1697	3.6251e-06	-11437.2
1698	3.6251e-06	-15474.4
1699	3.6251e-06	-13654.5
1700	3.6251e-06	-19537
1701	3.6251e-06	-15857.8
1702	3.6251e-06	-13188.5
1703	3.6251e-06	-12102.8
1704	3.6251e-06	-10427.5
1705	3.6251e-06	-11965
1706	3.6251e-06	-11015.4
1707	3.6251e-06	-11465.5
1708	3.6251e-06	-12540.8
1709	3.6251e-06	-14598.6
1710	3.6251e-06	-12746.4
1711	3.6251e-06	-11606.7
1712	3.6251e-06	-11823.3
1713	3.6251e-06	-14415.4
1714	3.6251e-06	-14612.1
1715	3.6251e-06	-11968
1716	3.6251e-06	-13451.3
1717	3.6251e-06	-13836.3
1718	3.6251e-06	-13235.4
1719	3.6251e-06	-12507.4
1720	3.6251e-06	-12514.7
1721	3.6251e-06	-12489
1722	3.6251e-06	-13187.8
1723	3.6251e-06	-17325.2
1724	3.6251e-06	-14462.4
1725	3.6251e-06	-12050.5
1726	3.6251e-06	-13384.5
1727	3.6251e-06	-12987.4
1728	3.6251e-06	-13298.1
1729	3.6251e-06	-12180.5
1730	3.6251e-06	-12370.2
1731	3.6251e-06	-12498.5
1732	3.6251e-06	-12289.2
1733	3.6251e-06	-11370.2
1734	3.6251e-06	-11432.5
1735	3.6251e-06	-11392.9
1736	3.6251e-06	-12172.8
1737	3.6251e-06	-11995.6
1738	3.6251e-06	-10490.3
1739	3.6251e-06	-11842.5
1740	3.6251e-06	-13190.8
1741	3.6251e-06	-12854.2
1742	3.6251e-06	-12346.3
1743	3.6251e-06	-11863.4
1744	3.6251e-06	-15427.6
1745	3.6251e-06	-12680
1746	3.6251e-06	-14095.4
1747	3.6251e-06	-14409.7
1748	3.6251e-06	-13077.1
1749	3.6251e-06	-12610.7
1750	3.6251e-06	-17578.2
1751	3.6251e-06	-13653.5
1752	3.6251e-06	-15379.2
1753	3.6251e-06	-15465.2
1754	3.6251e-06	-14325.8
1755	3.6251e-06	-15454.6
1756	3.6251e-06	-14893.1
1757	3.6251e-06	-12815.8
1758	3.6251e-06	-11959.4
1759	3.6251e-06	-11828.6
1760	3.6251e-06	-13132.6
1761	3.6251e-06	-11951.6
1762	3.6251e-06	-13299.8
1763	3.6251e-06	-12255.1
1764	3.6251e-06	-12347.6
1765	3.6251e-06	-13740.9
1766	3.6251e-06	-13113.2
1767	3.6251e-06	-14249.4
1768	3.6251e-06	-10893.6
1769	3.6251e-06	-11644.6
1770	3.6251e-06	-10929
1771	3.6251e-06	-14899.4
1772	3.6251e-06	-12698.9
1773	3.6251e-06	-16031
1774	3.6251e-06	-14009.9
1775	3.6251e-06	-16653.7
1776	3.6251e-06	-15075.8
1777	3.6251e-06	-15119.2
1778	3.6251e-06	-14457.1
1779	3.6251e-06	-12642.2
1780	3.6251e-06	-11269.9
1781	3.6251e-06	-15163.8
1782	3.6251e-06	-18362.7
1783	3.6251e-06	-11756.7
1784	3.6251e-06	-12076.3
1785	3.6251e-06	-15093.7
1786	3.6251e-06	-11673
1787	3.6251e-06	-12315.1
1788	3.6251e-06	-14495.9
1789	3.6251e-06	-12473.3
1790	3.6251e-06	-12379
1791	3.6251e-06	-16517.7
1792	3.6251e-06	-16121.6
1793	3.6251e-06	-16196.6
1794	3.6251e-06	-15214
1795	3.6251e-06	-12679.2
1796	3.6251e-06	-14673.4
1797	3.6251e-06	-13584.5
1798	3.6251e-06	-13203.7
1799	3.6251e-06	-13677.2
1800	3.6251e-06	-16692.1
1801	3.6251e-06	-12808.6
1802	3.6251e-06	-12481.4
1803	3.6251e-06	-11885.2
1804	3.6251e-06	-16991.2
1805	3.6251e-06	-12490.6
1806	3.6251e-06	-13229.1
1807	3.6251e-06	-12874.1
1808	3.6251e-06	-14472.8
1809	3.6251e-06	-15677.9
1810	3.6251e-06	-11229
1811	3.6251e-06	-11434.3
1812	3.6251e-06	-14702
1813	3.6251e-06	-16898.1
1814	3.6251e-06	-11357.1
1815	3.6251e-06	-11161.6
1816	3.6251e-06	-11908.6
1817	3.6251e-06	-12076.5
1818	3.6251e-06	-11720.4
1819	3.6251e-06	-11257.3
1820	3.6251e-06	-11460.8
1821	3.6251e-06	-10885.7
1822	3.6251e-06	-11093
1823	3.6251e-06	-11040.5
1824	3.6251e-06	-11794
1825	3.6251e-06	-12913.3
1826	3.6251e-06	-12323.4
1827	3.6251e-06	-11793.8
1828	3.6251e-06	-12355.1
1829	3.6251e-06	-13010.9
1830	3.6251e-06	-12814.7
1831	3.6251e-06	-12953.2
1832	3.6251e-06	-14261.8
1833	3.6251e-06	-13234.3
1834	3.6251e-06	-12262.2
1835	3.6251e-06	-11470.8
1836	3.6251e-06	-10764.4
1837	3.6251e-06	-11864.1
1838	3.6251e-06	-12253.1
1839	3.6251e-06	-17963.7
1840	3.6251e-06	-13100
1841	3.6251e-06	-14500.4
1842	3.6251e-06	-14731.6
1843	3.6251e-06	-12885
1844	3.6251e-06	-17559
1845	3.6251e-06	-19293.7
1846	3.6251e-06	-15245.2
1847	3.6251e-06	-15117.6
1848	3.6251e-06	-13874.6
1849	3.6251e-06	-13886.1
1850	3.6251e-06	-10904.9
1851	3.6251e-06	-12778.3
1852	3.6251e-06	-12492.5
1853	3.6251e-06	-11294.3
1854	3.6251e-06	-12265.5
1855	3.6251e-06	-12313.8
1856	3.6251e-06	-13369.5
1857	3.6251e-06	-12341.9
1858	3.6251e-06	-14449.5
1859	3.6251e-06	-13987
1860	3.6251e-06	-11936.7
1861	3.6251e-06	-11776.1
1862	3.6251e-06	-12150.7
1863	3.6251e-06	-10700
1864	3.6251e-06	-11731.8
1865	3.6251e-06	-12450.7
1866	3.6251e-06	-13387.2
1867	3.6251e-06	-14925.6
1868	3.6251e-06	-12712.3
1869	3.6251e-06	-13331.5
1870	3.6251e-06	-13244.2
1871	3.6251e-06	-12509.2
1872	3.6251e-06	-11099.3
1873	3.6251e-06	-11271.4
1874	3.6251e-06	-11176.9
1875	3.6251e-06	-11807.1
1876	3.6251e-06	-11504.6
1877	3.6251e-06	-11635.3
1878	3.6251e-06	-11452.9
1879	3.6251e-06	-11526
1880	3.6251e-06	-12918.5
1881	3.6251e-06	-12869.3
1882	3.6251e-06	-12708.6
1883	3.6251e-06	-14244.7
1884	3.6251e-06	-14357.4
1885	3.6251e-06	-13745.3
1886	3.6251e-06	-12498.2
1887	3.6251e-06	-12019.4
1888	3.6251e-06	-12012.4
1889	3.6251e-06	-15282.3
1890	3.6251e-06	-20296.9
1891	3.6251e-06	-16670.7
1892	3.6251e-06	-15467.5
1893	3.6251e-06	-16212.9
1894	3.6251e-06	-14016.2
1895	3.6251e-06	-12765
1896	3.6251e-06	-12627.8
1897	3.6251e-06	-12942.9
1898	3.6251e-06	-14190.7
1899	3.6251e-06	-14845.4
1900	3.6251e-06	-14863.5
1901	3.6251e-06	-14392.6
1902	3.6251e-06	-13454.6
1903	3.6251e-06	-13228.5
1904	3.6251e-06	-13684.4
1905	3.6251e-06	-14034.9
1906	3.6251e-06	-12586.6
1907	3.6251e-06	-12200.3
1908	3.6251e-06	-11948.8
1909	3.6251e-06	-11604.1
1910	3.6251e-06	-12517.2
1911	3.6251e-06	-10756.9
1912	3.6251e-06	-13802.3
1913	3.6251e-06	-13729.3
1914	3.6251e-06	-12629.7
1915	3.6251e-06	-12388.5
1916	3.6251e-06	-13427.8
1917	3.6251e-06	-14190.5
1918	3.6251e-06	-13994.8
1919	3.6251e-06	-13102.5
1920	3.6251e-06	-12411.7
1921	3.6251e-06	-11754.8
1922	3.6251e-06	-14252.8
1923	3.6251e-06	-15053.5
1924	3.6251e-06	-15398.9
1925	3.6251e-06	-13173.3
1926	3.6251e-06	-13065.4
1927	3.6251e-06	-13834.8
1928	3.6251e-06	-13329.7
1929	3.6251e-06	-13829.6
1930	3.6251e-06	-13198.8
1931	3.6251e-06	-10973.1
1932	3.6251e-06	-11443.4
1933	3.6251e-06	-11685.1
1934	3.6251e-06	-12598.4
1935	3.6251e-06	-12873
1936	3.6251e-06	-12341.5
1937	3.6251e-06	-13749.4
1938	3.6251e-06	-13589
1939	3.6251e-06	-12140.5
1940	3.6251e-06	-11580.8
1941	3.6251e-06	-10220
1942	3.6251e-06	-10612.1
1943	3.6251e-06	-11793
1944	3.6251e-06	-10940.9
1945	3.6251e-06	-11619.3
1946	3.6251e-06	-12840.5
1947	3.6251e-06	-15318
1948	3.6251e-06	-14412.7
1949	3.6251e-06	-13883.1
1950	3.6251e-06	-12846
1951	3.6251e-06	-12950.1
1952	3.6251e-06	-10963
1953	3.6251e-06	-10631.8
1954	3.6251e-06	-11678.5
1955	3.6251e-06	-10521.8
1956	3.6251e-06	-11022.1
1957	3.6251e-06	-12665
1958	3.6251e-06	-10762.7
1959	3.6251e-06	-10633.2
1960	3.6251e-06	-11092.9
1961	3.6251e-06	-11519.8
1962	3.6251e-06	-12318.2
1963	3.6251e-06	-12943.8
1964	3.6251e-06	-13707.3
1965	3.6251e-06	-10733.5
1966	3.6251e-06	-10526.2
1967	3.6251e-06	-11316.8
1968	3.6251e-06	-13156.7
1969	3.6251e-06	-11821.5
1970	3.6251e-06	-11455.9
1971	3.6251e-06	-11647.1
1972	3.6251e-06	-12033
1973	3.6251e-06	-11484.5
1974	3.6251e-06	-12626.5
1975	3.6251e-06	-15322.1
1976	3.6251e-06	-12948.8
1977	3.6251e-06	-13148.7
1978	3.6251e-06	-13221.2
1979	3.6251e-06	-13302
1980	3.6251e-06	-13643.9
1981	3.6251e-06	-13609.9
1982	3.6251e-06	-12920
1983	3.6251e-06	-15650.7
1984	3.6251e-06	-13594.8
1985	3.6251e-06	-12085.8
1986	3.6251e-06	-11740.4
1987	3.6251e-06	-15674.1
1988	3.6251e-06	-14225.2
1989	3.6251e-06	-13652.3
1990	3.6251e-06	-12511
1991	3.6251e-06	-12999
1992	3.6251e-06	-12640.4
1993	3.6251e-06	-12125
1994	3.6251e-06	-12952.5
1995	3.6251e-06	-11537
1996	3.6251e-06	-11615.5
1997	3.6251e-06	-12047.1
1998	3.6251e-06	-11098.7
1999	3.6251e-06	-10659.3
2000	3.6251e-06	-11718.6
