state	power	likelihood
251	0.000116003	-12712.5
252	0.000116003	-11552.8
253	0.000116003	-11635.3
254	0.000116003	-11408.6
255	0.000116003	-12135.8
256	0.000116003	-13911.6
257	0.000116003	-13299.6
258	0.000116003	-12966.5
259	0.000116003	-13933.7
260	0.000116003	-11178.3
261	0.000116003	-11168.2
262	0.000116003	-12789.5
263	0.000116003	-14274.7
264	0.000116003	-12154.1
265	0.000116003	-12243.5
266	0.000116003	-13607.3
267	0.000116003	-16910.7
268	0.000116003	-11766.5
269	0.000116003	-11313.1
270	0.000116003	-10383.5
271	0.000116003	-10529.1
272	0.000116003	-11409.7
273	0.000116003	-10785.7
274	0.000116003	-14117.3
275	0.000116003	-13162.5
276	0.000116003	-14275.3
277	0.000116003	-16063.5
278	0.000116003	-13629.2
279	0.000116003	-13341.2
280	0.000116003	-13403.5
281	0.000116003	-12259.5
282	0.000116003	-11626.6
283	0.000116003	-11439.2
284	0.000116003	-10546.7
285	0.000116003	-11165.3
286	0.000116003	-12210.8
287	0.000116003	-13126.6
288	0.000116003	-13201.3
289	0.000116003	-13448.7
290	0.000116003	-11863.7
291	0.000116003	-11054.2
292	0.000116003	-13787.8
293	0.000116003	-14788.2
294	0.000116003	-12179.5
295	0.000116003	-11808.6
296	0.000116003	-12129.2
297	0.000116003	-12123.9
298	0.000116003	-13042.1
299	0.000116003	-12756.2
300	0.000116003	-10304.3
301	0.000116003	-11663.6
302	0.000116003	-11376.8
303	0.000116003	-11356.9
304	0.000116003	-11296.3
305	0.000116003	-11667.2
306	0.000116003	-11432
307	0.000116003	-11394.9
308	0.000116003	-13898.1
309	0.000116003	-10250.5
310	0.000116003	-11532.1
311	0.000116003	-11909.3
312	0.000116003	-11162.2
313	0.000116003	-13541.4
314	0.000116003	-14731.9
315	0.000116003	-14704.5
316	0.000116003	-11407.3
317	0.000116003	-12487.9
318	0.000116003	-10737.3
319	0.000116003	-11187.1
320	0.000116003	-13217.9
321	0.000116003	-13523.2
322	0.000116003	-16093.5
323	0.000116003	-10991.8
324	0.000116003	-11978.3
325	0.000116003	-14395.7
326	0.000116003	-11547.2
327	0.000116003	-12465.5
328	0.000116003	-11284.2
329	0.000116003	-10748.7
330	0.000116003	-10680.8
331	0.000116003	-11214.4
332	0.000116003	-13260.6
333	0.000116003	-11943.8
334	0.000116003	-13086.1
335	0.000116003	-11838.9
336	0.000116003	-11413
337	0.000116003	-10909.1
338	0.000116003	-10726.9
339	0.000116003	-10220.3
340	0.000116003	-12648.6
341	0.000116003	-13235.1
342	0.000116003	-13497.2
343	0.000116003	-13420.5
344	0.000116003	-12543.4
345	0.000116003	-11151.2
346	0.000116003	-10753.2
347	0.000116003	-10443.9
348	0.000116003	-10085.4
349	0.000116003	-10276.8
350	0.000116003	-11244.1
351	0.000116003	-11935.5
352	0.000116003	-11966.7
353	0.000116003	-11475.1
354	0.000116003	-15032.6
355	0.000116003	-16599.7
356	0.000116003	-13637
357	0.000116003	-12026.5
358	0.000116003	-12833.4
359	0.000116003	-14049
360	0.000116003	-14671.8
361	0.000116003	-16813.3
362	0.000116003	-14222.6
363	0.000116003	-11649.5
364	0.000116003	-14873.3
365	0.000116003	-13815.6
366	0.000116003	-13709.5
367	0.000116003	-15169.1
368	0.000116003	-14626.2
369	0.000116003	-13680.5
370	0.000116003	-10093.1
371	0.000116003	-10461
372	0.000116003	-10426.7
373	0.000116003	-10624.1
374	0.000116003	-10978.2
375	0.000116003	-11792.1
376	0.000116003	-13287.9
377	0.000116003	-12236.9
378	0.000116003	-12530.9
379	0.000116003	-11206.8
380	0.000116003	-12331.6
381	0.000116003	-12006.7
382	0.000116003	-10451.5
383	0.000116003	-10443.1
384	0.000116003	-11032.4
385	0.000116003	-11234.3
386	0.000116003	-11988.8
387	0.000116003	-12392.6
388	0.000116003	-12236.4
389	0.000116003	-10934
390	0.000116003	-12531
391	0.000116003	-13092.1
392	0.000116003	-11968.2
393	0.000116003	-11864.1
394	0.000116003	-11018.4
395	0.000116003	-11279.9
396	0.000116003	-10445
397	0.000116003	-14151.3
398	0.000116003	-13480.9
399	0.000116003	-12141.3
400	0.000116003	-13852
401	0.000116003	-11530.7
402	0.000116003	-12027.6
403	0.000116003	-12083.8
404	0.000116003	-11708
405	0.000116003	-11984.2
406	0.000116003	-13170.3
407	0.000116003	-12950.6
408	0.000116003	-12774.1
409	0.000116003	-13549.3
410	0.000116003	-10400.9
411	0.000116003	-12712.9
412	0.000116003	-11235
413	0.000116003	-11193.2
414	0.000116003	-11747.7
415	0.000116003	-14985.4
416	0.000116003	-14514.6
417	0.000116003	-15341.9
418	0.000116003	-14597
419	0.000116003	-10961.4
420	0.000116003	-11898
421	0.000116003	-12482.6
422	0.000116003	-12445.4
423	0.000116003	-12314.9
424	0.000116003	-12827.2
425	0.000116003	-11666.5
426	0.000116003	-11544.7
427	0.000116003	-12055.2
428	0.000116003	-14170.1
429	0.000116003	-11923.8
430	0.000116003	-11580.2
431	0.000116003	-15646.8
432	0.000116003	-11633.9
433	0.000116003	-11316.8
434	0.000116003	-11549.3
435	0.000116003	-12668.3
436	0.000116003	-12338.7
437	0.000116003	-13163.8
438	0.000116003	-13437.6
439	0.000116003	-10560.5
440	0.000116003	-11674.5
441	0.000116003	-11027.3
442	0.000116003	-13165.9
443	0.000116003	-12241.6
444	0.000116003	-11880.9
445	0.000116003	-16253.4
446	0.000116003	-20613.3
447	0.000116003	-12443.1
448	0.000116003	-14932.6
449	0.000116003	-19809.2
450	0.000116003	-14215.4
451	0.000116003	-11629.3
452	0.000116003	-12125.6
453	0.000116003	-13034.6
454	0.000116003	-13769.3
455	0.000116003	-14102.6
456	0.000116003	-13726.8
457	0.000116003	-13770.2
458	0.000116003	-13878.2
459	0.000116003	-10852.4
460	0.000116003	-11411.8
461	0.000116003	-13307.7
462	0.000116003	-11914.3
463	0.000116003	-11655.1
464	0.000116003	-13679.2
465	0.000116003	-15095.4
466	0.000116003	-15519.7
467	0.000116003	-15432.9
468	0.000116003	-14804.5
469	0.000116003	-14739.4
470	0.000116003	-12819.6
471	0.000116003	-12959.7
472	0.000116003	-11057.4
473	0.000116003	-11678.7
474	0.000116003	-11875.1
475	0.000116003	-10288.6
476	0.000116003	-12289.6
477	0.000116003	-12515.5
478	0.000116003	-11242
479	0.000116003	-14595.7
480	0.000116003	-11568.5
481	0.000116003	-11167.3
482	0.000116003	-14314.7
483	0.000116003	-12916.5
484	0.000116003	-12051.7
485	0.000116003	-14174.2
486	0.000116003	-11755.1
487	0.000116003	-12159.2
488	0.000116003	-11416.1
489	0.000116003	-12134.4
490	0.000116003	-10879.1
491	0.000116003	-11764.2
492	0.000116003	-11142.4
493	0.000116003	-9919.73
494	0.000116003	-13071.6
495	0.000116003	-14896.7
496	0.000116003	-14067.7
497	0.000116003	-18012.6
498	0.000116003	-12823.3
499	0.000116003	-11996.1
500	0.000116003	-13884.5
501	0.000116003	-16665.8
502	0.000116003	-14984.1
503	0.000116003	-13178.1
504	0.000116003	-11179.4
505	0.000116003	-11530.3
506	0.000116003	-13055
507	0.000116003	-13399.6
508	0.000116003	-12512.8
509	0.000116003	-15555.4
510	0.000116003	-13107.3
511	0.000116003	-13934.2
512	0.000116003	-13882.5
513	0.000116003	-11437.6
514	0.000116003	-11080.3
515	0.000116003	-12877.2
516	0.000116003	-16081.1
517	0.000116003	-14345.1
518	0.000116003	-14776.9
519	0.000116003	-14880.5
520	0.000116003	-13760.4
521	0.000116003	-13940.1
522	0.000116003	-15355.7
523	0.000116003	-16094
524	0.000116003	-14386.4
525	0.000116003	-14621.4
526	0.000116003	-12740.5
527	0.000116003	-14577.3
528	0.000116003	-11940.3
529	0.000116003	-13283
530	0.000116003	-12121.5
531	0.000116003	-10650.1
532	0.000116003	-10791.6
533	0.000116003	-11886
534	0.000116003	-12231.7
535	0.000116003	-12291
536	0.000116003	-14391.5
537	0.000116003	-14023.3
538	0.000116003	-17199
539	0.000116003	-17515.1
540	0.000116003	-10800.1
541	0.000116003	-11774.3
542	0.000116003	-10510.7
543	0.000116003	-10998
544	0.000116003	-11115.4
545	0.000116003	-10553.9
546	0.000116003	-13228.9
547	0.000116003	-11319.3
548	0.000116003	-12719.2
549	0.000116003	-12448.9
550	0.000116003	-11365.6
551	0.000116003	-10651.2
552	0.000116003	-11837.1
553	0.000116003	-10693.9
554	0.000116003	-10477.8
555	0.000116003	-12086.6
556	0.000116003	-12557.3
557	0.000116003	-11604.4
558	0.000116003	-10433
559	0.000116003	-10684.8
560	0.000116003	-12689.9
561	0.000116003	-12482.9
562	0.000116003	-11181.9
563	0.000116003	-10957.8
564	0.000116003	-11323.4
565	0.000116003	-10860
566	0.000116003	-10686
567	0.000116003	-11280.2
568	0.000116003	-11628.7
569	0.000116003	-14096.1
570	0.000116003	-13084
571	0.000116003	-12208.4
572	0.000116003	-10866.2
573	0.000116003	-14685.9
574	0.000116003	-10755.6
575	0.000116003	-13947.4
576	0.000116003	-11703.6
577	0.000116003	-12160.5
578	0.000116003	-11946.7
579	0.000116003	-13866.7
580	0.000116003	-11983.5
581	0.000116003	-12522.4
582	0.000116003	-16030.4
583	0.000116003	-12802.3
584	0.000116003	-15935.1
585	0.000116003	-14103.9
586	0.000116003	-12264.6
587	0.000116003	-11736
588	0.000116003	-15637.4
589	0.000116003	-12976.3
590	0.000116003	-12888.1
591	0.000116003	-12665.7
592	0.000116003	-14516.9
593	0.000116003	-13201.1
594	0.000116003	-11364.5
595	0.000116003	-10020.4
596	0.000116003	-11782.1
597	0.000116003	-11613.1
598	0.000116003	-12083
599	0.000116003	-11614
600	0.000116003	-14026.9
601	0.000116003	-11640.2
602	0.000116003	-14264.3
603	0.000116003	-12603.7
604	0.000116003	-10875.8
605	0.000116003	-10769.2
606	0.000116003	-10066.9
607	0.000116003	-11103.5
608	0.000116003	-11436.3
609	0.000116003	-13554.2
610	0.000116003	-10860.4
611	0.000116003	-11024.1
612	0.000116003	-11179.6
613	0.000116003	-10357.6
614	0.000116003	-11715.4
615	0.000116003	-12864.7
616	0.000116003	-12481
617	0.000116003	-13758.2
618	0.000116003	-12076.9
619	0.000116003	-11140.1
620	0.000116003	-11587.4
621	0.000116003	-12385.1
622	0.000116003	-10990.2
623	0.000116003	-12896.6
624	0.000116003	-10948.8
625	0.000116003	-11239.5
626	0.000116003	-12224.1
627	0.000116003	-10536.6
628	0.000116003	-11818.9
629	0.000116003	-10975.9
630	0.000116003	-11072
631	0.000116003	-14368
632	0.000116003	-13260
633	0.000116003	-15402.9
634	0.000116003	-12127.5
635	0.000116003	-13946.6
636	0.000116003	-11936.8
637	0.000116003	-12417.6
638	0.000116003	-12774.1
639	0.000116003	-11375
640	0.000116003	-11398.4
641	0.000116003	-11079.8
642	0.000116003	-10987.6
643	0.000116003	-12362.9
644	0.000116003	-12563.7
645	0.000116003	-10735.6
646	0.000116003	-13356
647	0.000116003	-12417.1
648	0.000116003	-12626.7
649	0.000116003	-10526.5
650	0.000116003	-12157.1
651	0.000116003	-12205.2
652	0.000116003	-12591.8
653	0.000116003	-12212.5
654	0.000116003	-11905.3
655	0.000116003	-11997.8
656	0.000116003	-11594
657	0.000116003	-11600.7
658	0.000116003	-11070.1
659	0.000116003	-12350.7
660	0.000116003	-11780
661	0.000116003	-11598.6
662	0.000116003	-11233.9
663	0.000116003	-13616.1
664	0.000116003	-12971.3
665	0.000116003	-12024.7
666	0.000116003	-13454.7
667	0.000116003	-11625.4
668	0.000116003	-13249.7
669	0.000116003	-12041.4
670	0.000116003	-14571.6
671	0.000116003	-13048.9
672	0.000116003	-13765
673	0.000116003	-11762.8
674	0.000116003	-11385.3
675	0.000116003	-12201.4
676	0.000116003	-12294.1
677	0.000116003	-11441.8
678	0.000116003	-12551.4
679	0.000116003	-12127.9
680	0.000116003	-12072.9
681	0.000116003	-10806.1
682	0.000116003	-10931.5
683	0.000116003	-10934.8
684	0.000116003	-11215.4
685	0.000116003	-10864
686	0.000116003	-12148.9
687	0.000116003	-12137.3
688	0.000116003	-11345.4
689	0.000116003	-11368.9
690	0.000116003	-13103.6
691	0.000116003	-14325.1
692	0.000116003	-12409.6
693	0.000116003	-13151.4
694	0.000116003	-12307.4
695	0.000116003	-11642.2
696	0.000116003	-12212.9
697	0.000116003	-14695.9
698	0.000116003	-12512.5
699	0.000116003	-16858.8
700	0.000116003	-13365.3
701	0.000116003	-15204.4
702	0.000116003	-12081.8
703	0.000116003	-10651.5
704	0.000116003	-12396.8
705	0.000116003	-13410.5
706	0.000116003	-14527.6
707	0.000116003	-12875.7
708	0.000116003	-12103
709	0.000116003	-11377.1
710	0.000116003	-12523
711	0.000116003	-11582.3
712	0.000116003	-12706.2
713	0.000116003	-10593.3
714	0.000116003	-10753.3
715	0.000116003	-12287.2
716	0.000116003	-12939.7
717	0.000116003	-11877.1
718	0.000116003	-11496.6
719	0.000116003	-11822.8
720	0.000116003	-12254.2
721	0.000116003	-12143.8
722	0.000116003	-11195
723	0.000116003	-12992.4
724	0.000116003	-11416.5
725	0.000116003	-12019.4
726	0.000116003	-12383.7
727	0.000116003	-13757.2
728	0.000116003	-12548.6
729	0.000116003	-12530.1
730	0.000116003	-12967.6
731	0.000116003	-12579.5
732	0.000116003	-13543.3
733	0.000116003	-12505.1
734	0.000116003	-11709.2
735	0.000116003	-13188.5
736	0.000116003	-12225.1
737	0.000116003	-11788.2
738	0.000116003	-12604.2
739	0.000116003	-11285.8
740	0.000116003	-11141
741	0.000116003	-10975.2
742	0.000116003	-10865.7
743	0.000116003	-11363.4
744	0.000116003	-10868.2
745	0.000116003	-11723.4
746	0.000116003	-12383.5
747	0.000116003	-10880.8
748	0.000116003	-10555.8
749	0.000116003	-12833.3
750	0.000116003	-11167.4
751	0.000116003	-11028.9
752	0.000116003	-11228.6
753	0.000116003	-12656.2
754	0.000116003	-11393.3
755	0.000116003	-12426.4
756	0.000116003	-11248.8
757	0.000116003	-11923.4
758	0.000116003	-11071
759	0.000116003	-11939.3
760	0.000116003	-10986.7
761	0.000116003	-12835.3
762	0.000116003	-14140.3
763	0.000116003	-16044.8
764	0.000116003	-13712
765	0.000116003	-13407.7
766	0.000116003	-11736.2
767	0.000116003	-13667.6
768	0.000116003	-13024.3
769	0.000116003	-11090.4
770	0.000116003	-13284.8
771	0.000116003	-11087
772	0.000116003	-10838.4
773	0.000116003	-12681.2
774	0.000116003	-13418.6
775	0.000116003	-11314.4
776	0.000116003	-11662
777	0.000116003	-11507.3
778	0.000116003	-13726.9
779	0.000116003	-11806
780	0.000116003	-11387.8
781	0.000116003	-11046
782	0.000116003	-10926.4
783	0.000116003	-11291.4
784	0.000116003	-11525.5
785	0.000116003	-10618.2
786	0.000116003	-11175.3
787	0.000116003	-14246.9
788	0.000116003	-14490.7
789	0.000116003	-11860.1
790	0.000116003	-13377.2
791	0.000116003	-12625.7
792	0.000116003	-12008.1
793	0.000116003	-12076.5
794	0.000116003	-11106.6
795	0.000116003	-11183.8
796	0.000116003	-11200.1
797	0.000116003	-13673
798	0.000116003	-11148.3
799	0.000116003	-11783.3
800	0.000116003	-13566.9
801	0.000116003	-12156.1
802	0.000116003	-12609.6
803	0.000116003	-12620.4
804	0.000116003	-11655.6
805	0.000116003	-12611.3
806	0.000116003	-13997.5
807	0.000116003	-12568.2
808	0.000116003	-11741.5
809	0.000116003	-11939.8
810	0.000116003	-12238.6
811	0.000116003	-15001.6
812	0.000116003	-12643.3
813	0.000116003	-16844
814	0.000116003	-11137.4
815	0.000116003	-11283.9
816	0.000116003	-11574.8
817	0.000116003	-13017.1
818	0.000116003	-11777.3
819	0.000116003	-10221.1
820	0.000116003	-13384.1
821	0.000116003	-12900.3
822	0.000116003	-13609.2
823	0.000116003	-11201.2
824	0.000116003	-12060.3
825	0.000116003	-12412.6
826	0.000116003	-14484.4
827	0.000116003	-12692.8
828	0.000116003	-12677
829	0.000116003	-12085.1
830	0.000116003	-11301.4
831	0.000116003	-11462.8
832	0.000116003	-12044
833	0.000116003	-13590.7
834	0.000116003	-12797.3
835	0.000116003	-14522.6
836	0.000116003	-15207.9
837	0.000116003	-13614.7
838	0.000116003	-13364.6
839	0.000116003	-12671.6
840	0.000116003	-10781.7
841	0.000116003	-13449.3
842	0.000116003	-12011.1
843	0.000116003	-12600
844	0.000116003	-11030.6
845	0.000116003	-11149.5
846	0.000116003	-12635.3
847	0.000116003	-11050
848	0.000116003	-12129.4
849	0.000116003	-12225.5
850	0.000116003	-12672.4
851	0.000116003	-12525.2
852	0.000116003	-12803.7
853	0.000116003	-13691.2
854	0.000116003	-14736.7
855	0.000116003	-15045
856	0.000116003	-13630.3
857	0.000116003	-11519.8
858	0.000116003	-11722.1
859	0.000116003	-11605.6
860	0.000116003	-11969
861	0.000116003	-12561.5
862	0.000116003	-10779.5
863	0.000116003	-11003.3
864	0.000116003	-10497
865	0.000116003	-12264.8
866	0.000116003	-11149.5
867	0.000116003	-11644.9
868	0.000116003	-15447.9
869	0.000116003	-11970.9
870	0.000116003	-13267.3
871	0.000116003	-12328.9
872	0.000116003	-14595.2
873	0.000116003	-13177
874	0.000116003	-13738.6
875	0.000116003	-13378.9
876	0.000116003	-13458.3
877	0.000116003	-13170.7
878	0.000116003	-13862.9
879	0.000116003	-12713.9
880	0.000116003	-12368.4
881	0.000116003	-11908.1
882	0.000116003	-13451
883	0.000116003	-11243.1
884	0.000116003	-10070.2
885	0.000116003	-11043.7
886	0.000116003	-10709.5
887	0.000116003	-11002.7
888	0.000116003	-11147
889	0.000116003	-11384
890	0.000116003	-15813.6
891	0.000116003	-11835.5
892	0.000116003	-14936.8
893	0.000116003	-13387
894	0.000116003	-12833.8
895	0.000116003	-12659.6
896	0.000116003	-12412.1
897	0.000116003	-12917.5
898	0.000116003	-12656.2
899	0.000116003	-12263.2
900	0.000116003	-10469.6
901	0.000116003	-12189
902	0.000116003	-10829.6
903	0.000116003	-11161.8
904	0.000116003	-10756.4
905	0.000116003	-10801.1
906	0.000116003	-11633.9
907	0.000116003	-10750.7
908	0.000116003	-10602.3
909	0.000116003	-9928.26
910	0.000116003	-10856.7
911	0.000116003	-15835.8
912	0.000116003	-15863.7
913	0.000116003	-15297.3
914	0.000116003	-16355.8
915	0.000116003	-16643.4
916	0.000116003	-13598.6
917	0.000116003	-14539.9
918	0.000116003	-14101.5
919	0.000116003	-14797.1
920	0.000116003	-11643.7
921	0.000116003	-14429.3
922	0.000116003	-11473.2
923	0.000116003	-10004.6
924	0.000116003	-14108.6
925	0.000116003	-13184.9
926	0.000116003	-12245.9
927	0.000116003	-11934.4
928	0.000116003	-12421.8
929	0.000116003	-12470.4
930	0.000116003	-11575.8
931	0.000116003	-11371.4
932	0.000116003	-11904.8
933	0.000116003	-11837.7
934	0.000116003	-10895.3
935	0.000116003	-10184
936	0.000116003	-11574.1
937	0.000116003	-12252
938	0.000116003	-13144.3
939	0.000116003	-13883.9
940	0.000116003	-11990.6
941	0.000116003	-11013
942	0.000116003	-12691
943	0.000116003	-11919.9
944	0.000116003	-10587.2
945	0.000116003	-16279.6
946	0.000116003	-11914.1
947	0.000116003	-13330.7
948	0.000116003	-12281.9
949	0.000116003	-13197.4
950	0.000116003	-14799.7
951	0.000116003	-11677.4
952	0.000116003	-13117.1
953	0.000116003	-14220.4
954	0.000116003	-13621.5
955	0.000116003	-11887.5
956	0.000116003	-11913
957	0.000116003	-11284.5
958	0.000116003	-11582.4
959	0.000116003	-13239.7
960	0.000116003	-12531.2
961	0.000116003	-11724.9
962	0.000116003	-12409.1
963	0.000116003	-11372.6
964	0.000116003	-12316.8
965	0.000116003	-11343.5
966	0.000116003	-11283.4
967	0.000116003	-11377.8
968	0.000116003	-12844.1
969	0.000116003	-11848.6
970	0.000116003	-12063.5
971	0.000116003	-11230.8
972	0.000116003	-13314.8
973	0.000116003	-13819.4
974	0.000116003	-15408.3
975	0.000116003	-16597.3
976	0.000116003	-14410.9
977	0.000116003	-12104.2
978	0.000116003	-12051.5
979	0.000116003	-12228.4
980	0.000116003	-13827.1
981	0.000116003	-12388.5
982	0.000116003	-12142
983	0.000116003	-11755.4
984	0.000116003	-10147.7
985	0.000116003	-11524.3
986	0.000116003	-10296
987	0.000116003	-11490.6
988	0.000116003	-11670.7
989	0.000116003	-12637.9
990	0.000116003	-13931
991	0.000116003	-13804.1
992	0.000116003	-11743.5
993	0.000116003	-10715.5
994	0.000116003	-10388.8
995	0.000116003	-11043.1
996	0.000116003	-11637.5
997	0.000116003	-12042.8
998	0.000116003	-12565.5
999	0.000116003	-11892.7
1000	0.000116003	-13403
