state	power	likelihood
251	0.060927	-8437.59
252	0.060927	-8448.83
253	0.060927	-8361.76
254	0.060927	-8316.13
255	0.060927	-8343.59
256	0.060927	-8397.33
257	0.060927	-8357.28
258	0.060927	-8392.6
259	0.060927	-8381.08
260	0.060927	-8347.24
261	0.060927	-8405.22
262	0.060927	-8330.07
263	0.060927	-8292.09
264	0.060927	-8296.51
265	0.060927	-8365.72
266	0.060927	-8305.71
267	0.060927	-8350.15
268	0.060927	-8385.2
269	0.060927	-8340.68
270	0.060927	-8339.76
271	0.060927	-8359.39
272	0.060927	-8348.01
273	0.060927	-8429.05
274	0.060927	-8487.11
275	0.060927	-8398.27
276	0.060927	-8360.2
277	0.060927	-8355.52
278	0.060927	-8328.43
279	0.060927	-8317.35
280	0.060927	-8388.74
281	0.060927	-8359.62
282	0.060927	-8373.55
283	0.060927	-8348.76
284	0.060927	-8365.22
285	0.060927	-8361.33
286	0.060927	-8369.95
287	0.060927	-8340.95
288	0.060927	-8331.47
289	0.060927	-8372.77
290	0.060927	-8343.65
291	0.060927	-8352.34
292	0.060927	-8330.49
293	0.060927	-8410.23
294	0.060927	-8333.57
295	0.060927	-8412.3
296	0.060927	-8355.89
297	0.060927	-8331.57
298	0.060927	-8395.78
299	0.060927	-8450.71
300	0.060927	-8448.8
301	0.060927	-8407.52
302	0.060927	-8407.72
303	0.060927	-8369.84
304	0.060927	-8364.7
305	0.060927	-8361.73
306	0.060927	-8378.35
307	0.060927	-8403.46
308	0.060927	-8391.42
309	0.060927	-8428.83
310	0.060927	-8397.05
311	0.060927	-8357.41
312	0.060927	-8352.46
313	0.060927	-8467.14
314	0.060927	-8382.75
315	0.060927	-8287.85
316	0.060927	-8343.94
317	0.060927	-8465.83
318	0.060927	-8386.49
319	0.060927	-8407.27
320	0.060927	-8398.61
321	0.060927	-8449
322	0.060927	-8285.71
323	0.060927	-8325.97
324	0.060927	-8316.17
325	0.060927	-8433.46
326	0.060927	-8395.53
327	0.060927	-8426.54
328	0.060927	-8444.14
329	0.060927	-8400.88
330	0.060927	-8349.52
331	0.060927	-8371.01
332	0.060927	-8432.8
333	0.060927	-8376.44
334	0.060927	-8325.92
335	0.060927	-8474.17
336	0.060927	-8422.11
337	0.060927	-8412.77
338	0.060927	-8434.6
339	0.060927	-8463.74
340	0.060927	-8456.16
341	0.060927	-8381.01
342	0.060927	-8421.58
343	0.060927	-8320.46
344	0.060927	-8371.29
345	0.060927	-8384.63
346	0.060927	-8363.24
347	0.060927	-8431.78
348	0.060927	-8387.53
349	0.060927	-8419.3
350	0.060927	-8486.17
351	0.060927	-8479.05
352	0.060927	-8380.21
353	0.060927	-8369.16
354	0.060927	-8448.51
355	0.060927	-8417.38
356	0.060927	-8347.39
357	0.060927	-8292.9
358	0.060927	-8318.56
359	0.060927	-8297
360	0.060927	-8321.61
361	0.060927	-8324.21
362	0.060927	-8326.89
363	0.060927	-8324.38
364	0.060927	-8407.5
365	0.060927	-8431.32
366	0.060927	-8440.92
367	0.060927	-8489.29
368	0.060927	-8449.23
369	0.060927	-8474.3
370	0.060927	-8419.03
371	0.060927	-8426.78
372	0.060927	-8437
373	0.060927	-8378.56
374	0.060927	-8351.11
375	0.060927	-8415.18
376	0.060927	-8399.7
377	0.060927	-8461.06
378	0.060927	-8452.22
379	0.060927	-8349.77
380	0.060927	-8317.57
381	0.060927	-8316.99
382	0.060927	-8382.72
383	0.060927	-8305.03
384	0.060927	-8362.4
385	0.060927	-8336.42
386	0.060927	-8382.44
387	0.060927	-8367.81
388	0.060927	-8368.47
389	0.060927	-8379.3
390	0.060927	-8350.46
391	0.060927	-8461.12
392	0.060927	-8486.83
393	0.060927	-8460.73
394	0.060927	-8434.25
395	0.060927	-8592.21
396	0.060927	-8386.84
397	0.060927	-8552.09
398	0.060927	-8470.23
399	0.060927	-8600.91
400	0.060927	-8464.11
401	0.060927	-8561.43
402	0.060927	-8460.5
403	0.060927	-8527.81
404	0.060927	-8411.4
405	0.060927	-8464.85
406	0.060927	-8513.3
407	0.060927	-8484.52
408	0.060927	-8403.48
409	0.060927	-8416.27
410	0.060927	-8407.77
411	0.060927	-8317.92
412	0.060927	-8472.8
413	0.060927	-8435.96
414	0.060927	-8421.15
415	0.060927	-8423.54
416	0.060927	-8371.46
417	0.060927	-8459.14
418	0.060927	-8396.85
419	0.060927	-8407.81
420	0.060927	-8322.09
421	0.060927	-8353.14
422	0.060927	-8364.23
423	0.060927	-8436.95
424	0.060927	-8397.15
425	0.060927	-8375.37
426	0.060927	-8384.43
427	0.060927	-8370.94
428	0.060927	-8400.87
429	0.060927	-8464.4
430	0.060927	-8546.72
431	0.060927	-8420.24
432	0.060927	-8513.52
433	0.060927	-8401.92
434	0.060927	-8405.6
435	0.060927	-8440.78
436	0.060927	-8362.61
437	0.060927	-8376.05
438	0.060927	-8278.18
439	0.060927	-8393.67
440	0.060927	-8378.52
441	0.060927	-8360.65
442	0.060927	-8380.03
443	0.060927	-8472.11
444	0.060927	-8401.85
445	0.060927	-8435.44
446	0.060927	-8443.18
447	0.060927	-8410.77
448	0.060927	-8389.13
449	0.060927	-8411.74
450	0.060927	-8468.05
451	0.060927	-8457.71
452	0.060927	-8448.74
453	0.060927	-8449.24
454	0.060927	-8507.81
455	0.060927	-8476.4
456	0.060927	-8479.57
457	0.060927	-8461.47
458	0.060927	-8450.8
459	0.060927	-8475.96
460	0.060927	-8500.68
461	0.060927	-8444.63
462	0.060927	-8426.53
463	0.060927	-8449.94
464	0.060927	-8377.5
465	0.060927	-8376.07
466	0.060927	-8349.23
467	0.060927	-8332.61
468	0.060927	-8330.26
469	0.060927	-8268.04
470	0.060927	-8416.15
471	0.060927	-8324.86
472	0.060927	-8375.21
473	0.060927	-8413.22
474	0.060927	-8464.6
475	0.060927	-8674.48
476	0.060927	-8731.19
477	0.060927	-8626.59
478	0.060927	-8532.19
479	0.060927	-8302.12
480	0.060927	-8369.73
481	0.060927	-8360.38
482	0.060927	-8378.47
483	0.060927	-8356.6
484	0.060927	-8393.23
485	0.060927	-8358.79
486	0.060927	-8373
487	0.060927	-8496.25
488	0.060927	-8414.91
489	0.060927	-8382.1
490	0.060927	-8352.19
491	0.060927	-8376.65
492	0.060927	-8457.53
493	0.060927	-8374.36
494	0.060927	-8386.77
495	0.060927	-8379.66
496	0.060927	-8332.18
497	0.060927	-8396.25
498	0.060927	-8348.58
499	0.060927	-8489.3
500	0.060927	-8480.04
501	0.060927	-8413.35
502	0.060927	-8346.31
503	0.060927	-8310.93
504	0.060927	-8419.37
505	0.060927	-8406.54
506	0.060927	-8528.68
507	0.060927	-8433.81
508	0.060927	-8472.24
509	0.060927	-8414.87
510	0.060927	-8363.17
511	0.060927	-8319.27
512	0.060927	-8290.42
513	0.060927	-8363
514	0.060927	-8286.41
515	0.060927	-8287.71
516	0.060927	-8367.3
517	0.060927	-8339.61
518	0.060927	-8428.79
519	0.060927	-8362.02
520	0.060927	-8376.45
521	0.060927	-8377.92
522	0.060927	-8369.24
523	0.060927	-8339.42
524	0.060927	-8306.28
525	0.060927	-8303.23
526	0.060927	-8322.84
527	0.060927	-8302.62
528	0.060927	-8266.43
529	0.060927	-8376.38
530	0.060927	-8361.16
531	0.060927	-8389.11
532	0.060927	-8371.55
533	0.060927	-8407.97
534	0.060927	-8388.79
535	0.060927	-8320.48
536	0.060927	-8353.5
537	0.060927	-8358.04
538	0.060927	-8410.27
539	0.060927	-8454.22
540	0.060927	-8415.38
541	0.060927	-8374.94
542	0.060927	-8390.86
543	0.060927	-8406.15
544	0.060927	-8364.55
545	0.060927	-8514.22
546	0.060927	-8351.45
547	0.060927	-8440.47
548	0.060927	-8360.98
549	0.060927	-8392.15
550	0.060927	-8365.64
551	0.060927	-8374.99
552	0.060927	-8498.09
553	0.060927	-8448.54
554	0.060927	-8448.66
555	0.060927	-8445.67
556	0.060927	-8362.9
557	0.060927	-8407.51
558	0.060927	-8331.89
559	0.060927	-8348.63
560	0.060927	-8403.55
561	0.060927	-8411.57
562	0.060927	-8498.54
563	0.060927	-8407.58
564	0.060927	-8385.87
565	0.060927	-8471.07
566	0.060927	-8463.15
567	0.060927	-8460.41
568	0.060927	-8406.69
569	0.060927	-8468.88
570	0.060927	-8466.25
571	0.060927	-8331.68
572	0.060927	-8384.86
573	0.060927	-8491.84
574	0.060927	-8377.6
575	0.060927	-8401.82
576	0.060927	-8356.12
577	0.060927	-8458.13
578	0.060927	-8476.87
579	0.060927	-8420.23
580	0.060927	-8491.35
581	0.060927	-8430.36
582	0.060927	-8512.81
583	0.060927	-8396.67
584	0.060927	-8474.61
585	0.060927	-8505.21
586	0.060927	-8477.8
587	0.060927	-8432.18
588	0.060927	-8341.79
589	0.060927	-8474.03
590	0.060927	-8407.19
591	0.060927	-8359.95
592	0.060927	-8407.21
593	0.060927	-8399.96
594	0.060927	-8392.72
595	0.060927	-8309.36
596	0.060927	-8324.67
597	0.060927	-8347.99
598	0.060927	-8352.45
599	0.060927	-8285.68
600	0.060927	-8282.93
601	0.060927	-8321.31
602	0.060927	-8398.14
603	0.060927	-8347.2
604	0.060927	-8326.76
605	0.060927	-8343.93
606	0.060927	-8362.89
607	0.060927	-8360.26
608	0.060927	-8441.56
609	0.060927	-8381.77
610	0.060927	-8361.89
611	0.060927	-8376.41
612	0.060927	-8429.65
613	0.060927	-8435.16
614	0.060927	-8418.71
615	0.060927	-8441.88
616	0.060927	-8383.43
617	0.060927	-8329.22
618	0.060927	-8319.1
619	0.060927	-8399.75
620	0.060927	-8320.48
621	0.060927	-8317.43
622	0.060927	-8410.38
623	0.060927	-8267.91
624	0.060927	-8258.79
625	0.060927	-8285.83
626	0.060927	-8323.92
627	0.060927	-8345.22
628	0.060927	-8309.87
629	0.060927	-8332.78
630	0.060927	-8427.18
631	0.060927	-8403.67
632	0.060927	-8363.83
633	0.060927	-8375.34
634	0.060927	-8346.83
635	0.060927	-8355.84
636	0.060927	-8418.38
637	0.060927	-8327.35
638	0.060927	-8398.89
639	0.060927	-8417.65
640	0.060927	-8393.47
641	0.060927	-8372.38
642	0.060927	-8359.7
643	0.060927	-8407.8
644	0.060927	-8409.64
645	0.060927	-8300.82
646	0.060927	-8328.8
647	0.060927	-8368.63
648	0.060927	-8332.11
649	0.060927	-8280.99
650	0.060927	-8356.68
651	0.060927	-8297.53
652	0.060927	-8354.14
653	0.060927	-8399.4
654	0.060927	-8371.75
655	0.060927	-8274.54
656	0.060927	-8313.72
657	0.060927	-8308.41
658	0.060927	-8371.07
659	0.060927	-8333.2
660	0.060927	-8372.77
661	0.060927	-8290
662	0.060927	-8408.47
663	0.060927	-8348.7
664	0.060927	-8417.44
665	0.060927	-8396.93
666	0.060927	-8400.17
667	0.060927	-8464.69
668	0.060927	-8364.83
669	0.060927	-8425.02
670	0.060927	-8416.46
671	0.060927	-8356.71
672	0.060927	-8337.61
673	0.060927	-8350.62
674	0.060927	-8310.83
675	0.060927	-8380.34
676	0.060927	-8390.04
677	0.060927	-8432.35
678	0.060927	-8440.37
679	0.060927	-8431.91
680	0.060927	-8394.08
681	0.060927	-8304.94
682	0.060927	-8445.9
683	0.060927	-8354.05
684	0.060927	-8379.53
685	0.060927	-8382.86
686	0.060927	-8361.09
687	0.060927	-8325.84
688	0.060927	-8311.37
689	0.060927	-8199.02
690	0.060927	-8258.04
691	0.060927	-8272.52
692	0.060927	-8291.81
693	0.060927	-8396.87
694	0.060927	-8395.22
695	0.060927	-8367.08
696	0.060927	-8354.37
697	0.060927	-8393.47
698	0.060927	-8355.3
699	0.060927	-8339.01
700	0.060927	-8330.92
701	0.060927	-8350.31
702	0.060927	-8404.58
703	0.060927	-8436.11
704	0.060927	-8305.29
705	0.060927	-8297.58
706	0.060927	-8304.32
707	0.060927	-8353.63
708	0.060927	-8356.51
709	0.060927	-8410.67
710	0.060927	-8355.73
711	0.060927	-8364.57
712	0.060927	-8368.5
713	0.060927	-8350.17
714	0.060927	-8382.77
715	0.060927	-8416.76
716	0.060927	-8452.1
717	0.060927	-8313.47
718	0.060927	-8379.69
719	0.060927	-8414.42
720	0.060927	-8397.95
721	0.060927	-8387.22
722	0.060927	-8463.29
723	0.060927	-8502.65
724	0.060927	-8453.6
725	0.060927	-8475.63
726	0.060927	-8552.43
727	0.060927	-8514.48
728	0.060927	-8393.83
729	0.060927	-8339.78
730	0.060927	-8474.49
731	0.060927	-8357.61
732	0.060927	-8394.66
733	0.060927	-8387.41
734	0.060927	-8399
735	0.060927	-8370.5
736	0.060927	-8367.3
737	0.060927	-8409.55
738	0.060927	-8321.09
739	0.060927	-8361.08
740	0.060927	-8366.88
741	0.060927	-8459.17
742	0.060927	-8451.48
743	0.060927	-8451.86
744	0.060927	-8594.08
745	0.060927	-8596.87
746	0.060927	-8536.01
747	0.060927	-8453.48
748	0.060927	-8405.2
749	0.060927	-8370.75
750	0.060927	-8510.36
751	0.060927	-8369.79
752	0.060927	-8419.96
753	0.060927	-8455.48
754	0.060927	-8382.57
755	0.060927	-8330.24
756	0.060927	-8332.84
757	0.060927	-8366.93
758	0.060927	-8443.31
759	0.060927	-8357.59
760	0.060927	-8304.03
761	0.060927	-8342
762	0.060927	-8339.49
763	0.060927	-8301.81
764	0.060927	-8322.43
765	0.060927	-8300.45
766	0.060927	-8321.57
767	0.060927	-8344.4
768	0.060927	-8356.51
769	0.060927	-8460.66
770	0.060927	-8472.32
771	0.060927	-8381.78
772	0.060927	-8398.4
773	0.060927	-8331.67
774	0.060927	-8309.97
775	0.060927	-8347.41
776	0.060927	-8473.58
777	0.060927	-8465.53
778	0.060927	-8542.6
779	0.060927	-8445.47
780	0.060927	-8352.12
781	0.060927	-8434.94
782	0.060927	-8482.66
783	0.060927	-8432.49
784	0.060927	-8353.04
785	0.060927	-8376.78
786	0.060927	-8408.25
787	0.060927	-8426.65
788	0.060927	-8360.33
789	0.060927	-8375.59
790	0.060927	-8381.97
791	0.060927	-8406.24
792	0.060927	-8401.94
793	0.060927	-8403.73
794	0.060927	-8356.5
795	0.060927	-8317.45
796	0.060927	-8362.7
797	0.060927	-8408.9
798	0.060927	-8317.2
799	0.060927	-8366.84
800	0.060927	-8380.62
801	0.060927	-8347.13
802	0.060927	-8454.92
803	0.060927	-8378.33
804	0.060927	-8387.92
805	0.060927	-8403.49
806	0.060927	-8360.52
807	0.060927	-8391.61
808	0.060927	-8412.09
809	0.060927	-8416.25
810	0.060927	-8428.31
811	0.060927	-8472.05
812	0.060927	-8542.46
813	0.060927	-8531.83
814	0.060927	-8445.17
815	0.060927	-8346.67
816	0.060927	-8434.84
817	0.060927	-8405.33
818	0.060927	-8356.19
819	0.060927	-8443.72
820	0.060927	-8398.4
821	0.060927	-8386.14
822	0.060927	-8405.67
823	0.060927	-8326.86
824	0.060927	-8339.04
825	0.060927	-8349.47
826	0.060927	-8450.42
827	0.060927	-8409.02
828	0.060927	-8451.27
829	0.060927	-8418.5
830	0.060927	-8360.76
831	0.060927	-8355.19
832	0.060927	-8297.92
833	0.060927	-8318.55
834	0.060927	-8389.57
835	0.060927	-8430.67
836	0.060927	-8395.15
837	0.060927	-8374.34
838	0.060927	-8438.29
839	0.060927	-8450.27
840	0.060927	-8512.66
841	0.060927	-8491.76
842	0.060927	-8530.87
843	0.060927	-8451.44
844	0.060927	-8389.65
845	0.060927	-8327.51
846	0.060927	-8363.76
847	0.060927	-8365.47
848	0.060927	-8336.29
849	0.060927	-8375.29
850	0.060927	-8379.44
851	0.060927	-8382.44
852	0.060927	-8382.68
853	0.060927	-8349.65
854	0.060927	-8419.99
855	0.060927	-8464.9
856	0.060927	-8390.67
857	0.060927	-8405.29
858	0.060927	-8420.37
859	0.060927	-8391.3
860	0.060927	-8397.78
861	0.060927	-8354.04
862	0.060927	-8345.9
863	0.060927	-8458.56
864	0.060927	-8312.84
865	0.060927	-8377.29
866	0.060927	-8394.2
867	0.060927	-8382.56
868	0.060927	-8418.81
869	0.060927	-8397.08
870	0.060927	-8413.24
871	0.060927	-8352.92
872	0.060927	-8470.89
873	0.060927	-8305.54
874	0.060927	-8303.74
875	0.060927	-8340.26
876	0.060927	-8328.82
877	0.060927	-8351.16
878	0.060927	-8437.91
879	0.060927	-8589.69
880	0.060927	-8449.85
881	0.060927	-8448.91
882	0.060927	-8396
883	0.060927	-8435.54
884	0.060927	-8399.28
885	0.060927	-8299.83
886	0.060927	-8370.54
887	0.060927	-8390.7
888	0.060927	-8386.97
889	0.060927	-8392.65
890	0.060927	-8357.8
891	0.060927	-8509.99
892	0.060927	-8491.43
893	0.060927	-8384.77
894	0.060927	-8448.35
895	0.060927	-8407.81
896	0.060927	-8386.16
897	0.060927	-8456
898	0.060927	-8296.45
899	0.060927	-8370.71
900	0.060927	-8231.47
901	0.060927	-8358.54
902	0.060927	-8414.72
903	0.060927	-8512.98
904	0.060927	-8432.01
905	0.060927	-8355.72
906	0.060927	-8357.96
907	0.060927	-8391.1
908	0.060927	-8263.38
909	0.060927	-8446.86
910	0.060927	-8386.62
911	0.060927	-8423.27
912	0.060927	-8432.23
913	0.060927	-8410.82
914	0.060927	-8393.58
915	0.060927	-8359.66
916	0.060927	-8441.01
917	0.060927	-8374.03
918	0.060927	-8383.42
919	0.060927	-8365.47
920	0.060927	-8365.29
921	0.060927	-8418.06
922	0.060927	-8505.65
923	0.060927	-8511.78
924	0.060927	-8493.62
925	0.060927	-8410.84
926	0.060927	-8434.89
927	0.060927	-8409.29
928	0.060927	-8462.18
929	0.060927	-8450.75
930	0.060927	-8308.43
931	0.060927	-8368.13
932	0.060927	-8337.42
933	0.060927	-8385.2
934	0.060927	-8386.48
935	0.060927	-8418.62
936	0.060927	-8365.92
937	0.060927	-8359.45
938	0.060927	-8382.87
939	0.060927	-8340.87
940	0.060927	-8347.99
941	0.060927	-8406.71
942	0.060927	-8462.04
943	0.060927	-8368.76
944	0.060927	-8320.98
945	0.060927	-8310.51
946	0.060927	-8278.21
947	0.060927	-8406.64
948	0.060927	-8379.75
949	0.060927	-8458.87
950	0.060927	-8472.67
951	0.060927	-8382.26
952	0.060927	-8344.85
953	0.060927	-8318.47
954	0.060927	-8301.67
955	0.060927	-8362.14
956	0.060927	-8383.21
957	0.060927	-8339.07
958	0.060927	-8313.16
959	0.060927	-8341.69
960	0.060927	-8501.17
961	0.060927	-8372.11
962	0.060927	-8385.59
963	0.060927	-8396.95
964	0.060927	-8381.67
965	0.060927	-8292.87
966	0.060927	-8406.14
967	0.060927	-8301.14
968	0.060927	-8325.75
969	0.060927	-8312.92
970	0.060927	-8437.36
971	0.060927	-8469.85
972	0.060927	-8326.91
973	0.060927	-8443.2
974	0.060927	-8398.29
975	0.060927	-8408.22
976	0.060927	-8455.91
977	0.060927	-8341.92
978	0.060927	-8440.18
979	0.060927	-8362.1
980	0.060927	-8379.69
981	0.060927	-8370.84
982	0.060927	-8486.01
983	0.060927	-8335.87
984	0.060927	-8302.14
985	0.060927	-8454.9
986	0.060927	-8343.35
987	0.060927	-8441.58
988	0.060927	-8435.42
989	0.060927	-8383.19
990	0.060927	-8340.26
991	0.060927	-8363.29
992	0.060927	-8288.58
993	0.060927	-8363.65
994	0.060927	-8318.24
995	0.060927	-8351.89
996	0.060927	-8368.96
997	0.060927	-8381.73
998	0.060927	-8268.66
999	0.060927	-8310.44
1000	0.060927	-8364.67
