state	power	likelihood
251	0.729136	-8138.92
252	0.729136	-8136.59
253	0.729136	-8136.57
254	0.729136	-8131.35
255	0.729136	-8132.1
256	0.729136	-8135.36
257	0.729136	-8133.09
258	0.729136	-8130.33
259	0.729136	-8130.29
260	0.729136	-8129.21
261	0.729136	-8139.26
262	0.729136	-8138.33
263	0.729136	-8136.76
264	0.729136	-8141.84
265	0.729136	-8135.1
266	0.729136	-8131.78
267	0.729136	-8132.93
268	0.729136	-8131.66
269	0.729136	-8132.47
270	0.729136	-8126.9
271	0.729136	-8130.86
272	0.729136	-8131.99
273	0.729136	-8133.39
274	0.729136	-8131.24
275	0.729136	-8129.94
276	0.729136	-8136.95
277	0.729136	-8146.59
278	0.729136	-8144.78
279	0.729136	-8141.97
280	0.729136	-8142.15
281	0.729136	-8137.1
282	0.729136	-8137.71
283	0.729136	-8135.08
284	0.729136	-8135.88
285	0.729136	-8133.85
286	0.729136	-8128.9
287	0.729136	-8133.26
288	0.729136	-8147.92
289	0.729136	-8148.86
290	0.729136	-8146.84
291	0.729136	-8154.45
292	0.729136	-8148.36
293	0.729136	-8150.15
294	0.729136	-8138.12
295	0.729136	-8133.29
296	0.729136	-8136.74
297	0.729136	-8142.88
298	0.729136	-8139.01
299	0.729136	-8138.51
300	0.729136	-8140.34
301	0.729136	-8133.45
302	0.729136	-8131.62
303	0.729136	-8138.96
304	0.729136	-8136.96
305	0.729136	-8138.19
306	0.729136	-8137.72
307	0.729136	-8148.98
308	0.729136	-8151.74
309	0.729136	-8142.01
310	0.729136	-8144.21
311	0.729136	-8137.09
312	0.729136	-8134.79
313	0.729136	-8133.77
314	0.729136	-8144.73
315	0.729136	-8144.55
316	0.729136	-8146.18
317	0.729136	-8152.41
318	0.729136	-8154.18
319	0.729136	-8150.07
320	0.729136	-8138.59
321	0.729136	-8138.67
322	0.729136	-8136.18
323	0.729136	-8138.56
324	0.729136	-8142.85
325	0.729136	-8143.54
326	0.729136	-8139.91
327	0.729136	-8137.5
328	0.729136	-8134.34
329	0.729136	-8136.01
330	0.729136	-8136.97
331	0.729136	-8134.28
332	0.729136	-8139.26
333	0.729136	-8138.54
334	0.729136	-8127.48
335	0.729136	-8126.22
336	0.729136	-8135.26
337	0.729136	-8132.35
338	0.729136	-8132.34
339	0.729136	-8127.74
340	0.729136	-8126.88
341	0.729136	-8122.04
342	0.729136	-8136.3
343	0.729136	-8134.75
344	0.729136	-8133.17
345	0.729136	-8127.53
346	0.729136	-8132.59
347	0.729136	-8131.61
348	0.729136	-8131.16
349	0.729136	-8127.04
350	0.729136	-8134.08
351	0.729136	-8133.44
352	0.729136	-8139.07
353	0.729136	-8137.52
354	0.729136	-8141.85
355	0.729136	-8140.23
356	0.729136	-8132.63
357	0.729136	-8130.07
358	0.729136	-8142.21
359	0.729136	-8139.15
360	0.729136	-8138.35
361	0.729136	-8137.72
362	0.729136	-8136.29
363	0.729136	-8144.4
364	0.729136	-8143.99
365	0.729136	-8146.24
366	0.729136	-8148.75
367	0.729136	-8146.36
368	0.729136	-8139.25
369	0.729136	-8137.32
370	0.729136	-8135.67
371	0.729136	-8139.6
372	0.729136	-8132.53
373	0.729136	-8130.17
374	0.729136	-8131.9
375	0.729136	-8132.03
376	0.729136	-8134.87
377	0.729136	-8132.93
378	0.729136	-8135.62
379	0.729136	-8132.69
380	0.729136	-8131.38
381	0.729136	-8132.91
382	0.729136	-8132.79
383	0.729136	-8125.46
384	0.729136	-8125.32
385	0.729136	-8126.08
386	0.729136	-8133.92
387	0.729136	-8128.14
388	0.729136	-8127.59
389	0.729136	-8130.34
390	0.729136	-8140.56
391	0.729136	-8137.77
392	0.729136	-8132.83
393	0.729136	-8135.54
394	0.729136	-8136.16
395	0.729136	-8127.58
396	0.729136	-8129.87
397	0.729136	-8143.02
398	0.729136	-8145.19
399	0.729136	-8141.11
400	0.729136	-8136.46
401	0.729136	-8134.05
402	0.729136	-8136.47
403	0.729136	-8130.6
404	0.729136	-8136.71
405	0.729136	-8142.06
406	0.729136	-8148.18
407	0.729136	-8139.7
408	0.729136	-8137.86
409	0.729136	-8139.99
410	0.729136	-8136.1
411	0.729136	-8136.84
412	0.729136	-8138.55
413	0.729136	-8137.6
414	0.729136	-8135.5
415	0.729136	-8133.14
416	0.729136	-8139.41
417	0.729136	-8142.47
418	0.729136	-8139.7
419	0.729136	-8140.16
420	0.729136	-8140.15
421	0.729136	-8135.75
422	0.729136	-8135.73
423	0.729136	-8137.32
424	0.729136	-8131.85
425	0.729136	-8133.51
426	0.729136	-8133.37
427	0.729136	-8131.7
428	0.729136	-8133.87
429	0.729136	-8135.74
430	0.729136	-8138.29
431	0.729136	-8135.41
432	0.729136	-8144.97
433	0.729136	-8143
434	0.729136	-8135.5
435	0.729136	-8135.96
436	0.729136	-8137.8
437	0.729136	-8133.74
438	0.729136	-8134.25
439	0.729136	-8136.64
440	0.729136	-8127.03
441	0.729136	-8129.87
442	0.729136	-8131.71
443	0.729136	-8132.85
444	0.729136	-8143.44
445	0.729136	-8140.47
446	0.729136	-8133.86
447	0.729136	-8131.72
448	0.729136	-8129.22
449	0.729136	-8127.85
450	0.729136	-8127.93
451	0.729136	-8135.07
452	0.729136	-8127.9
453	0.729136	-8140.57
454	0.729136	-8140.64
455	0.729136	-8146.39
456	0.729136	-8146.65
457	0.729136	-8148.83
458	0.729136	-8142.73
459	0.729136	-8137.22
460	0.729136	-8144.44
461	0.729136	-8140.49
462	0.729136	-8145.04
463	0.729136	-8147.49
464	0.729136	-8145.27
465	0.729136	-8143.44
466	0.729136	-8136.49
467	0.729136	-8131.06
468	0.729136	-8140.08
469	0.729136	-8140.95
470	0.729136	-8138.52
471	0.729136	-8135.86
472	0.729136	-8132.31
473	0.729136	-8131
474	0.729136	-8138.72
475	0.729136	-8135.73
476	0.729136	-8132.31
477	0.729136	-8140.77
478	0.729136	-8138.91
479	0.729136	-8135.71
480	0.729136	-8143.61
481	0.729136	-8131.86
482	0.729136	-8136.24
483	0.729136	-8138.67
484	0.729136	-8133.67
485	0.729136	-8136.28
486	0.729136	-8139.9
487	0.729136	-8132.88
488	0.729136	-8137.36
489	0.729136	-8129.07
490	0.729136	-8136.12
491	0.729136	-8132.14
492	0.729136	-8135.12
493	0.729136	-8138.6
494	0.729136	-8134.98
495	0.729136	-8134.76
496	0.729136	-8133.23
497	0.729136	-8135.35
498	0.729136	-8137.91
499	0.729136	-8138.46
500	0.729136	-8134.94
501	0.729136	-8136.19
502	0.729136	-8143.34
503	0.729136	-8145.43
504	0.729136	-8144.07
505	0.729136	-8139.9
506	0.729136	-8140.73
507	0.729136	-8146.14
508	0.729136	-8144.27
509	0.729136	-8150.73
510	0.729136	-8143.37
511	0.729136	-8148.73
512	0.729136	-8158.07
513	0.729136	-8149.52
514	0.729136	-8142.12
515	0.729136	-8138.68
516	0.729136	-8134.95
517	0.729136	-8142.14
518	0.729136	-8139.72
519	0.729136	-8142.23
520	0.729136	-8137.23
521	0.729136	-8131.19
522	0.729136	-8137.57
523	0.729136	-8135.45
524	0.729136	-8127.39
525	0.729136	-8132.66
526	0.729136	-8131.74
527	0.729136	-8132.16
528	0.729136	-8140.91
529	0.729136	-8139.52
530	0.729136	-8138.01
531	0.729136	-8136.51
532	0.729136	-8144.38
533	0.729136	-8140.98
534	0.729136	-8134.17
535	0.729136	-8130.53
536	0.729136	-8128.82
537	0.729136	-8132.19
538	0.729136	-8139
539	0.729136	-8130.34
540	0.729136	-8132.81
541	0.729136	-8146.2
542	0.729136	-8145.24
543	0.729136	-8142.97
544	0.729136	-8145.2
545	0.729136	-8147.19
546	0.729136	-8150.73
547	0.729136	-8146.66
548	0.729136	-8135.9
549	0.729136	-8145.94
550	0.729136	-8147.31
551	0.729136	-8145.64
552	0.729136	-8140.89
553	0.729136	-8148.11
554	0.729136	-8143.58
555	0.729136	-8146.54
556	0.729136	-8147.93
557	0.729136	-8143.76
558	0.729136	-8146.57
559	0.729136	-8139.4
560	0.729136	-8137.19
561	0.729136	-8133.97
562	0.729136	-8134.73
563	0.729136	-8138.8
564	0.729136	-8138.14
565	0.729136	-8143.12
566	0.729136	-8134.44
567	0.729136	-8133.16
568	0.729136	-8136.47
569	0.729136	-8131.88
570	0.729136	-8133.21
571	0.729136	-8139.42
572	0.729136	-8136.71
573	0.729136	-8142.41
574	0.729136	-8139.82
575	0.729136	-8137.47
576	0.729136	-8133.38
577	0.729136	-8130.89
578	0.729136	-8136.8
579	0.729136	-8136.68
580	0.729136	-8144.48
581	0.729136	-8139.12
582	0.729136	-8136.11
583	0.729136	-8134.39
584	0.729136	-8133.4
585	0.729136	-8134.48
586	0.729136	-8132.69
587	0.729136	-8135.74
588	0.729136	-8135.81
589	0.729136	-8137.52
590	0.729136	-8133.4
591	0.729136	-8130.55
592	0.729136	-8132.54
593	0.729136	-8140.95
594	0.729136	-8135.26
595	0.729136	-8128.71
596	0.729136	-8131.63
597	0.729136	-8138.73
598	0.729136	-8140.15
599	0.729136	-8131.19
600	0.729136	-8136.32
601	0.729136	-8139.91
602	0.729136	-8130.83
603	0.729136	-8131.44
604	0.729136	-8136.83
605	0.729136	-8134.95
606	0.729136	-8139.95
607	0.729136	-8151.96
608	0.729136	-8149.62
609	0.729136	-8138.57
610	0.729136	-8137.68
611	0.729136	-8144.66
612	0.729136	-8134.51
613	0.729136	-8136.38
614	0.729136	-8138.78
615	0.729136	-8137.13
616	0.729136	-8137.77
617	0.729136	-8142.7
618	0.729136	-8128.41
619	0.729136	-8135.78
620	0.729136	-8132.05
621	0.729136	-8133.65
622	0.729136	-8128.98
623	0.729136	-8132.76
624	0.729136	-8132.16
625	0.729136	-8136.57
626	0.729136	-8144.77
627	0.729136	-8147.51
628	0.729136	-8141.04
629	0.729136	-8143.93
630	0.729136	-8146.68
631	0.729136	-8136.61
632	0.729136	-8136.81
633	0.729136	-8137.54
634	0.729136	-8134.44
635	0.729136	-8136.18
636	0.729136	-8133.72
637	0.729136	-8147.07
638	0.729136	-8150.75
639	0.729136	-8145.5
640	0.729136	-8139.73
641	0.729136	-8137.24
642	0.729136	-8141.81
643	0.729136	-8133.91
644	0.729136	-8132.65
645	0.729136	-8133.24
646	0.729136	-8139.53
647	0.729136	-8130.4
648	0.729136	-8137.92
649	0.729136	-8136.38
650	0.729136	-8132.83
651	0.729136	-8137.7
652	0.729136	-8135.42
653	0.729136	-8137.64
654	0.729136	-8142.31
655	0.729136	-8143.32
656	0.729136	-8143.35
657	0.729136	-8138.72
658	0.729136	-8136.75
659	0.729136	-8134.28
660	0.729136	-8138.87
661	0.729136	-8136.16
662	0.729136	-8135.38
663	0.729136	-8136.15
664	0.729136	-8142.44
665	0.729136	-8142.2
666	0.729136	-8137.96
667	0.729136	-8140.15
668	0.729136	-8143.84
669	0.729136	-8132.85
670	0.729136	-8133.89
671	0.729136	-8141.21
672	0.729136	-8139.09
673	0.729136	-8137.16
674	0.729136	-8140
675	0.729136	-8141.59
676	0.729136	-8132.23
677	0.729136	-8130.73
678	0.729136	-8129.69
679	0.729136	-8132.09
680	0.729136	-8143.63
681	0.729136	-8143.6
682	0.729136	-8145.09
683	0.729136	-8143.54
684	0.729136	-8137.02
685	0.729136	-8140.25
686	0.729136	-8140.38
687	0.729136	-8141.18
688	0.729136	-8140.41
689	0.729136	-8137.56
690	0.729136	-8138.74
691	0.729136	-8138.98
692	0.729136	-8143.69
693	0.729136	-8145.26
694	0.729136	-8141.45
695	0.729136	-8149.67
696	0.729136	-8153.06
697	0.729136	-8140.67
698	0.729136	-8132.48
699	0.729136	-8142.09
700	0.729136	-8141.36
701	0.729136	-8137.61
702	0.729136	-8143.5
703	0.729136	-8150.37
704	0.729136	-8135.82
705	0.729136	-8142.65
706	0.729136	-8146.25
707	0.729136	-8145.51
708	0.729136	-8141.52
709	0.729136	-8143.1
710	0.729136	-8147.51
711	0.729136	-8141.46
712	0.729136	-8147.1
713	0.729136	-8139.92
714	0.729136	-8142.39
715	0.729136	-8140.36
716	0.729136	-8138.38
717	0.729136	-8144.28
718	0.729136	-8144.56
719	0.729136	-8141.23
720	0.729136	-8138.59
721	0.729136	-8138.45
722	0.729136	-8136
723	0.729136	-8137.85
724	0.729136	-8140.08
725	0.729136	-8144.1
726	0.729136	-8142.25
727	0.729136	-8137.21
728	0.729136	-8144.74
729	0.729136	-8140.53
730	0.729136	-8143.28
731	0.729136	-8140.5
732	0.729136	-8146.66
733	0.729136	-8143.26
734	0.729136	-8136.62
735	0.729136	-8144.46
736	0.729136	-8142.77
737	0.729136	-8149.62
738	0.729136	-8145.46
739	0.729136	-8141.88
740	0.729136	-8152.39
741	0.729136	-8147.85
742	0.729136	-8147.88
743	0.729136	-8139.04
744	0.729136	-8135.03
745	0.729136	-8136.65
746	0.729136	-8143.65
747	0.729136	-8129.04
748	0.729136	-8126.91
749	0.729136	-8130.75
750	0.729136	-8137.66
751	0.729136	-8134.55
752	0.729136	-8129.75
753	0.729136	-8128.65
754	0.729136	-8131.44
755	0.729136	-8129.83
756	0.729136	-8144.4
757	0.729136	-8148.68
758	0.729136	-8145.86
759	0.729136	-8143.38
760	0.729136	-8136.08
761	0.729136	-8144.2
762	0.729136	-8141.84
763	0.729136	-8144.76
764	0.729136	-8136.81
765	0.729136	-8133.62
766	0.729136	-8138.32
767	0.729136	-8137.82
768	0.729136	-8142.76
769	0.729136	-8133.52
770	0.729136	-8140.07
771	0.729136	-8145.39
772	0.729136	-8142.43
773	0.729136	-8135.95
774	0.729136	-8140.31
775	0.729136	-8142.13
776	0.729136	-8137.65
777	0.729136	-8135.28
778	0.729136	-8135.48
779	0.729136	-8134.32
780	0.729136	-8137.45
781	0.729136	-8133.24
782	0.729136	-8131.44
783	0.729136	-8140.73
784	0.729136	-8139.76
785	0.729136	-8140.94
786	0.729136	-8142.06
787	0.729136	-8148.35
788	0.729136	-8141.69
789	0.729136	-8139.8
790	0.729136	-8138.16
791	0.729136	-8134.69
792	0.729136	-8134.73
793	0.729136	-8150.16
794	0.729136	-8147.55
795	0.729136	-8138.51
796	0.729136	-8138.57
797	0.729136	-8133.65
798	0.729136	-8132.94
799	0.729136	-8134.69
800	0.729136	-8126.01
801	0.729136	-8127.6
802	0.729136	-8133.7
803	0.729136	-8133
804	0.729136	-8129.29
805	0.729136	-8124.6
806	0.729136	-8127.6
807	0.729136	-8137.19
808	0.729136	-8133.01
809	0.729136	-8133.08
810	0.729136	-8134.32
811	0.729136	-8137.46
812	0.729136	-8138.73
813	0.729136	-8135.67
814	0.729136	-8140.34
815	0.729136	-8147.62
816	0.729136	-8137.95
817	0.729136	-8137.31
818	0.729136	-8135.76
819	0.729136	-8136.15
820	0.729136	-8141.1
821	0.729136	-8140.53
822	0.729136	-8138.7
823	0.729136	-8131.11
824	0.729136	-8132.7
825	0.729136	-8130.21
826	0.729136	-8136.08
827	0.729136	-8136.76
828	0.729136	-8140.85
829	0.729136	-8135.99
830	0.729136	-8143.83
831	0.729136	-8145.71
832	0.729136	-8147.09
833	0.729136	-8142.73
834	0.729136	-8137.99
835	0.729136	-8137.15
836	0.729136	-8142.15
837	0.729136	-8136.21
838	0.729136	-8134.63
839	0.729136	-8137.86
840	0.729136	-8142.57
841	0.729136	-8138.53
842	0.729136	-8142.86
843	0.729136	-8145.87
844	0.729136	-8142.93
845	0.729136	-8141.6
846	0.729136	-8138.12
847	0.729136	-8131.1
848	0.729136	-8135.2
849	0.729136	-8144.14
850	0.729136	-8142.02
851	0.729136	-8139.02
852	0.729136	-8138.81
853	0.729136	-8149.04
854	0.729136	-8142.46
855	0.729136	-8134.48
856	0.729136	-8128.42
857	0.729136	-8135.9
858	0.729136	-8132
859	0.729136	-8132.25
860	0.729136	-8134.55
861	0.729136	-8133.86
862	0.729136	-8135.16
863	0.729136	-8139.21
864	0.729136	-8141.05
865	0.729136	-8130.28
866	0.729136	-8129.38
867	0.729136	-8129.17
868	0.729136	-8130.28
869	0.729136	-8132.03
870	0.729136	-8139.52
871	0.729136	-8137.46
872	0.729136	-8137.08
873	0.729136	-8145.12
874	0.729136	-8137.02
875	0.729136	-8134.72
876	0.729136	-8129.81
877	0.729136	-8138.5
878	0.729136	-8135.71
879	0.729136	-8139.2
880	0.729136	-8142.22
881	0.729136	-8142.85
882	0.729136	-8135.75
883	0.729136	-8137.43
884	0.729136	-8134.48
885	0.729136	-8142.96
886	0.729136	-8136.51
887	0.729136	-8145.34
888	0.729136	-8152.08
889	0.729136	-8143.7
890	0.729136	-8136.71
891	0.729136	-8129.62
892	0.729136	-8134.01
893	0.729136	-8134.3
894	0.729136	-8129.73
895	0.729136	-8131.17
896	0.729136	-8135.73
897	0.729136	-8133.14
898	0.729136	-8134.47
899	0.729136	-8137.1
900	0.729136	-8138.16
901	0.729136	-8135
902	0.729136	-8137.53
903	0.729136	-8134.27
904	0.729136	-8133.94
905	0.729136	-8130.52
906	0.729136	-8129.39
907	0.729136	-8131.41
908	0.729136	-8140.27
909	0.729136	-8140.35
910	0.729136	-8142.7
911	0.729136	-8131.66
912	0.729136	-8128.4
913	0.729136	-8136.53
914	0.729136	-8141.3
915	0.729136	-8141.61
916	0.729136	-8146
917	0.729136	-8140.43
918	0.729136	-8139.09
919	0.729136	-8145.24
920	0.729136	-8139.33
921	0.729136	-8140.5
922	0.729136	-8146.48
923	0.729136	-8147.08
924	0.729136	-8145.96
925	0.729136	-8142.11
926	0.729136	-8152.12
927	0.729136	-8150.52
928	0.729136	-8141.19
929	0.729136	-8135.79
930	0.729136	-8135.63
931	0.729136	-8135.4
932	0.729136	-8136.21
933	0.729136	-8135.9
934	0.729136	-8140.06
935	0.729136	-8140.02
936	0.729136	-8144.42
937	0.729136	-8134.61
938	0.729136	-8146.51
939	0.729136	-8144.74
940	0.729136	-8143.83
941	0.729136	-8139.5
942	0.729136	-8138.18
943	0.729136	-8141.04
944	0.729136	-8148.72
945	0.729136	-8138.23
946	0.729136	-8140.01
947	0.729136	-8159.32
948	0.729136	-8148.42
949	0.729136	-8151.77
950	0.729136	-8137.3
951	0.729136	-8130.61
952	0.729136	-8141.42
953	0.729136	-8140.19
954	0.729136	-8144.62
955	0.729136	-8140.41
956	0.729136	-8144
957	0.729136	-8137.84
958	0.729136	-8134.51
959	0.729136	-8137.64
960	0.729136	-8136.97
961	0.729136	-8138.83
962	0.729136	-8137.51
963	0.729136	-8134.59
964	0.729136	-8132.71
965	0.729136	-8143.77
966	0.729136	-8142.08
967	0.729136	-8139.1
968	0.729136	-8141.2
969	0.729136	-8141.1
970	0.729136	-8147.53
971	0.729136	-8147.26
972	0.729136	-8143.7
973	0.729136	-8144.61
974	0.729136	-8135.21
975	0.729136	-8140.87
976	0.729136	-8145.73
977	0.729136	-8148.05
978	0.729136	-8140.34
979	0.729136	-8138.67
980	0.729136	-8146.2
981	0.729136	-8139.73
982	0.729136	-8136.83
983	0.729136	-8135.19
984	0.729136	-8144.11
985	0.729136	-8147.6
986	0.729136	-8144.66
987	0.729136	-8145.16
988	0.729136	-8141.85
989	0.729136	-8137.07
990	0.729136	-8135.52
991	0.729136	-8133.61
992	0.729136	-8146.79
993	0.729136	-8148.68
994	0.729136	-8150.16
995	0.729136	-8149.16
996	0.729136	-8143.11
997	0.729136	-8146.88
998	0.729136	-8143.98
999	0.729136	-8137.51
1000	0.729136	-8134.48
