state	power	likelihood
251	2.75281e-05	-11850.5
252	2.75281e-05	-11190.5
253	2.75281e-05	-10187.3
254	2.75281e-05	-11936.9
255	2.75281e-05	-11218.3
256	2.75281e-05	-10732.2
257	2.75281e-05	-16100.2
258	2.75281e-05	-12424.6
259	2.75281e-05	-14142.7
260	2.75281e-05	-11786.6
261	2.75281e-05	-10909.5
262	2.75281e-05	-12209.6
263	2.75281e-05	-10523.2
264	2.75281e-05	-11328.5
265	2.75281e-05	-10988.4
266	2.75281e-05	-10846.5
267	2.75281e-05	-11624.6
268	2.75281e-05	-11083.5
269	2.75281e-05	-11639.8
270	2.75281e-05	-12414.6
271	2.75281e-05	-12903.1
272	2.75281e-05	-12600.9
273	2.75281e-05	-13270.2
274	2.75281e-05	-15159.3
275	2.75281e-05	-12488.1
276	2.75281e-05	-10981.3
277	2.75281e-05	-10423.4
278	2.75281e-05	-11068.9
279	2.75281e-05	-11151.6
280	2.75281e-05	-9899.5
281	2.75281e-05	-12672.6
282	2.75281e-05	-13650.7
283	2.75281e-05	-11786.3
284	2.75281e-05	-16975.6
285	2.75281e-05	-14422.4
286	2.75281e-05	-15633.9
287	2.75281e-05	-12860.1
288	2.75281e-05	-12567.2
289	2.75281e-05	-10842
290	2.75281e-05	-11450.7
291	2.75281e-05	-12074.9
292	2.75281e-05	-12716.8
293	2.75281e-05	-12119.1
294	2.75281e-05	-11113.5
295	2.75281e-05	-10703.2
296	2.75281e-05	-10595.8
297	2.75281e-05	-15091.2
298	2.75281e-05	-13935.8
299	2.75281e-05	-14019.6
300	2.75281e-05	-14403
301	2.75281e-05	-11071
302	2.75281e-05	-13971.5
303	2.75281e-05	-14458.8
304	2.75281e-05	-14354
305	2.75281e-05	-14592.9
306	2.75281e-05	-17502.4
307	2.75281e-05	-14660
308	2.75281e-05	-14625.8
309	2.75281e-05	-13960.5
310	2.75281e-05	-14754.7
311	2.75281e-05	-13673.9
312	2.75281e-05	-11758.1
313	2.75281e-05	-12284
314	2.75281e-05	-11666.8
315	2.75281e-05	-11933.5
316	2.75281e-05	-13063.7
317	2.75281e-05	-13553.5
318	2.75281e-05	-11635
319	2.75281e-05	-14948.2
320	2.75281e-05	-15542
321	2.75281e-05	-13645
322	2.75281e-05	-13746.6
323	2.75281e-05	-12566.4
324	2.75281e-05	-12144.4
325	2.75281e-05	-11719.4
326	2.75281e-05	-12997.5
327	2.75281e-05	-12986.6
328	2.75281e-05	-13701.7
329	2.75281e-05	-13756.7
330	2.75281e-05	-10805.1
331	2.75281e-05	-11497
332	2.75281e-05	-12000.1
333	2.75281e-05	-11505.5
334	2.75281e-05	-12480.5
335	2.75281e-05	-14071.6
336	2.75281e-05	-14018.4
337	2.75281e-05	-13562.7
338	2.75281e-05	-13769.8
339	2.75281e-05	-14567.7
340	2.75281e-05	-13054.9
341	2.75281e-05	-12258
342	2.75281e-05	-11680.5
343	2.75281e-05	-13615
344	2.75281e-05	-13553.9
345	2.75281e-05	-12673.3
346	2.75281e-05	-12644
347	2.75281e-05	-12449.3
348	2.75281e-05	-12921.4
349	2.75281e-05	-14773.4
350	2.75281e-05	-19285.7
351	2.75281e-05	-11862.5
352	2.75281e-05	-11858
353	2.75281e-05	-15944.8
354	2.75281e-05	-11772
355	2.75281e-05	-11310.4
356	2.75281e-05	-11350.9
357	2.75281e-05	-12693.6
358	2.75281e-05	-12480.2
359	2.75281e-05	-16932.8
360	2.75281e-05	-16409.7
361	2.75281e-05	-16961.9
362	2.75281e-05	-12070.7
363	2.75281e-05	-10346.5
364	2.75281e-05	-11366.7
365	2.75281e-05	-12050.9
366	2.75281e-05	-14400.8
367	2.75281e-05	-15489.3
368	2.75281e-05	-15570.6
369	2.75281e-05	-16856.5
370	2.75281e-05	-11564.4
371	2.75281e-05	-13046.7
372	2.75281e-05	-12136.7
373	2.75281e-05	-13765.4
374	2.75281e-05	-13832.7
375	2.75281e-05	-15783.7
376	2.75281e-05	-16028.6
377	2.75281e-05	-16555.7
378	2.75281e-05	-13888.1
379	2.75281e-05	-15812.3
380	2.75281e-05	-16335.2
381	2.75281e-05	-13728.9
382	2.75281e-05	-13214.7
383	2.75281e-05	-11763.3
384	2.75281e-05	-10258.3
385	2.75281e-05	-11203
386	2.75281e-05	-11863.1
387	2.75281e-05	-12806.7
388	2.75281e-05	-13050.3
389	2.75281e-05	-14868
390	2.75281e-05	-16454
391	2.75281e-05	-14237.6
392	2.75281e-05	-14093.5
393	2.75281e-05	-15771.3
394	2.75281e-05	-13414.3
395	2.75281e-05	-12809.1
396	2.75281e-05	-13022.1
397	2.75281e-05	-11297.1
398	2.75281e-05	-14323.4
399	2.75281e-05	-12140.5
400	2.75281e-05	-11535
401	2.75281e-05	-10905.9
402	2.75281e-05	-11085
403	2.75281e-05	-12192.1
404	2.75281e-05	-12678.8
405	2.75281e-05	-11639.4
406	2.75281e-05	-12452
407	2.75281e-05	-12387.4
408	2.75281e-05	-12330.6
409	2.75281e-05	-15411.1
410	2.75281e-05	-13355
411	2.75281e-05	-10899.3
412	2.75281e-05	-11535.9
413	2.75281e-05	-11675.6
414	2.75281e-05	-12516
415	2.75281e-05	-13024.5
416	2.75281e-05	-13769.7
417	2.75281e-05	-12009.7
418	2.75281e-05	-16903
419	2.75281e-05	-17484.7
420	2.75281e-05	-18436.8
421	2.75281e-05	-12510.1
422	2.75281e-05	-10960.7
423	2.75281e-05	-18573.4
424	2.75281e-05	-13690.7
425	2.75281e-05	-10655.6
426	2.75281e-05	-11562.5
427	2.75281e-05	-12587
428	2.75281e-05	-13868.7
429	2.75281e-05	-14274.7
430	2.75281e-05	-13579
431	2.75281e-05	-12308.3
432	2.75281e-05	-11427.9
433	2.75281e-05	-9984.53
434	2.75281e-05	-13325.3
435	2.75281e-05	-14473.1
436	2.75281e-05	-11640.5
437	2.75281e-05	-13078
438	2.75281e-05	-15859.8
439	2.75281e-05	-15615.4
440	2.75281e-05	-14561.1
441	2.75281e-05	-11894.5
442	2.75281e-05	-10728.6
443	2.75281e-05	-15412.5
444	2.75281e-05	-12683.2
445	2.75281e-05	-11968.2
446	2.75281e-05	-14366.5
447	2.75281e-05	-13046.3
448	2.75281e-05	-13099.1
449	2.75281e-05	-10733.4
450	2.75281e-05	-11911.6
451	2.75281e-05	-12145.3
452	2.75281e-05	-13920.7
453	2.75281e-05	-12586.7
454	2.75281e-05	-14574.1
455	2.75281e-05	-14580.5
456	2.75281e-05	-16633.2
457	2.75281e-05	-11202
458	2.75281e-05	-10609.3
459	2.75281e-05	-11526.4
460	2.75281e-05	-10438.9
461	2.75281e-05	-11878.3
462	2.75281e-05	-10926.2
463	2.75281e-05	-12209.6
464	2.75281e-05	-11482.5
465	2.75281e-05	-12035.1
466	2.75281e-05	-12149.3
467	2.75281e-05	-14209.2
468	2.75281e-05	-13444
469	2.75281e-05	-12547.3
470	2.75281e-05	-12883
471	2.75281e-05	-12849.7
472	2.75281e-05	-11235.4
473	2.75281e-05	-13764.8
474	2.75281e-05	-11913.3
475	2.75281e-05	-11749.5
476	2.75281e-05	-12082.6
477	2.75281e-05	-12754.3
478	2.75281e-05	-11512.6
479	2.75281e-05	-12876.8
480	2.75281e-05	-12661.5
481	2.75281e-05	-13607.9
482	2.75281e-05	-13024.2
483	2.75281e-05	-13279
484	2.75281e-05	-11260.5
485	2.75281e-05	-12826
486	2.75281e-05	-13349.7
487	2.75281e-05	-15540.7
488	2.75281e-05	-14905.7
489	2.75281e-05	-22277.2
490	2.75281e-05	-14043.5
491	2.75281e-05	-11801.1
492	2.75281e-05	-13252.6
493	2.75281e-05	-11402.8
494	2.75281e-05	-12471.5
495	2.75281e-05	-14790
496	2.75281e-05	-13291.9
497	2.75281e-05	-11425.2
498	2.75281e-05	-16116.1
499	2.75281e-05	-12715.3
500	2.75281e-05	-11058.4
501	2.75281e-05	-10811
502	2.75281e-05	-10475
503	2.75281e-05	-15029.9
504	2.75281e-05	-15501.1
505	2.75281e-05	-13273
506	2.75281e-05	-11888.9
507	2.75281e-05	-12283.9
508	2.75281e-05	-10553.8
509	2.75281e-05	-10901.1
510	2.75281e-05	-12017.7
511	2.75281e-05	-11351.5
512	2.75281e-05	-13039.2
513	2.75281e-05	-12364.1
514	2.75281e-05	-12953.5
515	2.75281e-05	-11521.9
516	2.75281e-05	-11837.9
517	2.75281e-05	-12593.6
518	2.75281e-05	-16359.7
519	2.75281e-05	-15638.4
520	2.75281e-05	-14991.6
521	2.75281e-05	-14475.4
522	2.75281e-05	-14751.1
523	2.75281e-05	-11413
524	2.75281e-05	-11727.5
525	2.75281e-05	-10815.2
526	2.75281e-05	-14649.5
527	2.75281e-05	-12726.9
528	2.75281e-05	-13090.6
529	2.75281e-05	-14568.4
530	2.75281e-05	-15121.3
531	2.75281e-05	-13558.3
532	2.75281e-05	-12544
533	2.75281e-05	-11830
534	2.75281e-05	-11697.8
535	2.75281e-05	-11898.3
536	2.75281e-05	-12602
537	2.75281e-05	-12759.7
538	2.75281e-05	-13530.4
539	2.75281e-05	-13520
540	2.75281e-05	-11274.1
541	2.75281e-05	-10404.5
542	2.75281e-05	-10310.9
543	2.75281e-05	-11398.9
544	2.75281e-05	-10363.5
545	2.75281e-05	-12642.4
546	2.75281e-05	-12431.9
547	2.75281e-05	-12942.8
548	2.75281e-05	-12971.6
549	2.75281e-05	-13304.5
550	2.75281e-05	-13674.4
551	2.75281e-05	-14071.8
552	2.75281e-05	-12644.3
553	2.75281e-05	-13631
554	2.75281e-05	-12057.1
555	2.75281e-05	-14507.5
556	2.75281e-05	-14579.6
557	2.75281e-05	-13591.7
558	2.75281e-05	-13013
559	2.75281e-05	-14069.3
560	2.75281e-05	-16033.7
561	2.75281e-05	-14487.3
562	2.75281e-05	-18893.4
563	2.75281e-05	-17263.8
564	2.75281e-05	-17270.9
565	2.75281e-05	-16218.9
566	2.75281e-05	-14952.2
567	2.75281e-05	-15765.7
568	2.75281e-05	-10300.9
569	2.75281e-05	-11575.7
570	2.75281e-05	-12515.5
571	2.75281e-05	-12147.8
572	2.75281e-05	-11533.6
573	2.75281e-05	-11346.9
574	2.75281e-05	-11977.4
575	2.75281e-05	-13210
576	2.75281e-05	-13674.3
577	2.75281e-05	-15550.9
578	2.75281e-05	-13834.8
579	2.75281e-05	-12997.4
580	2.75281e-05	-10576.1
581	2.75281e-05	-11108.1
582	2.75281e-05	-12127.2
583	2.75281e-05	-11380.3
584	2.75281e-05	-14317.2
585	2.75281e-05	-14920.3
586	2.75281e-05	-15549.4
587	2.75281e-05	-15862.2
588	2.75281e-05	-18854.5
589	2.75281e-05	-16784.9
590	2.75281e-05	-18273.3
591	2.75281e-05	-14344.7
592	2.75281e-05	-12782.1
593	2.75281e-05	-11546.1
594	2.75281e-05	-10738.3
595	2.75281e-05	-12527.4
596	2.75281e-05	-11944.3
597	2.75281e-05	-11867.1
598	2.75281e-05	-11732.8
599	2.75281e-05	-13893.6
600	2.75281e-05	-13225.7
601	2.75281e-05	-14094.4
602	2.75281e-05	-13638.5
603	2.75281e-05	-14354.5
604	2.75281e-05	-17056.4
605	2.75281e-05	-16202.5
606	2.75281e-05	-14447.2
607	2.75281e-05	-14185.2
608	2.75281e-05	-13845.5
609	2.75281e-05	-16062.3
610	2.75281e-05	-14036.2
611	2.75281e-05	-11560.5
612	2.75281e-05	-13834
613	2.75281e-05	-15125.7
614	2.75281e-05	-11387.3
615	2.75281e-05	-12966.9
616	2.75281e-05	-13108.4
617	2.75281e-05	-13337.6
618	2.75281e-05	-11474.3
619	2.75281e-05	-14047.3
620	2.75281e-05	-12839.9
621	2.75281e-05	-11446.9
622	2.75281e-05	-14151.7
623	2.75281e-05	-14793.8
624	2.75281e-05	-12643.8
625	2.75281e-05	-13055.6
626	2.75281e-05	-13049.9
627	2.75281e-05	-10782.9
628	2.75281e-05	-10688.8
629	2.75281e-05	-11710.9
630	2.75281e-05	-12693.7
631	2.75281e-05	-10920.1
632	2.75281e-05	-10876.9
633	2.75281e-05	-12547.8
634	2.75281e-05	-13347.3
635	2.75281e-05	-10778.2
636	2.75281e-05	-12717.1
637	2.75281e-05	-12192.3
638	2.75281e-05	-11951.4
639	2.75281e-05	-13685.1
640	2.75281e-05	-13665.6
641	2.75281e-05	-15073
642	2.75281e-05	-14597.2
643	2.75281e-05	-13142.8
644	2.75281e-05	-13801.4
645	2.75281e-05	-12203.4
646	2.75281e-05	-13641.2
647	2.75281e-05	-14009
648	2.75281e-05	-18544.3
649	2.75281e-05	-13331.6
650	2.75281e-05	-12527
651	2.75281e-05	-12481.2
652	2.75281e-05	-11966.8
653	2.75281e-05	-11930
654	2.75281e-05	-12802.9
655	2.75281e-05	-12562.2
656	2.75281e-05	-12922.3
657	2.75281e-05	-11229.4
658	2.75281e-05	-10210.7
659	2.75281e-05	-10572.6
660	2.75281e-05	-11033
661	2.75281e-05	-10758
662	2.75281e-05	-11362.8
663	2.75281e-05	-12977.4
664	2.75281e-05	-10967.1
665	2.75281e-05	-11577
666	2.75281e-05	-11539.8
667	2.75281e-05	-12230.5
668	2.75281e-05	-12245.4
669	2.75281e-05	-11045.4
670	2.75281e-05	-13754
671	2.75281e-05	-12777.3
672	2.75281e-05	-11324.4
673	2.75281e-05	-10782.8
674	2.75281e-05	-12335.3
675	2.75281e-05	-16199.3
676	2.75281e-05	-11668.8
677	2.75281e-05	-15108.5
678	2.75281e-05	-12585.1
679	2.75281e-05	-13371
680	2.75281e-05	-18252.4
681	2.75281e-05	-14122.4
682	2.75281e-05	-12105.6
683	2.75281e-05	-12048.4
684	2.75281e-05	-11624.5
685	2.75281e-05	-10916.4
686	2.75281e-05	-12981.4
687	2.75281e-05	-13679.7
688	2.75281e-05	-12753.3
689	2.75281e-05	-13394
690	2.75281e-05	-13383.4
691	2.75281e-05	-12583.9
692	2.75281e-05	-14928.3
693	2.75281e-05	-14982.8
694	2.75281e-05	-12149.5
695	2.75281e-05	-11094.7
696	2.75281e-05	-11366.1
697	2.75281e-05	-12758.2
698	2.75281e-05	-12381.7
699	2.75281e-05	-13910.8
700	2.75281e-05	-13381.6
701	2.75281e-05	-10469.7
702	2.75281e-05	-12014.5
703	2.75281e-05	-11882.3
704	2.75281e-05	-14391.2
705	2.75281e-05	-12756.2
706	2.75281e-05	-12889.7
707	2.75281e-05	-12837.8
708	2.75281e-05	-11684.4
709	2.75281e-05	-14902.3
710	2.75281e-05	-16690
711	2.75281e-05	-12482.7
712	2.75281e-05	-12796.2
713	2.75281e-05	-12010.4
714	2.75281e-05	-13623.4
715	2.75281e-05	-12744.4
716	2.75281e-05	-12666.3
717	2.75281e-05	-13148.4
718	2.75281e-05	-11829.7
719	2.75281e-05	-12600.7
720	2.75281e-05	-12690.5
721	2.75281e-05	-15507.3
722	2.75281e-05	-13545.8
723	2.75281e-05	-14190.3
724	2.75281e-05	-14451.8
725	2.75281e-05	-13912
726	2.75281e-05	-11426.3
727	2.75281e-05	-12582.8
728	2.75281e-05	-13663
729	2.75281e-05	-20160.6
730	2.75281e-05	-18853.4
731	2.75281e-05	-16629
732	2.75281e-05	-15728.3
733	2.75281e-05	-14454.8
734	2.75281e-05	-12284.1
735	2.75281e-05	-10687.4
736	2.75281e-05	-12430.3
737	2.75281e-05	-16780.4
738	2.75281e-05	-13510.4
739	2.75281e-05	-12150.5
740	2.75281e-05	-11846.9
741	2.75281e-05	-12209.1
742	2.75281e-05	-10954.5
743	2.75281e-05	-11655.6
744	2.75281e-05	-12043.9
745	2.75281e-05	-11371.9
746	2.75281e-05	-13132.9
747	2.75281e-05	-14866.7
748	2.75281e-05	-14171.8
749	2.75281e-05	-15098.6
750	2.75281e-05	-12853.8
751	2.75281e-05	-14645.3
752	2.75281e-05	-15377.1
753	2.75281e-05	-15901.8
754	2.75281e-05	-17755
755	2.75281e-05	-18374.3
756	2.75281e-05	-15113.6
757	2.75281e-05	-17385.7
758	2.75281e-05	-15296.2
759	2.75281e-05	-13854.2
760	2.75281e-05	-14667.7
761	2.75281e-05	-13206.7
762	2.75281e-05	-11562.5
763	2.75281e-05	-11766.8
764	2.75281e-05	-10940.6
765	2.75281e-05	-10818.8
766	2.75281e-05	-10949.4
767	2.75281e-05	-11181.7
768	2.75281e-05	-11216.2
769	2.75281e-05	-11977.5
770	2.75281e-05	-11790.2
771	2.75281e-05	-13213.6
772	2.75281e-05	-11914.9
773	2.75281e-05	-13134.5
774	2.75281e-05	-11138.5
775	2.75281e-05	-13747.2
776	2.75281e-05	-11554.8
777	2.75281e-05	-10236.6
778	2.75281e-05	-10685.7
779	2.75281e-05	-16000.8
780	2.75281e-05	-13341.7
781	2.75281e-05	-11878.7
782	2.75281e-05	-12890.4
783	2.75281e-05	-13610.3
784	2.75281e-05	-12016.8
785	2.75281e-05	-12276.9
786	2.75281e-05	-12145.5
787	2.75281e-05	-11267.2
788	2.75281e-05	-12403.2
789	2.75281e-05	-10413.7
790	2.75281e-05	-10791.1
791	2.75281e-05	-11472.7
792	2.75281e-05	-10559.2
793	2.75281e-05	-11332.8
794	2.75281e-05	-13365.7
795	2.75281e-05	-11872.9
796	2.75281e-05	-11924.5
797	2.75281e-05	-12770.5
798	2.75281e-05	-12605.4
799	2.75281e-05	-12084.4
800	2.75281e-05	-11784.2
801	2.75281e-05	-12209.2
802	2.75281e-05	-10990
803	2.75281e-05	-10747.6
804	2.75281e-05	-10388.8
805	2.75281e-05	-10290.2
806	2.75281e-05	-12082.9
807	2.75281e-05	-11795.1
808	2.75281e-05	-12326.5
809	2.75281e-05	-12728
810	2.75281e-05	-13780.4
811	2.75281e-05	-13310.5
812	2.75281e-05	-15503.8
813	2.75281e-05	-13237.3
814	2.75281e-05	-13357.6
815	2.75281e-05	-12972.3
816	2.75281e-05	-10886.2
817	2.75281e-05	-11315.6
818	2.75281e-05	-11224.4
819	2.75281e-05	-10467.3
820	2.75281e-05	-13330.7
821	2.75281e-05	-12985.5
822	2.75281e-05	-12049.8
823	2.75281e-05	-12026.3
824	2.75281e-05	-10761.1
825	2.75281e-05	-12507.1
826	2.75281e-05	-12965.9
827	2.75281e-05	-12559.5
828	2.75281e-05	-12713.2
829	2.75281e-05	-12483
830	2.75281e-05	-11976.8
831	2.75281e-05	-12907.9
832	2.75281e-05	-12489.2
833	2.75281e-05	-15250.5
834	2.75281e-05	-11791.1
835	2.75281e-05	-16053.8
836	2.75281e-05	-16429.3
837	2.75281e-05	-13188.1
838	2.75281e-05	-13831.5
839	2.75281e-05	-12346.9
840	2.75281e-05	-12013.2
841	2.75281e-05	-13280.1
842	2.75281e-05	-12290.9
843	2.75281e-05	-11319.9
844	2.75281e-05	-11612.5
845	2.75281e-05	-14639.3
846	2.75281e-05	-12761.4
847	2.75281e-05	-12058.7
848	2.75281e-05	-11698.6
849	2.75281e-05	-10435.5
850	2.75281e-05	-12696.4
851	2.75281e-05	-15207.7
852	2.75281e-05	-14936
853	2.75281e-05	-14234.3
854	2.75281e-05	-14874.7
855	2.75281e-05	-12467.6
856	2.75281e-05	-10707.7
857	2.75281e-05	-12281.8
858	2.75281e-05	-11430.4
859	2.75281e-05	-11046.7
860	2.75281e-05	-12017.7
861	2.75281e-05	-12190.2
862	2.75281e-05	-11061.5
863	2.75281e-05	-13409.3
864	2.75281e-05	-12723.8
865	2.75281e-05	-13788.1
866	2.75281e-05	-13414.9
867	2.75281e-05	-12051
868	2.75281e-05	-11574.9
869	2.75281e-05	-11278.6
870	2.75281e-05	-11997.6
871	2.75281e-05	-11242.3
872	2.75281e-05	-11721.3
873	2.75281e-05	-11556.9
874	2.75281e-05	-10837.6
875	2.75281e-05	-15615.4
876	2.75281e-05	-15969.6
877	2.75281e-05	-15100.3
878	2.75281e-05	-13480.9
879	2.75281e-05	-11167.5
880	2.75281e-05	-11187.7
881	2.75281e-05	-12236.1
882	2.75281e-05	-11767.3
883	2.75281e-05	-12350.2
884	2.75281e-05	-10699.2
885	2.75281e-05	-11365.7
886	2.75281e-05	-12240.3
887	2.75281e-05	-12148.2
888	2.75281e-05	-13193
889	2.75281e-05	-13551
890	2.75281e-05	-13751.1
891	2.75281e-05	-12427.4
892	2.75281e-05	-12314.6
893	2.75281e-05	-12807.7
894	2.75281e-05	-11838.8
895	2.75281e-05	-12782.3
896	2.75281e-05	-13052.1
897	2.75281e-05	-12476.8
898	2.75281e-05	-12367.1
899	2.75281e-05	-12032.3
900	2.75281e-05	-10673
901	2.75281e-05	-10899.2
902	2.75281e-05	-11880.7
903	2.75281e-05	-11985.2
904	2.75281e-05	-11931.3
905	2.75281e-05	-12470.4
906	2.75281e-05	-11705
907	2.75281e-05	-13402.5
908	2.75281e-05	-15119.5
909	2.75281e-05	-11372.6
910	2.75281e-05	-12222.6
911	2.75281e-05	-12490
912	2.75281e-05	-12442.7
913	2.75281e-05	-12065.1
914	2.75281e-05	-11470.7
915	2.75281e-05	-11465.8
916	2.75281e-05	-11254.5
917	2.75281e-05	-11504.2
918	2.75281e-05	-11296.4
919	2.75281e-05	-11202.7
920	2.75281e-05	-12193
921	2.75281e-05	-11922.9
922	2.75281e-05	-12189.7
923	2.75281e-05	-11451
924	2.75281e-05	-12351
925	2.75281e-05	-12676.8
926	2.75281e-05	-12541.8
927	2.75281e-05	-13685.1
928	2.75281e-05	-13389.6
929	2.75281e-05	-12949.3
930	2.75281e-05	-12334.2
931	2.75281e-05	-12579.3
932	2.75281e-05	-13286.4
933	2.75281e-05	-13195.6
934	2.75281e-05	-12439.1
935	2.75281e-05	-13481.3
936	2.75281e-05	-12186.5
937	2.75281e-05	-13075.8
938	2.75281e-05	-13301.3
939	2.75281e-05	-13523.6
940	2.75281e-05	-15182
941	2.75281e-05	-15186.5
942	2.75281e-05	-12459.6
943	2.75281e-05	-12731.6
944	2.75281e-05	-13117
945	2.75281e-05	-11555.4
946	2.75281e-05	-10418.8
947	2.75281e-05	-10760.2
948	2.75281e-05	-11336.4
949	2.75281e-05	-11490.5
950	2.75281e-05	-12298.8
951	2.75281e-05	-12021.2
952	2.75281e-05	-11400.6
953	2.75281e-05	-11403.9
954	2.75281e-05	-11054.3
955	2.75281e-05	-10924.4
956	2.75281e-05	-9936.92
957	2.75281e-05	-11363.9
958	2.75281e-05	-12550.6
959	2.75281e-05	-12562
960	2.75281e-05	-12073.7
961	2.75281e-05	-11210.5
962	2.75281e-05	-15811.3
963	2.75281e-05	-13350.9
964	2.75281e-05	-14444.6
965	2.75281e-05	-11839.9
966	2.75281e-05	-10763.5
967	2.75281e-05	-11338.1
968	2.75281e-05	-13092.3
969	2.75281e-05	-12675.9
970	2.75281e-05	-11328.5
971	2.75281e-05	-11647.3
972	2.75281e-05	-15257.8
973	2.75281e-05	-15453.5
974	2.75281e-05	-16066.4
975	2.75281e-05	-12533.7
976	2.75281e-05	-12640.2
977	2.75281e-05	-12217.4
978	2.75281e-05	-11777.2
979	2.75281e-05	-12755.6
980	2.75281e-05	-12915.8
981	2.75281e-05	-14389.6
982	2.75281e-05	-15450.9
983	2.75281e-05	-15332.6
984	2.75281e-05	-12785.8
985	2.75281e-05	-14285.3
986	2.75281e-05	-15054.7
987	2.75281e-05	-12795.2
988	2.75281e-05	-11482.7
989	2.75281e-05	-15685.1
990	2.75281e-05	-15534
991	2.75281e-05	-15949.1
992	2.75281e-05	-13479.8
993	2.75281e-05	-14116.6
994	2.75281e-05	-13455.6
995	2.75281e-05	-12933.1
996	2.75281e-05	-12561.4
997	2.75281e-05	-12690.3
998	2.75281e-05	-11404
999	2.75281e-05	-11594.3
1000	2.75281e-05	-11726.1
