state	power	likelihood
251	0.653254	-8146.76
252	0.653254	-8152.57
253	0.653254	-8154.83
254	0.653254	-8160.38
255	0.653254	-8144.67
256	0.653254	-8145.95
257	0.653254	-8136.16
258	0.653254	-8134.61
259	0.653254	-8138.68
260	0.653254	-8136.53
261	0.653254	-8138
262	0.653254	-8145.77
263	0.653254	-8144.15
264	0.653254	-8141.07
265	0.653254	-8138.9
266	0.653254	-8142.7
267	0.653254	-8145.81
268	0.653254	-8147.31
269	0.653254	-8151.79
270	0.653254	-8143.19
271	0.653254	-8146.93
272	0.653254	-8136.39
273	0.653254	-8139.43
274	0.653254	-8136.87
275	0.653254	-8130.53
276	0.653254	-8128.96
277	0.653254	-8138.21
278	0.653254	-8131.39
279	0.653254	-8139.15
280	0.653254	-8134.82
281	0.653254	-8142.48
282	0.653254	-8148.35
283	0.653254	-8144.95
284	0.653254	-8140.66
285	0.653254	-8151.99
286	0.653254	-8141.01
287	0.653254	-8142.74
288	0.653254	-8141.21
289	0.653254	-8135.83
290	0.653254	-8144.07
291	0.653254	-8140.88
292	0.653254	-8142.85
293	0.653254	-8144.46
294	0.653254	-8139.87
295	0.653254	-8137.48
296	0.653254	-8145.77
297	0.653254	-8143.27
298	0.653254	-8132.38
299	0.653254	-8131.19
300	0.653254	-8137.87
301	0.653254	-8137.42
302	0.653254	-8134.47
303	0.653254	-8141.3
304	0.653254	-8143.01
305	0.653254	-8145.83
306	0.653254	-8147.97
307	0.653254	-8143.21
308	0.653254	-8144.53
309	0.653254	-8144.93
310	0.653254	-8142.96
311	0.653254	-8145.36
312	0.653254	-8145.56
313	0.653254	-8136.22
314	0.653254	-8139.92
315	0.653254	-8147.52
316	0.653254	-8144.66
317	0.653254	-8137.62
318	0.653254	-8146.01
319	0.653254	-8139.88
320	0.653254	-8135.22
321	0.653254	-8143.3
322	0.653254	-8142.89
323	0.653254	-8146.18
324	0.653254	-8148.51
325	0.653254	-8140.77
326	0.653254	-8144.73
327	0.653254	-8135.87
328	0.653254	-8136.46
329	0.653254	-8140.15
330	0.653254	-8141.33
331	0.653254	-8139.67
332	0.653254	-8130
333	0.653254	-8133.45
334	0.653254	-8139.91
335	0.653254	-8127.17
336	0.653254	-8130.09
337	0.653254	-8130.32
338	0.653254	-8136.63
339	0.653254	-8139.22
340	0.653254	-8138.62
341	0.653254	-8149.76
342	0.653254	-8143.62
343	0.653254	-8133.02
344	0.653254	-8139.1
345	0.653254	-8132.46
346	0.653254	-8140.7
347	0.653254	-8139.63
348	0.653254	-8138.62
349	0.653254	-8132.86
350	0.653254	-8137.6
351	0.653254	-8140.75
352	0.653254	-8139.16
353	0.653254	-8137.4
354	0.653254	-8134.69
355	0.653254	-8140.7
356	0.653254	-8137.09
357	0.653254	-8139.26
358	0.653254	-8133.93
359	0.653254	-8144.13
360	0.653254	-8139.95
361	0.653254	-8146.02
362	0.653254	-8141.66
363	0.653254	-8142.74
364	0.653254	-8144.01
365	0.653254	-8142.23
366	0.653254	-8140.47
367	0.653254	-8143.04
368	0.653254	-8137.99
369	0.653254	-8135.14
370	0.653254	-8133.51
371	0.653254	-8135.54
372	0.653254	-8133.48
373	0.653254	-8141.91
374	0.653254	-8135.07
375	0.653254	-8131.25
376	0.653254	-8132.59
377	0.653254	-8141.08
378	0.653254	-8150.14
379	0.653254	-8156.12
380	0.653254	-8153.85
381	0.653254	-8151.97
382	0.653254	-8145.31
383	0.653254	-8138.46
384	0.653254	-8136.43
385	0.653254	-8138.43
386	0.653254	-8148.39
387	0.653254	-8151.53
388	0.653254	-8144.03
389	0.653254	-8145.46
390	0.653254	-8131.14
391	0.653254	-8133.05
392	0.653254	-8133.91
393	0.653254	-8136.77
394	0.653254	-8142.95
395	0.653254	-8140.95
396	0.653254	-8149.93
397	0.653254	-8153.07
398	0.653254	-8143.02
399	0.653254	-8141.07
400	0.653254	-8145.14
401	0.653254	-8146.48
402	0.653254	-8143.85
403	0.653254	-8143.13
404	0.653254	-8137.69
405	0.653254	-8137.9
406	0.653254	-8136.99
407	0.653254	-8138.76
408	0.653254	-8139.58
409	0.653254	-8145.69
410	0.653254	-8140.59
411	0.653254	-8138.99
412	0.653254	-8142.51
413	0.653254	-8141.68
414	0.653254	-8142.14
415	0.653254	-8135.47
416	0.653254	-8137.78
417	0.653254	-8135.54
418	0.653254	-8140.99
419	0.653254	-8144.7
420	0.653254	-8143.85
421	0.653254	-8138.49
422	0.653254	-8142.96
423	0.653254	-8143.8
424	0.653254	-8137.96
425	0.653254	-8144.7
426	0.653254	-8147.16
427	0.653254	-8146.57
428	0.653254	-8138.6
429	0.653254	-8140.03
430	0.653254	-8138.09
431	0.653254	-8146.18
432	0.653254	-8145.54
433	0.653254	-8148.37
434	0.653254	-8141.62
435	0.653254	-8144.84
436	0.653254	-8138.24
437	0.653254	-8131.57
438	0.653254	-8141.88
439	0.653254	-8140.68
440	0.653254	-8135.3
441	0.653254	-8139.82
442	0.653254	-8138.94
443	0.653254	-8140.84
444	0.653254	-8141.12
445	0.653254	-8137.53
446	0.653254	-8138.56
447	0.653254	-8134.58
448	0.653254	-8135.77
449	0.653254	-8137.94
450	0.653254	-8144.98
451	0.653254	-8136.55
452	0.653254	-8140.76
453	0.653254	-8140.68
454	0.653254	-8147.67
455	0.653254	-8146.34
456	0.653254	-8144.39
457	0.653254	-8144.09
458	0.653254	-8147.27
459	0.653254	-8141.72
460	0.653254	-8143.44
461	0.653254	-8142.77
462	0.653254	-8142.22
463	0.653254	-8148.13
464	0.653254	-8150.86
465	0.653254	-8143.31
466	0.653254	-8144.22
467	0.653254	-8139.42
468	0.653254	-8141.01
469	0.653254	-8138.45
470	0.653254	-8145.55
471	0.653254	-8133.78
472	0.653254	-8145.41
473	0.653254	-8138.15
474	0.653254	-8141.56
475	0.653254	-8138.94
476	0.653254	-8140.76
477	0.653254	-8138.3
478	0.653254	-8140.65
479	0.653254	-8139.3
480	0.653254	-8137.16
481	0.653254	-8146.63
482	0.653254	-8146.74
483	0.653254	-8149.8
484	0.653254	-8157.19
485	0.653254	-8154.36
486	0.653254	-8146.54
487	0.653254	-8144.15
488	0.653254	-8144.72
489	0.653254	-8142.41
490	0.653254	-8153.21
491	0.653254	-8146.67
492	0.653254	-8146.3
493	0.653254	-8148.98
494	0.653254	-8138.55
495	0.653254	-8137.95
496	0.653254	-8133.85
497	0.653254	-8139.76
498	0.653254	-8135.47
499	0.653254	-8136.68
500	0.653254	-8142.72
501	0.653254	-8132.43
502	0.653254	-8134.04
503	0.653254	-8143.74
504	0.653254	-8146.06
505	0.653254	-8148.69
506	0.653254	-8145.5
507	0.653254	-8148.87
508	0.653254	-8151.64
509	0.653254	-8137.97
510	0.653254	-8136.51
511	0.653254	-8133.99
512	0.653254	-8137.17
513	0.653254	-8132.79
514	0.653254	-8130.86
515	0.653254	-8133.91
516	0.653254	-8134.51
517	0.653254	-8129.91
518	0.653254	-8135.42
519	0.653254	-8141.78
520	0.653254	-8134.56
521	0.653254	-8131.46
522	0.653254	-8130.8
523	0.653254	-8139.94
524	0.653254	-8138.6
525	0.653254	-8131.98
526	0.653254	-8129.46
527	0.653254	-8131.19
528	0.653254	-8141.36
529	0.653254	-8140.94
530	0.653254	-8137.62
531	0.653254	-8139.81
532	0.653254	-8142.79
533	0.653254	-8147.77
534	0.653254	-8152.24
535	0.653254	-8145.68
536	0.653254	-8139.49
537	0.653254	-8134.04
538	0.653254	-8139.55
539	0.653254	-8129.61
540	0.653254	-8126.8
541	0.653254	-8137.81
542	0.653254	-8131.17
543	0.653254	-8135.02
544	0.653254	-8138.26
545	0.653254	-8138.54
546	0.653254	-8144.21
547	0.653254	-8141.49
548	0.653254	-8151
549	0.653254	-8153.24
550	0.653254	-8141.1
551	0.653254	-8140.74
552	0.653254	-8139.08
553	0.653254	-8138.96
554	0.653254	-8140.42
555	0.653254	-8138.49
556	0.653254	-8139.53
557	0.653254	-8138.25
558	0.653254	-8152.31
559	0.653254	-8147.05
560	0.653254	-8145.72
561	0.653254	-8144.11
562	0.653254	-8135.98
563	0.653254	-8131.48
564	0.653254	-8132.52
565	0.653254	-8136.39
566	0.653254	-8139.17
567	0.653254	-8134.42
568	0.653254	-8138.49
569	0.653254	-8133.36
570	0.653254	-8138.75
571	0.653254	-8143.64
572	0.653254	-8137.4
573	0.653254	-8133.63
574	0.653254	-8131.14
575	0.653254	-8136.19
576	0.653254	-8138.49
577	0.653254	-8145.09
578	0.653254	-8146.91
579	0.653254	-8140.16
580	0.653254	-8145.73
581	0.653254	-8139.11
582	0.653254	-8134.72
583	0.653254	-8134.31
584	0.653254	-8137.92
585	0.653254	-8141.88
586	0.653254	-8139.25
587	0.653254	-8137.7
588	0.653254	-8142.32
589	0.653254	-8141.47
590	0.653254	-8149.79
591	0.653254	-8140.06
592	0.653254	-8142.41
593	0.653254	-8137.95
594	0.653254	-8144.03
595	0.653254	-8146.35
596	0.653254	-8146.89
597	0.653254	-8144.11
598	0.653254	-8140.36
599	0.653254	-8144.06
600	0.653254	-8142.49
601	0.653254	-8135.85
602	0.653254	-8138.31
603	0.653254	-8132.55
604	0.653254	-8131.87
605	0.653254	-8135.16
606	0.653254	-8135.05
607	0.653254	-8141.43
608	0.653254	-8146.34
609	0.653254	-8141.63
610	0.653254	-8140.94
611	0.653254	-8139.59
612	0.653254	-8137.97
613	0.653254	-8139.81
614	0.653254	-8146.99
615	0.653254	-8137.79
616	0.653254	-8137.53
617	0.653254	-8141.21
618	0.653254	-8136.11
619	0.653254	-8155.45
620	0.653254	-8149.34
621	0.653254	-8148.77
622	0.653254	-8139.66
623	0.653254	-8139.96
624	0.653254	-8130.47
625	0.653254	-8135.66
626	0.653254	-8131.5
627	0.653254	-8138.74
628	0.653254	-8135.6
629	0.653254	-8136.86
630	0.653254	-8140.03
631	0.653254	-8137.96
632	0.653254	-8135.95
633	0.653254	-8136.87
634	0.653254	-8138.24
635	0.653254	-8136.48
636	0.653254	-8135.36
637	0.653254	-8133.03
638	0.653254	-8139.39
639	0.653254	-8139.77
640	0.653254	-8137.91
641	0.653254	-8137.02
642	0.653254	-8139.93
643	0.653254	-8138.01
644	0.653254	-8139.34
645	0.653254	-8132.53
646	0.653254	-8133.47
647	0.653254	-8131.93
648	0.653254	-8134.34
649	0.653254	-8135.19
650	0.653254	-8131.44
651	0.653254	-8145.84
652	0.653254	-8141.11
653	0.653254	-8139.66
654	0.653254	-8153.62
655	0.653254	-8153.32
656	0.653254	-8153.12
657	0.653254	-8152.11
658	0.653254	-8150.64
659	0.653254	-8146.51
660	0.653254	-8140.14
661	0.653254	-8139.41
662	0.653254	-8137.64
663	0.653254	-8154.67
664	0.653254	-8153.49
665	0.653254	-8137.87
666	0.653254	-8137.33
667	0.653254	-8138.29
668	0.653254	-8134.95
669	0.653254	-8131.43
670	0.653254	-8137.7
671	0.653254	-8133.45
672	0.653254	-8141.65
673	0.653254	-8146.99
674	0.653254	-8148.37
675	0.653254	-8149.75
676	0.653254	-8147.05
677	0.653254	-8141.69
678	0.653254	-8140.74
679	0.653254	-8136.11
680	0.653254	-8139.54
681	0.653254	-8134.38
682	0.653254	-8148.07
683	0.653254	-8145.79
684	0.653254	-8132.27
685	0.653254	-8134.2
686	0.653254	-8141.33
687	0.653254	-8140.45
688	0.653254	-8134.18
689	0.653254	-8140.78
690	0.653254	-8142.43
691	0.653254	-8134.75
692	0.653254	-8140.83
693	0.653254	-8133.44
694	0.653254	-8134.52
695	0.653254	-8134.68
696	0.653254	-8143.14
697	0.653254	-8138.44
698	0.653254	-8152.31
699	0.653254	-8141.76
700	0.653254	-8144.84
701	0.653254	-8151.43
702	0.653254	-8145.67
703	0.653254	-8145.13
704	0.653254	-8146.05
705	0.653254	-8139.84
706	0.653254	-8139.87
707	0.653254	-8134.43
708	0.653254	-8131.72
709	0.653254	-8132.09
710	0.653254	-8146.81
711	0.653254	-8145.66
712	0.653254	-8152.27
713	0.653254	-8146.74
714	0.653254	-8150.5
715	0.653254	-8158.62
716	0.653254	-8141.94
717	0.653254	-8146.18
718	0.653254	-8144.63
719	0.653254	-8140.79
720	0.653254	-8139.49
721	0.653254	-8143.05
722	0.653254	-8140.74
723	0.653254	-8145.39
724	0.653254	-8140.75
725	0.653254	-8136.92
726	0.653254	-8131.59
727	0.653254	-8131.35
728	0.653254	-8141.6
729	0.653254	-8134.66
730	0.653254	-8141.87
731	0.653254	-8137.63
732	0.653254	-8136.8
733	0.653254	-8145.97
734	0.653254	-8145.51
735	0.653254	-8149.55
736	0.653254	-8149.34
737	0.653254	-8148.6
738	0.653254	-8144.1
739	0.653254	-8144.43
740	0.653254	-8147.57
741	0.653254	-8135.24
742	0.653254	-8132.19
743	0.653254	-8129.64
744	0.653254	-8131.37
745	0.653254	-8132.01
746	0.653254	-8134.02
747	0.653254	-8138.73
748	0.653254	-8136.8
749	0.653254	-8138.37
750	0.653254	-8140.21
751	0.653254	-8136.62
752	0.653254	-8145.54
753	0.653254	-8144.42
754	0.653254	-8145.24
755	0.653254	-8135.73
756	0.653254	-8136.82
757	0.653254	-8134.17
758	0.653254	-8137.94
759	0.653254	-8147.68
760	0.653254	-8137.63
761	0.653254	-8138.31
762	0.653254	-8140.39
763	0.653254	-8143.85
764	0.653254	-8151.33
765	0.653254	-8143.38
766	0.653254	-8137.9
767	0.653254	-8137.17
768	0.653254	-8136.42
769	0.653254	-8141.43
770	0.653254	-8151.08
771	0.653254	-8141.96
772	0.653254	-8152.96
773	0.653254	-8142.12
774	0.653254	-8142.08
775	0.653254	-8142.42
776	0.653254	-8135.72
777	0.653254	-8143.63
778	0.653254	-8147.51
779	0.653254	-8140.7
780	0.653254	-8144.48
781	0.653254	-8147.18
782	0.653254	-8145.4
783	0.653254	-8140.12
784	0.653254	-8137.96
785	0.653254	-8142.32
786	0.653254	-8137.16
787	0.653254	-8135.64
788	0.653254	-8135.86
789	0.653254	-8142.94
790	0.653254	-8144.6
791	0.653254	-8142.82
792	0.653254	-8133.26
793	0.653254	-8133.54
794	0.653254	-8136.19
795	0.653254	-8144.75
796	0.653254	-8141.22
797	0.653254	-8146
798	0.653254	-8151.47
799	0.653254	-8141.03
800	0.653254	-8147.49
801	0.653254	-8140.7
802	0.653254	-8150.13
803	0.653254	-8148.34
804	0.653254	-8133.93
805	0.653254	-8142.95
806	0.653254	-8141.89
807	0.653254	-8146.86
808	0.653254	-8140.08
809	0.653254	-8141.71
810	0.653254	-8147.1
811	0.653254	-8146.97
812	0.653254	-8132.49
813	0.653254	-8132.2
814	0.653254	-8140.82
815	0.653254	-8140.26
816	0.653254	-8149.78
817	0.653254	-8140.33
818	0.653254	-8133.92
819	0.653254	-8135.82
820	0.653254	-8137.54
821	0.653254	-8137.53
822	0.653254	-8138.91
823	0.653254	-8134.24
824	0.653254	-8132.6
825	0.653254	-8133.36
826	0.653254	-8130.1
827	0.653254	-8138.72
828	0.653254	-8138.26
829	0.653254	-8145.69
830	0.653254	-8143.81
831	0.653254	-8152.29
832	0.653254	-8143.74
833	0.653254	-8142.97
834	0.653254	-8135.45
835	0.653254	-8138.24
836	0.653254	-8136.11
837	0.653254	-8140.13
838	0.653254	-8145.14
839	0.653254	-8138.7
840	0.653254	-8141.79
841	0.653254	-8141.59
842	0.653254	-8146.04
843	0.653254	-8145.15
844	0.653254	-8134.06
845	0.653254	-8138.02
846	0.653254	-8144.56
847	0.653254	-8145.96
848	0.653254	-8138.74
849	0.653254	-8139.01
850	0.653254	-8142.12
851	0.653254	-8134.42
852	0.653254	-8140.08
853	0.653254	-8137.82
854	0.653254	-8138.7
855	0.653254	-8136.38
856	0.653254	-8132.72
857	0.653254	-8131.89
858	0.653254	-8131.09
859	0.653254	-8130.16
860	0.653254	-8130.77
861	0.653254	-8149.06
862	0.653254	-8131.21
863	0.653254	-8141.03
864	0.653254	-8139.23
865	0.653254	-8136.66
866	0.653254	-8140.85
867	0.653254	-8149.95
868	0.653254	-8153.59
869	0.653254	-8152
870	0.653254	-8148.27
871	0.653254	-8148.29
872	0.653254	-8150.14
873	0.653254	-8143.76
874	0.653254	-8146.48
875	0.653254	-8146.81
876	0.653254	-8141.31
877	0.653254	-8142.63
878	0.653254	-8146.88
879	0.653254	-8148.91
880	0.653254	-8144.63
881	0.653254	-8153.46
882	0.653254	-8149.16
883	0.653254	-8145.84
884	0.653254	-8143.45
885	0.653254	-8150.81
886	0.653254	-8139.79
887	0.653254	-8134.34
888	0.653254	-8138.57
889	0.653254	-8141.84
890	0.653254	-8139.24
891	0.653254	-8140.03
892	0.653254	-8139.71
893	0.653254	-8147.01
894	0.653254	-8142.16
895	0.653254	-8146.6
896	0.653254	-8140.77
897	0.653254	-8140.69
898	0.653254	-8135.81
899	0.653254	-8142.39
900	0.653254	-8141.57
901	0.653254	-8141.27
902	0.653254	-8138.71
903	0.653254	-8138.87
904	0.653254	-8132.28
905	0.653254	-8130.83
906	0.653254	-8139.58
907	0.653254	-8146.53
908	0.653254	-8143.28
909	0.653254	-8134.35
910	0.653254	-8136.36
911	0.653254	-8140.6
912	0.653254	-8137.83
913	0.653254	-8144.72
914	0.653254	-8147.72
915	0.653254	-8141.45
916	0.653254	-8138.58
917	0.653254	-8140.94
918	0.653254	-8139.95
919	0.653254	-8150.01
920	0.653254	-8145.5
921	0.653254	-8147.77
922	0.653254	-8144.8
923	0.653254	-8142.45
924	0.653254	-8145.01
925	0.653254	-8144.44
926	0.653254	-8141.33
927	0.653254	-8144.78
928	0.653254	-8131.52
929	0.653254	-8140.19
930	0.653254	-8137.17
931	0.653254	-8142.88
932	0.653254	-8140.15
933	0.653254	-8135.06
934	0.653254	-8130.74
935	0.653254	-8138.42
936	0.653254	-8133.3
937	0.653254	-8129.23
938	0.653254	-8140.27
939	0.653254	-8138.94
940	0.653254	-8139.09
941	0.653254	-8138.31
942	0.653254	-8136.51
943	0.653254	-8139.09
944	0.653254	-8155.81
945	0.653254	-8141.71
946	0.653254	-8143.42
947	0.653254	-8141.9
948	0.653254	-8140.25
949	0.653254	-8146.92
950	0.653254	-8149.88
951	0.653254	-8144.7
952	0.653254	-8149.02
953	0.653254	-8147.83
954	0.653254	-8141.58
955	0.653254	-8139.03
956	0.653254	-8134.6
957	0.653254	-8139.71
958	0.653254	-8137.38
959	0.653254	-8137.04
960	0.653254	-8134.55
961	0.653254	-8135.12
962	0.653254	-8138.3
963	0.653254	-8139.37
964	0.653254	-8142.49
965	0.653254	-8140.21
966	0.653254	-8141.66
967	0.653254	-8138.74
968	0.653254	-8142.04
969	0.653254	-8136.25
970	0.653254	-8138.15
971	0.653254	-8135.49
972	0.653254	-8133.72
973	0.653254	-8132.19
974	0.653254	-8142.38
975	0.653254	-8142.29
976	0.653254	-8141.08
977	0.653254	-8142.55
978	0.653254	-8136.06
979	0.653254	-8133.78
980	0.653254	-8139.41
981	0.653254	-8133.74
982	0.653254	-8137.78
983	0.653254	-8132.96
984	0.653254	-8132.42
985	0.653254	-8131.59
986	0.653254	-8132.11
987	0.653254	-8135.79
988	0.653254	-8142.1
989	0.653254	-8140.1
990	0.653254	-8136.05
991	0.653254	-8140.69
992	0.653254	-8140.35
993	0.653254	-8136.75
994	0.653254	-8132.27
995	0.653254	-8135.33
996	0.653254	-8137.82
997	0.653254	-8137.31
998	0.653254	-8132.29
999	0.653254	-8141.97
1000	0.653254	-8135.57
