state	power	likelihood
251	0.90204	-8008.45
252	0.90204	-8013.72
253	0.90204	-8005.12
254	0.90204	-8011.42
255	0.90204	-8007.72
256	0.90204	-8009.86
257	0.90204	-8003.05
258	0.90204	-7998.76
259	0.90204	-8000.27
260	0.90204	-8006.44
261	0.90204	-8005.45
262	0.90204	-8008.08
263	0.90204	-7999.48
264	0.90204	-8003.84
265	0.90204	-8005.38
266	0.90204	-8011.95
267	0.90204	-8004.78
268	0.90204	-8005.85
269	0.90204	-8004.84
270	0.90204	-8005.86
271	0.90204	-8011.37
272	0.90204	-8013.63
273	0.90204	-8017.02
274	0.90204	-8010.32
275	0.90204	-8013
276	0.90204	-8003.27
277	0.90204	-8001.47
278	0.90204	-8002.6
279	0.90204	-7996.46
280	0.90204	-8001.72
281	0.90204	-8002.23
282	0.90204	-8003.61
283	0.90204	-8010.99
284	0.90204	-8003.23
285	0.90204	-8003.63
286	0.90204	-8001.33
287	0.90204	-8002.02
288	0.90204	-8004.53
289	0.90204	-8013.07
290	0.90204	-8016.08
291	0.90204	-8012.37
292	0.90204	-8007.19
293	0.90204	-8017.3
294	0.90204	-8012.85
295	0.90204	-8008.46
296	0.90204	-8010.88
297	0.90204	-8007.43
298	0.90204	-8006.74
299	0.90204	-8005.25
300	0.90204	-8002.98
301	0.90204	-8007.05
302	0.90204	-8005.45
303	0.90204	-8003.86
304	0.90204	-8009.49
305	0.90204	-8009.32
306	0.90204	-8016.03
307	0.90204	-8010.58
308	0.90204	-8015.17
309	0.90204	-8015.71
310	0.90204	-8011.41
311	0.90204	-8004.99
312	0.90204	-8005.54
313	0.90204	-8003.17
314	0.90204	-7999.1
315	0.90204	-8003.94
316	0.90204	-8000.34
317	0.90204	-8002.23
318	0.90204	-8005.49
319	0.90204	-8009.06
320	0.90204	-8015.78
321	0.90204	-8018.52
322	0.90204	-8003.23
323	0.90204	-8001.24
324	0.90204	-8001.97
325	0.90204	-8009.86
326	0.90204	-8007.39
327	0.90204	-8008.63
328	0.90204	-8015.61
329	0.90204	-8010.35
330	0.90204	-8018.85
331	0.90204	-8012.9
332	0.90204	-8009.16
333	0.90204	-8008.67
334	0.90204	-8010.65
335	0.90204	-7999.63
336	0.90204	-7999.19
337	0.90204	-8002.36
338	0.90204	-7999.67
339	0.90204	-8003.68
340	0.90204	-8004.96
341	0.90204	-8013.99
342	0.90204	-8014.25
343	0.90204	-8013.05
344	0.90204	-8014.07
345	0.90204	-8010.15
346	0.90204	-8009.44
347	0.90204	-8008.72
348	0.90204	-8009.99
349	0.90204	-8012.61
350	0.90204	-8014.45
351	0.90204	-8007.16
352	0.90204	-8007.85
353	0.90204	-8008.15
354	0.90204	-8005.53
355	0.90204	-8005.87
356	0.90204	-8009.42
357	0.90204	-8011.66
358	0.90204	-8011.24
359	0.90204	-8011.15
360	0.90204	-8009.94
361	0.90204	-8011.22
362	0.90204	-8012.71
363	0.90204	-8009.98
364	0.90204	-8013.9
365	0.90204	-8001.77
366	0.90204	-8009.75
367	0.90204	-8005.36
368	0.90204	-8003.86
369	0.90204	-8001.19
370	0.90204	-7997.74
371	0.90204	-8002.79
372	0.90204	-8007.35
373	0.90204	-8005.28
374	0.90204	-8008.14
375	0.90204	-8005.28
376	0.90204	-8007.35
377	0.90204	-8011.36
378	0.90204	-8013.48
379	0.90204	-8011.08
380	0.90204	-8007.87
381	0.90204	-8008.97
382	0.90204	-8014.72
383	0.90204	-8013.63
384	0.90204	-8007.11
385	0.90204	-8011.23
386	0.90204	-8009.3
387	0.90204	-8010
388	0.90204	-8010.17
389	0.90204	-8010.84
390	0.90204	-8008.27
391	0.90204	-8008.73
392	0.90204	-8007.37
393	0.90204	-8010.24
394	0.90204	-8006.8
395	0.90204	-8010.53
396	0.90204	-8005.15
397	0.90204	-8008.22
398	0.90204	-8006.21
399	0.90204	-8011.76
400	0.90204	-8017.7
401	0.90204	-8009.11
402	0.90204	-8002.48
403	0.90204	-7999.4
404	0.90204	-8004.58
405	0.90204	-8010.67
406	0.90204	-7996.21
407	0.90204	-8005.36
408	0.90204	-8002
409	0.90204	-7998.85
410	0.90204	-8007.31
411	0.90204	-8003.75
412	0.90204	-8004.74
413	0.90204	-8004.77
414	0.90204	-8002.81
415	0.90204	-8005.79
416	0.90204	-8007.15
417	0.90204	-8005.19
418	0.90204	-8005.13
419	0.90204	-8005.15
420	0.90204	-8007.14
421	0.90204	-8005.3
422	0.90204	-7999.14
423	0.90204	-8002.44
424	0.90204	-8004.28
425	0.90204	-8003.83
426	0.90204	-8006.25
427	0.90204	-8004.82
428	0.90204	-8008.57
429	0.90204	-8010.54
430	0.90204	-8010.18
431	0.90204	-8010.61
432	0.90204	-8009.61
433	0.90204	-8006.98
434	0.90204	-8006.82
435	0.90204	-8000.61
436	0.90204	-8001.25
437	0.90204	-8003.91
438	0.90204	-8007.19
439	0.90204	-8009.42
440	0.90204	-8006.1
441	0.90204	-8011.36
442	0.90204	-8011.45
443	0.90204	-8011.86
444	0.90204	-8010.82
445	0.90204	-8008.57
446	0.90204	-8001.68
447	0.90204	-8000.26
448	0.90204	-8002.12
449	0.90204	-8000.37
450	0.90204	-8005.54
451	0.90204	-8011.91
452	0.90204	-8007.69
453	0.90204	-8009.79
454	0.90204	-8005.41
455	0.90204	-8006.72
456	0.90204	-8004.23
457	0.90204	-8003.86
458	0.90204	-8001.45
459	0.90204	-8003.2
460	0.90204	-8003.62
461	0.90204	-8006.95
462	0.90204	-8010.56
463	0.90204	-8007.28
464	0.90204	-8005.38
465	0.90204	-8009.02
466	0.90204	-8010.07
467	0.90204	-8004.34
468	0.90204	-8002.81
469	0.90204	-7998.45
470	0.90204	-8004.67
471	0.90204	-8004.85
472	0.90204	-8008.53
473	0.90204	-8003.31
474	0.90204	-8004.3
475	0.90204	-8010.46
476	0.90204	-8013.11
477	0.90204	-8013.08
478	0.90204	-8008.24
479	0.90204	-8011.14
480	0.90204	-8006.09
481	0.90204	-8007.78
482	0.90204	-8005.39
483	0.90204	-8006.05
484	0.90204	-8005.35
485	0.90204	-8005.61
486	0.90204	-8003.58
487	0.90204	-8001.73
488	0.90204	-8009.16
489	0.90204	-8012.18
490	0.90204	-8011.25
491	0.90204	-8012.38
492	0.90204	-8010.39
493	0.90204	-8009.17
494	0.90204	-8006.74
495	0.90204	-8001.61
496	0.90204	-7999.5
497	0.90204	-7998.27
498	0.90204	-8005.58
499	0.90204	-8014.95
500	0.90204	-8015.98
501	0.90204	-8003.21
502	0.90204	-8002.51
503	0.90204	-8006.05
504	0.90204	-8003.91
505	0.90204	-8007.77
506	0.90204	-8005.91
507	0.90204	-8005.73
508	0.90204	-8006.67
509	0.90204	-8004.51
510	0.90204	-8005.36
511	0.90204	-8007.91
512	0.90204	-7998.44
513	0.90204	-7997.2
514	0.90204	-8001.14
515	0.90204	-8012.7
516	0.90204	-8015.31
517	0.90204	-8011.09
518	0.90204	-8004.41
519	0.90204	-8005.27
520	0.90204	-8005.06
521	0.90204	-8007.28
522	0.90204	-8005.25
523	0.90204	-8011.02
524	0.90204	-8001.04
525	0.90204	-8014.95
526	0.90204	-8015.69
527	0.90204	-8012.64
528	0.90204	-8002.34
529	0.90204	-8005.99
530	0.90204	-8014.49
531	0.90204	-8011.42
532	0.90204	-8004.64
533	0.90204	-8018.5
534	0.90204	-8008.21
535	0.90204	-8014.98
536	0.90204	-8005.66
537	0.90204	-8009.2
538	0.90204	-8010.38
539	0.90204	-8009.39
540	0.90204	-8003.55
541	0.90204	-8003.42
542	0.90204	-8012.65
543	0.90204	-8010.33
544	0.90204	-8012.17
545	0.90204	-8009.33
546	0.90204	-8010.66
547	0.90204	-8015.74
548	0.90204	-8013.57
549	0.90204	-8012.81
550	0.90204	-8013.21
551	0.90204	-8016.51
552	0.90204	-8013.54
553	0.90204	-8010.74
554	0.90204	-8009.04
555	0.90204	-8007.82
556	0.90204	-8002.58
557	0.90204	-8005.45
558	0.90204	-7995.93
559	0.90204	-7998.54
560	0.90204	-8000.85
561	0.90204	-8003.17
562	0.90204	-8008
563	0.90204	-8008.82
564	0.90204	-8002.88
565	0.90204	-8009.91
566	0.90204	-8006.07
567	0.90204	-8005.31
568	0.90204	-8004.65
569	0.90204	-8010.36
570	0.90204	-8012.02
571	0.90204	-8010.28
572	0.90204	-7998.43
573	0.90204	-8007.25
574	0.90204	-8001.9
575	0.90204	-8003.56
576	0.90204	-8002.72
577	0.90204	-8003.33
578	0.90204	-8001.89
579	0.90204	-8003.73
580	0.90204	-8003.71
581	0.90204	-8001.84
582	0.90204	-8004.54
583	0.90204	-8001.9
584	0.90204	-8006.77
585	0.90204	-8003.95
586	0.90204	-8002.04
587	0.90204	-8005.41
588	0.90204	-8006.82
589	0.90204	-8001.23
590	0.90204	-8000.13
591	0.90204	-8007.94
592	0.90204	-8005.72
593	0.90204	-8007.47
594	0.90204	-8007.68
595	0.90204	-8011.88
596	0.90204	-8004.7
597	0.90204	-8006.61
598	0.90204	-8018.47
599	0.90204	-8013.61
600	0.90204	-8015.39
601	0.90204	-8010.05
602	0.90204	-8012.45
603	0.90204	-8006.91
604	0.90204	-8006.64
605	0.90204	-8002.25
606	0.90204	-8007.89
607	0.90204	-8003.37
608	0.90204	-8004.21
609	0.90204	-8001.02
610	0.90204	-8004.42
611	0.90204	-8004.13
612	0.90204	-8004.27
613	0.90204	-8001.68
614	0.90204	-8004.8
615	0.90204	-8003.48
616	0.90204	-8007.99
617	0.90204	-8007.58
618	0.90204	-8009.32
619	0.90204	-8006.39
620	0.90204	-8011.19
621	0.90204	-8005.99
622	0.90204	-8008.69
623	0.90204	-8009.5
624	0.90204	-8006.52
625	0.90204	-8000.66
626	0.90204	-8008.76
627	0.90204	-8005.94
628	0.90204	-8005.84
629	0.90204	-8007.26
630	0.90204	-8001.35
631	0.90204	-7995.42
632	0.90204	-7998.4
633	0.90204	-7998.61
634	0.90204	-8001.04
635	0.90204	-8003.54
636	0.90204	-8003.69
637	0.90204	-8002.48
638	0.90204	-8004.29
639	0.90204	-8004.67
640	0.90204	-8007.82
641	0.90204	-8017.59
642	0.90204	-8008.5
643	0.90204	-8011.2
644	0.90204	-8007.84
645	0.90204	-8005.61
646	0.90204	-8001.25
647	0.90204	-8002.32
648	0.90204	-8001.99
649	0.90204	-8008.92
650	0.90204	-8009.95
651	0.90204	-8017.09
652	0.90204	-8016.57
653	0.90204	-8005.72
654	0.90204	-8006.06
655	0.90204	-8009.29
656	0.90204	-8011.15
657	0.90204	-8011.59
658	0.90204	-8011.37
659	0.90204	-8006.95
660	0.90204	-8009.91
661	0.90204	-8009.01
662	0.90204	-8020.06
663	0.90204	-8006.83
664	0.90204	-8010.7
665	0.90204	-8003.83
666	0.90204	-8000.61
667	0.90204	-8000.94
668	0.90204	-8006.05
669	0.90204	-8011.89
670	0.90204	-8011.97
671	0.90204	-8012.81
672	0.90204	-8010.23
673	0.90204	-8010.2
674	0.90204	-8008.95
675	0.90204	-8009.16
676	0.90204	-8006.02
677	0.90204	-8006.86
678	0.90204	-8010.41
679	0.90204	-8012.29
680	0.90204	-8009.86
681	0.90204	-8014.21
682	0.90204	-8011.22
683	0.90204	-8011.01
684	0.90204	-8005.58
685	0.90204	-8015.5
686	0.90204	-8018.08
687	0.90204	-8011.87
688	0.90204	-8009.65
689	0.90204	-8005.85
690	0.90204	-8003.97
691	0.90204	-8002.67
692	0.90204	-8008.57
693	0.90204	-8011.13
694	0.90204	-8005.21
695	0.90204	-8005.43
696	0.90204	-8002.63
697	0.90204	-8008.81
698	0.90204	-8009.36
699	0.90204	-8007.7
700	0.90204	-8002.33
701	0.90204	-8002.41
702	0.90204	-8005.11
703	0.90204	-8003.23
704	0.90204	-8007.33
705	0.90204	-8011.78
706	0.90204	-8001.53
707	0.90204	-7998.29
708	0.90204	-8002.23
709	0.90204	-8001.82
710	0.90204	-7999.75
711	0.90204	-8002.4
712	0.90204	-8006.04
713	0.90204	-8006.93
714	0.90204	-8004.92
715	0.90204	-8001.95
716	0.90204	-8003.79
717	0.90204	-8007.03
718	0.90204	-8007.54
719	0.90204	-8001.5
720	0.90204	-7997.92
721	0.90204	-8003.49
722	0.90204	-8003.29
723	0.90204	-8002.84
724	0.90204	-8002.86
725	0.90204	-7999.21
726	0.90204	-7998.48
727	0.90204	-8001.84
728	0.90204	-8002.94
729	0.90204	-8003.53
730	0.90204	-8008.23
731	0.90204	-8004.39
732	0.90204	-8006.47
733	0.90204	-8002.3
734	0.90204	-8002.72
735	0.90204	-8003.74
736	0.90204	-8001.98
737	0.90204	-7998.97
738	0.90204	-7996.68
739	0.90204	-7996.86
740	0.90204	-7996.29
741	0.90204	-8004.38
742	0.90204	-8003.9
743	0.90204	-8001.82
744	0.90204	-8000.31
745	0.90204	-8003.62
746	0.90204	-8004.04
747	0.90204	-7997.67
748	0.90204	-8000.85
749	0.90204	-8009.58
750	0.90204	-8010.21
751	0.90204	-8004.39
752	0.90204	-8007.11
753	0.90204	-8005.48
754	0.90204	-8007.23
755	0.90204	-8012.42
756	0.90204	-8006.41
757	0.90204	-8006.2
758	0.90204	-8003.79
759	0.90204	-7999.29
760	0.90204	-8001.76
761	0.90204	-8000.89
762	0.90204	-8000.88
763	0.90204	-8002.49
764	0.90204	-8004.39
765	0.90204	-8004.58
766	0.90204	-8006.29
767	0.90204	-8005.3
768	0.90204	-7993.01
769	0.90204	-7997.31
770	0.90204	-8003.82
771	0.90204	-8008.18
772	0.90204	-8001.56
773	0.90204	-8001.47
774	0.90204	-8004.57
775	0.90204	-8005.74
776	0.90204	-8005.55
777	0.90204	-8001.52
778	0.90204	-8001.78
779	0.90204	-8001.17
780	0.90204	-8004.73
781	0.90204	-8000.44
782	0.90204	-8002.99
783	0.90204	-7999.66
784	0.90204	-8003.93
785	0.90204	-8001.7
786	0.90204	-8002.7
787	0.90204	-8000.01
788	0.90204	-7997.7
789	0.90204	-8004.91
790	0.90204	-8000.79
791	0.90204	-7995.34
792	0.90204	-7998.19
793	0.90204	-8004.64
794	0.90204	-8001.01
795	0.90204	-8002.06
796	0.90204	-7996.7
797	0.90204	-7996.69
798	0.90204	-7999.52
799	0.90204	-8003.2
800	0.90204	-8015.19
801	0.90204	-8010.1
802	0.90204	-8011.59
803	0.90204	-8002.31
804	0.90204	-8007.69
805	0.90204	-8009.48
806	0.90204	-8007.62
807	0.90204	-8004.62
808	0.90204	-8003.55
809	0.90204	-7999.2
810	0.90204	-8005.15
811	0.90204	-8005.05
812	0.90204	-8003.89
813	0.90204	-8003.59
814	0.90204	-8000.99
815	0.90204	-8006.4
816	0.90204	-8004.9
817	0.90204	-8008.96
818	0.90204	-8005.1
819	0.90204	-8006.17
820	0.90204	-8004.77
821	0.90204	-8007.73
822	0.90204	-8009.26
823	0.90204	-8011.24
824	0.90204	-8009.02
825	0.90204	-8003.32
826	0.90204	-8000.34
827	0.90204	-8001.46
828	0.90204	-8002.88
829	0.90204	-7998.27
830	0.90204	-7999.67
831	0.90204	-8001.47
832	0.90204	-8004.42
833	0.90204	-8009.72
834	0.90204	-8007.33
835	0.90204	-8004.97
836	0.90204	-8011.23
837	0.90204	-8013.01
838	0.90204	-8011.37
839	0.90204	-8003.1
840	0.90204	-8003.4
841	0.90204	-7999.92
842	0.90204	-7998.68
843	0.90204	-8001.35
844	0.90204	-8006.17
845	0.90204	-8004.03
846	0.90204	-8005.8
847	0.90204	-8001.91
848	0.90204	-8001.13
849	0.90204	-7998.38
850	0.90204	-8000.68
851	0.90204	-8000.24
852	0.90204	-8003.14
853	0.90204	-8008.15
854	0.90204	-8000.43
855	0.90204	-8003.9
856	0.90204	-8005.03
857	0.90204	-8013.6
858	0.90204	-8008.01
859	0.90204	-8006.03
860	0.90204	-8004.48
861	0.90204	-8004.19
862	0.90204	-8006.87
863	0.90204	-8009.18
864	0.90204	-8008.23
865	0.90204	-8010.3
866	0.90204	-8011.5
867	0.90204	-8011.71
868	0.90204	-8008.12
869	0.90204	-8012.16
870	0.90204	-8014.74
871	0.90204	-8005.86
872	0.90204	-8001.12
873	0.90204	-8010.75
874	0.90204	-8013.26
875	0.90204	-8023.95
876	0.90204	-8014.41
877	0.90204	-8028.81
878	0.90204	-8015.79
879	0.90204	-8013.2
880	0.90204	-8011.58
881	0.90204	-8004.36
882	0.90204	-8006.76
883	0.90204	-8008.51
884	0.90204	-8003.29
885	0.90204	-8004.99
886	0.90204	-8000.97
887	0.90204	-8004.36
888	0.90204	-8007.85
889	0.90204	-8014.84
890	0.90204	-8004.26
891	0.90204	-8007.34
892	0.90204	-8003.83
893	0.90204	-8002.3
894	0.90204	-7999.52
895	0.90204	-8005.6
896	0.90204	-8007.48
897	0.90204	-8004.87
898	0.90204	-8000.61
899	0.90204	-8004.42
900	0.90204	-7999.81
901	0.90204	-8000.12
902	0.90204	-8006.69
903	0.90204	-8008.94
904	0.90204	-8006.01
905	0.90204	-8008.87
906	0.90204	-8007.67
907	0.90204	-8008.09
908	0.90204	-8001.82
909	0.90204	-8005.59
910	0.90204	-8004.39
911	0.90204	-8006.83
912	0.90204	-7998.76
913	0.90204	-7998.72
914	0.90204	-8001.66
915	0.90204	-8000.36
916	0.90204	-7997.62
917	0.90204	-7997.37
918	0.90204	-8000.52
919	0.90204	-8011.53
920	0.90204	-8013.49
921	0.90204	-8011.62
922	0.90204	-8010.28
923	0.90204	-8006.03
924	0.90204	-8000.3
925	0.90204	-8002.88
926	0.90204	-8002.98
927	0.90204	-8010.21
928	0.90204	-8012.11
929	0.90204	-8005.74
930	0.90204	-8006.43
931	0.90204	-8013
932	0.90204	-8005.6
933	0.90204	-8004.38
934	0.90204	-8005.46
935	0.90204	-8013.78
936	0.90204	-8007.83
937	0.90204	-8008.5
938	0.90204	-8009.88
939	0.90204	-8001.01
940	0.90204	-8001.81
941	0.90204	-8000.05
942	0.90204	-7998.25
943	0.90204	-7999.66
944	0.90204	-8004.09
945	0.90204	-7998.2
946	0.90204	-7999.48
947	0.90204	-7993.51
948	0.90204	-8000.2
949	0.90204	-8000.65
950	0.90204	-8001.05
951	0.90204	-7999.16
952	0.90204	-8000.06
953	0.90204	-8002.25
954	0.90204	-7996.18
955	0.90204	-7997.48
956	0.90204	-7998.02
957	0.90204	-8001.3
958	0.90204	-8000.33
959	0.90204	-8005.76
960	0.90204	-8008.83
961	0.90204	-8005.87
962	0.90204	-8007.1
963	0.90204	-8012.33
964	0.90204	-8010.42
965	0.90204	-8002.14
966	0.90204	-7999.69
967	0.90204	-7998.99
968	0.90204	-8001.79
969	0.90204	-8001.55
970	0.90204	-8002.77
971	0.90204	-8001.85
972	0.90204	-8006.52
973	0.90204	-8005.7
974	0.90204	-8004.13
975	0.90204	-8001.97
976	0.90204	-8007.2
977	0.90204	-8007.04
978	0.90204	-8006.59
979	0.90204	-8009.73
980	0.90204	-8014.19
981	0.90204	-8008.65
982	0.90204	-8012.26
983	0.90204	-8015.57
984	0.90204	-8013.55
985	0.90204	-8021.34
986	0.90204	-8020.78
987	0.90204	-8012.2
988	0.90204	-8010.78
989	0.90204	-8013.23
990	0.90204	-8013.61
991	0.90204	-8009.71
992	0.90204	-8005.37
993	0.90204	-8006.79
994	0.90204	-8007.01
995	0.90204	-8008.68
996	0.90204	-8015.77
997	0.90204	-8007.68
998	0.90204	-8009.67
999	0.90204	-8019.91
1000	0.90204	-8016.08
