state	power	likelihood
251	0.0113284	-8838.43
252	0.0113284	-9052.56
253	0.0113284	-9450
254	0.0113284	-9113.31
255	0.0113284	-9345.73
256	0.0113284	-9402.9
257	0.0113284	-9701.4
258	0.0113284	-9124.62
259	0.0113284	-8726.75
260	0.0113284	-8989.77
261	0.0113284	-8736.74
262	0.0113284	-9048.17
263	0.0113284	-9233.56
264	0.0113284	-9229.15
265	0.0113284	-8764.52
266	0.0113284	-9303.05
267	0.0113284	-8880.95
268	0.0113284	-9531.99
269	0.0113284	-9682.22
270	0.0113284	-9090.61
271	0.0113284	-8930.71
272	0.0113284	-8714.42
273	0.0113284	-8807.4
274	0.0113284	-8946.83
275	0.0113284	-9198.5
276	0.0113284	-8997.86
277	0.0113284	-9230.14
278	0.0113284	-8892.72
279	0.0113284	-9012.49
280	0.0113284	-9136.36
281	0.0113284	-8981.65
282	0.0113284	-8929.71
283	0.0113284	-9336.4
284	0.0113284	-9013.62
285	0.0113284	-9135.84
286	0.0113284	-9143.32
287	0.0113284	-9108.92
288	0.0113284	-9006.26
289	0.0113284	-9037.09
290	0.0113284	-9369.17
291	0.0113284	-9775.75
292	0.0113284	-9268.5
293	0.0113284	-8995.3
294	0.0113284	-8767.2
295	0.0113284	-9614.62
296	0.0113284	-9175.87
297	0.0113284	-10004
298	0.0113284	-9854.53
299	0.0113284	-9320.77
300	0.0113284	-9077.31
301	0.0113284	-9159.01
302	0.0113284	-8912.85
303	0.0113284	-8960.77
304	0.0113284	-8886.09
305	0.0113284	-9354.23
306	0.0113284	-9008.6
307	0.0113284	-8816.4
308	0.0113284	-8708.41
309	0.0113284	-8642.04
310	0.0113284	-8938.3
311	0.0113284	-8955.6
312	0.0113284	-8856
313	0.0113284	-9289.82
314	0.0113284	-8837.88
315	0.0113284	-9090.53
316	0.0113284	-9653.57
317	0.0113284	-9360.84
318	0.0113284	-9584.75
319	0.0113284	-9221.09
320	0.0113284	-9142.1
321	0.0113284	-9115.32
322	0.0113284	-8813.97
323	0.0113284	-9055.42
324	0.0113284	-8871.87
325	0.0113284	-8930.24
326	0.0113284	-8749.87
327	0.0113284	-8862.21
328	0.0113284	-8862.01
329	0.0113284	-9243.51
330	0.0113284	-8935.83
331	0.0113284	-9017.99
332	0.0113284	-9336.75
333	0.0113284	-9074.37
334	0.0113284	-8928.86
335	0.0113284	-8985.07
336	0.0113284	-8885.87
337	0.0113284	-8800.84
338	0.0113284	-8651.91
339	0.0113284	-8749.51
340	0.0113284	-8891.64
341	0.0113284	-8826.06
342	0.0113284	-8452.25
343	0.0113284	-8570.66
344	0.0113284	-8695.87
345	0.0113284	-8738.4
346	0.0113284	-8900.18
347	0.0113284	-8999.39
348	0.0113284	-8804.32
349	0.0113284	-9267.98
350	0.0113284	-9126.31
351	0.0113284	-9323.66
352	0.0113284	-9044.72
353	0.0113284	-9680.85
354	0.0113284	-9023.15
355	0.0113284	-9036.31
356	0.0113284	-9277.01
357	0.0113284	-8782.32
358	0.0113284	-8957.26
359	0.0113284	-8685.77
360	0.0113284	-8712.67
361	0.0113284	-9135.79
362	0.0113284	-9332.3
363	0.0113284	-9183.44
364	0.0113284	-9217.56
365	0.0113284	-9131.5
366	0.0113284	-9464.93
367	0.0113284	-8638.59
368	0.0113284	-8892
369	0.0113284	-9158.6
370	0.0113284	-9254.24
371	0.0113284	-8911.19
372	0.0113284	-8937.95
373	0.0113284	-9187.56
374	0.0113284	-9203.75
375	0.0113284	-8696.6
376	0.0113284	-8823.46
377	0.0113284	-8746.5
378	0.0113284	-8674.11
379	0.0113284	-8755.71
380	0.0113284	-9131.39
381	0.0113284	-8770.35
382	0.0113284	-8902.87
383	0.0113284	-9745.9
384	0.0113284	-8847.41
385	0.0113284	-9231.47
386	0.0113284	-9553.36
387	0.0113284	-8897.05
388	0.0113284	-9995.12
389	0.0113284	-9545.02
390	0.0113284	-9357.9
391	0.0113284	-9222.66
392	0.0113284	-8959.37
393	0.0113284	-9453.62
394	0.0113284	-9639.08
395	0.0113284	-9411.44
396	0.0113284	-9755.71
397	0.0113284	-9296
398	0.0113284	-8952.4
399	0.0113284	-8633.66
400	0.0113284	-9154.3
401	0.0113284	-8961.61
402	0.0113284	-8989.69
403	0.0113284	-9072.65
404	0.0113284	-9014.54
405	0.0113284	-8814.22
406	0.0113284	-8893.25
407	0.0113284	-8679.69
408	0.0113284	-8462.39
409	0.0113284	-9025.36
410	0.0113284	-8742.52
411	0.0113284	-8910.23
412	0.0113284	-9176.65
413	0.0113284	-9216.35
414	0.0113284	-9172.01
415	0.0113284	-9510.38
416	0.0113284	-9415.43
417	0.0113284	-8861.59
418	0.0113284	-8946.99
419	0.0113284	-8925.12
420	0.0113284	-9248.83
421	0.0113284	-9360.86
422	0.0113284	-9180.49
423	0.0113284	-8605.03
424	0.0113284	-8564.13
425	0.0113284	-8740.25
426	0.0113284	-9107.25
427	0.0113284	-8712.49
428	0.0113284	-8574.23
429	0.0113284	-8791.81
430	0.0113284	-9064.31
431	0.0113284	-9049.97
432	0.0113284	-9488.08
433	0.0113284	-9084.19
434	0.0113284	-9067.09
435	0.0113284	-9402.25
436	0.0113284	-9357.89
437	0.0113284	-9063.24
438	0.0113284	-9079.57
439	0.0113284	-8990.55
440	0.0113284	-9625.44
441	0.0113284	-9161.8
442	0.0113284	-9099.84
443	0.0113284	-8725.12
444	0.0113284	-8874.88
445	0.0113284	-9166.69
446	0.0113284	-8957.85
447	0.0113284	-8970.68
448	0.0113284	-9360.58
449	0.0113284	-9384.12
450	0.0113284	-8865.06
451	0.0113284	-9118.21
452	0.0113284	-8735.9
453	0.0113284	-9060.87
454	0.0113284	-9254.9
455	0.0113284	-8873.9
456	0.0113284	-8937.63
457	0.0113284	-8764.24
458	0.0113284	-8668.07
459	0.0113284	-8955.78
460	0.0113284	-8938.93
461	0.0113284	-9570.17
462	0.0113284	-9661.92
463	0.0113284	-9404.22
464	0.0113284	-9441.33
465	0.0113284	-9079.48
466	0.0113284	-9015.66
467	0.0113284	-8603.4
468	0.0113284	-8852.55
469	0.0113284	-8584.4
470	0.0113284	-8760.41
471	0.0113284	-8727.58
472	0.0113284	-9882.26
473	0.0113284	-9752.24
474	0.0113284	-9044.96
475	0.0113284	-8959.24
476	0.0113284	-8817.66
477	0.0113284	-8955.91
478	0.0113284	-8984.1
479	0.0113284	-9438.38
480	0.0113284	-9992.49
481	0.0113284	-9234.67
482	0.0113284	-9608.88
483	0.0113284	-9626.83
484	0.0113284	-9257.29
485	0.0113284	-9259.91
486	0.0113284	-9196.43
487	0.0113284	-9012.57
488	0.0113284	-9059.54
489	0.0113284	-8720.39
490	0.0113284	-8560.34
491	0.0113284	-8620.04
492	0.0113284	-8713.89
493	0.0113284	-9165.12
494	0.0113284	-9096.55
495	0.0113284	-8967.6
496	0.0113284	-8909.04
497	0.0113284	-8953.08
498	0.0113284	-9039.25
499	0.0113284	-8690.21
500	0.0113284	-9060.03
501	0.0113284	-9209.98
502	0.0113284	-9239.99
503	0.0113284	-9183.99
504	0.0113284	-8827.32
505	0.0113284	-9088.21
506	0.0113284	-9290.75
507	0.0113284	-9359.93
508	0.0113284	-9042.17
509	0.0113284	-9371.2
510	0.0113284	-9244.33
511	0.0113284	-8887.87
512	0.0113284	-8860.15
513	0.0113284	-9118.85
514	0.0113284	-9568.27
515	0.0113284	-9079.86
516	0.0113284	-9066.02
517	0.0113284	-9115.73
518	0.0113284	-8797.3
519	0.0113284	-8882.54
520	0.0113284	-8860.7
521	0.0113284	-9163.76
522	0.0113284	-9521.64
523	0.0113284	-9168.04
524	0.0113284	-9151.96
525	0.0113284	-9427.08
526	0.0113284	-9143.54
527	0.0113284	-9005.64
528	0.0113284	-8835.58
529	0.0113284	-8705.94
530	0.0113284	-9124.19
531	0.0113284	-8993.68
532	0.0113284	-8975.09
533	0.0113284	-8907.54
534	0.0113284	-9159.21
535	0.0113284	-9071.85
536	0.0113284	-9027.91
537	0.0113284	-8888.45
538	0.0113284	-8941.18
539	0.0113284	-8992.38
540	0.0113284	-8783.51
541	0.0113284	-9153.76
542	0.0113284	-8829.19
543	0.0113284	-9202
544	0.0113284	-9033.97
545	0.0113284	-8902.96
546	0.0113284	-8743.5
547	0.0113284	-9088.04
548	0.0113284	-9146.9
549	0.0113284	-8970.33
550	0.0113284	-8781.01
551	0.0113284	-8835.75
552	0.0113284	-8777.18
553	0.0113284	-9107.08
554	0.0113284	-9171.9
555	0.0113284	-9282.43
556	0.0113284	-9366.61
557	0.0113284	-9426.22
558	0.0113284	-9023.8
559	0.0113284	-9294.04
560	0.0113284	-8893.39
561	0.0113284	-8955.58
562	0.0113284	-9335.61
563	0.0113284	-9172.81
564	0.0113284	-8898.05
565	0.0113284	-8736.03
566	0.0113284	-9012.36
567	0.0113284	-8689.89
568	0.0113284	-8995.69
569	0.0113284	-9599.82
570	0.0113284	-9205.59
571	0.0113284	-8995.73
572	0.0113284	-8819.47
573	0.0113284	-8925.59
574	0.0113284	-8978.42
575	0.0113284	-8817.4
576	0.0113284	-8751.06
577	0.0113284	-8696.77
578	0.0113284	-8826.63
579	0.0113284	-9251.4
580	0.0113284	-8742.94
581	0.0113284	-9135.22
582	0.0113284	-8764.46
583	0.0113284	-9075.75
584	0.0113284	-8992.74
585	0.0113284	-8855.35
586	0.0113284	-9017.96
587	0.0113284	-9025.76
588	0.0113284	-8617.74
589	0.0113284	-8821.81
590	0.0113284	-9050.24
591	0.0113284	-8594.4
592	0.0113284	-9017.21
593	0.0113284	-8868.75
594	0.0113284	-9083.31
595	0.0113284	-8821.25
596	0.0113284	-8720.05
597	0.0113284	-9045.87
598	0.0113284	-8705.23
599	0.0113284	-8899.65
600	0.0113284	-9533.97
601	0.0113284	-9111.76
602	0.0113284	-9046.17
603	0.0113284	-8930.94
604	0.0113284	-9158.61
605	0.0113284	-9059.76
606	0.0113284	-8751.58
607	0.0113284	-8618.62
608	0.0113284	-8712.71
609	0.0113284	-9077.87
610	0.0113284	-9379.82
611	0.0113284	-9530.49
612	0.0113284	-9075.37
613	0.0113284	-8982.28
614	0.0113284	-8628.43
615	0.0113284	-9332.26
616	0.0113284	-9546.25
617	0.0113284	-8797.98
618	0.0113284	-8730.67
619	0.0113284	-8931.73
620	0.0113284	-9178.82
621	0.0113284	-8941.63
622	0.0113284	-9305.26
623	0.0113284	-9425
624	0.0113284	-9049.74
625	0.0113284	-9163.65
626	0.0113284	-9424.97
627	0.0113284	-9199.16
628	0.0113284	-8993.61
629	0.0113284	-8877.58
630	0.0113284	-9087.61
631	0.0113284	-9028.18
632	0.0113284	-8918.93
633	0.0113284	-9003.3
634	0.0113284	-9070.22
635	0.0113284	-9143.39
636	0.0113284	-9469.7
637	0.0113284	-9046.32
638	0.0113284	-9527.45
639	0.0113284	-8676.64
640	0.0113284	-8768.73
641	0.0113284	-8729.18
642	0.0113284	-8963.16
643	0.0113284	-9120.5
644	0.0113284	-9134.15
645	0.0113284	-9308.2
646	0.0113284	-9048.77
647	0.0113284	-9231.36
648	0.0113284	-8783.96
649	0.0113284	-9057.23
650	0.0113284	-8904.72
651	0.0113284	-9067.44
652	0.0113284	-9132.98
653	0.0113284	-9198.78
654	0.0113284	-9103.83
655	0.0113284	-9337.25
656	0.0113284	-9045.92
657	0.0113284	-9631.22
658	0.0113284	-9042.95
659	0.0113284	-8972.63
660	0.0113284	-9455.49
661	0.0113284	-9052.99
662	0.0113284	-9318.73
663	0.0113284	-9472.07
664	0.0113284	-9497.03
665	0.0113284	-9814.54
666	0.0113284	-9621.24
667	0.0113284	-9671.82
668	0.0113284	-9113.08
669	0.0113284	-8928.29
670	0.0113284	-9212.53
671	0.0113284	-9527.7
672	0.0113284	-9314.1
673	0.0113284	-9317.39
674	0.0113284	-9725.67
675	0.0113284	-9367.18
676	0.0113284	-9238.72
677	0.0113284	-9202.84
678	0.0113284	-8920.43
679	0.0113284	-9327.68
680	0.0113284	-8860.47
681	0.0113284	-9262.83
682	0.0113284	-8848.63
683	0.0113284	-8793.21
684	0.0113284	-8997.45
685	0.0113284	-9599.19
686	0.0113284	-9069.75
687	0.0113284	-8992.78
688	0.0113284	-9004.08
689	0.0113284	-8910.23
690	0.0113284	-9076.98
691	0.0113284	-9196.06
692	0.0113284	-9141.18
693	0.0113284	-8874.81
694	0.0113284	-9123.18
695	0.0113284	-8873.47
696	0.0113284	-8856.01
697	0.0113284	-8802.34
698	0.0113284	-8905.25
699	0.0113284	-9362.96
700	0.0113284	-9246.78
701	0.0113284	-9501.02
702	0.0113284	-8993.69
703	0.0113284	-8772.83
704	0.0113284	-9167.18
705	0.0113284	-8755.52
706	0.0113284	-8980.52
707	0.0113284	-9031.84
708	0.0113284	-9123.19
709	0.0113284	-8898.95
710	0.0113284	-9032.62
711	0.0113284	-9385.87
712	0.0113284	-9040.9
713	0.0113284	-8809.16
714	0.0113284	-8770.62
715	0.0113284	-8741.23
716	0.0113284	-9040.87
717	0.0113284	-8811.19
718	0.0113284	-8992.14
719	0.0113284	-9020.06
720	0.0113284	-9188.36
721	0.0113284	-9447.45
722	0.0113284	-9390.47
723	0.0113284	-9653.94
724	0.0113284	-9119.66
725	0.0113284	-9027.97
726	0.0113284	-8846.05
727	0.0113284	-9123.76
728	0.0113284	-8783.03
729	0.0113284	-8963.56
730	0.0113284	-9265.88
731	0.0113284	-8982.48
732	0.0113284	-9014.46
733	0.0113284	-8942.26
734	0.0113284	-9028.02
735	0.0113284	-9234.98
736	0.0113284	-9520.35
737	0.0113284	-9088.05
738	0.0113284	-9009.09
739	0.0113284	-8803.63
740	0.0113284	-8823.93
741	0.0113284	-8938.51
742	0.0113284	-9196.45
743	0.0113284	-9208.44
744	0.0113284	-9263.06
745	0.0113284	-9393.36
746	0.0113284	-9389.22
747	0.0113284	-9014.44
748	0.0113284	-9198.46
749	0.0113284	-9160.03
750	0.0113284	-8675.73
751	0.0113284	-8864.96
752	0.0113284	-8972.51
753	0.0113284	-8938.55
754	0.0113284	-9186.04
755	0.0113284	-9184.7
756	0.0113284	-8901.66
757	0.0113284	-8730.01
758	0.0113284	-9418.32
759	0.0113284	-9523.02
760	0.0113284	-9048.4
761	0.0113284	-8915.45
762	0.0113284	-8862.86
763	0.0113284	-8622.03
764	0.0113284	-9196.82
765	0.0113284	-9525.78
766	0.0113284	-9029.4
767	0.0113284	-8680.56
768	0.0113284	-8791.05
769	0.0113284	-8842.62
770	0.0113284	-8787.09
771	0.0113284	-8993.47
772	0.0113284	-8909.57
773	0.0113284	-9321.58
774	0.0113284	-9162.27
775	0.0113284	-9261.53
776	0.0113284	-8991.41
777	0.0113284	-9338.08
778	0.0113284	-8908.85
779	0.0113284	-8792.58
780	0.0113284	-8904.85
781	0.0113284	-8771.28
782	0.0113284	-8795.98
783	0.0113284	-8678.13
784	0.0113284	-8837.1
785	0.0113284	-9145.42
786	0.0113284	-9015.78
787	0.0113284	-9133.97
788	0.0113284	-9236.19
789	0.0113284	-8860.24
790	0.0113284	-8849.19
791	0.0113284	-8769.75
792	0.0113284	-8903.32
793	0.0113284	-8816.31
794	0.0113284	-8789.04
795	0.0113284	-8824.29
796	0.0113284	-9043.15
797	0.0113284	-9439.78
798	0.0113284	-9084.76
799	0.0113284	-8919.06
800	0.0113284	-8907.45
801	0.0113284	-8869.56
802	0.0113284	-9100.99
803	0.0113284	-9110.49
804	0.0113284	-9037.3
805	0.0113284	-8607.33
806	0.0113284	-9129.1
807	0.0113284	-8900.72
808	0.0113284	-9055.62
809	0.0113284	-9563.26
810	0.0113284	-9096.73
811	0.0113284	-8886.41
812	0.0113284	-9110.43
813	0.0113284	-9320.93
814	0.0113284	-9500.53
815	0.0113284	-9063.84
816	0.0113284	-8960.68
817	0.0113284	-8801.9
818	0.0113284	-8578.5
819	0.0113284	-8890.69
820	0.0113284	-9196.03
821	0.0113284	-8946.1
822	0.0113284	-8882.58
823	0.0113284	-8893.28
824	0.0113284	-8684.46
825	0.0113284	-8744.46
826	0.0113284	-8975.53
827	0.0113284	-8989.8
828	0.0113284	-8945.61
829	0.0113284	-8919.6
830	0.0113284	-8958.18
831	0.0113284	-9053.88
832	0.0113284	-8736.11
833	0.0113284	-9348.81
834	0.0113284	-8841.79
835	0.0113284	-8978.12
836	0.0113284	-8855.55
837	0.0113284	-8865.42
838	0.0113284	-8643
839	0.0113284	-9174.08
840	0.0113284	-8931.61
841	0.0113284	-9020.41
842	0.0113284	-8728.27
843	0.0113284	-9034.38
844	0.0113284	-8703.94
845	0.0113284	-9066.75
846	0.0113284	-9129.26
847	0.0113284	-8904.08
848	0.0113284	-8927.67
849	0.0113284	-8872.37
850	0.0113284	-8703.12
851	0.0113284	-9109.78
852	0.0113284	-8979.88
853	0.0113284	-9353.77
854	0.0113284	-9572.54
855	0.0113284	-8952.08
856	0.0113284	-9336.55
857	0.0113284	-9060.32
858	0.0113284	-9129.91
859	0.0113284	-9117.56
860	0.0113284	-8962.89
861	0.0113284	-9203.25
862	0.0113284	-9184.42
863	0.0113284	-9189.7
864	0.0113284	-9705.42
865	0.0113284	-8858.24
866	0.0113284	-9191.33
867	0.0113284	-8968.26
868	0.0113284	-9202.06
869	0.0113284	-9133.85
870	0.0113284	-9089.35
871	0.0113284	-8945.07
872	0.0113284	-9191.77
873	0.0113284	-8894.33
874	0.0113284	-8986.15
875	0.0113284	-9084.47
876	0.0113284	-9262.82
877	0.0113284	-8847.85
878	0.0113284	-9014.02
879	0.0113284	-9228.4
880	0.0113284	-8510
881	0.0113284	-8880.93
882	0.0113284	-9265.1
883	0.0113284	-9143.76
884	0.0113284	-9123.15
885	0.0113284	-9041.69
886	0.0113284	-8910.2
887	0.0113284	-9198.79
888	0.0113284	-9396.07
889	0.0113284	-9498.59
890	0.0113284	-9106.23
891	0.0113284	-9232.86
892	0.0113284	-9080.66
893	0.0113284	-9411.52
894	0.0113284	-9253.58
895	0.0113284	-9035.96
896	0.0113284	-8911.58
897	0.0113284	-9064.47
898	0.0113284	-9141.12
899	0.0113284	-8674.62
900	0.0113284	-8935.67
901	0.0113284	-8773.06
902	0.0113284	-8944.12
903	0.0113284	-8817.66
904	0.0113284	-9070.21
905	0.0113284	-9235.72
906	0.0113284	-9039.31
907	0.0113284	-9392.32
908	0.0113284	-9926.2
909	0.0113284	-9188.62
910	0.0113284	-9049.39
911	0.0113284	-9145.02
912	0.0113284	-8839.35
913	0.0113284	-9110.48
914	0.0113284	-8861.04
915	0.0113284	-8734.18
916	0.0113284	-8751.19
917	0.0113284	-8990.32
918	0.0113284	-9004.59
919	0.0113284	-9063.27
920	0.0113284	-9775.7
921	0.0113284	-9121.23
922	0.0113284	-9135.59
923	0.0113284	-9322.51
924	0.0113284	-9048.68
925	0.0113284	-8916.1
926	0.0113284	-8965.68
927	0.0113284	-9233.01
928	0.0113284	-9883.12
929	0.0113284	-9241.21
930	0.0113284	-9466.77
931	0.0113284	-9468.27
932	0.0113284	-8661.22
933	0.0113284	-9042.02
934	0.0113284	-8906.29
935	0.0113284	-8986.4
936	0.0113284	-9066.29
937	0.0113284	-9082.37
938	0.0113284	-8623.51
939	0.0113284	-8888.56
940	0.0113284	-9136.82
941	0.0113284	-9224.13
942	0.0113284	-8832.12
943	0.0113284	-8993.24
944	0.0113284	-8952.6
945	0.0113284	-8853.38
946	0.0113284	-9209.32
947	0.0113284	-9127.03
948	0.0113284	-9807.97
949	0.0113284	-9010.91
950	0.0113284	-9023.64
951	0.0113284	-9351.82
952	0.0113284	-9076.72
953	0.0113284	-9286.67
954	0.0113284	-9040.03
955	0.0113284	-9394.48
956	0.0113284	-9220.51
957	0.0113284	-8785.2
958	0.0113284	-8888.8
959	0.0113284	-8970.76
960	0.0113284	-8938.48
961	0.0113284	-8880.91
962	0.0113284	-8842.82
963	0.0113284	-9158.75
964	0.0113284	-9262.14
965	0.0113284	-8943.48
966	0.0113284	-8892.99
967	0.0113284	-8727.22
968	0.0113284	-8838.34
969	0.0113284	-8941.52
970	0.0113284	-8959.94
971	0.0113284	-8949.35
972	0.0113284	-9061.07
973	0.0113284	-9819.65
974	0.0113284	-9114.08
975	0.0113284	-9065.3
976	0.0113284	-8535.83
977	0.0113284	-8578.09
978	0.0113284	-9262.71
979	0.0113284	-8733.55
980	0.0113284	-8993.97
981	0.0113284	-8989.81
982	0.0113284	-8875.35
983	0.0113284	-8818.91
984	0.0113284	-8859.67
985	0.0113284	-9189.57
986	0.0113284	-9095.18
987	0.0113284	-9142.69
988	0.0113284	-9036.76
989	0.0113284	-9098.18
990	0.0113284	-9187.11
991	0.0113284	-8909.14
992	0.0113284	-8847.72
993	0.0113284	-8938.22
994	0.0113284	-9054.04
995	0.0113284	-8795.89
996	0.0113284	-9310.4
997	0.0113284	-8824.59
998	0.0113284	-8943.5
999	0.0113284	-9143.43
1000	0.0113284	-9135
