state	power	likelihood
251	0.00131443	-11400.9
252	0.00131443	-11446.7
253	0.00131443	-11025.1
254	0.00131443	-11259.3
255	0.00131443	-11386.1
256	0.00131443	-10900.5
257	0.00131443	-10478.2
258	0.00131443	-11705.9
259	0.00131443	-11223.9
260	0.00131443	-12663.9
261	0.00131443	-10985.3
262	0.00131443	-12438
263	0.00131443	-14599.6
264	0.00131443	-11263.5
265	0.00131443	-11297.5
266	0.00131443	-10650.6
267	0.00131443	-10314.8
268	0.00131443	-11954.2
269	0.00131443	-11909.8
270	0.00131443	-11807.1
271	0.00131443	-11767.5
272	0.00131443	-11941.4
273	0.00131443	-11196.1
274	0.00131443	-11625.6
275	0.00131443	-10642.6
276	0.00131443	-10998
277	0.00131443	-12466.6
278	0.00131443	-11703.3
279	0.00131443	-11530.8
280	0.00131443	-11341.3
281	0.00131443	-11655.4
282	0.00131443	-11145.9
283	0.00131443	-11567.5
284	0.00131443	-11309.2
285	0.00131443	-10704.9
286	0.00131443	-11072.6
287	0.00131443	-10669.9
288	0.00131443	-11328.6
289	0.00131443	-12050.6
290	0.00131443	-10567.2
291	0.00131443	-10733.8
292	0.00131443	-11117.5
293	0.00131443	-12026.2
294	0.00131443	-10933.9
295	0.00131443	-10984.4
296	0.00131443	-10479.1
297	0.00131443	-10122.5
298	0.00131443	-10899.9
299	0.00131443	-11516.6
300	0.00131443	-10840.6
301	0.00131443	-11052.5
302	0.00131443	-12120.7
303	0.00131443	-10559.9
304	0.00131443	-11207.1
305	0.00131443	-10864
306	0.00131443	-10994.8
307	0.00131443	-11250.2
308	0.00131443	-12049.7
309	0.00131443	-10499.4
310	0.00131443	-11668.5
311	0.00131443	-10749.9
312	0.00131443	-10163.8
313	0.00131443	-11079.1
314	0.00131443	-11236.1
315	0.00131443	-12756.2
316	0.00131443	-10886.2
317	0.00131443	-10839.5
318	0.00131443	-11517.9
319	0.00131443	-10776.5
320	0.00131443	-10850.2
321	0.00131443	-11334.8
322	0.00131443	-10671.6
323	0.00131443	-10889.1
324	0.00131443	-12490
325	0.00131443	-11018.8
326	0.00131443	-10567.4
327	0.00131443	-12175.5
328	0.00131443	-10972.8
329	0.00131443	-10120.2
330	0.00131443	-11688.1
331	0.00131443	-10964.7
332	0.00131443	-11311.2
333	0.00131443	-10827.5
334	0.00131443	-10896.6
335	0.00131443	-9902.42
336	0.00131443	-10713.7
337	0.00131443	-9682.12
338	0.00131443	-10791
339	0.00131443	-11690.2
340	0.00131443	-9456.53
341	0.00131443	-10965.2
342	0.00131443	-10563.2
343	0.00131443	-10950.8
344	0.00131443	-11259.8
345	0.00131443	-10871.9
346	0.00131443	-11420
347	0.00131443	-10547.9
348	0.00131443	-10741.8
349	0.00131443	-10937.3
350	0.00131443	-10883.4
351	0.00131443	-10264
352	0.00131443	-10504.8
353	0.00131443	-12778.2
354	0.00131443	-13653.1
355	0.00131443	-12624.9
356	0.00131443	-12654.3
357	0.00131443	-11194.5
358	0.00131443	-10708.7
359	0.00131443	-11723.9
360	0.00131443	-13102.3
361	0.00131443	-13845.9
362	0.00131443	-11706.4
363	0.00131443	-11535
364	0.00131443	-10439.5
365	0.00131443	-10095.2
366	0.00131443	-10780.1
367	0.00131443	-11312.5
368	0.00131443	-11355.9
369	0.00131443	-10069.4
370	0.00131443	-11497.6
371	0.00131443	-11298
372	0.00131443	-10564.9
373	0.00131443	-11694.9
374	0.00131443	-11059.2
375	0.00131443	-11169
376	0.00131443	-10380.4
377	0.00131443	-9942.72
378	0.00131443	-10474.9
379	0.00131443	-12143.9
380	0.00131443	-10970.5
381	0.00131443	-11746.3
382	0.00131443	-11933
383	0.00131443	-12072.2
384	0.00131443	-11387.5
385	0.00131443	-10778
386	0.00131443	-11161.9
387	0.00131443	-12603.2
388	0.00131443	-10899.2
389	0.00131443	-10776.8
390	0.00131443	-10905.1
391	0.00131443	-10949.1
392	0.00131443	-11450.5
393	0.00131443	-11545
394	0.00131443	-13082.3
395	0.00131443	-10123.6
396	0.00131443	-11456.6
397	0.00131443	-11268.9
398	0.00131443	-12060.8
399	0.00131443	-12157.2
400	0.00131443	-11963.4
401	0.00131443	-12649.3
402	0.00131443	-12333.8
403	0.00131443	-11029.4
404	0.00131443	-10497.3
405	0.00131443	-11152
406	0.00131443	-10820.1
407	0.00131443	-11288
408	0.00131443	-11652
409	0.00131443	-10670.3
410	0.00131443	-13305.3
411	0.00131443	-11662.4
412	0.00131443	-11211.1
413	0.00131443	-11313.2
414	0.00131443	-10888.8
415	0.00131443	-11550.7
416	0.00131443	-11303.1
417	0.00131443	-12872.2
418	0.00131443	-13161.1
419	0.00131443	-13421.8
420	0.00131443	-13171.5
421	0.00131443	-11673.4
422	0.00131443	-11513
423	0.00131443	-10964.3
424	0.00131443	-10028.7
425	0.00131443	-11222.9
426	0.00131443	-10470.7
427	0.00131443	-10520.2
428	0.00131443	-10179.6
429	0.00131443	-11569.2
430	0.00131443	-10689.2
431	0.00131443	-11209
432	0.00131443	-10524.1
433	0.00131443	-10999.1
434	0.00131443	-11238.6
435	0.00131443	-10667.1
436	0.00131443	-12164.3
437	0.00131443	-13875.2
438	0.00131443	-13122.1
439	0.00131443	-10229.8
440	0.00131443	-10733.4
441	0.00131443	-11677.4
442	0.00131443	-11456.1
443	0.00131443	-11428.9
444	0.00131443	-12259.7
445	0.00131443	-11952.1
446	0.00131443	-10068.1
447	0.00131443	-12188.4
448	0.00131443	-11782.6
449	0.00131443	-10313.1
450	0.00131443	-10968.9
451	0.00131443	-12095.6
452	0.00131443	-10991.6
453	0.00131443	-12538.3
454	0.00131443	-10453.2
455	0.00131443	-11386
456	0.00131443	-11671.4
457	0.00131443	-12951.7
458	0.00131443	-12518.7
459	0.00131443	-12245.5
460	0.00131443	-12599.4
461	0.00131443	-10460.8
462	0.00131443	-11280.1
463	0.00131443	-11477.1
464	0.00131443	-10494
465	0.00131443	-11381
466	0.00131443	-12233.3
467	0.00131443	-11024.9
468	0.00131443	-11726.9
469	0.00131443	-11830.1
470	0.00131443	-11312.6
471	0.00131443	-11624.3
472	0.00131443	-10481.2
473	0.00131443	-10542.8
474	0.00131443	-10294.1
475	0.00131443	-9857.54
476	0.00131443	-11601.1
477	0.00131443	-11749.9
478	0.00131443	-11182
479	0.00131443	-11736
480	0.00131443	-11352.1
481	0.00131443	-11389.3
482	0.00131443	-11758.7
483	0.00131443	-12481
484	0.00131443	-12942.3
485	0.00131443	-12401.2
486	0.00131443	-11258
487	0.00131443	-12026.2
488	0.00131443	-11559.7
489	0.00131443	-14278.8
490	0.00131443	-11758.3
491	0.00131443	-10999
492	0.00131443	-10996.8
493	0.00131443	-10663
494	0.00131443	-13111.6
495	0.00131443	-11099.5
496	0.00131443	-10667
497	0.00131443	-11500.9
498	0.00131443	-11360.5
499	0.00131443	-9867.74
500	0.00131443	-12296.3
501	0.00131443	-12893.7
502	0.00131443	-11216.5
503	0.00131443	-11410.6
504	0.00131443	-13543.8
505	0.00131443	-12856.4
506	0.00131443	-13650.5
507	0.00131443	-9972.48
508	0.00131443	-12109.2
509	0.00131443	-11745
510	0.00131443	-12075.7
511	0.00131443	-10009.4
512	0.00131443	-9383.23
513	0.00131443	-10914.4
514	0.00131443	-11959.4
515	0.00131443	-11157.3
516	0.00131443	-11185.6
517	0.00131443	-11824.1
518	0.00131443	-11597.5
519	0.00131443	-10427.4
520	0.00131443	-11403.9
521	0.00131443	-11273.8
522	0.00131443	-11727.7
523	0.00131443	-12308
524	0.00131443	-11517.8
525	0.00131443	-10631.7
526	0.00131443	-10930.4
527	0.00131443	-11269.7
528	0.00131443	-12014.3
529	0.00131443	-11531.1
530	0.00131443	-11297.8
531	0.00131443	-11894.5
532	0.00131443	-12078.6
533	0.00131443	-11457
534	0.00131443	-11146.1
535	0.00131443	-12227.6
536	0.00131443	-12333.1
537	0.00131443	-11415.3
538	0.00131443	-13540.8
539	0.00131443	-12346
540	0.00131443	-13607.1
541	0.00131443	-13655.1
542	0.00131443	-10922
543	0.00131443	-11313.6
544	0.00131443	-12299.2
545	0.00131443	-11264.8
546	0.00131443	-11213.7
547	0.00131443	-11742.7
548	0.00131443	-11323
549	0.00131443	-14681.3
550	0.00131443	-11322.4
551	0.00131443	-12012.1
552	0.00131443	-12463
553	0.00131443	-11550.5
554	0.00131443	-9990.31
555	0.00131443	-11876.3
556	0.00131443	-10755
557	0.00131443	-11141.4
558	0.00131443	-11205
559	0.00131443	-12664.3
560	0.00131443	-11571.8
561	0.00131443	-11279.8
562	0.00131443	-10876.1
563	0.00131443	-10663.4
564	0.00131443	-10630.4
565	0.00131443	-10984
566	0.00131443	-11880.3
567	0.00131443	-11017.8
568	0.00131443	-12485.1
569	0.00131443	-10971.9
570	0.00131443	-11433
571	0.00131443	-10885.2
572	0.00131443	-10973.3
573	0.00131443	-10613.7
574	0.00131443	-10632.6
575	0.00131443	-11011.7
576	0.00131443	-10625.3
577	0.00131443	-11417.4
578	0.00131443	-10856.6
579	0.00131443	-12095.4
580	0.00131443	-11671.3
581	0.00131443	-11337.2
582	0.00131443	-10425.2
583	0.00131443	-11844.5
584	0.00131443	-11979.8
585	0.00131443	-11805.2
586	0.00131443	-10498.1
587	0.00131443	-11658.8
588	0.00131443	-11081.7
589	0.00131443	-11787.7
590	0.00131443	-11910.8
591	0.00131443	-11195
592	0.00131443	-11820
593	0.00131443	-11123.2
594	0.00131443	-11211.4
595	0.00131443	-11934.3
596	0.00131443	-11006.3
597	0.00131443	-12069.8
598	0.00131443	-11605.8
599	0.00131443	-11549
600	0.00131443	-10887.6
601	0.00131443	-12828.4
602	0.00131443	-12036
603	0.00131443	-11922.2
604	0.00131443	-11015.7
605	0.00131443	-10983.1
606	0.00131443	-13412.1
607	0.00131443	-13057.9
608	0.00131443	-12362
609	0.00131443	-12470.4
610	0.00131443	-11033.6
611	0.00131443	-10755.7
612	0.00131443	-13141.6
613	0.00131443	-11593
614	0.00131443	-11670.1
615	0.00131443	-10077.6
616	0.00131443	-10743.6
617	0.00131443	-11387.4
618	0.00131443	-11137.2
619	0.00131443	-11960.1
620	0.00131443	-12363.3
621	0.00131443	-10361
622	0.00131443	-11020
623	0.00131443	-11318.9
624	0.00131443	-10830.6
625	0.00131443	-10597.7
626	0.00131443	-11248.5
627	0.00131443	-11682.1
628	0.00131443	-11935.5
629	0.00131443	-11492.4
630	0.00131443	-11079.9
631	0.00131443	-10571.3
632	0.00131443	-12390.5
633	0.00131443	-11235.9
634	0.00131443	-12006.3
635	0.00131443	-12470.6
636	0.00131443	-12125.5
637	0.00131443	-11508.2
638	0.00131443	-10776.5
639	0.00131443	-11650.5
640	0.00131443	-10653.9
641	0.00131443	-10885.9
642	0.00131443	-10249.7
643	0.00131443	-11266.9
644	0.00131443	-11087.2
645	0.00131443	-11103.8
646	0.00131443	-11642
647	0.00131443	-11142.6
648	0.00131443	-12005
649	0.00131443	-12612.8
650	0.00131443	-12708.3
651	0.00131443	-12322.2
652	0.00131443	-13085.8
653	0.00131443	-13733.2
654	0.00131443	-11968.2
655	0.00131443	-10837.5
656	0.00131443	-11202.9
657	0.00131443	-12022
658	0.00131443	-12711.9
659	0.00131443	-11844.1
660	0.00131443	-12641.8
661	0.00131443	-11651
662	0.00131443	-10992.1
663	0.00131443	-10505.8
664	0.00131443	-12717.3
665	0.00131443	-12447.1
666	0.00131443	-11656.9
667	0.00131443	-12508.9
668	0.00131443	-11682
669	0.00131443	-10972.4
670	0.00131443	-10566.4
671	0.00131443	-11868.3
672	0.00131443	-11136.6
673	0.00131443	-11568.6
674	0.00131443	-11131.1
675	0.00131443	-10221.3
676	0.00131443	-14197.3
677	0.00131443	-10461.2
678	0.00131443	-10534.8
679	0.00131443	-11202.2
680	0.00131443	-10884.7
681	0.00131443	-10735.9
682	0.00131443	-10412.3
683	0.00131443	-9822.33
684	0.00131443	-11968.2
685	0.00131443	-13294.9
686	0.00131443	-13480.9
687	0.00131443	-12543.9
688	0.00131443	-11559.9
689	0.00131443	-14112
690	0.00131443	-12787.6
691	0.00131443	-12364.7
692	0.00131443	-12860.7
693	0.00131443	-10655.7
694	0.00131443	-11642.9
695	0.00131443	-12378
696	0.00131443	-12347.3
697	0.00131443	-12399.7
698	0.00131443	-11473.2
699	0.00131443	-11431.9
700	0.00131443	-12176.8
701	0.00131443	-11305.9
702	0.00131443	-12643.9
703	0.00131443	-11516.3
704	0.00131443	-12215.5
705	0.00131443	-12153.5
706	0.00131443	-10729.9
707	0.00131443	-10901.3
708	0.00131443	-12451.6
709	0.00131443	-12119.8
710	0.00131443	-11373.6
711	0.00131443	-11046.7
712	0.00131443	-11215.2
713	0.00131443	-10767
714	0.00131443	-11292.4
715	0.00131443	-11347.5
716	0.00131443	-11169
717	0.00131443	-12136.7
718	0.00131443	-11897.6
719	0.00131443	-11454.9
720	0.00131443	-10926.2
721	0.00131443	-11140
722	0.00131443	-11004.9
723	0.00131443	-10677.8
724	0.00131443	-12584.3
725	0.00131443	-11880.1
726	0.00131443	-12208
727	0.00131443	-11377.9
728	0.00131443	-12240.6
729	0.00131443	-11989.2
730	0.00131443	-11111.9
731	0.00131443	-11059.3
732	0.00131443	-10906.7
733	0.00131443	-11081.4
734	0.00131443	-11060.4
735	0.00131443	-11517.9
736	0.00131443	-9670.03
737	0.00131443	-9985.91
738	0.00131443	-10900.2
739	0.00131443	-12658.3
740	0.00131443	-10588.8
741	0.00131443	-10651.4
742	0.00131443	-10789.5
743	0.00131443	-14205.4
744	0.00131443	-12776.4
745	0.00131443	-12904.8
746	0.00131443	-13184.6
747	0.00131443	-11816.4
748	0.00131443	-11203
749	0.00131443	-11647.7
750	0.00131443	-11882.5
751	0.00131443	-12035
752	0.00131443	-13481.4
753	0.00131443	-11685.9
754	0.00131443	-12535.5
755	0.00131443	-10911.7
756	0.00131443	-10847.4
757	0.00131443	-10599
758	0.00131443	-12422.6
759	0.00131443	-11371
760	0.00131443	-10944.9
761	0.00131443	-10598.1
762	0.00131443	-11249.1
763	0.00131443	-11591.5
764	0.00131443	-11237.6
765	0.00131443	-13205
766	0.00131443	-11464.7
767	0.00131443	-11642.8
768	0.00131443	-10886.7
769	0.00131443	-11763.5
770	0.00131443	-11719.5
771	0.00131443	-11461.6
772	0.00131443	-12258.1
773	0.00131443	-11465.4
774	0.00131443	-11339.2
775	0.00131443	-10975.6
776	0.00131443	-11736.6
777	0.00131443	-10088.4
778	0.00131443	-10253.5
779	0.00131443	-11232.8
780	0.00131443	-11353.9
781	0.00131443	-10661.2
782	0.00131443	-11259.1
783	0.00131443	-11771.4
784	0.00131443	-11242.6
785	0.00131443	-12103.4
786	0.00131443	-11469.1
787	0.00131443	-10582.8
788	0.00131443	-11404.1
789	0.00131443	-11284.2
790	0.00131443	-11451.7
791	0.00131443	-11216.2
792	0.00131443	-11779.3
793	0.00131443	-10081.9
794	0.00131443	-9874.96
795	0.00131443	-11069.2
796	0.00131443	-12086.2
797	0.00131443	-12147.8
798	0.00131443	-11163.7
799	0.00131443	-11335.6
800	0.00131443	-12012
801	0.00131443	-10665.5
802	0.00131443	-11701.9
803	0.00131443	-11421.6
804	0.00131443	-11972.8
805	0.00131443	-10560.9
806	0.00131443	-10645
807	0.00131443	-14086.9
808	0.00131443	-12807.3
809	0.00131443	-11777.2
810	0.00131443	-13089.4
811	0.00131443	-12548.6
812	0.00131443	-10873.1
813	0.00131443	-11292
814	0.00131443	-11691.9
815	0.00131443	-11768.5
816	0.00131443	-11181.5
817	0.00131443	-10523
818	0.00131443	-12155.8
819	0.00131443	-13620.5
820	0.00131443	-11243.5
821	0.00131443	-11869.1
822	0.00131443	-10167.2
823	0.00131443	-10524.7
824	0.00131443	-10559.3
825	0.00131443	-10376.3
826	0.00131443	-10052.2
827	0.00131443	-10665.5
828	0.00131443	-11009.8
829	0.00131443	-11571
830	0.00131443	-10913.3
831	0.00131443	-10558
832	0.00131443	-11662.2
833	0.00131443	-11967.1
834	0.00131443	-11033.5
835	0.00131443	-10151.8
836	0.00131443	-10614.8
837	0.00131443	-11602.2
838	0.00131443	-11509.9
839	0.00131443	-11075.2
840	0.00131443	-12428.6
841	0.00131443	-11276.5
842	0.00131443	-11442.7
843	0.00131443	-10472.9
844	0.00131443	-11868.5
845	0.00131443	-11540.1
846	0.00131443	-10826.9
847	0.00131443	-12408
848	0.00131443	-11026.6
849	0.00131443	-12254.8
850	0.00131443	-10510.1
851	0.00131443	-10945.7
852	0.00131443	-11819.3
853	0.00131443	-10970.5
854	0.00131443	-10626.4
855	0.00131443	-11495.7
856	0.00131443	-10327.7
857	0.00131443	-11782.8
858	0.00131443	-15404.2
859	0.00131443	-11993.7
860	0.00131443	-11831.5
861	0.00131443	-12777.6
862	0.00131443	-11304
863	0.00131443	-11667
864	0.00131443	-11133.4
865	0.00131443	-13350
866	0.00131443	-12896.5
867	0.00131443	-12923.5
868	0.00131443	-13471.6
869	0.00131443	-12523.6
870	0.00131443	-10383
871	0.00131443	-11885.6
872	0.00131443	-11058.7
873	0.00131443	-10470.5
874	0.00131443	-12495.3
875	0.00131443	-11710.3
876	0.00131443	-11736.3
877	0.00131443	-12381.3
878	0.00131443	-11502.6
879	0.00131443	-10115.4
880	0.00131443	-10581.3
881	0.00131443	-10416.3
882	0.00131443	-12457.2
883	0.00131443	-10912.1
884	0.00131443	-11508
885	0.00131443	-11223.1
886	0.00131443	-11974.4
887	0.00131443	-11594.2
888	0.00131443	-10826.9
889	0.00131443	-10913.9
890	0.00131443	-10484.5
891	0.00131443	-11531.3
892	0.00131443	-11519.4
893	0.00131443	-11966.1
894	0.00131443	-11649.3
895	0.00131443	-14057.7
896	0.00131443	-12115.7
897	0.00131443	-11931.5
898	0.00131443	-11667.7
899	0.00131443	-10857
900	0.00131443	-10908.6
901	0.00131443	-12137.9
902	0.00131443	-10530.9
903	0.00131443	-10670.6
904	0.00131443	-10501.5
905	0.00131443	-10377.7
906	0.00131443	-11049
907	0.00131443	-10810.1
908	0.00131443	-10937.8
909	0.00131443	-10404.4
910	0.00131443	-11795.6
911	0.00131443	-11562.6
912	0.00131443	-12711.3
913	0.00131443	-12738
914	0.00131443	-12280.8
915	0.00131443	-12140.4
916	0.00131443	-11031.5
917	0.00131443	-12921.7
918	0.00131443	-12618.5
919	0.00131443	-13944.9
920	0.00131443	-11655.9
921	0.00131443	-13651.3
922	0.00131443	-10523.8
923	0.00131443	-11271.4
924	0.00131443	-11707.4
925	0.00131443	-11602.5
926	0.00131443	-10927.9
927	0.00131443	-10549.3
928	0.00131443	-11197.4
929	0.00131443	-11436.3
930	0.00131443	-10468.5
931	0.00131443	-11102.2
932	0.00131443	-11674.4
933	0.00131443	-11406
934	0.00131443	-11655.7
935	0.00131443	-11181.4
936	0.00131443	-10731.2
937	0.00131443	-10447.3
938	0.00131443	-10914.5
939	0.00131443	-10843.9
940	0.00131443	-10571
941	0.00131443	-10880.7
942	0.00131443	-11118.2
943	0.00131443	-11229.8
944	0.00131443	-13737.7
945	0.00131443	-14278.1
946	0.00131443	-11075.9
947	0.00131443	-11159.9
948	0.00131443	-11808.8
949	0.00131443	-10408.2
950	0.00131443	-10508
951	0.00131443	-10694.5
952	0.00131443	-10805.1
953	0.00131443	-11119.5
954	0.00131443	-11588
955	0.00131443	-11749.5
956	0.00131443	-11065.2
957	0.00131443	-10942.4
958	0.00131443	-10956.6
959	0.00131443	-10580.9
960	0.00131443	-10876.6
961	0.00131443	-12330.7
962	0.00131443	-10320.7
963	0.00131443	-11898.9
964	0.00131443	-14168.3
965	0.00131443	-12438.6
966	0.00131443	-12538.1
967	0.00131443	-10545.2
968	0.00131443	-11045
969	0.00131443	-10527.5
970	0.00131443	-11340.2
971	0.00131443	-12149
972	0.00131443	-11847.6
973	0.00131443	-11774.9
974	0.00131443	-12147.3
975	0.00131443	-10106.3
976	0.00131443	-10968.3
977	0.00131443	-11277.9
978	0.00131443	-11938.7
979	0.00131443	-10585.5
980	0.00131443	-12556
981	0.00131443	-12422
982	0.00131443	-10878
983	0.00131443	-11932.1
984	0.00131443	-10860.4
985	0.00131443	-11945
986	0.00131443	-13718.5
987	0.00131443	-10938
988	0.00131443	-11325.9
989	0.00131443	-11794
990	0.00131443	-13016.9
991	0.00131443	-13159.1
992	0.00131443	-13283.6
993	0.00131443	-11959.1
994	0.00131443	-10958.1
995	0.00131443	-12871
996	0.00131443	-10872.2
997	0.00131443	-11165.6
998	0.00131443	-12220.6
999	0.00131443	-11231.7
1000	0.00131443	-11316.4
