state	power	likelihood
251	3.6251e-06	-12742.9
252	3.6251e-06	-11549.5
253	3.6251e-06	-12632.4
254	3.6251e-06	-12371
255	3.6251e-06	-12060.3
256	3.6251e-06	-12975.5
257	3.6251e-06	-12072.7
258	3.6251e-06	-11747.6
259	3.6251e-06	-14413.7
260	3.6251e-06	-17204.6
261	3.6251e-06	-16908.9
262	3.6251e-06	-14432.2
263	3.6251e-06	-11483
264	3.6251e-06	-12707.1
265	3.6251e-06	-12080.6
266	3.6251e-06	-12165.7
267	3.6251e-06	-12772.6
268	3.6251e-06	-12100.8
269	3.6251e-06	-11410.2
270	3.6251e-06	-11113.1
271	3.6251e-06	-9841.74
272	3.6251e-06	-10703.4
273	3.6251e-06	-12091.9
274	3.6251e-06	-11464.6
275	3.6251e-06	-11338.6
276	3.6251e-06	-11883.4
277	3.6251e-06	-10868.7
278	3.6251e-06	-12881.6
279	3.6251e-06	-11259.9
280	3.6251e-06	-12042
281	3.6251e-06	-12065
282	3.6251e-06	-11870.1
283	3.6251e-06	-12833.9
284	3.6251e-06	-11836.7
285	3.6251e-06	-13353
286	3.6251e-06	-12787.6
287	3.6251e-06	-12389.7
288	3.6251e-06	-12184.7
289	3.6251e-06	-11485.2
290	3.6251e-06	-11856
291	3.6251e-06	-12146
292	3.6251e-06	-11667.2
293	3.6251e-06	-10740.8
294	3.6251e-06	-10709.8
295	3.6251e-06	-10676.7
296	3.6251e-06	-14039.8
297	3.6251e-06	-13824.4
298	3.6251e-06	-11339.9
299	3.6251e-06	-11205.7
300	3.6251e-06	-10656.4
301	3.6251e-06	-12251.1
302	3.6251e-06	-13033.5
303	3.6251e-06	-12048.5
304	3.6251e-06	-13211.5
305	3.6251e-06	-12381.3
306	3.6251e-06	-12740.8
307	3.6251e-06	-11985.5
308	3.6251e-06	-11828
309	3.6251e-06	-11792
310	3.6251e-06	-12120.6
311	3.6251e-06	-11880.6
312	3.6251e-06	-11567
313	3.6251e-06	-12542.5
314	3.6251e-06	-16002
315	3.6251e-06	-10142.2
316	3.6251e-06	-12975.9
317	3.6251e-06	-11508.2
318	3.6251e-06	-11202.3
319	3.6251e-06	-11712.1
320	3.6251e-06	-12392.1
321	3.6251e-06	-12199.3
322	3.6251e-06	-12567
323	3.6251e-06	-12144
324	3.6251e-06	-15479.9
325	3.6251e-06	-14586.6
326	3.6251e-06	-12062.4
327	3.6251e-06	-11896.8
328	3.6251e-06	-11042.2
329	3.6251e-06	-11564
330	3.6251e-06	-11375
331	3.6251e-06	-12204.1
332	3.6251e-06	-11765.5
333	3.6251e-06	-11132.3
334	3.6251e-06	-10807.2
335	3.6251e-06	-13105.3
336	3.6251e-06	-11289
337	3.6251e-06	-12695.8
338	3.6251e-06	-12550.3
339	3.6251e-06	-11459.5
340	3.6251e-06	-10697.9
341	3.6251e-06	-12284.4
342	3.6251e-06	-15777.1
343	3.6251e-06	-16378.3
344	3.6251e-06	-15830.3
345	3.6251e-06	-18085.8
346	3.6251e-06	-14088.3
347	3.6251e-06	-13947.1
348	3.6251e-06	-13801.1
349	3.6251e-06	-12207.2
350	3.6251e-06	-12324.2
351	3.6251e-06	-12464.9
352	3.6251e-06	-14131.6
353	3.6251e-06	-11669.7
354	3.6251e-06	-11202.8
355	3.6251e-06	-10895.2
356	3.6251e-06	-12455.9
357	3.6251e-06	-12845.2
358	3.6251e-06	-12812
359	3.6251e-06	-12885
360	3.6251e-06	-12259.9
361	3.6251e-06	-12338.1
362	3.6251e-06	-12376.5
363	3.6251e-06	-11648.3
364	3.6251e-06	-13793.9
365	3.6251e-06	-12336.9
366	3.6251e-06	-11926.7
367	3.6251e-06	-11557.4
368	3.6251e-06	-11680.2
369	3.6251e-06	-13021.5
370	3.6251e-06	-13074
371	3.6251e-06	-13892
372	3.6251e-06	-13895.6
373	3.6251e-06	-13751.5
374	3.6251e-06	-14861.2
375	3.6251e-06	-12359.7
376	3.6251e-06	-12134.2
377	3.6251e-06	-10687.3
378	3.6251e-06	-11217
379	3.6251e-06	-10660.9
380	3.6251e-06	-10509.8
381	3.6251e-06	-10772.1
382	3.6251e-06	-11473.4
383	3.6251e-06	-10113.8
384	3.6251e-06	-10896.5
385	3.6251e-06	-11141.2
386	3.6251e-06	-11092.7
387	3.6251e-06	-12294.7
388	3.6251e-06	-14328
389	3.6251e-06	-13780.2
390	3.6251e-06	-14872.5
391	3.6251e-06	-14717.4
392	3.6251e-06	-13813.7
393	3.6251e-06	-12272.8
394	3.6251e-06	-11826.8
395	3.6251e-06	-13412.1
396	3.6251e-06	-12473
397	3.6251e-06	-12476.8
398	3.6251e-06	-13118.7
399	3.6251e-06	-12651.2
400	3.6251e-06	-11951.7
401	3.6251e-06	-13027.9
402	3.6251e-06	-12340.2
403	3.6251e-06	-12270.1
404	3.6251e-06	-11905.7
405	3.6251e-06	-10802.4
406	3.6251e-06	-12555.7
407	3.6251e-06	-11317.8
408	3.6251e-06	-10804.1
409	3.6251e-06	-13371.2
410	3.6251e-06	-13400
411	3.6251e-06	-11285.3
412	3.6251e-06	-10850.9
413	3.6251e-06	-14461.2
414	3.6251e-06	-13213.6
415	3.6251e-06	-13030.5
416	3.6251e-06	-12344.6
417	3.6251e-06	-14856
418	3.6251e-06	-13157.3
419	3.6251e-06	-10983.9
420	3.6251e-06	-14135.5
421	3.6251e-06	-13154
422	3.6251e-06	-12217.6
423	3.6251e-06	-12697.5
424	3.6251e-06	-12797.6
425	3.6251e-06	-13756.1
426	3.6251e-06	-15190.6
427	3.6251e-06	-12701.5
428	3.6251e-06	-11788
429	3.6251e-06	-11850.2
430	3.6251e-06	-12593.7
431	3.6251e-06	-10943
432	3.6251e-06	-11953.2
433	3.6251e-06	-11719.7
434	3.6251e-06	-12411.6
435	3.6251e-06	-10227.7
436	3.6251e-06	-11934.2
437	3.6251e-06	-12716.4
438	3.6251e-06	-12749.8
439	3.6251e-06	-14547.4
440	3.6251e-06	-14519.2
441	3.6251e-06	-14251.3
442	3.6251e-06	-14160.3
443	3.6251e-06	-12857.3
444	3.6251e-06	-11676.7
445	3.6251e-06	-11699
446	3.6251e-06	-12386.3
447	3.6251e-06	-11947
448	3.6251e-06	-11923.4
449	3.6251e-06	-14515
450	3.6251e-06	-14870.8
451	3.6251e-06	-13549.9
452	3.6251e-06	-12346.5
453	3.6251e-06	-12779.3
454	3.6251e-06	-11878.1
455	3.6251e-06	-11754.8
456	3.6251e-06	-11344.9
457	3.6251e-06	-12839.2
458	3.6251e-06	-13729.3
459	3.6251e-06	-13520.5
460	3.6251e-06	-11805.9
461	3.6251e-06	-13306.4
462	3.6251e-06	-11617.5
463	3.6251e-06	-11007.5
464	3.6251e-06	-11436.2
465	3.6251e-06	-12546.4
466	3.6251e-06	-12589.3
467	3.6251e-06	-14223.8
468	3.6251e-06	-12008.4
469	3.6251e-06	-11973.4
470	3.6251e-06	-13017.1
471	3.6251e-06	-13602.8
472	3.6251e-06	-15084.3
473	3.6251e-06	-11374.8
474	3.6251e-06	-12716.7
475	3.6251e-06	-10569.1
476	3.6251e-06	-12170
477	3.6251e-06	-10481
478	3.6251e-06	-10116.8
479	3.6251e-06	-12473.2
480	3.6251e-06	-12017.2
481	3.6251e-06	-11431.8
482	3.6251e-06	-10832
483	3.6251e-06	-11807.7
484	3.6251e-06	-11948.5
485	3.6251e-06	-12536.4
486	3.6251e-06	-14390.9
487	3.6251e-06	-14023
488	3.6251e-06	-13311.3
489	3.6251e-06	-10869
490	3.6251e-06	-11424.1
491	3.6251e-06	-12615
492	3.6251e-06	-12791.8
493	3.6251e-06	-12655.4
494	3.6251e-06	-11953.5
495	3.6251e-06	-14723.6
496	3.6251e-06	-12339.8
497	3.6251e-06	-12202.6
498	3.6251e-06	-12222.7
499	3.6251e-06	-15788.5
500	3.6251e-06	-15369.4
501	3.6251e-06	-11368.6
502	3.6251e-06	-14481.7
503	3.6251e-06	-14654.3
504	3.6251e-06	-13204.3
505	3.6251e-06	-13899.7
506	3.6251e-06	-11197
507	3.6251e-06	-11529.9
508	3.6251e-06	-12598.7
509	3.6251e-06	-12918.5
510	3.6251e-06	-12717.2
511	3.6251e-06	-12581.4
512	3.6251e-06	-11822.3
513	3.6251e-06	-11648.3
514	3.6251e-06	-10047.7
515	3.6251e-06	-12886.8
516	3.6251e-06	-14718.6
517	3.6251e-06	-13652.9
518	3.6251e-06	-12328.7
519	3.6251e-06	-11102
520	3.6251e-06	-10374.7
521	3.6251e-06	-10813.8
522	3.6251e-06	-10576.4
523	3.6251e-06	-10654.9
524	3.6251e-06	-11525.7
525	3.6251e-06	-12188.3
526	3.6251e-06	-13587.4
527	3.6251e-06	-11744.7
528	3.6251e-06	-12546.7
529	3.6251e-06	-10972.7
530	3.6251e-06	-13087
531	3.6251e-06	-14089.3
532	3.6251e-06	-15834.4
533	3.6251e-06	-14013
534	3.6251e-06	-13012.4
535	3.6251e-06	-13750.8
536	3.6251e-06	-15095.7
537	3.6251e-06	-15548.1
538	3.6251e-06	-15509.7
539	3.6251e-06	-14415.1
540	3.6251e-06	-12579.3
541	3.6251e-06	-12836.9
542	3.6251e-06	-12115.7
543	3.6251e-06	-12482.8
544	3.6251e-06	-14265.3
545	3.6251e-06	-12343.8
546	3.6251e-06	-13578.1
547	3.6251e-06	-13009
548	3.6251e-06	-10734.4
549	3.6251e-06	-11936.7
550	3.6251e-06	-13005.5
551	3.6251e-06	-13832.7
552	3.6251e-06	-10322.7
553	3.6251e-06	-10648.9
554	3.6251e-06	-11725
555	3.6251e-06	-12059.9
556	3.6251e-06	-12871.1
557	3.6251e-06	-13831.7
558	3.6251e-06	-11833.4
559	3.6251e-06	-11733.3
560	3.6251e-06	-10609.7
561	3.6251e-06	-9759.44
562	3.6251e-06	-13423
563	3.6251e-06	-10251.2
564	3.6251e-06	-10173.2
565	3.6251e-06	-12314.5
566	3.6251e-06	-12040.6
567	3.6251e-06	-11862.8
568	3.6251e-06	-11629.6
569	3.6251e-06	-11189.2
570	3.6251e-06	-13244.1
571	3.6251e-06	-12901
572	3.6251e-06	-12625.4
573	3.6251e-06	-14003.9
574	3.6251e-06	-12115.5
575	3.6251e-06	-11766
576	3.6251e-06	-11576.3
577	3.6251e-06	-12987
578	3.6251e-06	-13318.1
579	3.6251e-06	-11872.1
580	3.6251e-06	-10859.5
581	3.6251e-06	-11647.6
582	3.6251e-06	-10880.2
583	3.6251e-06	-13512.7
584	3.6251e-06	-11510.8
585	3.6251e-06	-13268.4
586	3.6251e-06	-13918.6
587	3.6251e-06	-13036.7
588	3.6251e-06	-10916.8
589	3.6251e-06	-13912.7
590	3.6251e-06	-12696.6
591	3.6251e-06	-14295.9
592	3.6251e-06	-14910.6
593	3.6251e-06	-14062
594	3.6251e-06	-15021.8
595	3.6251e-06	-14126
596	3.6251e-06	-14969.6
597	3.6251e-06	-13444.5
598	3.6251e-06	-12065.9
599	3.6251e-06	-13424.5
600	3.6251e-06	-14011.7
601	3.6251e-06	-13448.1
602	3.6251e-06	-11227.2
603	3.6251e-06	-10570.6
604	3.6251e-06	-10021.5
605	3.6251e-06	-10268.5
606	3.6251e-06	-11669.1
607	3.6251e-06	-11935.6
608	3.6251e-06	-13348.6
609	3.6251e-06	-13214.9
610	3.6251e-06	-13633.3
611	3.6251e-06	-14519.5
612	3.6251e-06	-14875.8
613	3.6251e-06	-15015.8
614	3.6251e-06	-15129.2
615	3.6251e-06	-12903.9
616	3.6251e-06	-14123.8
617	3.6251e-06	-14827.5
618	3.6251e-06	-14748
619	3.6251e-06	-14761.8
620	3.6251e-06	-13499.8
621	3.6251e-06	-11766.5
622	3.6251e-06	-13958.3
623	3.6251e-06	-14722.4
624	3.6251e-06	-11634.9
625	3.6251e-06	-12311.8
626	3.6251e-06	-13306.2
627	3.6251e-06	-10605.6
628	3.6251e-06	-11945.4
629	3.6251e-06	-12403.4
630	3.6251e-06	-16820.3
631	3.6251e-06	-15038.9
632	3.6251e-06	-14356.1
633	3.6251e-06	-13355.4
634	3.6251e-06	-13082.7
635	3.6251e-06	-13935.3
636	3.6251e-06	-12997.2
637	3.6251e-06	-13351
638	3.6251e-06	-14793.1
639	3.6251e-06	-11555.3
640	3.6251e-06	-11833.4
641	3.6251e-06	-12936.8
642	3.6251e-06	-13773.4
643	3.6251e-06	-12319.2
644	3.6251e-06	-11822.2
645	3.6251e-06	-11407
646	3.6251e-06	-9876.39
647	3.6251e-06	-11270.2
648	3.6251e-06	-13177.4
649	3.6251e-06	-12747.7
650	3.6251e-06	-11819.1
651	3.6251e-06	-13300
652	3.6251e-06	-11648.7
653	3.6251e-06	-11477.6
654	3.6251e-06	-10236.9
655	3.6251e-06	-11728
656	3.6251e-06	-15563.8
657	3.6251e-06	-11630
658	3.6251e-06	-12129.9
659	3.6251e-06	-11212
660	3.6251e-06	-11716.1
661	3.6251e-06	-13830.5
662	3.6251e-06	-15579.2
663	3.6251e-06	-14882
664	3.6251e-06	-16392.3
665	3.6251e-06	-16405.8
666	3.6251e-06	-15160.5
667	3.6251e-06	-15144
668	3.6251e-06	-16685.6
669	3.6251e-06	-18581.2
670	3.6251e-06	-17474.1
671	3.6251e-06	-13120.9
672	3.6251e-06	-14060.6
673	3.6251e-06	-13703.4
674	3.6251e-06	-13295.7
675	3.6251e-06	-12901
676	3.6251e-06	-11022.9
677	3.6251e-06	-11772.3
678	3.6251e-06	-11482.8
679	3.6251e-06	-10089.6
680	3.6251e-06	-10860.2
681	3.6251e-06	-10143.6
682	3.6251e-06	-13576.2
683	3.6251e-06	-12713.7
684	3.6251e-06	-13415.6
685	3.6251e-06	-13500.4
686	3.6251e-06	-13663.4
687	3.6251e-06	-12858.2
688	3.6251e-06	-12751.5
689	3.6251e-06	-13709.3
690	3.6251e-06	-12248.5
691	3.6251e-06	-11132.2
692	3.6251e-06	-11050
693	3.6251e-06	-13212.3
694	3.6251e-06	-13139.9
695	3.6251e-06	-13490.8
696	3.6251e-06	-12772.9
697	3.6251e-06	-12331.6
698	3.6251e-06	-13911.6
699	3.6251e-06	-12987.7
700	3.6251e-06	-11447.2
701	3.6251e-06	-11476
702	3.6251e-06	-13426.6
703	3.6251e-06	-11237.7
704	3.6251e-06	-11128.1
705	3.6251e-06	-13818.8
706	3.6251e-06	-11777.9
707	3.6251e-06	-14711.7
708	3.6251e-06	-13811.9
709	3.6251e-06	-12143.2
710	3.6251e-06	-12175.3
711	3.6251e-06	-12392.9
712	3.6251e-06	-11462.8
713	3.6251e-06	-12195.7
714	3.6251e-06	-12191.4
715	3.6251e-06	-12061.9
716	3.6251e-06	-11404.6
717	3.6251e-06	-11712.4
718	3.6251e-06	-12189.8
719	3.6251e-06	-11825
720	3.6251e-06	-11523.2
721	3.6251e-06	-11506.1
722	3.6251e-06	-13204.4
723	3.6251e-06	-16431.1
724	3.6251e-06	-11024.5
725	3.6251e-06	-13553.3
726	3.6251e-06	-14846.3
727	3.6251e-06	-12511.4
728	3.6251e-06	-12946.8
729	3.6251e-06	-11595.4
730	3.6251e-06	-11382.3
731	3.6251e-06	-11293.4
732	3.6251e-06	-13117.8
733	3.6251e-06	-11713.9
734	3.6251e-06	-11030.8
735	3.6251e-06	-14081.2
736	3.6251e-06	-12538.3
737	3.6251e-06	-14131.3
738	3.6251e-06	-10801.7
739	3.6251e-06	-10872.4
740	3.6251e-06	-10756.5
741	3.6251e-06	-11822.4
742	3.6251e-06	-12379.1
743	3.6251e-06	-11660.1
744	3.6251e-06	-12616.7
745	3.6251e-06	-15039.8
746	3.6251e-06	-12270.3
747	3.6251e-06	-10993.4
748	3.6251e-06	-11488.7
749	3.6251e-06	-11836.4
750	3.6251e-06	-12544.1
751	3.6251e-06	-11040.2
752	3.6251e-06	-9952.67
753	3.6251e-06	-11211.7
754	3.6251e-06	-11141.5
755	3.6251e-06	-11467.2
756	3.6251e-06	-12287
757	3.6251e-06	-14114.1
758	3.6251e-06	-12640.1
759	3.6251e-06	-12232.2
760	3.6251e-06	-11670.1
761	3.6251e-06	-11620.2
762	3.6251e-06	-15126.9
763	3.6251e-06	-13564.1
764	3.6251e-06	-12690.4
765	3.6251e-06	-10818.5
766	3.6251e-06	-11635.1
767	3.6251e-06	-11488.6
768	3.6251e-06	-12396.1
769	3.6251e-06	-11682.4
770	3.6251e-06	-13983.9
771	3.6251e-06	-12967.1
772	3.6251e-06	-10604.3
773	3.6251e-06	-12387.5
774	3.6251e-06	-11705.8
775	3.6251e-06	-12937.3
776	3.6251e-06	-12952.2
777	3.6251e-06	-13354
778	3.6251e-06	-15682.5
779	3.6251e-06	-14293.7
780	3.6251e-06	-12418
781	3.6251e-06	-14643.7
782	3.6251e-06	-11293.6
783	3.6251e-06	-12347.3
784	3.6251e-06	-11609
785	3.6251e-06	-13751.8
786	3.6251e-06	-12655.6
787	3.6251e-06	-10779.9
788	3.6251e-06	-10914
789	3.6251e-06	-11135.6
790	3.6251e-06	-12626.9
791	3.6251e-06	-10810.6
792	3.6251e-06	-10392.1
793	3.6251e-06	-10801.5
794	3.6251e-06	-10638.2
795	3.6251e-06	-11066.4
796	3.6251e-06	-12832.3
797	3.6251e-06	-11904.3
798	3.6251e-06	-12723.1
799	3.6251e-06	-13163.2
800	3.6251e-06	-12668.7
801	3.6251e-06	-12324.8
802	3.6251e-06	-12861.6
803	3.6251e-06	-12874.6
804	3.6251e-06	-13581.8
805	3.6251e-06	-12217.7
806	3.6251e-06	-11081.4
807	3.6251e-06	-11926.4
808	3.6251e-06	-12323.2
809	3.6251e-06	-10683
810	3.6251e-06	-10309.2
811	3.6251e-06	-13906.3
812	3.6251e-06	-14370.4
813	3.6251e-06	-12932.8
814	3.6251e-06	-11778.3
815	3.6251e-06	-12718.5
816	3.6251e-06	-13666.5
817	3.6251e-06	-13994.8
818	3.6251e-06	-12500.8
819	3.6251e-06	-11709.7
820	3.6251e-06	-12725.1
821	3.6251e-06	-11382.3
822	3.6251e-06	-11662.5
823	3.6251e-06	-10816.7
824	3.6251e-06	-12919.3
825	3.6251e-06	-11689.8
826	3.6251e-06	-11627
827	3.6251e-06	-13196.8
828	3.6251e-06	-12089.8
829	3.6251e-06	-12219.8
830	3.6251e-06	-10771.1
831	3.6251e-06	-10276.3
832	3.6251e-06	-11001
833	3.6251e-06	-11236
834	3.6251e-06	-13844.7
835	3.6251e-06	-12164.7
836	3.6251e-06	-13481
837	3.6251e-06	-12684.3
838	3.6251e-06	-10991.8
839	3.6251e-06	-10512.1
840	3.6251e-06	-11083.5
841	3.6251e-06	-14351.2
842	3.6251e-06	-13344.6
843	3.6251e-06	-12192.4
844	3.6251e-06	-12220.2
845	3.6251e-06	-13000
846	3.6251e-06	-13961.9
847	3.6251e-06	-12382.8
848	3.6251e-06	-12661.2
849	3.6251e-06	-13510.2
850	3.6251e-06	-13536.2
851	3.6251e-06	-12012.4
852	3.6251e-06	-10927.1
853	3.6251e-06	-12552.7
854	3.6251e-06	-12767.6
855	3.6251e-06	-12627.1
856	3.6251e-06	-10879.3
857	3.6251e-06	-10903.8
858	3.6251e-06	-11219
859	3.6251e-06	-12363.6
860	3.6251e-06	-11219.1
861	3.6251e-06	-10925.2
862	3.6251e-06	-14740.6
863	3.6251e-06	-13089.5
864	3.6251e-06	-12876.3
865	3.6251e-06	-14769
866	3.6251e-06	-12949.3
867	3.6251e-06	-12038.5
868	3.6251e-06	-15808.6
869	3.6251e-06	-14819.7
870	3.6251e-06	-16048
871	3.6251e-06	-18318.1
872	3.6251e-06	-12646.4
873	3.6251e-06	-12246.3
874	3.6251e-06	-12816.9
875	3.6251e-06	-11628.4
876	3.6251e-06	-11161.8
877	3.6251e-06	-12710.6
878	3.6251e-06	-13436.6
879	3.6251e-06	-12263.4
880	3.6251e-06	-12267.1
881	3.6251e-06	-11870.2
882	3.6251e-06	-12414.3
883	3.6251e-06	-13286.1
884	3.6251e-06	-13570.1
885	3.6251e-06	-12691.6
886	3.6251e-06	-13901.5
887	3.6251e-06	-13853.1
888	3.6251e-06	-12190.4
889	3.6251e-06	-12775.8
890	3.6251e-06	-13577.7
891	3.6251e-06	-12059.7
892	3.6251e-06	-11434.6
893	3.6251e-06	-11627.1
894	3.6251e-06	-13137
895	3.6251e-06	-12650.5
896	3.6251e-06	-11294.7
897	3.6251e-06	-11000
898	3.6251e-06	-12421.6
899	3.6251e-06	-13310.4
900	3.6251e-06	-12436.3
901	3.6251e-06	-12347
902	3.6251e-06	-11603.1
903	3.6251e-06	-11814.5
904	3.6251e-06	-12350.5
905	3.6251e-06	-13683.7
906	3.6251e-06	-13650.5
907	3.6251e-06	-12237
908	3.6251e-06	-10593.5
909	3.6251e-06	-11610.2
910	3.6251e-06	-11901.8
911	3.6251e-06	-12830.7
912	3.6251e-06	-13398.2
913	3.6251e-06	-12076.2
914	3.6251e-06	-10246
915	3.6251e-06	-11074.4
916	3.6251e-06	-11550.3
917	3.6251e-06	-11044.1
918	3.6251e-06	-12228.5
919	3.6251e-06	-12565.8
920	3.6251e-06	-9928.23
921	3.6251e-06	-12332.3
922	3.6251e-06	-11273.8
923	3.6251e-06	-13988.8
924	3.6251e-06	-13729.9
925	3.6251e-06	-12749.4
926	3.6251e-06	-15577.7
927	3.6251e-06	-14390.9
928	3.6251e-06	-15150.3
929	3.6251e-06	-14103.1
930	3.6251e-06	-13649.5
931	3.6251e-06	-13133.9
932	3.6251e-06	-12462.6
933	3.6251e-06	-12460
934	3.6251e-06	-13618.8
935	3.6251e-06	-14013
936	3.6251e-06	-13420.1
937	3.6251e-06	-11374
938	3.6251e-06	-13496.4
939	3.6251e-06	-13068.1
940	3.6251e-06	-10306.4
941	3.6251e-06	-11383.9
942	3.6251e-06	-12643
943	3.6251e-06	-15643.1
944	3.6251e-06	-11030
945	3.6251e-06	-12998.9
946	3.6251e-06	-12221.7
947	3.6251e-06	-14978.3
948	3.6251e-06	-12307.8
949	3.6251e-06	-10307.4
950	3.6251e-06	-11133.1
951	3.6251e-06	-11214.3
952	3.6251e-06	-11734.1
953	3.6251e-06	-13195.9
954	3.6251e-06	-13191.8
955	3.6251e-06	-12004.5
956	3.6251e-06	-11877.5
957	3.6251e-06	-11557.5
958	3.6251e-06	-10325.8
959	3.6251e-06	-11237.3
960	3.6251e-06	-13107.2
961	3.6251e-06	-12499.6
962	3.6251e-06	-11463.8
963	3.6251e-06	-12895.7
964	3.6251e-06	-10695.2
965	3.6251e-06	-10182.9
966	3.6251e-06	-11296.1
967	3.6251e-06	-11164
968	3.6251e-06	-10182.9
969	3.6251e-06	-10538.9
970	3.6251e-06	-11635.2
971	3.6251e-06	-11154
972	3.6251e-06	-11448.8
973	3.6251e-06	-10551.9
974	3.6251e-06	-11498.3
975	3.6251e-06	-10973.2
976	3.6251e-06	-10274
977	3.6251e-06	-10676.8
978	3.6251e-06	-10912.4
979	3.6251e-06	-11084.9
980	3.6251e-06	-11349.4
981	3.6251e-06	-11114.9
982	3.6251e-06	-11744.3
983	3.6251e-06	-12664.1
984	3.6251e-06	-12398.9
985	3.6251e-06	-12451.8
986	3.6251e-06	-10608.7
987	3.6251e-06	-12468.4
988	3.6251e-06	-11282.4
989	3.6251e-06	-12811.8
990	3.6251e-06	-11887.3
991	3.6251e-06	-12140.4
992	3.6251e-06	-12199.2
993	3.6251e-06	-12841.7
994	3.6251e-06	-12976.1
995	3.6251e-06	-9980.56
996	3.6251e-06	-12632.9
997	3.6251e-06	-10948.2
998	3.6251e-06	-11578.1
999	3.6251e-06	-13192.3
1000	3.6251e-06	-14113.9
