state	power	likelihood
251	0.653254	-8016.77
252	0.653254	-8014.56
253	0.653254	-8013.47
254	0.653254	-8016.43
255	0.653254	-8012.18
256	0.653254	-8017.65
257	0.653254	-8020.7
258	0.653254	-8021.29
259	0.653254	-8008.29
260	0.653254	-8015.51
261	0.653254	-8015.2
262	0.653254	-8009.43
263	0.653254	-8008.63
264	0.653254	-8005.65
265	0.653254	-8008.95
266	0.653254	-8008.1
267	0.653254	-8008.39
268	0.653254	-8009.73
269	0.653254	-8004.51
270	0.653254	-8004.38
271	0.653254	-7999.47
272	0.653254	-8001.31
273	0.653254	-8009.07
274	0.653254	-8008.7
275	0.653254	-8006.99
276	0.653254	-8004.69
277	0.653254	-8003.95
278	0.653254	-7998.48
279	0.653254	-8002.9
280	0.653254	-8003.46
281	0.653254	-8002.42
282	0.653254	-8006.21
283	0.653254	-8006.93
284	0.653254	-8008.14
285	0.653254	-8006.3
286	0.653254	-8008.64
287	0.653254	-8003.64
288	0.653254	-8007.35
289	0.653254	-8003.87
290	0.653254	-8009.55
291	0.653254	-8011.86
292	0.653254	-8013.96
293	0.653254	-8009.04
294	0.653254	-8009.17
295	0.653254	-8011.06
296	0.653254	-8013.78
297	0.653254	-8008.53
298	0.653254	-8015.84
299	0.653254	-8018.75
300	0.653254	-8012.41
301	0.653254	-8007.53
302	0.653254	-8008
303	0.653254	-8023.28
304	0.653254	-8018.43
305	0.653254	-8023.29
306	0.653254	-8010.75
307	0.653254	-8007.08
308	0.653254	-8022.14
309	0.653254	-8015.11
310	0.653254	-8012.31
311	0.653254	-8018.79
312	0.653254	-8015.73
313	0.653254	-8015.47
314	0.653254	-8013.65
315	0.653254	-8015.31
316	0.653254	-8012.25
317	0.653254	-8031.95
318	0.653254	-8032.9
319	0.653254	-8012.64
320	0.653254	-8010.64
321	0.653254	-8006.56
322	0.653254	-8015.57
323	0.653254	-8016.2
324	0.653254	-8008.84
325	0.653254	-8021.41
326	0.653254	-8011.82
327	0.653254	-8015.9
328	0.653254	-8008.16
329	0.653254	-8022.69
330	0.653254	-8025.72
331	0.653254	-8016.05
332	0.653254	-8008.81
333	0.653254	-8009.19
334	0.653254	-8012.34
335	0.653254	-8014.04
336	0.653254	-8013.03
337	0.653254	-8006.61
338	0.653254	-8012.53
339	0.653254	-8018.88
340	0.653254	-8021.81
341	0.653254	-8020.39
342	0.653254	-8018.31
343	0.653254	-8014.69
344	0.653254	-8014.98
345	0.653254	-8014.26
346	0.653254	-8012.08
347	0.653254	-8012.13
348	0.653254	-8015.02
349	0.653254	-8005.59
350	0.653254	-8007.43
351	0.653254	-8006.14
352	0.653254	-8007.98
353	0.653254	-7999.9
354	0.653254	-8006.58
355	0.653254	-8004.79
356	0.653254	-8013.63
357	0.653254	-8015.05
358	0.653254	-8010.26
359	0.653254	-8010.9
360	0.653254	-8004.37
361	0.653254	-8001.41
362	0.653254	-8005.47
363	0.653254	-8007.04
364	0.653254	-8006.8
365	0.653254	-8005.55
366	0.653254	-8005.84
367	0.653254	-8005.41
368	0.653254	-8006.01
369	0.653254	-8004
370	0.653254	-8000.36
371	0.653254	-7998.79
372	0.653254	-8006.38
373	0.653254	-8006.34
374	0.653254	-8009.63
375	0.653254	-8016.42
376	0.653254	-8015.29
377	0.653254	-8010.98
378	0.653254	-8011.72
379	0.653254	-8009.71
380	0.653254	-8023.21
381	0.653254	-8003.36
382	0.653254	-8013.62
383	0.653254	-8017.47
384	0.653254	-8014.43
385	0.653254	-8010.83
386	0.653254	-8002.66
387	0.653254	-8001.92
388	0.653254	-8001.2
389	0.653254	-8008.1
390	0.653254	-8005.75
391	0.653254	-8005.5
392	0.653254	-8009.99
393	0.653254	-8011.1
394	0.653254	-8014.96
395	0.653254	-8009.33
396	0.653254	-8013.25
397	0.653254	-8008.15
398	0.653254	-8009.04
399	0.653254	-8010.95
400	0.653254	-8008.93
401	0.653254	-8010.48
402	0.653254	-8007.59
403	0.653254	-8006.06
404	0.653254	-8009.93
405	0.653254	-8016.48
406	0.653254	-8020.09
407	0.653254	-8013.96
408	0.653254	-8021.96
409	0.653254	-8017.95
410	0.653254	-8010.81
411	0.653254	-8009.7
412	0.653254	-8012.15
413	0.653254	-8014.59
414	0.653254	-8008.48
415	0.653254	-8006.49
416	0.653254	-8013.83
417	0.653254	-8011.75
418	0.653254	-8011.6
419	0.653254	-8011.22
420	0.653254	-8010.34
421	0.653254	-8004.88
422	0.653254	-8007.15
423	0.653254	-8011.91
424	0.653254	-8012.7
425	0.653254	-8013.2
426	0.653254	-8012.59
427	0.653254	-8013.92
428	0.653254	-8010.48
429	0.653254	-8013.4
430	0.653254	-8020.23
431	0.653254	-8020.22
432	0.653254	-8018.53
433	0.653254	-8008.82
434	0.653254	-8006.76
435	0.653254	-8006.43
436	0.653254	-8011.65
437	0.653254	-8005.09
438	0.653254	-8003.53
439	0.653254	-8008.42
440	0.653254	-8007.03
441	0.653254	-8011.54
442	0.653254	-8012.24
443	0.653254	-8011.8
444	0.653254	-8015.51
445	0.653254	-8018.43
446	0.653254	-8014.38
447	0.653254	-8016.45
448	0.653254	-8010.5
449	0.653254	-8015.71
450	0.653254	-8006.04
451	0.653254	-8016.06
452	0.653254	-8018.24
453	0.653254	-8013.14
454	0.653254	-8030.31
455	0.653254	-8021.8
456	0.653254	-8029.46
457	0.653254	-8005.6
458	0.653254	-8006.78
459	0.653254	-8012.97
460	0.653254	-8021.37
461	0.653254	-8020.67
462	0.653254	-8013.66
463	0.653254	-8009.51
464	0.653254	-8007.26
465	0.653254	-8006.86
466	0.653254	-8013.29
467	0.653254	-8012.71
468	0.653254	-8010.67
469	0.653254	-8016.35
470	0.653254	-8014.12
471	0.653254	-8010.85
472	0.653254	-8013.48
473	0.653254	-8015.81
474	0.653254	-8006.14
475	0.653254	-8010.09
476	0.653254	-8027.31
477	0.653254	-8020.95
478	0.653254	-8013.35
479	0.653254	-8018.65
480	0.653254	-8022.17
481	0.653254	-8014.01
482	0.653254	-8012.33
483	0.653254	-8013.73
484	0.653254	-8011.83
485	0.653254	-8011.99
486	0.653254	-8011.47
487	0.653254	-8014.92
488	0.653254	-8018.42
489	0.653254	-8019.42
490	0.653254	-8011.1
491	0.653254	-8013.59
492	0.653254	-8015.3
493	0.653254	-8008.89
494	0.653254	-8010.42
495	0.653254	-8012.21
496	0.653254	-8005.1
497	0.653254	-8009.55
498	0.653254	-8010.23
499	0.653254	-8004.79
500	0.653254	-8006.39
501	0.653254	-8013.96
502	0.653254	-8008.7
503	0.653254	-8010.15
504	0.653254	-8012.63
505	0.653254	-8009.7
506	0.653254	-8010.73
507	0.653254	-8010.27
508	0.653254	-8008.2
509	0.653254	-8012.5
510	0.653254	-8009.96
511	0.653254	-8007.09
512	0.653254	-7999.45
513	0.653254	-8007.51
514	0.653254	-8011.36
515	0.653254	-8014.94
516	0.653254	-8005.46
517	0.653254	-8010.2
518	0.653254	-8011.61
519	0.653254	-8009.8
520	0.653254	-8009.8
521	0.653254	-8013.34
522	0.653254	-8015.07
523	0.653254	-8019.4
524	0.653254	-8016.37
525	0.653254	-8004.32
526	0.653254	-8011.35
527	0.653254	-8004.95
528	0.653254	-8008.27
529	0.653254	-8008.07
530	0.653254	-8001.92
531	0.653254	-8003.88
532	0.653254	-8004.2
533	0.653254	-8013.9
534	0.653254	-8005.54
535	0.653254	-8005.04
536	0.653254	-8008.81
537	0.653254	-8001.52
538	0.653254	-8002.33
539	0.653254	-8006.37
540	0.653254	-8013.6
541	0.653254	-8013.44
542	0.653254	-8012.75
543	0.653254	-8013.36
544	0.653254	-8015.39
545	0.653254	-8012.84
546	0.653254	-8014.28
547	0.653254	-8017.17
548	0.653254	-8016.67
549	0.653254	-8032.66
550	0.653254	-8029.6
551	0.653254	-8027.63
552	0.653254	-8018.22
553	0.653254	-8020.5
554	0.653254	-8011.36
555	0.653254	-8019.12
556	0.653254	-8010.66
557	0.653254	-8013.26
558	0.653254	-8011.64
559	0.653254	-8021.81
560	0.653254	-8020.09
561	0.653254	-8021.74
562	0.653254	-8014.86
563	0.653254	-8028.27
564	0.653254	-8026.28
565	0.653254	-8020.59
566	0.653254	-8028.49
567	0.653254	-8017.84
568	0.653254	-8019.32
569	0.653254	-8018.71
570	0.653254	-8020.24
571	0.653254	-8017.82
572	0.653254	-8020.61
573	0.653254	-8018.55
574	0.653254	-8011.12
575	0.653254	-8016.42
576	0.653254	-8019.03
577	0.653254	-8002.67
578	0.653254	-8001.36
579	0.653254	-8001.49
580	0.653254	-8001.16
581	0.653254	-8007.76
582	0.653254	-8007.46
583	0.653254	-8009.54
584	0.653254	-8009.69
585	0.653254	-8011.44
586	0.653254	-8011.82
587	0.653254	-8017.14
588	0.653254	-8010.54
589	0.653254	-8012.45
590	0.653254	-8011.86
591	0.653254	-8011.94
592	0.653254	-8009.19
593	0.653254	-8015.4
594	0.653254	-8009.41
595	0.653254	-8018.84
596	0.653254	-8011.41
597	0.653254	-8009.45
598	0.653254	-8010.97
599	0.653254	-8003.63
600	0.653254	-8003.79
601	0.653254	-8011.07
602	0.653254	-8004.99
603	0.653254	-8004.51
604	0.653254	-8001.68
605	0.653254	-7998.89
606	0.653254	-8000.72
607	0.653254	-8009.36
608	0.653254	-8010.96
609	0.653254	-8011.21
610	0.653254	-8009.29
611	0.653254	-8015.44
612	0.653254	-8016.48
613	0.653254	-8020.12
614	0.653254	-8009.04
615	0.653254	-8009.97
616	0.653254	-8012.12
617	0.653254	-8015.06
618	0.653254	-8009.83
619	0.653254	-8009.57
620	0.653254	-8008.5
621	0.653254	-8016.27
622	0.653254	-8019.65
623	0.653254	-8014.7
624	0.653254	-8013.13
625	0.653254	-8024.14
626	0.653254	-8012.42
627	0.653254	-8015.47
628	0.653254	-8005.4
629	0.653254	-8012.11
630	0.653254	-8007.75
631	0.653254	-8009.26
632	0.653254	-8022.17
633	0.653254	-8011.86
634	0.653254	-8010.02
635	0.653254	-8005.65
636	0.653254	-8005.36
637	0.653254	-8004.86
638	0.653254	-8001.17
639	0.653254	-8001.52
640	0.653254	-7997.94
641	0.653254	-7996.72
642	0.653254	-8000.8
643	0.653254	-8002.72
644	0.653254	-8012.41
645	0.653254	-8016.63
646	0.653254	-8009.65
647	0.653254	-8009.13
648	0.653254	-8007.92
649	0.653254	-8007.42
650	0.653254	-8017.3
651	0.653254	-8007.05
652	0.653254	-8007.44
653	0.653254	-8002.72
654	0.653254	-8008.1
655	0.653254	-8003.83
656	0.653254	-8005.75
657	0.653254	-8000.61
658	0.653254	-8007.88
659	0.653254	-8002.05
660	0.653254	-8009.25
661	0.653254	-8008.32
662	0.653254	-8001.89
663	0.653254	-8013.8
664	0.653254	-8020.11
665	0.653254	-8013.2
666	0.653254	-8009.87
667	0.653254	-8010.04
668	0.653254	-8012.97
669	0.653254	-8021.09
670	0.653254	-8013.26
671	0.653254	-8017.41
672	0.653254	-8011.5
673	0.653254	-8004.68
674	0.653254	-8013.99
675	0.653254	-8006.64
676	0.653254	-8004.31
677	0.653254	-8004.19
678	0.653254	-8009.52
679	0.653254	-8020.25
680	0.653254	-8005.36
681	0.653254	-8010.49
682	0.653254	-8008.02
683	0.653254	-8005.92
684	0.653254	-8005.58
685	0.653254	-8007.97
686	0.653254	-8001.6
687	0.653254	-8005.66
688	0.653254	-8002.18
689	0.653254	-8007.51
690	0.653254	-8007.14
691	0.653254	-8002.99
692	0.653254	-8007.85
693	0.653254	-8007.35
694	0.653254	-8005.71
695	0.653254	-8010.8
696	0.653254	-8008.65
697	0.653254	-8003.59
698	0.653254	-8000.08
699	0.653254	-8005.62
700	0.653254	-8006.45
701	0.653254	-8005.65
702	0.653254	-8002.12
703	0.653254	-8013.7
704	0.653254	-8009.37
705	0.653254	-8027.71
706	0.653254	-8023.63
707	0.653254	-8020.12
708	0.653254	-8016.04
709	0.653254	-8013.12
710	0.653254	-8001.32
711	0.653254	-8008.5
712	0.653254	-8007.64
713	0.653254	-7999.7
714	0.653254	-8001.84
715	0.653254	-8006.21
716	0.653254	-8008.16
717	0.653254	-8003.02
718	0.653254	-8004.73
719	0.653254	-8008.35
720	0.653254	-8010.72
721	0.653254	-8020.61
722	0.653254	-8014.12
723	0.653254	-8012.46
724	0.653254	-8005.4
725	0.653254	-8011.84
726	0.653254	-8010.37
727	0.653254	-8009.02
728	0.653254	-8007.63
729	0.653254	-8005.42
730	0.653254	-8022.18
731	0.653254	-8019.87
732	0.653254	-8014.19
733	0.653254	-8024.85
734	0.653254	-8011.05
735	0.653254	-8012.68
736	0.653254	-8020.04
737	0.653254	-8020.57
738	0.653254	-8021.45
739	0.653254	-8020.66
740	0.653254	-8019.52
741	0.653254	-8016.54
742	0.653254	-8008.5
743	0.653254	-8015.54
744	0.653254	-8010.74
745	0.653254	-8008.65
746	0.653254	-8011.01
747	0.653254	-8007.75
748	0.653254	-8011.48
749	0.653254	-8005.4
750	0.653254	-8002.85
751	0.653254	-8012.61
752	0.653254	-8008.29
753	0.653254	-8005.51
754	0.653254	-8003.78
755	0.653254	-8004.61
756	0.653254	-8004.41
757	0.653254	-8008.2
758	0.653254	-8006.15
759	0.653254	-8011.81
760	0.653254	-8008.99
761	0.653254	-8003.25
762	0.653254	-8000.14
763	0.653254	-8002.74
764	0.653254	-8005.16
765	0.653254	-8005.17
766	0.653254	-8003.29
767	0.653254	-8008.95
768	0.653254	-8013.81
769	0.653254	-8013.12
770	0.653254	-8008.95
771	0.653254	-8011.43
772	0.653254	-8031.15
773	0.653254	-8024.81
774	0.653254	-8011.75
775	0.653254	-8015.95
776	0.653254	-8022.65
777	0.653254	-8026.48
778	0.653254	-8010.56
779	0.653254	-8017.24
780	0.653254	-8013.45
781	0.653254	-8012.95
782	0.653254	-8024.51
783	0.653254	-8019.87
784	0.653254	-8017.49
785	0.653254	-8024.38
786	0.653254	-8020.12
787	0.653254	-8024.15
788	0.653254	-8012.33
789	0.653254	-8013.13
790	0.653254	-8007.36
791	0.653254	-8006.03
792	0.653254	-8007.67
793	0.653254	-8017.54
794	0.653254	-8011.85
795	0.653254	-8010.76
796	0.653254	-8011.11
797	0.653254	-8011.91
798	0.653254	-8009.12
799	0.653254	-8009.78
800	0.653254	-8019.4
801	0.653254	-8014.76
802	0.653254	-8014.13
803	0.653254	-8016.33
804	0.653254	-8014.01
805	0.653254	-8007.88
806	0.653254	-8004.35
807	0.653254	-8007.88
808	0.653254	-8011.14
809	0.653254	-7998.68
810	0.653254	-8007.19
811	0.653254	-8000.97
812	0.653254	-8005.06
813	0.653254	-8005.28
814	0.653254	-8009.9
815	0.653254	-8013.24
816	0.653254	-8012.71
817	0.653254	-8003.39
818	0.653254	-8003.55
819	0.653254	-8010.08
820	0.653254	-8008.43
821	0.653254	-8007.81
822	0.653254	-8005.62
823	0.653254	-8009.55
824	0.653254	-8005.57
825	0.653254	-8011.09
826	0.653254	-8011.56
827	0.653254	-8009.01
828	0.653254	-8009.86
829	0.653254	-8005.24
830	0.653254	-8010.31
831	0.653254	-8014.78
832	0.653254	-8017.95
833	0.653254	-8011.39
834	0.653254	-8014.75
835	0.653254	-8016.42
836	0.653254	-8010.21
837	0.653254	-8011.59
838	0.653254	-8010.53
839	0.653254	-8013.8
840	0.653254	-8013.67
841	0.653254	-8004.92
842	0.653254	-8008.72
843	0.653254	-8015.25
844	0.653254	-8009.08
845	0.653254	-8015.25
846	0.653254	-8013.16
847	0.653254	-8010.48
848	0.653254	-8013.87
849	0.653254	-8016.74
850	0.653254	-8020.59
851	0.653254	-8015.48
852	0.653254	-8008.52
853	0.653254	-8009.41
854	0.653254	-8004.52
855	0.653254	-8004.06
856	0.653254	-8006.24
857	0.653254	-8003.49
858	0.653254	-8001.54
859	0.653254	-8002.99
860	0.653254	-8008.15
861	0.653254	-8005.09
862	0.653254	-8013.76
863	0.653254	-8020.75
864	0.653254	-8011.31
865	0.653254	-8014.26
866	0.653254	-8011.55
867	0.653254	-8010.85
868	0.653254	-8010.65
869	0.653254	-8007.79
870	0.653254	-8008.31
871	0.653254	-8007.03
872	0.653254	-8009.84
873	0.653254	-8013.18
874	0.653254	-8013.7
875	0.653254	-8016.65
876	0.653254	-8008.31
877	0.653254	-8013.41
878	0.653254	-8012.36
879	0.653254	-8005.29
880	0.653254	-8005.71
881	0.653254	-8003.91
882	0.653254	-8010.49
883	0.653254	-8006.68
884	0.653254	-8004.11
885	0.653254	-7999.62
886	0.653254	-7999.92
887	0.653254	-8007.21
888	0.653254	-8007.51
889	0.653254	-8005.53
890	0.653254	-8012.16
891	0.653254	-8006.6
892	0.653254	-8007.33
893	0.653254	-8002.9
894	0.653254	-8003.12
895	0.653254	-8008.27
896	0.653254	-8002.3
897	0.653254	-8012.2
898	0.653254	-8009.72
899	0.653254	-8010.91
900	0.653254	-8014.8
901	0.653254	-8022.02
902	0.653254	-8014.18
903	0.653254	-8013.21
904	0.653254	-8014.33
905	0.653254	-8005.68
906	0.653254	-8005.39
907	0.653254	-8005.79
908	0.653254	-8017.27
909	0.653254	-8012.87
910	0.653254	-8014.25
911	0.653254	-8013.53
912	0.653254	-8016.84
913	0.653254	-8014.24
914	0.653254	-8011.91
915	0.653254	-8014.47
916	0.653254	-8005.11
917	0.653254	-8007.24
918	0.653254	-8003.4
919	0.653254	-8006.12
920	0.653254	-8008.17
921	0.653254	-8009.22
922	0.653254	-8004.64
923	0.653254	-8006.48
924	0.653254	-8013.23
925	0.653254	-8011.79
926	0.653254	-8005.15
927	0.653254	-8004.64
928	0.653254	-8011.72
929	0.653254	-8010.22
930	0.653254	-8004.98
931	0.653254	-8006.59
932	0.653254	-8004.27
933	0.653254	-8014.91
934	0.653254	-8013.77
935	0.653254	-8008.57
936	0.653254	-8006.32
937	0.653254	-8001.47
938	0.653254	-8004.56
939	0.653254	-8002.42
940	0.653254	-8000.9
941	0.653254	-8010.36
942	0.653254	-8008.34
943	0.653254	-8004.1
944	0.653254	-8012.19
945	0.653254	-8012.73
946	0.653254	-8014.85
947	0.653254	-8009.25
948	0.653254	-8006.64
949	0.653254	-8006.81
950	0.653254	-8001.48
951	0.653254	-8006.69
952	0.653254	-8003.48
953	0.653254	-8003.32
954	0.653254	-8006.45
955	0.653254	-8011.33
956	0.653254	-8012.37
957	0.653254	-8006.83
958	0.653254	-8003.31
959	0.653254	-8007.55
960	0.653254	-8008.1
961	0.653254	-8014.37
962	0.653254	-8019.47
963	0.653254	-7999.79
964	0.653254	-8003.07
965	0.653254	-8002.17
966	0.653254	-8002.27
967	0.653254	-8001.37
968	0.653254	-8006.29
969	0.653254	-8013.36
970	0.653254	-8008.36
971	0.653254	-8009.14
972	0.653254	-8011.07
973	0.653254	-8008.55
974	0.653254	-8011.92
975	0.653254	-8008.87
976	0.653254	-8009.15
977	0.653254	-8009.93
978	0.653254	-8010.87
979	0.653254	-8014.06
980	0.653254	-8002.45
981	0.653254	-8011.81
982	0.653254	-8022.49
983	0.653254	-8010.41
984	0.653254	-8007.91
985	0.653254	-8002.86
986	0.653254	-8004.92
987	0.653254	-8010.77
988	0.653254	-8011.01
989	0.653254	-8002.16
990	0.653254	-8003.81
991	0.653254	-8000.46
992	0.653254	-8002.66
993	0.653254	-8001.69
994	0.653254	-8001.62
995	0.653254	-8007.95
996	0.653254	-8009.06
997	0.653254	-8015.54
998	0.653254	-8017.69
999	0.653254	-8010.37
1000	0.653254	-8007.15
