state	power	likelihood
251	0.00131443	-11325.8
252	0.00131443	-11994.3
253	0.00131443	-10961.9
254	0.00131443	-11485.9
255	0.00131443	-11431
256	0.00131443	-10489.4
257	0.00131443	-10805.6
258	0.00131443	-11121.1
259	0.00131443	-11651.7
260	0.00131443	-11269.7
261	0.00131443	-10986.5
262	0.00131443	-10144.2
263	0.00131443	-11306
264	0.00131443	-11466.5
265	0.00131443	-11307.8
266	0.00131443	-11396.8
267	0.00131443	-12217.1
268	0.00131443	-11908.7
269	0.00131443	-12351
270	0.00131443	-10725.8
271	0.00131443	-10536.5
272	0.00131443	-10988.6
273	0.00131443	-10209.3
274	0.00131443	-11128.4
275	0.00131443	-10880.5
276	0.00131443	-10164.8
277	0.00131443	-10944.4
278	0.00131443	-13080.2
279	0.00131443	-11368.5
280	0.00131443	-10255.1
281	0.00131443	-10878.1
282	0.00131443	-10709.6
283	0.00131443	-9543.07
284	0.00131443	-11579.2
285	0.00131443	-10628.3
286	0.00131443	-10900.6
287	0.00131443	-11310.9
288	0.00131443	-13282.4
289	0.00131443	-10532.1
290	0.00131443	-10878.1
291	0.00131443	-10554.9
292	0.00131443	-11832.6
293	0.00131443	-11509.1
294	0.00131443	-10593.9
295	0.00131443	-11288.3
296	0.00131443	-10318.2
297	0.00131443	-9703.79
298	0.00131443	-10023.5
299	0.00131443	-9517.56
300	0.00131443	-10407.3
301	0.00131443	-10063.4
302	0.00131443	-11120
303	0.00131443	-11140.6
304	0.00131443	-10941.4
305	0.00131443	-10435.9
306	0.00131443	-11032.1
307	0.00131443	-11479.1
308	0.00131443	-11993.7
309	0.00131443	-11772
310	0.00131443	-11141.9
311	0.00131443	-10813.1
312	0.00131443	-10913.7
313	0.00131443	-11133.1
314	0.00131443	-11090.7
315	0.00131443	-11893
316	0.00131443	-10905.9
317	0.00131443	-11393.4
318	0.00131443	-11299.8
319	0.00131443	-10915
320	0.00131443	-11495.4
321	0.00131443	-12298.7
322	0.00131443	-10236
323	0.00131443	-10955.3
324	0.00131443	-11899.7
325	0.00131443	-10794.8
326	0.00131443	-11162.4
327	0.00131443	-11421.8
328	0.00131443	-11452.2
329	0.00131443	-13909.7
330	0.00131443	-11390.6
331	0.00131443	-13028.8
332	0.00131443	-11618.1
333	0.00131443	-11455.5
334	0.00131443	-12155
335	0.00131443	-10963.1
336	0.00131443	-11370.4
337	0.00131443	-11834.5
338	0.00131443	-11219.7
339	0.00131443	-11861.5
340	0.00131443	-10674.6
341	0.00131443	-11015.1
342	0.00131443	-10562.4
343	0.00131443	-11306.4
344	0.00131443	-10284.4
345	0.00131443	-12602.1
346	0.00131443	-11853.6
347	0.00131443	-12776
348	0.00131443	-10528.8
349	0.00131443	-10726.6
350	0.00131443	-11034.6
351	0.00131443	-11266.4
352	0.00131443	-10739.5
353	0.00131443	-10007.9
354	0.00131443	-11231.8
355	0.00131443	-10434.2
356	0.00131443	-10590.7
357	0.00131443	-11484.1
358	0.00131443	-11172
359	0.00131443	-11515.8
360	0.00131443	-11166
361	0.00131443	-10238.5
362	0.00131443	-10471.7
363	0.00131443	-10248.5
364	0.00131443	-10459.7
365	0.00131443	-9708.94
366	0.00131443	-10177.5
367	0.00131443	-10614.6
368	0.00131443	-10347.4
369	0.00131443	-10345.4
370	0.00131443	-10834.2
371	0.00131443	-10874.4
372	0.00131443	-10450
373	0.00131443	-9887.03
374	0.00131443	-10573.6
375	0.00131443	-10887.9
376	0.00131443	-10198.4
377	0.00131443	-10133.4
378	0.00131443	-10416.9
379	0.00131443	-11659.5
380	0.00131443	-10139.6
381	0.00131443	-11486.9
382	0.00131443	-11608.6
383	0.00131443	-9701.22
384	0.00131443	-10493.6
385	0.00131443	-10139.2
386	0.00131443	-11340.9
387	0.00131443	-11607.4
388	0.00131443	-11289.2
389	0.00131443	-10576.9
390	0.00131443	-10230.2
391	0.00131443	-10233.2
392	0.00131443	-11110.7
393	0.00131443	-9700.33
394	0.00131443	-10173.9
395	0.00131443	-10132.8
396	0.00131443	-10869.5
397	0.00131443	-11792.8
398	0.00131443	-11315.3
399	0.00131443	-11438.7
400	0.00131443	-10918.8
401	0.00131443	-10417
402	0.00131443	-10253.8
403	0.00131443	-11222.4
404	0.00131443	-11200.5
405	0.00131443	-10566.7
406	0.00131443	-10413.5
407	0.00131443	-10242.5
408	0.00131443	-11031
409	0.00131443	-10838.4
410	0.00131443	-11204.5
411	0.00131443	-10915.6
412	0.00131443	-10989
413	0.00131443	-11387.7
414	0.00131443	-11820.3
415	0.00131443	-10900
416	0.00131443	-11216.1
417	0.00131443	-11618.3
418	0.00131443	-11781.2
419	0.00131443	-11122.6
420	0.00131443	-11618.3
421	0.00131443	-9617.49
422	0.00131443	-11529.6
423	0.00131443	-10028.2
424	0.00131443	-10481.5
425	0.00131443	-11300.4
426	0.00131443	-9928.81
427	0.00131443	-11429.9
428	0.00131443	-10499.8
429	0.00131443	-9636.61
430	0.00131443	-10633.1
431	0.00131443	-10305.1
432	0.00131443	-11230.8
433	0.00131443	-11224.7
434	0.00131443	-11523.4
435	0.00131443	-9894.53
436	0.00131443	-10585.9
437	0.00131443	-11732.9
438	0.00131443	-11368.3
439	0.00131443	-12629.6
440	0.00131443	-11117.2
441	0.00131443	-11215.5
442	0.00131443	-11147.3
443	0.00131443	-10275.7
444	0.00131443	-10925.6
445	0.00131443	-11616.6
446	0.00131443	-10913.7
447	0.00131443	-11739.1
448	0.00131443	-11207.9
449	0.00131443	-12064.6
450	0.00131443	-10115.5
451	0.00131443	-10021.8
452	0.00131443	-11384.1
453	0.00131443	-11604.9
454	0.00131443	-12193
455	0.00131443	-10989.8
456	0.00131443	-9747.03
457	0.00131443	-10298.5
458	0.00131443	-10702.9
459	0.00131443	-10189.6
460	0.00131443	-9387.02
461	0.00131443	-10296.9
462	0.00131443	-12261.7
463	0.00131443	-10737.3
464	0.00131443	-11844.5
465	0.00131443	-11800.6
466	0.00131443	-11172.3
467	0.00131443	-10719.1
468	0.00131443	-11036.9
469	0.00131443	-11101.4
470	0.00131443	-10118
471	0.00131443	-10591.3
472	0.00131443	-10787.7
473	0.00131443	-10037.3
474	0.00131443	-11358.8
475	0.00131443	-10091.4
476	0.00131443	-9517.59
477	0.00131443	-10316.8
478	0.00131443	-12020.1
479	0.00131443	-11623.4
480	0.00131443	-10404.1
481	0.00131443	-10921.4
482	0.00131443	-10802.2
483	0.00131443	-11636.5
484	0.00131443	-11721.4
485	0.00131443	-11952.8
486	0.00131443	-10978.7
487	0.00131443	-11341.1
488	0.00131443	-12701.5
489	0.00131443	-12180
490	0.00131443	-10898.5
491	0.00131443	-10789.4
492	0.00131443	-10009
493	0.00131443	-10633.2
494	0.00131443	-10477.3
495	0.00131443	-9863.34
496	0.00131443	-9794.84
497	0.00131443	-11243.9
498	0.00131443	-12559.7
499	0.00131443	-12595.3
500	0.00131443	-11021.2
501	0.00131443	-10383.4
502	0.00131443	-11239.4
503	0.00131443	-11557.2
504	0.00131443	-10064.9
505	0.00131443	-10317.2
506	0.00131443	-11028.4
507	0.00131443	-10386.1
508	0.00131443	-10055.1
509	0.00131443	-10359
510	0.00131443	-11699.8
511	0.00131443	-12037.8
512	0.00131443	-11297.6
513	0.00131443	-11883.9
514	0.00131443	-11355.2
515	0.00131443	-9791.86
516	0.00131443	-9884.75
517	0.00131443	-10797.2
518	0.00131443	-11370.5
519	0.00131443	-11831.3
520	0.00131443	-10891.1
521	0.00131443	-11162.9
522	0.00131443	-13112.9
523	0.00131443	-10345.3
524	0.00131443	-10530.1
525	0.00131443	-11413.1
526	0.00131443	-11751.1
527	0.00131443	-10429.2
528	0.00131443	-10587.3
529	0.00131443	-10556.5
530	0.00131443	-11850.1
531	0.00131443	-13904.6
532	0.00131443	-11413.3
533	0.00131443	-11151.7
534	0.00131443	-11490.7
535	0.00131443	-10581
536	0.00131443	-10918
537	0.00131443	-10791.4
538	0.00131443	-10806.2
539	0.00131443	-10860.4
540	0.00131443	-10422.4
541	0.00131443	-11686.2
542	0.00131443	-12170.7
543	0.00131443	-11324.4
544	0.00131443	-11712.7
545	0.00131443	-11287.7
546	0.00131443	-10341.5
547	0.00131443	-9653.53
548	0.00131443	-9744.51
549	0.00131443	-10265.5
550	0.00131443	-10317.1
551	0.00131443	-10738.9
552	0.00131443	-10755.3
553	0.00131443	-10919.6
554	0.00131443	-12397.1
555	0.00131443	-13102.7
556	0.00131443	-11979.5
557	0.00131443	-11331.1
558	0.00131443	-10657.6
559	0.00131443	-9977.25
560	0.00131443	-10427.4
561	0.00131443	-10800.8
562	0.00131443	-11246.2
563	0.00131443	-11548.7
564	0.00131443	-11360
565	0.00131443	-11057
566	0.00131443	-10619.9
567	0.00131443	-10840.5
568	0.00131443	-10199.7
569	0.00131443	-10968.7
570	0.00131443	-10988.3
571	0.00131443	-10666.7
572	0.00131443	-11984.7
573	0.00131443	-11314.8
574	0.00131443	-9996.8
575	0.00131443	-10434
576	0.00131443	-11204.8
577	0.00131443	-9992.12
578	0.00131443	-10408.4
579	0.00131443	-9892.92
580	0.00131443	-10078.1
581	0.00131443	-11628
582	0.00131443	-11942.2
583	0.00131443	-10947.9
584	0.00131443	-11222.6
585	0.00131443	-10362.6
586	0.00131443	-11425.5
587	0.00131443	-12340.8
588	0.00131443	-11123.3
589	0.00131443	-11144.2
590	0.00131443	-11601
591	0.00131443	-11885.4
592	0.00131443	-12074.6
593	0.00131443	-10615.5
594	0.00131443	-10276.9
595	0.00131443	-10461.8
596	0.00131443	-10738.2
597	0.00131443	-10712.1
598	0.00131443	-11115.5
599	0.00131443	-10791.3
600	0.00131443	-13288.9
601	0.00131443	-11578
602	0.00131443	-10517.3
603	0.00131443	-9975.76
604	0.00131443	-10694.5
605	0.00131443	-10805
606	0.00131443	-10669.8
607	0.00131443	-10531.8
608	0.00131443	-10059.6
609	0.00131443	-11199.2
610	0.00131443	-10752.4
611	0.00131443	-10404.5
612	0.00131443	-12227.3
613	0.00131443	-10555.1
614	0.00131443	-9828.56
615	0.00131443	-11205.8
616	0.00131443	-11746.7
617	0.00131443	-10892.3
618	0.00131443	-12191.5
619	0.00131443	-12027.8
620	0.00131443	-11523.7
621	0.00131443	-10215.2
622	0.00131443	-10633
623	0.00131443	-11861.1
624	0.00131443	-10356.5
625	0.00131443	-11011.8
626	0.00131443	-10669.3
627	0.00131443	-11184.5
628	0.00131443	-11501.3
629	0.00131443	-10568.5
630	0.00131443	-10047.1
631	0.00131443	-10389
632	0.00131443	-10288.9
633	0.00131443	-10828.3
634	0.00131443	-11985.6
635	0.00131443	-11250.2
636	0.00131443	-10768.9
637	0.00131443	-11751.6
638	0.00131443	-12043.5
639	0.00131443	-10969.9
640	0.00131443	-11121
641	0.00131443	-12591
642	0.00131443	-9802.52
643	0.00131443	-10920.1
644	0.00131443	-10399.5
645	0.00131443	-10516.7
646	0.00131443	-10202.3
647	0.00131443	-10222.6
648	0.00131443	-10886.6
649	0.00131443	-11888.8
650	0.00131443	-12966
651	0.00131443	-11198.5
652	0.00131443	-11592.3
653	0.00131443	-10675.5
654	0.00131443	-11118.5
655	0.00131443	-10206.1
656	0.00131443	-10719.8
657	0.00131443	-10835.2
658	0.00131443	-11726.3
659	0.00131443	-12542.7
660	0.00131443	-11264.1
661	0.00131443	-12634.4
662	0.00131443	-11833.6
663	0.00131443	-11430.8
664	0.00131443	-11259.2
665	0.00131443	-9521.41
666	0.00131443	-10449.3
667	0.00131443	-11152
668	0.00131443	-10754.8
669	0.00131443	-10376.4
670	0.00131443	-9511.42
671	0.00131443	-10077.2
672	0.00131443	-11214.2
673	0.00131443	-12803.7
674	0.00131443	-12419.7
675	0.00131443	-11593.4
676	0.00131443	-13467.3
677	0.00131443	-12085.1
678	0.00131443	-12960.2
679	0.00131443	-12591.3
680	0.00131443	-10982
681	0.00131443	-10676.2
682	0.00131443	-11176.7
683	0.00131443	-11489.9
684	0.00131443	-11922.6
685	0.00131443	-10573.6
686	0.00131443	-10339.8
687	0.00131443	-11134.8
688	0.00131443	-11857.6
689	0.00131443	-11574.5
690	0.00131443	-12587.3
691	0.00131443	-11513.5
692	0.00131443	-10988.9
693	0.00131443	-9878.47
694	0.00131443	-11228.1
695	0.00131443	-11077.1
696	0.00131443	-10278.2
697	0.00131443	-9876.39
698	0.00131443	-9388.25
699	0.00131443	-11450.4
700	0.00131443	-10013.1
701	0.00131443	-12554.4
702	0.00131443	-12175.9
703	0.00131443	-10431.9
704	0.00131443	-11302.1
705	0.00131443	-10277.2
706	0.00131443	-10087.5
707	0.00131443	-10729.6
708	0.00131443	-12462
709	0.00131443	-10816.5
710	0.00131443	-10491.8
711	0.00131443	-9896.26
712	0.00131443	-9915.34
713	0.00131443	-12594.6
714	0.00131443	-13263.7
715	0.00131443	-11204.9
716	0.00131443	-12587.8
717	0.00131443	-11092.7
718	0.00131443	-10252
719	0.00131443	-11400.9
720	0.00131443	-11447.5
721	0.00131443	-9333.34
722	0.00131443	-9717.79
723	0.00131443	-9879.95
724	0.00131443	-10708.6
725	0.00131443	-10334.5
726	0.00131443	-10669
727	0.00131443	-12567.1
728	0.00131443	-10307.1
729	0.00131443	-10432.1
730	0.00131443	-11969.5
731	0.00131443	-11254.3
732	0.00131443	-11144.8
733	0.00131443	-11171.6
734	0.00131443	-11245.2
735	0.00131443	-11053.8
736	0.00131443	-10905.9
737	0.00131443	-11788.1
738	0.00131443	-11179.7
739	0.00131443	-11482.2
740	0.00131443	-11856.1
741	0.00131443	-11202.5
742	0.00131443	-11799.5
743	0.00131443	-10815.6
744	0.00131443	-11298.9
745	0.00131443	-9795.92
746	0.00131443	-11164.1
747	0.00131443	-11095.1
748	0.00131443	-12029.3
749	0.00131443	-11329
750	0.00131443	-11472
751	0.00131443	-10307.7
752	0.00131443	-11105.7
753	0.00131443	-11882.7
754	0.00131443	-10817.3
755	0.00131443	-10602.6
756	0.00131443	-10580.8
757	0.00131443	-10247.6
758	0.00131443	-10366.3
759	0.00131443	-11687.7
760	0.00131443	-9673.58
761	0.00131443	-10470.7
762	0.00131443	-10353.7
763	0.00131443	-10719.1
764	0.00131443	-10494.5
765	0.00131443	-8999.31
766	0.00131443	-9713.96
767	0.00131443	-10591.1
768	0.00131443	-10029.6
769	0.00131443	-10294.5
770	0.00131443	-9809.8
771	0.00131443	-10198.4
772	0.00131443	-10625.4
773	0.00131443	-10655.8
774	0.00131443	-10789.8
775	0.00131443	-10153.7
776	0.00131443	-9708.27
777	0.00131443	-9736.84
778	0.00131443	-10300.5
779	0.00131443	-10784.7
780	0.00131443	-10858.1
781	0.00131443	-11051.9
782	0.00131443	-9920.2
783	0.00131443	-11945.2
784	0.00131443	-12100.3
785	0.00131443	-11597.8
786	0.00131443	-11307.2
787	0.00131443	-11795.7
788	0.00131443	-11432.6
789	0.00131443	-11335
790	0.00131443	-10416.5
791	0.00131443	-10348.1
792	0.00131443	-11346.9
793	0.00131443	-10332.9
794	0.00131443	-11767.9
795	0.00131443	-11072.8
796	0.00131443	-10732
797	0.00131443	-11686.6
798	0.00131443	-12077.5
799	0.00131443	-10223.3
800	0.00131443	-9243.13
801	0.00131443	-10189.7
802	0.00131443	-9381.56
803	0.00131443	-10026.6
804	0.00131443	-10556.5
805	0.00131443	-11521
806	0.00131443	-10507.6
807	0.00131443	-10716.5
808	0.00131443	-10143.8
809	0.00131443	-10340.3
810	0.00131443	-11015.7
811	0.00131443	-9851.12
812	0.00131443	-9870.22
813	0.00131443	-11333
814	0.00131443	-12348.8
815	0.00131443	-11589.3
816	0.00131443	-11995.6
817	0.00131443	-10883.8
818	0.00131443	-11194.8
819	0.00131443	-10790.7
820	0.00131443	-11864.2
821	0.00131443	-10791.8
822	0.00131443	-11355.5
823	0.00131443	-12167.1
824	0.00131443	-11541.2
825	0.00131443	-11127.1
826	0.00131443	-10800.6
827	0.00131443	-11942.1
828	0.00131443	-11705.2
829	0.00131443	-12222
830	0.00131443	-11120
831	0.00131443	-10797.8
832	0.00131443	-11051.7
833	0.00131443	-11411.7
834	0.00131443	-10731.1
835	0.00131443	-10444.5
836	0.00131443	-11190.6
837	0.00131443	-11005.2
838	0.00131443	-10827.2
839	0.00131443	-11546.7
840	0.00131443	-11583.5
841	0.00131443	-10967.1
842	0.00131443	-10751.8
843	0.00131443	-13713.8
844	0.00131443	-12194
845	0.00131443	-12707.8
846	0.00131443	-11436.5
847	0.00131443	-10107.3
848	0.00131443	-11076.9
849	0.00131443	-10579.5
850	0.00131443	-9854.92
851	0.00131443	-9845.39
852	0.00131443	-10001.4
853	0.00131443	-10251.9
854	0.00131443	-10772.8
855	0.00131443	-10388.5
856	0.00131443	-9763.86
857	0.00131443	-10827
858	0.00131443	-10627.5
859	0.00131443	-10805.7
860	0.00131443	-9881.74
861	0.00131443	-10168.6
862	0.00131443	-10760
863	0.00131443	-11061.9
864	0.00131443	-10694.9
865	0.00131443	-11878.1
866	0.00131443	-11045.6
867	0.00131443	-10803.7
868	0.00131443	-10200.6
869	0.00131443	-10261.9
870	0.00131443	-11133.5
871	0.00131443	-11009.3
872	0.00131443	-10749
873	0.00131443	-9783.43
874	0.00131443	-10066.3
875	0.00131443	-9597.47
876	0.00131443	-10257.8
877	0.00131443	-10074.3
878	0.00131443	-10510.3
879	0.00131443	-9669.39
880	0.00131443	-11598.3
881	0.00131443	-11289.2
882	0.00131443	-10951.2
883	0.00131443	-11240.2
884	0.00131443	-10709.2
885	0.00131443	-11370.3
886	0.00131443	-11824.9
887	0.00131443	-11245.8
888	0.00131443	-10469.3
889	0.00131443	-11912.3
890	0.00131443	-12921.2
891	0.00131443	-11553
892	0.00131443	-10901.4
893	0.00131443	-10234.8
894	0.00131443	-9902.27
895	0.00131443	-10730.3
896	0.00131443	-11222.3
897	0.00131443	-10666.7
898	0.00131443	-10436
899	0.00131443	-10500.7
900	0.00131443	-11876
901	0.00131443	-10997.9
902	0.00131443	-9847.52
903	0.00131443	-11126.2
904	0.00131443	-10712
905	0.00131443	-11796.2
906	0.00131443	-10952.8
907	0.00131443	-10258.7
908	0.00131443	-11110.7
909	0.00131443	-11262
910	0.00131443	-11084.1
911	0.00131443	-10589.9
912	0.00131443	-10979.5
913	0.00131443	-10682.2
914	0.00131443	-10230
915	0.00131443	-11281.2
916	0.00131443	-10756.8
917	0.00131443	-10701
918	0.00131443	-10901.6
919	0.00131443	-10598.3
920	0.00131443	-10249.5
921	0.00131443	-10609.7
922	0.00131443	-10141.4
923	0.00131443	-11047.8
924	0.00131443	-10118.3
925	0.00131443	-10340.2
926	0.00131443	-11139
927	0.00131443	-10854
928	0.00131443	-11010.9
929	0.00131443	-11237
930	0.00131443	-11305.1
931	0.00131443	-10870.4
932	0.00131443	-10587.7
933	0.00131443	-10783.4
934	0.00131443	-10328.9
935	0.00131443	-9828.23
936	0.00131443	-10873.8
937	0.00131443	-11360
938	0.00131443	-10478.7
939	0.00131443	-12099.4
940	0.00131443	-12806.5
941	0.00131443	-11655
942	0.00131443	-10130.1
943	0.00131443	-10831
944	0.00131443	-10561
945	0.00131443	-10029.9
946	0.00131443	-12224.7
947	0.00131443	-10324.8
948	0.00131443	-10276
949	0.00131443	-11378.7
950	0.00131443	-10058.3
951	0.00131443	-11787.6
952	0.00131443	-10264.7
953	0.00131443	-9628.77
954	0.00131443	-10603.4
955	0.00131443	-10201.4
956	0.00131443	-10678.7
957	0.00131443	-9991.81
958	0.00131443	-10995.4
959	0.00131443	-10013.7
960	0.00131443	-10885.5
961	0.00131443	-10757.5
962	0.00131443	-10450.3
963	0.00131443	-11325.1
964	0.00131443	-11345.4
965	0.00131443	-10536.3
966	0.00131443	-10415.8
967	0.00131443	-10355.1
968	0.00131443	-10217.3
969	0.00131443	-12097.8
970	0.00131443	-12227
971	0.00131443	-12057
972	0.00131443	-11241.4
973	0.00131443	-11664.9
974	0.00131443	-10971.8
975	0.00131443	-11022.6
976	0.00131443	-10792.5
977	0.00131443	-12794.1
978	0.00131443	-11565.8
979	0.00131443	-9885.15
980	0.00131443	-10807.8
981	0.00131443	-11012.9
982	0.00131443	-10934.1
983	0.00131443	-10803.2
984	0.00131443	-10687.4
985	0.00131443	-10021
986	0.00131443	-10580.6
987	0.00131443	-10688.9
988	0.00131443	-11480.5
989	0.00131443	-11476.6
990	0.00131443	-11313.1
991	0.00131443	-10854.4
992	0.00131443	-9723.61
993	0.00131443	-10333.8
994	0.00131443	-10502
995	0.00131443	-11289.3
996	0.00131443	-12002.2
997	0.00131443	-10371.5
998	0.00131443	-10213.6
999	0.00131443	-10766.3
1000	0.00131443	-10814.3
