state	power	likelihood
251	0.160847	-8131.86
252	0.160847	-8112.49
253	0.160847	-8066.44
254	0.160847	-8059.82
255	0.160847	-8082.72
256	0.160847	-8084.15
257	0.160847	-8104.19
258	0.160847	-8116.85
259	0.160847	-8121.99
260	0.160847	-8112.54
261	0.160847	-8101.29
262	0.160847	-8143.33
263	0.160847	-8148.18
264	0.160847	-8144.09
265	0.160847	-8160.58
266	0.160847	-8107.14
267	0.160847	-8088.84
268	0.160847	-8083.97
269	0.160847	-8081.6
270	0.160847	-8102.12
271	0.160847	-8125.18
272	0.160847	-8110.68
273	0.160847	-8091.58
274	0.160847	-8111.67
275	0.160847	-8123.72
276	0.160847	-8123.23
277	0.160847	-8085.29
278	0.160847	-8057.19
279	0.160847	-8062.61
280	0.160847	-8100.68
281	0.160847	-8121.91
282	0.160847	-8196.87
283	0.160847	-8131.67
284	0.160847	-8078.79
285	0.160847	-8060.94
286	0.160847	-8068.29
287	0.160847	-8061.2
288	0.160847	-8055.75
289	0.160847	-8071.95
290	0.160847	-8089.68
291	0.160847	-8068.02
292	0.160847	-8074.91
293	0.160847	-8048.96
294	0.160847	-8053.35
295	0.160847	-8083.06
296	0.160847	-8089.76
297	0.160847	-8095.18
298	0.160847	-8092.27
299	0.160847	-8098.3
300	0.160847	-8096.69
301	0.160847	-8102.56
302	0.160847	-8108.69
303	0.160847	-8139.64
304	0.160847	-8126.51
305	0.160847	-8101.13
306	0.160847	-8143.75
307	0.160847	-8113.36
308	0.160847	-8135.21
309	0.160847	-8134.61
310	0.160847	-8108.23
311	0.160847	-8083.17
312	0.160847	-8080.59
313	0.160847	-8088.05
314	0.160847	-8127.02
315	0.160847	-8126.18
316	0.160847	-8099
317	0.160847	-8065.42
318	0.160847	-8088.52
319	0.160847	-8082.7
320	0.160847	-8136.16
321	0.160847	-8133.38
322	0.160847	-8129.84
323	0.160847	-8125.08
324	0.160847	-8110.51
325	0.160847	-8126.07
326	0.160847	-8099.58
327	0.160847	-8166.09
328	0.160847	-8083.63
329	0.160847	-8117.64
330	0.160847	-8148.86
331	0.160847	-8114.93
332	0.160847	-8106.62
333	0.160847	-8104.59
334	0.160847	-8092.62
335	0.160847	-8093.45
336	0.160847	-8138.8
337	0.160847	-8106.05
338	0.160847	-8081.61
339	0.160847	-8083.88
340	0.160847	-8140.86
341	0.160847	-8141.16
342	0.160847	-8140.77
343	0.160847	-8113.49
344	0.160847	-8093.57
345	0.160847	-8101.75
346	0.160847	-8075.94
347	0.160847	-8054.61
348	0.160847	-8059.71
349	0.160847	-8081.76
350	0.160847	-8055.44
351	0.160847	-8059.92
352	0.160847	-8099.54
353	0.160847	-8088.58
354	0.160847	-8077.76
355	0.160847	-8095.01
356	0.160847	-8119.2
357	0.160847	-8100.92
358	0.160847	-8147.36
359	0.160847	-8081.64
360	0.160847	-8074.71
361	0.160847	-8083.65
362	0.160847	-8088.68
363	0.160847	-8103.88
364	0.160847	-8092.07
365	0.160847	-8101.87
366	0.160847	-8095.6
367	0.160847	-8074.03
368	0.160847	-8113.21
369	0.160847	-8122.54
370	0.160847	-8132.08
371	0.160847	-8073.2
372	0.160847	-8064.33
373	0.160847	-8061.78
374	0.160847	-8071.09
375	0.160847	-8073.31
376	0.160847	-8105.54
377	0.160847	-8123.9
378	0.160847	-8065.45
379	0.160847	-8052.43
380	0.160847	-8078.7
381	0.160847	-8070.14
382	0.160847	-8055.92
383	0.160847	-8077.42
384	0.160847	-8072.05
385	0.160847	-8082.2
386	0.160847	-8116.84
387	0.160847	-8175.14
388	0.160847	-8129.15
389	0.160847	-8131.32
390	0.160847	-8055.22
391	0.160847	-8071.73
392	0.160847	-8061.65
393	0.160847	-8097.31
394	0.160847	-8096.51
395	0.160847	-8130.59
396	0.160847	-8117.78
397	0.160847	-8133.98
398	0.160847	-8115.82
399	0.160847	-8071.07
400	0.160847	-8084.91
401	0.160847	-8077.59
402	0.160847	-8072.32
403	0.160847	-8120.67
404	0.160847	-8092.41
405	0.160847	-8098.9
406	0.160847	-8088.32
407	0.160847	-8103.52
408	0.160847	-8122.32
409	0.160847	-8102.95
410	0.160847	-8102.24
411	0.160847	-8103.51
412	0.160847	-8124.75
413	0.160847	-8113.63
414	0.160847	-8097.35
415	0.160847	-8115.27
416	0.160847	-8096.82
417	0.160847	-8089.45
418	0.160847	-8086.92
419	0.160847	-8119.85
420	0.160847	-8131.32
421	0.160847	-8129.27
422	0.160847	-8124.25
423	0.160847	-8077.59
424	0.160847	-8061.58
425	0.160847	-8105.93
426	0.160847	-8096.3
427	0.160847	-8089.69
428	0.160847	-8103.02
429	0.160847	-8120.29
430	0.160847	-8112.83
431	0.160847	-8122.07
432	0.160847	-8130.3
433	0.160847	-8165.78
434	0.160847	-8145.51
435	0.160847	-8090.94
436	0.160847	-8112.61
437	0.160847	-8086.69
438	0.160847	-8072.1
439	0.160847	-8073.79
440	0.160847	-8062.69
441	0.160847	-8117.29
442	0.160847	-8141.29
443	0.160847	-8127.37
444	0.160847	-8121.81
445	0.160847	-8149.67
446	0.160847	-8115.73
447	0.160847	-8063
448	0.160847	-8085.68
449	0.160847	-8064.65
450	0.160847	-8085.69
451	0.160847	-8084.43
452	0.160847	-8077.07
453	0.160847	-8083.75
454	0.160847	-8050.76
455	0.160847	-8075.86
456	0.160847	-8078.3
457	0.160847	-8087.54
458	0.160847	-8080.19
459	0.160847	-8052.84
460	0.160847	-8083.13
461	0.160847	-8080.92
462	0.160847	-8070.58
463	0.160847	-8114.2
464	0.160847	-8104.12
465	0.160847	-8100.66
466	0.160847	-8083.64
467	0.160847	-8096.71
468	0.160847	-8098.83
469	0.160847	-8088.07
470	0.160847	-8083.26
471	0.160847	-8104.84
472	0.160847	-8146.34
473	0.160847	-8114.45
474	0.160847	-8083.09
475	0.160847	-8080.91
476	0.160847	-8088.73
477	0.160847	-8102.3
478	0.160847	-8131.63
479	0.160847	-8123.99
480	0.160847	-8113.82
481	0.160847	-8118.04
482	0.160847	-8093.79
483	0.160847	-8096.39
484	0.160847	-8082.47
485	0.160847	-8092.94
486	0.160847	-8073.61
487	0.160847	-8105.61
488	0.160847	-8111.67
489	0.160847	-8100.56
490	0.160847	-8116.03
491	0.160847	-8090.98
492	0.160847	-8119.18
493	0.160847	-8094.45
494	0.160847	-8130.92
495	0.160847	-8059.11
496	0.160847	-8075.53
497	0.160847	-8076.56
498	0.160847	-8115.67
499	0.160847	-8105.32
500	0.160847	-8096.53
501	0.160847	-8072.49
502	0.160847	-8095.86
503	0.160847	-8062.74
504	0.160847	-8067.59
505	0.160847	-8054.66
506	0.160847	-8050.86
507	0.160847	-8062.13
508	0.160847	-8074.94
509	0.160847	-8104.46
510	0.160847	-8066.43
511	0.160847	-8102.39
512	0.160847	-8075.34
513	0.160847	-8086.88
514	0.160847	-8096.01
515	0.160847	-8122.91
516	0.160847	-8125.31
517	0.160847	-8128.74
518	0.160847	-8139.25
519	0.160847	-8164.01
520	0.160847	-8144.82
521	0.160847	-8146.95
522	0.160847	-8131.44
523	0.160847	-8087.84
524	0.160847	-8103.69
525	0.160847	-8088.22
526	0.160847	-8093.75
527	0.160847	-8092.19
528	0.160847	-8163.23
529	0.160847	-8146.88
530	0.160847	-8118.78
531	0.160847	-8093.3
532	0.160847	-8054.4
533	0.160847	-8090.89
534	0.160847	-8112.39
535	0.160847	-8133.01
536	0.160847	-8146.04
537	0.160847	-8081.79
538	0.160847	-8070.38
539	0.160847	-8110.19
540	0.160847	-8105.04
541	0.160847	-8129
542	0.160847	-8100.02
543	0.160847	-8082.56
544	0.160847	-8114.86
545	0.160847	-8094.85
546	0.160847	-8084.09
547	0.160847	-8059.88
548	0.160847	-8079.69
549	0.160847	-8079.46
550	0.160847	-8075.78
551	0.160847	-8106.72
552	0.160847	-8083.18
553	0.160847	-8104.15
554	0.160847	-8091.19
555	0.160847	-8098.74
556	0.160847	-8088.19
557	0.160847	-8113.45
558	0.160847	-8100.36
559	0.160847	-8123.75
560	0.160847	-8135.51
561	0.160847	-8100.9
562	0.160847	-8142.25
563	0.160847	-8148.47
564	0.160847	-8132.84
565	0.160847	-8100.76
566	0.160847	-8058.61
567	0.160847	-8121.76
568	0.160847	-8126.8
569	0.160847	-8128.48
570	0.160847	-8121.47
571	0.160847	-8072.5
572	0.160847	-8105.39
573	0.160847	-8079.31
574	0.160847	-8070.3
575	0.160847	-8083.58
576	0.160847	-8116.06
577	0.160847	-8091.72
578	0.160847	-8114.36
579	0.160847	-8092.59
580	0.160847	-8146.55
581	0.160847	-8080.08
582	0.160847	-8105.06
583	0.160847	-8111.21
584	0.160847	-8095.23
585	0.160847	-8088.14
586	0.160847	-8080.03
587	0.160847	-8081.39
588	0.160847	-8063.6
589	0.160847	-8126.85
590	0.160847	-8084.78
591	0.160847	-8118.52
592	0.160847	-8068.22
593	0.160847	-8057.84
594	0.160847	-8040.98
595	0.160847	-8037.67
596	0.160847	-8052.43
597	0.160847	-8088.66
598	0.160847	-8104.98
599	0.160847	-8107.4
600	0.160847	-8114.84
601	0.160847	-8106.84
602	0.160847	-8085.03
603	0.160847	-8084.63
604	0.160847	-8079.24
605	0.160847	-8075.45
606	0.160847	-8076.52
607	0.160847	-8071.01
608	0.160847	-8065.11
609	0.160847	-8072.41
610	0.160847	-8094.97
611	0.160847	-8064.79
612	0.160847	-8094.27
613	0.160847	-8102.03
614	0.160847	-8085.96
615	0.160847	-8099.67
616	0.160847	-8039.34
617	0.160847	-8029.46
618	0.160847	-8041.82
619	0.160847	-8056.97
620	0.160847	-8061.93
621	0.160847	-8067.81
622	0.160847	-8067.45
623	0.160847	-8077.1
624	0.160847	-8102.84
625	0.160847	-8060.17
626	0.160847	-8074.52
627	0.160847	-8070.59
628	0.160847	-8100.16
629	0.160847	-8137.93
630	0.160847	-8107.91
631	0.160847	-8086.32
632	0.160847	-8094.43
633	0.160847	-8091.18
634	0.160847	-8081.31
635	0.160847	-8095.56
636	0.160847	-8055.82
637	0.160847	-8075.49
638	0.160847	-8091.16
639	0.160847	-8075
640	0.160847	-8052
641	0.160847	-8070.18
642	0.160847	-8121.85
643	0.160847	-8084.76
644	0.160847	-8063.7
645	0.160847	-8062.17
646	0.160847	-8073.69
647	0.160847	-8058.19
648	0.160847	-8062.36
649	0.160847	-8088.35
650	0.160847	-8111.44
651	0.160847	-8106.5
652	0.160847	-8049.24
653	0.160847	-8075.23
654	0.160847	-8103.59
655	0.160847	-8071.53
656	0.160847	-8080.54
657	0.160847	-8113.44
658	0.160847	-8075.99
659	0.160847	-8055.08
660	0.160847	-8059
661	0.160847	-8079.75
662	0.160847	-8074.68
663	0.160847	-8090.35
664	0.160847	-8104.09
665	0.160847	-8132.63
666	0.160847	-8091.54
667	0.160847	-8118.85
668	0.160847	-8125.45
669	0.160847	-8110.87
670	0.160847	-8106.44
671	0.160847	-8100.89
672	0.160847	-8126.42
673	0.160847	-8162.37
674	0.160847	-8161.53
675	0.160847	-8169.27
676	0.160847	-8122.44
677	0.160847	-8110.45
678	0.160847	-8101.01
679	0.160847	-8128.1
680	0.160847	-8135.43
681	0.160847	-8120.48
682	0.160847	-8113.77
683	0.160847	-8103
684	0.160847	-8107.43
685	0.160847	-8080.74
686	0.160847	-8109.64
687	0.160847	-8096.15
688	0.160847	-8106.06
689	0.160847	-8134.27
690	0.160847	-8141.57
691	0.160847	-8111.26
692	0.160847	-8063.8
693	0.160847	-8135.64
694	0.160847	-8105.14
695	0.160847	-8079.55
696	0.160847	-8071.4
697	0.160847	-8123.42
698	0.160847	-8105.92
699	0.160847	-8095.91
700	0.160847	-8095.5
701	0.160847	-8107.08
702	0.160847	-8108.03
703	0.160847	-8110
704	0.160847	-8067.16
705	0.160847	-8085.59
706	0.160847	-8084.75
707	0.160847	-8089.81
708	0.160847	-8115.33
709	0.160847	-8060.51
710	0.160847	-8107.79
711	0.160847	-8078.76
712	0.160847	-8068.6
713	0.160847	-8090.5
714	0.160847	-8112.12
715	0.160847	-8144.09
716	0.160847	-8109.03
717	0.160847	-8103.43
718	0.160847	-8124.55
719	0.160847	-8124.26
720	0.160847	-8118.37
721	0.160847	-8103.67
722	0.160847	-8114.17
723	0.160847	-8091.82
724	0.160847	-8098.78
725	0.160847	-8085.74
726	0.160847	-8084.31
727	0.160847	-8109.75
728	0.160847	-8089.8
729	0.160847	-8095.04
730	0.160847	-8072.26
731	0.160847	-8070.27
732	0.160847	-8082.77
733	0.160847	-8093.68
734	0.160847	-8067.39
735	0.160847	-8064.92
736	0.160847	-8102.36
737	0.160847	-8102.38
738	0.160847	-8129.51
739	0.160847	-8102.1
740	0.160847	-8062.22
741	0.160847	-8087.19
742	0.160847	-8085.29
743	0.160847	-8080.53
744	0.160847	-8087.4
745	0.160847	-8083.68
746	0.160847	-8160.64
747	0.160847	-8149.24
748	0.160847	-8081.5
749	0.160847	-8063.73
750	0.160847	-8144.52
751	0.160847	-8137.65
752	0.160847	-8157.33
753	0.160847	-8101.29
754	0.160847	-8091.89
755	0.160847	-8067.24
756	0.160847	-8049.21
757	0.160847	-8036.67
758	0.160847	-8088.38
759	0.160847	-8079.55
760	0.160847	-8093.5
761	0.160847	-8094.52
762	0.160847	-8072.55
763	0.160847	-8066.45
764	0.160847	-8087.35
765	0.160847	-8106.45
766	0.160847	-8104.4
767	0.160847	-8106.9
768	0.160847	-8111.44
769	0.160847	-8084.52
770	0.160847	-8077.15
771	0.160847	-8056.54
772	0.160847	-8085.82
773	0.160847	-8110.32
774	0.160847	-8080.36
775	0.160847	-8052.98
776	0.160847	-8082.83
777	0.160847	-8087.37
778	0.160847	-8054.24
779	0.160847	-8092.93
780	0.160847	-8099.59
781	0.160847	-8084.78
782	0.160847	-8114.77
783	0.160847	-8115.09
784	0.160847	-8108.14
785	0.160847	-8133.44
786	0.160847	-8127.23
787	0.160847	-8102.75
788	0.160847	-8080.15
789	0.160847	-8121.42
790	0.160847	-8121.75
791	0.160847	-8081.45
792	0.160847	-8085.38
793	0.160847	-8063.16
794	0.160847	-8103
795	0.160847	-8082.58
796	0.160847	-8161.27
797	0.160847	-8174.27
798	0.160847	-8100.71
799	0.160847	-8080.18
800	0.160847	-8098.9
801	0.160847	-8107.62
802	0.160847	-8130.65
803	0.160847	-8128.95
804	0.160847	-8124.36
805	0.160847	-8090.36
806	0.160847	-8096.94
807	0.160847	-8069.76
808	0.160847	-8120.14
809	0.160847	-8077.06
810	0.160847	-8093.18
811	0.160847	-8111.8
812	0.160847	-8091.59
813	0.160847	-8062.8
814	0.160847	-8094.54
815	0.160847	-8084.59
816	0.160847	-8085.89
817	0.160847	-8112.44
818	0.160847	-8088.16
819	0.160847	-8089.42
820	0.160847	-8144.56
821	0.160847	-8157.5
822	0.160847	-8119.63
823	0.160847	-8099.92
824	0.160847	-8064.58
825	0.160847	-8066.73
826	0.160847	-8074.55
827	0.160847	-8073.31
828	0.160847	-8087.26
829	0.160847	-8102.21
830	0.160847	-8128.05
831	0.160847	-8125.41
832	0.160847	-8106.87
833	0.160847	-8122.15
834	0.160847	-8095.48
835	0.160847	-8076.63
836	0.160847	-8069.88
837	0.160847	-8057.73
838	0.160847	-8073.1
839	0.160847	-8086.3
840	0.160847	-8072.79
841	0.160847	-8039.38
842	0.160847	-8080.28
843	0.160847	-8095.92
844	0.160847	-8108.04
845	0.160847	-8129.86
846	0.160847	-8133.64
847	0.160847	-8085.08
848	0.160847	-8054.02
849	0.160847	-8094.55
850	0.160847	-8128.24
851	0.160847	-8129.66
852	0.160847	-8160.1
853	0.160847	-8136.44
854	0.160847	-8120.31
855	0.160847	-8124.63
856	0.160847	-8091.72
857	0.160847	-8083.91
858	0.160847	-8055.54
859	0.160847	-8038.64
860	0.160847	-8090.13
861	0.160847	-8117.02
862	0.160847	-8114.7
863	0.160847	-8105.73
864	0.160847	-8097.31
865	0.160847	-8085.98
866	0.160847	-8065.49
867	0.160847	-8096.76
868	0.160847	-8113.86
869	0.160847	-8122.57
870	0.160847	-8125.19
871	0.160847	-8089.22
872	0.160847	-8045.94
873	0.160847	-8078.48
874	0.160847	-8094.62
875	0.160847	-8067.69
876	0.160847	-8101.63
877	0.160847	-8084.42
878	0.160847	-8069.27
879	0.160847	-8050.71
880	0.160847	-8051.61
881	0.160847	-8066.79
882	0.160847	-8082.66
883	0.160847	-8113.67
884	0.160847	-8107.74
885	0.160847	-8129.04
886	0.160847	-8115.87
887	0.160847	-8143.47
888	0.160847	-8083.28
889	0.160847	-8093.42
890	0.160847	-8097.05
891	0.160847	-8107.85
892	0.160847	-8143.57
893	0.160847	-8076.62
894	0.160847	-8068.54
895	0.160847	-8082.29
896	0.160847	-8108.58
897	0.160847	-8078.6
898	0.160847	-8087.56
899	0.160847	-8076.94
900	0.160847	-8073.21
901	0.160847	-8081.1
902	0.160847	-8069.39
903	0.160847	-8077.71
904	0.160847	-8062.86
905	0.160847	-8099.17
906	0.160847	-8155.7
907	0.160847	-8068.08
908	0.160847	-8056.78
909	0.160847	-8066.36
910	0.160847	-8078.87
911	0.160847	-8071.97
912	0.160847	-8089.14
913	0.160847	-8105.54
914	0.160847	-8151.21
915	0.160847	-8164.79
916	0.160847	-8103.65
917	0.160847	-8086.21
918	0.160847	-8088.84
919	0.160847	-8089.15
920	0.160847	-8095.44
921	0.160847	-8097.33
922	0.160847	-8115.22
923	0.160847	-8099.39
924	0.160847	-8094.37
925	0.160847	-8077.18
926	0.160847	-8168.02
927	0.160847	-8095.57
928	0.160847	-8117.19
929	0.160847	-8148.37
930	0.160847	-8145.98
931	0.160847	-8180.35
932	0.160847	-8115.74
933	0.160847	-8101.95
934	0.160847	-8079.05
935	0.160847	-8149.05
936	0.160847	-8133.02
937	0.160847	-8112.86
938	0.160847	-8156.89
939	0.160847	-8069.64
940	0.160847	-8083.12
941	0.160847	-8070.31
942	0.160847	-8104.06
943	0.160847	-8109.31
944	0.160847	-8103.4
945	0.160847	-8135.22
946	0.160847	-8084.25
947	0.160847	-8049.97
948	0.160847	-8055.72
949	0.160847	-8064.34
950	0.160847	-8074.46
951	0.160847	-8103.7
952	0.160847	-8070.53
953	0.160847	-8089.4
954	0.160847	-8095.63
955	0.160847	-8078.26
956	0.160847	-8051.3
957	0.160847	-8072.99
958	0.160847	-8070.79
959	0.160847	-8074.08
960	0.160847	-8096.51
961	0.160847	-8139.34
962	0.160847	-8107.03
963	0.160847	-8112.09
964	0.160847	-8140.56
965	0.160847	-8113.57
966	0.160847	-8099.18
967	0.160847	-8108.47
968	0.160847	-8093.93
969	0.160847	-8093.15
970	0.160847	-8102.86
971	0.160847	-8056.52
972	0.160847	-8038.41
973	0.160847	-8052.66
974	0.160847	-8052.62
975	0.160847	-8069.4
976	0.160847	-8054.09
977	0.160847	-8046.82
978	0.160847	-8056.95
979	0.160847	-8079.25
980	0.160847	-8073.88
981	0.160847	-8108.06
982	0.160847	-8088.2
983	0.160847	-8089.74
984	0.160847	-8091.73
985	0.160847	-8081.12
986	0.160847	-8100.96
987	0.160847	-8117.69
988	0.160847	-8085.42
989	0.160847	-8067.74
990	0.160847	-8093.26
991	0.160847	-8123.77
992	0.160847	-8133.95
993	0.160847	-8102.46
994	0.160847	-8088.04
995	0.160847	-8101.13
996	0.160847	-8097.47
997	0.160847	-8085.46
998	0.160847	-8041.83
999	0.160847	-8063.02
1000	0.160847	-8065
