state	power	likelihood
251	0.0345716	-8424.02
252	0.0345716	-8489.67
253	0.0345716	-8539.72
254	0.0345716	-8516.2
255	0.0345716	-8687.86
256	0.0345716	-8475.3
257	0.0345716	-8412.09
258	0.0345716	-8543.42
259	0.0345716	-8602.12
260	0.0345716	-8510.05
261	0.0345716	-8514.59
262	0.0345716	-8725.3
263	0.0345716	-8496.14
264	0.0345716	-8549
265	0.0345716	-8625.8
266	0.0345716	-8694.58
267	0.0345716	-8456.77
268	0.0345716	-8463.24
269	0.0345716	-8444.82
270	0.0345716	-8539.71
271	0.0345716	-8542.62
272	0.0345716	-8563.2
273	0.0345716	-8435.18
274	0.0345716	-8534.11
275	0.0345716	-8572.63
276	0.0345716	-8358.7
277	0.0345716	-8377.94
278	0.0345716	-8366.39
279	0.0345716	-8344.45
280	0.0345716	-8317.45
281	0.0345716	-8471.18
282	0.0345716	-8346.52
283	0.0345716	-8426.93
284	0.0345716	-8351.69
285	0.0345716	-8400.85
286	0.0345716	-8362.51
287	0.0345716	-8336.67
288	0.0345716	-8439.35
289	0.0345716	-8298.29
290	0.0345716	-8407.95
291	0.0345716	-8344.18
292	0.0345716	-8341.37
293	0.0345716	-8345.54
294	0.0345716	-8445.16
295	0.0345716	-8517.59
296	0.0345716	-8591.2
297	0.0345716	-8505.15
298	0.0345716	-8527.72
299	0.0345716	-8448.42
300	0.0345716	-8333.39
301	0.0345716	-8455.26
302	0.0345716	-8379.86
303	0.0345716	-8430.77
304	0.0345716	-8415.06
305	0.0345716	-8282.41
306	0.0345716	-8447.92
307	0.0345716	-8376.11
308	0.0345716	-8331.79
309	0.0345716	-8650.98
310	0.0345716	-8659.4
311	0.0345716	-8458.91
312	0.0345716	-8427.68
313	0.0345716	-8354.31
314	0.0345716	-8409.2
315	0.0345716	-8464.37
316	0.0345716	-8429.79
317	0.0345716	-8408.11
318	0.0345716	-8443.91
319	0.0345716	-8555.45
320	0.0345716	-8622.53
321	0.0345716	-8661.06
322	0.0345716	-8416.26
323	0.0345716	-8359.89
324	0.0345716	-8545.62
325	0.0345716	-8361.49
326	0.0345716	-8446.72
327	0.0345716	-8445.02
328	0.0345716	-8432.84
329	0.0345716	-8506.16
330	0.0345716	-8623.97
331	0.0345716	-8616.26
332	0.0345716	-8470.02
333	0.0345716	-8468.07
334	0.0345716	-8536.43
335	0.0345716	-8605.12
336	0.0345716	-8824.26
337	0.0345716	-8694.55
338	0.0345716	-8589.81
339	0.0345716	-8545.89
340	0.0345716	-8411.46
341	0.0345716	-8478.07
342	0.0345716	-8412.78
343	0.0345716	-8336.04
344	0.0345716	-8452.61
345	0.0345716	-8522.97
346	0.0345716	-8461.81
347	0.0345716	-8527.75
348	0.0345716	-8411.17
349	0.0345716	-8398.93
350	0.0345716	-8414.29
351	0.0345716	-8346.19
352	0.0345716	-8390.35
353	0.0345716	-8313.25
354	0.0345716	-8392.79
355	0.0345716	-8374.92
356	0.0345716	-8502.82
357	0.0345716	-8401.16
358	0.0345716	-8368.72
359	0.0345716	-8476.75
360	0.0345716	-8494.93
361	0.0345716	-8479.04
362	0.0345716	-8383.72
363	0.0345716	-8552.96
364	0.0345716	-8473.04
365	0.0345716	-8395.23
366	0.0345716	-8408.13
367	0.0345716	-8400.63
368	0.0345716	-8343.53
369	0.0345716	-8401.44
370	0.0345716	-8421.22
371	0.0345716	-8466.44
372	0.0345716	-8618.53
373	0.0345716	-8438.26
374	0.0345716	-8441.7
375	0.0345716	-8484.23
376	0.0345716	-8603.96
377	0.0345716	-8563.89
378	0.0345716	-8372.09
379	0.0345716	-8468.69
380	0.0345716	-8536.75
381	0.0345716	-8521.75
382	0.0345716	-8486.67
383	0.0345716	-8529.33
384	0.0345716	-8644.64
385	0.0345716	-8403.32
386	0.0345716	-8454.39
387	0.0345716	-8591.72
388	0.0345716	-8352.05
389	0.0345716	-8463.1
390	0.0345716	-8547.01
391	0.0345716	-8619.91
392	0.0345716	-8456.86
393	0.0345716	-8347.68
394	0.0345716	-8433.96
395	0.0345716	-8367.04
396	0.0345716	-8471.41
397	0.0345716	-8494.79
398	0.0345716	-8564.65
399	0.0345716	-8388.99
400	0.0345716	-8608.11
401	0.0345716	-8470.61
402	0.0345716	-8396.72
403	0.0345716	-8491.47
404	0.0345716	-8663.75
405	0.0345716	-8641.18
406	0.0345716	-8714
407	0.0345716	-8573.89
408	0.0345716	-8298.42
409	0.0345716	-8261.71
410	0.0345716	-8400.68
411	0.0345716	-8308.69
412	0.0345716	-8347.68
413	0.0345716	-8361.91
414	0.0345716	-8436.86
415	0.0345716	-8403.35
416	0.0345716	-8535.78
417	0.0345716	-8491.1
418	0.0345716	-8537.23
419	0.0345716	-8353.06
420	0.0345716	-8330.85
421	0.0345716	-8363.99
422	0.0345716	-8575.21
423	0.0345716	-8500.32
424	0.0345716	-8578.45
425	0.0345716	-8467.88
426	0.0345716	-8467.79
427	0.0345716	-8636.32
428	0.0345716	-8455.22
429	0.0345716	-8445.76
430	0.0345716	-8404.19
431	0.0345716	-8365.22
432	0.0345716	-8338.74
433	0.0345716	-8455.57
434	0.0345716	-8420.43
435	0.0345716	-8480.73
436	0.0345716	-8454.73
437	0.0345716	-8505.12
438	0.0345716	-8539.16
439	0.0345716	-8482.35
440	0.0345716	-8222.91
441	0.0345716	-8512.55
442	0.0345716	-8396.72
443	0.0345716	-8469.14
444	0.0345716	-8390.06
445	0.0345716	-8487.36
446	0.0345716	-8479.43
447	0.0345716	-8465.72
448	0.0345716	-8552.53
449	0.0345716	-8506.51
450	0.0345716	-8266.14
451	0.0345716	-8394.21
452	0.0345716	-8534.99
453	0.0345716	-8611.07
454	0.0345716	-8738.33
455	0.0345716	-8609.29
456	0.0345716	-8628.25
457	0.0345716	-8427.16
458	0.0345716	-8502.23
459	0.0345716	-8467.55
460	0.0345716	-8456.56
461	0.0345716	-8486.1
462	0.0345716	-8516.36
463	0.0345716	-8590.07
464	0.0345716	-8619.41
465	0.0345716	-8602.63
466	0.0345716	-8484.34
467	0.0345716	-8546.74
468	0.0345716	-8452.84
469	0.0345716	-8543.21
470	0.0345716	-8628.18
471	0.0345716	-8598.95
472	0.0345716	-8507.27
473	0.0345716	-8455.79
474	0.0345716	-8425.84
475	0.0345716	-8358.82
476	0.0345716	-8520.2
477	0.0345716	-8401.59
478	0.0345716	-8455.25
479	0.0345716	-8630.18
480	0.0345716	-8486.83
481	0.0345716	-8552.82
482	0.0345716	-8430.97
483	0.0345716	-8704.28
484	0.0345716	-8751.64
485	0.0345716	-8528.22
486	0.0345716	-8372.24
487	0.0345716	-8544.73
488	0.0345716	-8344.76
489	0.0345716	-8446.43
490	0.0345716	-8268.5
491	0.0345716	-8320.18
492	0.0345716	-8335.78
493	0.0345716	-8459.3
494	0.0345716	-8324.1
495	0.0345716	-8325.46
496	0.0345716	-8615.3
497	0.0345716	-8596.17
498	0.0345716	-8496.64
499	0.0345716	-8417.87
500	0.0345716	-8332.06
501	0.0345716	-8509.81
502	0.0345716	-8451.41
503	0.0345716	-8387.69
504	0.0345716	-8455.95
505	0.0345716	-8452.58
506	0.0345716	-8300.29
507	0.0345716	-8388.46
508	0.0345716	-8423.9
509	0.0345716	-8395.2
510	0.0345716	-8268.43
511	0.0345716	-8544.49
512	0.0345716	-8472.1
513	0.0345716	-8500.82
514	0.0345716	-8577.03
515	0.0345716	-8600.96
516	0.0345716	-8539.08
517	0.0345716	-8552.53
518	0.0345716	-8576.62
519	0.0345716	-8496.7
520	0.0345716	-8378.71
521	0.0345716	-8343.6
522	0.0345716	-8414.71
523	0.0345716	-8426.08
524	0.0345716	-8453.39
525	0.0345716	-8553.15
526	0.0345716	-8544.23
527	0.0345716	-8464.83
528	0.0345716	-8503.24
529	0.0345716	-8512.71
530	0.0345716	-8599.21
531	0.0345716	-8680.74
532	0.0345716	-8643.21
533	0.0345716	-8444.98
534	0.0345716	-8366.89
535	0.0345716	-8551.99
536	0.0345716	-8580.79
537	0.0345716	-8615.46
538	0.0345716	-8513.38
539	0.0345716	-8573.16
540	0.0345716	-8571.36
541	0.0345716	-8694.51
542	0.0345716	-8675.19
543	0.0345716	-8634.94
544	0.0345716	-8565.25
545	0.0345716	-8451.58
546	0.0345716	-8500.11
547	0.0345716	-8459.36
548	0.0345716	-8439.01
549	0.0345716	-8333.01
550	0.0345716	-8533.57
551	0.0345716	-8424.29
552	0.0345716	-8510.02
553	0.0345716	-8535.74
554	0.0345716	-8425.44
555	0.0345716	-8562.39
556	0.0345716	-8684.47
557	0.0345716	-8339.07
558	0.0345716	-8257.43
559	0.0345716	-8389.28
560	0.0345716	-8579.65
561	0.0345716	-8498.91
562	0.0345716	-8380.32
563	0.0345716	-8498.98
564	0.0345716	-8439.72
565	0.0345716	-8385.34
566	0.0345716	-8441.63
567	0.0345716	-8418.59
568	0.0345716	-8451.4
569	0.0345716	-8432.38
570	0.0345716	-8529.51
571	0.0345716	-8563.23
572	0.0345716	-8494.4
573	0.0345716	-8418.78
574	0.0345716	-8514.37
575	0.0345716	-8455.73
576	0.0345716	-8470.31
577	0.0345716	-8353.02
578	0.0345716	-8720.57
579	0.0345716	-8566.93
580	0.0345716	-8593.38
581	0.0345716	-8614.33
582	0.0345716	-8562.91
583	0.0345716	-8815.85
584	0.0345716	-8537.94
585	0.0345716	-8500.55
586	0.0345716	-8485.81
587	0.0345716	-8531.5
588	0.0345716	-8519.95
589	0.0345716	-8462.43
590	0.0345716	-8389.02
591	0.0345716	-8381.09
592	0.0345716	-8392.53
593	0.0345716	-8536.06
594	0.0345716	-8631.81
595	0.0345716	-8424.04
596	0.0345716	-8520.76
597	0.0345716	-8400.24
598	0.0345716	-8355.28
599	0.0345716	-8607.55
600	0.0345716	-8508.28
601	0.0345716	-8525.84
602	0.0345716	-8565.26
603	0.0345716	-8481.83
604	0.0345716	-8443.28
605	0.0345716	-8404.11
606	0.0345716	-8396.07
607	0.0345716	-8474.9
608	0.0345716	-8502.56
609	0.0345716	-8525.2
610	0.0345716	-8593.98
611	0.0345716	-8589.19
612	0.0345716	-8691.68
613	0.0345716	-8562.6
614	0.0345716	-8619.88
615	0.0345716	-8590.78
616	0.0345716	-8622.1
617	0.0345716	-8486.91
618	0.0345716	-8425.23
619	0.0345716	-8543.01
620	0.0345716	-8485.42
621	0.0345716	-8462.92
622	0.0345716	-8480.7
623	0.0345716	-8327.09
624	0.0345716	-8356.31
625	0.0345716	-8268.36
626	0.0345716	-8295.97
627	0.0345716	-8406.38
628	0.0345716	-8481.2
629	0.0345716	-8339.2
630	0.0345716	-8308.04
631	0.0345716	-8480.66
632	0.0345716	-8532.98
633	0.0345716	-8594
634	0.0345716	-8647.31
635	0.0345716	-8521.3
636	0.0345716	-8695.34
637	0.0345716	-8457.89
638	0.0345716	-8511.02
639	0.0345716	-8653.48
640	0.0345716	-8564.79
641	0.0345716	-8608.93
642	0.0345716	-8617.22
643	0.0345716	-8746.72
644	0.0345716	-8512.97
645	0.0345716	-8511.4
646	0.0345716	-8472.62
647	0.0345716	-8501.8
648	0.0345716	-8663.46
649	0.0345716	-8528.26
650	0.0345716	-8248.61
651	0.0345716	-8423.62
652	0.0345716	-8371.03
653	0.0345716	-8429.77
654	0.0345716	-8418.77
655	0.0345716	-8440.74
656	0.0345716	-8405.21
657	0.0345716	-8424.77
658	0.0345716	-8355.48
659	0.0345716	-8474.78
660	0.0345716	-8560.2
661	0.0345716	-8524.31
662	0.0345716	-8519.38
663	0.0345716	-8469.96
664	0.0345716	-8689.77
665	0.0345716	-8562.16
666	0.0345716	-8371.68
667	0.0345716	-8494.03
668	0.0345716	-8503.56
669	0.0345716	-8538.85
670	0.0345716	-8556.09
671	0.0345716	-8483.52
672	0.0345716	-8459.46
673	0.0345716	-8475.45
674	0.0345716	-8495.46
675	0.0345716	-8502.24
676	0.0345716	-8596.93
677	0.0345716	-8462.07
678	0.0345716	-8462.93
679	0.0345716	-8470.16
680	0.0345716	-8473.14
681	0.0345716	-8348.41
682	0.0345716	-8372.34
683	0.0345716	-8622.39
684	0.0345716	-8324.72
685	0.0345716	-8423.88
686	0.0345716	-8498.87
687	0.0345716	-8453.41
688	0.0345716	-8572.99
689	0.0345716	-8569.97
690	0.0345716	-8579.99
691	0.0345716	-8656.24
692	0.0345716	-8599.03
693	0.0345716	-8450.47
694	0.0345716	-8641.54
695	0.0345716	-8605.12
696	0.0345716	-8593.29
697	0.0345716	-8720.8
698	0.0345716	-8543.19
699	0.0345716	-8417.47
700	0.0345716	-8426.9
701	0.0345716	-8593.32
702	0.0345716	-8341.51
703	0.0345716	-8545.53
704	0.0345716	-8507.48
705	0.0345716	-8494.82
706	0.0345716	-8522.96
707	0.0345716	-8431.23
708	0.0345716	-8569.02
709	0.0345716	-8418.96
710	0.0345716	-8320.59
711	0.0345716	-8544.96
712	0.0345716	-8465.35
713	0.0345716	-8458.72
714	0.0345716	-8474.45
715	0.0345716	-8562.34
716	0.0345716	-8695.57
717	0.0345716	-8418.35
718	0.0345716	-8351.29
719	0.0345716	-8417.11
720	0.0345716	-8411.99
721	0.0345716	-8400.24
722	0.0345716	-8436.05
723	0.0345716	-8319.05
724	0.0345716	-8406.43
725	0.0345716	-8444.54
726	0.0345716	-8502.05
727	0.0345716	-8531.71
728	0.0345716	-8587.28
729	0.0345716	-8633.28
730	0.0345716	-8406.98
731	0.0345716	-8489.27
732	0.0345716	-8532.04
733	0.0345716	-8649.43
734	0.0345716	-8445.47
735	0.0345716	-8387.38
736	0.0345716	-8471
737	0.0345716	-8569.82
738	0.0345716	-8660.86
739	0.0345716	-8548.78
740	0.0345716	-8505.96
741	0.0345716	-8400.55
742	0.0345716	-8375.93
743	0.0345716	-8399.87
744	0.0345716	-8421.83
745	0.0345716	-8347.79
746	0.0345716	-8489.67
747	0.0345716	-8558.34
748	0.0345716	-8484.72
749	0.0345716	-8487.61
750	0.0345716	-8516.27
751	0.0345716	-8486.81
752	0.0345716	-8389.7
753	0.0345716	-8344.07
754	0.0345716	-8547.24
755	0.0345716	-8340.08
756	0.0345716	-8397.24
757	0.0345716	-8367.42
758	0.0345716	-8485.32
759	0.0345716	-8534.19
760	0.0345716	-8476.9
761	0.0345716	-8511.84
762	0.0345716	-8518.66
763	0.0345716	-8369.77
764	0.0345716	-8471.56
765	0.0345716	-8535.51
766	0.0345716	-8493.27
767	0.0345716	-8516.12
768	0.0345716	-8421.7
769	0.0345716	-8471.74
770	0.0345716	-8485.68
771	0.0345716	-8571.95
772	0.0345716	-8517.8
773	0.0345716	-8678.88
774	0.0345716	-8808
775	0.0345716	-8522.8
776	0.0345716	-8548.27
777	0.0345716	-8419.42
778	0.0345716	-8453.91
779	0.0345716	-8580.36
780	0.0345716	-8492.17
781	0.0345716	-8444.04
782	0.0345716	-8645.73
783	0.0345716	-8627.11
784	0.0345716	-8508.81
785	0.0345716	-8546.66
786	0.0345716	-8431.21
787	0.0345716	-8407.65
788	0.0345716	-8499.93
789	0.0345716	-8341.79
790	0.0345716	-8328.93
791	0.0345716	-8442.86
792	0.0345716	-8357.24
793	0.0345716	-8335.45
794	0.0345716	-8387.33
795	0.0345716	-8514.4
796	0.0345716	-8456.7
797	0.0345716	-8402.08
798	0.0345716	-8273.6
799	0.0345716	-8464.36
800	0.0345716	-8521.49
801	0.0345716	-8523.82
802	0.0345716	-8451.77
803	0.0345716	-8440.22
804	0.0345716	-8379.95
805	0.0345716	-8289.4
806	0.0345716	-8404.27
807	0.0345716	-8385.76
808	0.0345716	-8359.87
809	0.0345716	-8431.37
810	0.0345716	-8460.28
811	0.0345716	-8408.85
812	0.0345716	-8544.47
813	0.0345716	-8302.83
814	0.0345716	-8247.75
815	0.0345716	-8440.12
816	0.0345716	-8345.47
817	0.0345716	-8485.56
818	0.0345716	-8504.14
819	0.0345716	-8383.56
820	0.0345716	-8500.37
821	0.0345716	-8467.87
822	0.0345716	-8299.84
823	0.0345716	-8315.91
824	0.0345716	-8612.24
825	0.0345716	-8747.46
826	0.0345716	-8580.63
827	0.0345716	-8399.19
828	0.0345716	-8535.67
829	0.0345716	-8595
830	0.0345716	-8463.33
831	0.0345716	-8497.37
832	0.0345716	-8554.67
833	0.0345716	-8522.03
834	0.0345716	-8530.02
835	0.0345716	-8701.88
836	0.0345716	-8559.07
837	0.0345716	-8431.6
838	0.0345716	-8443.62
839	0.0345716	-8477.5
840	0.0345716	-8515.98
841	0.0345716	-8477.59
842	0.0345716	-8499.24
843	0.0345716	-8520.46
844	0.0345716	-8417.07
845	0.0345716	-8496.06
846	0.0345716	-8488.05
847	0.0345716	-8452.72
848	0.0345716	-8580.38
849	0.0345716	-8534.67
850	0.0345716	-8448.73
851	0.0345716	-8494.26
852	0.0345716	-8527.16
853	0.0345716	-8500.08
854	0.0345716	-8582.08
855	0.0345716	-8534.53
856	0.0345716	-8506.01
857	0.0345716	-8513.01
858	0.0345716	-8607.11
859	0.0345716	-8598.04
860	0.0345716	-8480.9
861	0.0345716	-8414.71
862	0.0345716	-8426.07
863	0.0345716	-8607.8
864	0.0345716	-8372.58
865	0.0345716	-8504.18
866	0.0345716	-8588.63
867	0.0345716	-8534.56
868	0.0345716	-8498.22
869	0.0345716	-8476.76
870	0.0345716	-8498.04
871	0.0345716	-8394.85
872	0.0345716	-8378.77
873	0.0345716	-8404.69
874	0.0345716	-8495.03
875	0.0345716	-8482.08
876	0.0345716	-8624.9
877	0.0345716	-8561.12
878	0.0345716	-8409.65
879	0.0345716	-8395.42
880	0.0345716	-8460.27
881	0.0345716	-8432.21
882	0.0345716	-8362.09
883	0.0345716	-8327.24
884	0.0345716	-8381.43
885	0.0345716	-8499.97
886	0.0345716	-8356.17
887	0.0345716	-8369.98
888	0.0345716	-8343.4
889	0.0345716	-8367.79
890	0.0345716	-8489.5
891	0.0345716	-8456.96
892	0.0345716	-8508.05
893	0.0345716	-8527.71
894	0.0345716	-8456.64
895	0.0345716	-8544.09
896	0.0345716	-8390.88
897	0.0345716	-8581.86
898	0.0345716	-8542.75
899	0.0345716	-8708.8
900	0.0345716	-8753.73
901	0.0345716	-8775.01
902	0.0345716	-8461.05
903	0.0345716	-8404.88
904	0.0345716	-8453.8
905	0.0345716	-8568.63
906	0.0345716	-8623.59
907	0.0345716	-8536.06
908	0.0345716	-8532.72
909	0.0345716	-8406.82
910	0.0345716	-8436.21
911	0.0345716	-8421.18
912	0.0345716	-8532.36
913	0.0345716	-8492.86
914	0.0345716	-8454.75
915	0.0345716	-8655.13
916	0.0345716	-8888.06
917	0.0345716	-8839.27
918	0.0345716	-8777.89
919	0.0345716	-8559.79
920	0.0345716	-8481.26
921	0.0345716	-8265.69
922	0.0345716	-8304.44
923	0.0345716	-8490.33
924	0.0345716	-8404.77
925	0.0345716	-8258.2
926	0.0345716	-8403.45
927	0.0345716	-8458.95
928	0.0345716	-8553.12
929	0.0345716	-8479.46
930	0.0345716	-8548.29
931	0.0345716	-8503.58
932	0.0345716	-8729.07
933	0.0345716	-8573.49
934	0.0345716	-8617.5
935	0.0345716	-8507.82
936	0.0345716	-8636.56
937	0.0345716	-8362.25
938	0.0345716	-8334.48
939	0.0345716	-8330.04
940	0.0345716	-8536.62
941	0.0345716	-8408.71
942	0.0345716	-8459.68
943	0.0345716	-8427.72
944	0.0345716	-8456.41
945	0.0345716	-8326.33
946	0.0345716	-8503.67
947	0.0345716	-8438.6
948	0.0345716	-8435.23
949	0.0345716	-8289.22
950	0.0345716	-8437.94
951	0.0345716	-8394.43
952	0.0345716	-8387.87
953	0.0345716	-8408.99
954	0.0345716	-8663.4
955	0.0345716	-8480.37
956	0.0345716	-8536.41
957	0.0345716	-8492.01
958	0.0345716	-8397.47
959	0.0345716	-8425.9
960	0.0345716	-8456.82
961	0.0345716	-8556.84
962	0.0345716	-8548.56
963	0.0345716	-8438.73
964	0.0345716	-8340.1
965	0.0345716	-8350.64
966	0.0345716	-8347.68
967	0.0345716	-8430.33
968	0.0345716	-8417.74
969	0.0345716	-8479.42
970	0.0345716	-8434.52
971	0.0345716	-8337.99
972	0.0345716	-8449.24
973	0.0345716	-8412.65
974	0.0345716	-8439.29
975	0.0345716	-8336.17
976	0.0345716	-8359
977	0.0345716	-8490.77
978	0.0345716	-8446.78
979	0.0345716	-8398.94
980	0.0345716	-8427.35
981	0.0345716	-8396.13
982	0.0345716	-8346.13
983	0.0345716	-8459.67
984	0.0345716	-8332.87
985	0.0345716	-8175.28
986	0.0345716	-8296.81
987	0.0345716	-8279.38
988	0.0345716	-8472.17
989	0.0345716	-8495.37
990	0.0345716	-8641.41
991	0.0345716	-8552.76
992	0.0345716	-8662.06
993	0.0345716	-8436.01
994	0.0345716	-8430.63
995	0.0345716	-8425.39
996	0.0345716	-8342.75
997	0.0345716	-8340.37
998	0.0345716	-8427.03
999	0.0345716	-8718.1
1000	0.0345716	-8618.05
