state	power	likelihood
251	0.000354013	-13344.4
252	0.000354013	-11200.5
253	0.000354013	-12921.8
254	0.000354013	-14509.9
255	0.000354013	-12319.1
256	0.000354013	-11434.9
257	0.000354013	-13878.6
258	0.000354013	-10792.6
259	0.000354013	-11210.7
260	0.000354013	-10607.8
261	0.000354013	-11285.6
262	0.000354013	-10965.1
263	0.000354013	-12788.6
264	0.000354013	-10444.7
265	0.000354013	-10185.2
266	0.000354013	-11397.4
267	0.000354013	-11046.8
268	0.000354013	-10193.8
269	0.000354013	-10500.7
270	0.000354013	-11656.6
271	0.000354013	-11836.4
272	0.000354013	-11669.3
273	0.000354013	-12766.1
274	0.000354013	-11920.8
275	0.000354013	-11669.2
276	0.000354013	-11369.8
277	0.000354013	-11456.6
278	0.000354013	-10800.9
279	0.000354013	-13083.7
280	0.000354013	-12930.5
281	0.000354013	-11408
282	0.000354013	-10880.3
283	0.000354013	-10713
284	0.000354013	-10655.4
285	0.000354013	-10322.3
286	0.000354013	-11268.9
287	0.000354013	-12333.1
288	0.000354013	-11730.9
289	0.000354013	-11855.6
290	0.000354013	-11172.2
291	0.000354013	-10885.7
292	0.000354013	-11274.4
293	0.000354013	-12014.4
294	0.000354013	-11134.9
295	0.000354013	-10952.8
296	0.000354013	-10859.4
297	0.000354013	-10016.7
298	0.000354013	-10785.1
299	0.000354013	-11371
300	0.000354013	-12160.2
301	0.000354013	-12332.3
302	0.000354013	-12715.9
303	0.000354013	-11861.3
304	0.000354013	-11353.8
305	0.000354013	-11483
306	0.000354013	-11847.2
307	0.000354013	-13479.3
308	0.000354013	-14030.2
309	0.000354013	-12128.8
310	0.000354013	-11526.2
311	0.000354013	-10603.8
312	0.000354013	-11516.7
313	0.000354013	-10887.4
314	0.000354013	-12770.2
315	0.000354013	-13613.9
316	0.000354013	-10952.6
317	0.000354013	-11205
318	0.000354013	-10406.1
319	0.000354013	-12215.9
320	0.000354013	-13010.1
321	0.000354013	-12583.1
322	0.000354013	-11319.9
323	0.000354013	-11355.8
324	0.000354013	-10326.6
325	0.000354013	-9795.46
326	0.000354013	-11206.2
327	0.000354013	-11380.6
328	0.000354013	-11321
329	0.000354013	-11049.5
330	0.000354013	-10617.3
331	0.000354013	-10869
332	0.000354013	-12611.5
333	0.000354013	-12259
334	0.000354013	-12126.2
335	0.000354013	-10086.9
336	0.000354013	-12553
337	0.000354013	-11150.2
338	0.000354013	-11540.1
339	0.000354013	-12078.6
340	0.000354013	-11526.8
341	0.000354013	-13549.5
342	0.000354013	-11910.3
343	0.000354013	-11880.9
344	0.000354013	-10678.3
345	0.000354013	-10454.3
346	0.000354013	-13110
347	0.000354013	-10465.6
348	0.000354013	-11394.4
349	0.000354013	-10433.1
350	0.000354013	-11341.3
351	0.000354013	-12032.4
352	0.000354013	-13113.7
353	0.000354013	-13979.3
354	0.000354013	-14192
355	0.000354013	-14220.2
356	0.000354013	-13358.8
357	0.000354013	-12675.1
358	0.000354013	-12328.2
359	0.000354013	-10258.8
360	0.000354013	-11442.6
361	0.000354013	-11564.5
362	0.000354013	-12240.8
363	0.000354013	-12440.9
364	0.000354013	-12809.9
365	0.000354013	-13937
366	0.000354013	-12113.4
367	0.000354013	-12227.4
368	0.000354013	-11142.3
369	0.000354013	-10758.1
370	0.000354013	-12508.4
371	0.000354013	-13383
372	0.000354013	-11260.8
373	0.000354013	-11111.1
374	0.000354013	-11547.2
375	0.000354013	-11788
376	0.000354013	-14412.4
377	0.000354013	-13682.3
378	0.000354013	-12029.8
379	0.000354013	-10554.4
380	0.000354013	-11344.5
381	0.000354013	-10833.2
382	0.000354013	-11352.9
383	0.000354013	-11335.2
384	0.000354013	-10667.7
385	0.000354013	-10571.1
386	0.000354013	-9937.42
387	0.000354013	-10014
388	0.000354013	-13705.4
389	0.000354013	-12617.7
390	0.000354013	-13795.8
391	0.000354013	-10650.5
392	0.000354013	-10683.8
393	0.000354013	-10550.6
394	0.000354013	-11349.4
395	0.000354013	-11056
396	0.000354013	-11671.1
397	0.000354013	-11675.7
398	0.000354013	-11079.1
399	0.000354013	-12093.4
400	0.000354013	-11778.4
401	0.000354013	-12691.5
402	0.000354013	-12138.1
403	0.000354013	-10830.2
404	0.000354013	-13709.6
405	0.000354013	-12895.1
406	0.000354013	-17059.5
407	0.000354013	-14383.4
408	0.000354013	-10606.3
409	0.000354013	-10617.5
410	0.000354013	-11457.1
411	0.000354013	-11151
412	0.000354013	-10759.4
413	0.000354013	-11790.5
414	0.000354013	-10958.5
415	0.000354013	-11171.5
416	0.000354013	-10410.4
417	0.000354013	-10572.4
418	0.000354013	-11333.4
419	0.000354013	-11564.7
420	0.000354013	-13651.6
421	0.000354013	-12382.2
422	0.000354013	-12094.4
423	0.000354013	-13655.4
424	0.000354013	-12405.4
425	0.000354013	-11194.1
426	0.000354013	-13286.3
427	0.000354013	-11004.4
428	0.000354013	-9924.25
429	0.000354013	-10910.5
430	0.000354013	-13325.9
431	0.000354013	-10328.8
432	0.000354013	-10908.5
433	0.000354013	-11169.2
434	0.000354013	-10753.4
435	0.000354013	-11967.5
436	0.000354013	-11723
437	0.000354013	-11172.2
438	0.000354013	-10740.9
439	0.000354013	-10064.9
440	0.000354013	-11713.4
441	0.000354013	-13265.9
442	0.000354013	-12815.7
443	0.000354013	-10382.2
444	0.000354013	-10868.7
445	0.000354013	-10674.8
446	0.000354013	-10607.5
447	0.000354013	-11472.7
448	0.000354013	-10382.5
449	0.000354013	-11193.9
450	0.000354013	-11590.9
451	0.000354013	-12458.6
452	0.000354013	-15113.9
453	0.000354013	-13102.9
454	0.000354013	-10532
455	0.000354013	-11536.6
456	0.000354013	-11419.4
457	0.000354013	-11360.8
458	0.000354013	-10846.9
459	0.000354013	-11610.2
460	0.000354013	-9796.22
461	0.000354013	-13172.2
462	0.000354013	-12297.4
463	0.000354013	-11464
464	0.000354013	-12491.7
465	0.000354013	-11319.2
466	0.000354013	-10368.3
467	0.000354013	-14555.3
468	0.000354013	-15267.3
469	0.000354013	-11942.9
470	0.000354013	-11933.9
471	0.000354013	-11576.6
472	0.000354013	-11896.6
473	0.000354013	-11468.4
474	0.000354013	-11264.1
475	0.000354013	-11539
476	0.000354013	-11679
477	0.000354013	-12073.3
478	0.000354013	-10941.7
479	0.000354013	-12490.1
480	0.000354013	-12436.4
481	0.000354013	-12067.3
482	0.000354013	-11559
483	0.000354013	-12129
484	0.000354013	-9830.86
485	0.000354013	-12838.2
486	0.000354013	-11221
487	0.000354013	-10789.5
488	0.000354013	-10232.7
489	0.000354013	-10408.7
490	0.000354013	-10773.5
491	0.000354013	-12445.9
492	0.000354013	-12655.3
493	0.000354013	-13463.4
494	0.000354013	-13968.4
495	0.000354013	-13176.7
496	0.000354013	-13638.5
497	0.000354013	-11861.4
498	0.000354013	-12034.9
499	0.000354013	-10022.5
500	0.000354013	-9653.83
501	0.000354013	-10843.9
502	0.000354013	-13808.9
503	0.000354013	-13605.7
504	0.000354013	-12112.1
505	0.000354013	-12387.6
506	0.000354013	-12354.9
507	0.000354013	-10686
508	0.000354013	-11592.6
509	0.000354013	-13831.1
510	0.000354013	-12155.9
511	0.000354013	-11427.9
512	0.000354013	-11808.3
513	0.000354013	-11054.3
514	0.000354013	-14078.2
515	0.000354013	-11000.4
516	0.000354013	-10407.3
517	0.000354013	-12828.2
518	0.000354013	-12921.4
519	0.000354013	-10463.6
520	0.000354013	-11761.8
521	0.000354013	-11338.7
522	0.000354013	-10680.3
523	0.000354013	-12146
524	0.000354013	-11892.8
525	0.000354013	-11249.1
526	0.000354013	-13753.4
527	0.000354013	-11738.3
528	0.000354013	-12153.6
529	0.000354013	-11793.2
530	0.000354013	-11989.7
531	0.000354013	-11339.4
532	0.000354013	-11269.8
533	0.000354013	-11337.2
534	0.000354013	-10826.2
535	0.000354013	-11195.9
536	0.000354013	-10786.6
537	0.000354013	-12146.5
538	0.000354013	-12815.5
539	0.000354013	-11990.5
540	0.000354013	-11490.4
541	0.000354013	-11314.6
542	0.000354013	-12866.7
543	0.000354013	-12091.6
544	0.000354013	-11333.1
545	0.000354013	-10360.5
546	0.000354013	-10910.9
547	0.000354013	-11076.8
548	0.000354013	-11750.1
549	0.000354013	-12975
550	0.000354013	-14658.5
551	0.000354013	-14996.1
552	0.000354013	-12338.5
553	0.000354013	-10968.4
554	0.000354013	-11367.7
555	0.000354013	-11421.3
556	0.000354013	-11486
557	0.000354013	-12582.2
558	0.000354013	-12022
559	0.000354013	-11973.5
560	0.000354013	-12741.6
561	0.000354013	-15240
562	0.000354013	-14369.5
563	0.000354013	-11873
564	0.000354013	-12550.1
565	0.000354013	-12239.3
566	0.000354013	-11665.6
567	0.000354013	-12839.7
568	0.000354013	-12453.6
569	0.000354013	-11828.2
570	0.000354013	-13976.7
571	0.000354013	-14296.8
572	0.000354013	-13284.9
573	0.000354013	-10192.7
574	0.000354013	-10010.1
575	0.000354013	-11521.9
576	0.000354013	-11721.2
577	0.000354013	-12526.9
578	0.000354013	-16821.5
579	0.000354013	-17438.1
580	0.000354013	-11231.7
581	0.000354013	-11280.7
582	0.000354013	-11650.6
583	0.000354013	-12904.2
584	0.000354013	-11630.5
585	0.000354013	-11416.8
586	0.000354013	-15165
587	0.000354013	-15292.2
588	0.000354013	-11005.7
589	0.000354013	-11224.2
590	0.000354013	-11654.1
591	0.000354013	-11789.7
592	0.000354013	-10231.8
593	0.000354013	-10695.8
594	0.000354013	-15468.5
595	0.000354013	-14534.2
596	0.000354013	-13439.6
597	0.000354013	-11280.5
598	0.000354013	-11773.9
599	0.000354013	-10922.8
600	0.000354013	-11104.4
601	0.000354013	-11522.4
602	0.000354013	-11374
603	0.000354013	-12405.8
604	0.000354013	-12592.2
605	0.000354013	-13488.3
606	0.000354013	-12660.7
607	0.000354013	-13681.5
608	0.000354013	-11859.9
609	0.000354013	-11612.6
610	0.000354013	-12759.8
611	0.000354013	-11203.5
612	0.000354013	-10946.4
613	0.000354013	-13763.7
614	0.000354013	-13525.8
615	0.000354013	-13424.5
616	0.000354013	-13006.8
617	0.000354013	-11738
618	0.000354013	-10468.9
619	0.000354013	-11292.4
620	0.000354013	-12070.7
621	0.000354013	-11786.2
622	0.000354013	-10240.2
623	0.000354013	-12249.9
624	0.000354013	-11320.8
625	0.000354013	-10893
626	0.000354013	-10704.5
627	0.000354013	-11416.3
628	0.000354013	-11056.6
629	0.000354013	-12292.3
630	0.000354013	-12491.6
631	0.000354013	-13435
632	0.000354013	-10689.5
633	0.000354013	-14051.2
634	0.000354013	-12692.3
635	0.000354013	-13258.8
636	0.000354013	-10516.4
637	0.000354013	-10291.8
638	0.000354013	-12058.5
639	0.000354013	-10520.2
640	0.000354013	-10606.4
641	0.000354013	-10591.4
642	0.000354013	-11869.6
643	0.000354013	-12353.7
644	0.000354013	-12015.3
645	0.000354013	-10264.4
646	0.000354013	-10235
647	0.000354013	-10376.5
648	0.000354013	-12068.4
649	0.000354013	-10991.7
650	0.000354013	-11244.8
651	0.000354013	-11286.3
652	0.000354013	-11483.4
653	0.000354013	-12659.9
654	0.000354013	-12178
655	0.000354013	-12583.8
656	0.000354013	-12410.8
657	0.000354013	-11302.1
658	0.000354013	-11597.3
659	0.000354013	-10488.2
660	0.000354013	-10019
661	0.000354013	-10766.8
662	0.000354013	-12624.2
663	0.000354013	-12122.5
664	0.000354013	-10831.7
665	0.000354013	-12469.9
666	0.000354013	-12590.8
667	0.000354013	-12326.8
668	0.000354013	-11980.2
669	0.000354013	-10665.9
670	0.000354013	-11016
671	0.000354013	-10255.7
672	0.000354013	-11479.5
673	0.000354013	-11966.1
674	0.000354013	-11186.6
675	0.000354013	-11697.2
676	0.000354013	-9508.19
677	0.000354013	-11626.7
678	0.000354013	-12189.3
679	0.000354013	-10926.2
680	0.000354013	-11020.5
681	0.000354013	-11143.1
682	0.000354013	-10550.6
683	0.000354013	-10891.5
684	0.000354013	-10444.7
685	0.000354013	-10571.2
686	0.000354013	-11600.6
687	0.000354013	-13287.1
688	0.000354013	-13267.9
689	0.000354013	-12817.3
690	0.000354013	-12233.4
691	0.000354013	-12062.8
692	0.000354013	-12287.2
693	0.000354013	-14227.4
694	0.000354013	-12919.4
695	0.000354013	-12101.4
696	0.000354013	-13561
697	0.000354013	-12394.7
698	0.000354013	-11954.2
699	0.000354013	-11834.6
700	0.000354013	-14160.8
701	0.000354013	-10797.9
702	0.000354013	-9469.1
703	0.000354013	-11236.7
704	0.000354013	-10256.6
705	0.000354013	-10617.3
706	0.000354013	-11522.4
707	0.000354013	-11422.1
708	0.000354013	-11942.8
709	0.000354013	-12028.6
710	0.000354013	-11969.1
711	0.000354013	-12081.4
712	0.000354013	-12160
713	0.000354013	-12862.5
714	0.000354013	-12108.4
715	0.000354013	-13061.2
716	0.000354013	-14299.4
717	0.000354013	-11944.6
718	0.000354013	-12451.2
719	0.000354013	-12112.6
720	0.000354013	-11819.9
721	0.000354013	-10794.7
722	0.000354013	-11512
723	0.000354013	-11820
724	0.000354013	-11116.5
725	0.000354013	-13643.4
726	0.000354013	-15074.6
727	0.000354013	-15486.4
728	0.000354013	-11958.3
729	0.000354013	-11551.9
730	0.000354013	-10982.4
731	0.000354013	-10742.1
732	0.000354013	-10259.9
733	0.000354013	-12519.3
734	0.000354013	-10215.1
735	0.000354013	-12251.6
736	0.000354013	-11992.8
737	0.000354013	-12887.7
738	0.000354013	-11956.7
739	0.000354013	-12483.8
740	0.000354013	-12302.9
741	0.000354013	-12629.7
742	0.000354013	-10861.6
743	0.000354013	-12075.2
744	0.000354013	-11763.3
745	0.000354013	-12377.2
746	0.000354013	-10012.2
747	0.000354013	-11853.8
748	0.000354013	-12973.4
749	0.000354013	-11969
750	0.000354013	-12445
751	0.000354013	-12682.3
752	0.000354013	-14501.3
753	0.000354013	-13306.3
754	0.000354013	-13213.8
755	0.000354013	-12191.8
756	0.000354013	-12162.6
757	0.000354013	-11927.7
758	0.000354013	-12259.1
759	0.000354013	-12275.8
760	0.000354013	-11480.6
761	0.000354013	-12919.6
762	0.000354013	-13535.3
763	0.000354013	-10187.4
764	0.000354013	-12323.3
765	0.000354013	-11990.9
766	0.000354013	-12317.5
767	0.000354013	-11297.8
768	0.000354013	-11160.8
769	0.000354013	-12468.6
770	0.000354013	-12197.4
771	0.000354013	-11823.2
772	0.000354013	-12543.7
773	0.000354013	-11402.4
774	0.000354013	-12022
775	0.000354013	-12289.9
776	0.000354013	-12562.3
777	0.000354013	-12331.4
778	0.000354013	-11219.5
779	0.000354013	-10833.3
780	0.000354013	-10367.7
781	0.000354013	-10730.3
782	0.000354013	-11157.1
783	0.000354013	-11930
784	0.000354013	-12099.1
785	0.000354013	-10885
786	0.000354013	-11308
787	0.000354013	-12355.9
788	0.000354013	-11564.9
789	0.000354013	-12942.7
790	0.000354013	-12677.9
791	0.000354013	-13471.2
792	0.000354013	-12435.3
793	0.000354013	-10804.5
794	0.000354013	-11609.3
795	0.000354013	-11732.2
796	0.000354013	-11772.3
797	0.000354013	-11587.3
798	0.000354013	-10430.9
799	0.000354013	-11882.3
800	0.000354013	-12392.1
801	0.000354013	-12664.2
802	0.000354013	-12282.8
803	0.000354013	-11619.3
804	0.000354013	-11406.6
805	0.000354013	-11501.5
806	0.000354013	-12430.1
807	0.000354013	-11813.1
808	0.000354013	-11186.1
809	0.000354013	-10648.3
810	0.000354013	-10715.6
811	0.000354013	-11169.2
812	0.000354013	-11896.2
813	0.000354013	-10555
814	0.000354013	-11341.5
815	0.000354013	-11032.6
816	0.000354013	-16163.8
817	0.000354013	-10586.6
818	0.000354013	-11012.8
819	0.000354013	-11571.1
820	0.000354013	-10947.1
821	0.000354013	-12454.6
822	0.000354013	-12105.8
823	0.000354013	-9958.95
824	0.000354013	-10429
825	0.000354013	-12389.3
826	0.000354013	-11450.5
827	0.000354013	-10271
828	0.000354013	-11367.6
829	0.000354013	-10788
830	0.000354013	-11323.1
831	0.000354013	-11749.4
832	0.000354013	-10230.2
833	0.000354013	-10110.9
834	0.000354013	-11479.7
835	0.000354013	-12593.3
836	0.000354013	-13446.1
837	0.000354013	-13388.4
838	0.000354013	-11219.7
839	0.000354013	-10223.7
840	0.000354013	-11621.8
841	0.000354013	-12442.5
842	0.000354013	-13332
843	0.000354013	-12121.2
844	0.000354013	-12015.3
845	0.000354013	-11855.8
846	0.000354013	-11039.8
847	0.000354013	-11570.1
848	0.000354013	-11271.4
849	0.000354013	-11925
850	0.000354013	-12196.9
851	0.000354013	-13838.7
852	0.000354013	-12968.9
853	0.000354013	-14150.9
854	0.000354013	-11484.3
855	0.000354013	-10573
856	0.000354013	-11516.3
857	0.000354013	-11634.4
858	0.000354013	-11504
859	0.000354013	-10605.2
860	0.000354013	-11286.2
861	0.000354013	-10447.8
862	0.000354013	-10517.5
863	0.000354013	-11034.1
864	0.000354013	-11776.3
865	0.000354013	-11633.4
866	0.000354013	-10975.5
867	0.000354013	-11680.4
868	0.000354013	-12519.9
869	0.000354013	-10408.5
870	0.000354013	-11230.6
871	0.000354013	-11086.1
872	0.000354013	-10900.1
873	0.000354013	-10595.3
874	0.000354013	-10147.5
875	0.000354013	-11378.8
876	0.000354013	-10863.9
877	0.000354013	-12370.9
878	0.000354013	-12387
879	0.000354013	-11139.7
880	0.000354013	-10838.9
881	0.000354013	-10881.2
882	0.000354013	-10292.3
883	0.000354013	-10399.2
884	0.000354013	-11396.6
885	0.000354013	-9876.43
886	0.000354013	-9911.39
887	0.000354013	-12324.2
888	0.000354013	-10450.7
889	0.000354013	-11382.6
890	0.000354013	-11568.5
891	0.000354013	-11053.7
892	0.000354013	-10727.3
893	0.000354013	-11498
894	0.000354013	-11523.3
895	0.000354013	-13101.6
896	0.000354013	-11730.9
897	0.000354013	-11518.2
898	0.000354013	-10682.7
899	0.000354013	-11901.5
900	0.000354013	-12478.1
901	0.000354013	-12597.9
902	0.000354013	-12803.7
903	0.000354013	-11345.5
904	0.000354013	-13654.5
905	0.000354013	-13785.3
906	0.000354013	-10191.1
907	0.000354013	-10151.5
908	0.000354013	-12681.9
909	0.000354013	-11817
910	0.000354013	-10707.6
911	0.000354013	-11203.4
912	0.000354013	-11235.4
913	0.000354013	-10769.8
914	0.000354013	-10199.7
915	0.000354013	-10569.7
916	0.000354013	-10761.3
917	0.000354013	-10712.3
918	0.000354013	-11845
919	0.000354013	-10480.5
920	0.000354013	-11141.2
921	0.000354013	-12497.3
922	0.000354013	-11567.8
923	0.000354013	-12972.7
924	0.000354013	-13249.5
925	0.000354013	-12888.1
926	0.000354013	-12291
927	0.000354013	-12618.3
928	0.000354013	-10754.9
929	0.000354013	-12187.8
930	0.000354013	-11716.7
931	0.000354013	-11623.5
932	0.000354013	-10510.9
933	0.000354013	-10610.3
934	0.000354013	-12974.1
935	0.000354013	-10783.5
936	0.000354013	-14043.7
937	0.000354013	-13333.5
938	0.000354013	-10976.8
939	0.000354013	-11705.2
940	0.000354013	-13282.1
941	0.000354013	-12566.3
942	0.000354013	-15371.2
943	0.000354013	-16569.3
944	0.000354013	-14522.6
945	0.000354013	-9337.51
946	0.000354013	-10709.3
947	0.000354013	-10383.3
948	0.000354013	-11403.6
949	0.000354013	-13516.4
950	0.000354013	-11008.5
951	0.000354013	-12039.7
952	0.000354013	-12178.5
953	0.000354013	-10924.7
954	0.000354013	-12369.7
955	0.000354013	-11847.1
956	0.000354013	-12353.1
957	0.000354013	-10353.7
958	0.000354013	-9820.82
959	0.000354013	-12019.9
960	0.000354013	-11814.9
961	0.000354013	-12017.6
962	0.000354013	-12406.8
963	0.000354013	-12512.6
964	0.000354013	-12561
965	0.000354013	-12569
966	0.000354013	-13756.2
967	0.000354013	-12791
968	0.000354013	-12029.9
969	0.000354013	-11119.5
970	0.000354013	-11814.6
971	0.000354013	-13524.5
972	0.000354013	-13681.7
973	0.000354013	-12241.8
974	0.000354013	-13026.1
975	0.000354013	-12592.8
976	0.000354013	-12960
977	0.000354013	-12201
978	0.000354013	-11230.7
979	0.000354013	-10457.8
980	0.000354013	-11640.8
981	0.000354013	-10622.6
982	0.000354013	-10114.5
983	0.000354013	-10978.5
984	0.000354013	-12947.6
985	0.000354013	-12988.7
986	0.000354013	-12734.8
987	0.000354013	-12008
988	0.000354013	-13869.9
989	0.000354013	-12009
990	0.000354013	-11902.9
991	0.000354013	-12618.3
992	0.000354013	-12634.9
993	0.000354013	-13065.6
994	0.000354013	-13544.2
995	0.000354013	-12897.2
996	0.000354013	-10836.5
997	0.000354013	-11361.3
998	0.000354013	-10712.1
999	0.000354013	-11043.6
1000	0.000354013	-12713.2
