state	power	likelihood
251	0.000116003	-13066
252	0.000116003	-14048.1
253	0.000116003	-10184.8
254	0.000116003	-11449
255	0.000116003	-12282.2
256	0.000116003	-11721.5
257	0.000116003	-12844.7
258	0.000116003	-9991.36
259	0.000116003	-11419.6
260	0.000116003	-10654
261	0.000116003	-9798.61
262	0.000116003	-13252.9
263	0.000116003	-11828
264	0.000116003	-11860.9
265	0.000116003	-11682.9
266	0.000116003	-11935.1
267	0.000116003	-12670.4
268	0.000116003	-11789.2
269	0.000116003	-11874.2
270	0.000116003	-11381.9
271	0.000116003	-11894.6
272	0.000116003	-11828.3
273	0.000116003	-13643.6
274	0.000116003	-15289.8
275	0.000116003	-12137.7
276	0.000116003	-10677.7
277	0.000116003	-11526.1
278	0.000116003	-10829.8
279	0.000116003	-12226.1
280	0.000116003	-10993.4
281	0.000116003	-12767.8
282	0.000116003	-11362.5
283	0.000116003	-13028.6
284	0.000116003	-11200
285	0.000116003	-11010.1
286	0.000116003	-12237
287	0.000116003	-13052.1
288	0.000116003	-12284.9
289	0.000116003	-12661.1
290	0.000116003	-14560.9
291	0.000116003	-13243.6
292	0.000116003	-12058.8
293	0.000116003	-10250.7
294	0.000116003	-10378.7
295	0.000116003	-10123
296	0.000116003	-11225.2
297	0.000116003	-11422.2
298	0.000116003	-11946.1
299	0.000116003	-11425.6
300	0.000116003	-13453
301	0.000116003	-13012.8
302	0.000116003	-12216.6
303	0.000116003	-10572.6
304	0.000116003	-11967.1
305	0.000116003	-10102.4
306	0.000116003	-10496.8
307	0.000116003	-10273
308	0.000116003	-10376.1
309	0.000116003	-12041.5
310	0.000116003	-12288.9
311	0.000116003	-12074
312	0.000116003	-14324.9
313	0.000116003	-10902.8
314	0.000116003	-11362.8
315	0.000116003	-17882.7
316	0.000116003	-11658.5
317	0.000116003	-11277.3
318	0.000116003	-13212.5
319	0.000116003	-12505.2
320	0.000116003	-11977.3
321	0.000116003	-10689.5
322	0.000116003	-12329.9
323	0.000116003	-12712.7
324	0.000116003	-14200.2
325	0.000116003	-11808.3
326	0.000116003	-11652.7
327	0.000116003	-11609.2
328	0.000116003	-14672.6
329	0.000116003	-13660.9
330	0.000116003	-14721.2
331	0.000116003	-14111.2
332	0.000116003	-11637.9
333	0.000116003	-11317.7
334	0.000116003	-11241.4
335	0.000116003	-13021
336	0.000116003	-12584.4
337	0.000116003	-12841.8
338	0.000116003	-12801.4
339	0.000116003	-13205.8
340	0.000116003	-12094.1
341	0.000116003	-11410.4
342	0.000116003	-10550.4
343	0.000116003	-10371.8
344	0.000116003	-13365.9
345	0.000116003	-14358.6
346	0.000116003	-12772.1
347	0.000116003	-12454.9
348	0.000116003	-12639.6
349	0.000116003	-11196.3
350	0.000116003	-11160.4
351	0.000116003	-10797.7
352	0.000116003	-11978.2
353	0.000116003	-11822
354	0.000116003	-12690.4
355	0.000116003	-12138.4
356	0.000116003	-10454.8
357	0.000116003	-12269.4
358	0.000116003	-12225.1
359	0.000116003	-11925.8
360	0.000116003	-11066.9
361	0.000116003	-11925.2
362	0.000116003	-12079.1
363	0.000116003	-13410.1
364	0.000116003	-13107.3
365	0.000116003	-14556.2
366	0.000116003	-10870.1
367	0.000116003	-12211.9
368	0.000116003	-10796.2
369	0.000116003	-11017.8
370	0.000116003	-10342.6
371	0.000116003	-10585.8
372	0.000116003	-9802.82
373	0.000116003	-9795.26
374	0.000116003	-11624.1
375	0.000116003	-9930.21
376	0.000116003	-11658.2
377	0.000116003	-11462.9
378	0.000116003	-11386.9
379	0.000116003	-12048.8
380	0.000116003	-13407.5
381	0.000116003	-12769.4
382	0.000116003	-11776.2
383	0.000116003	-11511.5
384	0.000116003	-11517.7
385	0.000116003	-15712.7
386	0.000116003	-16599
387	0.000116003	-15449.6
388	0.000116003	-15143.3
389	0.000116003	-13562
390	0.000116003	-12557
391	0.000116003	-12196
392	0.000116003	-11950.5
393	0.000116003	-10421.7
394	0.000116003	-10961.2
395	0.000116003	-14156.5
396	0.000116003	-11550
397	0.000116003	-12526
398	0.000116003	-10752.8
399	0.000116003	-10328.2
400	0.000116003	-12128.8
401	0.000116003	-13024.6
402	0.000116003	-12959.7
403	0.000116003	-12329.9
404	0.000116003	-12310.2
405	0.000116003	-10128.1
406	0.000116003	-11310.4
407	0.000116003	-11516.2
408	0.000116003	-11009.5
409	0.000116003	-12493.8
410	0.000116003	-12739.1
411	0.000116003	-14207.6
412	0.000116003	-12576.3
413	0.000116003	-12180.9
414	0.000116003	-12883
415	0.000116003	-14108
416	0.000116003	-12542.2
417	0.000116003	-12213.4
418	0.000116003	-10475.1
419	0.000116003	-11336.7
420	0.000116003	-12851.8
421	0.000116003	-11415.7
422	0.000116003	-11885.6
423	0.000116003	-11056.5
424	0.000116003	-11244.5
425	0.000116003	-11627.1
426	0.000116003	-11161.9
427	0.000116003	-11228.7
428	0.000116003	-10229.1
429	0.000116003	-11110.1
430	0.000116003	-10932.5
431	0.000116003	-11055
432	0.000116003	-10596.9
433	0.000116003	-11840.4
434	0.000116003	-12445.5
435	0.000116003	-12189.9
436	0.000116003	-12056.6
437	0.000116003	-14040.4
438	0.000116003	-13816.1
439	0.000116003	-14671
440	0.000116003	-14518.9
441	0.000116003	-13627.9
442	0.000116003	-11619
443	0.000116003	-11393.8
444	0.000116003	-11402.3
445	0.000116003	-11704.3
446	0.000116003	-11718.2
447	0.000116003	-10916.6
448	0.000116003	-11209.8
449	0.000116003	-16457.1
450	0.000116003	-13990.3
451	0.000116003	-11173.4
452	0.000116003	-11840.2
453	0.000116003	-10306.8
454	0.000116003	-11141
455	0.000116003	-12146
456	0.000116003	-11475.4
457	0.000116003	-10720.4
458	0.000116003	-10533.3
459	0.000116003	-14028.4
460	0.000116003	-15982.9
461	0.000116003	-10673.3
462	0.000116003	-10958.6
463	0.000116003	-11550.5
464	0.000116003	-13532.7
465	0.000116003	-13510.4
466	0.000116003	-11684.4
467	0.000116003	-12164.5
468	0.000116003	-13499.8
469	0.000116003	-14118.8
470	0.000116003	-12506.6
471	0.000116003	-12525.2
472	0.000116003	-11605.8
473	0.000116003	-12368.5
474	0.000116003	-11047.2
475	0.000116003	-11715.6
476	0.000116003	-14192.7
477	0.000116003	-14218.4
478	0.000116003	-13831
479	0.000116003	-11661.7
480	0.000116003	-11567.3
481	0.000116003	-12630.5
482	0.000116003	-14181.6
483	0.000116003	-12613.4
484	0.000116003	-12316.5
485	0.000116003	-11983.7
486	0.000116003	-11882
487	0.000116003	-11835.4
488	0.000116003	-11601.6
489	0.000116003	-12445.9
490	0.000116003	-11811.9
491	0.000116003	-10867.6
492	0.000116003	-12671.7
493	0.000116003	-13525.7
494	0.000116003	-13156.7
495	0.000116003	-14948.6
496	0.000116003	-13163.4
497	0.000116003	-12474.5
498	0.000116003	-12678
499	0.000116003	-11656.1
500	0.000116003	-10808.3
501	0.000116003	-10621.4
502	0.000116003	-11612.5
503	0.000116003	-12527.8
504	0.000116003	-11772
505	0.000116003	-10889.3
506	0.000116003	-11183.7
507	0.000116003	-10633.8
508	0.000116003	-14041
509	0.000116003	-10735.5
510	0.000116003	-10936.5
511	0.000116003	-10518
512	0.000116003	-11873.1
513	0.000116003	-12164.4
514	0.000116003	-9968.13
515	0.000116003	-11135.7
516	0.000116003	-11559.6
517	0.000116003	-11452.2
518	0.000116003	-10097.7
519	0.000116003	-11533.9
520	0.000116003	-11105.3
521	0.000116003	-12316.3
522	0.000116003	-11659.5
523	0.000116003	-14257.1
524	0.000116003	-14555.6
525	0.000116003	-12689.9
526	0.000116003	-13914.9
527	0.000116003	-12542.2
528	0.000116003	-11907.7
529	0.000116003	-11024.5
530	0.000116003	-11037
531	0.000116003	-11014.9
532	0.000116003	-10102.3
533	0.000116003	-9862.34
534	0.000116003	-10254.9
535	0.000116003	-11248.1
536	0.000116003	-10871.5
537	0.000116003	-12441.9
538	0.000116003	-10636.5
539	0.000116003	-11903.2
540	0.000116003	-14708.6
541	0.000116003	-11231
542	0.000116003	-12687
543	0.000116003	-11316.3
544	0.000116003	-12060.6
545	0.000116003	-13086.3
546	0.000116003	-12444.9
547	0.000116003	-11791.8
548	0.000116003	-11602.9
549	0.000116003	-10443.1
550	0.000116003	-10679.7
551	0.000116003	-11194.5
552	0.000116003	-13599.5
553	0.000116003	-14586.4
554	0.000116003	-11715
555	0.000116003	-13573.5
556	0.000116003	-11681.3
557	0.000116003	-12033.3
558	0.000116003	-12626.5
559	0.000116003	-10721.2
560	0.000116003	-11190.7
561	0.000116003	-11337
562	0.000116003	-11822
563	0.000116003	-12970.1
564	0.000116003	-11502.5
565	0.000116003	-10793.4
566	0.000116003	-10965.1
567	0.000116003	-12312.6
568	0.000116003	-12491.8
569	0.000116003	-13556.9
570	0.000116003	-13470.9
571	0.000116003	-10845.6
572	0.000116003	-11359.4
573	0.000116003	-14072.6
574	0.000116003	-12257.9
575	0.000116003	-10327.3
576	0.000116003	-10739.5
577	0.000116003	-11492.5
578	0.000116003	-11925.6
579	0.000116003	-10817.1
580	0.000116003	-10746.7
581	0.000116003	-10067.3
582	0.000116003	-12627
583	0.000116003	-13946.8
584	0.000116003	-13578.3
585	0.000116003	-12246.7
586	0.000116003	-13685.8
587	0.000116003	-12646.3
588	0.000116003	-12524.3
589	0.000116003	-13259.8
590	0.000116003	-13094.5
591	0.000116003	-11874.2
592	0.000116003	-14848.8
593	0.000116003	-10957.5
594	0.000116003	-11576.3
595	0.000116003	-13036.3
596	0.000116003	-13262.3
597	0.000116003	-15123.8
598	0.000116003	-13068.8
599	0.000116003	-11682
600	0.000116003	-11059
601	0.000116003	-11566.6
602	0.000116003	-11790.7
603	0.000116003	-11792
604	0.000116003	-13206.2
605	0.000116003	-13589
606	0.000116003	-13322.1
607	0.000116003	-10769.6
608	0.000116003	-10065.8
609	0.000116003	-10798.4
610	0.000116003	-12041
611	0.000116003	-11263
612	0.000116003	-10938
613	0.000116003	-12959.3
614	0.000116003	-11068.6
615	0.000116003	-10551.1
616	0.000116003	-11259.3
617	0.000116003	-10837
618	0.000116003	-10907.6
619	0.000116003	-10748
620	0.000116003	-11486.2
621	0.000116003	-12541.6
622	0.000116003	-13426.1
623	0.000116003	-11590.7
624	0.000116003	-11263.4
625	0.000116003	-11797.9
626	0.000116003	-12528.9
627	0.000116003	-17659.4
628	0.000116003	-18443.8
629	0.000116003	-11865.1
630	0.000116003	-12241.7
631	0.000116003	-11160.4
632	0.000116003	-12707.4
633	0.000116003	-11450.9
634	0.000116003	-10711.6
635	0.000116003	-10297.1
636	0.000116003	-10197.7
637	0.000116003	-10532.1
638	0.000116003	-12792
639	0.000116003	-11755.4
640	0.000116003	-15851.6
641	0.000116003	-11573.7
642	0.000116003	-11272.2
643	0.000116003	-15259.4
644	0.000116003	-12058.7
645	0.000116003	-10578.7
646	0.000116003	-10469.7
647	0.000116003	-11386.1
648	0.000116003	-12535.4
649	0.000116003	-12498.4
650	0.000116003	-14278.2
651	0.000116003	-13210.3
652	0.000116003	-12599.3
653	0.000116003	-12578
654	0.000116003	-11031.4
655	0.000116003	-11926.6
656	0.000116003	-12705.8
657	0.000116003	-12551.4
658	0.000116003	-11136
659	0.000116003	-12041.4
660	0.000116003	-14370.7
661	0.000116003	-15293
662	0.000116003	-13815.6
663	0.000116003	-10352.2
664	0.000116003	-11220.1
665	0.000116003	-10785.2
666	0.000116003	-10995.5
667	0.000116003	-10507.9
668	0.000116003	-11196.3
669	0.000116003	-12046.5
670	0.000116003	-11854.8
671	0.000116003	-15918.4
672	0.000116003	-12672.2
673	0.000116003	-12517.4
674	0.000116003	-12765.5
675	0.000116003	-11589.3
676	0.000116003	-12829.8
677	0.000116003	-12641.2
678	0.000116003	-11580.4
679	0.000116003	-11387.5
680	0.000116003	-10686
681	0.000116003	-13537.9
682	0.000116003	-10338.4
683	0.000116003	-9839.35
684	0.000116003	-9925.18
685	0.000116003	-12254.3
686	0.000116003	-10754.1
687	0.000116003	-11188.3
688	0.000116003	-11826.6
689	0.000116003	-12539.6
690	0.000116003	-11030.4
691	0.000116003	-12670.2
692	0.000116003	-12383.5
693	0.000116003	-10759.1
694	0.000116003	-10907.4
695	0.000116003	-10886.6
696	0.000116003	-11326.6
697	0.000116003	-12565
698	0.000116003	-11654.3
699	0.000116003	-11058.6
700	0.000116003	-13449.9
701	0.000116003	-11116.9
702	0.000116003	-13919.9
703	0.000116003	-14592.1
704	0.000116003	-10561
705	0.000116003	-10518.7
706	0.000116003	-12956.9
707	0.000116003	-12227.7
708	0.000116003	-12142.7
709	0.000116003	-13818
710	0.000116003	-11211.1
711	0.000116003	-14707.5
712	0.000116003	-11183.5
713	0.000116003	-12032.9
714	0.000116003	-11211.7
715	0.000116003	-11709
716	0.000116003	-12194.7
717	0.000116003	-11186
718	0.000116003	-13066.6
719	0.000116003	-12035.2
720	0.000116003	-12495.3
721	0.000116003	-11289.7
722	0.000116003	-11136.8
723	0.000116003	-11134.8
724	0.000116003	-11487.1
725	0.000116003	-11078.4
726	0.000116003	-11101
727	0.000116003	-10510
728	0.000116003	-10927.8
729	0.000116003	-11147
730	0.000116003	-10419.7
731	0.000116003	-10458.1
732	0.000116003	-10931.5
733	0.000116003	-12032.5
734	0.000116003	-10756
735	0.000116003	-11707.8
736	0.000116003	-13086
737	0.000116003	-11321.3
738	0.000116003	-12658.8
739	0.000116003	-13835.5
740	0.000116003	-15825.2
741	0.000116003	-14692.1
742	0.000116003	-12282
743	0.000116003	-13353.9
744	0.000116003	-12184.2
745	0.000116003	-11921.8
746	0.000116003	-12453.2
747	0.000116003	-11489
748	0.000116003	-17353.2
749	0.000116003	-17521.8
750	0.000116003	-11044.9
751	0.000116003	-12511.4
752	0.000116003	-12887.3
753	0.000116003	-10709.8
754	0.000116003	-11595
755	0.000116003	-12921.2
756	0.000116003	-14531.7
757	0.000116003	-13120.5
758	0.000116003	-12902.6
759	0.000116003	-11381.7
760	0.000116003	-11621.7
761	0.000116003	-11159.3
762	0.000116003	-11013.6
763	0.000116003	-11934.5
764	0.000116003	-13704.1
765	0.000116003	-11154.2
766	0.000116003	-12189.8
767	0.000116003	-12080.4
768	0.000116003	-12180.6
769	0.000116003	-12079.3
770	0.000116003	-15383.9
771	0.000116003	-12302.8
772	0.000116003	-12046.7
773	0.000116003	-13124.1
774	0.000116003	-15036.9
775	0.000116003	-13348.4
776	0.000116003	-11529
777	0.000116003	-11278
778	0.000116003	-11806.7
779	0.000116003	-13883.9
780	0.000116003	-13304
781	0.000116003	-11013.5
782	0.000116003	-11347.9
783	0.000116003	-14757.3
784	0.000116003	-11145.5
785	0.000116003	-12644.6
786	0.000116003	-11501.4
787	0.000116003	-13879.6
788	0.000116003	-14342.2
789	0.000116003	-12378.9
790	0.000116003	-11498.1
791	0.000116003	-12469.4
792	0.000116003	-10655.8
793	0.000116003	-10669.1
794	0.000116003	-11003.8
795	0.000116003	-12065
796	0.000116003	-11948.1
797	0.000116003	-14732.1
798	0.000116003	-14896.5
799	0.000116003	-13659.1
800	0.000116003	-15139.9
801	0.000116003	-13368.9
802	0.000116003	-13800.4
803	0.000116003	-17953.1
804	0.000116003	-15562.9
805	0.000116003	-13769
806	0.000116003	-14660.7
807	0.000116003	-14745.5
808	0.000116003	-13968.7
809	0.000116003	-10782.2
810	0.000116003	-10749.5
811	0.000116003	-11032
812	0.000116003	-12100.4
813	0.000116003	-11339
814	0.000116003	-14656.5
815	0.000116003	-12030.4
816	0.000116003	-12982.8
817	0.000116003	-11637
818	0.000116003	-11478.9
819	0.000116003	-12414.3
820	0.000116003	-10190.5
821	0.000116003	-10798.7
822	0.000116003	-9776.3
823	0.000116003	-9844.8
824	0.000116003	-10573.6
825	0.000116003	-10270
826	0.000116003	-12872.8
827	0.000116003	-11188.5
828	0.000116003	-13029
829	0.000116003	-13031.3
830	0.000116003	-14311.3
831	0.000116003	-12078.8
832	0.000116003	-12610.4
833	0.000116003	-12424.9
834	0.000116003	-15039.2
835	0.000116003	-13394.3
836	0.000116003	-11365.1
837	0.000116003	-12635.9
838	0.000116003	-12799.5
839	0.000116003	-11461.4
840	0.000116003	-11239.2
841	0.000116003	-12009.8
842	0.000116003	-12824
843	0.000116003	-12415.3
844	0.000116003	-12662.6
845	0.000116003	-11897.4
846	0.000116003	-11687.3
847	0.000116003	-10710.1
848	0.000116003	-12931.4
849	0.000116003	-15255.3
850	0.000116003	-14600.4
851	0.000116003	-14433.8
852	0.000116003	-16865.5
853	0.000116003	-17948.6
854	0.000116003	-15022.2
855	0.000116003	-12821.1
856	0.000116003	-10823.8
857	0.000116003	-12461.9
858	0.000116003	-15322.9
859	0.000116003	-11089.1
860	0.000116003	-10207.4
861	0.000116003	-10836.6
862	0.000116003	-10774.3
863	0.000116003	-12376.1
864	0.000116003	-14312.7
865	0.000116003	-12779.3
866	0.000116003	-11801.8
867	0.000116003	-10516.3
868	0.000116003	-12481.4
869	0.000116003	-12209.1
870	0.000116003	-11812.9
871	0.000116003	-11661.5
872	0.000116003	-11390.6
873	0.000116003	-12902.1
874	0.000116003	-12459.1
875	0.000116003	-13447.2
876	0.000116003	-12163.2
877	0.000116003	-11880.9
878	0.000116003	-11615
879	0.000116003	-10932.9
880	0.000116003	-11123.7
881	0.000116003	-10952.8
882	0.000116003	-12119.6
883	0.000116003	-13871.1
884	0.000116003	-12589.4
885	0.000116003	-13403.6
886	0.000116003	-11632.6
887	0.000116003	-12237.7
888	0.000116003	-11737.1
889	0.000116003	-12572.9
890	0.000116003	-12300.7
891	0.000116003	-10699.1
892	0.000116003	-13013.8
893	0.000116003	-11524
894	0.000116003	-12268.1
895	0.000116003	-11879.9
896	0.000116003	-11818.9
897	0.000116003	-10940.6
898	0.000116003	-11113.7
899	0.000116003	-10560.9
900	0.000116003	-10786.2
901	0.000116003	-12189.7
902	0.000116003	-11727.8
903	0.000116003	-13617.2
904	0.000116003	-13653.4
905	0.000116003	-12525.4
906	0.000116003	-12340.8
907	0.000116003	-13417.5
908	0.000116003	-13108.5
909	0.000116003	-12404.6
910	0.000116003	-13605.3
911	0.000116003	-12821.3
912	0.000116003	-12771.2
913	0.000116003	-11837.9
914	0.000116003	-11683.2
915	0.000116003	-12128.6
916	0.000116003	-13071.6
917	0.000116003	-11067.3
918	0.000116003	-13205
919	0.000116003	-11792.7
920	0.000116003	-11343.5
921	0.000116003	-11147.2
922	0.000116003	-11608.7
923	0.000116003	-12451.5
924	0.000116003	-13661.8
925	0.000116003	-13144
926	0.000116003	-13369.7
927	0.000116003	-12222.6
928	0.000116003	-11950.4
929	0.000116003	-11046.8
930	0.000116003	-12210.1
931	0.000116003	-12503.1
932	0.000116003	-13079.7
933	0.000116003	-13337.3
934	0.000116003	-11463.2
935	0.000116003	-11284.4
936	0.000116003	-11996.1
937	0.000116003	-10830.8
938	0.000116003	-11031.1
939	0.000116003	-10808.8
940	0.000116003	-10737.7
941	0.000116003	-12892.2
942	0.000116003	-10698.9
943	0.000116003	-11067.4
944	0.000116003	-11224.4
945	0.000116003	-10877
946	0.000116003	-11457.6
947	0.000116003	-12888.9
948	0.000116003	-13343.9
949	0.000116003	-14206.5
950	0.000116003	-14001.4
951	0.000116003	-13769.7
952	0.000116003	-13145.6
953	0.000116003	-13130.6
954	0.000116003	-13380.3
955	0.000116003	-16418.6
956	0.000116003	-16067.1
957	0.000116003	-14290.7
958	0.000116003	-15482.7
959	0.000116003	-13282.4
960	0.000116003	-11805.1
961	0.000116003	-12037.6
962	0.000116003	-11878.3
963	0.000116003	-11518.1
964	0.000116003	-12370.6
965	0.000116003	-14556.3
966	0.000116003	-13714
967	0.000116003	-12278.4
968	0.000116003	-12666.1
969	0.000116003	-12195.7
970	0.000116003	-12605.7
971	0.000116003	-11466.6
972	0.000116003	-11468
973	0.000116003	-12891.2
974	0.000116003	-11481.9
975	0.000116003	-10719.2
976	0.000116003	-9922.73
977	0.000116003	-9610.32
978	0.000116003	-10632.5
979	0.000116003	-10378.8
980	0.000116003	-10698.8
981	0.000116003	-10807.8
982	0.000116003	-12545.8
983	0.000116003	-10670.7
984	0.000116003	-10960.6
985	0.000116003	-11242.6
986	0.000116003	-10735.5
987	0.000116003	-11708.6
988	0.000116003	-10961
989	0.000116003	-12970.1
990	0.000116003	-11324
991	0.000116003	-12247.8
992	0.000116003	-13416.6
993	0.000116003	-15577.9
994	0.000116003	-11568.9
995	0.000116003	-13772.9
996	0.000116003	-10534.6
997	0.000116003	-11480.8
998	0.000116003	-11877.2
999	0.000116003	-13501.3
1000	0.000116003	-14013.1
