state	power	likelihood
251	0.729136	-8087.85
252	0.729136	-8089.59
253	0.729136	-8092.93
254	0.729136	-8095.74
255	0.729136	-8087.43
256	0.729136	-8089.82
257	0.729136	-8085.09
258	0.729136	-8085.51
259	0.729136	-8084.54
260	0.729136	-8077.61
261	0.729136	-8083.34
262	0.729136	-8092.77
263	0.729136	-8090.82
264	0.729136	-8089.61
265	0.729136	-8083.93
266	0.729136	-8084.18
267	0.729136	-8087.6
268	0.729136	-8077.69
269	0.729136	-8077.13
270	0.729136	-8082.22
271	0.729136	-8091.82
272	0.729136	-8081.13
273	0.729136	-8086.24
274	0.729136	-8088.59
275	0.729136	-8088.81
276	0.729136	-8083.64
277	0.729136	-8085.29
278	0.729136	-8077.61
279	0.729136	-8077.33
280	0.729136	-8087.67
281	0.729136	-8080.17
282	0.729136	-8087.65
283	0.729136	-8087.59
284	0.729136	-8097.97
285	0.729136	-8095.77
286	0.729136	-8087.89
287	0.729136	-8081.19
288	0.729136	-8079.42
289	0.729136	-8082.77
290	0.729136	-8075.47
291	0.729136	-8075.37
292	0.729136	-8081.63
293	0.729136	-8075.64
294	0.729136	-8083.55
295	0.729136	-8086.94
296	0.729136	-8083.78
297	0.729136	-8089.17
298	0.729136	-8091.23
299	0.729136	-8086.51
300	0.729136	-8086.22
301	0.729136	-8078.53
302	0.729136	-8076.57
303	0.729136	-8077
304	0.729136	-8082.06
305	0.729136	-8079.55
306	0.729136	-8079.13
307	0.729136	-8076.84
308	0.729136	-8083.78
309	0.729136	-8085.53
310	0.729136	-8076.07
311	0.729136	-8080.22
312	0.729136	-8081.29
313	0.729136	-8079.97
314	0.729136	-8081.05
315	0.729136	-8080.07
316	0.729136	-8084.98
317	0.729136	-8091.16
318	0.729136	-8087.67
319	0.729136	-8086.56
320	0.729136	-8083.62
321	0.729136	-8083.7
322	0.729136	-8094.1
323	0.729136	-8093.45
324	0.729136	-8089.81
325	0.729136	-8090.05
326	0.729136	-8086.66
327	0.729136	-8090.59
328	0.729136	-8090.14
329	0.729136	-8085.19
330	0.729136	-8085.08
331	0.729136	-8084.35
332	0.729136	-8088.06
333	0.729136	-8081.9
334	0.729136	-8082.59
335	0.729136	-8083.12
336	0.729136	-8079.43
337	0.729136	-8074.68
338	0.729136	-8076.58
339	0.729136	-8082.23
340	0.729136	-8079.37
341	0.729136	-8082.14
342	0.729136	-8082.83
343	0.729136	-8082.1
344	0.729136	-8084.42
345	0.729136	-8082.89
346	0.729136	-8098.81
347	0.729136	-8092.66
348	0.729136	-8088.19
349	0.729136	-8088.64
350	0.729136	-8093.83
351	0.729136	-8088.54
352	0.729136	-8085.8
353	0.729136	-8081.04
354	0.729136	-8076.3
355	0.729136	-8085.1
356	0.729136	-8090.89
357	0.729136	-8089.04
358	0.729136	-8089.14
359	0.729136	-8092.42
360	0.729136	-8086.56
361	0.729136	-8079.79
362	0.729136	-8076.97
363	0.729136	-8079.1
364	0.729136	-8084.56
365	0.729136	-8084.57
366	0.729136	-8080.55
367	0.729136	-8080.69
368	0.729136	-8082.5
369	0.729136	-8085.7
370	0.729136	-8080.94
371	0.729136	-8078.82
372	0.729136	-8085.27
373	0.729136	-8083.97
374	0.729136	-8081.47
375	0.729136	-8084.32
376	0.729136	-8080.29
377	0.729136	-8081.65
378	0.729136	-8081.32
379	0.729136	-8078.15
380	0.729136	-8081.51
381	0.729136	-8077.45
382	0.729136	-8078.52
383	0.729136	-8078.78
384	0.729136	-8080.7
385	0.729136	-8080.73
386	0.729136	-8078.91
387	0.729136	-8077.8
388	0.729136	-8083.23
389	0.729136	-8078.25
390	0.729136	-8087.24
391	0.729136	-8085.94
392	0.729136	-8081.55
393	0.729136	-8082.65
394	0.729136	-8083.9
395	0.729136	-8081.3
396	0.729136	-8082.5
397	0.729136	-8076.49
398	0.729136	-8079.94
399	0.729136	-8080.33
400	0.729136	-8074.28
401	0.729136	-8072.75
402	0.729136	-8074.28
403	0.729136	-8082.83
404	0.729136	-8081.81
405	0.729136	-8089.3
406	0.729136	-8089.58
407	0.729136	-8091.13
408	0.729136	-8093.85
409	0.729136	-8087.09
410	0.729136	-8088.44
411	0.729136	-8085.52
412	0.729136	-8083.65
413	0.729136	-8083.19
414	0.729136	-8089.73
415	0.729136	-8085.65
416	0.729136	-8092.91
417	0.729136	-8093.25
418	0.729136	-8084.21
419	0.729136	-8088.77
420	0.729136	-8084.76
421	0.729136	-8085.97
422	0.729136	-8084.32
423	0.729136	-8079.28
424	0.729136	-8081.81
425	0.729136	-8081.96
426	0.729136	-8082.91
427	0.729136	-8085.22
428	0.729136	-8082.13
429	0.729136	-8090.18
430	0.729136	-8088.51
431	0.729136	-8079.66
432	0.729136	-8076.75
433	0.729136	-8080
434	0.729136	-8079.74
435	0.729136	-8083.33
436	0.729136	-8076.68
437	0.729136	-8080.75
438	0.729136	-8091.38
439	0.729136	-8092.02
440	0.729136	-8084.99
441	0.729136	-8085.04
442	0.729136	-8085.51
443	0.729136	-8096.69
444	0.729136	-8090.72
445	0.729136	-8079.85
446	0.729136	-8078.74
447	0.729136	-8076.97
448	0.729136	-8075.91
449	0.729136	-8076.29
450	0.729136	-8085.25
451	0.729136	-8084.16
452	0.729136	-8085.31
453	0.729136	-8089.48
454	0.729136	-8087.22
455	0.729136	-8090.57
456	0.729136	-8096.3
457	0.729136	-8096.76
458	0.729136	-8091.93
459	0.729136	-8092.31
460	0.729136	-8086.27
461	0.729136	-8081.86
462	0.729136	-8080.47
463	0.729136	-8086.85
464	0.729136	-8085.08
465	0.729136	-8081.66
466	0.729136	-8087
467	0.729136	-8089.34
468	0.729136	-8087.09
469	0.729136	-8089.75
470	0.729136	-8098.05
471	0.729136	-8087.3
472	0.729136	-8083.03
473	0.729136	-8085.57
474	0.729136	-8080.13
475	0.729136	-8083.4
476	0.729136	-8083.52
477	0.729136	-8088.93
478	0.729136	-8087.99
479	0.729136	-8089.76
480	0.729136	-8087.51
481	0.729136	-8087.68
482	0.729136	-8089.01
483	0.729136	-8087.11
484	0.729136	-8086.52
485	0.729136	-8086.01
486	0.729136	-8084.26
487	0.729136	-8086.17
488	0.729136	-8091.15
489	0.729136	-8096
490	0.729136	-8089.67
491	0.729136	-8084.62
492	0.729136	-8082.13
493	0.729136	-8081.79
494	0.729136	-8086.84
495	0.729136	-8081.08
496	0.729136	-8078.84
497	0.729136	-8088.07
498	0.729136	-8089.04
499	0.729136	-8077.08
500	0.729136	-8078.84
501	0.729136	-8075.02
502	0.729136	-8076.62
503	0.729136	-8076.48
504	0.729136	-8075.77
505	0.729136	-8070.98
506	0.729136	-8072.55
507	0.729136	-8081.71
508	0.729136	-8082.89
509	0.729136	-8086.1
510	0.729136	-8082.66
511	0.729136	-8083.23
512	0.729136	-8081.17
513	0.729136	-8084.53
514	0.729136	-8086.94
515	0.729136	-8089
516	0.729136	-8095.11
517	0.729136	-8097.35
518	0.729136	-8085.75
519	0.729136	-8095.06
520	0.729136	-8088.41
521	0.729136	-8078.88
522	0.729136	-8091.03
523	0.729136	-8092.08
524	0.729136	-8094.66
525	0.729136	-8108.58
526	0.729136	-8102.67
527	0.729136	-8102.47
528	0.729136	-8101.5
529	0.729136	-8091.85
530	0.729136	-8094.91
531	0.729136	-8096.14
532	0.729136	-8094.18
533	0.729136	-8086.69
534	0.729136	-8089.89
535	0.729136	-8089.53
536	0.729136	-8083.97
537	0.729136	-8083.16
538	0.729136	-8086.66
539	0.729136	-8087.18
540	0.729136	-8085.04
541	0.729136	-8082.22
542	0.729136	-8083.33
543	0.729136	-8081.21
544	0.729136	-8088.71
545	0.729136	-8095.68
546	0.729136	-8087.84
547	0.729136	-8090.46
548	0.729136	-8093.71
549	0.729136	-8092.54
550	0.729136	-8093.13
551	0.729136	-8094.61
552	0.729136	-8083.91
553	0.729136	-8084.81
554	0.729136	-8088.01
555	0.729136	-8083.14
556	0.729136	-8081.08
557	0.729136	-8083.64
558	0.729136	-8084.94
559	0.729136	-8083.54
560	0.729136	-8082
561	0.729136	-8082.67
562	0.729136	-8085.2
563	0.729136	-8084.57
564	0.729136	-8085.27
565	0.729136	-8081.52
566	0.729136	-8077.67
567	0.729136	-8083.76
568	0.729136	-8081.41
569	0.729136	-8078.25
570	0.729136	-8079.81
571	0.729136	-8078.94
572	0.729136	-8079.22
573	0.729136	-8073.53
574	0.729136	-8081.15
575	0.729136	-8076.35
576	0.729136	-8077.38
577	0.729136	-8080.48
578	0.729136	-8083.51
579	0.729136	-8084.02
580	0.729136	-8088.04
581	0.729136	-8077
582	0.729136	-8074.21
583	0.729136	-8073.02
584	0.729136	-8089.76
585	0.729136	-8091.84
586	0.729136	-8085.97
587	0.729136	-8087.94
588	0.729136	-8079.48
589	0.729136	-8087.03
590	0.729136	-8077.87
591	0.729136	-8079.04
592	0.729136	-8080.91
593	0.729136	-8083.17
594	0.729136	-8080.36
595	0.729136	-8075.13
596	0.729136	-8077.4
597	0.729136	-8081.27
598	0.729136	-8085.15
599	0.729136	-8094.76
600	0.729136	-8094.75
601	0.729136	-8098.43
602	0.729136	-8092.02
603	0.729136	-8098.32
604	0.729136	-8091.37
605	0.729136	-8088.63
606	0.729136	-8090.33
607	0.729136	-8087.74
608	0.729136	-8084.23
609	0.729136	-8082.45
610	0.729136	-8081.32
611	0.729136	-8081.62
612	0.729136	-8084.22
613	0.729136	-8082.02
614	0.729136	-8080.41
615	0.729136	-8081.79
616	0.729136	-8083.32
617	0.729136	-8081.89
618	0.729136	-8085.11
619	0.729136	-8084.35
620	0.729136	-8079.67
621	0.729136	-8081.66
622	0.729136	-8076.61
623	0.729136	-8076.18
624	0.729136	-8088.05
625	0.729136	-8091.5
626	0.729136	-8095.05
627	0.729136	-8085.01
628	0.729136	-8086.41
629	0.729136	-8088.64
630	0.729136	-8086.31
631	0.729136	-8089.21
632	0.729136	-8087.26
633	0.729136	-8089.91
634	0.729136	-8091.02
635	0.729136	-8084.78
636	0.729136	-8085.02
637	0.729136	-8088.41
638	0.729136	-8087.13
639	0.729136	-8083.82
640	0.729136	-8085.47
641	0.729136	-8083.71
642	0.729136	-8085.21
643	0.729136	-8094.77
644	0.729136	-8097.78
645	0.729136	-8093.89
646	0.729136	-8093.93
647	0.729136	-8092.72
648	0.729136	-8087.03
649	0.729136	-8080.87
650	0.729136	-8078.12
651	0.729136	-8077.75
652	0.729136	-8084.43
653	0.729136	-8085.54
654	0.729136	-8088.76
655	0.729136	-8092.01
656	0.729136	-8092.74
657	0.729136	-8086.59
658	0.729136	-8082.15
659	0.729136	-8086.61
660	0.729136	-8086.5
661	0.729136	-8091.66
662	0.729136	-8088.79
663	0.729136	-8083.07
664	0.729136	-8081.19
665	0.729136	-8081.83
666	0.729136	-8085.01
667	0.729136	-8083.86
668	0.729136	-8079.36
669	0.729136	-8083.87
670	0.729136	-8084.03
671	0.729136	-8085.1
672	0.729136	-8087.94
673	0.729136	-8084.18
674	0.729136	-8079.44
675	0.729136	-8079.56
676	0.729136	-8080.31
677	0.729136	-8083.28
678	0.729136	-8082.47
679	0.729136	-8086.47
680	0.729136	-8089.13
681	0.729136	-8085.67
682	0.729136	-8090.38
683	0.729136	-8085.02
684	0.729136	-8084.33
685	0.729136	-8090.65
686	0.729136	-8077.4
687	0.729136	-8077.57
688	0.729136	-8087.21
689	0.729136	-8087.47
690	0.729136	-8081.6
691	0.729136	-8082.47
692	0.729136	-8084.45
693	0.729136	-8077.74
694	0.729136	-8076.2
695	0.729136	-8085.98
696	0.729136	-8085.3
697	0.729136	-8082.51
698	0.729136	-8082.47
699	0.729136	-8081.53
700	0.729136	-8079.13
701	0.729136	-8090.03
702	0.729136	-8087.39
703	0.729136	-8083.38
704	0.729136	-8080.08
705	0.729136	-8075.59
706	0.729136	-8075.83
707	0.729136	-8074.27
708	0.729136	-8077.5
709	0.729136	-8080.17
710	0.729136	-8089.91
711	0.729136	-8087.67
712	0.729136	-8088.51
713	0.729136	-8082.58
714	0.729136	-8080.8
715	0.729136	-8078.68
716	0.729136	-8082.44
717	0.729136	-8083.89
718	0.729136	-8088.89
719	0.729136	-8085.97
720	0.729136	-8079.01
721	0.729136	-8074.95
722	0.729136	-8079.92
723	0.729136	-8084.99
724	0.729136	-8072.88
725	0.729136	-8073.7
726	0.729136	-8073.57
727	0.729136	-8072.77
728	0.729136	-8075.52
729	0.729136	-8079.7
730	0.729136	-8088.19
731	0.729136	-8093.07
732	0.729136	-8092.94
733	0.729136	-8088.49
734	0.729136	-8089.31
735	0.729136	-8081.64
736	0.729136	-8080.61
737	0.729136	-8082.37
738	0.729136	-8084.7
739	0.729136	-8084.47
740	0.729136	-8087.8
741	0.729136	-8093.11
742	0.729136	-8090.09
743	0.729136	-8088.53
744	0.729136	-8082.14
745	0.729136	-8081.15
746	0.729136	-8087.38
747	0.729136	-8089.8
748	0.729136	-8091.13
749	0.729136	-8087.11
750	0.729136	-8083.09
751	0.729136	-8092.08
752	0.729136	-8081.93
753	0.729136	-8082.51
754	0.729136	-8088.99
755	0.729136	-8082.1
756	0.729136	-8076.85
757	0.729136	-8074.99
758	0.729136	-8075.95
759	0.729136	-8073.83
760	0.729136	-8074.78
761	0.729136	-8075.29
762	0.729136	-8080.29
763	0.729136	-8081.38
764	0.729136	-8077.35
765	0.729136	-8077.09
766	0.729136	-8078.71
767	0.729136	-8085.86
768	0.729136	-8089.36
769	0.729136	-8088.04
770	0.729136	-8091.24
771	0.729136	-8093.24
772	0.729136	-8089.37
773	0.729136	-8090.71
774	0.729136	-8085.34
775	0.729136	-8081.69
776	0.729136	-8079.55
777	0.729136	-8080.14
778	0.729136	-8080.84
779	0.729136	-8079.45
780	0.729136	-8079.51
781	0.729136	-8084.16
782	0.729136	-8075.68
783	0.729136	-8080.01
784	0.729136	-8078.47
785	0.729136	-8085.14
786	0.729136	-8090.13
787	0.729136	-8087.94
788	0.729136	-8088.82
789	0.729136	-8087.59
790	0.729136	-8079.24
791	0.729136	-8076.52
792	0.729136	-8079.54
793	0.729136	-8083.84
794	0.729136	-8081.65
795	0.729136	-8079.69
796	0.729136	-8077.71
797	0.729136	-8077.07
798	0.729136	-8082.62
799	0.729136	-8078.41
800	0.729136	-8077.65
801	0.729136	-8082.78
802	0.729136	-8085.15
803	0.729136	-8087.1
804	0.729136	-8084.81
805	0.729136	-8081.18
806	0.729136	-8081.39
807	0.729136	-8086.66
808	0.729136	-8085.8
809	0.729136	-8084.91
810	0.729136	-8087.88
811	0.729136	-8086.44
812	0.729136	-8098.7
813	0.729136	-8089.4
814	0.729136	-8090.93
815	0.729136	-8085.89
816	0.729136	-8090.64
817	0.729136	-8086.84
818	0.729136	-8088.44
819	0.729136	-8093.47
820	0.729136	-8092.02
821	0.729136	-8090.97
822	0.729136	-8087.67
823	0.729136	-8086.57
824	0.729136	-8082.6
825	0.729136	-8078.84
826	0.729136	-8078.33
827	0.729136	-8082.95
828	0.729136	-8079.61
829	0.729136	-8083.13
830	0.729136	-8084.5
831	0.729136	-8099.8
832	0.729136	-8084.75
833	0.729136	-8083.16
834	0.729136	-8097.08
835	0.729136	-8092.59
836	0.729136	-8085.91
837	0.729136	-8084.61
838	0.729136	-8095.57
839	0.729136	-8098.32
840	0.729136	-8090.73
841	0.729136	-8089.09
842	0.729136	-8085.22
843	0.729136	-8085.2
844	0.729136	-8082.23
845	0.729136	-8085.79
846	0.729136	-8078.93
847	0.729136	-8080.61
848	0.729136	-8086.22
849	0.729136	-8080.78
850	0.729136	-8080.25
851	0.729136	-8095.21
852	0.729136	-8090.22
853	0.729136	-8088.39
854	0.729136	-8090.42
855	0.729136	-8085.91
856	0.729136	-8082.28
857	0.729136	-8084.55
858	0.729136	-8088.6
859	0.729136	-8087.79
860	0.729136	-8090.24
861	0.729136	-8090.15
862	0.729136	-8090.99
863	0.729136	-8093.05
864	0.729136	-8081.54
865	0.729136	-8081.42
866	0.729136	-8086.45
867	0.729136	-8075.41
868	0.729136	-8082.08
869	0.729136	-8083.27
870	0.729136	-8083.01
871	0.729136	-8082
872	0.729136	-8084.2
873	0.729136	-8100.11
874	0.729136	-8097.25
875	0.729136	-8104.01
876	0.729136	-8090.45
877	0.729136	-8086.75
878	0.729136	-8083.05
879	0.729136	-8087.85
880	0.729136	-8085.09
881	0.729136	-8075.94
882	0.729136	-8078
883	0.729136	-8074.49
884	0.729136	-8078.52
885	0.729136	-8081.85
886	0.729136	-8082.42
887	0.729136	-8092.77
888	0.729136	-8092.72
889	0.729136	-8095.57
890	0.729136	-8096.11
891	0.729136	-8091.95
892	0.729136	-8087.29
893	0.729136	-8092.1
894	0.729136	-8085.62
895	0.729136	-8091.82
896	0.729136	-8093.79
897	0.729136	-8094.49
898	0.729136	-8084.63
899	0.729136	-8081.32
900	0.729136	-8081.85
901	0.729136	-8080.67
902	0.729136	-8085.72
903	0.729136	-8086.34
904	0.729136	-8078.92
905	0.729136	-8079.97
906	0.729136	-8081.37
907	0.729136	-8085.77
908	0.729136	-8085.95
909	0.729136	-8085.56
910	0.729136	-8094.62
911	0.729136	-8087.72
912	0.729136	-8090.23
913	0.729136	-8093.34
914	0.729136	-8089.57
915	0.729136	-8091.77
916	0.729136	-8087.28
917	0.729136	-8082.88
918	0.729136	-8090.9
919	0.729136	-8094.25
920	0.729136	-8092.85
921	0.729136	-8095.79
922	0.729136	-8093.16
923	0.729136	-8091.32
924	0.729136	-8082.23
925	0.729136	-8078.37
926	0.729136	-8089.03
927	0.729136	-8089.94
928	0.729136	-8088.15
929	0.729136	-8086.38
930	0.729136	-8087.63
931	0.729136	-8085.66
932	0.729136	-8085.28
933	0.729136	-8086.71
934	0.729136	-8080.34
935	0.729136	-8083.54
936	0.729136	-8080.39
937	0.729136	-8085.54
938	0.729136	-8085.53
939	0.729136	-8091.45
940	0.729136	-8088.26
941	0.729136	-8080.92
942	0.729136	-8085.81
943	0.729136	-8082.71
944	0.729136	-8080.21
945	0.729136	-8083.56
946	0.729136	-8080.96
947	0.729136	-8083.12
948	0.729136	-8090.85
949	0.729136	-8085.75
950	0.729136	-8085.35
951	0.729136	-8091.23
952	0.729136	-8091.1
953	0.729136	-8089.09
954	0.729136	-8091.21
955	0.729136	-8084.73
956	0.729136	-8086.82
957	0.729136	-8093.38
958	0.729136	-8092.63
959	0.729136	-8101.94
960	0.729136	-8087.1
961	0.729136	-8080.84
962	0.729136	-8084.87
963	0.729136	-8092.93
964	0.729136	-8092.41
965	0.729136	-8088.77
966	0.729136	-8082.18
967	0.729136	-8080.05
968	0.729136	-8081.49
969	0.729136	-8085.99
970	0.729136	-8081.03
971	0.729136	-8083.33
972	0.729136	-8080.64
973	0.729136	-8079.32
974	0.729136	-8084.24
975	0.729136	-8085.42
976	0.729136	-8093.96
977	0.729136	-8084.57
978	0.729136	-8082.05
979	0.729136	-8079.88
980	0.729136	-8081.42
981	0.729136	-8080.72
982	0.729136	-8077.86
983	0.729136	-8084.16
984	0.729136	-8085.93
985	0.729136	-8079.58
986	0.729136	-8089.82
987	0.729136	-8087.9
988	0.729136	-8089.14
989	0.729136	-8086.43
990	0.729136	-8085.23
991	0.729136	-8086.76
992	0.729136	-8081.72
993	0.729136	-8081.64
994	0.729136	-8082.09
995	0.729136	-8087.08
996	0.729136	-8088.38
997	0.729136	-8094.93
998	0.729136	-8086.83
999	0.729136	-8082.93
1000	0.729136	-8078.76
