state	power	likelihood
251	0.00131443	-10436.2
252	0.00131443	-10712.9
253	0.00131443	-11267.7
254	0.00131443	-10692.7
255	0.00131443	-10724.8
256	0.00131443	-10469.8
257	0.00131443	-10746.4
258	0.00131443	-9836.16
259	0.00131443	-10587.4
260	0.00131443	-10249.1
261	0.00131443	-10505.2
262	0.00131443	-9841.12
263	0.00131443	-10305.2
264	0.00131443	-10221
265	0.00131443	-10406
266	0.00131443	-11236.9
267	0.00131443	-10333.3
268	0.00131443	-10708
269	0.00131443	-9707.33
270	0.00131443	-10128.6
271	0.00131443	-10759
272	0.00131443	-9840.31
273	0.00131443	-10447.8
274	0.00131443	-9761.85
275	0.00131443	-10575.8
276	0.00131443	-10465.4
277	0.00131443	-10809.8
278	0.00131443	-9800.21
279	0.00131443	-10152.9
280	0.00131443	-9560.42
281	0.00131443	-10287.6
282	0.00131443	-10826.4
283	0.00131443	-10578
284	0.00131443	-9975.21
285	0.00131443	-12074.6
286	0.00131443	-10882
287	0.00131443	-10541.3
288	0.00131443	-10430.2
289	0.00131443	-9320.3
290	0.00131443	-9961.7
291	0.00131443	-10511.6
292	0.00131443	-9399.87
293	0.00131443	-10373.2
294	0.00131443	-10469.3
295	0.00131443	-10237.9
296	0.00131443	-9751.16
297	0.00131443	-10859.9
298	0.00131443	-12127.5
299	0.00131443	-11507.7
300	0.00131443	-10924.7
301	0.00131443	-10067.2
302	0.00131443	-10444.6
303	0.00131443	-11001.5
304	0.00131443	-10816.5
305	0.00131443	-11549.4
306	0.00131443	-10543.3
307	0.00131443	-10920.8
308	0.00131443	-10130.6
309	0.00131443	-10103.7
310	0.00131443	-12031.3
311	0.00131443	-11031
312	0.00131443	-10502
313	0.00131443	-10719
314	0.00131443	-10487.4
315	0.00131443	-10718.5
316	0.00131443	-11744.8
317	0.00131443	-10798.3
318	0.00131443	-9852.86
319	0.00131443	-10127
320	0.00131443	-9548.82
321	0.00131443	-12307.5
322	0.00131443	-11673.2
323	0.00131443	-10298.6
324	0.00131443	-10884.2
325	0.00131443	-10363.3
326	0.00131443	-10516.8
327	0.00131443	-10684.3
328	0.00131443	-11040.8
329	0.00131443	-11382.5
330	0.00131443	-10858.9
331	0.00131443	-10427
332	0.00131443	-10162.6
333	0.00131443	-12990.3
334	0.00131443	-13151.7
335	0.00131443	-10919.6
336	0.00131443	-11400.6
337	0.00131443	-10096.2
338	0.00131443	-12104.5
339	0.00131443	-12108.8
340	0.00131443	-14144.5
341	0.00131443	-11515.5
342	0.00131443	-10735
343	0.00131443	-10334
344	0.00131443	-9834.63
345	0.00131443	-10302.9
346	0.00131443	-10658.2
347	0.00131443	-10318.5
348	0.00131443	-10553.6
349	0.00131443	-10108
350	0.00131443	-9342.35
351	0.00131443	-11428.2
352	0.00131443	-12336.9
353	0.00131443	-11337.1
354	0.00131443	-11572.5
355	0.00131443	-10271
356	0.00131443	-10998.4
357	0.00131443	-9987.16
358	0.00131443	-10488.8
359	0.00131443	-10732.9
360	0.00131443	-11415.8
361	0.00131443	-12324.2
362	0.00131443	-10767.8
363	0.00131443	-9878.07
364	0.00131443	-10606.6
365	0.00131443	-11261.5
366	0.00131443	-10941.7
367	0.00131443	-11511.6
368	0.00131443	-10838.7
369	0.00131443	-11306.1
370	0.00131443	-12039.9
371	0.00131443	-10997.5
372	0.00131443	-10189.4
373	0.00131443	-10705.1
374	0.00131443	-11052
375	0.00131443	-13768.8
376	0.00131443	-13072.5
377	0.00131443	-11487.5
378	0.00131443	-10243.4
379	0.00131443	-10882.8
380	0.00131443	-10514.3
381	0.00131443	-10655.1
382	0.00131443	-11845
383	0.00131443	-11113.3
384	0.00131443	-11137.9
385	0.00131443	-10959.3
386	0.00131443	-11221.1
387	0.00131443	-10863.5
388	0.00131443	-10739.8
389	0.00131443	-10018.9
390	0.00131443	-10725.4
391	0.00131443	-10753.1
392	0.00131443	-10060.9
393	0.00131443	-10001.7
394	0.00131443	-9954.96
395	0.00131443	-11114.6
396	0.00131443	-11220.7
397	0.00131443	-9950.85
398	0.00131443	-10227.2
399	0.00131443	-11297.1
400	0.00131443	-10310.4
401	0.00131443	-9500.14
402	0.00131443	-10336.1
403	0.00131443	-12927.3
404	0.00131443	-10642.4
405	0.00131443	-10745.7
406	0.00131443	-10371.4
407	0.00131443	-10212.4
408	0.00131443	-10186.2
409	0.00131443	-10105.8
410	0.00131443	-9634.31
411	0.00131443	-10425.6
412	0.00131443	-11660.1
413	0.00131443	-11113.1
414	0.00131443	-10832.2
415	0.00131443	-10893.1
416	0.00131443	-12328.3
417	0.00131443	-11540.1
418	0.00131443	-11320.7
419	0.00131443	-9998.44
420	0.00131443	-9810.5
421	0.00131443	-10371.6
422	0.00131443	-10925.4
423	0.00131443	-10707.3
424	0.00131443	-10035.8
425	0.00131443	-10988
426	0.00131443	-10366.3
427	0.00131443	-10377.6
428	0.00131443	-9634.57
429	0.00131443	-9186.65
430	0.00131443	-10134.6
431	0.00131443	-10977.1
432	0.00131443	-10541
433	0.00131443	-12545.1
434	0.00131443	-11256.3
435	0.00131443	-9954.67
436	0.00131443	-10805.6
437	0.00131443	-13256.4
438	0.00131443	-11928.1
439	0.00131443	-11834
440	0.00131443	-12285.7
441	0.00131443	-13075.5
442	0.00131443	-11169
443	0.00131443	-10652.2
444	0.00131443	-10442.5
445	0.00131443	-11217.3
446	0.00131443	-10968.8
447	0.00131443	-11464.5
448	0.00131443	-10676.6
449	0.00131443	-9718.92
450	0.00131443	-10135.5
451	0.00131443	-10104.2
452	0.00131443	-10203.1
453	0.00131443	-12007.9
454	0.00131443	-10080.2
455	0.00131443	-10162.8
456	0.00131443	-9824.06
457	0.00131443	-10002.9
458	0.00131443	-10228.3
459	0.00131443	-10027.7
460	0.00131443	-11608.4
461	0.00131443	-11300.4
462	0.00131443	-10163.2
463	0.00131443	-10473.9
464	0.00131443	-10157.3
465	0.00131443	-10909.4
466	0.00131443	-11489.6
467	0.00131443	-10196.7
468	0.00131443	-11100.1
469	0.00131443	-11658.2
470	0.00131443	-11981
471	0.00131443	-10770.3
472	0.00131443	-10957.1
473	0.00131443	-10320.5
474	0.00131443	-11496.2
475	0.00131443	-12454.4
476	0.00131443	-12345.1
477	0.00131443	-13024.5
478	0.00131443	-11231.1
479	0.00131443	-10517.4
480	0.00131443	-10656.2
481	0.00131443	-10674.3
482	0.00131443	-11368.3
483	0.00131443	-10924.9
484	0.00131443	-10241.4
485	0.00131443	-12056.9
486	0.00131443	-10925.3
487	0.00131443	-11553
488	0.00131443	-11817.5
489	0.00131443	-11940.7
490	0.00131443	-11420.7
491	0.00131443	-10664.7
492	0.00131443	-11033.7
493	0.00131443	-10526.3
494	0.00131443	-10557
495	0.00131443	-10652.2
496	0.00131443	-11333.1
497	0.00131443	-11046.9
498	0.00131443	-10582.7
499	0.00131443	-10209.6
500	0.00131443	-10017.6
501	0.00131443	-12356.5
502	0.00131443	-11056.3
503	0.00131443	-11452.8
504	0.00131443	-11622.4
505	0.00131443	-12221.6
506	0.00131443	-10382.6
507	0.00131443	-10521.5
508	0.00131443	-9818.46
509	0.00131443	-10076.2
510	0.00131443	-10803.4
511	0.00131443	-11204.3
512	0.00131443	-11784
513	0.00131443	-11919.6
514	0.00131443	-10584.4
515	0.00131443	-10647.5
516	0.00131443	-11033.6
517	0.00131443	-10565.3
518	0.00131443	-11723.1
519	0.00131443	-11258.1
520	0.00131443	-10213.2
521	0.00131443	-11431.8
522	0.00131443	-11848.5
523	0.00131443	-11929.5
524	0.00131443	-10144.5
525	0.00131443	-9645.98
526	0.00131443	-10471.1
527	0.00131443	-9964.43
528	0.00131443	-10625.4
529	0.00131443	-10153.8
530	0.00131443	-10257.8
531	0.00131443	-10135.9
532	0.00131443	-9859.55
533	0.00131443	-11792.1
534	0.00131443	-11363.6
535	0.00131443	-11758.5
536	0.00131443	-11248
537	0.00131443	-10639.7
538	0.00131443	-10408.3
539	0.00131443	-12354.7
540	0.00131443	-11035.6
541	0.00131443	-11031.3
542	0.00131443	-13924.9
543	0.00131443	-11725.5
544	0.00131443	-11783.4
545	0.00131443	-11516.2
546	0.00131443	-11831.6
547	0.00131443	-11904.6
548	0.00131443	-10633.4
549	0.00131443	-11038.2
550	0.00131443	-10465
551	0.00131443	-11140.2
552	0.00131443	-11711
553	0.00131443	-11242.7
554	0.00131443	-11908.5
555	0.00131443	-11171.1
556	0.00131443	-11170.3
557	0.00131443	-12696.9
558	0.00131443	-11712.3
559	0.00131443	-10590.2
560	0.00131443	-11060.9
561	0.00131443	-10563.5
562	0.00131443	-10262.6
563	0.00131443	-10677.5
564	0.00131443	-10762.4
565	0.00131443	-12043.4
566	0.00131443	-10596.6
567	0.00131443	-9760.46
568	0.00131443	-9363.33
569	0.00131443	-12068.6
570	0.00131443	-11985.9
571	0.00131443	-11154.6
572	0.00131443	-10990.1
573	0.00131443	-10916.8
574	0.00131443	-11878.4
575	0.00131443	-10381.8
576	0.00131443	-10441
577	0.00131443	-11232.7
578	0.00131443	-9646.12
579	0.00131443	-10349.8
580	0.00131443	-10986.1
581	0.00131443	-11172.9
582	0.00131443	-11238.1
583	0.00131443	-12006.2
584	0.00131443	-10090.3
585	0.00131443	-9829.25
586	0.00131443	-11095.6
587	0.00131443	-11393.6
588	0.00131443	-11394.9
589	0.00131443	-11536.1
590	0.00131443	-11342.9
591	0.00131443	-10116.3
592	0.00131443	-10103.3
593	0.00131443	-9454.22
594	0.00131443	-12191.1
595	0.00131443	-9762.62
596	0.00131443	-10037.2
597	0.00131443	-10399.4
598	0.00131443	-10729.3
599	0.00131443	-11247.3
600	0.00131443	-11375.4
601	0.00131443	-11406.4
602	0.00131443	-10361.1
603	0.00131443	-10547.9
604	0.00131443	-10948.2
605	0.00131443	-10481.7
606	0.00131443	-9971.68
607	0.00131443	-11934.5
608	0.00131443	-12475.3
609	0.00131443	-11621.3
610	0.00131443	-10820.2
611	0.00131443	-13570.1
612	0.00131443	-11201.2
613	0.00131443	-9853.62
614	0.00131443	-10786.6
615	0.00131443	-11499.3
616	0.00131443	-12137.5
617	0.00131443	-9847.31
618	0.00131443	-10437.8
619	0.00131443	-10850.1
620	0.00131443	-11211.2
621	0.00131443	-9978.77
622	0.00131443	-11364.9
623	0.00131443	-9886.4
624	0.00131443	-11240.8
625	0.00131443	-10237.1
626	0.00131443	-10922.8
627	0.00131443	-11090.4
628	0.00131443	-10247.5
629	0.00131443	-9478.57
630	0.00131443	-10636.5
631	0.00131443	-10796.7
632	0.00131443	-13115.2
633	0.00131443	-10655
634	0.00131443	-10559.5
635	0.00131443	-10297.1
636	0.00131443	-9921.09
637	0.00131443	-11299.3
638	0.00131443	-9740.26
639	0.00131443	-11636.4
640	0.00131443	-9968.8
641	0.00131443	-11454.4
642	0.00131443	-10764.4
643	0.00131443	-11058.2
644	0.00131443	-9940.82
645	0.00131443	-10308.2
646	0.00131443	-10421.8
647	0.00131443	-10541
648	0.00131443	-11828.3
649	0.00131443	-11088
650	0.00131443	-10706.9
651	0.00131443	-10666
652	0.00131443	-11096.3
653	0.00131443	-10547.7
654	0.00131443	-11865.3
655	0.00131443	-13113.6
656	0.00131443	-13189.5
657	0.00131443	-10800.6
658	0.00131443	-11226.1
659	0.00131443	-10899.9
660	0.00131443	-11348.2
661	0.00131443	-11276.2
662	0.00131443	-10996.9
663	0.00131443	-10191.1
664	0.00131443	-9618.68
665	0.00131443	-10448.5
666	0.00131443	-9687.23
667	0.00131443	-10211.9
668	0.00131443	-10194.8
669	0.00131443	-11793.7
670	0.00131443	-10387.1
671	0.00131443	-10172.3
672	0.00131443	-11512.6
673	0.00131443	-12372.6
674	0.00131443	-10785.6
675	0.00131443	-11962.6
676	0.00131443	-12094
677	0.00131443	-10232.2
678	0.00131443	-9925.69
679	0.00131443	-9750.66
680	0.00131443	-10277.8
681	0.00131443	-9704.84
682	0.00131443	-9884.99
683	0.00131443	-10573.7
684	0.00131443	-9876.07
685	0.00131443	-11261.2
686	0.00131443	-10823.9
687	0.00131443	-11676.7
688	0.00131443	-10252.3
689	0.00131443	-10794.3
690	0.00131443	-11596.3
691	0.00131443	-11614
692	0.00131443	-11887.3
693	0.00131443	-12501.3
694	0.00131443	-12043.1
695	0.00131443	-11925.3
696	0.00131443	-11553.5
697	0.00131443	-11067.4
698	0.00131443	-11623.9
699	0.00131443	-11258
700	0.00131443	-11319.5
701	0.00131443	-9691.89
702	0.00131443	-10171.4
703	0.00131443	-11396.2
704	0.00131443	-10527.8
705	0.00131443	-12015.2
706	0.00131443	-12072.2
707	0.00131443	-11170
708	0.00131443	-11846
709	0.00131443	-11705.1
710	0.00131443	-11202.6
711	0.00131443	-11240
712	0.00131443	-10461.1
713	0.00131443	-10273.4
714	0.00131443	-10430.9
715	0.00131443	-10553.2
716	0.00131443	-10518.4
717	0.00131443	-10343.1
718	0.00131443	-11175.4
719	0.00131443	-11938.1
720	0.00131443	-10581.6
721	0.00131443	-11171.2
722	0.00131443	-11850.6
723	0.00131443	-11350.3
724	0.00131443	-11891
725	0.00131443	-11417.5
726	0.00131443	-11721.9
727	0.00131443	-12586.6
728	0.00131443	-12476.9
729	0.00131443	-12354.9
730	0.00131443	-12204.1
731	0.00131443	-11625.4
732	0.00131443	-12357.2
733	0.00131443	-14260.9
734	0.00131443	-10715.6
735	0.00131443	-10669.4
736	0.00131443	-10739.9
737	0.00131443	-11122.9
738	0.00131443	-10682.3
739	0.00131443	-10942.4
740	0.00131443	-10315.1
741	0.00131443	-11427.3
742	0.00131443	-11148
743	0.00131443	-12007
744	0.00131443	-11045.7
745	0.00131443	-9892.95
746	0.00131443	-10441.1
747	0.00131443	-11242.7
748	0.00131443	-10849.8
749	0.00131443	-11408.5
750	0.00131443	-11406.7
751	0.00131443	-9847.32
752	0.00131443	-9707.73
753	0.00131443	-9465.31
754	0.00131443	-10633.8
755	0.00131443	-10681
756	0.00131443	-10630.9
757	0.00131443	-10784.8
758	0.00131443	-10620.8
759	0.00131443	-11792
760	0.00131443	-10697.4
761	0.00131443	-9978.28
762	0.00131443	-10084.3
763	0.00131443	-10471.7
764	0.00131443	-10121.9
765	0.00131443	-11583.2
766	0.00131443	-9872.61
767	0.00131443	-10912
768	0.00131443	-11072.8
769	0.00131443	-10921.8
770	0.00131443	-9969.03
771	0.00131443	-9627.06
772	0.00131443	-11490.5
773	0.00131443	-11412.9
774	0.00131443	-10660
775	0.00131443	-10510.1
776	0.00131443	-11005.3
777	0.00131443	-10993.9
778	0.00131443	-12028.2
779	0.00131443	-11367.7
780	0.00131443	-10413.1
781	0.00131443	-11356
782	0.00131443	-11334.9
783	0.00131443	-11500.5
784	0.00131443	-11229.7
785	0.00131443	-10610.9
786	0.00131443	-12105.5
787	0.00131443	-11599.9
788	0.00131443	-10896.6
789	0.00131443	-10452
790	0.00131443	-10866.7
791	0.00131443	-10507.8
792	0.00131443	-10645.9
793	0.00131443	-10509.8
794	0.00131443	-10321.4
795	0.00131443	-10424.1
796	0.00131443	-10665.5
797	0.00131443	-11154
798	0.00131443	-10029.8
799	0.00131443	-10420.3
800	0.00131443	-10288.3
801	0.00131443	-10770.5
802	0.00131443	-10468.4
803	0.00131443	-10967.2
804	0.00131443	-10981.5
805	0.00131443	-10872.9
806	0.00131443	-10301.5
807	0.00131443	-11121.6
808	0.00131443	-10710.5
809	0.00131443	-10202.7
810	0.00131443	-11007.1
811	0.00131443	-9936.97
812	0.00131443	-10327.9
813	0.00131443	-9681.99
814	0.00131443	-10762.5
815	0.00131443	-11225.2
816	0.00131443	-10572
817	0.00131443	-10280.5
818	0.00131443	-9996.34
819	0.00131443	-11262.9
820	0.00131443	-10786.8
821	0.00131443	-11504.8
822	0.00131443	-12077.5
823	0.00131443	-12047.3
824	0.00131443	-11845.6
825	0.00131443	-12280.5
826	0.00131443	-10476.8
827	0.00131443	-10377.9
828	0.00131443	-10679.2
829	0.00131443	-11037.1
830	0.00131443	-11419.7
831	0.00131443	-11804.1
832	0.00131443	-11348.1
833	0.00131443	-10220.3
834	0.00131443	-10506.2
835	0.00131443	-11365.8
836	0.00131443	-10944.5
837	0.00131443	-10096.5
838	0.00131443	-10001
839	0.00131443	-10890.4
840	0.00131443	-11467.1
841	0.00131443	-10528.9
842	0.00131443	-11794.8
843	0.00131443	-9891.27
844	0.00131443	-10449.7
845	0.00131443	-9905.19
846	0.00131443	-9977.3
847	0.00131443	-10341.9
848	0.00131443	-11632.2
849	0.00131443	-11142.3
850	0.00131443	-10358
851	0.00131443	-10206.9
852	0.00131443	-10754.6
853	0.00131443	-9762.94
854	0.00131443	-10076.6
855	0.00131443	-10441.2
856	0.00131443	-10626.6
857	0.00131443	-10257.8
858	0.00131443	-11177.1
859	0.00131443	-11484.8
860	0.00131443	-9933.11
861	0.00131443	-10708.6
862	0.00131443	-10231.4
863	0.00131443	-10383.3
864	0.00131443	-11533.1
865	0.00131443	-10542.4
866	0.00131443	-11968.4
867	0.00131443	-10458
868	0.00131443	-9487.51
869	0.00131443	-10610.5
870	0.00131443	-10093.6
871	0.00131443	-10452.5
872	0.00131443	-9873.18
873	0.00131443	-11510.1
874	0.00131443	-11548.6
875	0.00131443	-10511.5
876	0.00131443	-10533.9
877	0.00131443	-10323.7
878	0.00131443	-10408.5
879	0.00131443	-10995.8
880	0.00131443	-10588.1
881	0.00131443	-9663.43
882	0.00131443	-10738.8
883	0.00131443	-11552.1
884	0.00131443	-11004.7
885	0.00131443	-11707
886	0.00131443	-11994.8
887	0.00131443	-11921.9
888	0.00131443	-10848.5
889	0.00131443	-10653.4
890	0.00131443	-9651.88
891	0.00131443	-10020.3
892	0.00131443	-12067.4
893	0.00131443	-10202.2
894	0.00131443	-10422.7
895	0.00131443	-11580.4
896	0.00131443	-10728.8
897	0.00131443	-10074.6
898	0.00131443	-10682.6
899	0.00131443	-10769.5
900	0.00131443	-10180.7
901	0.00131443	-14101.9
902	0.00131443	-10233.4
903	0.00131443	-10718.6
904	0.00131443	-11309.5
905	0.00131443	-10603.8
906	0.00131443	-11331.5
907	0.00131443	-11026.8
908	0.00131443	-10983.8
909	0.00131443	-10323.9
910	0.00131443	-9862.81
911	0.00131443	-10271
912	0.00131443	-9986.71
913	0.00131443	-10335.3
914	0.00131443	-11039.5
915	0.00131443	-11024.4
916	0.00131443	-10562.7
917	0.00131443	-10007.2
918	0.00131443	-10991.3
919	0.00131443	-11623.4
920	0.00131443	-10822.7
921	0.00131443	-10410
922	0.00131443	-10541.8
923	0.00131443	-11775.5
924	0.00131443	-10526.5
925	0.00131443	-9957.77
926	0.00131443	-10535.4
927	0.00131443	-11344.8
928	0.00131443	-11931
929	0.00131443	-12131.3
930	0.00131443	-11040.5
931	0.00131443	-10987.5
932	0.00131443	-10557.3
933	0.00131443	-10447.2
934	0.00131443	-11587
935	0.00131443	-12084.7
936	0.00131443	-10240.8
937	0.00131443	-10231.6
938	0.00131443	-9728.14
939	0.00131443	-10363
940	0.00131443	-10500.6
941	0.00131443	-10509.7
942	0.00131443	-10677.5
943	0.00131443	-12107.8
944	0.00131443	-11021.8
945	0.00131443	-11543.1
946	0.00131443	-12626.5
947	0.00131443	-10544.2
948	0.00131443	-10097.9
949	0.00131443	-11118.8
950	0.00131443	-9968.89
951	0.00131443	-10505.7
952	0.00131443	-9852.63
953	0.00131443	-10362
954	0.00131443	-10312.9
955	0.00131443	-10197.9
956	0.00131443	-10711.1
957	0.00131443	-11506.8
958	0.00131443	-12704.5
959	0.00131443	-10258.4
960	0.00131443	-10382.3
961	0.00131443	-10846.9
962	0.00131443	-10280.8
963	0.00131443	-9833.42
964	0.00131443	-11955.2
965	0.00131443	-10389.9
966	0.00131443	-9701.87
967	0.00131443	-10634.8
968	0.00131443	-10060.1
969	0.00131443	-11871
970	0.00131443	-10601
971	0.00131443	-10034.9
972	0.00131443	-9794.21
973	0.00131443	-10103
974	0.00131443	-10504.6
975	0.00131443	-10723.1
976	0.00131443	-11447.1
977	0.00131443	-11492.2
978	0.00131443	-11691.1
979	0.00131443	-10596.4
980	0.00131443	-11063.5
981	0.00131443	-11088.8
982	0.00131443	-10455.1
983	0.00131443	-10890.4
984	0.00131443	-11557.6
985	0.00131443	-10164.5
986	0.00131443	-11515.4
987	0.00131443	-12599.7
988	0.00131443	-11991.9
989	0.00131443	-9333.97
990	0.00131443	-10456.9
991	0.00131443	-10453.6
992	0.00131443	-10021
993	0.00131443	-12816.9
994	0.00131443	-12531.7
995	0.00131443	-10592.6
996	0.00131443	-10405.4
997	0.00131443	-10313.3
998	0.00131443	-10421.2
999	0.00131443	-11510.3
1000	0.00131443	-10450.8
