state	power	likelihood
251	3.54013e-09	-11991.7
252	3.54013e-09	-11711.1
253	3.54013e-09	-12469.4
254	3.54013e-09	-12944.3
255	3.54013e-09	-12012.6
256	3.54013e-09	-12576.5
257	3.54013e-09	-12642.7
258	3.54013e-09	-11708.6
259	3.54013e-09	-11530.1
260	3.54013e-09	-12453.8
261	3.54013e-09	-11903.2
262	3.54013e-09	-12995.7
263	3.54013e-09	-13709.5
264	3.54013e-09	-11854.9
265	3.54013e-09	-12844.1
266	3.54013e-09	-12402.8
267	3.54013e-09	-10771.3
268	3.54013e-09	-10996.9
269	3.54013e-09	-10794
270	3.54013e-09	-12199.1
271	3.54013e-09	-10862
272	3.54013e-09	-12649.7
273	3.54013e-09	-12053.6
274	3.54013e-09	-11049.2
275	3.54013e-09	-14034.8
276	3.54013e-09	-13179.4
277	3.54013e-09	-13011.1
278	3.54013e-09	-12585.2
279	3.54013e-09	-12485.4
280	3.54013e-09	-11271.8
281	3.54013e-09	-10412.1
282	3.54013e-09	-10278.1
283	3.54013e-09	-13296.4
284	3.54013e-09	-15359.3
285	3.54013e-09	-10954
286	3.54013e-09	-10856.8
287	3.54013e-09	-10596.7
288	3.54013e-09	-10941.8
289	3.54013e-09	-11460.1
290	3.54013e-09	-11469.7
291	3.54013e-09	-14212.8
292	3.54013e-09	-12760.9
293	3.54013e-09	-12487.6
294	3.54013e-09	-12012.4
295	3.54013e-09	-10869.1
296	3.54013e-09	-11132.7
297	3.54013e-09	-12630.9
298	3.54013e-09	-13275.5
299	3.54013e-09	-16301.1
300	3.54013e-09	-13905.1
301	3.54013e-09	-14282
302	3.54013e-09	-16389
303	3.54013e-09	-14772.9
304	3.54013e-09	-13523
305	3.54013e-09	-10733.5
306	3.54013e-09	-11962
307	3.54013e-09	-14088.7
308	3.54013e-09	-12071.9
309	3.54013e-09	-12220.6
310	3.54013e-09	-13887.6
311	3.54013e-09	-11724.7
312	3.54013e-09	-12601.3
313	3.54013e-09	-11937.3
314	3.54013e-09	-12656.3
315	3.54013e-09	-10775.3
316	3.54013e-09	-12515.6
317	3.54013e-09	-11760.2
318	3.54013e-09	-12692.9
319	3.54013e-09	-10572.6
320	3.54013e-09	-11923
321	3.54013e-09	-13052.9
322	3.54013e-09	-11674.8
323	3.54013e-09	-11542.1
324	3.54013e-09	-12800.8
325	3.54013e-09	-11579.5
326	3.54013e-09	-11795.9
327	3.54013e-09	-11108.9
328	3.54013e-09	-11911
329	3.54013e-09	-11707.8
330	3.54013e-09	-12777.4
331	3.54013e-09	-14209.1
332	3.54013e-09	-11856.4
333	3.54013e-09	-11083.4
334	3.54013e-09	-10070
335	3.54013e-09	-10785.2
336	3.54013e-09	-11085.6
337	3.54013e-09	-11922.4
338	3.54013e-09	-12706
339	3.54013e-09	-13919.8
340	3.54013e-09	-15010
341	3.54013e-09	-11638.6
342	3.54013e-09	-12908
343	3.54013e-09	-12478.2
344	3.54013e-09	-12515.7
345	3.54013e-09	-12672
346	3.54013e-09	-13726.6
347	3.54013e-09	-14031.5
348	3.54013e-09	-13911.6
349	3.54013e-09	-12008.6
350	3.54013e-09	-11452.4
351	3.54013e-09	-12118.9
352	3.54013e-09	-11866.2
353	3.54013e-09	-11274.2
354	3.54013e-09	-11586.9
355	3.54013e-09	-10775.9
356	3.54013e-09	-13188.7
357	3.54013e-09	-11640.1
358	3.54013e-09	-12142
359	3.54013e-09	-12071.9
360	3.54013e-09	-12303.4
361	3.54013e-09	-11951.9
362	3.54013e-09	-11148.4
363	3.54013e-09	-14568.8
364	3.54013e-09	-11111.1
365	3.54013e-09	-12060.7
366	3.54013e-09	-13167.1
367	3.54013e-09	-13799.1
368	3.54013e-09	-11995.9
369	3.54013e-09	-10182.5
370	3.54013e-09	-11167.8
371	3.54013e-09	-10676.8
372	3.54013e-09	-10266.6
373	3.54013e-09	-10640.6
374	3.54013e-09	-10599
375	3.54013e-09	-13663.3
376	3.54013e-09	-14717.4
377	3.54013e-09	-12408.7
378	3.54013e-09	-12671.6
379	3.54013e-09	-11272.7
380	3.54013e-09	-13350.1
381	3.54013e-09	-10335.1
382	3.54013e-09	-11718.4
383	3.54013e-09	-12121.1
384	3.54013e-09	-10710.6
385	3.54013e-09	-10807.1
386	3.54013e-09	-11082.4
387	3.54013e-09	-14585
388	3.54013e-09	-15670.5
389	3.54013e-09	-14164.2
390	3.54013e-09	-13359.8
391	3.54013e-09	-11083.4
392	3.54013e-09	-11871.1
393	3.54013e-09	-11785.4
394	3.54013e-09	-11574.1
395	3.54013e-09	-12054
396	3.54013e-09	-13577
397	3.54013e-09	-12975.4
398	3.54013e-09	-12389
399	3.54013e-09	-12525.9
400	3.54013e-09	-9888.7
401	3.54013e-09	-11852.7
402	3.54013e-09	-13092.9
403	3.54013e-09	-10840.4
404	3.54013e-09	-11089.2
405	3.54013e-09	-11755.6
406	3.54013e-09	-11791.9
407	3.54013e-09	-11629.4
408	3.54013e-09	-10857.6
409	3.54013e-09	-11039
410	3.54013e-09	-13164.2
411	3.54013e-09	-12315.1
412	3.54013e-09	-13226.6
413	3.54013e-09	-11835
414	3.54013e-09	-13108
415	3.54013e-09	-13113.3
416	3.54013e-09	-13286.5
417	3.54013e-09	-12160.1
418	3.54013e-09	-11543
419	3.54013e-09	-11452.4
420	3.54013e-09	-11147.2
421	3.54013e-09	-10565.8
422	3.54013e-09	-11786.2
423	3.54013e-09	-11924.3
424	3.54013e-09	-12373.1
425	3.54013e-09	-13426.4
426	3.54013e-09	-13131.6
427	3.54013e-09	-10836.8
428	3.54013e-09	-10605.8
429	3.54013e-09	-13257.2
430	3.54013e-09	-13525.8
431	3.54013e-09	-13258.3
432	3.54013e-09	-15180.7
433	3.54013e-09	-13069.3
434	3.54013e-09	-10726.8
435	3.54013e-09	-11599.5
436	3.54013e-09	-10590.2
437	3.54013e-09	-10491.6
438	3.54013e-09	-11443.4
439	3.54013e-09	-11853.7
440	3.54013e-09	-14539.3
441	3.54013e-09	-12012.4
442	3.54013e-09	-10946.3
443	3.54013e-09	-11344.9
444	3.54013e-09	-13052
445	3.54013e-09	-14750.9
446	3.54013e-09	-12059.3
447	3.54013e-09	-10996.2
448	3.54013e-09	-12010.1
449	3.54013e-09	-12033.4
450	3.54013e-09	-17879.9
451	3.54013e-09	-17908.8
452	3.54013e-09	-20081.2
453	3.54013e-09	-15317.8
454	3.54013e-09	-15564
455	3.54013e-09	-15124.5
456	3.54013e-09	-14385.8
457	3.54013e-09	-11774.3
458	3.54013e-09	-10074.3
459	3.54013e-09	-11580.7
460	3.54013e-09	-12647.4
461	3.54013e-09	-11886.9
462	3.54013e-09	-15490.6
463	3.54013e-09	-14276.3
464	3.54013e-09	-16588.6
465	3.54013e-09	-15104.3
466	3.54013e-09	-13280.8
467	3.54013e-09	-14401.2
468	3.54013e-09	-12330.3
469	3.54013e-09	-10838.3
470	3.54013e-09	-12110.1
471	3.54013e-09	-12480.2
472	3.54013e-09	-13573
473	3.54013e-09	-14825.6
474	3.54013e-09	-12450.1
475	3.54013e-09	-12771.4
476	3.54013e-09	-12258.9
477	3.54013e-09	-14758.9
478	3.54013e-09	-12182.4
479	3.54013e-09	-13905.7
480	3.54013e-09	-11989.4
481	3.54013e-09	-12790.7
482	3.54013e-09	-10856.6
483	3.54013e-09	-11702.2
484	3.54013e-09	-13159.5
485	3.54013e-09	-13529.3
486	3.54013e-09	-12299.4
487	3.54013e-09	-11558.8
488	3.54013e-09	-11723.9
489	3.54013e-09	-11061
490	3.54013e-09	-12061.7
491	3.54013e-09	-10118.2
492	3.54013e-09	-11594.8
493	3.54013e-09	-16580
494	3.54013e-09	-15134.7
495	3.54013e-09	-16246.9
496	3.54013e-09	-10923.7
497	3.54013e-09	-11687.7
498	3.54013e-09	-10381.2
499	3.54013e-09	-12901.8
500	3.54013e-09	-12499.6
501	3.54013e-09	-10715
502	3.54013e-09	-11001.9
503	3.54013e-09	-14530.2
504	3.54013e-09	-14036.9
505	3.54013e-09	-13019.9
506	3.54013e-09	-13209.4
507	3.54013e-09	-13402
508	3.54013e-09	-11532.2
509	3.54013e-09	-11598.9
510	3.54013e-09	-10541.2
511	3.54013e-09	-10479.4
512	3.54013e-09	-11751.1
513	3.54013e-09	-14817.9
514	3.54013e-09	-13472.5
515	3.54013e-09	-12998.4
516	3.54013e-09	-10903.7
517	3.54013e-09	-12836.6
518	3.54013e-09	-12217.2
519	3.54013e-09	-10477.2
520	3.54013e-09	-11047.6
521	3.54013e-09	-10107.8
522	3.54013e-09	-12319
523	3.54013e-09	-11952.5
524	3.54013e-09	-11251.4
525	3.54013e-09	-11752.3
526	3.54013e-09	-10698.8
527	3.54013e-09	-16243.3
528	3.54013e-09	-13280.5
529	3.54013e-09	-11749.2
530	3.54013e-09	-12399.3
531	3.54013e-09	-11013.1
532	3.54013e-09	-10850.1
533	3.54013e-09	-10121.1
534	3.54013e-09	-12941.4
535	3.54013e-09	-10293.6
536	3.54013e-09	-10322.9
537	3.54013e-09	-10944.5
538	3.54013e-09	-11192.7
539	3.54013e-09	-10397.7
540	3.54013e-09	-13062.8
541	3.54013e-09	-13239.7
542	3.54013e-09	-15236
543	3.54013e-09	-12469.1
544	3.54013e-09	-13363.2
545	3.54013e-09	-15082.9
546	3.54013e-09	-13579.1
547	3.54013e-09	-12928.7
548	3.54013e-09	-12220.2
549	3.54013e-09	-12211.2
550	3.54013e-09	-12007.2
551	3.54013e-09	-12067.3
552	3.54013e-09	-11621.2
553	3.54013e-09	-11529
554	3.54013e-09	-16113
555	3.54013e-09	-11533.9
556	3.54013e-09	-10742.4
557	3.54013e-09	-11316.2
558	3.54013e-09	-11472.4
559	3.54013e-09	-11151
560	3.54013e-09	-12411.7
561	3.54013e-09	-11171.7
562	3.54013e-09	-11706.7
563	3.54013e-09	-12680.3
564	3.54013e-09	-10719.5
565	3.54013e-09	-11979.1
566	3.54013e-09	-11947
567	3.54013e-09	-13404.6
568	3.54013e-09	-15295.2
569	3.54013e-09	-12751.9
570	3.54013e-09	-18374.8
571	3.54013e-09	-13313.6
572	3.54013e-09	-13286.2
573	3.54013e-09	-13097.2
574	3.54013e-09	-18965.9
575	3.54013e-09	-12091.9
576	3.54013e-09	-10976.8
577	3.54013e-09	-10765.2
578	3.54013e-09	-11301.1
579	3.54013e-09	-12405.2
580	3.54013e-09	-12722.4
581	3.54013e-09	-11464.8
582	3.54013e-09	-11356.8
583	3.54013e-09	-11183.7
584	3.54013e-09	-11822.4
585	3.54013e-09	-12028.6
586	3.54013e-09	-11918.3
587	3.54013e-09	-11169.3
588	3.54013e-09	-13830.7
589	3.54013e-09	-13515.2
590	3.54013e-09	-14797.5
591	3.54013e-09	-11751.6
592	3.54013e-09	-12974.2
593	3.54013e-09	-12976.3
594	3.54013e-09	-13214.1
595	3.54013e-09	-11176.1
596	3.54013e-09	-15153
597	3.54013e-09	-11643.2
598	3.54013e-09	-13933.9
599	3.54013e-09	-12960.4
600	3.54013e-09	-13238.8
601	3.54013e-09	-12024.5
602	3.54013e-09	-11583.3
603	3.54013e-09	-10863.6
604	3.54013e-09	-11893.9
605	3.54013e-09	-10181.9
606	3.54013e-09	-10597.1
607	3.54013e-09	-11283.1
608	3.54013e-09	-12727.8
609	3.54013e-09	-14210.1
610	3.54013e-09	-14681.1
611	3.54013e-09	-13155.4
612	3.54013e-09	-10879.8
613	3.54013e-09	-10245.2
614	3.54013e-09	-11030
615	3.54013e-09	-11799.8
616	3.54013e-09	-10721
617	3.54013e-09	-10880.7
618	3.54013e-09	-10770.6
619	3.54013e-09	-11153
620	3.54013e-09	-10064.9
621	3.54013e-09	-10610.5
622	3.54013e-09	-10376.4
623	3.54013e-09	-11782.8
624	3.54013e-09	-12536.8
625	3.54013e-09	-11945.5
626	3.54013e-09	-12289.1
627	3.54013e-09	-12159.3
628	3.54013e-09	-12414.4
629	3.54013e-09	-12303.1
630	3.54013e-09	-12290.7
631	3.54013e-09	-12697.2
632	3.54013e-09	-12758.3
633	3.54013e-09	-12427.9
634	3.54013e-09	-10831.8
635	3.54013e-09	-11154.3
636	3.54013e-09	-11838.2
637	3.54013e-09	-12308.8
638	3.54013e-09	-11277.7
639	3.54013e-09	-13302
640	3.54013e-09	-11622.3
641	3.54013e-09	-11126.4
642	3.54013e-09	-11081.2
643	3.54013e-09	-11085.8
644	3.54013e-09	-10832.4
645	3.54013e-09	-12361.7
646	3.54013e-09	-10344.6
647	3.54013e-09	-11678.6
648	3.54013e-09	-12936.8
649	3.54013e-09	-15102
650	3.54013e-09	-15540.2
651	3.54013e-09	-11037.2
652	3.54013e-09	-12019.4
653	3.54013e-09	-11993.8
654	3.54013e-09	-12438.9
655	3.54013e-09	-12516.5
656	3.54013e-09	-13376.7
657	3.54013e-09	-12076.7
658	3.54013e-09	-11635.3
659	3.54013e-09	-12815.4
660	3.54013e-09	-11404.7
661	3.54013e-09	-12208.7
662	3.54013e-09	-12050.9
663	3.54013e-09	-13621.5
664	3.54013e-09	-14296.1
665	3.54013e-09	-12831.5
666	3.54013e-09	-14385.1
667	3.54013e-09	-12604.3
668	3.54013e-09	-12327.1
669	3.54013e-09	-10383.9
670	3.54013e-09	-12227.1
671	3.54013e-09	-12540.6
672	3.54013e-09	-12132.7
673	3.54013e-09	-13097.3
674	3.54013e-09	-14826.9
675	3.54013e-09	-12127.9
676	3.54013e-09	-11349.9
677	3.54013e-09	-11413.2
678	3.54013e-09	-11238.1
679	3.54013e-09	-11956
680	3.54013e-09	-10952.2
681	3.54013e-09	-11418.8
682	3.54013e-09	-12588
683	3.54013e-09	-12701.8
684	3.54013e-09	-12795.4
685	3.54013e-09	-14872.9
686	3.54013e-09	-11697.8
687	3.54013e-09	-13043.5
688	3.54013e-09	-11367.8
689	3.54013e-09	-11468.2
690	3.54013e-09	-11598
691	3.54013e-09	-15001.1
692	3.54013e-09	-13149.4
693	3.54013e-09	-14849.7
694	3.54013e-09	-14677
695	3.54013e-09	-10918.7
696	3.54013e-09	-11242.9
697	3.54013e-09	-12837
698	3.54013e-09	-12678.3
699	3.54013e-09	-11086.6
700	3.54013e-09	-12117.4
701	3.54013e-09	-11666.3
702	3.54013e-09	-11928.9
703	3.54013e-09	-13385.8
704	3.54013e-09	-15659.7
705	3.54013e-09	-11875.1
706	3.54013e-09	-12180.9
707	3.54013e-09	-11188.6
708	3.54013e-09	-11287.2
709	3.54013e-09	-10180.4
710	3.54013e-09	-11344.2
711	3.54013e-09	-12872.3
712	3.54013e-09	-11822.1
713	3.54013e-09	-14552.2
714	3.54013e-09	-14003.3
715	3.54013e-09	-12259.1
716	3.54013e-09	-12523.8
717	3.54013e-09	-14069.8
718	3.54013e-09	-15105.4
719	3.54013e-09	-13186.3
720	3.54013e-09	-13703
721	3.54013e-09	-13531.4
722	3.54013e-09	-13309.3
723	3.54013e-09	-12536.1
724	3.54013e-09	-13015.7
725	3.54013e-09	-11129.5
726	3.54013e-09	-10580.9
727	3.54013e-09	-12634.2
728	3.54013e-09	-14093.4
729	3.54013e-09	-12272.3
730	3.54013e-09	-13604.3
731	3.54013e-09	-13570.9
732	3.54013e-09	-13942.7
733	3.54013e-09	-12716.5
734	3.54013e-09	-14296.8
735	3.54013e-09	-12501.7
736	3.54013e-09	-11031.7
737	3.54013e-09	-11269.9
738	3.54013e-09	-11586
739	3.54013e-09	-12215.2
740	3.54013e-09	-12179.1
741	3.54013e-09	-13494.7
742	3.54013e-09	-12378.3
743	3.54013e-09	-12152
744	3.54013e-09	-10737.9
745	3.54013e-09	-11876.4
746	3.54013e-09	-11626
747	3.54013e-09	-11289.8
748	3.54013e-09	-13273.9
749	3.54013e-09	-11883.8
750	3.54013e-09	-20214
751	3.54013e-09	-18463.5
752	3.54013e-09	-11067.5
753	3.54013e-09	-11421.9
754	3.54013e-09	-12367.6
755	3.54013e-09	-12195.7
756	3.54013e-09	-12531.1
757	3.54013e-09	-14963
758	3.54013e-09	-14022.1
759	3.54013e-09	-15592.6
760	3.54013e-09	-14741.6
761	3.54013e-09	-10386.9
762	3.54013e-09	-10029.3
763	3.54013e-09	-11945
764	3.54013e-09	-11747.8
765	3.54013e-09	-10907.1
766	3.54013e-09	-12777.3
767	3.54013e-09	-14244.5
768	3.54013e-09	-11401
769	3.54013e-09	-11536.2
770	3.54013e-09	-10761.2
771	3.54013e-09	-12025.6
772	3.54013e-09	-12458
773	3.54013e-09	-14176.1
774	3.54013e-09	-15023.9
775	3.54013e-09	-14510.4
776	3.54013e-09	-13461.1
777	3.54013e-09	-11468.1
778	3.54013e-09	-11400.5
779	3.54013e-09	-12419.2
780	3.54013e-09	-13601.7
781	3.54013e-09	-14015.9
782	3.54013e-09	-13704
783	3.54013e-09	-11237.4
784	3.54013e-09	-11289
785	3.54013e-09	-11299.6
786	3.54013e-09	-10974.3
787	3.54013e-09	-10815.8
788	3.54013e-09	-11686.6
789	3.54013e-09	-12265.1
790	3.54013e-09	-11927.6
791	3.54013e-09	-10988.5
792	3.54013e-09	-13334.5
793	3.54013e-09	-12511.1
794	3.54013e-09	-12050.4
795	3.54013e-09	-12547.4
796	3.54013e-09	-12910.8
797	3.54013e-09	-10489.8
798	3.54013e-09	-11104
799	3.54013e-09	-11641.6
800	3.54013e-09	-11700.8
801	3.54013e-09	-10155.2
802	3.54013e-09	-11994.1
803	3.54013e-09	-11884.3
804	3.54013e-09	-9936.7
805	3.54013e-09	-10931.5
806	3.54013e-09	-11538.7
807	3.54013e-09	-10298.1
808	3.54013e-09	-10756.7
809	3.54013e-09	-10824
810	3.54013e-09	-12285.3
811	3.54013e-09	-12228.2
812	3.54013e-09	-13277.7
813	3.54013e-09	-15003.7
814	3.54013e-09	-12174.7
815	3.54013e-09	-13424
816	3.54013e-09	-12227.6
817	3.54013e-09	-12062.1
818	3.54013e-09	-10573.3
819	3.54013e-09	-13684.6
820	3.54013e-09	-13968.1
821	3.54013e-09	-11720.8
822	3.54013e-09	-11557.1
823	3.54013e-09	-11762.4
824	3.54013e-09	-12511.4
825	3.54013e-09	-12191.6
826	3.54013e-09	-10632.8
827	3.54013e-09	-10807.4
828	3.54013e-09	-14700.5
829	3.54013e-09	-15570.7
830	3.54013e-09	-16240.3
831	3.54013e-09	-11584.7
832	3.54013e-09	-12392.6
833	3.54013e-09	-11838.7
834	3.54013e-09	-11430
835	3.54013e-09	-10240.4
836	3.54013e-09	-9474.67
837	3.54013e-09	-10233.7
838	3.54013e-09	-10526
839	3.54013e-09	-10828.7
840	3.54013e-09	-10745.1
841	3.54013e-09	-12809.5
842	3.54013e-09	-15065.5
843	3.54013e-09	-12106
844	3.54013e-09	-11471.1
845	3.54013e-09	-12562
846	3.54013e-09	-12972
847	3.54013e-09	-13815.2
848	3.54013e-09	-11379.1
849	3.54013e-09	-11204.3
850	3.54013e-09	-12476.4
851	3.54013e-09	-14236.5
852	3.54013e-09	-13299
853	3.54013e-09	-12094.5
854	3.54013e-09	-13024.8
855	3.54013e-09	-11831.1
856	3.54013e-09	-10187.5
857	3.54013e-09	-10408.9
858	3.54013e-09	-11148.3
859	3.54013e-09	-11602.6
860	3.54013e-09	-13242.5
861	3.54013e-09	-10993.5
862	3.54013e-09	-12021.5
863	3.54013e-09	-10910.5
864	3.54013e-09	-9869.79
865	3.54013e-09	-12684.1
866	3.54013e-09	-11537.2
867	3.54013e-09	-12272.4
868	3.54013e-09	-12162.8
869	3.54013e-09	-12602.3
870	3.54013e-09	-12799.9
871	3.54013e-09	-12017.4
872	3.54013e-09	-12512.7
873	3.54013e-09	-13387.7
874	3.54013e-09	-14482
875	3.54013e-09	-12627.9
876	3.54013e-09	-11425.7
877	3.54013e-09	-11397.7
878	3.54013e-09	-11606.3
879	3.54013e-09	-9979.42
880	3.54013e-09	-10411.9
881	3.54013e-09	-11851.9
882	3.54013e-09	-12949.1
883	3.54013e-09	-17615.1
884	3.54013e-09	-17236.8
885	3.54013e-09	-16668.4
886	3.54013e-09	-18174.3
887	3.54013e-09	-16015.5
888	3.54013e-09	-13904
889	3.54013e-09	-13800.6
890	3.54013e-09	-13960.2
891	3.54013e-09	-13172.3
892	3.54013e-09	-12531.3
893	3.54013e-09	-13820.2
894	3.54013e-09	-13924.1
895	3.54013e-09	-11779.6
896	3.54013e-09	-11186.2
897	3.54013e-09	-12124.3
898	3.54013e-09	-12124.8
899	3.54013e-09	-10010
900	3.54013e-09	-10795
901	3.54013e-09	-11195.2
902	3.54013e-09	-10892.2
903	3.54013e-09	-12316.7
904	3.54013e-09	-12915.2
905	3.54013e-09	-13656.7
906	3.54013e-09	-12328.8
907	3.54013e-09	-13718.2
908	3.54013e-09	-13238
909	3.54013e-09	-14504.4
910	3.54013e-09	-12112.8
911	3.54013e-09	-14588
912	3.54013e-09	-14489.7
913	3.54013e-09	-12449.9
914	3.54013e-09	-12578.1
915	3.54013e-09	-12126.2
916	3.54013e-09	-13684.8
917	3.54013e-09	-14388.6
918	3.54013e-09	-13426.1
919	3.54013e-09	-11848.4
920	3.54013e-09	-13395.6
921	3.54013e-09	-12967.7
922	3.54013e-09	-14038
923	3.54013e-09	-11778.1
924	3.54013e-09	-14607.9
925	3.54013e-09	-16035.7
926	3.54013e-09	-13969.7
927	3.54013e-09	-13181
928	3.54013e-09	-13412.5
929	3.54013e-09	-14604.9
930	3.54013e-09	-14020.5
931	3.54013e-09	-12230.7
932	3.54013e-09	-12239.7
933	3.54013e-09	-13426.3
934	3.54013e-09	-11721.1
935	3.54013e-09	-13373.4
936	3.54013e-09	-11762.1
937	3.54013e-09	-13545.5
938	3.54013e-09	-13261.7
939	3.54013e-09	-13531.7
940	3.54013e-09	-13099.5
941	3.54013e-09	-13019.9
942	3.54013e-09	-13716.4
943	3.54013e-09	-13472
944	3.54013e-09	-10609.7
945	3.54013e-09	-11843.9
946	3.54013e-09	-10630.1
947	3.54013e-09	-12619.9
948	3.54013e-09	-13905.7
949	3.54013e-09	-11953.1
950	3.54013e-09	-11358.8
951	3.54013e-09	-13980
952	3.54013e-09	-11927.8
953	3.54013e-09	-14707.9
954	3.54013e-09	-10787
955	3.54013e-09	-11524.7
956	3.54013e-09	-13826.6
957	3.54013e-09	-13435.6
958	3.54013e-09	-11888.3
959	3.54013e-09	-12808.4
960	3.54013e-09	-13541.3
961	3.54013e-09	-13026.4
962	3.54013e-09	-13466.3
963	3.54013e-09	-12180.7
964	3.54013e-09	-11982.4
965	3.54013e-09	-12854.8
966	3.54013e-09	-11350.6
967	3.54013e-09	-12032.7
968	3.54013e-09	-12001.6
969	3.54013e-09	-11502.4
970	3.54013e-09	-13125.6
971	3.54013e-09	-12788.6
972	3.54013e-09	-15563.6
973	3.54013e-09	-12502.8
974	3.54013e-09	-13483.3
975	3.54013e-09	-12919.7
976	3.54013e-09	-12534.7
977	3.54013e-09	-13362.4
978	3.54013e-09	-13357.5
979	3.54013e-09	-14844
980	3.54013e-09	-15428.2
981	3.54013e-09	-13374.2
982	3.54013e-09	-11506.7
983	3.54013e-09	-11026.3
984	3.54013e-09	-10468.8
985	3.54013e-09	-10643.4
986	3.54013e-09	-11800.9
987	3.54013e-09	-11874.6
988	3.54013e-09	-10929.4
989	3.54013e-09	-9781.03
990	3.54013e-09	-12142.8
991	3.54013e-09	-14382.3
992	3.54013e-09	-10489.4
993	3.54013e-09	-11661
994	3.54013e-09	-13594.9
995	3.54013e-09	-16527.9
996	3.54013e-09	-17086.8
997	3.54013e-09	-15920.3
998	3.54013e-09	-11275.7
999	3.54013e-09	-12294.3
1000	3.54013e-09	-12333.8
