state	power	likelihood
251	0.0144583	-8639.02
252	0.0144583	-8646.23
253	0.0144583	-8860.46
254	0.0144583	-8913.95
255	0.0144583	-8796.19
256	0.0144583	-9205.98
257	0.0144583	-8636.99
258	0.0144583	-9052.91
259	0.0144583	-9170.53
260	0.0144583	-9892.04
261	0.0144583	-8691.6
262	0.0144583	-8620.3
263	0.0144583	-9085.64
264	0.0144583	-9144.65
265	0.0144583	-8894.88
266	0.0144583	-8923.52
267	0.0144583	-8680.21
268	0.0144583	-8473.8
269	0.0144583	-8623.7
270	0.0144583	-9242.38
271	0.0144583	-8879.73
272	0.0144583	-8928.4
273	0.0144583	-8828.29
274	0.0144583	-8788.45
275	0.0144583	-8788.66
276	0.0144583	-8865.9
277	0.0144583	-8882.92
278	0.0144583	-8744.06
279	0.0144583	-8900.19
280	0.0144583	-8798.38
281	0.0144583	-8636.48
282	0.0144583	-8800.24
283	0.0144583	-8789.96
284	0.0144583	-8905.99
285	0.0144583	-9007.96
286	0.0144583	-8939.44
287	0.0144583	-8717.94
288	0.0144583	-8738.46
289	0.0144583	-8939.44
290	0.0144583	-8738.07
291	0.0144583	-8697.26
292	0.0144583	-8939.84
293	0.0144583	-8992.03
294	0.0144583	-8921.82
295	0.0144583	-8666.31
296	0.0144583	-8751.05
297	0.0144583	-8866.22
298	0.0144583	-9134.17
299	0.0144583	-8911.21
300	0.0144583	-8828.54
301	0.0144583	-9031.49
302	0.0144583	-8879.35
303	0.0144583	-8662.79
304	0.0144583	-9011.86
305	0.0144583	-8615.24
306	0.0144583	-8707.62
307	0.0144583	-8870.97
308	0.0144583	-8671.79
309	0.0144583	-8637.39
310	0.0144583	-8614.44
311	0.0144583	-8860.33
312	0.0144583	-8625.44
313	0.0144583	-8734.43
314	0.0144583	-8662.3
315	0.0144583	-8971.25
316	0.0144583	-8842.74
317	0.0144583	-8997.57
318	0.0144583	-8811.01
319	0.0144583	-8636.74
320	0.0144583	-8691.52
321	0.0144583	-9204.46
322	0.0144583	-8848.03
323	0.0144583	-9111.15
324	0.0144583	-8917.85
325	0.0144583	-8940.2
326	0.0144583	-8692.85
327	0.0144583	-8580.16
328	0.0144583	-8750.93
329	0.0144583	-8814.16
330	0.0144583	-8619.35
331	0.0144583	-8797.58
332	0.0144583	-8902.73
333	0.0144583	-9046.27
334	0.0144583	-8979.47
335	0.0144583	-8742.57
336	0.0144583	-9003.78
337	0.0144583	-8754.9
338	0.0144583	-8748.77
339	0.0144583	-8800.56
340	0.0144583	-9031.21
341	0.0144583	-8681.55
342	0.0144583	-8879.99
343	0.0144583	-8762.68
344	0.0144583	-8775.73
345	0.0144583	-8489.43
346	0.0144583	-8902.23
347	0.0144583	-8627.68
348	0.0144583	-8827.77
349	0.0144583	-8744.14
350	0.0144583	-8810.87
351	0.0144583	-8879.24
352	0.0144583	-8588.95
353	0.0144583	-8620.19
354	0.0144583	-8611.22
355	0.0144583	-8624.07
356	0.0144583	-8735.75
357	0.0144583	-8542.42
358	0.0144583	-8544.51
359	0.0144583	-8707.83
360	0.0144583	-8538.04
361	0.0144583	-8710.06
362	0.0144583	-8776.95
363	0.0144583	-8664.04
364	0.0144583	-8615.42
365	0.0144583	-8430.96
366	0.0144583	-9161.91
367	0.0144583	-8731.45
368	0.0144583	-9010.55
369	0.0144583	-8974.89
370	0.0144583	-8884.1
371	0.0144583	-9087.84
372	0.0144583	-8820.44
373	0.0144583	-8882.81
374	0.0144583	-8971.86
375	0.0144583	-8914.6
376	0.0144583	-8860.44
377	0.0144583	-9145.51
378	0.0144583	-8885.68
379	0.0144583	-8820.08
380	0.0144583	-9015.61
381	0.0144583	-9140.26
382	0.0144583	-9064.71
383	0.0144583	-8809.82
384	0.0144583	-9180.96
385	0.0144583	-8918.93
386	0.0144583	-9173.29
387	0.0144583	-9037.55
388	0.0144583	-8897.38
389	0.0144583	-8985.33
390	0.0144583	-9107.44
391	0.0144583	-9066.24
392	0.0144583	-9135.22
393	0.0144583	-8900.73
394	0.0144583	-8988.72
395	0.0144583	-9189.98
396	0.0144583	-8783.47
397	0.0144583	-8609.49
398	0.0144583	-8878.12
399	0.0144583	-8920.48
400	0.0144583	-9051.51
401	0.0144583	-9029.98
402	0.0144583	-8652.51
403	0.0144583	-8703.15
404	0.0144583	-8657.24
405	0.0144583	-8692.52
406	0.0144583	-8888.23
407	0.0144583	-8732.15
408	0.0144583	-8684.16
409	0.0144583	-8722.49
410	0.0144583	-8866.69
411	0.0144583	-8760.23
412	0.0144583	-8760.42
413	0.0144583	-8770.39
414	0.0144583	-9073.43
415	0.0144583	-8930.13
416	0.0144583	-8794.69
417	0.0144583	-8673.76
418	0.0144583	-8772.15
419	0.0144583	-8632.22
420	0.0144583	-8686.04
421	0.0144583	-8700.8
422	0.0144583	-8691.08
423	0.0144583	-8546.91
424	0.0144583	-8964.58
425	0.0144583	-8771.03
426	0.0144583	-8631.56
427	0.0144583	-8693.74
428	0.0144583	-8816.13
429	0.0144583	-8510.22
430	0.0144583	-8673.24
431	0.0144583	-9032.02
432	0.0144583	-8501.65
433	0.0144583	-8638.04
434	0.0144583	-8914.12
435	0.0144583	-8608.16
436	0.0144583	-8555.44
437	0.0144583	-8812.84
438	0.0144583	-8877.64
439	0.0144583	-8813.3
440	0.0144583	-8742.66
441	0.0144583	-8745.55
442	0.0144583	-8858.29
443	0.0144583	-8760.53
444	0.0144583	-8618.54
445	0.0144583	-8775.12
446	0.0144583	-8908.36
447	0.0144583	-8913.88
448	0.0144583	-8562.28
449	0.0144583	-8830.75
450	0.0144583	-8712.64
451	0.0144583	-8521.6
452	0.0144583	-8553.98
453	0.0144583	-8750.46
454	0.0144583	-8933.76
455	0.0144583	-9267.34
456	0.0144583	-9183.56
457	0.0144583	-9206.58
458	0.0144583	-8730.53
459	0.0144583	-8937.12
460	0.0144583	-8885.02
461	0.0144583	-8937.8
462	0.0144583	-8908.74
463	0.0144583	-8804.92
464	0.0144583	-8967.2
465	0.0144583	-8892.78
466	0.0144583	-8886.57
467	0.0144583	-8920.61
468	0.0144583	-9204.44
469	0.0144583	-8614.08
470	0.0144583	-8713.44
471	0.0144583	-8709.83
472	0.0144583	-8551.04
473	0.0144583	-8549.2
474	0.0144583	-8624.69
475	0.0144583	-8910.74
476	0.0144583	-8632.66
477	0.0144583	-8868.86
478	0.0144583	-8435.94
479	0.0144583	-8578.79
480	0.0144583	-8561
481	0.0144583	-8711.04
482	0.0144583	-8494.2
483	0.0144583	-8937.43
484	0.0144583	-8821.98
485	0.0144583	-8654.16
486	0.0144583	-8647.91
487	0.0144583	-8713.99
488	0.0144583	-8678.47
489	0.0144583	-9001
490	0.0144583	-8777.04
491	0.0144583	-8940.83
492	0.0144583	-8851.59
493	0.0144583	-8865.17
494	0.0144583	-8745.83
495	0.0144583	-8932.19
496	0.0144583	-8496.45
497	0.0144583	-8571.35
498	0.0144583	-8576.3
499	0.0144583	-8883.81
500	0.0144583	-9126.64
501	0.0144583	-9014.59
502	0.0144583	-8909.61
503	0.0144583	-9000.23
504	0.0144583	-8853.88
505	0.0144583	-8867.28
506	0.0144583	-9243.16
507	0.0144583	-9101.4
508	0.0144583	-9165.13
509	0.0144583	-9045.56
510	0.0144583	-8930.09
511	0.0144583	-8768.59
512	0.0144583	-8992.31
513	0.0144583	-8987.23
514	0.0144583	-8966.55
515	0.0144583	-8800.09
516	0.0144583	-8737.69
517	0.0144583	-8903.81
518	0.0144583	-8851.34
519	0.0144583	-9070.03
520	0.0144583	-9057.99
521	0.0144583	-9068.7
522	0.0144583	-8808.03
523	0.0144583	-9067.82
524	0.0144583	-8899.98
525	0.0144583	-9020.05
526	0.0144583	-8897.18
527	0.0144583	-8586.68
528	0.0144583	-8721.83
529	0.0144583	-8889.23
530	0.0144583	-9030.01
531	0.0144583	-9002.71
532	0.0144583	-8816.01
533	0.0144583	-8511.05
534	0.0144583	-8880.96
535	0.0144583	-8973.89
536	0.0144583	-8991.31
537	0.0144583	-9095.83
538	0.0144583	-9115.02
539	0.0144583	-9063.24
540	0.0144583	-9082.05
541	0.0144583	-8877.88
542	0.0144583	-8811.06
543	0.0144583	-8978.76
544	0.0144583	-8844
545	0.0144583	-8672.52
546	0.0144583	-8635.19
547	0.0144583	-8613.43
548	0.0144583	-8622.38
549	0.0144583	-9029.71
550	0.0144583	-9028.96
551	0.0144583	-8998.33
552	0.0144583	-8834.67
553	0.0144583	-8781.78
554	0.0144583	-9018.02
555	0.0144583	-8888.03
556	0.0144583	-9129.28
557	0.0144583	-8981.62
558	0.0144583	-8851.96
559	0.0144583	-8764.59
560	0.0144583	-8800.28
561	0.0144583	-8723.15
562	0.0144583	-8735.25
563	0.0144583	-8801.94
564	0.0144583	-9182.42
565	0.0144583	-9322.24
566	0.0144583	-8743.68
567	0.0144583	-8689.21
568	0.0144583	-8715.76
569	0.0144583	-8459.33
570	0.0144583	-8573.65
571	0.0144583	-8758.68
572	0.0144583	-8904.47
573	0.0144583	-8792.15
574	0.0144583	-8945.98
575	0.0144583	-8945.38
576	0.0144583	-8836.46
577	0.0144583	-9029.58
578	0.0144583	-9026.39
579	0.0144583	-8738.76
580	0.0144583	-8599.74
581	0.0144583	-8474.22
582	0.0144583	-8630.77
583	0.0144583	-8647.22
584	0.0144583	-8694.79
585	0.0144583	-9220.02
586	0.0144583	-8898.5
587	0.0144583	-8683.15
588	0.0144583	-8865.93
589	0.0144583	-8875.78
590	0.0144583	-8969.65
591	0.0144583	-8807.05
592	0.0144583	-8744.39
593	0.0144583	-8741.49
594	0.0144583	-8922.1
595	0.0144583	-8816.73
596	0.0144583	-8782.26
597	0.0144583	-8792.42
598	0.0144583	-8761.02
599	0.0144583	-8942.65
600	0.0144583	-8574.9
601	0.0144583	-8709.01
602	0.0144583	-8622.46
603	0.0144583	-8569.74
604	0.0144583	-8538.21
605	0.0144583	-8987.47
606	0.0144583	-8855.27
607	0.0144583	-9025.83
608	0.0144583	-9313.24
609	0.0144583	-8879.53
610	0.0144583	-9041.69
611	0.0144583	-8777.91
612	0.0144583	-9088.5
613	0.0144583	-8858.8
614	0.0144583	-8743.62
615	0.0144583	-8714.74
616	0.0144583	-8856.34
617	0.0144583	-8686.6
618	0.0144583	-8743.1
619	0.0144583	-8772.15
620	0.0144583	-8686.05
621	0.0144583	-8745.7
622	0.0144583	-9059.74
623	0.0144583	-8829.56
624	0.0144583	-8894.53
625	0.0144583	-8905.46
626	0.0144583	-8910.99
627	0.0144583	-8857.06
628	0.0144583	-9421.89
629	0.0144583	-9415.63
630	0.0144583	-8910.81
631	0.0144583	-9123.19
632	0.0144583	-9137.08
633	0.0144583	-8941.48
634	0.0144583	-9053.92
635	0.0144583	-8770.21
636	0.0144583	-9208.14
637	0.0144583	-8696.67
638	0.0144583	-9244.09
639	0.0144583	-8492.71
640	0.0144583	-8673.55
641	0.0144583	-8770.17
642	0.0144583	-8953.78
643	0.0144583	-8853.17
644	0.0144583	-9298.97
645	0.0144583	-8998.44
646	0.0144583	-8956.16
647	0.0144583	-8917.62
648	0.0144583	-8969.46
649	0.0144583	-8995.08
650	0.0144583	-8725.63
651	0.0144583	-8833.1
652	0.0144583	-8728.32
653	0.0144583	-8799.32
654	0.0144583	-8997.54
655	0.0144583	-8904.07
656	0.0144583	-8871.58
657	0.0144583	-8881.74
658	0.0144583	-8852.66
659	0.0144583	-8618.62
660	0.0144583	-8824.34
661	0.0144583	-8840.75
662	0.0144583	-8674.63
663	0.0144583	-8699.91
664	0.0144583	-8589.74
665	0.0144583	-8680.45
666	0.0144583	-8860.31
667	0.0144583	-8750.53
668	0.0144583	-8837.11
669	0.0144583	-8932.96
670	0.0144583	-8993.75
671	0.0144583	-9026.87
672	0.0144583	-8968.82
673	0.0144583	-8895.02
674	0.0144583	-8906.49
675	0.0144583	-8838.52
676	0.0144583	-8910.82
677	0.0144583	-9066
678	0.0144583	-8820.47
679	0.0144583	-8987.38
680	0.0144583	-8949.76
681	0.0144583	-8896.91
682	0.0144583	-8984.05
683	0.0144583	-8677.24
684	0.0144583	-8802.41
685	0.0144583	-8819.9
686	0.0144583	-9081.13
687	0.0144583	-8627.01
688	0.0144583	-8963.38
689	0.0144583	-8733.71
690	0.0144583	-8924.29
691	0.0144583	-8732.22
692	0.0144583	-8729.97
693	0.0144583	-8356.74
694	0.0144583	-9030.49
695	0.0144583	-8640.31
696	0.0144583	-8766.34
697	0.0144583	-8881.08
698	0.0144583	-9248.26
699	0.0144583	-8654.99
700	0.0144583	-8443.02
701	0.0144583	-8505.68
702	0.0144583	-8777.48
703	0.0144583	-8749.77
704	0.0144583	-9088.95
705	0.0144583	-8810.9
706	0.0144583	-8829.54
707	0.0144583	-8800.87
708	0.0144583	-8704.91
709	0.0144583	-8910.01
710	0.0144583	-8802.86
711	0.0144583	-9000.79
712	0.0144583	-8775.2
713	0.0144583	-8737.86
714	0.0144583	-8800.32
715	0.0144583	-8667.83
716	0.0144583	-8617.04
717	0.0144583	-8726.36
718	0.0144583	-8595.01
719	0.0144583	-8720.77
720	0.0144583	-8772.83
721	0.0144583	-8741.59
722	0.0144583	-9059.72
723	0.0144583	-8903.16
724	0.0144583	-8820.27
725	0.0144583	-8632.9
726	0.0144583	-8818.91
727	0.0144583	-8717.12
728	0.0144583	-8956.72
729	0.0144583	-8801.72
730	0.0144583	-8899.12
731	0.0144583	-9083.96
732	0.0144583	-8825.46
733	0.0144583	-8666.45
734	0.0144583	-8762.04
735	0.0144583	-8896.75
736	0.0144583	-8688.72
737	0.0144583	-8998.68
738	0.0144583	-8827.61
739	0.0144583	-8967.51
740	0.0144583	-8946.75
741	0.0144583	-8999.38
742	0.0144583	-9017.73
743	0.0144583	-9094.88
744	0.0144583	-8753.78
745	0.0144583	-8639.88
746	0.0144583	-8737.32
747	0.0144583	-8851.16
748	0.0144583	-8773.66
749	0.0144583	-8931.29
750	0.0144583	-8981.95
751	0.0144583	-8978.16
752	0.0144583	-8982.89
753	0.0144583	-9117.4
754	0.0144583	-8677.84
755	0.0144583	-8524.59
756	0.0144583	-8702.61
757	0.0144583	-8542
758	0.0144583	-8623.03
759	0.0144583	-8670.3
760	0.0144583	-9234.09
761	0.0144583	-9244.08
762	0.0144583	-8826.29
763	0.0144583	-8767.43
764	0.0144583	-8740.35
765	0.0144583	-8853.39
766	0.0144583	-8773.05
767	0.0144583	-8815.09
768	0.0144583	-9067.78
769	0.0144583	-8900.52
770	0.0144583	-8756.72
771	0.0144583	-8941.78
772	0.0144583	-8989.37
773	0.0144583	-8827.64
774	0.0144583	-8715.13
775	0.0144583	-8875.48
776	0.0144583	-8865.5
777	0.0144583	-8934.46
778	0.0144583	-8796.56
779	0.0144583	-8765
780	0.0144583	-8951.74
781	0.0144583	-8767.59
782	0.0144583	-8713.07
783	0.0144583	-8921.86
784	0.0144583	-8892.77
785	0.0144583	-9000.91
786	0.0144583	-9127.03
787	0.0144583	-8805.25
788	0.0144583	-8670.26
789	0.0144583	-8740.69
790	0.0144583	-8804.26
791	0.0144583	-8749.63
792	0.0144583	-8988.15
793	0.0144583	-9360.34
794	0.0144583	-9231.3
795	0.0144583	-8705.7
796	0.0144583	-8728.2
797	0.0144583	-8737.72
798	0.0144583	-8815.86
799	0.0144583	-8692.33
800	0.0144583	-8992.95
801	0.0144583	-8927.79
802	0.0144583	-8855.2
803	0.0144583	-8755.03
804	0.0144583	-8845.66
805	0.0144583	-8644.56
806	0.0144583	-9050.61
807	0.0144583	-8695.36
808	0.0144583	-8636.11
809	0.0144583	-9081.16
810	0.0144583	-9114.31
811	0.0144583	-8838.4
812	0.0144583	-8690.14
813	0.0144583	-8899.65
814	0.0144583	-8736.24
815	0.0144583	-8811.21
816	0.0144583	-8771.88
817	0.0144583	-8871.07
818	0.0144583	-8921.3
819	0.0144583	-8684.34
820	0.0144583	-8741.1
821	0.0144583	-8707.96
822	0.0144583	-8880.41
823	0.0144583	-8648.92
824	0.0144583	-8905.08
825	0.0144583	-8926.81
826	0.0144583	-8650.81
827	0.0144583	-8737.92
828	0.0144583	-8528.48
829	0.0144583	-8704.56
830	0.0144583	-8627.24
831	0.0144583	-8737.64
832	0.0144583	-8405.57
833	0.0144583	-8955.75
834	0.0144583	-8815.8
835	0.0144583	-8736.8
836	0.0144583	-8849.22
837	0.0144583	-8629.89
838	0.0144583	-8833.55
839	0.0144583	-8863.73
840	0.0144583	-9248.2
841	0.0144583	-8856.09
842	0.0144583	-8813.3
843	0.0144583	-9122.37
844	0.0144583	-9058.05
845	0.0144583	-8726.94
846	0.0144583	-8816.43
847	0.0144583	-8714.88
848	0.0144583	-9022.67
849	0.0144583	-9167.75
850	0.0144583	-9050.13
851	0.0144583	-9057.71
852	0.0144583	-9257.73
853	0.0144583	-8591.98
854	0.0144583	-8634.3
855	0.0144583	-8735.53
856	0.0144583	-8781.9
857	0.0144583	-8841.84
858	0.0144583	-8860.1
859	0.0144583	-9540.34
860	0.0144583	-8910.55
861	0.0144583	-8637.43
862	0.0144583	-8829.34
863	0.0144583	-8737.92
864	0.0144583	-8783.65
865	0.0144583	-8773.62
866	0.0144583	-8797.74
867	0.0144583	-8790.62
868	0.0144583	-9150.29
869	0.0144583	-9321.3
870	0.0144583	-9047.17
871	0.0144583	-8709.9
872	0.0144583	-8642.14
873	0.0144583	-8677.47
874	0.0144583	-8730.31
875	0.0144583	-9038.06
876	0.0144583	-9058.79
877	0.0144583	-8824.11
878	0.0144583	-8838.86
879	0.0144583	-8634.48
880	0.0144583	-8626.93
881	0.0144583	-8557.49
882	0.0144583	-9209.47
883	0.0144583	-8649.1
884	0.0144583	-8945.16
885	0.0144583	-8841.15
886	0.0144583	-8896.57
887	0.0144583	-8792.42
888	0.0144583	-8770.3
889	0.0144583	-8936.19
890	0.0144583	-8804.78
891	0.0144583	-8585.3
892	0.0144583	-8746.8
893	0.0144583	-8855.07
894	0.0144583	-8625.81
895	0.0144583	-8891.99
896	0.0144583	-8715.66
897	0.0144583	-8588.12
898	0.0144583	-9007.43
899	0.0144583	-9281.01
900	0.0144583	-8723.95
901	0.0144583	-8647.06
902	0.0144583	-9064.93
903	0.0144583	-8419.06
904	0.0144583	-8766.91
905	0.0144583	-8846.41
906	0.0144583	-8769.61
907	0.0144583	-8707.79
908	0.0144583	-9139.67
909	0.0144583	-8752.6
910	0.0144583	-8624.03
911	0.0144583	-8675.93
912	0.0144583	-8563.42
913	0.0144583	-8753.71
914	0.0144583	-8661.3
915	0.0144583	-8561.61
916	0.0144583	-8687.17
917	0.0144583	-8723.8
918	0.0144583	-8625.88
919	0.0144583	-8812.12
920	0.0144583	-8723.84
921	0.0144583	-8689.88
922	0.0144583	-8807.34
923	0.0144583	-9070.02
924	0.0144583	-8928.15
925	0.0144583	-8719.54
926	0.0144583	-8996.97
927	0.0144583	-8933.19
928	0.0144583	-8763.1
929	0.0144583	-8903
930	0.0144583	-8897.46
931	0.0144583	-9034.12
932	0.0144583	-8919.78
933	0.0144583	-9068.29
934	0.0144583	-8869.78
935	0.0144583	-9090.67
936	0.0144583	-9183.39
937	0.0144583	-9084.69
938	0.0144583	-8808.03
939	0.0144583	-8884.85
940	0.0144583	-8737.26
941	0.0144583	-8853.81
942	0.0144583	-8875.95
943	0.0144583	-8659.83
944	0.0144583	-8710.43
945	0.0144583	-8664.69
946	0.0144583	-8748.83
947	0.0144583	-8655.3
948	0.0144583	-8651.22
949	0.0144583	-8614.56
950	0.0144583	-9013.31
951	0.0144583	-8792.18
952	0.0144583	-8600.59
953	0.0144583	-8896.85
954	0.0144583	-9159.49
955	0.0144583	-8821.19
956	0.0144583	-8924.43
957	0.0144583	-8955.83
958	0.0144583	-9176.93
959	0.0144583	-8900.2
960	0.0144583	-8949.07
961	0.0144583	-9055.34
962	0.0144583	-8772.94
963	0.0144583	-8536.3
964	0.0144583	-8709.1
965	0.0144583	-8866.31
966	0.0144583	-8643.52
967	0.0144583	-8669.36
968	0.0144583	-8858.69
969	0.0144583	-9186.99
970	0.0144583	-8556.06
971	0.0144583	-8477.41
972	0.0144583	-8983.56
973	0.0144583	-8857.64
974	0.0144583	-8642.09
975	0.0144583	-8497.06
976	0.0144583	-8642.91
977	0.0144583	-8762.4
978	0.0144583	-8577.37
979	0.0144583	-8908.42
980	0.0144583	-8776.32
981	0.0144583	-8553.48
982	0.0144583	-8661.81
983	0.0144583	-8684.63
984	0.0144583	-9094.13
985	0.0144583	-8820.83
986	0.0144583	-8984.97
987	0.0144583	-9296.8
988	0.0144583	-8649.27
989	0.0144583	-8787.03
990	0.0144583	-8904.76
991	0.0144583	-8823.77
992	0.0144583	-8893.31
993	0.0144583	-8538.27
994	0.0144583	-8650.13
995	0.0144583	-8792.67
996	0.0144583	-8653.71
997	0.0144583	-8564.11
998	0.0144583	-8678.43
999	0.0144583	-8914.42
1000	0.0144583	-8758.45
