state	power	likelihood
251	1.16658e-302	-10061.1
252	1.16658e-302	-12063.3
253	1.16658e-302	-10946
254	1.16658e-302	-11423.1
255	1.16658e-302	-10499.8
256	1.16658e-302	-10864.5
257	1.16658e-302	-11753.9
258	1.16658e-302	-13535.2
259	1.16658e-302	-12903.7
260	1.16658e-302	-13454
261	1.16658e-302	-11962.4
262	1.16658e-302	-11937.5
263	1.16658e-302	-10931.9
264	1.16658e-302	-11497.3
265	1.16658e-302	-12500.1
266	1.16658e-302	-11685.2
267	1.16658e-302	-11759.1
268	1.16658e-302	-11147.6
269	1.16658e-302	-10711.3
270	1.16658e-302	-15498.1
271	1.16658e-302	-16751.8
272	1.16658e-302	-17125.3
273	1.16658e-302	-15264.6
274	1.16658e-302	-14662.3
275	1.16658e-302	-15059.9
276	1.16658e-302	-12190.8
277	1.16658e-302	-12901.7
278	1.16658e-302	-11670.1
279	1.16658e-302	-11966.7
280	1.16658e-302	-13689.6
281	1.16658e-302	-12112.1
282	1.16658e-302	-13081.4
283	1.16658e-302	-13062.3
284	1.16658e-302	-13677
285	1.16658e-302	-15536.1
286	1.16658e-302	-13053.7
287	1.16658e-302	-13282.8
288	1.16658e-302	-12035.1
289	1.16658e-302	-10594.1
290	1.16658e-302	-10657.4
291	1.16658e-302	-12398.6
292	1.16658e-302	-11681
293	1.16658e-302	-12316.7
294	1.16658e-302	-11567.8
295	1.16658e-302	-12003.8
296	1.16658e-302	-11127.2
297	1.16658e-302	-11467
298	1.16658e-302	-11537.4
299	1.16658e-302	-11787.4
300	1.16658e-302	-13124.9
301	1.16658e-302	-11969.6
302	1.16658e-302	-11376.6
303	1.16658e-302	-10706.8
304	1.16658e-302	-10482.7
305	1.16658e-302	-14096.7
306	1.16658e-302	-11871.5
307	1.16658e-302	-11628.4
308	1.16658e-302	-11399.6
309	1.16658e-302	-10880.7
310	1.16658e-302	-11901.8
311	1.16658e-302	-12132.9
312	1.16658e-302	-13380.2
313	1.16658e-302	-12200.3
314	1.16658e-302	-13298.4
315	1.16658e-302	-11466.8
316	1.16658e-302	-12163.8
317	1.16658e-302	-14931.5
318	1.16658e-302	-13133.2
319	1.16658e-302	-11564.9
320	1.16658e-302	-12993.1
321	1.16658e-302	-12203.3
322	1.16658e-302	-13227
323	1.16658e-302	-11875.8
324	1.16658e-302	-12939.5
325	1.16658e-302	-10703.7
326	1.16658e-302	-14912.2
327	1.16658e-302	-15073.1
328	1.16658e-302	-11703.7
329	1.16658e-302	-12249.1
330	1.16658e-302	-11837.5
331	1.16658e-302	-12146.3
332	1.16658e-302	-11928.2
333	1.16658e-302	-13628.1
334	1.16658e-302	-11623.9
335	1.16658e-302	-12356.6
336	1.16658e-302	-11706.5
337	1.16658e-302	-11320.4
338	1.16658e-302	-10721
339	1.16658e-302	-11000.8
340	1.16658e-302	-11435.5
341	1.16658e-302	-14190.8
342	1.16658e-302	-12098
343	1.16658e-302	-11758.5
344	1.16658e-302	-12413.1
345	1.16658e-302	-11229.8
346	1.16658e-302	-11604.5
347	1.16658e-302	-12086.4
348	1.16658e-302	-10963
349	1.16658e-302	-12278.3
350	1.16658e-302	-10176.6
351	1.16658e-302	-12392.6
352	1.16658e-302	-14618.6
353	1.16658e-302	-16204.6
354	1.16658e-302	-12534.9
355	1.16658e-302	-13458
356	1.16658e-302	-15750.9
357	1.16658e-302	-15012.5
358	1.16658e-302	-14641.1
359	1.16658e-302	-14170.5
360	1.16658e-302	-14561.5
361	1.16658e-302	-13377.1
362	1.16658e-302	-11260.1
363	1.16658e-302	-15016.8
364	1.16658e-302	-12671.5
365	1.16658e-302	-12994.3
366	1.16658e-302	-12726.4
367	1.16658e-302	-13116.8
368	1.16658e-302	-13037.5
369	1.16658e-302	-13497.8
370	1.16658e-302	-13929
371	1.16658e-302	-13506.4
372	1.16658e-302	-12917.8
373	1.16658e-302	-12601.1
374	1.16658e-302	-17914.1
375	1.16658e-302	-11834
376	1.16658e-302	-11683.6
377	1.16658e-302	-11845.9
378	1.16658e-302	-12227.1
379	1.16658e-302	-12328.7
380	1.16658e-302	-10698.9
381	1.16658e-302	-11360.6
382	1.16658e-302	-13694.7
383	1.16658e-302	-12469.5
384	1.16658e-302	-11875.7
385	1.16658e-302	-10932.5
386	1.16658e-302	-10232.2
387	1.16658e-302	-10549.2
388	1.16658e-302	-10234.9
389	1.16658e-302	-10323
390	1.16658e-302	-12446.3
391	1.16658e-302	-10270.5
392	1.16658e-302	-15159.3
393	1.16658e-302	-13798.5
394	1.16658e-302	-11969
395	1.16658e-302	-11689.2
396	1.16658e-302	-11403.2
397	1.16658e-302	-11012.4
398	1.16658e-302	-11236.1
399	1.16658e-302	-11210.7
400	1.16658e-302	-11273.9
401	1.16658e-302	-13686.6
402	1.16658e-302	-14620.6
403	1.16658e-302	-14265.3
404	1.16658e-302	-12642.8
405	1.16658e-302	-10565.1
406	1.16658e-302	-11318.4
407	1.16658e-302	-14234.3
408	1.16658e-302	-11090.3
409	1.16658e-302	-11452
410	1.16658e-302	-11608.4
411	1.16658e-302	-12694.4
412	1.16658e-302	-12991.5
413	1.16658e-302	-10916.7
414	1.16658e-302	-11397.2
415	1.16658e-302	-14085.2
416	1.16658e-302	-11677.2
417	1.16658e-302	-11208.9
418	1.16658e-302	-12180.2
419	1.16658e-302	-11969.9
420	1.16658e-302	-10669.6
421	1.16658e-302	-10630.7
422	1.16658e-302	-10909.9
423	1.16658e-302	-13742.2
424	1.16658e-302	-13958.4
425	1.16658e-302	-10695.8
426	1.16658e-302	-14839.1
427	1.16658e-302	-13030.4
428	1.16658e-302	-13507.7
429	1.16658e-302	-12281.7
430	1.16658e-302	-11931.1
431	1.16658e-302	-10999.9
432	1.16658e-302	-10307.7
433	1.16658e-302	-11957.7
434	1.16658e-302	-12821.7
435	1.16658e-302	-11664.2
436	1.16658e-302	-12501.8
437	1.16658e-302	-12564.1
438	1.16658e-302	-12380.3
439	1.16658e-302	-12923.3
440	1.16658e-302	-14302.3
441	1.16658e-302	-15285.6
442	1.16658e-302	-16932.7
443	1.16658e-302	-15307.6
444	1.16658e-302	-12898.9
445	1.16658e-302	-13749.7
446	1.16658e-302	-13777.7
447	1.16658e-302	-12845.6
448	1.16658e-302	-10217.9
449	1.16658e-302	-12181.3
450	1.16658e-302	-11725.3
451	1.16658e-302	-11276.2
452	1.16658e-302	-12090.7
453	1.16658e-302	-11162.3
454	1.16658e-302	-11476.4
455	1.16658e-302	-13018.7
456	1.16658e-302	-11878.1
457	1.16658e-302	-10913.7
458	1.16658e-302	-10439.7
459	1.16658e-302	-11307.5
460	1.16658e-302	-12330.7
461	1.16658e-302	-12773
462	1.16658e-302	-11229.2
463	1.16658e-302	-11633.8
464	1.16658e-302	-12127.1
465	1.16658e-302	-11732.6
466	1.16658e-302	-13722.8
467	1.16658e-302	-11323.1
468	1.16658e-302	-11105.4
469	1.16658e-302	-11676.8
470	1.16658e-302	-10464.1
471	1.16658e-302	-12514.1
472	1.16658e-302	-13175.5
473	1.16658e-302	-12881.8
474	1.16658e-302	-11721.1
475	1.16658e-302	-11853.7
476	1.16658e-302	-11393.4
477	1.16658e-302	-12088.3
478	1.16658e-302	-12853.4
479	1.16658e-302	-12185
480	1.16658e-302	-11541.6
481	1.16658e-302	-11828.3
482	1.16658e-302	-13956.2
483	1.16658e-302	-13619.1
484	1.16658e-302	-15390.4
485	1.16658e-302	-15811.5
486	1.16658e-302	-16634.5
487	1.16658e-302	-16531.5
488	1.16658e-302	-14538.2
489	1.16658e-302	-15318.7
490	1.16658e-302	-15587.2
491	1.16658e-302	-14387.2
492	1.16658e-302	-11299.2
493	1.16658e-302	-12301.9
494	1.16658e-302	-11468.5
495	1.16658e-302	-14261.6
496	1.16658e-302	-13494.3
497	1.16658e-302	-12807.3
498	1.16658e-302	-11230.5
499	1.16658e-302	-11313.3
500	1.16658e-302	-10448.5
501	1.16658e-302	-11537.1
502	1.16658e-302	-13615.5
503	1.16658e-302	-14439.1
504	1.16658e-302	-11706
505	1.16658e-302	-11289.9
506	1.16658e-302	-13240.8
507	1.16658e-302	-13204.4
508	1.16658e-302	-12296.8
509	1.16658e-302	-11600.3
510	1.16658e-302	-12559.3
511	1.16658e-302	-12602.5
512	1.16658e-302	-11933.6
513	1.16658e-302	-11811.7
514	1.16658e-302	-11739.7
515	1.16658e-302	-11712.4
516	1.16658e-302	-9854.84
517	1.16658e-302	-9936.4
518	1.16658e-302	-13467
519	1.16658e-302	-12357.6
520	1.16658e-302	-12316.9
521	1.16658e-302	-13572.8
522	1.16658e-302	-13493
523	1.16658e-302	-11381.8
524	1.16658e-302	-11810
525	1.16658e-302	-12386.9
526	1.16658e-302	-10987.2
527	1.16658e-302	-11948.1
528	1.16658e-302	-15338.8
529	1.16658e-302	-16630.1
530	1.16658e-302	-10511.5
531	1.16658e-302	-11077.2
532	1.16658e-302	-11262.8
533	1.16658e-302	-10404.7
534	1.16658e-302	-11255.6
535	1.16658e-302	-10557.8
536	1.16658e-302	-10578
537	1.16658e-302	-11784.3
538	1.16658e-302	-13101.5
539	1.16658e-302	-12371.4
540	1.16658e-302	-13825.9
541	1.16658e-302	-13534.5
542	1.16658e-302	-11590.5
543	1.16658e-302	-10465.1
544	1.16658e-302	-11895.2
545	1.16658e-302	-13312.7
546	1.16658e-302	-12343.7
547	1.16658e-302	-12541.4
548	1.16658e-302	-12643.5
549	1.16658e-302	-13729.2
550	1.16658e-302	-13557.6
551	1.16658e-302	-11655
552	1.16658e-302	-10271.2
553	1.16658e-302	-14503.8
554	1.16658e-302	-15188.6
555	1.16658e-302	-12558
556	1.16658e-302	-11997.4
557	1.16658e-302	-12253.7
558	1.16658e-302	-12907.5
559	1.16658e-302	-13044.9
560	1.16658e-302	-14387.3
561	1.16658e-302	-12751.2
562	1.16658e-302	-13526.9
563	1.16658e-302	-14323.3
564	1.16658e-302	-14270.2
565	1.16658e-302	-11277.4
566	1.16658e-302	-11406.5
567	1.16658e-302	-12205.5
568	1.16658e-302	-12832.9
569	1.16658e-302	-11024.6
570	1.16658e-302	-10487.8
571	1.16658e-302	-12887.7
572	1.16658e-302	-11332.3
573	1.16658e-302	-12520.6
574	1.16658e-302	-15448.8
575	1.16658e-302	-13528.1
576	1.16658e-302	-12853.9
577	1.16658e-302	-11964.5
578	1.16658e-302	-11980.6
579	1.16658e-302	-10957.6
580	1.16658e-302	-10579.1
581	1.16658e-302	-10482.2
582	1.16658e-302	-10838.1
583	1.16658e-302	-10688.7
584	1.16658e-302	-9982.73
585	1.16658e-302	-10663.8
586	1.16658e-302	-9564.55
587	1.16658e-302	-10831.9
588	1.16658e-302	-12396.6
589	1.16658e-302	-15122.1
590	1.16658e-302	-13085.4
591	1.16658e-302	-12554.2
592	1.16658e-302	-11781.4
593	1.16658e-302	-12296.6
594	1.16658e-302	-13279
595	1.16658e-302	-12462.5
596	1.16658e-302	-12867.3
597	1.16658e-302	-11791.2
598	1.16658e-302	-12110.4
599	1.16658e-302	-12118.5
600	1.16658e-302	-11346.9
601	1.16658e-302	-11588.7
602	1.16658e-302	-10962.9
603	1.16658e-302	-10401.3
604	1.16658e-302	-12028.4
605	1.16658e-302	-10403.9
606	1.16658e-302	-11247
607	1.16658e-302	-11782.4
608	1.16658e-302	-13153.6
609	1.16658e-302	-11259.6
610	1.16658e-302	-12779
611	1.16658e-302	-11305.8
612	1.16658e-302	-11144.8
613	1.16658e-302	-12920.2
614	1.16658e-302	-13828.2
615	1.16658e-302	-13752.1
616	1.16658e-302	-14705.2
617	1.16658e-302	-13813.9
618	1.16658e-302	-10249.1
619	1.16658e-302	-10390.6
620	1.16658e-302	-10453.3
621	1.16658e-302	-12131.2
622	1.16658e-302	-11586.9
623	1.16658e-302	-12727.6
624	1.16658e-302	-12390.2
625	1.16658e-302	-12253
626	1.16658e-302	-11917.7
627	1.16658e-302	-12841.2
628	1.16658e-302	-12420.5
629	1.16658e-302	-14683.7
630	1.16658e-302	-13647.1
631	1.16658e-302	-12811
632	1.16658e-302	-16283.5
633	1.16658e-302	-14152.2
634	1.16658e-302	-15952.3
635	1.16658e-302	-10969.6
636	1.16658e-302	-14038.1
637	1.16658e-302	-14813.5
638	1.16658e-302	-14343.5
639	1.16658e-302	-13106.9
640	1.16658e-302	-14067.5
641	1.16658e-302	-12582.7
642	1.16658e-302	-11464.1
643	1.16658e-302	-11200.3
644	1.16658e-302	-11451.5
645	1.16658e-302	-11756.7
646	1.16658e-302	-11924.2
647	1.16658e-302	-11689.1
648	1.16658e-302	-10925.9
649	1.16658e-302	-13023
650	1.16658e-302	-12572.4
651	1.16658e-302	-15283.1
652	1.16658e-302	-13499.4
653	1.16658e-302	-13107.8
654	1.16658e-302	-11353.7
655	1.16658e-302	-12410.2
656	1.16658e-302	-11956.6
657	1.16658e-302	-12417.1
658	1.16658e-302	-11369.8
659	1.16658e-302	-11957.6
660	1.16658e-302	-12225.5
661	1.16658e-302	-12370.8
662	1.16658e-302	-9966.33
663	1.16658e-302	-10126.8
664	1.16658e-302	-12275
665	1.16658e-302	-11958.2
666	1.16658e-302	-10736.5
667	1.16658e-302	-12471.6
668	1.16658e-302	-12500.7
669	1.16658e-302	-11102.7
670	1.16658e-302	-12481.1
671	1.16658e-302	-14343
672	1.16658e-302	-13504.4
673	1.16658e-302	-12128.5
674	1.16658e-302	-18741
675	1.16658e-302	-14150.6
676	1.16658e-302	-13654.9
677	1.16658e-302	-15188.9
678	1.16658e-302	-13126.2
679	1.16658e-302	-11582.7
680	1.16658e-302	-11221.2
681	1.16658e-302	-11233.9
682	1.16658e-302	-12389.2
683	1.16658e-302	-11846.5
684	1.16658e-302	-11947.8
685	1.16658e-302	-13472.6
686	1.16658e-302	-9413.27
687	1.16658e-302	-11070.2
688	1.16658e-302	-10030.7
689	1.16658e-302	-10877.7
690	1.16658e-302	-11253.6
691	1.16658e-302	-10834.2
692	1.16658e-302	-10819
693	1.16658e-302	-12853.2
694	1.16658e-302	-12333.3
695	1.16658e-302	-11880.1
696	1.16658e-302	-12622.5
697	1.16658e-302	-12014.8
698	1.16658e-302	-14168.8
699	1.16658e-302	-10817.8
700	1.16658e-302	-11145
701	1.16658e-302	-11715.2
702	1.16658e-302	-13273.9
703	1.16658e-302	-12247.8
704	1.16658e-302	-13344.5
705	1.16658e-302	-10325.4
706	1.16658e-302	-10881.7
707	1.16658e-302	-10467.3
708	1.16658e-302	-12849.5
709	1.16658e-302	-13626.2
710	1.16658e-302	-12521
711	1.16658e-302	-11635.6
712	1.16658e-302	-11448
713	1.16658e-302	-12063
714	1.16658e-302	-12656.8
715	1.16658e-302	-15264.6
716	1.16658e-302	-14525.9
717	1.16658e-302	-14301
718	1.16658e-302	-12481.7
719	1.16658e-302	-13697.2
720	1.16658e-302	-12981.1
721	1.16658e-302	-12348.2
722	1.16658e-302	-12987.3
723	1.16658e-302	-12587.7
724	1.16658e-302	-13283
725	1.16658e-302	-13476.2
726	1.16658e-302	-17567.6
727	1.16658e-302	-16602.8
728	1.16658e-302	-13142.7
729	1.16658e-302	-12763.7
730	1.16658e-302	-12596.4
731	1.16658e-302	-13176.6
732	1.16658e-302	-12594.4
733	1.16658e-302	-11597.3
734	1.16658e-302	-13846.6
735	1.16658e-302	-11736.2
736	1.16658e-302	-12391.9
737	1.16658e-302	-11795.6
738	1.16658e-302	-14171
739	1.16658e-302	-13084
740	1.16658e-302	-12307.2
741	1.16658e-302	-14182
742	1.16658e-302	-13849.6
743	1.16658e-302	-13398
744	1.16658e-302	-13132
745	1.16658e-302	-10536.1
746	1.16658e-302	-10550
747	1.16658e-302	-13034
748	1.16658e-302	-10801.8
749	1.16658e-302	-10749.1
750	1.16658e-302	-10872.1
751	1.16658e-302	-11196.1
752	1.16658e-302	-10542.8
753	1.16658e-302	-11656.7
754	1.16658e-302	-12210.8
755	1.16658e-302	-16123.5
756	1.16658e-302	-17121.8
757	1.16658e-302	-13707.2
758	1.16658e-302	-10859.1
759	1.16658e-302	-13537.3
760	1.16658e-302	-11007.4
761	1.16658e-302	-10259.5
762	1.16658e-302	-10802.9
763	1.16658e-302	-11354.4
764	1.16658e-302	-11439.8
765	1.16658e-302	-11887.5
766	1.16658e-302	-14934.2
767	1.16658e-302	-13707.8
768	1.16658e-302	-13241.9
769	1.16658e-302	-14641.6
770	1.16658e-302	-13659.5
771	1.16658e-302	-13995.5
772	1.16658e-302	-15424.8
773	1.16658e-302	-14426.7
774	1.16658e-302	-13810.2
775	1.16658e-302	-13146.7
776	1.16658e-302	-12808
777	1.16658e-302	-12601.9
778	1.16658e-302	-13210.9
779	1.16658e-302	-14821.6
780	1.16658e-302	-11735.6
781	1.16658e-302	-11867.5
782	1.16658e-302	-11424.8
783	1.16658e-302	-12607.8
784	1.16658e-302	-13040.1
785	1.16658e-302	-10966.6
786	1.16658e-302	-11881.6
787	1.16658e-302	-12068.9
788	1.16658e-302	-12947.2
789	1.16658e-302	-12166.5
790	1.16658e-302	-11162.7
791	1.16658e-302	-11153
792	1.16658e-302	-11957.8
793	1.16658e-302	-12825.4
794	1.16658e-302	-11586.5
795	1.16658e-302	-13182
796	1.16658e-302	-11016.6
797	1.16658e-302	-11453.3
798	1.16658e-302	-11077.9
799	1.16658e-302	-11273.2
800	1.16658e-302	-14307.5
801	1.16658e-302	-11977.7
802	1.16658e-302	-10730.6
803	1.16658e-302	-11096.1
804	1.16658e-302	-11613.8
805	1.16658e-302	-12557.7
806	1.16658e-302	-12768.4
807	1.16658e-302	-13937.6
808	1.16658e-302	-14356.9
809	1.16658e-302	-13057.4
810	1.16658e-302	-12051.5
811	1.16658e-302	-13620
812	1.16658e-302	-13884.4
813	1.16658e-302	-11762.7
814	1.16658e-302	-12983.1
815	1.16658e-302	-11773.6
816	1.16658e-302	-12061.4
817	1.16658e-302	-10854.3
818	1.16658e-302	-12073.6
819	1.16658e-302	-11876.8
820	1.16658e-302	-12158.1
821	1.16658e-302	-11892.3
822	1.16658e-302	-12594.3
823	1.16658e-302	-10492
824	1.16658e-302	-11767.3
825	1.16658e-302	-11193.7
826	1.16658e-302	-10924
827	1.16658e-302	-12587.6
828	1.16658e-302	-12313.1
829	1.16658e-302	-12317.1
830	1.16658e-302	-11711.7
831	1.16658e-302	-10749.6
832	1.16658e-302	-12115
833	1.16658e-302	-12435
834	1.16658e-302	-12309
835	1.16658e-302	-13554.9
836	1.16658e-302	-11543.9
837	1.16658e-302	-10775.6
838	1.16658e-302	-10944.1
839	1.16658e-302	-12630.3
840	1.16658e-302	-12626.7
841	1.16658e-302	-10083.3
842	1.16658e-302	-12524.2
843	1.16658e-302	-12210.4
844	1.16658e-302	-13953.5
845	1.16658e-302	-12269.5
846	1.16658e-302	-11637.8
847	1.16658e-302	-11229.1
848	1.16658e-302	-10906.6
849	1.16658e-302	-13813.3
850	1.16658e-302	-15313.9
851	1.16658e-302	-12400
852	1.16658e-302	-13003
853	1.16658e-302	-14103.1
854	1.16658e-302	-10925.2
855	1.16658e-302	-11136
856	1.16658e-302	-13627.7
857	1.16658e-302	-10511
858	1.16658e-302	-14138.4
859	1.16658e-302	-11854.4
860	1.16658e-302	-13885.2
861	1.16658e-302	-10681
862	1.16658e-302	-10856.6
863	1.16658e-302	-11801.6
864	1.16658e-302	-11789.2
865	1.16658e-302	-13401.4
866	1.16658e-302	-13564.1
867	1.16658e-302	-14656.9
868	1.16658e-302	-10848.2
869	1.16658e-302	-13547.4
870	1.16658e-302	-16927.2
871	1.16658e-302	-18176.7
872	1.16658e-302	-13680.5
873	1.16658e-302	-12541.7
874	1.16658e-302	-12428
875	1.16658e-302	-12316.6
876	1.16658e-302	-13670.3
877	1.16658e-302	-15602.7
878	1.16658e-302	-18280.6
879	1.16658e-302	-14747.4
880	1.16658e-302	-12116.1
881	1.16658e-302	-11640.8
882	1.16658e-302	-11225.1
883	1.16658e-302	-13659.9
884	1.16658e-302	-11400.9
885	1.16658e-302	-12580.1
886	1.16658e-302	-11228.3
887	1.16658e-302	-11809.8
888	1.16658e-302	-14295.8
889	1.16658e-302	-12766.5
890	1.16658e-302	-12534
891	1.16658e-302	-13675
892	1.16658e-302	-12838.4
893	1.16658e-302	-13398.3
894	1.16658e-302	-14073.3
895	1.16658e-302	-14828.6
896	1.16658e-302	-11949.7
897	1.16658e-302	-14218.3
898	1.16658e-302	-11981.5
899	1.16658e-302	-10991.7
900	1.16658e-302	-11911.1
901	1.16658e-302	-12876.1
902	1.16658e-302	-11963
903	1.16658e-302	-11393.4
904	1.16658e-302	-11858.1
905	1.16658e-302	-10769.9
906	1.16658e-302	-11859.4
907	1.16658e-302	-14599.4
908	1.16658e-302	-11667.3
909	1.16658e-302	-11569.9
910	1.16658e-302	-10593.1
911	1.16658e-302	-10377.8
912	1.16658e-302	-11480.4
913	1.16658e-302	-10661
914	1.16658e-302	-10055.2
915	1.16658e-302	-10646.4
916	1.16658e-302	-10780.6
917	1.16658e-302	-10866.4
918	1.16658e-302	-15329.8
919	1.16658e-302	-15327.3
920	1.16658e-302	-17636.3
921	1.16658e-302	-14333.4
922	1.16658e-302	-14856.1
923	1.16658e-302	-12901.1
924	1.16658e-302	-12775.7
925	1.16658e-302	-11486
926	1.16658e-302	-10387.2
927	1.16658e-302	-16367
928	1.16658e-302	-14877.3
929	1.16658e-302	-11997.1
930	1.16658e-302	-13195.5
931	1.16658e-302	-11623
932	1.16658e-302	-10449.4
933	1.16658e-302	-11429.2
934	1.16658e-302	-11043
935	1.16658e-302	-11154.1
936	1.16658e-302	-12965.8
937	1.16658e-302	-11908.2
938	1.16658e-302	-12212.3
939	1.16658e-302	-12056.3
940	1.16658e-302	-11665.7
941	1.16658e-302	-11239.1
942	1.16658e-302	-11517.7
943	1.16658e-302	-11933.4
944	1.16658e-302	-11759.3
945	1.16658e-302	-11257
946	1.16658e-302	-10551
947	1.16658e-302	-11038.9
948	1.16658e-302	-11699.8
949	1.16658e-302	-9989.64
950	1.16658e-302	-12407.8
951	1.16658e-302	-12634.5
952	1.16658e-302	-12271.2
953	1.16658e-302	-11418.5
954	1.16658e-302	-12517.4
955	1.16658e-302	-12456.1
956	1.16658e-302	-11652.7
957	1.16658e-302	-11746.9
958	1.16658e-302	-9882.06
959	1.16658e-302	-10273.2
960	1.16658e-302	-12393.1
961	1.16658e-302	-11078.4
962	1.16658e-302	-12172.3
963	1.16658e-302	-11033.2
964	1.16658e-302	-12877.8
965	1.16658e-302	-10546.9
966	1.16658e-302	-10448.9
967	1.16658e-302	-12135.9
968	1.16658e-302	-12764.7
969	1.16658e-302	-13837.4
970	1.16658e-302	-13743.5
971	1.16658e-302	-13756.1
972	1.16658e-302	-12543.6
973	1.16658e-302	-18371.5
974	1.16658e-302	-15649.9
975	1.16658e-302	-15318.3
976	1.16658e-302	-11326.5
977	1.16658e-302	-12636.9
978	1.16658e-302	-12430.6
979	1.16658e-302	-12754.7
980	1.16658e-302	-11853.2
981	1.16658e-302	-11097.6
982	1.16658e-302	-10883.9
983	1.16658e-302	-11033.3
984	1.16658e-302	-11395.4
985	1.16658e-302	-10817
986	1.16658e-302	-10985.9
987	1.16658e-302	-11104.3
988	1.16658e-302	-10694.1
989	1.16658e-302	-10575.6
990	1.16658e-302	-14281.1
991	1.16658e-302	-13138.5
992	1.16658e-302	-13013
993	1.16658e-302	-13150
994	1.16658e-302	-12434.3
995	1.16658e-302	-14751.5
996	1.16658e-302	-14451.4
997	1.16658e-302	-15316.2
998	1.16658e-302	-11463
999	1.16658e-302	-11994.1
1000	1.16658e-302	-12182.3
