state	power	likelihood
251	0.0726122	-8335.95
252	0.0726122	-8286.9
253	0.0726122	-8313.62
254	0.0726122	-8447.29
255	0.0726122	-8368.41
256	0.0726122	-8399.7
257	0.0726122	-8403.24
258	0.0726122	-8273.8
259	0.0726122	-8278.48
260	0.0726122	-8248.51
261	0.0726122	-8189.22
262	0.0726122	-8182.68
263	0.0726122	-8184.3
264	0.0726122	-8246.86
265	0.0726122	-8245.15
266	0.0726122	-8223.98
267	0.0726122	-8251.48
268	0.0726122	-8208.82
269	0.0726122	-8194.18
270	0.0726122	-8244.94
271	0.0726122	-8310.84
272	0.0726122	-8294.26
273	0.0726122	-8331.67
274	0.0726122	-8333.53
275	0.0726122	-8342.7
276	0.0726122	-8305.45
277	0.0726122	-8317.87
278	0.0726122	-8324.76
279	0.0726122	-8441.13
280	0.0726122	-8337.91
281	0.0726122	-8417.14
282	0.0726122	-8329.86
283	0.0726122	-8340.09
284	0.0726122	-8248.38
285	0.0726122	-8371.99
286	0.0726122	-8323.67
287	0.0726122	-8314.69
288	0.0726122	-8239.98
289	0.0726122	-8311.93
290	0.0726122	-8374.46
291	0.0726122	-8375.18
292	0.0726122	-8190.56
293	0.0726122	-8273.09
294	0.0726122	-8265.01
295	0.0726122	-8261.43
296	0.0726122	-8281.74
297	0.0726122	-8302.68
298	0.0726122	-8294.42
299	0.0726122	-8345.05
300	0.0726122	-8369.61
301	0.0726122	-8233.63
302	0.0726122	-8193.31
303	0.0726122	-8280.69
304	0.0726122	-8304.4
305	0.0726122	-8250.13
306	0.0726122	-8332.94
307	0.0726122	-8328.13
308	0.0726122	-8253.07
309	0.0726122	-8286.29
310	0.0726122	-8328.84
311	0.0726122	-8260.54
312	0.0726122	-8289.3
313	0.0726122	-8308.91
314	0.0726122	-8354.76
315	0.0726122	-8323.49
316	0.0726122	-8247.73
317	0.0726122	-8310.37
318	0.0726122	-8239.2
319	0.0726122	-8286.3
320	0.0726122	-8270.72
321	0.0726122	-8260.68
322	0.0726122	-8220.52
323	0.0726122	-8276.77
324	0.0726122	-8280.43
325	0.0726122	-8322.96
326	0.0726122	-8415.58
327	0.0726122	-8317.49
328	0.0726122	-8288.61
329	0.0726122	-8260.72
330	0.0726122	-8255.3
331	0.0726122	-8285.36
332	0.0726122	-8372.77
333	0.0726122	-8308.27
334	0.0726122	-8295.78
335	0.0726122	-8253.97
336	0.0726122	-8204
337	0.0726122	-8254.97
338	0.0726122	-8257.62
339	0.0726122	-8377.09
340	0.0726122	-8326.86
341	0.0726122	-8318.34
342	0.0726122	-8307.66
343	0.0726122	-8293.7
344	0.0726122	-8297.44
345	0.0726122	-8237.82
346	0.0726122	-8251.53
347	0.0726122	-8326.35
348	0.0726122	-8297.54
349	0.0726122	-8382.64
350	0.0726122	-8217.37
351	0.0726122	-8207.93
352	0.0726122	-8171.84
353	0.0726122	-8234.13
354	0.0726122	-8224.06
355	0.0726122	-8249.73
356	0.0726122	-8237.01
357	0.0726122	-8249.11
358	0.0726122	-8222.95
359	0.0726122	-8233.11
360	0.0726122	-8319.93
361	0.0726122	-8273.38
362	0.0726122	-8297.27
363	0.0726122	-8390.3
364	0.0726122	-8377.04
365	0.0726122	-8401.45
366	0.0726122	-8449.85
367	0.0726122	-8409.67
368	0.0726122	-8341.3
369	0.0726122	-8340.34
370	0.0726122	-8355.91
371	0.0726122	-8323.43
372	0.0726122	-8329.74
373	0.0726122	-8249.99
374	0.0726122	-8320.74
375	0.0726122	-8334.4
376	0.0726122	-8388.44
377	0.0726122	-8370.64
378	0.0726122	-8407.31
379	0.0726122	-8376.83
380	0.0726122	-8316.53
381	0.0726122	-8293.23
382	0.0726122	-8403.95
383	0.0726122	-8316.07
384	0.0726122	-8314.03
385	0.0726122	-8382.53
386	0.0726122	-8346.39
387	0.0726122	-8300.06
388	0.0726122	-8418.61
389	0.0726122	-8342.21
390	0.0726122	-8326.72
391	0.0726122	-8410.8
392	0.0726122	-8381.77
393	0.0726122	-8311.76
394	0.0726122	-8313.28
395	0.0726122	-8417.39
396	0.0726122	-8414.07
397	0.0726122	-8324.12
398	0.0726122	-8331.39
399	0.0726122	-8219.85
400	0.0726122	-8254.06
401	0.0726122	-8182.64
402	0.0726122	-8200.92
403	0.0726122	-8227.25
404	0.0726122	-8265.23
405	0.0726122	-8220.47
406	0.0726122	-8250.41
407	0.0726122	-8282.68
408	0.0726122	-8308.83
409	0.0726122	-8343.69
410	0.0726122	-8323.17
411	0.0726122	-8296.85
412	0.0726122	-8223.95
413	0.0726122	-8288.05
414	0.0726122	-8322.53
415	0.0726122	-8245.33
416	0.0726122	-8364.06
417	0.0726122	-8263.7
418	0.0726122	-8244.7
419	0.0726122	-8327.27
420	0.0726122	-8347.61
421	0.0726122	-8254.53
422	0.0726122	-8258.37
423	0.0726122	-8236.85
424	0.0726122	-8205.7
425	0.0726122	-8236.99
426	0.0726122	-8247.99
427	0.0726122	-8260.29
428	0.0726122	-8302.18
429	0.0726122	-8317.66
430	0.0726122	-8257.52
431	0.0726122	-8274.27
432	0.0726122	-8336.67
433	0.0726122	-8296.45
434	0.0726122	-8248.09
435	0.0726122	-8230.49
436	0.0726122	-8248.49
437	0.0726122	-8288.07
438	0.0726122	-8291.96
439	0.0726122	-8266.5
440	0.0726122	-8287.33
441	0.0726122	-8326.23
442	0.0726122	-8315.04
443	0.0726122	-8275.32
444	0.0726122	-8318.79
445	0.0726122	-8307.57
446	0.0726122	-8270.06
447	0.0726122	-8265.29
448	0.0726122	-8229.55
449	0.0726122	-8262.72
450	0.0726122	-8172.77
451	0.0726122	-8208.93
452	0.0726122	-8175.63
453	0.0726122	-8246.47
454	0.0726122	-8177.98
455	0.0726122	-8210.24
456	0.0726122	-8248.23
457	0.0726122	-8245.54
458	0.0726122	-8249.81
459	0.0726122	-8337.98
460	0.0726122	-8309.96
461	0.0726122	-8277.14
462	0.0726122	-8373.82
463	0.0726122	-8302.42
464	0.0726122	-8198.12
465	0.0726122	-8219.19
466	0.0726122	-8260.95
467	0.0726122	-8178.13
468	0.0726122	-8181.12
469	0.0726122	-8172.39
470	0.0726122	-8205.41
471	0.0726122	-8211.97
472	0.0726122	-8199.3
473	0.0726122	-8232.91
474	0.0726122	-8262.95
475	0.0726122	-8262.98
476	0.0726122	-8310.26
477	0.0726122	-8343.1
478	0.0726122	-8272.85
479	0.0726122	-8293.01
480	0.0726122	-8277.25
481	0.0726122	-8336.24
482	0.0726122	-8284.34
483	0.0726122	-8263.67
484	0.0726122	-8234.95
485	0.0726122	-8248.2
486	0.0726122	-8248.83
487	0.0726122	-8248.14
488	0.0726122	-8192.72
489	0.0726122	-8230.49
490	0.0726122	-8217.13
491	0.0726122	-8273.74
492	0.0726122	-8254.81
493	0.0726122	-8198.9
494	0.0726122	-8197.12
495	0.0726122	-8228.83
496	0.0726122	-8248.04
497	0.0726122	-8294.22
498	0.0726122	-8248.5
499	0.0726122	-8217.26
500	0.0726122	-8243.28
501	0.0726122	-8250.55
502	0.0726122	-8195.1
503	0.0726122	-8235.77
504	0.0726122	-8228.45
505	0.0726122	-8282.67
506	0.0726122	-8226.87
507	0.0726122	-8212.63
508	0.0726122	-8239.79
509	0.0726122	-8201.02
510	0.0726122	-8234.49
511	0.0726122	-8278.1
512	0.0726122	-8274.55
513	0.0726122	-8280.94
514	0.0726122	-8238.32
515	0.0726122	-8198.98
516	0.0726122	-8254.63
517	0.0726122	-8312.63
518	0.0726122	-8351.23
519	0.0726122	-8254.68
520	0.0726122	-8256.87
521	0.0726122	-8282.76
522	0.0726122	-8289.76
523	0.0726122	-8286.72
524	0.0726122	-8255.08
525	0.0726122	-8263.64
526	0.0726122	-8267.51
527	0.0726122	-8235.94
528	0.0726122	-8329.72
529	0.0726122	-8341.9
530	0.0726122	-8330.82
531	0.0726122	-8264.33
532	0.0726122	-8246.29
533	0.0726122	-8247.45
534	0.0726122	-8340.75
535	0.0726122	-8224.95
536	0.0726122	-8232.87
537	0.0726122	-8249.19
538	0.0726122	-8180
539	0.0726122	-8198.04
540	0.0726122	-8201.17
541	0.0726122	-8291.97
542	0.0726122	-8349.73
543	0.0726122	-8258.19
544	0.0726122	-8254.04
545	0.0726122	-8228.55
546	0.0726122	-8186.2
547	0.0726122	-8203.2
548	0.0726122	-8262.36
549	0.0726122	-8220.87
550	0.0726122	-8299.29
551	0.0726122	-8275.4
552	0.0726122	-8230.48
553	0.0726122	-8266.95
554	0.0726122	-8241.09
555	0.0726122	-8240.09
556	0.0726122	-8213.82
557	0.0726122	-8178.81
558	0.0726122	-8213.59
559	0.0726122	-8209.06
560	0.0726122	-8238.19
561	0.0726122	-8291.58
562	0.0726122	-8185.96
563	0.0726122	-8204.9
564	0.0726122	-8179.1
565	0.0726122	-8186.21
566	0.0726122	-8314.27
567	0.0726122	-8291.31
568	0.0726122	-8292.64
569	0.0726122	-8343.11
570	0.0726122	-8327.02
571	0.0726122	-8428.13
572	0.0726122	-8375.65
573	0.0726122	-8337.79
574	0.0726122	-8331.83
575	0.0726122	-8308.48
576	0.0726122	-8329.59
577	0.0726122	-8341.32
578	0.0726122	-8343.36
579	0.0726122	-8365.48
580	0.0726122	-8340.16
581	0.0726122	-8285.82
582	0.0726122	-8369.45
583	0.0726122	-8396.15
584	0.0726122	-8350.55
585	0.0726122	-8300.79
586	0.0726122	-8223
587	0.0726122	-8253.11
588	0.0726122	-8274.1
589	0.0726122	-8257.96
590	0.0726122	-8247.93
591	0.0726122	-8238.04
592	0.0726122	-8218.49
593	0.0726122	-8200.4
594	0.0726122	-8267.82
595	0.0726122	-8281.13
596	0.0726122	-8248.2
597	0.0726122	-8234.37
598	0.0726122	-8216.54
599	0.0726122	-8241.87
600	0.0726122	-8244.64
601	0.0726122	-8391.58
602	0.0726122	-8272.54
603	0.0726122	-8235.62
604	0.0726122	-8294.1
605	0.0726122	-8280.58
606	0.0726122	-8240.19
607	0.0726122	-8237.13
608	0.0726122	-8246.59
609	0.0726122	-8276.11
610	0.0726122	-8301.97
611	0.0726122	-8241.43
612	0.0726122	-8269.36
613	0.0726122	-8179.34
614	0.0726122	-8239.55
615	0.0726122	-8236.56
616	0.0726122	-8273.92
617	0.0726122	-8353.56
618	0.0726122	-8382.67
619	0.0726122	-8435.58
620	0.0726122	-8264.01
621	0.0726122	-8231.48
622	0.0726122	-8250.04
623	0.0726122	-8211.11
624	0.0726122	-8234.19
625	0.0726122	-8252.09
626	0.0726122	-8233.77
627	0.0726122	-8282.45
628	0.0726122	-8326.46
629	0.0726122	-8359.7
630	0.0726122	-8243.2
631	0.0726122	-8212.74
632	0.0726122	-8207.77
633	0.0726122	-8223.3
634	0.0726122	-8316.22
635	0.0726122	-8295.98
636	0.0726122	-8278.86
637	0.0726122	-8262.7
638	0.0726122	-8220.07
639	0.0726122	-8269.02
640	0.0726122	-8300.79
641	0.0726122	-8260.63
642	0.0726122	-8233.83
643	0.0726122	-8209.78
644	0.0726122	-8194.1
645	0.0726122	-8201.68
646	0.0726122	-8247.27
647	0.0726122	-8281.96
648	0.0726122	-8266.82
649	0.0726122	-8270.23
650	0.0726122	-8320.8
651	0.0726122	-8303.03
652	0.0726122	-8330.26
653	0.0726122	-8304.26
654	0.0726122	-8212.24
655	0.0726122	-8278.24
656	0.0726122	-8237.43
657	0.0726122	-8261.65
658	0.0726122	-8236.6
659	0.0726122	-8342.76
660	0.0726122	-8353.18
661	0.0726122	-8312.83
662	0.0726122	-8323.73
663	0.0726122	-8402.11
664	0.0726122	-8346.14
665	0.0726122	-8297.92
666	0.0726122	-8251.01
667	0.0726122	-8251.03
668	0.0726122	-8306.65
669	0.0726122	-8386.69
670	0.0726122	-8437.49
671	0.0726122	-8361.79
672	0.0726122	-8434.83
673	0.0726122	-8426.81
674	0.0726122	-8326.1
675	0.0726122	-8292
676	0.0726122	-8246.31
677	0.0726122	-8312.03
678	0.0726122	-8264.26
679	0.0726122	-8317.62
680	0.0726122	-8298.69
681	0.0726122	-8388.54
682	0.0726122	-8308.94
683	0.0726122	-8291.38
684	0.0726122	-8335.33
685	0.0726122	-8310.18
686	0.0726122	-8309.1
687	0.0726122	-8291.74
688	0.0726122	-8218.15
689	0.0726122	-8319.13
690	0.0726122	-8316.36
691	0.0726122	-8320.54
692	0.0726122	-8260.55
693	0.0726122	-8238
694	0.0726122	-8243.42
695	0.0726122	-8222.11
696	0.0726122	-8241.23
697	0.0726122	-8285.14
698	0.0726122	-8264.39
699	0.0726122	-8249.79
700	0.0726122	-8234.75
701	0.0726122	-8343.41
702	0.0726122	-8280.32
703	0.0726122	-8271.29
704	0.0726122	-8225.85
705	0.0726122	-8232.24
706	0.0726122	-8275.58
707	0.0726122	-8225.26
708	0.0726122	-8171.3
709	0.0726122	-8274.02
710	0.0726122	-8238.04
711	0.0726122	-8201.11
712	0.0726122	-8309.08
713	0.0726122	-8275.28
714	0.0726122	-8307.21
715	0.0726122	-8209.78
716	0.0726122	-8180.95
717	0.0726122	-8251.22
718	0.0726122	-8220.87
719	0.0726122	-8220.8
720	0.0726122	-8173.51
721	0.0726122	-8250.03
722	0.0726122	-8296.33
723	0.0726122	-8265.4
724	0.0726122	-8265
725	0.0726122	-8225.68
726	0.0726122	-8283.44
727	0.0726122	-8190.91
728	0.0726122	-8232.23
729	0.0726122	-8282.41
730	0.0726122	-8284.92
731	0.0726122	-8282.54
732	0.0726122	-8331.92
733	0.0726122	-8341.81
734	0.0726122	-8292.1
735	0.0726122	-8361.33
736	0.0726122	-8330.78
737	0.0726122	-8293.96
738	0.0726122	-8386.1
739	0.0726122	-8331.1
740	0.0726122	-8340.16
741	0.0726122	-8261.05
742	0.0726122	-8292.31
743	0.0726122	-8292.31
744	0.0726122	-8285.74
745	0.0726122	-8353.97
746	0.0726122	-8318.28
747	0.0726122	-8324.51
748	0.0726122	-8279.76
749	0.0726122	-8205.17
750	0.0726122	-8274.08
751	0.0726122	-8404.02
752	0.0726122	-8399.96
753	0.0726122	-8346.44
754	0.0726122	-8303.62
755	0.0726122	-8220.7
756	0.0726122	-8198.83
757	0.0726122	-8221.86
758	0.0726122	-8213.48
759	0.0726122	-8235.63
760	0.0726122	-8201.64
761	0.0726122	-8269.48
762	0.0726122	-8201.1
763	0.0726122	-8211.98
764	0.0726122	-8248.61
765	0.0726122	-8281.51
766	0.0726122	-8201.41
767	0.0726122	-8241.61
768	0.0726122	-8265.39
769	0.0726122	-8274.8
770	0.0726122	-8271.94
771	0.0726122	-8277.02
772	0.0726122	-8246.48
773	0.0726122	-8322.18
774	0.0726122	-8296.31
775	0.0726122	-8328.82
776	0.0726122	-8196.29
777	0.0726122	-8172.44
778	0.0726122	-8192.8
779	0.0726122	-8259.96
780	0.0726122	-8171.94
781	0.0726122	-8192.57
782	0.0726122	-8189.97
783	0.0726122	-8300.13
784	0.0726122	-8246.3
785	0.0726122	-8279.16
786	0.0726122	-8258.21
787	0.0726122	-8194.83
788	0.0726122	-8210.6
789	0.0726122	-8176.96
790	0.0726122	-8175.9
791	0.0726122	-8287.94
792	0.0726122	-8233.13
793	0.0726122	-8310.83
794	0.0726122	-8270.48
795	0.0726122	-8202.69
796	0.0726122	-8205.18
797	0.0726122	-8186.06
798	0.0726122	-8213.58
799	0.0726122	-8267.18
800	0.0726122	-8306.07
801	0.0726122	-8285.29
802	0.0726122	-8224.87
803	0.0726122	-8343.31
804	0.0726122	-8320.73
805	0.0726122	-8291.92
806	0.0726122	-8225.63
807	0.0726122	-8229.08
808	0.0726122	-8290.87
809	0.0726122	-8347.62
810	0.0726122	-8246.15
811	0.0726122	-8276.25
812	0.0726122	-8422.81
813	0.0726122	-8429.07
814	0.0726122	-8308.95
815	0.0726122	-8269.31
816	0.0726122	-8212.76
817	0.0726122	-8299.24
818	0.0726122	-8295.11
819	0.0726122	-8273.43
820	0.0726122	-8228.77
821	0.0726122	-8314.9
822	0.0726122	-8387.75
823	0.0726122	-8240.38
824	0.0726122	-8185.73
825	0.0726122	-8159.65
826	0.0726122	-8230.02
827	0.0726122	-8192.34
828	0.0726122	-8256.5
829	0.0726122	-8255.2
830	0.0726122	-8239.85
831	0.0726122	-8270.54
832	0.0726122	-8206.86
833	0.0726122	-8234.53
834	0.0726122	-8285.24
835	0.0726122	-8229.64
836	0.0726122	-8239.15
837	0.0726122	-8235.86
838	0.0726122	-8210.94
839	0.0726122	-8265.32
840	0.0726122	-8307.3
841	0.0726122	-8349.17
842	0.0726122	-8271.96
843	0.0726122	-8259.35
844	0.0726122	-8292.84
845	0.0726122	-8224.89
846	0.0726122	-8243.3
847	0.0726122	-8256.62
848	0.0726122	-8267.2
849	0.0726122	-8260.44
850	0.0726122	-8235.4
851	0.0726122	-8230.26
852	0.0726122	-8262.56
853	0.0726122	-8211.78
854	0.0726122	-8248.93
855	0.0726122	-8207.69
856	0.0726122	-8238.4
857	0.0726122	-8243.21
858	0.0726122	-8210.22
859	0.0726122	-8254.69
860	0.0726122	-8278.77
861	0.0726122	-8301.77
862	0.0726122	-8349.45
863	0.0726122	-8263.32
864	0.0726122	-8280.24
865	0.0726122	-8274.24
866	0.0726122	-8251.85
867	0.0726122	-8316.22
868	0.0726122	-8236.48
869	0.0726122	-8253.59
870	0.0726122	-8252.64
871	0.0726122	-8319.45
872	0.0726122	-8241.61
873	0.0726122	-8179.72
874	0.0726122	-8219.7
875	0.0726122	-8243.61
876	0.0726122	-8249.32
877	0.0726122	-8176.11
878	0.0726122	-8221.61
879	0.0726122	-8210.07
880	0.0726122	-8252.13
881	0.0726122	-8227.23
882	0.0726122	-8314.12
883	0.0726122	-8291.2
884	0.0726122	-8212.7
885	0.0726122	-8188.9
886	0.0726122	-8212.94
887	0.0726122	-8304.18
888	0.0726122	-8307.35
889	0.0726122	-8264.67
890	0.0726122	-8337.57
891	0.0726122	-8230.13
892	0.0726122	-8211.6
893	0.0726122	-8299.74
894	0.0726122	-8219.66
895	0.0726122	-8225.97
896	0.0726122	-8234.53
897	0.0726122	-8348.19
898	0.0726122	-8227.01
899	0.0726122	-8290.7
900	0.0726122	-8297.1
901	0.0726122	-8284.54
902	0.0726122	-8282.58
903	0.0726122	-8363.1
904	0.0726122	-8340.02
905	0.0726122	-8317.76
906	0.0726122	-8290.97
907	0.0726122	-8200.17
908	0.0726122	-8164.06
909	0.0726122	-8242.01
910	0.0726122	-8253.36
911	0.0726122	-8226.03
912	0.0726122	-8225.87
913	0.0726122	-8336.94
914	0.0726122	-8285.16
915	0.0726122	-8316.42
916	0.0726122	-8291.03
917	0.0726122	-8285.04
918	0.0726122	-8337.47
919	0.0726122	-8328.89
920	0.0726122	-8319.09
921	0.0726122	-8340.84
922	0.0726122	-8281.99
923	0.0726122	-8292.63
924	0.0726122	-8276.7
925	0.0726122	-8229.64
926	0.0726122	-8291.12
927	0.0726122	-8303.05
928	0.0726122	-8253.08
929	0.0726122	-8237.52
930	0.0726122	-8349.54
931	0.0726122	-8389.35
932	0.0726122	-8297.4
933	0.0726122	-8284.37
934	0.0726122	-8310.52
935	0.0726122	-8370.71
936	0.0726122	-8276.52
937	0.0726122	-8254.6
938	0.0726122	-8238.33
939	0.0726122	-8211.82
940	0.0726122	-8299.74
941	0.0726122	-8244.34
942	0.0726122	-8191.47
943	0.0726122	-8275.94
944	0.0726122	-8247.65
945	0.0726122	-8209.71
946	0.0726122	-8200.7
947	0.0726122	-8265.58
948	0.0726122	-8221.2
949	0.0726122	-8232.17
950	0.0726122	-8186.34
951	0.0726122	-8219.61
952	0.0726122	-8298.74
953	0.0726122	-8335.64
954	0.0726122	-8232.87
955	0.0726122	-8233.47
956	0.0726122	-8283.01
957	0.0726122	-8372.17
958	0.0726122	-8302
959	0.0726122	-8277.66
960	0.0726122	-8215.06
961	0.0726122	-8252.32
962	0.0726122	-8247.89
963	0.0726122	-8274.04
964	0.0726122	-8254.94
965	0.0726122	-8257.5
966	0.0726122	-8311.95
967	0.0726122	-8312.15
968	0.0726122	-8335.76
969	0.0726122	-8301.44
970	0.0726122	-8175.32
971	0.0726122	-8205.25
972	0.0726122	-8282.21
973	0.0726122	-8344.6
974	0.0726122	-8270.61
975	0.0726122	-8334.36
976	0.0726122	-8315.34
977	0.0726122	-8237.52
978	0.0726122	-8324.67
979	0.0726122	-8271.88
980	0.0726122	-8309.6
981	0.0726122	-8304.86
982	0.0726122	-8298.18
983	0.0726122	-8222.36
984	0.0726122	-8243.63
985	0.0726122	-8172.05
986	0.0726122	-8193.45
987	0.0726122	-8270.91
988	0.0726122	-8263.42
989	0.0726122	-8324.86
990	0.0726122	-8373.19
991	0.0726122	-8354.36
992	0.0726122	-8271.05
993	0.0726122	-8342.02
994	0.0726122	-8352.16
995	0.0726122	-8303.1
996	0.0726122	-8277.23
997	0.0726122	-8284.24
998	0.0726122	-8309.68
999	0.0726122	-8296.01
1000	0.0726122	-8321.49
