state	power	likelihood
251	0.00876572	-9137.08
252	0.00876572	-8885.19
253	0.00876572	-8957.88
254	0.00876572	-8969.66
255	0.00876572	-9164.3
256	0.00876572	-9088.26
257	0.00876572	-8812.87
258	0.00876572	-9220.94
259	0.00876572	-9187.75
260	0.00876572	-8828.85
261	0.00876572	-9016.02
262	0.00876572	-9615.19
263	0.00876572	-9788.54
264	0.00876572	-9604.77
265	0.00876572	-9517.62
266	0.00876572	-8892.37
267	0.00876572	-8937.79
268	0.00876572	-8772.04
269	0.00876572	-9210.76
270	0.00876572	-8869.71
271	0.00876572	-9043.02
272	0.00876572	-9534.03
273	0.00876572	-9558.19
274	0.00876572	-9144.26
275	0.00876572	-8977.65
276	0.00876572	-8969.54
277	0.00876572	-8884.54
278	0.00876572	-8991.76
279	0.00876572	-8986.28
280	0.00876572	-9010.47
281	0.00876572	-9396.68
282	0.00876572	-9200.3
283	0.00876572	-9147.76
284	0.00876572	-9052.99
285	0.00876572	-9115.82
286	0.00876572	-9516.46
287	0.00876572	-9327.11
288	0.00876572	-10007.5
289	0.00876572	-9465.02
290	0.00876572	-9677.45
291	0.00876572	-8466.91
292	0.00876572	-8952.51
293	0.00876572	-8964.27
294	0.00876572	-9743.4
295	0.00876572	-8652.79
296	0.00876572	-9351.35
297	0.00876572	-9121.16
298	0.00876572	-8803.8
299	0.00876572	-8741.92
300	0.00876572	-9561.13
301	0.00876572	-8755.2
302	0.00876572	-9350.54
303	0.00876572	-9463.41
304	0.00876572	-9031.61
305	0.00876572	-9295.19
306	0.00876572	-9350.66
307	0.00876572	-9701.01
308	0.00876572	-9241.76
309	0.00876572	-9098.74
310	0.00876572	-9016.58
311	0.00876572	-9210.34
312	0.00876572	-9016.92
313	0.00876572	-8852.39
314	0.00876572	-8510.63
315	0.00876572	-8855.45
316	0.00876572	-8542.33
317	0.00876572	-9116.39
318	0.00876572	-8989.85
319	0.00876572	-9939.86
320	0.00876572	-9689.35
321	0.00876572	-9873.44
322	0.00876572	-8945.34
323	0.00876572	-9066.38
324	0.00876572	-9187
325	0.00876572	-8774.76
326	0.00876572	-8625.38
327	0.00876572	-8956.73
328	0.00876572	-8689.59
329	0.00876572	-8614.05
330	0.00876572	-9523.54
331	0.00876572	-9319.49
332	0.00876572	-9689.09
333	0.00876572	-9713.24
334	0.00876572	-9673.44
335	0.00876572	-8862.04
336	0.00876572	-9117.67
337	0.00876572	-8676.2
338	0.00876572	-8969.38
339	0.00876572	-9128.72
340	0.00876572	-9116.71
341	0.00876572	-8841.47
342	0.00876572	-9234.64
343	0.00876572	-9292.34
344	0.00876572	-8840.23
345	0.00876572	-8632.24
346	0.00876572	-8830.54
347	0.00876572	-9033.98
348	0.00876572	-9693.76
349	0.00876572	-9040.72
350	0.00876572	-9268.78
351	0.00876572	-9802.77
352	0.00876572	-9279.8
353	0.00876572	-9886.13
354	0.00876572	-9505.45
355	0.00876572	-9704.59
356	0.00876572	-9795.16
357	0.00876572	-9138.21
358	0.00876572	-9001.23
359	0.00876572	-9399.37
360	0.00876572	-9158.51
361	0.00876572	-9108.2
362	0.00876572	-9313.59
363	0.00876572	-9235.15
364	0.00876572	-9362.25
365	0.00876572	-9498.89
366	0.00876572	-9416.02
367	0.00876572	-9342.17
368	0.00876572	-9509.92
369	0.00876572	-9447.27
370	0.00876572	-9227.74
371	0.00876572	-9310.55
372	0.00876572	-8752.4
373	0.00876572	-8818.25
374	0.00876572	-9388.57
375	0.00876572	-9276.5
376	0.00876572	-8725.55
377	0.00876572	-9104.43
378	0.00876572	-9521.67
379	0.00876572	-9386.86
380	0.00876572	-9262.26
381	0.00876572	-9951.98
382	0.00876572	-8881.68
383	0.00876572	-8802.73
384	0.00876572	-9493.56
385	0.00876572	-9158.54
386	0.00876572	-8905.54
387	0.00876572	-9270.17
388	0.00876572	-9174.82
389	0.00876572	-9140.83
390	0.00876572	-9051.92
391	0.00876572	-9071.53
392	0.00876572	-9345.26
393	0.00876572	-9425.93
394	0.00876572	-9384.27
395	0.00876572	-10016.9
396	0.00876572	-9959.28
397	0.00876572	-9437.8
398	0.00876572	-9324.98
399	0.00876572	-9284.33
400	0.00876572	-9280.79
401	0.00876572	-9627.13
402	0.00876572	-9201.45
403	0.00876572	-9134.36
404	0.00876572	-9324.11
405	0.00876572	-9006.79
406	0.00876572	-8971.47
407	0.00876572	-8744.31
408	0.00876572	-8819.52
409	0.00876572	-8744.45
410	0.00876572	-8712.12
411	0.00876572	-9056.98
412	0.00876572	-8874.92
413	0.00876572	-8843.85
414	0.00876572	-9013.83
415	0.00876572	-9325.36
416	0.00876572	-9178.03
417	0.00876572	-8899.06
418	0.00876572	-9198.43
419	0.00876572	-9143.33
420	0.00876572	-9085.93
421	0.00876572	-9358.42
422	0.00876572	-8957.65
423	0.00876572	-9359.86
424	0.00876572	-9124.4
425	0.00876572	-8776.48
426	0.00876572	-9088.44
427	0.00876572	-8719.39
428	0.00876572	-8880.95
429	0.00876572	-8823.88
430	0.00876572	-9510.43
431	0.00876572	-9343.14
432	0.00876572	-9674.97
433	0.00876572	-9606.65
434	0.00876572	-9260.12
435	0.00876572	-8991
436	0.00876572	-8972.72
437	0.00876572	-8937.92
438	0.00876572	-8933.09
439	0.00876572	-9367.52
440	0.00876572	-8983.27
441	0.00876572	-9243.66
442	0.00876572	-8598.26
443	0.00876572	-8793.85
444	0.00876572	-9441.78
445	0.00876572	-9008.74
446	0.00876572	-9071.22
447	0.00876572	-9194.89
448	0.00876572	-9220.25
449	0.00876572	-9796.97
450	0.00876572	-8998.64
451	0.00876572	-9053.53
452	0.00876572	-9694.29
453	0.00876572	-8924.75
454	0.00876572	-8910.31
455	0.00876572	-8846.23
456	0.00876572	-9114.37
457	0.00876572	-8996.56
458	0.00876572	-9025.96
459	0.00876572	-8710.13
460	0.00876572	-9036.66
461	0.00876572	-9434.28
462	0.00876572	-8960.25
463	0.00876572	-9148.8
464	0.00876572	-9084.67
465	0.00876572	-9148.23
466	0.00876572	-9165.26
467	0.00876572	-9485.47
468	0.00876572	-9154.09
469	0.00876572	-8941.01
470	0.00876572	-9175.53
471	0.00876572	-9061.59
472	0.00876572	-9088.58
473	0.00876572	-9772.5
474	0.00876572	-9522.86
475	0.00876572	-9572.88
476	0.00876572	-9118.47
477	0.00876572	-9539.03
478	0.00876572	-9065.07
479	0.00876572	-9656.12
480	0.00876572	-9522.8
481	0.00876572	-9095.12
482	0.00876572	-9386.22
483	0.00876572	-9343.38
484	0.00876572	-8809.71
485	0.00876572	-9099.89
486	0.00876572	-9277.69
487	0.00876572	-9299.53
488	0.00876572	-8839.24
489	0.00876572	-9122.63
490	0.00876572	-9010.04
491	0.00876572	-8991.01
492	0.00876572	-9161.47
493	0.00876572	-9175.89
494	0.00876572	-9362.51
495	0.00876572	-9895.04
496	0.00876572	-9125.28
497	0.00876572	-8608.47
498	0.00876572	-8778.41
499	0.00876572	-9636.86
500	0.00876572	-8740.23
501	0.00876572	-8602.07
502	0.00876572	-8789.57
503	0.00876572	-9136.1
504	0.00876572	-9172.3
505	0.00876572	-9251.67
506	0.00876572	-8898.3
507	0.00876572	-9319.56
508	0.00876572	-9111.4
509	0.00876572	-9929.83
510	0.00876572	-8885.22
511	0.00876572	-8806.22
512	0.00876572	-9376.17
513	0.00876572	-9374.31
514	0.00876572	-9159.17
515	0.00876572	-9581.22
516	0.00876572	-9549.64
517	0.00876572	-9162.42
518	0.00876572	-9001.18
519	0.00876572	-9207.54
520	0.00876572	-9447.38
521	0.00876572	-9582.71
522	0.00876572	-8877.4
523	0.00876572	-9115.6
524	0.00876572	-8895.19
525	0.00876572	-9008.86
526	0.00876572	-8994.92
527	0.00876572	-9467.31
528	0.00876572	-9165.35
529	0.00876572	-9327.03
530	0.00876572	-9554.96
531	0.00876572	-9508.21
532	0.00876572	-9397.32
533	0.00876572	-9269.54
534	0.00876572	-9280.71
535	0.00876572	-9322.88
536	0.00876572	-8939.54
537	0.00876572	-8875.86
538	0.00876572	-8585.4
539	0.00876572	-9780.43
540	0.00876572	-9512.62
541	0.00876572	-9140.11
542	0.00876572	-9169.5
543	0.00876572	-9531.02
544	0.00876572	-9531.09
545	0.00876572	-9042.77
546	0.00876572	-8924.35
547	0.00876572	-9071.64
548	0.00876572	-9519.25
549	0.00876572	-8977.27
550	0.00876572	-8931.52
551	0.00876572	-9120.1
552	0.00876572	-9115.38
553	0.00876572	-9354.09
554	0.00876572	-10591.4
555	0.00876572	-9554.67
556	0.00876572	-8841.17
557	0.00876572	-9441.93
558	0.00876572	-9279.6
559	0.00876572	-9564.81
560	0.00876572	-8816.65
561	0.00876572	-9285.34
562	0.00876572	-9109.04
563	0.00876572	-9413.27
564	0.00876572	-9441.25
565	0.00876572	-9531.23
566	0.00876572	-8685.42
567	0.00876572	-8758.55
568	0.00876572	-8876.24
569	0.00876572	-8800.2
570	0.00876572	-8729.47
571	0.00876572	-8759.53
572	0.00876572	-8976.38
573	0.00876572	-9130.55
574	0.00876572	-9314.82
575	0.00876572	-9549.25
576	0.00876572	-9451.56
577	0.00876572	-9025.44
578	0.00876572	-8889.03
579	0.00876572	-8826.81
580	0.00876572	-8948.13
581	0.00876572	-8908.4
582	0.00876572	-9338.07
583	0.00876572	-9339.42
584	0.00876572	-9242.76
585	0.00876572	-9232.7
586	0.00876572	-9726.16
587	0.00876572	-9919.8
588	0.00876572	-9240.75
589	0.00876572	-9279.42
590	0.00876572	-9228.48
591	0.00876572	-8652.74
592	0.00876572	-9273.5
593	0.00876572	-9239.66
594	0.00876572	-8969.16
595	0.00876572	-9040.49
596	0.00876572	-9370.55
597	0.00876572	-9523.04
598	0.00876572	-9046.26
599	0.00876572	-9105.84
600	0.00876572	-8908.17
601	0.00876572	-8789.43
602	0.00876572	-8871.56
603	0.00876572	-9345.7
604	0.00876572	-9886.15
605	0.00876572	-9383.7
606	0.00876572	-8829.84
607	0.00876572	-9077.43
608	0.00876572	-9350.78
609	0.00876572	-9043.82
610	0.00876572	-9662.33
611	0.00876572	-10039.5
612	0.00876572	-8795.14
613	0.00876572	-8594.08
614	0.00876572	-8616.54
615	0.00876572	-8937.69
616	0.00876572	-9748.19
617	0.00876572	-9571.85
618	0.00876572	-8538.81
619	0.00876572	-8975.27
620	0.00876572	-8960.84
621	0.00876572	-8937
622	0.00876572	-9404.59
623	0.00876572	-9333.72
624	0.00876572	-9099.8
625	0.00876572	-9074.64
626	0.00876572	-9499.22
627	0.00876572	-9932.51
628	0.00876572	-9368.23
629	0.00876572	-9635.38
630	0.00876572	-9605.23
631	0.00876572	-9237.01
632	0.00876572	-9159.6
633	0.00876572	-9240.94
634	0.00876572	-8887.39
635	0.00876572	-9113.96
636	0.00876572	-8899.86
637	0.00876572	-9317.82
638	0.00876572	-8992.37
639	0.00876572	-8739.41
640	0.00876572	-8656.95
641	0.00876572	-8761.69
642	0.00876572	-8841.09
643	0.00876572	-9164.87
644	0.00876572	-9603.27
645	0.00876572	-9635.27
646	0.00876572	-8900.27
647	0.00876572	-9176.82
648	0.00876572	-8696.52
649	0.00876572	-9072.02
650	0.00876572	-9024.02
651	0.00876572	-8911.26
652	0.00876572	-9235.03
653	0.00876572	-9626.12
654	0.00876572	-9630.26
655	0.00876572	-9372.04
656	0.00876572	-8853.74
657	0.00876572	-9044.34
658	0.00876572	-8907.15
659	0.00876572	-8861.96
660	0.00876572	-8753.02
661	0.00876572	-8603.11
662	0.00876572	-8865.09
663	0.00876572	-8832.69
664	0.00876572	-8771.13
665	0.00876572	-9504.06
666	0.00876572	-9380.49
667	0.00876572	-9279.68
668	0.00876572	-9165.57
669	0.00876572	-9058.3
670	0.00876572	-8910
671	0.00876572	-8631.42
672	0.00876572	-8941.19
673	0.00876572	-9164.31
674	0.00876572	-9231.08
675	0.00876572	-9420.14
676	0.00876572	-9328
677	0.00876572	-9056.97
678	0.00876572	-9277.01
679	0.00876572	-8521.47
680	0.00876572	-8624.86
681	0.00876572	-9154.85
682	0.00876572	-9007.65
683	0.00876572	-9445.07
684	0.00876572	-9057.8
685	0.00876572	-8769.77
686	0.00876572	-8946.25
687	0.00876572	-9325.21
688	0.00876572	-9004.46
689	0.00876572	-9156.21
690	0.00876572	-9138.84
691	0.00876572	-8945.45
692	0.00876572	-8714.5
693	0.00876572	-8995.49
694	0.00876572	-9279.65
695	0.00876572	-8624.92
696	0.00876572	-9227.5
697	0.00876572	-8918.55
698	0.00876572	-9032.73
699	0.00876572	-9130.69
700	0.00876572	-9059.43
701	0.00876572	-9335.58
702	0.00876572	-9217.5
703	0.00876572	-9157.77
704	0.00876572	-9192.94
705	0.00876572	-9404.93
706	0.00876572	-9045.47
707	0.00876572	-9298.24
708	0.00876572	-9356.59
709	0.00876572	-8697.86
710	0.00876572	-9191.21
711	0.00876572	-9553.78
712	0.00876572	-9038.06
713	0.00876572	-9151.16
714	0.00876572	-8800.95
715	0.00876572	-9036.94
716	0.00876572	-9104.77
717	0.00876572	-9004.32
718	0.00876572	-8963.3
719	0.00876572	-8968.23
720	0.00876572	-9560.54
721	0.00876572	-9167.79
722	0.00876572	-8884.46
723	0.00876572	-8833.32
724	0.00876572	-8693.09
725	0.00876572	-8914.48
726	0.00876572	-8821.56
727	0.00876572	-8598.26
728	0.00876572	-9411.36
729	0.00876572	-8972.07
730	0.00876572	-9095.34
731	0.00876572	-9667.92
732	0.00876572	-9047.01
733	0.00876572	-9233.66
734	0.00876572	-9159.79
735	0.00876572	-9031.62
736	0.00876572	-9137.77
737	0.00876572	-8977.41
738	0.00876572	-9095.84
739	0.00876572	-8868.71
740	0.00876572	-8692.11
741	0.00876572	-8796.7
742	0.00876572	-9392.72
743	0.00876572	-9225.94
744	0.00876572	-9371.73
745	0.00876572	-9705.52
746	0.00876572	-9332.44
747	0.00876572	-8752.76
748	0.00876572	-9076.14
749	0.00876572	-9332.65
750	0.00876572	-8961.55
751	0.00876572	-9105.4
752	0.00876572	-9323.36
753	0.00876572	-9106.07
754	0.00876572	-9090.96
755	0.00876572	-9067.85
756	0.00876572	-8877.35
757	0.00876572	-9042.42
758	0.00876572	-9155.02
759	0.00876572	-9087.36
760	0.00876572	-8974.82
761	0.00876572	-9531.46
762	0.00876572	-9205.7
763	0.00876572	-9080.51
764	0.00876572	-8931.73
765	0.00876572	-9559.72
766	0.00876572	-9379.41
767	0.00876572	-9566.98
768	0.00876572	-9638.82
769	0.00876572	-9355.34
770	0.00876572	-8932.63
771	0.00876572	-9091.71
772	0.00876572	-8901.96
773	0.00876572	-9492.54
774	0.00876572	-9323.18
775	0.00876572	-9001.35
776	0.00876572	-9606.21
777	0.00876572	-8736.77
778	0.00876572	-9223.18
779	0.00876572	-8914.89
780	0.00876572	-9030.85
781	0.00876572	-9098.5
782	0.00876572	-8612.34
783	0.00876572	-8582.71
784	0.00876572	-8761.17
785	0.00876572	-9256.26
786	0.00876572	-9069.13
787	0.00876572	-9240.02
788	0.00876572	-9184.4
789	0.00876572	-9245.54
790	0.00876572	-9456.84
791	0.00876572	-8847.43
792	0.00876572	-9032.11
793	0.00876572	-8952.83
794	0.00876572	-9731.91
795	0.00876572	-9338.5
796	0.00876572	-9047.78
797	0.00876572	-8894.72
798	0.00876572	-9297.12
799	0.00876572	-9290.35
800	0.00876572	-9702.21
801	0.00876572	-9571.5
802	0.00876572	-9559.03
803	0.00876572	-9255.25
804	0.00876572	-9011.26
805	0.00876572	-9209.14
806	0.00876572	-8852.39
807	0.00876572	-9068.22
808	0.00876572	-8852.08
809	0.00876572	-8490.49
810	0.00876572	-8766.38
811	0.00876572	-8767.65
812	0.00876572	-8970.89
813	0.00876572	-9735.62
814	0.00876572	-9008.88
815	0.00876572	-8934.48
816	0.00876572	-9159.47
817	0.00876572	-8994.85
818	0.00876572	-8684.81
819	0.00876572	-8995.49
820	0.00876572	-8749.75
821	0.00876572	-9061.38
822	0.00876572	-8778.54
823	0.00876572	-9068.04
824	0.00876572	-9213.77
825	0.00876572	-9468.49
826	0.00876572	-9007.76
827	0.00876572	-9168.2
828	0.00876572	-9145.24
829	0.00876572	-8949.66
830	0.00876572	-9281.43
831	0.00876572	-10149.4
832	0.00876572	-9322.8
833	0.00876572	-9730.87
834	0.00876572	-8737.16
835	0.00876572	-9340.91
836	0.00876572	-9261.91
837	0.00876572	-8903.02
838	0.00876572	-9196.84
839	0.00876572	-9341.03
840	0.00876572	-9191.38
841	0.00876572	-9162.67
842	0.00876572	-9083.41
843	0.00876572	-9069.72
844	0.00876572	-9686.15
845	0.00876572	-9132.27
846	0.00876572	-9595.79
847	0.00876572	-9413.41
848	0.00876572	-8950.53
849	0.00876572	-9294.38
850	0.00876572	-8890.68
851	0.00876572	-8746.83
852	0.00876572	-9083.03
853	0.00876572	-9396.4
854	0.00876572	-8992.25
855	0.00876572	-9132.64
856	0.00876572	-9348.88
857	0.00876572	-9384.07
858	0.00876572	-9284.98
859	0.00876572	-9188.44
860	0.00876572	-9098.14
861	0.00876572	-9260.33
862	0.00876572	-9292.66
863	0.00876572	-8637.21
864	0.00876572	-9414.02
865	0.00876572	-9333.56
866	0.00876572	-8986.94
867	0.00876572	-9361.42
868	0.00876572	-9376.16
869	0.00876572	-9304.78
870	0.00876572	-9288.26
871	0.00876572	-9293.52
872	0.00876572	-9604.5
873	0.00876572	-9314.71
874	0.00876572	-9497.49
875	0.00876572	-9003.59
876	0.00876572	-9588.1
877	0.00876572	-9069.2
878	0.00876572	-9090.75
879	0.00876572	-9059.73
880	0.00876572	-8601.46
881	0.00876572	-9164.43
882	0.00876572	-9475.6
883	0.00876572	-9627.75
884	0.00876572	-10033.5
885	0.00876572	-9432.74
886	0.00876572	-9017.87
887	0.00876572	-9154.98
888	0.00876572	-9085.56
889	0.00876572	-8648.16
890	0.00876572	-8899.67
891	0.00876572	-8996.83
892	0.00876572	-8926.25
893	0.00876572	-8915.28
894	0.00876572	-9083.92
895	0.00876572	-8648.38
896	0.00876572	-8967.96
897	0.00876572	-8978.29
898	0.00876572	-8902.91
899	0.00876572	-9256.01
900	0.00876572	-9037.5
901	0.00876572	-9705.8
902	0.00876572	-9251.38
903	0.00876572	-9060.87
904	0.00876572	-9561.36
905	0.00876572	-9675.53
906	0.00876572	-9100.88
907	0.00876572	-8985.08
908	0.00876572	-9283.02
909	0.00876572	-9059.91
910	0.00876572	-9582.58
911	0.00876572	-9263.23
912	0.00876572	-8961.65
913	0.00876572	-8698.49
914	0.00876572	-9025.96
915	0.00876572	-9432.74
916	0.00876572	-8988.86
917	0.00876572	-9125.6
918	0.00876572	-9843.51
919	0.00876572	-9608.97
920	0.00876572	-9246.84
921	0.00876572	-9642.93
922	0.00876572	-8762.62
923	0.00876572	-9227.5
924	0.00876572	-8575.16
925	0.00876572	-8842.79
926	0.00876572	-8860.81
927	0.00876572	-9651.91
928	0.00876572	-9443.72
929	0.00876572	-9453.09
930	0.00876572	-9506.2
931	0.00876572	-9698.12
932	0.00876572	-9243.4
933	0.00876572	-9194.4
934	0.00876572	-9187.06
935	0.00876572	-9076.62
936	0.00876572	-9125.08
937	0.00876572	-9177.88
938	0.00876572	-8848.82
939	0.00876572	-8999.99
940	0.00876572	-9359.78
941	0.00876572	-9426.64
942	0.00876572	-9339.05
943	0.00876572	-9153.42
944	0.00876572	-9438.97
945	0.00876572	-9189.9
946	0.00876572	-9501.72
947	0.00876572	-10003.6
948	0.00876572	-9323.4
949	0.00876572	-9747.16
950	0.00876572	-9731.81
951	0.00876572	-9044.81
952	0.00876572	-8935.86
953	0.00876572	-9082.19
954	0.00876572	-8746.82
955	0.00876572	-8852.24
956	0.00876572	-9115.24
957	0.00876572	-9002.73
958	0.00876572	-8918.88
959	0.00876572	-8908.47
960	0.00876572	-8907.05
961	0.00876572	-9393.96
962	0.00876572	-8763.76
963	0.00876572	-8860.83
964	0.00876572	-9031.16
965	0.00876572	-8826.93
966	0.00876572	-9105.04
967	0.00876572	-8803.4
968	0.00876572	-9039.03
969	0.00876572	-8924.25
970	0.00876572	-8786.76
971	0.00876572	-9351.86
972	0.00876572	-9228.84
973	0.00876572	-9287.61
974	0.00876572	-9323.22
975	0.00876572	-9087.03
976	0.00876572	-9116.43
977	0.00876572	-9290.45
978	0.00876572	-8905.55
979	0.00876572	-9353.58
980	0.00876572	-8748.13
981	0.00876572	-9213.36
982	0.00876572	-9011.05
983	0.00876572	-9082.97
984	0.00876572	-8965.75
985	0.00876572	-9216.34
986	0.00876572	-9387.8
987	0.00876572	-9341.81
988	0.00876572	-10093.9
989	0.00876572	-8876.64
990	0.00876572	-9015.54
991	0.00876572	-9616.07
992	0.00876572	-9220.71
993	0.00876572	-9236.79
994	0.00876572	-8929.71
995	0.00876572	-9000.49
996	0.00876572	-8968.5
997	0.00876572	-9238.92
998	0.00876572	-9652.99
999	0.00876572	-9682.29
1000	0.00876572	-9453.96
