state	power	likelihood
251	0.000880898	-11545.8
252	0.000880898	-11380
253	0.000880898	-10144.7
254	0.000880898	-10194.7
255	0.000880898	-11931.1
256	0.000880898	-12850.1
257	0.000880898	-11899.5
258	0.000880898	-10834.8
259	0.000880898	-10907.8
260	0.000880898	-10490.7
261	0.000880898	-12077.2
262	0.000880898	-10988.4
263	0.000880898	-11353
264	0.000880898	-10605
265	0.000880898	-10792.8
266	0.000880898	-10439.8
267	0.000880898	-10222.8
268	0.000880898	-10395.4
269	0.000880898	-11287
270	0.000880898	-12693.2
271	0.000880898	-13478
272	0.000880898	-12670.1
273	0.000880898	-10784.7
274	0.000880898	-11170.9
275	0.000880898	-13473.2
276	0.000880898	-11413.5
277	0.000880898	-11583.4
278	0.000880898	-10907.8
279	0.000880898	-10667.7
280	0.000880898	-10048.1
281	0.000880898	-9540.99
282	0.000880898	-11988
283	0.000880898	-12438.6
284	0.000880898	-11330.9
285	0.000880898	-10731.4
286	0.000880898	-10910.4
287	0.000880898	-11408.7
288	0.000880898	-11037.6
289	0.000880898	-10558
290	0.000880898	-11200.8
291	0.000880898	-13131.2
292	0.000880898	-14923.8
293	0.000880898	-15013
294	0.000880898	-10120.1
295	0.000880898	-12292.1
296	0.000880898	-13457.8
297	0.000880898	-12200.6
298	0.000880898	-10672.5
299	0.000880898	-11276.1
300	0.000880898	-9645.75
301	0.000880898	-12653.1
302	0.000880898	-12444.7
303	0.000880898	-10677.8
304	0.000880898	-10844.4
305	0.000880898	-11340.6
306	0.000880898	-9938.62
307	0.000880898	-11033.1
308	0.000880898	-10686.7
309	0.000880898	-10761.6
310	0.000880898	-12067.8
311	0.000880898	-10443.7
312	0.000880898	-11873.1
313	0.000880898	-10844.7
314	0.000880898	-9967.9
315	0.000880898	-10652.3
316	0.000880898	-10258.1
317	0.000880898	-10023.8
318	0.000880898	-10057.6
319	0.000880898	-11327.1
320	0.000880898	-13365.4
321	0.000880898	-9816.32
322	0.000880898	-10128.8
323	0.000880898	-10984.6
324	0.000880898	-10839.6
325	0.000880898	-11175.5
326	0.000880898	-12044
327	0.000880898	-11295.8
328	0.000880898	-10704
329	0.000880898	-10032.3
330	0.000880898	-12112.7
331	0.000880898	-10662.3
332	0.000880898	-10609.4
333	0.000880898	-10459.7
334	0.000880898	-10742.8
335	0.000880898	-10614.2
336	0.000880898	-10227.8
337	0.000880898	-10572.6
338	0.000880898	-10602.8
339	0.000880898	-11293.8
340	0.000880898	-11653.4
341	0.000880898	-9938.57
342	0.000880898	-12591.2
343	0.000880898	-10849.6
344	0.000880898	-10914.1
345	0.000880898	-10021.1
346	0.000880898	-10086.4
347	0.000880898	-10319.5
348	0.000880898	-12345.9
349	0.000880898	-11122.6
350	0.000880898	-10579.9
351	0.000880898	-10740.6
352	0.000880898	-11918.7
353	0.000880898	-11276.9
354	0.000880898	-11540.4
355	0.000880898	-10510
356	0.000880898	-10677.5
357	0.000880898	-11312.6
358	0.000880898	-11533.5
359	0.000880898	-12547.7
360	0.000880898	-11043.4
361	0.000880898	-10533.6
362	0.000880898	-10775.1
363	0.000880898	-12105.9
364	0.000880898	-10746.7
365	0.000880898	-12121.3
366	0.000880898	-11214
367	0.000880898	-10570.7
368	0.000880898	-11626.8
369	0.000880898	-10780.2
370	0.000880898	-11349.7
371	0.000880898	-10503
372	0.000880898	-10609.4
373	0.000880898	-10456.2
374	0.000880898	-11347.8
375	0.000880898	-11105.8
376	0.000880898	-13449.1
377	0.000880898	-11015.4
378	0.000880898	-11289.9
379	0.000880898	-14040.5
380	0.000880898	-12196.4
381	0.000880898	-11126.8
382	0.000880898	-9985.72
383	0.000880898	-10147.5
384	0.000880898	-10294.3
385	0.000880898	-11295
386	0.000880898	-11031.6
387	0.000880898	-11803.3
388	0.000880898	-10317.4
389	0.000880898	-11104.7
390	0.000880898	-12060.6
391	0.000880898	-10016.7
392	0.000880898	-10859.3
393	0.000880898	-11469.8
394	0.000880898	-10404.4
395	0.000880898	-11655.2
396	0.000880898	-11258.8
397	0.000880898	-10291.2
398	0.000880898	-10368.4
399	0.000880898	-13274.7
400	0.000880898	-11758
401	0.000880898	-11328.2
402	0.000880898	-12133.9
403	0.000880898	-11381.9
404	0.000880898	-10955.5
405	0.000880898	-12019.7
406	0.000880898	-12051.3
407	0.000880898	-11232.8
408	0.000880898	-10524.1
409	0.000880898	-10027.5
410	0.000880898	-10773.8
411	0.000880898	-11103.9
412	0.000880898	-12042
413	0.000880898	-13278.9
414	0.000880898	-10913.7
415	0.000880898	-10541.4
416	0.000880898	-12128.7
417	0.000880898	-10095.3
418	0.000880898	-10718.9
419	0.000880898	-12219.5
420	0.000880898	-10916.4
421	0.000880898	-10766
422	0.000880898	-11999.4
423	0.000880898	-10671.1
424	0.000880898	-10019.3
425	0.000880898	-9975.77
426	0.000880898	-10420.1
427	0.000880898	-10272.2
428	0.000880898	-11858.2
429	0.000880898	-13760.4
430	0.000880898	-13279.1
431	0.000880898	-10636.3
432	0.000880898	-9681.53
433	0.000880898	-11452
434	0.000880898	-11070.2
435	0.000880898	-12094.1
436	0.000880898	-12079.9
437	0.000880898	-12036.1
438	0.000880898	-13310.2
439	0.000880898	-12226
440	0.000880898	-10368.3
441	0.000880898	-10192.6
442	0.000880898	-10955.4
443	0.000880898	-12184.8
444	0.000880898	-10538.9
445	0.000880898	-10357.3
446	0.000880898	-10979.1
447	0.000880898	-10569.5
448	0.000880898	-10802.2
449	0.000880898	-9655.92
450	0.000880898	-9615.61
451	0.000880898	-9857.8
452	0.000880898	-10975.2
453	0.000880898	-10645.4
454	0.000880898	-11282.9
455	0.000880898	-10456
456	0.000880898	-9614.82
457	0.000880898	-10197.3
458	0.000880898	-12096.9
459	0.000880898	-11939.5
460	0.000880898	-11890.3
461	0.000880898	-10472.6
462	0.000880898	-11406.7
463	0.000880898	-11210.7
464	0.000880898	-10547.1
465	0.000880898	-11025.5
466	0.000880898	-10192.7
467	0.000880898	-10395.5
468	0.000880898	-10745.3
469	0.000880898	-10329.3
470	0.000880898	-10687.3
471	0.000880898	-9372.35
472	0.000880898	-10298.5
473	0.000880898	-10558.4
474	0.000880898	-10555.1
475	0.000880898	-11370.7
476	0.000880898	-10971.2
477	0.000880898	-10840.6
478	0.000880898	-10883.7
479	0.000880898	-13111.2
480	0.000880898	-10975.9
481	0.000880898	-11612.8
482	0.000880898	-11337
483	0.000880898	-11137.3
484	0.000880898	-11322.7
485	0.000880898	-11627.6
486	0.000880898	-11177
487	0.000880898	-11540.6
488	0.000880898	-10310.9
489	0.000880898	-10255.2
490	0.000880898	-11251.5
491	0.000880898	-9889
492	0.000880898	-12041.3
493	0.000880898	-11856.7
494	0.000880898	-12473.9
495	0.000880898	-12680.9
496	0.000880898	-11465.9
497	0.000880898	-10622.1
498	0.000880898	-11415.4
499	0.000880898	-12685.5
500	0.000880898	-10513.2
501	0.000880898	-10651.7
502	0.000880898	-11384.6
503	0.000880898	-11437.2
504	0.000880898	-11902.8
505	0.000880898	-11010.6
506	0.000880898	-11362.2
507	0.000880898	-11531.6
508	0.000880898	-10582.4
509	0.000880898	-11942.5
510	0.000880898	-10309.5
511	0.000880898	-10482.8
512	0.000880898	-11235.6
513	0.000880898	-9899.23
514	0.000880898	-9841.21
515	0.000880898	-10597.9
516	0.000880898	-11406.3
517	0.000880898	-9878.33
518	0.000880898	-10272.5
519	0.000880898	-10806.9
520	0.000880898	-10282.7
521	0.000880898	-12607.9
522	0.000880898	-12098.5
523	0.000880898	-10094.2
524	0.000880898	-9511.04
525	0.000880898	-9720.78
526	0.000880898	-10661.7
527	0.000880898	-12593.1
528	0.000880898	-12145.9
529	0.000880898	-11805.7
530	0.000880898	-11692.5
531	0.000880898	-10985.3
532	0.000880898	-12283.7
533	0.000880898	-11098.6
534	0.000880898	-10622.5
535	0.000880898	-10611.9
536	0.000880898	-10486
537	0.000880898	-10917
538	0.000880898	-10166.6
539	0.000880898	-10222.8
540	0.000880898	-10778.5
541	0.000880898	-11945.5
542	0.000880898	-11149.9
543	0.000880898	-10769.4
544	0.000880898	-10085.9
545	0.000880898	-10553.4
546	0.000880898	-10843.7
547	0.000880898	-11412.3
548	0.000880898	-10088.1
549	0.000880898	-10428.2
550	0.000880898	-10276
551	0.000880898	-10746.4
552	0.000880898	-9499.9
553	0.000880898	-10359.9
554	0.000880898	-12914.3
555	0.000880898	-12615.9
556	0.000880898	-13689.7
557	0.000880898	-11224.7
558	0.000880898	-11878.2
559	0.000880898	-11005.7
560	0.000880898	-10933.2
561	0.000880898	-12775.9
562	0.000880898	-11603.5
563	0.000880898	-10550.5
564	0.000880898	-10192.9
565	0.000880898	-10395.7
566	0.000880898	-11139.5
567	0.000880898	-11057.5
568	0.000880898	-11297
569	0.000880898	-11080.3
570	0.000880898	-10693.9
571	0.000880898	-11689
572	0.000880898	-10330.1
573	0.000880898	-12037.8
574	0.000880898	-11817.1
575	0.000880898	-10273.6
576	0.000880898	-11593.5
577	0.000880898	-10918.2
578	0.000880898	-11556.3
579	0.000880898	-11950.8
580	0.000880898	-10875.3
581	0.000880898	-11767
582	0.000880898	-10623.4
583	0.000880898	-10432.7
584	0.000880898	-11156.8
585	0.000880898	-11185.9
586	0.000880898	-12070.2
587	0.000880898	-12189.9
588	0.000880898	-12720.1
589	0.000880898	-13053.1
590	0.000880898	-11857.4
591	0.000880898	-12842.3
592	0.000880898	-12883.3
593	0.000880898	-11068.4
594	0.000880898	-11876.6
595	0.000880898	-11710.6
596	0.000880898	-12784.3
597	0.000880898	-10981.3
598	0.000880898	-11916.5
599	0.000880898	-11579
600	0.000880898	-11445.8
601	0.000880898	-10318
602	0.000880898	-11872.9
603	0.000880898	-10255.9
604	0.000880898	-10804.7
605	0.000880898	-10546.5
606	0.000880898	-10786.2
607	0.000880898	-11675.1
608	0.000880898	-10005.8
609	0.000880898	-12274
610	0.000880898	-12074.8
611	0.000880898	-12096.9
612	0.000880898	-10549.1
613	0.000880898	-10478.9
614	0.000880898	-11078.9
615	0.000880898	-11075.9
616	0.000880898	-13189.7
617	0.000880898	-12811.4
618	0.000880898	-12202.6
619	0.000880898	-11060.7
620	0.000880898	-10822.6
621	0.000880898	-10896.7
622	0.000880898	-10475.5
623	0.000880898	-11145.3
624	0.000880898	-10158.1
625	0.000880898	-11547
626	0.000880898	-11487.9
627	0.000880898	-12122.6
628	0.000880898	-10632.3
629	0.000880898	-10285.1
630	0.000880898	-10803.2
631	0.000880898	-12065.2
632	0.000880898	-11291.8
633	0.000880898	-12018.2
634	0.000880898	-11785.5
635	0.000880898	-11691.2
636	0.000880898	-10411.1
637	0.000880898	-10746.8
638	0.000880898	-10370.6
639	0.000880898	-10262
640	0.000880898	-10193.4
641	0.000880898	-10822.1
642	0.000880898	-10764
643	0.000880898	-10937.4
644	0.000880898	-10954.5
645	0.000880898	-11019
646	0.000880898	-12805.3
647	0.000880898	-10079.1
648	0.000880898	-11345.7
649	0.000880898	-11298.7
650	0.000880898	-10958.4
651	0.000880898	-12400.6
652	0.000880898	-12036.6
653	0.000880898	-11546.3
654	0.000880898	-12533.7
655	0.000880898	-11628.9
656	0.000880898	-12314.3
657	0.000880898	-11775.1
658	0.000880898	-12228.2
659	0.000880898	-11833.3
660	0.000880898	-11707.6
661	0.000880898	-10237.5
662	0.000880898	-11048.2
663	0.000880898	-10580
664	0.000880898	-12155.9
665	0.000880898	-11036.9
666	0.000880898	-10418.5
667	0.000880898	-11802.1
668	0.000880898	-10242.2
669	0.000880898	-11409.9
670	0.000880898	-10437
671	0.000880898	-10775
672	0.000880898	-12519.7
673	0.000880898	-11637.1
674	0.000880898	-11646.1
675	0.000880898	-11942.5
676	0.000880898	-12911
677	0.000880898	-11017.8
678	0.000880898	-11420.9
679	0.000880898	-11654
680	0.000880898	-11587.5
681	0.000880898	-11282.3
682	0.000880898	-11630.3
683	0.000880898	-11096.7
684	0.000880898	-12013.1
685	0.000880898	-13191.7
686	0.000880898	-11941.2
687	0.000880898	-10129.9
688	0.000880898	-10324.2
689	0.000880898	-9965.13
690	0.000880898	-10147.6
691	0.000880898	-9951.34
692	0.000880898	-11727.8
693	0.000880898	-11967.2
694	0.000880898	-11773.8
695	0.000880898	-11350.1
696	0.000880898	-11229.5
697	0.000880898	-10612.2
698	0.000880898	-11250.4
699	0.000880898	-11905.2
700	0.000880898	-12668.8
701	0.000880898	-11856.4
702	0.000880898	-10299.4
703	0.000880898	-11669.4
704	0.000880898	-10995.3
705	0.000880898	-10874.7
706	0.000880898	-10716.4
707	0.000880898	-11319.5
708	0.000880898	-10334.2
709	0.000880898	-10924.7
710	0.000880898	-12616.7
711	0.000880898	-11215.7
712	0.000880898	-12300.1
713	0.000880898	-12597.3
714	0.000880898	-11648.7
715	0.000880898	-12158.1
716	0.000880898	-11321.7
717	0.000880898	-11692.2
718	0.000880898	-11265.3
719	0.000880898	-12075.5
720	0.000880898	-10846.7
721	0.000880898	-10475.6
722	0.000880898	-9547.62
723	0.000880898	-9303.8
724	0.000880898	-11570.1
725	0.000880898	-10659.4
726	0.000880898	-11425.2
727	0.000880898	-11367
728	0.000880898	-13923.8
729	0.000880898	-11405.6
730	0.000880898	-9999.5
731	0.000880898	-11232.1
732	0.000880898	-13341.9
733	0.000880898	-11503.6
734	0.000880898	-10671.2
735	0.000880898	-11181.9
736	0.000880898	-11551
737	0.000880898	-10159.9
738	0.000880898	-11617
739	0.000880898	-11795
740	0.000880898	-13094
741	0.000880898	-11285
742	0.000880898	-9993.08
743	0.000880898	-10295.3
744	0.000880898	-10544.7
745	0.000880898	-10121
746	0.000880898	-12621.1
747	0.000880898	-11321.2
748	0.000880898	-10865.3
749	0.000880898	-11315.6
750	0.000880898	-11507.4
751	0.000880898	-12174.4
752	0.000880898	-11408.4
753	0.000880898	-10607.9
754	0.000880898	-10064.9
755	0.000880898	-9583.29
756	0.000880898	-10243.8
757	0.000880898	-12397.9
758	0.000880898	-12323.9
759	0.000880898	-12936.7
760	0.000880898	-9802.3
761	0.000880898	-10019.9
762	0.000880898	-11898.7
763	0.000880898	-11280.1
764	0.000880898	-12825
765	0.000880898	-11711
766	0.000880898	-11294.3
767	0.000880898	-10608.1
768	0.000880898	-11744.9
769	0.000880898	-11705.9
770	0.000880898	-11416.7
771	0.000880898	-10791.9
772	0.000880898	-11982.1
773	0.000880898	-9824.97
774	0.000880898	-10571.4
775	0.000880898	-11017.1
776	0.000880898	-11161.3
777	0.000880898	-10633.1
778	0.000880898	-11100.3
779	0.000880898	-12444.4
780	0.000880898	-11244.5
781	0.000880898	-10459.6
782	0.000880898	-11126.1
783	0.000880898	-11816.1
784	0.000880898	-12507
785	0.000880898	-10087.5
786	0.000880898	-11579.4
787	0.000880898	-12018.4
788	0.000880898	-11750.5
789	0.000880898	-11704.3
790	0.000880898	-10996.6
791	0.000880898	-11931.1
792	0.000880898	-11486.7
793	0.000880898	-10631.7
794	0.000880898	-11307.5
795	0.000880898	-11118.2
796	0.000880898	-11397.2
797	0.000880898	-11310.4
798	0.000880898	-10688.5
799	0.000880898	-11629.3
800	0.000880898	-11510.5
801	0.000880898	-10448.1
802	0.000880898	-10449
803	0.000880898	-10902.7
804	0.000880898	-10695.1
805	0.000880898	-11037.2
806	0.000880898	-11688.9
807	0.000880898	-10228.9
808	0.000880898	-10165
809	0.000880898	-10599
810	0.000880898	-10653.6
811	0.000880898	-11245.3
812	0.000880898	-10326.9
813	0.000880898	-9820.39
814	0.000880898	-10264.8
815	0.000880898	-10637
816	0.000880898	-11494.1
817	0.000880898	-12587.1
818	0.000880898	-12335.3
819	0.000880898	-11745
820	0.000880898	-9580.11
821	0.000880898	-9984.32
822	0.000880898	-10378.9
823	0.000880898	-11284.4
824	0.000880898	-11687.1
825	0.000880898	-10674.4
826	0.000880898	-12160.2
827	0.000880898	-10544.1
828	0.000880898	-10527
829	0.000880898	-10487
830	0.000880898	-10977
831	0.000880898	-10496
832	0.000880898	-10514
833	0.000880898	-10582.4
834	0.000880898	-10839.1
835	0.000880898	-10961.4
836	0.000880898	-12378.3
837	0.000880898	-11155.2
838	0.000880898	-12208.1
839	0.000880898	-10273.5
840	0.000880898	-11170.6
841	0.000880898	-12564.2
842	0.000880898	-11449.9
843	0.000880898	-11905
844	0.000880898	-11265.7
845	0.000880898	-10753.5
846	0.000880898	-11589.2
847	0.000880898	-11535.1
848	0.000880898	-10943.9
849	0.000880898	-10197.9
850	0.000880898	-10421.2
851	0.000880898	-10876
852	0.000880898	-12806
853	0.000880898	-11018.4
854	0.000880898	-11966.2
855	0.000880898	-11691
856	0.000880898	-11458.6
857	0.000880898	-10987
858	0.000880898	-9913.58
859	0.000880898	-9774.22
860	0.000880898	-10688.1
861	0.000880898	-11488.4
862	0.000880898	-11289.6
863	0.000880898	-10644.5
864	0.000880898	-10213
865	0.000880898	-10933.9
866	0.000880898	-12146.4
867	0.000880898	-11247.9
868	0.000880898	-11247.8
869	0.000880898	-11837.9
870	0.000880898	-12627.8
871	0.000880898	-11998
872	0.000880898	-10088
873	0.000880898	-10266.4
874	0.000880898	-11270
875	0.000880898	-10124.4
876	0.000880898	-10808.4
877	0.000880898	-11202.2
878	0.000880898	-12905.7
879	0.000880898	-12298.4
880	0.000880898	-11884.6
881	0.000880898	-11540
882	0.000880898	-10299.4
883	0.000880898	-9714.47
884	0.000880898	-11872.7
885	0.000880898	-13011.2
886	0.000880898	-12328.2
887	0.000880898	-11477.9
888	0.000880898	-11739.3
889	0.000880898	-11050.2
890	0.000880898	-11296.7
891	0.000880898	-11016.2
892	0.000880898	-11716.4
893	0.000880898	-11510.8
894	0.000880898	-10809.7
895	0.000880898	-12855.2
896	0.000880898	-10330.9
897	0.000880898	-11100.9
898	0.000880898	-10189.5
899	0.000880898	-10342.2
900	0.000880898	-10489.1
901	0.000880898	-11192.1
902	0.000880898	-10863.2
903	0.000880898	-11075.2
904	0.000880898	-11097.9
905	0.000880898	-9223.45
906	0.000880898	-9388.66
907	0.000880898	-11182.2
908	0.000880898	-12679.6
909	0.000880898	-11322.7
910	0.000880898	-9654.01
911	0.000880898	-10090.8
912	0.000880898	-11336.4
913	0.000880898	-10503.8
914	0.000880898	-10892.3
915	0.000880898	-10566.8
916	0.000880898	-12261.6
917	0.000880898	-12314
918	0.000880898	-11476.7
919	0.000880898	-10385.6
920	0.000880898	-11935.8
921	0.000880898	-12373.9
922	0.000880898	-13219.2
923	0.000880898	-11943.2
924	0.000880898	-12432.6
925	0.000880898	-11892
926	0.000880898	-13128.5
927	0.000880898	-12453.1
928	0.000880898	-14136.7
929	0.000880898	-12484.5
930	0.000880898	-11501.5
931	0.000880898	-12218.4
932	0.000880898	-11226.6
933	0.000880898	-11886.5
934	0.000880898	-11858.5
935	0.000880898	-11253.9
936	0.000880898	-11019.2
937	0.000880898	-10243
938	0.000880898	-10155.9
939	0.000880898	-10139.2
940	0.000880898	-11175.3
941	0.000880898	-10302.8
942	0.000880898	-11254
943	0.000880898	-11687.5
944	0.000880898	-10742.9
945	0.000880898	-10760.5
946	0.000880898	-10307
947	0.000880898	-11955.9
948	0.000880898	-10835.3
949	0.000880898	-10912.9
950	0.000880898	-10885.3
951	0.000880898	-10204.4
952	0.000880898	-10771.3
953	0.000880898	-10659.9
954	0.000880898	-10633.2
955	0.000880898	-11337.7
956	0.000880898	-11105.1
957	0.000880898	-11179.2
958	0.000880898	-12206.3
959	0.000880898	-12528.4
960	0.000880898	-11431.2
961	0.000880898	-11398.7
962	0.000880898	-11319.5
963	0.000880898	-10165.3
964	0.000880898	-10689.2
965	0.000880898	-13463.6
966	0.000880898	-11813.1
967	0.000880898	-12045.2
968	0.000880898	-10954.2
969	0.000880898	-10286.5
970	0.000880898	-12443.5
971	0.000880898	-11697.1
972	0.000880898	-11647.1
973	0.000880898	-10465.7
974	0.000880898	-11952.2
975	0.000880898	-11533.4
976	0.000880898	-10801.1
977	0.000880898	-10964.8
978	0.000880898	-11300.7
979	0.000880898	-10859.1
980	0.000880898	-11027.1
981	0.000880898	-11496.5
982	0.000880898	-9932.64
983	0.000880898	-10002.8
984	0.000880898	-10407.3
985	0.000880898	-13787.3
986	0.000880898	-13227.5
987	0.000880898	-10917.2
988	0.000880898	-12356.6
989	0.000880898	-12142
990	0.000880898	-14217.6
991	0.000880898	-10951.7
992	0.000880898	-10993.8
993	0.000880898	-12422.7
994	0.000880898	-9893.67
995	0.000880898	-11318.4
996	0.000880898	-13105.5
997	0.000880898	-13616.5
998	0.000880898	-11869.1
999	0.000880898	-12634.7
1000	0.000880898	-10891
