state	power	likelihood
251	0.00668932	-9211.12
252	0.00668932	-9205
253	0.00668932	-8867.66
254	0.00668932	-9313.5
255	0.00668932	-9316.3
256	0.00668932	-10129.3
257	0.00668932	-10402.4
258	0.00668932	-9791.41
259	0.00668932	-10256.9
260	0.00668932	-9470.14
261	0.00668932	-9083.31
262	0.00668932	-9304.39
263	0.00668932	-10381.2
264	0.00668932	-9746.21
265	0.00668932	-9867.19
266	0.00668932	-9545.13
267	0.00668932	-9898.46
268	0.00668932	-9165.49
269	0.00668932	-9260.59
270	0.00668932	-9802.89
271	0.00668932	-9607.29
272	0.00668932	-10195.8
273	0.00668932	-10136.8
274	0.00668932	-9746.49
275	0.00668932	-10133.6
276	0.00668932	-9897.98
277	0.00668932	-9354.46
278	0.00668932	-9398.87
279	0.00668932	-10210.7
280	0.00668932	-9701.31
281	0.00668932	-9261.6
282	0.00668932	-9448.67
283	0.00668932	-10515.4
284	0.00668932	-9958.91
285	0.00668932	-9195.25
286	0.00668932	-9172.18
287	0.00668932	-9462.59
288	0.00668932	-9716.63
289	0.00668932	-9369.03
290	0.00668932	-9091.62
291	0.00668932	-9548.74
292	0.00668932	-8807.76
293	0.00668932	-9827.96
294	0.00668932	-9554.94
295	0.00668932	-9667.83
296	0.00668932	-9189.33
297	0.00668932	-9220.99
298	0.00668932	-9210.32
299	0.00668932	-9341.29
300	0.00668932	-9474.8
301	0.00668932	-8736.28
302	0.00668932	-10298.2
303	0.00668932	-9739.78
304	0.00668932	-9283.6
305	0.00668932	-9144.95
306	0.00668932	-9453.76
307	0.00668932	-8870.04
308	0.00668932	-8899.97
309	0.00668932	-9469.81
310	0.00668932	-9902.03
311	0.00668932	-9955.22
312	0.00668932	-10013.8
313	0.00668932	-9338.55
314	0.00668932	-9638.01
315	0.00668932	-9158.37
316	0.00668932	-9265.56
317	0.00668932	-9244.69
318	0.00668932	-8970.82
319	0.00668932	-9485.37
320	0.00668932	-9390.23
321	0.00668932	-9077.51
322	0.00668932	-8973.36
323	0.00668932	-8747.4
324	0.00668932	-8894.12
325	0.00668932	-9360.58
326	0.00668932	-9304.97
327	0.00668932	-9074.49
328	0.00668932	-9175.98
329	0.00668932	-10092
330	0.00668932	-9492.05
331	0.00668932	-9595.09
332	0.00668932	-9018.48
333	0.00668932	-9080.22
334	0.00668932	-9674
335	0.00668932	-9291
336	0.00668932	-9641.48
337	0.00668932	-9456.58
338	0.00668932	-9240.19
339	0.00668932	-9320.13
340	0.00668932	-9792.17
341	0.00668932	-9863.26
342	0.00668932	-9597.11
343	0.00668932	-10160.4
344	0.00668932	-9183.85
345	0.00668932	-9606.06
346	0.00668932	-9585.45
347	0.00668932	-9788.92
348	0.00668932	-9484.66
349	0.00668932	-9500.54
350	0.00668932	-9640.72
351	0.00668932	-9556.46
352	0.00668932	-9158.94
353	0.00668932	-9143.5
354	0.00668932	-8896.36
355	0.00668932	-9718.14
356	0.00668932	-9488.72
357	0.00668932	-9710.64
358	0.00668932	-9828.75
359	0.00668932	-8781.64
360	0.00668932	-9037.79
361	0.00668932	-9410.68
362	0.00668932	-9532.41
363	0.00668932	-9295.36
364	0.00668932	-9087.93
365	0.00668932	-9101.24
366	0.00668932	-9834.53
367	0.00668932	-9224.3
368	0.00668932	-9001.69
369	0.00668932	-9554.61
370	0.00668932	-9399.37
371	0.00668932	-9756.15
372	0.00668932	-9072.18
373	0.00668932	-8963.61
374	0.00668932	-10216
375	0.00668932	-9665.35
376	0.00668932	-9763.08
377	0.00668932	-9520.53
378	0.00668932	-9373.35
379	0.00668932	-9519.29
380	0.00668932	-9147.68
381	0.00668932	-8641.51
382	0.00668932	-9257.2
383	0.00668932	-9201.55
384	0.00668932	-9550.47
385	0.00668932	-10194.1
386	0.00668932	-9359.51
387	0.00668932	-9600.34
388	0.00668932	-9578.71
389	0.00668932	-9169.57
390	0.00668932	-9310.86
391	0.00668932	-10390.1
392	0.00668932	-10470.4
393	0.00668932	-9884.36
394	0.00668932	-9571.67
395	0.00668932	-9475.35
396	0.00668932	-9350.89
397	0.00668932	-9869.01
398	0.00668932	-9486.39
399	0.00668932	-9388.08
400	0.00668932	-9639.66
401	0.00668932	-9662.67
402	0.00668932	-9786.49
403	0.00668932	-10055.3
404	0.00668932	-9335.96
405	0.00668932	-9903.79
406	0.00668932	-9770.02
407	0.00668932	-10073.7
408	0.00668932	-9916.85
409	0.00668932	-9001.96
410	0.00668932	-9088.17
411	0.00668932	-9989.46
412	0.00668932	-9520.55
413	0.00668932	-8956.37
414	0.00668932	-8884.51
415	0.00668932	-8865.94
416	0.00668932	-8909.31
417	0.00668932	-9111.84
418	0.00668932	-9275.96
419	0.00668932	-10318.4
420	0.00668932	-10007
421	0.00668932	-10381.8
422	0.00668932	-10470.5
423	0.00668932	-9588.91
424	0.00668932	-10152
425	0.00668932	-9694.93
426	0.00668932	-9455.67
427	0.00668932	-9342.32
428	0.00668932	-9063.48
429	0.00668932	-9031.62
430	0.00668932	-9318.72
431	0.00668932	-9521.42
432	0.00668932	-9920.22
433	0.00668932	-9636.76
434	0.00668932	-9691.28
435	0.00668932	-9087.48
436	0.00668932	-9224.58
437	0.00668932	-9312.53
438	0.00668932	-8894.03
439	0.00668932	-9451.99
440	0.00668932	-10025.4
441	0.00668932	-9587.34
442	0.00668932	-9278.92
443	0.00668932	-9735.05
444	0.00668932	-9142.45
445	0.00668932	-9589.28
446	0.00668932	-8998.88
447	0.00668932	-9162.88
448	0.00668932	-9097.21
449	0.00668932	-9678.06
450	0.00668932	-9645.73
451	0.00668932	-9886.14
452	0.00668932	-9475.45
453	0.00668932	-9237.29
454	0.00668932	-9561.58
455	0.00668932	-9149.45
456	0.00668932	-10027.2
457	0.00668932	-9971.92
458	0.00668932	-9883.08
459	0.00668932	-10353.6
460	0.00668932	-10089.3
461	0.00668932	-9248.05
462	0.00668932	-9059.68
463	0.00668932	-9124.52
464	0.00668932	-9299.13
465	0.00668932	-10191.4
466	0.00668932	-9169.95
467	0.00668932	-9856.2
468	0.00668932	-9295.33
469	0.00668932	-9867.7
470	0.00668932	-9643.61
471	0.00668932	-9378.11
472	0.00668932	-9703.12
473	0.00668932	-9459.49
474	0.00668932	-9507.26
475	0.00668932	-9603.25
476	0.00668932	-9640.45
477	0.00668932	-9066.28
478	0.00668932	-9252.23
479	0.00668932	-9884.96
480	0.00668932	-9937.45
481	0.00668932	-10128.6
482	0.00668932	-9446.55
483	0.00668932	-9121.82
484	0.00668932	-9210.33
485	0.00668932	-9161.75
486	0.00668932	-9046.59
487	0.00668932	-9813.52
488	0.00668932	-9148.27
489	0.00668932	-9987.42
490	0.00668932	-10742.4
491	0.00668932	-10441
492	0.00668932	-10062.2
493	0.00668932	-9251.7
494	0.00668932	-9935.16
495	0.00668932	-8856.81
496	0.00668932	-9421.92
497	0.00668932	-9041.75
498	0.00668932	-9345.53
499	0.00668932	-9005.63
500	0.00668932	-9701.86
501	0.00668932	-9902.61
502	0.00668932	-9740.76
503	0.00668932	-9613.7
504	0.00668932	-9545.64
505	0.00668932	-10237.2
506	0.00668932	-9824.03
507	0.00668932	-9569.29
508	0.00668932	-9399.21
509	0.00668932	-9526.99
510	0.00668932	-9285.03
511	0.00668932	-9575.33
512	0.00668932	-9263.68
513	0.00668932	-9374.89
514	0.00668932	-9323.15
515	0.00668932	-9549.56
516	0.00668932	-9610.89
517	0.00668932	-9916.96
518	0.00668932	-9464.14
519	0.00668932	-9539.83
520	0.00668932	-9648.52
521	0.00668932	-9648.55
522	0.00668932	-9098.13
523	0.00668932	-9102.01
524	0.00668932	-9053.72
525	0.00668932	-8847.89
526	0.00668932	-9317.05
527	0.00668932	-9627.64
528	0.00668932	-9259.84
529	0.00668932	-9254.82
530	0.00668932	-8992.65
531	0.00668932	-9602.33
532	0.00668932	-9104.32
533	0.00668932	-9703.96
534	0.00668932	-9759.77
535	0.00668932	-9518.38
536	0.00668932	-9903.86
537	0.00668932	-9352.1
538	0.00668932	-10052.2
539	0.00668932	-9699.03
540	0.00668932	-9589.79
541	0.00668932	-9875.54
542	0.00668932	-9352.95
543	0.00668932	-9059
544	0.00668932	-9343.34
545	0.00668932	-9980.66
546	0.00668932	-8937.04
547	0.00668932	-8703.29
548	0.00668932	-9215.7
549	0.00668932	-8651.68
550	0.00668932	-8687.73
551	0.00668932	-8818.59
552	0.00668932	-8980.02
553	0.00668932	-8962.77
554	0.00668932	-9202.46
555	0.00668932	-9979.08
556	0.00668932	-9158.18
557	0.00668932	-9758.85
558	0.00668932	-9559.12
559	0.00668932	-9475.7
560	0.00668932	-9743.91
561	0.00668932	-9194.09
562	0.00668932	-9393.31
563	0.00668932	-9372.81
564	0.00668932	-9655.66
565	0.00668932	-9564.37
566	0.00668932	-9178.02
567	0.00668932	-10365.3
568	0.00668932	-9743.34
569	0.00668932	-9764.18
570	0.00668932	-9649.44
571	0.00668932	-9482.05
572	0.00668932	-9747.57
573	0.00668932	-9035.75
574	0.00668932	-9717.55
575	0.00668932	-9395
576	0.00668932	-9691.46
577	0.00668932	-9365.6
578	0.00668932	-9628.56
579	0.00668932	-10011.7
580	0.00668932	-9688.93
581	0.00668932	-9236.77
582	0.00668932	-9097.3
583	0.00668932	-9015.42
584	0.00668932	-9155.46
585	0.00668932	-9950.79
586	0.00668932	-9677.17
587	0.00668932	-9908.79
588	0.00668932	-9792.15
589	0.00668932	-10077
590	0.00668932	-9351.42
591	0.00668932	-9363.2
592	0.00668932	-8856.83
593	0.00668932	-9647.71
594	0.00668932	-9710.93
595	0.00668932	-9028.36
596	0.00668932	-9562.4
597	0.00668932	-9388.39
598	0.00668932	-10086.7
599	0.00668932	-9383.81
600	0.00668932	-9922.79
601	0.00668932	-9567.03
602	0.00668932	-9249.07
603	0.00668932	-9917.91
604	0.00668932	-9309.94
605	0.00668932	-8948.78
606	0.00668932	-9816.17
607	0.00668932	-9015.79
608	0.00668932	-9308.07
609	0.00668932	-9322.47
610	0.00668932	-8999.98
611	0.00668932	-9462.42
612	0.00668932	-9623.63
613	0.00668932	-9908.52
614	0.00668932	-9548.42
615	0.00668932	-9178.02
616	0.00668932	-9751.1
617	0.00668932	-9580.45
618	0.00668932	-9181.49
619	0.00668932	-9104.81
620	0.00668932	-9089.28
621	0.00668932	-9541.2
622	0.00668932	-9768.66
623	0.00668932	-9481.53
624	0.00668932	-9242.06
625	0.00668932	-9282.63
626	0.00668932	-9664.59
627	0.00668932	-9299.18
628	0.00668932	-9299.13
629	0.00668932	-9727.29
630	0.00668932	-9265.8
631	0.00668932	-9336.58
632	0.00668932	-9457.52
633	0.00668932	-8917.38
634	0.00668932	-9418.9
635	0.00668932	-8980.64
636	0.00668932	-9076.66
637	0.00668932	-10056.3
638	0.00668932	-9082.98
639	0.00668932	-9116.67
640	0.00668932	-9034.39
641	0.00668932	-9670.36
642	0.00668932	-9361.35
643	0.00668932	-9714.8
644	0.00668932	-9355.59
645	0.00668932	-9151.31
646	0.00668932	-9252.13
647	0.00668932	-9445.4
648	0.00668932	-9450.64
649	0.00668932	-9453.68
650	0.00668932	-9434.93
651	0.00668932	-9765.32
652	0.00668932	-9292.96
653	0.00668932	-9349.74
654	0.00668932	-9732.92
655	0.00668932	-9394.73
656	0.00668932	-9021.92
657	0.00668932	-9674.27
658	0.00668932	-9840.67
659	0.00668932	-9136.43
660	0.00668932	-9668.16
661	0.00668932	-9699.23
662	0.00668932	-9602.73
663	0.00668932	-9336.46
664	0.00668932	-9474.58
665	0.00668932	-8754.61
666	0.00668932	-9921.87
667	0.00668932	-9194.06
668	0.00668932	-9521.21
669	0.00668932	-9364.02
670	0.00668932	-9659.2
671	0.00668932	-9140.94
672	0.00668932	-9738.69
673	0.00668932	-9544.97
674	0.00668932	-9431.23
675	0.00668932	-9244.89
676	0.00668932	-8921.58
677	0.00668932	-9201.83
678	0.00668932	-9217.88
679	0.00668932	-9165.26
680	0.00668932	-9331.9
681	0.00668932	-8910
682	0.00668932	-9404.96
683	0.00668932	-9332.01
684	0.00668932	-9165.17
685	0.00668932	-9575.09
686	0.00668932	-9300.01
687	0.00668932	-8985.06
688	0.00668932	-8751.48
689	0.00668932	-9694.06
690	0.00668932	-8856.13
691	0.00668932	-8949.04
692	0.00668932	-9135.94
693	0.00668932	-9354.79
694	0.00668932	-9222
695	0.00668932	-8989.21
696	0.00668932	-8651.75
697	0.00668932	-9206.42
698	0.00668932	-9422.61
699	0.00668932	-8946.94
700	0.00668932	-8977.23
701	0.00668932	-9089.62
702	0.00668932	-9747.89
703	0.00668932	-9740.64
704	0.00668932	-9295.05
705	0.00668932	-9400.5
706	0.00668932	-9254.2
707	0.00668932	-9564.11
708	0.00668932	-9045.53
709	0.00668932	-9334.46
710	0.00668932	-9220.15
711	0.00668932	-9421.87
712	0.00668932	-9311.93
713	0.00668932	-9776.91
714	0.00668932	-10073.1
715	0.00668932	-9151.29
716	0.00668932	-9306.09
717	0.00668932	-9860.74
718	0.00668932	-9470.43
719	0.00668932	-10049.3
720	0.00668932	-9362.81
721	0.00668932	-9254.66
722	0.00668932	-9089.54
723	0.00668932	-9113.04
724	0.00668932	-9256.8
725	0.00668932	-9239.42
726	0.00668932	-9770.52
727	0.00668932	-9223.72
728	0.00668932	-8984.93
729	0.00668932	-9409.24
730	0.00668932	-9184.34
731	0.00668932	-9778.56
732	0.00668932	-9269.46
733	0.00668932	-9271.29
734	0.00668932	-9417.5
735	0.00668932	-9905.87
736	0.00668932	-10131.4
737	0.00668932	-9002.93
738	0.00668932	-9237.61
739	0.00668932	-10219.5
740	0.00668932	-9425.49
741	0.00668932	-9552.12
742	0.00668932	-9742.38
743	0.00668932	-9119.39
744	0.00668932	-9446.16
745	0.00668932	-9570.96
746	0.00668932	-9442.91
747	0.00668932	-9640.51
748	0.00668932	-9401.37
749	0.00668932	-9710.92
750	0.00668932	-9489.96
751	0.00668932	-8750.18
752	0.00668932	-8948.34
753	0.00668932	-10079.1
754	0.00668932	-9819.89
755	0.00668932	-9495.03
756	0.00668932	-9604.57
757	0.00668932	-9635.11
758	0.00668932	-9251.18
759	0.00668932	-9349.19
760	0.00668932	-9376.14
761	0.00668932	-9615.65
762	0.00668932	-9064.03
763	0.00668932	-10162.2
764	0.00668932	-9721.37
765	0.00668932	-9223.46
766	0.00668932	-9414.22
767	0.00668932	-10225.3
768	0.00668932	-9629.39
769	0.00668932	-9711.2
770	0.00668932	-10096.3
771	0.00668932	-10109.2
772	0.00668932	-10040
773	0.00668932	-10843.4
774	0.00668932	-10334.6
775	0.00668932	-9183.93
776	0.00668932	-9954.45
777	0.00668932	-10057.2
778	0.00668932	-9891.81
779	0.00668932	-10335.6
780	0.00668932	-9818.62
781	0.00668932	-9772.94
782	0.00668932	-9329.31
783	0.00668932	-9673.91
784	0.00668932	-10339.7
785	0.00668932	-9666.41
786	0.00668932	-9849
787	0.00668932	-10315.8
788	0.00668932	-9644.63
789	0.00668932	-9526.74
790	0.00668932	-9457.23
791	0.00668932	-9257.1
792	0.00668932	-9424.53
793	0.00668932	-8794.61
794	0.00668932	-9786.69
795	0.00668932	-10303.1
796	0.00668932	-9859.87
797	0.00668932	-9084.57
798	0.00668932	-9568.59
799	0.00668932	-9155.9
800	0.00668932	-9174.84
801	0.00668932	-9885.5
802	0.00668932	-8942.36
803	0.00668932	-8979.6
804	0.00668932	-9333.18
805	0.00668932	-9296.36
806	0.00668932	-9359.94
807	0.00668932	-9257.04
808	0.00668932	-9107.25
809	0.00668932	-8971.08
810	0.00668932	-9452.07
811	0.00668932	-9655.02
812	0.00668932	-9876.61
813	0.00668932	-9549.81
814	0.00668932	-9286.91
815	0.00668932	-9319.28
816	0.00668932	-9840.08
817	0.00668932	-9351.96
818	0.00668932	-9225.05
819	0.00668932	-9638.93
820	0.00668932	-9683.02
821	0.00668932	-9640.86
822	0.00668932	-10657
823	0.00668932	-10110.6
824	0.00668932	-9406.34
825	0.00668932	-9519.86
826	0.00668932	-9111.8
827	0.00668932	-9205.88
828	0.00668932	-8997.78
829	0.00668932	-9618.86
830	0.00668932	-9172.02
831	0.00668932	-8893.53
832	0.00668932	-9020.88
833	0.00668932	-9847.44
834	0.00668932	-9919.76
835	0.00668932	-9298.34
836	0.00668932	-9187.82
837	0.00668932	-9140.28
838	0.00668932	-9312.58
839	0.00668932	-8779.92
840	0.00668932	-9554.75
841	0.00668932	-10353.1
842	0.00668932	-9690.79
843	0.00668932	-9909.51
844	0.00668932	-9536.02
845	0.00668932	-9258.42
846	0.00668932	-9699.86
847	0.00668932	-9808.3
848	0.00668932	-9982.92
849	0.00668932	-9589.63
850	0.00668932	-9681.57
851	0.00668932	-10391.5
852	0.00668932	-9646.82
853	0.00668932	-9704.07
854	0.00668932	-9641.86
855	0.00668932	-9789.42
856	0.00668932	-9918.22
857	0.00668932	-9658.14
858	0.00668932	-9762.2
859	0.00668932	-10145.4
860	0.00668932	-10170.8
861	0.00668932	-8988.3
862	0.00668932	-9632.85
863	0.00668932	-9457.36
864	0.00668932	-9691.87
865	0.00668932	-9261.74
866	0.00668932	-9167.67
867	0.00668932	-9556.93
868	0.00668932	-8885.09
869	0.00668932	-9445.95
870	0.00668932	-9792.2
871	0.00668932	-8953.56
872	0.00668932	-9849.98
873	0.00668932	-9037.27
874	0.00668932	-9845.62
875	0.00668932	-9204.36
876	0.00668932	-9363.41
877	0.00668932	-9035.1
878	0.00668932	-9140.88
879	0.00668932	-9415.17
880	0.00668932	-9503.97
881	0.00668932	-9211.06
882	0.00668932	-8951.74
883	0.00668932	-9189.59
884	0.00668932	-9754.88
885	0.00668932	-8823.89
886	0.00668932	-9140.53
887	0.00668932	-8969.99
888	0.00668932	-9810.76
889	0.00668932	-9251.97
890	0.00668932	-9142.79
891	0.00668932	-8913.01
892	0.00668932	-8802.93
893	0.00668932	-9907.77
894	0.00668932	-9639.86
895	0.00668932	-9540.86
896	0.00668932	-9226.46
897	0.00668932	-9316.07
898	0.00668932	-9401.98
899	0.00668932	-9489.66
900	0.00668932	-9536.37
901	0.00668932	-9982.89
902	0.00668932	-9352.44
903	0.00668932	-10126.7
904	0.00668932	-9314.82
905	0.00668932	-9535.42
906	0.00668932	-9814.49
907	0.00668932	-9847.11
908	0.00668932	-9726.66
909	0.00668932	-9816.1
910	0.00668932	-9808.29
911	0.00668932	-9616.19
912	0.00668932	-9038.88
913	0.00668932	-9748.07
914	0.00668932	-9942.77
915	0.00668932	-9704.89
916	0.00668932	-9934.03
917	0.00668932	-9091.83
918	0.00668932	-9652.49
919	0.00668932	-9937.59
920	0.00668932	-9192.32
921	0.00668932	-9628.95
922	0.00668932	-9289.93
923	0.00668932	-9571.26
924	0.00668932	-9479.44
925	0.00668932	-9387.7
926	0.00668932	-9156.01
927	0.00668932	-9664.12
928	0.00668932	-9421.32
929	0.00668932	-9228.41
930	0.00668932	-9766.78
931	0.00668932	-9967.7
932	0.00668932	-9704.76
933	0.00668932	-8967.07
934	0.00668932	-9920.52
935	0.00668932	-9447.71
936	0.00668932	-9507.91
937	0.00668932	-9385.45
938	0.00668932	-9633.14
939	0.00668932	-8902.52
940	0.00668932	-9460.73
941	0.00668932	-9101.6
942	0.00668932	-9110.6
943	0.00668932	-8896.15
944	0.00668932	-9145.7
945	0.00668932	-9502.21
946	0.00668932	-9402.22
947	0.00668932	-10080.3
948	0.00668932	-9467.54
949	0.00668932	-9489.95
950	0.00668932	-10076.4
951	0.00668932	-9654.35
952	0.00668932	-8846.74
953	0.00668932	-9665.32
954	0.00668932	-9376.97
955	0.00668932	-9574.52
956	0.00668932	-9969.72
957	0.00668932	-9394.64
958	0.00668932	-9166.93
959	0.00668932	-9806.66
960	0.00668932	-9421.38
961	0.00668932	-10734.3
962	0.00668932	-9446.43
963	0.00668932	-9317.82
964	0.00668932	-9690.72
965	0.00668932	-9071.76
966	0.00668932	-9337.41
967	0.00668932	-8906.88
968	0.00668932	-9017.99
969	0.00668932	-9702.49
970	0.00668932	-8990.87
971	0.00668932	-9195.66
972	0.00668932	-9737.86
973	0.00668932	-10018.8
974	0.00668932	-9369.61
975	0.00668932	-9306.97
976	0.00668932	-9736.04
977	0.00668932	-9237.44
978	0.00668932	-9140.8
979	0.00668932	-9296.53
980	0.00668932	-9080.82
981	0.00668932	-10031.2
982	0.00668932	-8936.36
983	0.00668932	-9934.46
984	0.00668932	-9879.61
985	0.00668932	-9435.34
986	0.00668932	-10054.3
987	0.00668932	-9791.12
988	0.00668932	-9410.29
989	0.00668932	-9513.62
990	0.00668932	-10201.4
991	0.00668932	-9141.09
992	0.00668932	-9534.52
993	0.00668932	-9180.73
994	0.00668932	-9257.04
995	0.00668932	-9422.06
996	0.00668932	-9123.56
997	0.00668932	-9206.37
998	0.00668932	-8972.41
999	0.00668932	-9756.32
1000	0.00668932	-9369.42
