state	power	likelihood
251	0.520429	-8061.46
252	0.520429	-8051.42
253	0.520429	-8042.73
254	0.520429	-8051.3
255	0.520429	-8055.92
256	0.520429	-8053.17
257	0.520429	-8050.21
258	0.520429	-8051.45
259	0.520429	-8050.72
260	0.520429	-8058.55
261	0.520429	-8060.38
262	0.520429	-8057.25
263	0.520429	-8064.46
264	0.520429	-8061.76
265	0.520429	-8062
266	0.520429	-8053.22
267	0.520429	-8060.02
268	0.520429	-8054.56
269	0.520429	-8046.34
270	0.520429	-8045.78
271	0.520429	-8049.27
272	0.520429	-8052.26
273	0.520429	-8056.34
274	0.520429	-8053.4
275	0.520429	-8064.98
276	0.520429	-8052.24
277	0.520429	-8054.11
278	0.520429	-8049.15
279	0.520429	-8053.55
280	0.520429	-8057.62
281	0.520429	-8057.9
282	0.520429	-8065.73
283	0.520429	-8071.3
284	0.520429	-8063.43
285	0.520429	-8060.51
286	0.520429	-8057.25
287	0.520429	-8065.99
288	0.520429	-8067.11
289	0.520429	-8066.55
290	0.520429	-8059.61
291	0.520429	-8055.36
292	0.520429	-8058.91
293	0.520429	-8060.5
294	0.520429	-8061.95
295	0.520429	-8070.51
296	0.520429	-8072.48
297	0.520429	-8069.55
298	0.520429	-8075.38
299	0.520429	-8061.99
300	0.520429	-8063.96
301	0.520429	-8062.18
302	0.520429	-8057.38
303	0.520429	-8069.94
304	0.520429	-8059.41
305	0.520429	-8062.35
306	0.520429	-8057.63
307	0.520429	-8067.27
308	0.520429	-8069.78
309	0.520429	-8069.75
310	0.520429	-8064.6
311	0.520429	-8069.92
312	0.520429	-8069.44
313	0.520429	-8087.81
314	0.520429	-8069.78
315	0.520429	-8061.04
316	0.520429	-8052.92
317	0.520429	-8044.46
318	0.520429	-8048.94
319	0.520429	-8049.83
320	0.520429	-8054.01
321	0.520429	-8062.92
322	0.520429	-8064.95
323	0.520429	-8064.63
324	0.520429	-8054.47
325	0.520429	-8055.3
326	0.520429	-8049.99
327	0.520429	-8051.64
328	0.520429	-8050.95
329	0.520429	-8053.44
330	0.520429	-8060.34
331	0.520429	-8064.02
332	0.520429	-8064.52
333	0.520429	-8055.3
334	0.520429	-8057.71
335	0.520429	-8053.65
336	0.520429	-8042.95
337	0.520429	-8046.46
338	0.520429	-8038.46
339	0.520429	-8043.66
340	0.520429	-8061.52
341	0.520429	-8050.38
342	0.520429	-8055.97
343	0.520429	-8067.8
344	0.520429	-8068.55
345	0.520429	-8066.45
346	0.520429	-8063.21
347	0.520429	-8073.13
348	0.520429	-8065.94
349	0.520429	-8048.59
350	0.520429	-8047.65
351	0.520429	-8052.86
352	0.520429	-8049.69
353	0.520429	-8047.26
354	0.520429	-8056.95
355	0.520429	-8055.34
356	0.520429	-8060.5
357	0.520429	-8053.62
358	0.520429	-8055.81
359	0.520429	-8069.49
360	0.520429	-8070.51
361	0.520429	-8064.22
362	0.520429	-8057.26
363	0.520429	-8054.47
364	0.520429	-8049.46
365	0.520429	-8054.36
366	0.520429	-8055.96
367	0.520429	-8056.44
368	0.520429	-8059.43
369	0.520429	-8064.3
370	0.520429	-8062.35
371	0.520429	-8066.24
372	0.520429	-8058.4
373	0.520429	-8052.03
374	0.520429	-8065.31
375	0.520429	-8053.27
376	0.520429	-8053.2
377	0.520429	-8046.88
378	0.520429	-8040.3
379	0.520429	-8040.94
380	0.520429	-8050.3
381	0.520429	-8050.75
382	0.520429	-8053.39
383	0.520429	-8058.18
384	0.520429	-8060.73
385	0.520429	-8056.64
386	0.520429	-8046.62
387	0.520429	-8042.76
388	0.520429	-8053.48
389	0.520429	-8055.32
390	0.520429	-8057.61
391	0.520429	-8052.73
392	0.520429	-8056.92
393	0.520429	-8053.71
394	0.520429	-8055.41
395	0.520429	-8053.65
396	0.520429	-8063.44
397	0.520429	-8066.88
398	0.520429	-8065.32
399	0.520429	-8049.55
400	0.520429	-8058.48
401	0.520429	-8059.75
402	0.520429	-8075.26
403	0.520429	-8078.44
404	0.520429	-8071.65
405	0.520429	-8087.78
406	0.520429	-8068.11
407	0.520429	-8054.11
408	0.520429	-8045.83
409	0.520429	-8064.52
410	0.520429	-8062.18
411	0.520429	-8059.89
412	0.520429	-8058.59
413	0.520429	-8060.79
414	0.520429	-8063.46
415	0.520429	-8055.81
416	0.520429	-8054.23
417	0.520429	-8058.37
418	0.520429	-8056.85
419	0.520429	-8063.7
420	0.520429	-8047.69
421	0.520429	-8051.94
422	0.520429	-8050.71
423	0.520429	-8047.12
424	0.520429	-8045.81
425	0.520429	-8049.49
426	0.520429	-8047.97
427	0.520429	-8052.83
428	0.520429	-8048.59
429	0.520429	-8045.89
430	0.520429	-8050.12
431	0.520429	-8055.35
432	0.520429	-8048.93
433	0.520429	-8047.39
434	0.520429	-8044.95
435	0.520429	-8056.79
436	0.520429	-8065.01
437	0.520429	-8063.85
438	0.520429	-8056.85
439	0.520429	-8061.36
440	0.520429	-8064.32
441	0.520429	-8059.17
442	0.520429	-8053.96
443	0.520429	-8049.64
444	0.520429	-8053.88
445	0.520429	-8047.84
446	0.520429	-8046.94
447	0.520429	-8042.8
448	0.520429	-8046.58
449	0.520429	-8041.75
450	0.520429	-8048.25
451	0.520429	-8052.72
452	0.520429	-8046.79
453	0.520429	-8050.07
454	0.520429	-8048.81
455	0.520429	-8048.32
456	0.520429	-8043.77
457	0.520429	-8038.28
458	0.520429	-8042.56
459	0.520429	-8052.71
460	0.520429	-8046.18
461	0.520429	-8054.1
462	0.520429	-8055.92
463	0.520429	-8054.55
464	0.520429	-8062.82
465	0.520429	-8068.15
466	0.520429	-8057.92
467	0.520429	-8054.18
468	0.520429	-8044.81
469	0.520429	-8044.93
470	0.520429	-8040.83
471	0.520429	-8035.39
472	0.520429	-8045.87
473	0.520429	-8043.95
474	0.520429	-8044.84
475	0.520429	-8052.9
476	0.520429	-8050.15
477	0.520429	-8065.16
478	0.520429	-8047.24
479	0.520429	-8055.09
480	0.520429	-8063.04
481	0.520429	-8053.95
482	0.520429	-8057.98
483	0.520429	-8064.04
484	0.520429	-8056.55
485	0.520429	-8054.16
486	0.520429	-8058.84
487	0.520429	-8063.22
488	0.520429	-8050.66
489	0.520429	-8060.25
490	0.520429	-8068.77
491	0.520429	-8068.75
492	0.520429	-8067.53
493	0.520429	-8059.78
494	0.520429	-8066.04
495	0.520429	-8057.84
496	0.520429	-8060.72
497	0.520429	-8054.75
498	0.520429	-8053.31
499	0.520429	-8077.39
500	0.520429	-8064.73
501	0.520429	-8070.15
502	0.520429	-8067.22
503	0.520429	-8072.53
504	0.520429	-8059.88
505	0.520429	-8051.98
506	0.520429	-8042.46
507	0.520429	-8047.98
508	0.520429	-8049.93
509	0.520429	-8046.42
510	0.520429	-8060.59
511	0.520429	-8050.12
512	0.520429	-8058.53
513	0.520429	-8054.34
514	0.520429	-8053.76
515	0.520429	-8056.72
516	0.520429	-8053.75
517	0.520429	-8050.89
518	0.520429	-8054.16
519	0.520429	-8048.6
520	0.520429	-8064.44
521	0.520429	-8058.89
522	0.520429	-8071.74
523	0.520429	-8054.91
524	0.520429	-8058.55
525	0.520429	-8060.85
526	0.520429	-8067.64
527	0.520429	-8059.88
528	0.520429	-8064.63
529	0.520429	-8051.42
530	0.520429	-8068.2
531	0.520429	-8054.36
532	0.520429	-8051.48
533	0.520429	-8054.27
534	0.520429	-8054.72
535	0.520429	-8066.75
536	0.520429	-8069.32
537	0.520429	-8047.79
538	0.520429	-8048.63
539	0.520429	-8040.23
540	0.520429	-8054.68
541	0.520429	-8059.95
542	0.520429	-8073.33
543	0.520429	-8069.86
544	0.520429	-8065.92
545	0.520429	-8064.45
546	0.520429	-8058.48
547	0.520429	-8055.73
548	0.520429	-8058.61
549	0.520429	-8056.96
550	0.520429	-8062.34
551	0.520429	-8059.67
552	0.520429	-8073.2
553	0.520429	-8063.95
554	0.520429	-8065.05
555	0.520429	-8063.74
556	0.520429	-8067.08
557	0.520429	-8057.37
558	0.520429	-8066.41
559	0.520429	-8054.7
560	0.520429	-8053.87
561	0.520429	-8063
562	0.520429	-8055.99
563	0.520429	-8062.03
564	0.520429	-8055.49
565	0.520429	-8051.25
566	0.520429	-8047.54
567	0.520429	-8052.02
568	0.520429	-8051.12
569	0.520429	-8048.64
570	0.520429	-8052.38
571	0.520429	-8044.44
572	0.520429	-8050.58
573	0.520429	-8063.81
574	0.520429	-8065.27
575	0.520429	-8072.73
576	0.520429	-8058.37
577	0.520429	-8061.28
578	0.520429	-8058.7
579	0.520429	-8056.33
580	0.520429	-8053.86
581	0.520429	-8055.27
582	0.520429	-8055.13
583	0.520429	-8050.72
584	0.520429	-8064.17
585	0.520429	-8076.4
586	0.520429	-8064.36
587	0.520429	-8064.73
588	0.520429	-8050.55
589	0.520429	-8056.5
590	0.520429	-8066.72
591	0.520429	-8072.46
592	0.520429	-8075.83
593	0.520429	-8063.19
594	0.520429	-8051.36
595	0.520429	-8060.52
596	0.520429	-8045.62
597	0.520429	-8049.8
598	0.520429	-8047.12
599	0.520429	-8059.12
600	0.520429	-8045.67
601	0.520429	-8046.68
602	0.520429	-8061.01
603	0.520429	-8048.01
604	0.520429	-8068.63
605	0.520429	-8081.92
606	0.520429	-8064.48
607	0.520429	-8058.68
608	0.520429	-8045.74
609	0.520429	-8053.66
610	0.520429	-8058.9
611	0.520429	-8052.5
612	0.520429	-8066.67
613	0.520429	-8053.32
614	0.520429	-8055.23
615	0.520429	-8055.17
616	0.520429	-8056.28
617	0.520429	-8057.99
618	0.520429	-8060.11
619	0.520429	-8047.9
620	0.520429	-8052.46
621	0.520429	-8058.42
622	0.520429	-8062.06
623	0.520429	-8065.55
624	0.520429	-8076.05
625	0.520429	-8070.77
626	0.520429	-8064.54
627	0.520429	-8055.05
628	0.520429	-8051.52
629	0.520429	-8053.34
630	0.520429	-8060.89
631	0.520429	-8063.84
632	0.520429	-8068.97
633	0.520429	-8065.48
634	0.520429	-8062.76
635	0.520429	-8061.07
636	0.520429	-8055.92
637	0.520429	-8053.02
638	0.520429	-8050.84
639	0.520429	-8059.25
640	0.520429	-8050.23
641	0.520429	-8050.65
642	0.520429	-8049.7
643	0.520429	-8052.55
644	0.520429	-8055.5
645	0.520429	-8057.9
646	0.520429	-8055.97
647	0.520429	-8048.8
648	0.520429	-8051.29
649	0.520429	-8048.64
650	0.520429	-8051.43
651	0.520429	-8058.66
652	0.520429	-8056.69
653	0.520429	-8061.63
654	0.520429	-8052.73
655	0.520429	-8059.18
656	0.520429	-8050.21
657	0.520429	-8046.36
658	0.520429	-8048.83
659	0.520429	-8054.13
660	0.520429	-8050.46
661	0.520429	-8057.7
662	0.520429	-8056.24
663	0.520429	-8065
664	0.520429	-8066.26
665	0.520429	-8068.91
666	0.520429	-8052.71
667	0.520429	-8049.84
668	0.520429	-8050.2
669	0.520429	-8044.59
670	0.520429	-8051.62
671	0.520429	-8044.89
672	0.520429	-8049.86
673	0.520429	-8045.53
674	0.520429	-8049.99
675	0.520429	-8045.26
676	0.520429	-8048.44
677	0.520429	-8057.44
678	0.520429	-8051.71
679	0.520429	-8063.22
680	0.520429	-8052.85
681	0.520429	-8049.6
682	0.520429	-8051.64
683	0.520429	-8044.4
684	0.520429	-8051.7
685	0.520429	-8050.86
686	0.520429	-8047.82
687	0.520429	-8055.42
688	0.520429	-8056.88
689	0.520429	-8055.56
690	0.520429	-8048.85
691	0.520429	-8054.28
692	0.520429	-8052.82
693	0.520429	-8050.05
694	0.520429	-8052.91
695	0.520429	-8040.9
696	0.520429	-8047.62
697	0.520429	-8047.44
698	0.520429	-8049.46
699	0.520429	-8053.94
700	0.520429	-8055.01
701	0.520429	-8051.19
702	0.520429	-8055.29
703	0.520429	-8057.54
704	0.520429	-8055.6
705	0.520429	-8056.13
706	0.520429	-8060.59
707	0.520429	-8053.64
708	0.520429	-8053.93
709	0.520429	-8068.5
710	0.520429	-8069.65
711	0.520429	-8071.75
712	0.520429	-8058.18
713	0.520429	-8050.23
714	0.520429	-8054.86
715	0.520429	-8059.69
716	0.520429	-8066.41
717	0.520429	-8077.01
718	0.520429	-8065.96
719	0.520429	-8059.99
720	0.520429	-8061.42
721	0.520429	-8058.1
722	0.520429	-8057.21
723	0.520429	-8063.64
724	0.520429	-8063.29
725	0.520429	-8061.34
726	0.520429	-8060.65
727	0.520429	-8060.64
728	0.520429	-8063.3
729	0.520429	-8065.45
730	0.520429	-8071.59
731	0.520429	-8055
732	0.520429	-8059.27
733	0.520429	-8046.33
734	0.520429	-8055.04
735	0.520429	-8053.39
736	0.520429	-8046.88
737	0.520429	-8052.7
738	0.520429	-8054.17
739	0.520429	-8056.66
740	0.520429	-8055.79
741	0.520429	-8054.34
742	0.520429	-8060.88
743	0.520429	-8051.96
744	0.520429	-8056.5
745	0.520429	-8051.56
746	0.520429	-8048.37
747	0.520429	-8047.96
748	0.520429	-8046.52
749	0.520429	-8050.64
750	0.520429	-8061.47
751	0.520429	-8055.65
752	0.520429	-8052.08
753	0.520429	-8052.24
754	0.520429	-8057.83
755	0.520429	-8055.44
756	0.520429	-8047.95
757	0.520429	-8056.21
758	0.520429	-8052.17
759	0.520429	-8065.51
760	0.520429	-8052.13
761	0.520429	-8054.36
762	0.520429	-8044.56
763	0.520429	-8050.22
764	0.520429	-8061.36
765	0.520429	-8058.79
766	0.520429	-8064.9
767	0.520429	-8068.34
768	0.520429	-8057
769	0.520429	-8051.86
770	0.520429	-8049.75
771	0.520429	-8056.47
772	0.520429	-8056.12
773	0.520429	-8055.13
774	0.520429	-8045.82
775	0.520429	-8044.46
776	0.520429	-8046.07
777	0.520429	-8048.36
778	0.520429	-8048.68
779	0.520429	-8052.27
780	0.520429	-8048.66
781	0.520429	-8053.04
782	0.520429	-8047.43
783	0.520429	-8062.73
784	0.520429	-8057.75
785	0.520429	-8064.32
786	0.520429	-8064.39
787	0.520429	-8060.54
788	0.520429	-8068.1
789	0.520429	-8060.73
790	0.520429	-8056.03
791	0.520429	-8064.66
792	0.520429	-8065.31
793	0.520429	-8081.24
794	0.520429	-8060.26
795	0.520429	-8068.83
796	0.520429	-8059.24
797	0.520429	-8057.4
798	0.520429	-8066.91
799	0.520429	-8055.17
800	0.520429	-8058.62
801	0.520429	-8073.43
802	0.520429	-8080.22
803	0.520429	-8067.95
804	0.520429	-8068.64
805	0.520429	-8058.33
806	0.520429	-8061.61
807	0.520429	-8061.13
808	0.520429	-8058.19
809	0.520429	-8053.67
810	0.520429	-8059.27
811	0.520429	-8058.91
812	0.520429	-8060.14
813	0.520429	-8054.53
814	0.520429	-8045.47
815	0.520429	-8049.19
816	0.520429	-8049.25
817	0.520429	-8050.23
818	0.520429	-8047.44
819	0.520429	-8049.07
820	0.520429	-8043.96
821	0.520429	-8047.31
822	0.520429	-8043.57
823	0.520429	-8047.49
824	0.520429	-8075.03
825	0.520429	-8077.46
826	0.520429	-8063.26
827	0.520429	-8082.5
828	0.520429	-8069.81
829	0.520429	-8070.56
830	0.520429	-8057.9
831	0.520429	-8055.66
832	0.520429	-8057.66
833	0.520429	-8056.29
834	0.520429	-8056.41
835	0.520429	-8067.44
836	0.520429	-8075.53
837	0.520429	-8080.34
838	0.520429	-8060.41
839	0.520429	-8060.54
840	0.520429	-8048.74
841	0.520429	-8056.76
842	0.520429	-8056.39
843	0.520429	-8051.15
844	0.520429	-8055.56
845	0.520429	-8055.92
846	0.520429	-8048.22
847	0.520429	-8051.59
848	0.520429	-8042.1
849	0.520429	-8052.21
850	0.520429	-8057.93
851	0.520429	-8059.36
852	0.520429	-8062.91
853	0.520429	-8071.11
854	0.520429	-8065.41
855	0.520429	-8065.15
856	0.520429	-8073.66
857	0.520429	-8080.92
858	0.520429	-8066.44
859	0.520429	-8050.19
860	0.520429	-8062.13
861	0.520429	-8071.74
862	0.520429	-8061.17
863	0.520429	-8052.6
864	0.520429	-8061.81
865	0.520429	-8055.46
866	0.520429	-8064.2
867	0.520429	-8048.14
868	0.520429	-8039.67
869	0.520429	-8035.77
870	0.520429	-8039.7
871	0.520429	-8040.25
872	0.520429	-8052.25
873	0.520429	-8061.24
874	0.520429	-8059.43
875	0.520429	-8065.99
876	0.520429	-8058.68
877	0.520429	-8063.08
878	0.520429	-8054.28
879	0.520429	-8049.66
880	0.520429	-8046.28
881	0.520429	-8055.39
882	0.520429	-8040.94
883	0.520429	-8045.52
884	0.520429	-8054.79
885	0.520429	-8058.08
886	0.520429	-8072.44
887	0.520429	-8049.01
888	0.520429	-8053.02
889	0.520429	-8050.99
890	0.520429	-8047.88
891	0.520429	-8047.91
892	0.520429	-8054.02
893	0.520429	-8051.88
894	0.520429	-8057.18
895	0.520429	-8053.64
896	0.520429	-8049.45
897	0.520429	-8050.55
898	0.520429	-8049.29
899	0.520429	-8050.77
900	0.520429	-8053.55
901	0.520429	-8053.98
902	0.520429	-8052.44
903	0.520429	-8065.19
904	0.520429	-8057.04
905	0.520429	-8052.5
906	0.520429	-8053.89
907	0.520429	-8057.87
908	0.520429	-8062.01
909	0.520429	-8053.05
910	0.520429	-8056.59
911	0.520429	-8061.89
912	0.520429	-8064.07
913	0.520429	-8067.81
914	0.520429	-8052.66
915	0.520429	-8052.78
916	0.520429	-8058.83
917	0.520429	-8060.65
918	0.520429	-8065.34
919	0.520429	-8057.79
920	0.520429	-8054.03
921	0.520429	-8053.69
922	0.520429	-8052.82
923	0.520429	-8050.73
924	0.520429	-8053.47
925	0.520429	-8054.78
926	0.520429	-8061.16
927	0.520429	-8071.51
928	0.520429	-8057.71
929	0.520429	-8055.72
930	0.520429	-8061.6
931	0.520429	-8075.89
932	0.520429	-8074.23
933	0.520429	-8054.81
934	0.520429	-8050.82
935	0.520429	-8046.69
936	0.520429	-8043.63
937	0.520429	-8043.44
938	0.520429	-8039.41
939	0.520429	-8042.11
940	0.520429	-8049.33
941	0.520429	-8049.12
942	0.520429	-8044.82
943	0.520429	-8044.72
944	0.520429	-8062.12
945	0.520429	-8060.07
946	0.520429	-8055.38
947	0.520429	-8060
948	0.520429	-8064.36
949	0.520429	-8071.76
950	0.520429	-8059.77
951	0.520429	-8062.61
952	0.520429	-8058.16
953	0.520429	-8054.02
954	0.520429	-8054.56
955	0.520429	-8052.62
956	0.520429	-8057.33
957	0.520429	-8046.69
958	0.520429	-8055.06
959	0.520429	-8042.8
960	0.520429	-8045.78
961	0.520429	-8050.06
962	0.520429	-8049.36
963	0.520429	-8048.84
964	0.520429	-8051.43
965	0.520429	-8062.89
966	0.520429	-8063.29
967	0.520429	-8061.4
968	0.520429	-8056.96
969	0.520429	-8062.77
970	0.520429	-8062.11
971	0.520429	-8061.62
972	0.520429	-8054.85
973	0.520429	-8057.03
974	0.520429	-8050.73
975	0.520429	-8053.79
976	0.520429	-8062.93
977	0.520429	-8058.57
978	0.520429	-8063.01
979	0.520429	-8070.38
980	0.520429	-8069.3
981	0.520429	-8072.65
982	0.520429	-8056.32
983	0.520429	-8059.96
984	0.520429	-8063.13
985	0.520429	-8042.65
986	0.520429	-8047.53
987	0.520429	-8050.27
988	0.520429	-8043.95
989	0.520429	-8046.31
990	0.520429	-8053.22
991	0.520429	-8070.05
992	0.520429	-8051.07
993	0.520429	-8060.76
994	0.520429	-8051.95
995	0.520429	-8048.1
996	0.520429	-8055.9
997	0.520429	-8062.99
998	0.520429	-8048.38
999	0.520429	-8053.37
1000	0.520429	-8058.53
