state	power	likelihood
251	0.0281887	-8649.44
252	0.0281887	-8530.75
253	0.0281887	-8342.01
254	0.0281887	-8518.49
255	0.0281887	-8472.63
256	0.0281887	-8314.82
257	0.0281887	-8294.8
258	0.0281887	-8526.5
259	0.0281887	-8440.2
260	0.0281887	-8503.61
261	0.0281887	-8580.1
262	0.0281887	-8399.58
263	0.0281887	-8445.1
264	0.0281887	-8653.62
265	0.0281887	-8576.82
266	0.0281887	-8491.11
267	0.0281887	-8440.9
268	0.0281887	-8538.27
269	0.0281887	-8708.53
270	0.0281887	-8550.03
271	0.0281887	-8618.15
272	0.0281887	-8654.67
273	0.0281887	-8691.84
274	0.0281887	-8682.09
275	0.0281887	-8548.66
276	0.0281887	-8629.98
277	0.0281887	-8519.46
278	0.0281887	-8544.23
279	0.0281887	-8431.24
280	0.0281887	-8469.8
281	0.0281887	-8442.32
282	0.0281887	-8461.4
283	0.0281887	-8773.98
284	0.0281887	-8429.86
285	0.0281887	-8567.62
286	0.0281887	-8507.51
287	0.0281887	-8572.77
288	0.0281887	-8627.38
289	0.0281887	-8641.24
290	0.0281887	-8512.52
291	0.0281887	-8470.6
292	0.0281887	-8507.83
293	0.0281887	-8651.98
294	0.0281887	-8696.78
295	0.0281887	-8724.54
296	0.0281887	-8552.98
297	0.0281887	-8468.17
298	0.0281887	-8733.58
299	0.0281887	-8589.91
300	0.0281887	-8467.79
301	0.0281887	-8575.5
302	0.0281887	-8515.98
303	0.0281887	-8403.7
304	0.0281887	-8487.28
305	0.0281887	-8429.04
306	0.0281887	-8617.91
307	0.0281887	-8462.63
308	0.0281887	-8559.4
309	0.0281887	-8496.37
310	0.0281887	-8525.21
311	0.0281887	-8509.99
312	0.0281887	-8521.26
313	0.0281887	-8402.4
314	0.0281887	-8597.88
315	0.0281887	-8437.87
316	0.0281887	-8432.69
317	0.0281887	-8325.12
318	0.0281887	-8504.35
319	0.0281887	-8597.79
320	0.0281887	-8481.61
321	0.0281887	-8575.25
322	0.0281887	-8357.36
323	0.0281887	-8352.71
324	0.0281887	-8540.38
325	0.0281887	-8605.03
326	0.0281887	-8499.31
327	0.0281887	-8651.84
328	0.0281887	-8572.58
329	0.0281887	-8589.51
330	0.0281887	-8506.18
331	0.0281887	-8562.96
332	0.0281887	-8501.75
333	0.0281887	-8429
334	0.0281887	-8390.42
335	0.0281887	-8516.93
336	0.0281887	-8341.7
337	0.0281887	-8447.55
338	0.0281887	-8466.13
339	0.0281887	-8459.12
340	0.0281887	-8592.63
341	0.0281887	-8372.11
342	0.0281887	-8491.62
343	0.0281887	-8529.27
344	0.0281887	-8655.51
345	0.0281887	-8433.65
346	0.0281887	-8454.95
347	0.0281887	-8584.3
348	0.0281887	-8758.05
349	0.0281887	-8714.93
350	0.0281887	-8694.43
351	0.0281887	-8622.84
352	0.0281887	-8544.6
353	0.0281887	-8432.22
354	0.0281887	-8336.54
355	0.0281887	-8399.36
356	0.0281887	-8441.09
357	0.0281887	-8349.57
358	0.0281887	-8548.05
359	0.0281887	-8558.36
360	0.0281887	-8635.72
361	0.0281887	-8651.96
362	0.0281887	-8433.57
363	0.0281887	-8531.56
364	0.0281887	-8567.88
365	0.0281887	-8521.33
366	0.0281887	-8491.17
367	0.0281887	-8440
368	0.0281887	-8512.77
369	0.0281887	-8388.66
370	0.0281887	-8385.32
371	0.0281887	-8382.18
372	0.0281887	-8307.81
373	0.0281887	-8405.37
374	0.0281887	-8563.77
375	0.0281887	-8363.43
376	0.0281887	-8390.97
377	0.0281887	-8488.15
378	0.0281887	-8432.06
379	0.0281887	-8512.16
380	0.0281887	-8490.85
381	0.0281887	-8371.54
382	0.0281887	-8619.52
383	0.0281887	-8781.2
384	0.0281887	-8712.8
385	0.0281887	-8637.09
386	0.0281887	-8898.7
387	0.0281887	-8610.43
388	0.0281887	-8423.3
389	0.0281887	-8420.1
390	0.0281887	-8438.47
391	0.0281887	-8530.16
392	0.0281887	-8475.96
393	0.0281887	-8547.91
394	0.0281887	-8412.21
395	0.0281887	-8527.57
396	0.0281887	-8445.11
397	0.0281887	-8542.32
398	0.0281887	-8415.68
399	0.0281887	-8545.51
400	0.0281887	-8554.03
401	0.0281887	-8751.23
402	0.0281887	-8661.59
403	0.0281887	-8632.83
404	0.0281887	-8574.99
405	0.0281887	-8592.96
406	0.0281887	-8649.03
407	0.0281887	-8694.17
408	0.0281887	-8654.82
409	0.0281887	-8566.92
410	0.0281887	-8523.04
411	0.0281887	-8383.11
412	0.0281887	-8550.85
413	0.0281887	-8614.76
414	0.0281887	-8500.71
415	0.0281887	-8531.53
416	0.0281887	-8288.37
417	0.0281887	-8580.5
418	0.0281887	-8490.16
419	0.0281887	-8422.82
420	0.0281887	-8403.67
421	0.0281887	-8843.14
422	0.0281887	-8549.97
423	0.0281887	-8807.87
424	0.0281887	-8564.52
425	0.0281887	-8453.74
426	0.0281887	-8645.35
427	0.0281887	-8452.69
428	0.0281887	-8663.97
429	0.0281887	-8795.28
430	0.0281887	-8929.36
431	0.0281887	-8598.86
432	0.0281887	-8624.05
433	0.0281887	-8593.8
434	0.0281887	-8404.97
435	0.0281887	-8567.76
436	0.0281887	-8543.48
437	0.0281887	-8597.16
438	0.0281887	-8799.63
439	0.0281887	-8713.96
440	0.0281887	-8448.02
441	0.0281887	-8402.9
442	0.0281887	-8542.9
443	0.0281887	-8588.44
444	0.0281887	-8537.31
445	0.0281887	-8567.65
446	0.0281887	-8548.97
447	0.0281887	-8715.15
448	0.0281887	-8692.73
449	0.0281887	-8574.35
450	0.0281887	-8536.78
451	0.0281887	-8731.3
452	0.0281887	-8476.64
453	0.0281887	-8690.74
454	0.0281887	-8497.64
455	0.0281887	-8586.39
456	0.0281887	-8458.91
457	0.0281887	-8423.93
458	0.0281887	-8692.03
459	0.0281887	-8550.32
460	0.0281887	-8827.23
461	0.0281887	-8931
462	0.0281887	-8736.81
463	0.0281887	-8488.45
464	0.0281887	-8681.13
465	0.0281887	-8637.34
466	0.0281887	-8593.87
467	0.0281887	-8515.66
468	0.0281887	-8476.66
469	0.0281887	-8577.11
470	0.0281887	-8544.64
471	0.0281887	-8523.15
472	0.0281887	-8639.67
473	0.0281887	-8517.43
474	0.0281887	-8522.27
475	0.0281887	-8454.28
476	0.0281887	-8554.81
477	0.0281887	-8472.76
478	0.0281887	-8522
479	0.0281887	-8482.36
480	0.0281887	-8426.18
481	0.0281887	-8376.16
482	0.0281887	-8688.41
483	0.0281887	-8687.88
484	0.0281887	-8621.48
485	0.0281887	-8659.14
486	0.0281887	-8547.02
487	0.0281887	-8696.99
488	0.0281887	-8742.36
489	0.0281887	-8449.5
490	0.0281887	-8467.04
491	0.0281887	-8527.27
492	0.0281887	-8491.84
493	0.0281887	-8515.05
494	0.0281887	-8513.69
495	0.0281887	-8871.91
496	0.0281887	-8700.71
497	0.0281887	-8758.01
498	0.0281887	-8494.75
499	0.0281887	-8472.91
500	0.0281887	-8728.93
501	0.0281887	-8592.08
502	0.0281887	-8697.27
503	0.0281887	-8498.31
504	0.0281887	-8526
505	0.0281887	-8679.01
506	0.0281887	-8673.84
507	0.0281887	-8540.93
508	0.0281887	-8606.8
509	0.0281887	-8594.29
510	0.0281887	-8684.65
511	0.0281887	-8651.35
512	0.0281887	-8765.07
513	0.0281887	-8657.11
514	0.0281887	-8833.25
515	0.0281887	-8437.44
516	0.0281887	-8399.95
517	0.0281887	-8430.08
518	0.0281887	-8486.05
519	0.0281887	-8670.06
520	0.0281887	-8703.37
521	0.0281887	-8530.64
522	0.0281887	-8716.4
523	0.0281887	-8646.19
524	0.0281887	-8577.9
525	0.0281887	-8799.45
526	0.0281887	-8546.66
527	0.0281887	-8423.35
528	0.0281887	-8402.3
529	0.0281887	-8421.53
530	0.0281887	-8595.48
531	0.0281887	-8406.66
532	0.0281887	-8380.75
533	0.0281887	-8386.97
534	0.0281887	-8592.48
535	0.0281887	-8503.18
536	0.0281887	-8597.08
537	0.0281887	-8592.33
538	0.0281887	-8468.42
539	0.0281887	-8491.96
540	0.0281887	-8559.67
541	0.0281887	-8552.6
542	0.0281887	-8560.65
543	0.0281887	-8532.62
544	0.0281887	-8532.14
545	0.0281887	-8429.13
546	0.0281887	-8492.23
547	0.0281887	-8619.84
548	0.0281887	-8687.07
549	0.0281887	-8692.44
550	0.0281887	-8586.93
551	0.0281887	-8697.7
552	0.0281887	-8636.11
553	0.0281887	-8651.42
554	0.0281887	-8620.41
555	0.0281887	-8544.84
556	0.0281887	-8512.88
557	0.0281887	-8560.9
558	0.0281887	-8579.84
559	0.0281887	-8527.78
560	0.0281887	-8374.51
561	0.0281887	-8558.81
562	0.0281887	-8410.71
563	0.0281887	-8380.22
564	0.0281887	-8365.64
565	0.0281887	-8542.27
566	0.0281887	-8425.09
567	0.0281887	-8544.8
568	0.0281887	-8479.48
569	0.0281887	-8451.82
570	0.0281887	-8440.69
571	0.0281887	-8362.42
572	0.0281887	-8410.35
573	0.0281887	-8572.74
574	0.0281887	-8407.84
575	0.0281887	-8293.83
576	0.0281887	-8561.08
577	0.0281887	-8629.96
578	0.0281887	-8488.3
579	0.0281887	-8585.05
580	0.0281887	-8446.67
581	0.0281887	-8687.34
582	0.0281887	-8746.78
583	0.0281887	-8611.31
584	0.0281887	-8704.44
585	0.0281887	-8652.75
586	0.0281887	-8701.51
587	0.0281887	-8531.79
588	0.0281887	-8745.08
589	0.0281887	-8548.95
590	0.0281887	-8504.26
591	0.0281887	-8526.81
592	0.0281887	-8529.87
593	0.0281887	-8528.56
594	0.0281887	-8828.27
595	0.0281887	-8800.12
596	0.0281887	-8632.17
597	0.0281887	-8499.73
598	0.0281887	-8604.63
599	0.0281887	-8509.37
600	0.0281887	-8714.87
601	0.0281887	-8716.12
602	0.0281887	-8439.79
603	0.0281887	-8664.81
604	0.0281887	-8472.17
605	0.0281887	-8464.12
606	0.0281887	-8490.25
607	0.0281887	-8675.65
608	0.0281887	-8636.63
609	0.0281887	-8718.33
610	0.0281887	-8438.9
611	0.0281887	-8463.28
612	0.0281887	-8494.36
613	0.0281887	-8406.28
614	0.0281887	-8520.93
615	0.0281887	-8541.71
616	0.0281887	-8437.71
617	0.0281887	-8324.31
618	0.0281887	-8352.19
619	0.0281887	-8435.54
620	0.0281887	-8500.47
621	0.0281887	-8453.27
622	0.0281887	-8533.54
623	0.0281887	-8566.52
624	0.0281887	-8415.75
625	0.0281887	-8501.38
626	0.0281887	-8607.78
627	0.0281887	-8507.65
628	0.0281887	-8366.91
629	0.0281887	-8470.31
630	0.0281887	-8534.88
631	0.0281887	-8561.58
632	0.0281887	-8651.61
633	0.0281887	-8674.39
634	0.0281887	-8614.32
635	0.0281887	-8501.27
636	0.0281887	-8564.36
637	0.0281887	-8647.06
638	0.0281887	-8665.55
639	0.0281887	-8698.93
640	0.0281887	-8627.85
641	0.0281887	-8659.7
642	0.0281887	-8468.82
643	0.0281887	-8429.78
644	0.0281887	-8333.93
645	0.0281887	-8630.07
646	0.0281887	-8490.9
647	0.0281887	-8804.16
648	0.0281887	-8558.98
649	0.0281887	-8534.37
650	0.0281887	-8516.39
651	0.0281887	-8565.3
652	0.0281887	-8389.68
653	0.0281887	-8544.63
654	0.0281887	-8486.87
655	0.0281887	-8386.61
656	0.0281887	-8439.84
657	0.0281887	-8440.34
658	0.0281887	-8513.79
659	0.0281887	-8514.08
660	0.0281887	-8616.2
661	0.0281887	-8458.01
662	0.0281887	-8571.07
663	0.0281887	-8608.25
664	0.0281887	-8713.81
665	0.0281887	-8550.04
666	0.0281887	-8627.05
667	0.0281887	-8679.2
668	0.0281887	-8529.44
669	0.0281887	-8707.01
670	0.0281887	-8359.65
671	0.0281887	-8437.16
672	0.0281887	-8598.93
673	0.0281887	-8382.2
674	0.0281887	-8513.34
675	0.0281887	-8417.39
676	0.0281887	-8489.09
677	0.0281887	-8622.69
678	0.0281887	-8397.03
679	0.0281887	-8284.74
680	0.0281887	-8438.03
681	0.0281887	-8595.48
682	0.0281887	-8437.18
683	0.0281887	-8630.28
684	0.0281887	-8727.38
685	0.0281887	-8508.54
686	0.0281887	-8607.96
687	0.0281887	-8445.58
688	0.0281887	-8562.87
689	0.0281887	-8342.55
690	0.0281887	-8541.22
691	0.0281887	-8618.79
692	0.0281887	-8602.94
693	0.0281887	-8641.67
694	0.0281887	-8596.41
695	0.0281887	-8664.23
696	0.0281887	-8551.91
697	0.0281887	-8746.14
698	0.0281887	-8584.65
699	0.0281887	-8636.18
700	0.0281887	-8556.23
701	0.0281887	-8501.96
702	0.0281887	-8594.77
703	0.0281887	-8338
704	0.0281887	-8415.17
705	0.0281887	-8506.82
706	0.0281887	-8432.81
707	0.0281887	-8672.24
708	0.0281887	-8707.65
709	0.0281887	-8670.17
710	0.0281887	-8633.11
711	0.0281887	-8580.97
712	0.0281887	-8526.78
713	0.0281887	-8623.96
714	0.0281887	-8609.25
715	0.0281887	-8380.31
716	0.0281887	-8568.39
717	0.0281887	-8703.89
718	0.0281887	-8383.51
719	0.0281887	-8429.76
720	0.0281887	-8351.17
721	0.0281887	-8602.34
722	0.0281887	-8609.65
723	0.0281887	-8756.75
724	0.0281887	-8525.23
725	0.0281887	-8535.11
726	0.0281887	-8573.72
727	0.0281887	-8519.87
728	0.0281887	-8531.12
729	0.0281887	-8647.57
730	0.0281887	-8518.99
731	0.0281887	-8560.61
732	0.0281887	-8465.41
733	0.0281887	-8457.79
734	0.0281887	-8529.72
735	0.0281887	-8530.09
736	0.0281887	-8555.42
737	0.0281887	-8566.99
738	0.0281887	-8471.21
739	0.0281887	-8563.27
740	0.0281887	-8425.27
741	0.0281887	-8574.1
742	0.0281887	-8463.69
743	0.0281887	-8403.17
744	0.0281887	-8495.48
745	0.0281887	-8531.82
746	0.0281887	-8373.34
747	0.0281887	-8587.75
748	0.0281887	-8686.92
749	0.0281887	-8706.99
750	0.0281887	-8771.51
751	0.0281887	-8714.33
752	0.0281887	-8752.92
753	0.0281887	-8749.05
754	0.0281887	-8553.83
755	0.0281887	-8606.71
756	0.0281887	-8419.26
757	0.0281887	-8539.92
758	0.0281887	-8642.42
759	0.0281887	-8439.12
760	0.0281887	-8521.53
761	0.0281887	-8724.62
762	0.0281887	-8655.58
763	0.0281887	-8542.03
764	0.0281887	-8667.99
765	0.0281887	-8550.32
766	0.0281887	-8574.31
767	0.0281887	-8581.83
768	0.0281887	-8535.81
769	0.0281887	-8675.88
770	0.0281887	-8563.07
771	0.0281887	-8496
772	0.0281887	-8608.52
773	0.0281887	-8629.99
774	0.0281887	-8679.36
775	0.0281887	-8599.08
776	0.0281887	-8672.03
777	0.0281887	-8494.44
778	0.0281887	-8432.04
779	0.0281887	-8510.42
780	0.0281887	-8484.33
781	0.0281887	-8537.35
782	0.0281887	-8476.49
783	0.0281887	-8426.39
784	0.0281887	-8506.08
785	0.0281887	-8624.84
786	0.0281887	-8556.63
787	0.0281887	-8508.41
788	0.0281887	-8603.72
789	0.0281887	-8909.67
790	0.0281887	-8555.43
791	0.0281887	-8573.52
792	0.0281887	-8443.28
793	0.0281887	-8422.9
794	0.0281887	-8469.84
795	0.0281887	-8547.77
796	0.0281887	-8814.3
797	0.0281887	-8544.7
798	0.0281887	-8567.96
799	0.0281887	-8393.27
800	0.0281887	-8487.97
801	0.0281887	-8507.46
802	0.0281887	-8595.86
803	0.0281887	-8774.12
804	0.0281887	-8726.79
805	0.0281887	-8618.35
806	0.0281887	-8426.23
807	0.0281887	-8539.51
808	0.0281887	-8517.38
809	0.0281887	-8515.78
810	0.0281887	-8405.98
811	0.0281887	-8608.4
812	0.0281887	-8452.2
813	0.0281887	-8478.39
814	0.0281887	-8636.59
815	0.0281887	-8533.74
816	0.0281887	-8444.29
817	0.0281887	-8346.57
818	0.0281887	-8729.83
819	0.0281887	-8536.55
820	0.0281887	-8657.15
821	0.0281887	-8545.16
822	0.0281887	-8614.15
823	0.0281887	-8486.88
824	0.0281887	-8550.2
825	0.0281887	-8408.2
826	0.0281887	-8552.41
827	0.0281887	-8509.42
828	0.0281887	-8490.85
829	0.0281887	-8570.96
830	0.0281887	-8465.62
831	0.0281887	-8458.61
832	0.0281887	-8554.26
833	0.0281887	-8481.72
834	0.0281887	-8582.04
835	0.0281887	-8430.53
836	0.0281887	-8474.36
837	0.0281887	-8389.15
838	0.0281887	-8308.82
839	0.0281887	-8423.13
840	0.0281887	-8519.07
841	0.0281887	-8530.29
842	0.0281887	-8435.46
843	0.0281887	-8389.59
844	0.0281887	-8415.53
845	0.0281887	-8458.35
846	0.0281887	-8411.85
847	0.0281887	-8423.74
848	0.0281887	-8524.2
849	0.0281887	-8550.45
850	0.0281887	-8514.75
851	0.0281887	-8543.8
852	0.0281887	-8380.01
853	0.0281887	-8660.62
854	0.0281887	-8522.04
855	0.0281887	-8672.96
856	0.0281887	-8645.61
857	0.0281887	-8582.57
858	0.0281887	-8614.94
859	0.0281887	-8718.95
860	0.0281887	-8587.56
861	0.0281887	-8748.51
862	0.0281887	-8593.13
863	0.0281887	-8431.28
864	0.0281887	-8554.16
865	0.0281887	-8543.36
866	0.0281887	-8482.72
867	0.0281887	-8397.76
868	0.0281887	-8414.49
869	0.0281887	-8353.39
870	0.0281887	-8340.19
871	0.0281887	-8437.47
872	0.0281887	-8804.07
873	0.0281887	-8684.59
874	0.0281887	-8559.31
875	0.0281887	-8626.76
876	0.0281887	-8513.62
877	0.0281887	-8602.58
878	0.0281887	-8344.98
879	0.0281887	-8576.88
880	0.0281887	-8584.63
881	0.0281887	-8479.15
882	0.0281887	-8530.92
883	0.0281887	-8617.94
884	0.0281887	-8579.63
885	0.0281887	-8472.86
886	0.0281887	-8384.26
887	0.0281887	-8395.9
888	0.0281887	-8478.22
889	0.0281887	-8486.15
890	0.0281887	-8391.51
891	0.0281887	-8553.59
892	0.0281887	-8590.66
893	0.0281887	-8560.67
894	0.0281887	-8420.11
895	0.0281887	-8428.42
896	0.0281887	-8497.96
897	0.0281887	-8440.58
898	0.0281887	-8559.68
899	0.0281887	-8603.72
900	0.0281887	-8493.01
901	0.0281887	-8664.65
902	0.0281887	-8822.73
903	0.0281887	-8536.29
904	0.0281887	-8625.35
905	0.0281887	-8441.03
906	0.0281887	-8416.81
907	0.0281887	-8586.19
908	0.0281887	-8908.96
909	0.0281887	-8541.42
910	0.0281887	-8622.04
911	0.0281887	-8628.34
912	0.0281887	-8505.98
913	0.0281887	-8579.16
914	0.0281887	-8480.04
915	0.0281887	-8565.17
916	0.0281887	-8515.44
917	0.0281887	-8642.88
918	0.0281887	-8638.99
919	0.0281887	-8764.04
920	0.0281887	-8559.9
921	0.0281887	-8553.24
922	0.0281887	-8550.97
923	0.0281887	-8730.64
924	0.0281887	-8885.76
925	0.0281887	-8850.58
926	0.0281887	-8607.79
927	0.0281887	-8441.7
928	0.0281887	-8513.01
929	0.0281887	-8329.95
930	0.0281887	-8353.98
931	0.0281887	-8422.3
932	0.0281887	-8494.94
933	0.0281887	-8502.51
934	0.0281887	-8428.71
935	0.0281887	-8369.6
936	0.0281887	-8367.55
937	0.0281887	-8760.65
938	0.0281887	-8651.72
939	0.0281887	-8449.73
940	0.0281887	-8489.97
941	0.0281887	-8811.72
942	0.0281887	-8437.8
943	0.0281887	-8452.14
944	0.0281887	-8622.46
945	0.0281887	-8668.92
946	0.0281887	-8688.77
947	0.0281887	-8568.12
948	0.0281887	-8662.65
949	0.0281887	-8510.55
950	0.0281887	-8544.96
951	0.0281887	-8529.05
952	0.0281887	-8407.9
953	0.0281887	-8370.39
954	0.0281887	-8344.69
955	0.0281887	-8424.77
956	0.0281887	-8453.83
957	0.0281887	-8618.78
958	0.0281887	-8642.67
959	0.0281887	-8389.14
960	0.0281887	-8354.99
961	0.0281887	-8361.68
962	0.0281887	-8440.98
963	0.0281887	-8616.93
964	0.0281887	-8515.44
965	0.0281887	-8542.91
966	0.0281887	-8442.59
967	0.0281887	-8560.14
968	0.0281887	-8446.33
969	0.0281887	-8462.56
970	0.0281887	-8534.27
971	0.0281887	-8610.64
972	0.0281887	-8862.26
973	0.0281887	-8736.7
974	0.0281887	-8812.86
975	0.0281887	-8623.01
976	0.0281887	-8585.37
977	0.0281887	-8766.58
978	0.0281887	-8815.6
979	0.0281887	-8483.18
980	0.0281887	-8355.78
981	0.0281887	-8608.08
982	0.0281887	-8548.16
983	0.0281887	-8470.59
984	0.0281887	-8471.45
985	0.0281887	-8505.6
986	0.0281887	-8424.24
987	0.0281887	-8483.67
988	0.0281887	-8464.94
989	0.0281887	-8449.44
990	0.0281887	-8597.54
991	0.0281887	-8723.87
992	0.0281887	-8638.62
993	0.0281887	-8484.55
994	0.0281887	-8613.89
995	0.0281887	-8659.67
996	0.0281887	-8541.32
997	0.0281887	-8577.16
998	0.0281887	-8789.95
999	0.0281887	-8577.05
1000	0.0281887	-8579.07
