state	power	likelihood
251	5.9499e-05	-12549.2
252	5.9499e-05	-12298.8
253	5.9499e-05	-14165.4
254	5.9499e-05	-14308
255	5.9499e-05	-12383.1
256	5.9499e-05	-11866.1
257	5.9499e-05	-13509.1
258	5.9499e-05	-11678.4
259	5.9499e-05	-11685.4
260	5.9499e-05	-12814.7
261	5.9499e-05	-14275.9
262	5.9499e-05	-13821.4
263	5.9499e-05	-14864.4
264	5.9499e-05	-14559.9
265	5.9499e-05	-10887.5
266	5.9499e-05	-12856.7
267	5.9499e-05	-11461.7
268	5.9499e-05	-11744.9
269	5.9499e-05	-11373
270	5.9499e-05	-12695
271	5.9499e-05	-11372
272	5.9499e-05	-13513.4
273	5.9499e-05	-11354.3
274	5.9499e-05	-11562.8
275	5.9499e-05	-12808.6
276	5.9499e-05	-11462.6
277	5.9499e-05	-13473.5
278	5.9499e-05	-10080.3
279	5.9499e-05	-11431.5
280	5.9499e-05	-12370.3
281	5.9499e-05	-11995.9
282	5.9499e-05	-12345.4
283	5.9499e-05	-12386.4
284	5.9499e-05	-11609.1
285	5.9499e-05	-12682.4
286	5.9499e-05	-12259.1
287	5.9499e-05	-11099.1
288	5.9499e-05	-11771
289	5.9499e-05	-11930.2
290	5.9499e-05	-11216.3
291	5.9499e-05	-11906.7
292	5.9499e-05	-13420.1
293	5.9499e-05	-12909.6
294	5.9499e-05	-13503
295	5.9499e-05	-12135.5
296	5.9499e-05	-11747.2
297	5.9499e-05	-11838.3
298	5.9499e-05	-12544
299	5.9499e-05	-11539.7
300	5.9499e-05	-11349.8
301	5.9499e-05	-11210.3
302	5.9499e-05	-11894.8
303	5.9499e-05	-11523.6
304	5.9499e-05	-12673.8
305	5.9499e-05	-12874.3
306	5.9499e-05	-12588.1
307	5.9499e-05	-10997.1
308	5.9499e-05	-12657.1
309	5.9499e-05	-15568.3
310	5.9499e-05	-15687.4
311	5.9499e-05	-13227
312	5.9499e-05	-11766.2
313	5.9499e-05	-14295.3
314	5.9499e-05	-11982.8
315	5.9499e-05	-12730.7
316	5.9499e-05	-14908.3
317	5.9499e-05	-13781
318	5.9499e-05	-12116.3
319	5.9499e-05	-12313.3
320	5.9499e-05	-12593
321	5.9499e-05	-11871.3
322	5.9499e-05	-12561.4
323	5.9499e-05	-12310.1
324	5.9499e-05	-11484.9
325	5.9499e-05	-11777.3
326	5.9499e-05	-13569
327	5.9499e-05	-14321.3
328	5.9499e-05	-16315.4
329	5.9499e-05	-13102.2
330	5.9499e-05	-11844.6
331	5.9499e-05	-11725.6
332	5.9499e-05	-11162.4
333	5.9499e-05	-10998.2
334	5.9499e-05	-10520.1
335	5.9499e-05	-10854.2
336	5.9499e-05	-11049.8
337	5.9499e-05	-10710.6
338	5.9499e-05	-10426.9
339	5.9499e-05	-11580.1
340	5.9499e-05	-13807.8
341	5.9499e-05	-12695.5
342	5.9499e-05	-12236.2
343	5.9499e-05	-12961.5
344	5.9499e-05	-13412.7
345	5.9499e-05	-12923.3
346	5.9499e-05	-11088.8
347	5.9499e-05	-12411.7
348	5.9499e-05	-12197.7
349	5.9499e-05	-11414.1
350	5.9499e-05	-12989.1
351	5.9499e-05	-11519.7
352	5.9499e-05	-13159.4
353	5.9499e-05	-13052.1
354	5.9499e-05	-12893.4
355	5.9499e-05	-13529.4
356	5.9499e-05	-12930.2
357	5.9499e-05	-13106.6
358	5.9499e-05	-11321.5
359	5.9499e-05	-11420.6
360	5.9499e-05	-11876.9
361	5.9499e-05	-11868.3
362	5.9499e-05	-12976.7
363	5.9499e-05	-15031
364	5.9499e-05	-11911.5
365	5.9499e-05	-10980.8
366	5.9499e-05	-11438.3
367	5.9499e-05	-12400.4
368	5.9499e-05	-11685.8
369	5.9499e-05	-9959.89
370	5.9499e-05	-11511.4
371	5.9499e-05	-10532.3
372	5.9499e-05	-10902.9
373	5.9499e-05	-11286
374	5.9499e-05	-11317.3
375	5.9499e-05	-11130.1
376	5.9499e-05	-11340.3
377	5.9499e-05	-12127.9
378	5.9499e-05	-13214.8
379	5.9499e-05	-11428.1
380	5.9499e-05	-11357.6
381	5.9499e-05	-11371.5
382	5.9499e-05	-11573.2
383	5.9499e-05	-11163.7
384	5.9499e-05	-12052.6
385	5.9499e-05	-12826.5
386	5.9499e-05	-14628.7
387	5.9499e-05	-11062.6
388	5.9499e-05	-11542
389	5.9499e-05	-13365
390	5.9499e-05	-13152.2
391	5.9499e-05	-12944.5
392	5.9499e-05	-13110.4
393	5.9499e-05	-13529.3
394	5.9499e-05	-11364.7
395	5.9499e-05	-11212
396	5.9499e-05	-11252.9
397	5.9499e-05	-11821
398	5.9499e-05	-14230.7
399	5.9499e-05	-14148.9
400	5.9499e-05	-14639.9
401	5.9499e-05	-14880.6
402	5.9499e-05	-13353.2
403	5.9499e-05	-15006.9
404	5.9499e-05	-12631.7
405	5.9499e-05	-12400.4
406	5.9499e-05	-12542.1
407	5.9499e-05	-12895.7
408	5.9499e-05	-11899.2
409	5.9499e-05	-12064
410	5.9499e-05	-11019.9
411	5.9499e-05	-12114.6
412	5.9499e-05	-11623.5
413	5.9499e-05	-11740.3
414	5.9499e-05	-11294.1
415	5.9499e-05	-10984.8
416	5.9499e-05	-13541.5
417	5.9499e-05	-13544.5
418	5.9499e-05	-12732.6
419	5.9499e-05	-12402.8
420	5.9499e-05	-13607.4
421	5.9499e-05	-13701.1
422	5.9499e-05	-12712.8
423	5.9499e-05	-12542.3
424	5.9499e-05	-13361
425	5.9499e-05	-11537.7
426	5.9499e-05	-12915.2
427	5.9499e-05	-11822.2
428	5.9499e-05	-13356.3
429	5.9499e-05	-14270.3
430	5.9499e-05	-15233.2
431	5.9499e-05	-12386.6
432	5.9499e-05	-12692.6
433	5.9499e-05	-12216.4
434	5.9499e-05	-13174
435	5.9499e-05	-11199.9
436	5.9499e-05	-14642.4
437	5.9499e-05	-14667.2
438	5.9499e-05	-11373.1
439	5.9499e-05	-15047.9
440	5.9499e-05	-13696.6
441	5.9499e-05	-11830.8
442	5.9499e-05	-12199.8
443	5.9499e-05	-14680.3
444	5.9499e-05	-13419.8
445	5.9499e-05	-13154.3
446	5.9499e-05	-12828.2
447	5.9499e-05	-14195.2
448	5.9499e-05	-11038.8
449	5.9499e-05	-10456.5
450	5.9499e-05	-11472.8
451	5.9499e-05	-11508.6
452	5.9499e-05	-12710.5
453	5.9499e-05	-11860.6
454	5.9499e-05	-12301
455	5.9499e-05	-12416
456	5.9499e-05	-12081.4
457	5.9499e-05	-11303.5
458	5.9499e-05	-10716.9
459	5.9499e-05	-10381.5
460	5.9499e-05	-10031.7
461	5.9499e-05	-9928.24
462	5.9499e-05	-10647
463	5.9499e-05	-12272
464	5.9499e-05	-11004.5
465	5.9499e-05	-11247.3
466	5.9499e-05	-11085.4
467	5.9499e-05	-12370.9
468	5.9499e-05	-11354.7
469	5.9499e-05	-12106
470	5.9499e-05	-13673.7
471	5.9499e-05	-10647
472	5.9499e-05	-11053.5
473	5.9499e-05	-12993
474	5.9499e-05	-13728.6
475	5.9499e-05	-13830.8
476	5.9499e-05	-16924.6
477	5.9499e-05	-12626.5
478	5.9499e-05	-13461.6
479	5.9499e-05	-10693.7
480	5.9499e-05	-13352.3
481	5.9499e-05	-13805.5
482	5.9499e-05	-12454.9
483	5.9499e-05	-13004
484	5.9499e-05	-11353.3
485	5.9499e-05	-14338
486	5.9499e-05	-13372.8
487	5.9499e-05	-12668.8
488	5.9499e-05	-15343.8
489	5.9499e-05	-13178.8
490	5.9499e-05	-14533.6
491	5.9499e-05	-11919
492	5.9499e-05	-14052.5
493	5.9499e-05	-12623.3
494	5.9499e-05	-14135.4
495	5.9499e-05	-12789.7
496	5.9499e-05	-13571.2
497	5.9499e-05	-11260.2
498	5.9499e-05	-11261.6
499	5.9499e-05	-13443.5
500	5.9499e-05	-12706.4
501	5.9499e-05	-13412.5
502	5.9499e-05	-11648.5
503	5.9499e-05	-13746.5
504	5.9499e-05	-15668.2
505	5.9499e-05	-13102.4
506	5.9499e-05	-11161.8
507	5.9499e-05	-10909.7
508	5.9499e-05	-10945.3
509	5.9499e-05	-10529.6
510	5.9499e-05	-10521.2
511	5.9499e-05	-11161.7
512	5.9499e-05	-11350.7
513	5.9499e-05	-10792.2
514	5.9499e-05	-10377.8
515	5.9499e-05	-12273.1
516	5.9499e-05	-12310.6
517	5.9499e-05	-14108
518	5.9499e-05	-12648.6
519	5.9499e-05	-12616.3
520	5.9499e-05	-11287.7
521	5.9499e-05	-11314.1
522	5.9499e-05	-11708.6
523	5.9499e-05	-11404.3
524	5.9499e-05	-10529.7
525	5.9499e-05	-10399.5
526	5.9499e-05	-11872
527	5.9499e-05	-13560.8
528	5.9499e-05	-11092.5
529	5.9499e-05	-12289.6
530	5.9499e-05	-10953.3
531	5.9499e-05	-11880.2
532	5.9499e-05	-12583.1
533	5.9499e-05	-12523.7
534	5.9499e-05	-12262.9
535	5.9499e-05	-12188.4
536	5.9499e-05	-11363.1
537	5.9499e-05	-11211.4
538	5.9499e-05	-10513.5
539	5.9499e-05	-14293.6
540	5.9499e-05	-12534.5
541	5.9499e-05	-11642.1
542	5.9499e-05	-10426
543	5.9499e-05	-10203.6
544	5.9499e-05	-10648.4
545	5.9499e-05	-10517.3
546	5.9499e-05	-10674.5
547	5.9499e-05	-10469.3
548	5.9499e-05	-11575.6
549	5.9499e-05	-10764.9
550	5.9499e-05	-11578.4
551	5.9499e-05	-11663
552	5.9499e-05	-12542.6
553	5.9499e-05	-12338.6
554	5.9499e-05	-11109.3
555	5.9499e-05	-12849
556	5.9499e-05	-12151.7
557	5.9499e-05	-10976
558	5.9499e-05	-11734.7
559	5.9499e-05	-10929.1
560	5.9499e-05	-10603.9
561	5.9499e-05	-10344.3
562	5.9499e-05	-10892.1
563	5.9499e-05	-10930.9
564	5.9499e-05	-11240.7
565	5.9499e-05	-11350.1
566	5.9499e-05	-10470.3
567	5.9499e-05	-11610.1
568	5.9499e-05	-14584.4
569	5.9499e-05	-12550.4
570	5.9499e-05	-16315.9
571	5.9499e-05	-15944.9
572	5.9499e-05	-12628.6
573	5.9499e-05	-12457
574	5.9499e-05	-12504.2
575	5.9499e-05	-12909.6
576	5.9499e-05	-14902.5
577	5.9499e-05	-11031.4
578	5.9499e-05	-10685.1
579	5.9499e-05	-10995.3
580	5.9499e-05	-10802.1
581	5.9499e-05	-10676
582	5.9499e-05	-10921.9
583	5.9499e-05	-10846
584	5.9499e-05	-10450.8
585	5.9499e-05	-12246.2
586	5.9499e-05	-16166.1
587	5.9499e-05	-13645.4
588	5.9499e-05	-11187.9
589	5.9499e-05	-13561.5
590	5.9499e-05	-12683.8
591	5.9499e-05	-12417.4
592	5.9499e-05	-15584.6
593	5.9499e-05	-12067
594	5.9499e-05	-11480.9
595	5.9499e-05	-10215.3
596	5.9499e-05	-11089.9
597	5.9499e-05	-11438.7
598	5.9499e-05	-12247.8
599	5.9499e-05	-10122.4
600	5.9499e-05	-13082.3
601	5.9499e-05	-11364.2
602	5.9499e-05	-11364.1
603	5.9499e-05	-11186
604	5.9499e-05	-10549.7
605	5.9499e-05	-11114.8
606	5.9499e-05	-11338.8
607	5.9499e-05	-10771.4
608	5.9499e-05	-11548.3
609	5.9499e-05	-11834.8
610	5.9499e-05	-10270
611	5.9499e-05	-11416.6
612	5.9499e-05	-13715.6
613	5.9499e-05	-14432.9
614	5.9499e-05	-13752.3
615	5.9499e-05	-12765.4
616	5.9499e-05	-12517.3
617	5.9499e-05	-12044.7
618	5.9499e-05	-11501.4
619	5.9499e-05	-12514.5
620	5.9499e-05	-12095.3
621	5.9499e-05	-12291.3
622	5.9499e-05	-18114.3
623	5.9499e-05	-14116.4
624	5.9499e-05	-12513.1
625	5.9499e-05	-16185
626	5.9499e-05	-11110.7
627	5.9499e-05	-11744.7
628	5.9499e-05	-13749.2
629	5.9499e-05	-12135.4
630	5.9499e-05	-16618.9
631	5.9499e-05	-14930.5
632	5.9499e-05	-17675.3
633	5.9499e-05	-15222.6
634	5.9499e-05	-10889.1
635	5.9499e-05	-11491.7
636	5.9499e-05	-11237.1
637	5.9499e-05	-14416.7
638	5.9499e-05	-13999.1
639	5.9499e-05	-10413.7
640	5.9499e-05	-12503
641	5.9499e-05	-10681
642	5.9499e-05	-10214.2
643	5.9499e-05	-10554.7
644	5.9499e-05	-10459.4
645	5.9499e-05	-12456.1
646	5.9499e-05	-13999.5
647	5.9499e-05	-13513.3
648	5.9499e-05	-13361.9
649	5.9499e-05	-11687.1
650	5.9499e-05	-10295.8
651	5.9499e-05	-10490.7
652	5.9499e-05	-11559.2
653	5.9499e-05	-12259.1
654	5.9499e-05	-11121.1
655	5.9499e-05	-10824.4
656	5.9499e-05	-11749.3
657	5.9499e-05	-14524.3
658	5.9499e-05	-14463.4
659	5.9499e-05	-13046.4
660	5.9499e-05	-12588.4
661	5.9499e-05	-12606.9
662	5.9499e-05	-15215.1
663	5.9499e-05	-14194.3
664	5.9499e-05	-12659
665	5.9499e-05	-12373.1
666	5.9499e-05	-17391.9
667	5.9499e-05	-17805
668	5.9499e-05	-14358.3
669	5.9499e-05	-13176.4
670	5.9499e-05	-13987.8
671	5.9499e-05	-11918.4
672	5.9499e-05	-10783.1
673	5.9499e-05	-11268.8
674	5.9499e-05	-12051.8
675	5.9499e-05	-13378.8
676	5.9499e-05	-13474
677	5.9499e-05	-11696.2
678	5.9499e-05	-11781.4
679	5.9499e-05	-13091.6
680	5.9499e-05	-13599
681	5.9499e-05	-11052.6
682	5.9499e-05	-11303.3
683	5.9499e-05	-13206.5
684	5.9499e-05	-13587.7
685	5.9499e-05	-14410.6
686	5.9499e-05	-19521.4
687	5.9499e-05	-19931.1
688	5.9499e-05	-18631.8
689	5.9499e-05	-18845.8
690	5.9499e-05	-16412.1
691	5.9499e-05	-14360.6
692	5.9499e-05	-14251.2
693	5.9499e-05	-14934.7
694	5.9499e-05	-10616.7
695	5.9499e-05	-12380.3
696	5.9499e-05	-13232.1
697	5.9499e-05	-12109.5
698	5.9499e-05	-11171.6
699	5.9499e-05	-13500.3
700	5.9499e-05	-14253.1
701	5.9499e-05	-13219.3
702	5.9499e-05	-13703.3
703	5.9499e-05	-10945
704	5.9499e-05	-11879.6
705	5.9499e-05	-12916.6
706	5.9499e-05	-13040.8
707	5.9499e-05	-12393.8
708	5.9499e-05	-12053.5
709	5.9499e-05	-12002.2
710	5.9499e-05	-11657.9
711	5.9499e-05	-11546.3
712	5.9499e-05	-12070.9
713	5.9499e-05	-12628.3
714	5.9499e-05	-13137.7
715	5.9499e-05	-13291.5
716	5.9499e-05	-12643.4
717	5.9499e-05	-12475.3
718	5.9499e-05	-11525.4
719	5.9499e-05	-15524.8
720	5.9499e-05	-16181.9
721	5.9499e-05	-14288.9
722	5.9499e-05	-11601.2
723	5.9499e-05	-12669.5
724	5.9499e-05	-11026.9
725	5.9499e-05	-10759.9
726	5.9499e-05	-10897.5
727	5.9499e-05	-12328.8
728	5.9499e-05	-11387.4
729	5.9499e-05	-10604.5
730	5.9499e-05	-10060
731	5.9499e-05	-12795.4
732	5.9499e-05	-15674.7
733	5.9499e-05	-11527.2
734	5.9499e-05	-12456
735	5.9499e-05	-11347.5
736	5.9499e-05	-10837.2
737	5.9499e-05	-11295.2
738	5.9499e-05	-12508.8
739	5.9499e-05	-11924.4
740	5.9499e-05	-11657.3
741	5.9499e-05	-15499
742	5.9499e-05	-14157
743	5.9499e-05	-12386.6
744	5.9499e-05	-12504.8
745	5.9499e-05	-10640.9
746	5.9499e-05	-10938.3
747	5.9499e-05	-12965.7
748	5.9499e-05	-11551.8
749	5.9499e-05	-12296.6
750	5.9499e-05	-13681
751	5.9499e-05	-14205.5
752	5.9499e-05	-11866.5
753	5.9499e-05	-13004.2
754	5.9499e-05	-12808.5
755	5.9499e-05	-12250.3
756	5.9499e-05	-12254.3
757	5.9499e-05	-12120.9
758	5.9499e-05	-16451.4
759	5.9499e-05	-10974.9
760	5.9499e-05	-11014.1
761	5.9499e-05	-11101.3
762	5.9499e-05	-10660.3
763	5.9499e-05	-10606.9
764	5.9499e-05	-11182.2
765	5.9499e-05	-11989.5
766	5.9499e-05	-12278.8
767	5.9499e-05	-12394.7
768	5.9499e-05	-12739.4
769	5.9499e-05	-14632.5
770	5.9499e-05	-11763.2
771	5.9499e-05	-12765.3
772	5.9499e-05	-13106.5
773	5.9499e-05	-11963.5
774	5.9499e-05	-10397.1
775	5.9499e-05	-10865.4
776	5.9499e-05	-12038.8
777	5.9499e-05	-12216
778	5.9499e-05	-12304.8
779	5.9499e-05	-12752.7
780	5.9499e-05	-11968
781	5.9499e-05	-11900.9
782	5.9499e-05	-11057.9
783	5.9499e-05	-11256.2
784	5.9499e-05	-10862.1
785	5.9499e-05	-10543.5
786	5.9499e-05	-11743.6
787	5.9499e-05	-10464.3
788	5.9499e-05	-11160.9
789	5.9499e-05	-11302.8
790	5.9499e-05	-11034.1
791	5.9499e-05	-13471.3
792	5.9499e-05	-11070.2
793	5.9499e-05	-10955.4
794	5.9499e-05	-10552.4
795	5.9499e-05	-12741.7
796	5.9499e-05	-11251.6
797	5.9499e-05	-11081.5
798	5.9499e-05	-15570.1
799	5.9499e-05	-13665.4
800	5.9499e-05	-12116.3
801	5.9499e-05	-11248.4
802	5.9499e-05	-11779.7
803	5.9499e-05	-11841.7
804	5.9499e-05	-11942.4
805	5.9499e-05	-11745.8
806	5.9499e-05	-11826.3
807	5.9499e-05	-12176.5
808	5.9499e-05	-10999.4
809	5.9499e-05	-12608.8
810	5.9499e-05	-12652.9
811	5.9499e-05	-10506.7
812	5.9499e-05	-10917.5
813	5.9499e-05	-12148.1
814	5.9499e-05	-10823.6
815	5.9499e-05	-11604.6
816	5.9499e-05	-10595
817	5.9499e-05	-12456.5
818	5.9499e-05	-11749
819	5.9499e-05	-10448.3
820	5.9499e-05	-14780.3
821	5.9499e-05	-11823.9
822	5.9499e-05	-11903
823	5.9499e-05	-10306.5
824	5.9499e-05	-11234.6
825	5.9499e-05	-14397.9
826	5.9499e-05	-16891.4
827	5.9499e-05	-16343.1
828	5.9499e-05	-14314
829	5.9499e-05	-14883.3
830	5.9499e-05	-16090.9
831	5.9499e-05	-15536.2
832	5.9499e-05	-15326.3
833	5.9499e-05	-14583.7
834	5.9499e-05	-16318.6
835	5.9499e-05	-17161.5
836	5.9499e-05	-17686.3
837	5.9499e-05	-17564.4
838	5.9499e-05	-12502.2
839	5.9499e-05	-12719.3
840	5.9499e-05	-14856.2
841	5.9499e-05	-12826.4
842	5.9499e-05	-12704.3
843	5.9499e-05	-14373.7
844	5.9499e-05	-12914.8
845	5.9499e-05	-12315.5
846	5.9499e-05	-13688.3
847	5.9499e-05	-12958.1
848	5.9499e-05	-11872.6
849	5.9499e-05	-12095
850	5.9499e-05	-10783.5
851	5.9499e-05	-10902
852	5.9499e-05	-13233.4
853	5.9499e-05	-11511.1
854	5.9499e-05	-11700
855	5.9499e-05	-11502.4
856	5.9499e-05	-11762.3
857	5.9499e-05	-12590
858	5.9499e-05	-12154.3
859	5.9499e-05	-10345
860	5.9499e-05	-11479.4
861	5.9499e-05	-11018.5
862	5.9499e-05	-11969.4
863	5.9499e-05	-11181.5
864	5.9499e-05	-10355.4
865	5.9499e-05	-15596.1
866	5.9499e-05	-13998.4
867	5.9499e-05	-14389
868	5.9499e-05	-12066.6
869	5.9499e-05	-13742.9
870	5.9499e-05	-13233.2
871	5.9499e-05	-11568.4
872	5.9499e-05	-11431.4
873	5.9499e-05	-10104.7
874	5.9499e-05	-11733.9
875	5.9499e-05	-11317.2
876	5.9499e-05	-13304.8
877	5.9499e-05	-15553.5
878	5.9499e-05	-14838.8
879	5.9499e-05	-14287.8
880	5.9499e-05	-14511.1
881	5.9499e-05	-10494.9
882	5.9499e-05	-11099.4
883	5.9499e-05	-14336.8
884	5.9499e-05	-13623.1
885	5.9499e-05	-13404.1
886	5.9499e-05	-13200
887	5.9499e-05	-12697.7
888	5.9499e-05	-12747.8
889	5.9499e-05	-12060.7
890	5.9499e-05	-13459
891	5.9499e-05	-11821.9
892	5.9499e-05	-12571.7
893	5.9499e-05	-11734
894	5.9499e-05	-14483.1
895	5.9499e-05	-13896.1
896	5.9499e-05	-16824.9
897	5.9499e-05	-13849.5
898	5.9499e-05	-16500.7
899	5.9499e-05	-11341.2
900	5.9499e-05	-11024
901	5.9499e-05	-11391.3
902	5.9499e-05	-10533.1
903	5.9499e-05	-10835.4
904	5.9499e-05	-12545.1
905	5.9499e-05	-13756.7
906	5.9499e-05	-13479.9
907	5.9499e-05	-12971
908	5.9499e-05	-12939.3
909	5.9499e-05	-12121.2
910	5.9499e-05	-11449.9
911	5.9499e-05	-11085
912	5.9499e-05	-12928.8
913	5.9499e-05	-11201.9
914	5.9499e-05	-10712.2
915	5.9499e-05	-13738.2
916	5.9499e-05	-10733.4
917	5.9499e-05	-12347.8
918	5.9499e-05	-12194.1
919	5.9499e-05	-13234.4
920	5.9499e-05	-12649.1
921	5.9499e-05	-11974.5
922	5.9499e-05	-10820.8
923	5.9499e-05	-13034.3
924	5.9499e-05	-12469.1
925	5.9499e-05	-11977.2
926	5.9499e-05	-12186.3
927	5.9499e-05	-12048.7
928	5.9499e-05	-12625.3
929	5.9499e-05	-12003.4
930	5.9499e-05	-11014.9
931	5.9499e-05	-11898.3
932	5.9499e-05	-11772
933	5.9499e-05	-11991.3
934	5.9499e-05	-11498.2
935	5.9499e-05	-11185.2
936	5.9499e-05	-13649
937	5.9499e-05	-10522.9
938	5.9499e-05	-10746.5
939	5.9499e-05	-11799.6
940	5.9499e-05	-11836.5
941	5.9499e-05	-13693
942	5.9499e-05	-13777.4
943	5.9499e-05	-11614.5
944	5.9499e-05	-14017.6
945	5.9499e-05	-17149
946	5.9499e-05	-14964.8
947	5.9499e-05	-13716.2
948	5.9499e-05	-11127
949	5.9499e-05	-12020.9
950	5.9499e-05	-12852.3
951	5.9499e-05	-11939.1
952	5.9499e-05	-12309.2
953	5.9499e-05	-11859.1
954	5.9499e-05	-12333.1
955	5.9499e-05	-11368.9
956	5.9499e-05	-10881.9
957	5.9499e-05	-11251
958	5.9499e-05	-12334.6
959	5.9499e-05	-12292.8
960	5.9499e-05	-14236.3
961	5.9499e-05	-13077.3
962	5.9499e-05	-10894.1
963	5.9499e-05	-11400.8
964	5.9499e-05	-11246.7
965	5.9499e-05	-10287.2
966	5.9499e-05	-10679.9
967	5.9499e-05	-13871.9
968	5.9499e-05	-15462.9
969	5.9499e-05	-14405.8
970	5.9499e-05	-13901.6
971	5.9499e-05	-10899.8
972	5.9499e-05	-10674.7
973	5.9499e-05	-11157.4
974	5.9499e-05	-11908.9
975	5.9499e-05	-11802.1
976	5.9499e-05	-16840.4
977	5.9499e-05	-11012.8
978	5.9499e-05	-11298
979	5.9499e-05	-14039.4
980	5.9499e-05	-12955.2
981	5.9499e-05	-13353.5
982	5.9499e-05	-12659.1
983	5.9499e-05	-12694.3
984	5.9499e-05	-11024
985	5.9499e-05	-9985.95
986	5.9499e-05	-11447.5
987	5.9499e-05	-11609.9
988	5.9499e-05	-13524.4
989	5.9499e-05	-14327.9
990	5.9499e-05	-12786.2
991	5.9499e-05	-15007.8
992	5.9499e-05	-14114.5
993	5.9499e-05	-12796.6
994	5.9499e-05	-13120.4
995	5.9499e-05	-10878.7
996	5.9499e-05	-10715.3
997	5.9499e-05	-11750.4
998	5.9499e-05	-11310.5
999	5.9499e-05	-11537.7
1000	5.9499e-05	-11233.6
