state	power	likelihood
251	0.653254	-8055.85
252	0.653254	-8045.42
253	0.653254	-8046.85
254	0.653254	-8056.69
255	0.653254	-8052.41
256	0.653254	-8054.48
257	0.653254	-8057.3
258	0.653254	-8055.39
259	0.653254	-8055.29
260	0.653254	-8059.07
261	0.653254	-8051.99
262	0.653254	-8049.33
263	0.653254	-8055.37
264	0.653254	-8070.9
265	0.653254	-8067.75
266	0.653254	-8073.31
267	0.653254	-8067.57
268	0.653254	-8059.18
269	0.653254	-8050.99
270	0.653254	-8048.37
271	0.653254	-8057.03
272	0.653254	-8057.37
273	0.653254	-8048.59
274	0.653254	-8048.26
275	0.653254	-8055.63
276	0.653254	-8055.08
277	0.653254	-8047.68
278	0.653254	-8048.19
279	0.653254	-8046.36
280	0.653254	-8043.6
281	0.653254	-8051.52
282	0.653254	-8052.34
283	0.653254	-8056.5
284	0.653254	-8053.55
285	0.653254	-8052.62
286	0.653254	-8058.38
287	0.653254	-8062.85
288	0.653254	-8050.03
289	0.653254	-8050.27
290	0.653254	-8062.98
291	0.653254	-8055.72
292	0.653254	-8048.59
293	0.653254	-8046.38
294	0.653254	-8043
295	0.653254	-8047.4
296	0.653254	-8047.18
297	0.653254	-8046.46
298	0.653254	-8042.18
299	0.653254	-8049.31
300	0.653254	-8050.13
301	0.653254	-8055.36
302	0.653254	-8049.46
303	0.653254	-8055.1
304	0.653254	-8055.07
305	0.653254	-8052.4
306	0.653254	-8052.87
307	0.653254	-8053.08
308	0.653254	-8038.84
309	0.653254	-8045.52
310	0.653254	-8050.18
311	0.653254	-8049.92
312	0.653254	-8047.76
313	0.653254	-8048.81
314	0.653254	-8048.28
315	0.653254	-8041.99
316	0.653254	-8050.48
317	0.653254	-8043.28
318	0.653254	-8048.98
319	0.653254	-8053.44
320	0.653254	-8053.77
321	0.653254	-8050.96
322	0.653254	-8050.8
323	0.653254	-8051.03
324	0.653254	-8052.71
325	0.653254	-8057.14
326	0.653254	-8056.46
327	0.653254	-8052.4
328	0.653254	-8055.63
329	0.653254	-8052.51
330	0.653254	-8043.4
331	0.653254	-8044.19
332	0.653254	-8042.53
333	0.653254	-8042.27
334	0.653254	-8054.04
335	0.653254	-8052.81
336	0.653254	-8053.88
337	0.653254	-8051.19
338	0.653254	-8049.36
339	0.653254	-8048.67
340	0.653254	-8054.61
341	0.653254	-8047.69
342	0.653254	-8041.94
343	0.653254	-8050.04
344	0.653254	-8056.73
345	0.653254	-8053.86
346	0.653254	-8050.47
347	0.653254	-8045.85
348	0.653254	-8046.62
349	0.653254	-8047.07
350	0.653254	-8039.12
351	0.653254	-8042.53
352	0.653254	-8043.71
353	0.653254	-8052.18
354	0.653254	-8044.43
355	0.653254	-8045.14
356	0.653254	-8051.2
357	0.653254	-8038.47
358	0.653254	-8047.81
359	0.653254	-8047.43
360	0.653254	-8044.58
361	0.653254	-8044.57
362	0.653254	-8049.66
363	0.653254	-8057.56
364	0.653254	-8056.76
365	0.653254	-8061.82
366	0.653254	-8050.52
367	0.653254	-8053.87
368	0.653254	-8052.99
369	0.653254	-8050.93
370	0.653254	-8047
371	0.653254	-8044.66
372	0.653254	-8046.98
373	0.653254	-8049.47
374	0.653254	-8050.05
375	0.653254	-8044.96
376	0.653254	-8043.23
377	0.653254	-8045.54
378	0.653254	-8050.35
379	0.653254	-8058.89
380	0.653254	-8062.73
381	0.653254	-8054.4
382	0.653254	-8047.23
383	0.653254	-8049.45
384	0.653254	-8054.46
385	0.653254	-8054.45
386	0.653254	-8054.94
387	0.653254	-8060.73
388	0.653254	-8051.47
389	0.653254	-8043.61
390	0.653254	-8046.05
391	0.653254	-8044.02
392	0.653254	-8042.84
393	0.653254	-8047.64
394	0.653254	-8048.29
395	0.653254	-8049.96
396	0.653254	-8046.18
397	0.653254	-8051.27
398	0.653254	-8048.4
399	0.653254	-8058.43
400	0.653254	-8062.09
401	0.653254	-8042.76
402	0.653254	-8047.66
403	0.653254	-8043.08
404	0.653254	-8039.23
405	0.653254	-8034.44
406	0.653254	-8039.31
407	0.653254	-8053.74
408	0.653254	-8056.69
409	0.653254	-8053.05
410	0.653254	-8045.61
411	0.653254	-8048.27
412	0.653254	-8046.33
413	0.653254	-8048.92
414	0.653254	-8059.17
415	0.653254	-8055.62
416	0.653254	-8049.08
417	0.653254	-8049.81
418	0.653254	-8048.4
419	0.653254	-8045.42
420	0.653254	-8039.89
421	0.653254	-8046.46
422	0.653254	-8036.74
423	0.653254	-8042.39
424	0.653254	-8046.13
425	0.653254	-8044.98
426	0.653254	-8046.45
427	0.653254	-8047.13
428	0.653254	-8056.12
429	0.653254	-8055.83
430	0.653254	-8063.01
431	0.653254	-8056.67
432	0.653254	-8053.52
433	0.653254	-8053.83
434	0.653254	-8047.12
435	0.653254	-8047.86
436	0.653254	-8046.06
437	0.653254	-8045.81
438	0.653254	-8048.73
439	0.653254	-8049.41
440	0.653254	-8043.04
441	0.653254	-8054.31
442	0.653254	-8055.64
443	0.653254	-8059.64
444	0.653254	-8056.45
445	0.653254	-8051.03
446	0.653254	-8043.28
447	0.653254	-8047.67
448	0.653254	-8047.94
449	0.653254	-8056.15
450	0.653254	-8047.38
451	0.653254	-8042.86
452	0.653254	-8053.23
453	0.653254	-8051.77
454	0.653254	-8049.22
455	0.653254	-8054.9
456	0.653254	-8052.21
457	0.653254	-8043.29
458	0.653254	-8046.96
459	0.653254	-8043.71
460	0.653254	-8049.68
461	0.653254	-8054.65
462	0.653254	-8045.45
463	0.653254	-8048.01
464	0.653254	-8049.21
465	0.653254	-8048.78
466	0.653254	-8044.5
467	0.653254	-8045.12
468	0.653254	-8040.52
469	0.653254	-8039.77
470	0.653254	-8043.86
471	0.653254	-8046.76
472	0.653254	-8045.8
473	0.653254	-8044.54
474	0.653254	-8043.71
475	0.653254	-8051.35
476	0.653254	-8050.29
477	0.653254	-8057.34
478	0.653254	-8063.76
479	0.653254	-8062.69
480	0.653254	-8064
481	0.653254	-8065.29
482	0.653254	-8056.67
483	0.653254	-8056.4
484	0.653254	-8053.2
485	0.653254	-8047.68
486	0.653254	-8051.94
487	0.653254	-8059.46
488	0.653254	-8057.88
489	0.653254	-8059.75
490	0.653254	-8055.88
491	0.653254	-8048.83
492	0.653254	-8052.75
493	0.653254	-8049.45
494	0.653254	-8060.64
495	0.653254	-8054.62
496	0.653254	-8049.78
497	0.653254	-8045.97
498	0.653254	-8051.21
499	0.653254	-8056.84
500	0.653254	-8050.85
501	0.653254	-8054.05
502	0.653254	-8061.31
503	0.653254	-8049.29
504	0.653254	-8049.26
505	0.653254	-8058.22
506	0.653254	-8064.77
507	0.653254	-8063.24
508	0.653254	-8059.4
509	0.653254	-8048.65
510	0.653254	-8045.27
511	0.653254	-8044.88
512	0.653254	-8039.83
513	0.653254	-8049.84
514	0.653254	-8044.4
515	0.653254	-8038.61
516	0.653254	-8041.12
517	0.653254	-8050.85
518	0.653254	-8062.39
519	0.653254	-8056.53
520	0.653254	-8051.32
521	0.653254	-8047.3
522	0.653254	-8046.1
523	0.653254	-8047.56
524	0.653254	-8050.02
525	0.653254	-8043.38
526	0.653254	-8038.56
527	0.653254	-8042.69
528	0.653254	-8039.33
529	0.653254	-8041.03
530	0.653254	-8044.03
531	0.653254	-8038.98
532	0.653254	-8042.29
533	0.653254	-8044.21
534	0.653254	-8044.48
535	0.653254	-8046.48
536	0.653254	-8050.72
537	0.653254	-8048.28
538	0.653254	-8045.94
539	0.653254	-8039.9
540	0.653254	-8037.71
541	0.653254	-8040.72
542	0.653254	-8047.96
543	0.653254	-8055.36
544	0.653254	-8051.53
545	0.653254	-8051.15
546	0.653254	-8053
547	0.653254	-8043.6
548	0.653254	-8043.28
549	0.653254	-8043.91
550	0.653254	-8041.89
551	0.653254	-8042.75
552	0.653254	-8045.66
553	0.653254	-8045.54
554	0.653254	-8041.73
555	0.653254	-8033.55
556	0.653254	-8035.27
557	0.653254	-8041.37
558	0.653254	-8048.8
559	0.653254	-8056.23
560	0.653254	-8051.8
561	0.653254	-8053.37
562	0.653254	-8043.18
563	0.653254	-8042.35
564	0.653254	-8040.21
565	0.653254	-8038.97
566	0.653254	-8039.49
567	0.653254	-8041.01
568	0.653254	-8040.04
569	0.653254	-8042.97
570	0.653254	-8039.42
571	0.653254	-8037.13
572	0.653254	-8051.43
573	0.653254	-8053.67
574	0.653254	-8053.16
575	0.653254	-8050.76
576	0.653254	-8057.8
577	0.653254	-8059.74
578	0.653254	-8052.88
579	0.653254	-8049.58
580	0.653254	-8052.18
581	0.653254	-8053.43
582	0.653254	-8049.24
583	0.653254	-8055.28
584	0.653254	-8046.59
585	0.653254	-8045.22
586	0.653254	-8042.83
587	0.653254	-8054.95
588	0.653254	-8060.59
589	0.653254	-8048.77
590	0.653254	-8048.86
591	0.653254	-8057.15
592	0.653254	-8052.68
593	0.653254	-8054.68
594	0.653254	-8048.35
595	0.653254	-8051.29
596	0.653254	-8043.26
597	0.653254	-8046.82
598	0.653254	-8051.81
599	0.653254	-8059.71
600	0.653254	-8049.29
601	0.653254	-8047.94
602	0.653254	-8050.95
603	0.653254	-8047.24
604	0.653254	-8044.58
605	0.653254	-8046.94
606	0.653254	-8044.94
607	0.653254	-8045.63
608	0.653254	-8040.88
609	0.653254	-8041.13
610	0.653254	-8042.37
611	0.653254	-8055.37
612	0.653254	-8044.03
613	0.653254	-8048.32
614	0.653254	-8051.72
615	0.653254	-8049.97
616	0.653254	-8044.59
617	0.653254	-8045.38
618	0.653254	-8051.55
619	0.653254	-8051.75
620	0.653254	-8052.54
621	0.653254	-8055.62
622	0.653254	-8057.61
623	0.653254	-8059
624	0.653254	-8062.63
625	0.653254	-8058.58
626	0.653254	-8053.31
627	0.653254	-8049.58
628	0.653254	-8049.73
629	0.653254	-8046.06
630	0.653254	-8047.18
631	0.653254	-8048.04
632	0.653254	-8043.3
633	0.653254	-8044.53
634	0.653254	-8053.22
635	0.653254	-8056.13
636	0.653254	-8049.34
637	0.653254	-8051.57
638	0.653254	-8047.29
639	0.653254	-8051.01
640	0.653254	-8043.48
641	0.653254	-8046.22
642	0.653254	-8044.18
643	0.653254	-8045.56
644	0.653254	-8042.53
645	0.653254	-8047.64
646	0.653254	-8042.55
647	0.653254	-8044.95
648	0.653254	-8049.65
649	0.653254	-8050.6
650	0.653254	-8049.21
651	0.653254	-8041.5
652	0.653254	-8048.77
653	0.653254	-8054.7
654	0.653254	-8054.97
655	0.653254	-8050.89
656	0.653254	-8044.74
657	0.653254	-8041.06
658	0.653254	-8044.44
659	0.653254	-8055.11
660	0.653254	-8051.45
661	0.653254	-8059.72
662	0.653254	-8043.56
663	0.653254	-8051.24
664	0.653254	-8050.34
665	0.653254	-8056.88
666	0.653254	-8058.64
667	0.653254	-8058.8
668	0.653254	-8058.11
669	0.653254	-8058.54
670	0.653254	-8054.5
671	0.653254	-8052.03
672	0.653254	-8051.04
673	0.653254	-8048.59
674	0.653254	-8060.61
675	0.653254	-8048
676	0.653254	-8044.05
677	0.653254	-8049.71
678	0.653254	-8053.74
679	0.653254	-8054.06
680	0.653254	-8051.21
681	0.653254	-8051.17
682	0.653254	-8053.05
683	0.653254	-8052.97
684	0.653254	-8051.43
685	0.653254	-8054.54
686	0.653254	-8060.36
687	0.653254	-8061.36
688	0.653254	-8048.71
689	0.653254	-8049.91
690	0.653254	-8065.39
691	0.653254	-8057.71
692	0.653254	-8042.27
693	0.653254	-8043.4
694	0.653254	-8040.81
695	0.653254	-8041.48
696	0.653254	-8045.45
697	0.653254	-8044.93
698	0.653254	-8044.04
699	0.653254	-8043.61
700	0.653254	-8045.13
701	0.653254	-8050.92
702	0.653254	-8043.56
703	0.653254	-8050.44
704	0.653254	-8047.57
705	0.653254	-8050.4
706	0.653254	-8046.6
707	0.653254	-8051.56
708	0.653254	-8054.19
709	0.653254	-8051.12
710	0.653254	-8047.12
711	0.653254	-8044.54
712	0.653254	-8055.51
713	0.653254	-8053.65
714	0.653254	-8046.45
715	0.653254	-8045.41
716	0.653254	-8043.42
717	0.653254	-8044.28
718	0.653254	-8049.63
719	0.653254	-8059.59
720	0.653254	-8053.09
721	0.653254	-8054.91
722	0.653254	-8059.21
723	0.653254	-8056.93
724	0.653254	-8068.25
725	0.653254	-8051.31
726	0.653254	-8045.35
727	0.653254	-8045.65
728	0.653254	-8042.81
729	0.653254	-8046.56
730	0.653254	-8055.02
731	0.653254	-8045.42
732	0.653254	-8050.66
733	0.653254	-8046.84
734	0.653254	-8057.72
735	0.653254	-8054.32
736	0.653254	-8048.85
737	0.653254	-8051.06
738	0.653254	-8043.24
739	0.653254	-8046.89
740	0.653254	-8061.45
741	0.653254	-8054.82
742	0.653254	-8054.07
743	0.653254	-8057.97
744	0.653254	-8050.83
745	0.653254	-8055.08
746	0.653254	-8044.55
747	0.653254	-8053.2
748	0.653254	-8048.25
749	0.653254	-8046.55
750	0.653254	-8043.26
751	0.653254	-8041.15
752	0.653254	-8042.19
753	0.653254	-8041.63
754	0.653254	-8036.68
755	0.653254	-8043.24
756	0.653254	-8043.83
757	0.653254	-8050.35
758	0.653254	-8046.91
759	0.653254	-8046.49
760	0.653254	-8047.71
761	0.653254	-8045.35
762	0.653254	-8047.97
763	0.653254	-8045.23
764	0.653254	-8054.1
765	0.653254	-8052.25
766	0.653254	-8051.43
767	0.653254	-8059.88
768	0.653254	-8048.97
769	0.653254	-8046.32
770	0.653254	-8053.86
771	0.653254	-8056.04
772	0.653254	-8052.42
773	0.653254	-8047.87
774	0.653254	-8048.27
775	0.653254	-8056.5
776	0.653254	-8058.57
777	0.653254	-8055.09
778	0.653254	-8052.71
779	0.653254	-8051.38
780	0.653254	-8048
781	0.653254	-8038.45
782	0.653254	-8040.15
783	0.653254	-8044.41
784	0.653254	-8048.3
785	0.653254	-8047.14
786	0.653254	-8049.33
787	0.653254	-8043.57
788	0.653254	-8046.99
789	0.653254	-8043.3
790	0.653254	-8045.69
791	0.653254	-8049.3
792	0.653254	-8038.96
793	0.653254	-8052.43
794	0.653254	-8057.09
795	0.653254	-8052.01
796	0.653254	-8051.75
797	0.653254	-8053.9
798	0.653254	-8060.96
799	0.653254	-8052.32
800	0.653254	-8052.09
801	0.653254	-8052.82
802	0.653254	-8045.22
803	0.653254	-8042.69
804	0.653254	-8037.24
805	0.653254	-8040.01
806	0.653254	-8036.94
807	0.653254	-8037.61
808	0.653254	-8040.65
809	0.653254	-8044.23
810	0.653254	-8044.02
811	0.653254	-8050.03
812	0.653254	-8047.17
813	0.653254	-8042.71
814	0.653254	-8055.6
815	0.653254	-8046.63
816	0.653254	-8039.45
817	0.653254	-8041.53
818	0.653254	-8043.69
819	0.653254	-8043.63
820	0.653254	-8047.17
821	0.653254	-8057.11
822	0.653254	-8049.74
823	0.653254	-8055.29
824	0.653254	-8053.56
825	0.653254	-8060.04
826	0.653254	-8059.25
827	0.653254	-8053.42
828	0.653254	-8045.84
829	0.653254	-8050.47
830	0.653254	-8053.22
831	0.653254	-8045.64
832	0.653254	-8044.94
833	0.653254	-8049.42
834	0.653254	-8048.45
835	0.653254	-8055.56
836	0.653254	-8043
837	0.653254	-8038.95
838	0.653254	-8043.78
839	0.653254	-8041.55
840	0.653254	-8042.08
841	0.653254	-8044.4
842	0.653254	-8051.41
843	0.653254	-8057.59
844	0.653254	-8061.05
845	0.653254	-8064.88
846	0.653254	-8055.44
847	0.653254	-8057.94
848	0.653254	-8045.96
849	0.653254	-8046.35
850	0.653254	-8044.16
851	0.653254	-8042.16
852	0.653254	-8038.14
853	0.653254	-8045.49
854	0.653254	-8047.97
855	0.653254	-8041.75
856	0.653254	-8046.27
857	0.653254	-8049.59
858	0.653254	-8054.94
859	0.653254	-8050.08
860	0.653254	-8051.97
861	0.653254	-8050.4
862	0.653254	-8048.06
863	0.653254	-8045.6
864	0.653254	-8044.52
865	0.653254	-8043.87
866	0.653254	-8042.69
867	0.653254	-8047.81
868	0.653254	-8042.63
869	0.653254	-8043.89
870	0.653254	-8037.8
871	0.653254	-8046.71
872	0.653254	-8038.88
873	0.653254	-8044.02
874	0.653254	-8046.86
875	0.653254	-8040.38
876	0.653254	-8054.66
877	0.653254	-8056.96
878	0.653254	-8048.18
879	0.653254	-8042.46
880	0.653254	-8052.01
881	0.653254	-8047.76
882	0.653254	-8052.08
883	0.653254	-8045.5
884	0.653254	-8047.38
885	0.653254	-8047.68
886	0.653254	-8057.24
887	0.653254	-8059.6
888	0.653254	-8048.45
889	0.653254	-8048.1
890	0.653254	-8046.74
891	0.653254	-8045.35
892	0.653254	-8056.39
893	0.653254	-8051.02
894	0.653254	-8056.64
895	0.653254	-8060.06
896	0.653254	-8060.75
897	0.653254	-8057.41
898	0.653254	-8056.92
899	0.653254	-8046.61
900	0.653254	-8040.4
901	0.653254	-8042.23
902	0.653254	-8040.29
903	0.653254	-8046.23
904	0.653254	-8051.19
905	0.653254	-8056.32
906	0.653254	-8049.22
907	0.653254	-8040.24
908	0.653254	-8036.85
909	0.653254	-8043.08
910	0.653254	-8042.01
911	0.653254	-8044.43
912	0.653254	-8040.46
913	0.653254	-8041.08
914	0.653254	-8042.25
915	0.653254	-8046.92
916	0.653254	-8048.27
917	0.653254	-8044.41
918	0.653254	-8047.57
919	0.653254	-8047.96
920	0.653254	-8049.75
921	0.653254	-8044.78
922	0.653254	-8041.8
923	0.653254	-8039.75
924	0.653254	-8044.4
925	0.653254	-8044.74
926	0.653254	-8042.43
927	0.653254	-8041.48
928	0.653254	-8040.31
929	0.653254	-8042.06
930	0.653254	-8036.09
931	0.653254	-8041.29
932	0.653254	-8045.89
933	0.653254	-8044.18
934	0.653254	-8048.34
935	0.653254	-8046.84
936	0.653254	-8044.02
937	0.653254	-8048.54
938	0.653254	-8043.24
939	0.653254	-8051.45
940	0.653254	-8046.81
941	0.653254	-8044.41
942	0.653254	-8037.93
943	0.653254	-8043.79
944	0.653254	-8046.57
945	0.653254	-8049.16
946	0.653254	-8045.18
947	0.653254	-8041.68
948	0.653254	-8045.77
949	0.653254	-8050.41
950	0.653254	-8055.67
951	0.653254	-8058.32
952	0.653254	-8053.32
953	0.653254	-8055.91
954	0.653254	-8052.87
955	0.653254	-8043.37
956	0.653254	-8048.03
957	0.653254	-8051.22
958	0.653254	-8058.69
959	0.653254	-8062.04
960	0.653254	-8060.27
961	0.653254	-8055.42
962	0.653254	-8056.05
963	0.653254	-8053.88
964	0.653254	-8057.8
965	0.653254	-8048.87
966	0.653254	-8051.14
967	0.653254	-8048.56
968	0.653254	-8050.83
969	0.653254	-8051.87
970	0.653254	-8054.08
971	0.653254	-8044.83
972	0.653254	-8050.43
973	0.653254	-8045.91
974	0.653254	-8045.72
975	0.653254	-8054.53
976	0.653254	-8052.68
977	0.653254	-8049.2
978	0.653254	-8046.66
979	0.653254	-8042.73
980	0.653254	-8053.27
981	0.653254	-8047.45
982	0.653254	-8046.77
983	0.653254	-8047.34
984	0.653254	-8044.45
985	0.653254	-8042.62
986	0.653254	-8043.61
987	0.653254	-8039.56
988	0.653254	-8049.95
989	0.653254	-8049.86
990	0.653254	-8045.08
991	0.653254	-8050.95
992	0.653254	-8045.68
993	0.653254	-8048.72
994	0.653254	-8049.23
995	0.653254	-8054.35
996	0.653254	-8054.92
997	0.653254	-8043.7
998	0.653254	-8046.75
999	0.653254	-8050.71
1000	0.653254	-8052.32
