state	power	likelihood
251	1.16658e-302	-11831.4
252	1.16658e-302	-11125.7
253	1.16658e-302	-11882.4
254	1.16658e-302	-11221.9
255	1.16658e-302	-10916.6
256	1.16658e-302	-12047.1
257	1.16658e-302	-12381.6
258	1.16658e-302	-11390.6
259	1.16658e-302	-12194.8
260	1.16658e-302	-12042.7
261	1.16658e-302	-10877.3
262	1.16658e-302	-12218.4
263	1.16658e-302	-12300.4
264	1.16658e-302	-12086.3
265	1.16658e-302	-14623.7
266	1.16658e-302	-13011.6
267	1.16658e-302	-15957.5
268	1.16658e-302	-13971.7
269	1.16658e-302	-13514.8
270	1.16658e-302	-16459.9
271	1.16658e-302	-16005.5
272	1.16658e-302	-10458.6
273	1.16658e-302	-12516.8
274	1.16658e-302	-13187.5
275	1.16658e-302	-12643.9
276	1.16658e-302	-12250.1
277	1.16658e-302	-12093.8
278	1.16658e-302	-10110.9
279	1.16658e-302	-15832.8
280	1.16658e-302	-11619.3
281	1.16658e-302	-11838.6
282	1.16658e-302	-12948.5
283	1.16658e-302	-10971.2
284	1.16658e-302	-12013.6
285	1.16658e-302	-11905.1
286	1.16658e-302	-12606.8
287	1.16658e-302	-11610.9
288	1.16658e-302	-11762.5
289	1.16658e-302	-12713.8
290	1.16658e-302	-12140.5
291	1.16658e-302	-14135.6
292	1.16658e-302	-12065.5
293	1.16658e-302	-10765.3
294	1.16658e-302	-10530.3
295	1.16658e-302	-11447.1
296	1.16658e-302	-11830.3
297	1.16658e-302	-12115.6
298	1.16658e-302	-11884.9
299	1.16658e-302	-12013.6
300	1.16658e-302	-11562.4
301	1.16658e-302	-11399.3
302	1.16658e-302	-11075.5
303	1.16658e-302	-12590.8
304	1.16658e-302	-12261.2
305	1.16658e-302	-12866.2
306	1.16658e-302	-12784.1
307	1.16658e-302	-12449.8
308	1.16658e-302	-12524.7
309	1.16658e-302	-12832.3
310	1.16658e-302	-14491.6
311	1.16658e-302	-14250.8
312	1.16658e-302	-15748.3
313	1.16658e-302	-16680.4
314	1.16658e-302	-11787.5
315	1.16658e-302	-12297.3
316	1.16658e-302	-13847.6
317	1.16658e-302	-11432.6
318	1.16658e-302	-11050.1
319	1.16658e-302	-12514.1
320	1.16658e-302	-11355
321	1.16658e-302	-10838.5
322	1.16658e-302	-11763.3
323	1.16658e-302	-10340
324	1.16658e-302	-12069.4
325	1.16658e-302	-13817
326	1.16658e-302	-13402
327	1.16658e-302	-12966.5
328	1.16658e-302	-11241.2
329	1.16658e-302	-14068.2
330	1.16658e-302	-13250.9
331	1.16658e-302	-12655.2
332	1.16658e-302	-12707.2
333	1.16658e-302	-10916.4
334	1.16658e-302	-10721.3
335	1.16658e-302	-10250.1
336	1.16658e-302	-11196.4
337	1.16658e-302	-10932.8
338	1.16658e-302	-14328
339	1.16658e-302	-12843
340	1.16658e-302	-16334.6
341	1.16658e-302	-15423.5
342	1.16658e-302	-15005.6
343	1.16658e-302	-14831.2
344	1.16658e-302	-10331.8
345	1.16658e-302	-10946.7
346	1.16658e-302	-11539.5
347	1.16658e-302	-10210.4
348	1.16658e-302	-10999.6
349	1.16658e-302	-10715.4
350	1.16658e-302	-10516.6
351	1.16658e-302	-10461.6
352	1.16658e-302	-9961.19
353	1.16658e-302	-11456.1
354	1.16658e-302	-11193.9
355	1.16658e-302	-10774.5
356	1.16658e-302	-13590.7
357	1.16658e-302	-13428.8
358	1.16658e-302	-11515.7
359	1.16658e-302	-12071
360	1.16658e-302	-11433.7
361	1.16658e-302	-12938.6
362	1.16658e-302	-11818.4
363	1.16658e-302	-12786.3
364	1.16658e-302	-12021
365	1.16658e-302	-11734.3
366	1.16658e-302	-13092.5
367	1.16658e-302	-12091.1
368	1.16658e-302	-12158.9
369	1.16658e-302	-12158.3
370	1.16658e-302	-14011.6
371	1.16658e-302	-13605.8
372	1.16658e-302	-13360.4
373	1.16658e-302	-11488.5
374	1.16658e-302	-13436.8
375	1.16658e-302	-15435.8
376	1.16658e-302	-12468.4
377	1.16658e-302	-12126.1
378	1.16658e-302	-12705
379	1.16658e-302	-13087.9
380	1.16658e-302	-11786.3
381	1.16658e-302	-9938.51
382	1.16658e-302	-10716.9
383	1.16658e-302	-12122.9
384	1.16658e-302	-13864.3
385	1.16658e-302	-13369.4
386	1.16658e-302	-13386
387	1.16658e-302	-16429.8
388	1.16658e-302	-11828.6
389	1.16658e-302	-9696.44
390	1.16658e-302	-12575.8
391	1.16658e-302	-12873
392	1.16658e-302	-10415.3
393	1.16658e-302	-10493.5
394	1.16658e-302	-12615.7
395	1.16658e-302	-12757.9
396	1.16658e-302	-14272.9
397	1.16658e-302	-12316.5
398	1.16658e-302	-12037.8
399	1.16658e-302	-12949.2
400	1.16658e-302	-13148.8
401	1.16658e-302	-11767.8
402	1.16658e-302	-11980.6
403	1.16658e-302	-13095.2
404	1.16658e-302	-13438.1
405	1.16658e-302	-13260
406	1.16658e-302	-13767.5
407	1.16658e-302	-12600.6
408	1.16658e-302	-12600.2
409	1.16658e-302	-12660.7
410	1.16658e-302	-13300.5
411	1.16658e-302	-11483.9
412	1.16658e-302	-15426.6
413	1.16658e-302	-15654.6
414	1.16658e-302	-10413.1
415	1.16658e-302	-10878.1
416	1.16658e-302	-11019.4
417	1.16658e-302	-11773.4
418	1.16658e-302	-12519.5
419	1.16658e-302	-13729.6
420	1.16658e-302	-14933.5
421	1.16658e-302	-12399.9
422	1.16658e-302	-11208.5
423	1.16658e-302	-10640.2
424	1.16658e-302	-10112.4
425	1.16658e-302	-11168.6
426	1.16658e-302	-19495.8
427	1.16658e-302	-10876.5
428	1.16658e-302	-10412.5
429	1.16658e-302	-12001.8
430	1.16658e-302	-12366.3
431	1.16658e-302	-11789.5
432	1.16658e-302	-12305.2
433	1.16658e-302	-13673.8
434	1.16658e-302	-13816.6
435	1.16658e-302	-12277.1
436	1.16658e-302	-11373.8
437	1.16658e-302	-10488.2
438	1.16658e-302	-11422.7
439	1.16658e-302	-11133.3
440	1.16658e-302	-12654.5
441	1.16658e-302	-11714.1
442	1.16658e-302	-11034.6
443	1.16658e-302	-11096.7
444	1.16658e-302	-10294.4
445	1.16658e-302	-10466.5
446	1.16658e-302	-10566.5
447	1.16658e-302	-12591
448	1.16658e-302	-12494.7
449	1.16658e-302	-12092.1
450	1.16658e-302	-12085.1
451	1.16658e-302	-12624.6
452	1.16658e-302	-14495.8
453	1.16658e-302	-14570.8
454	1.16658e-302	-12690.7
455	1.16658e-302	-16140.8
456	1.16658e-302	-13740.9
457	1.16658e-302	-12293.5
458	1.16658e-302	-11239.9
459	1.16658e-302	-10230.2
460	1.16658e-302	-14569.7
461	1.16658e-302	-14528.5
462	1.16658e-302	-14134.3
463	1.16658e-302	-15665.6
464	1.16658e-302	-13877.1
465	1.16658e-302	-11616.5
466	1.16658e-302	-13076
467	1.16658e-302	-12508.5
468	1.16658e-302	-11287.9
469	1.16658e-302	-10336.8
470	1.16658e-302	-12356.3
471	1.16658e-302	-12089.7
472	1.16658e-302	-11527.6
473	1.16658e-302	-12424.3
474	1.16658e-302	-10898.7
475	1.16658e-302	-10207.9
476	1.16658e-302	-10311.3
477	1.16658e-302	-10547.7
478	1.16658e-302	-11300.2
479	1.16658e-302	-11067.7
480	1.16658e-302	-11480.4
481	1.16658e-302	-11527.4
482	1.16658e-302	-11282.4
483	1.16658e-302	-10781.9
484	1.16658e-302	-10624
485	1.16658e-302	-10928.7
486	1.16658e-302	-10617.8
487	1.16658e-302	-13922.7
488	1.16658e-302	-13205.6
489	1.16658e-302	-11853.2
490	1.16658e-302	-11009.4
491	1.16658e-302	-12226
492	1.16658e-302	-12539.2
493	1.16658e-302	-10657.1
494	1.16658e-302	-12020.7
495	1.16658e-302	-11562.7
496	1.16658e-302	-11542.3
497	1.16658e-302	-11989.9
498	1.16658e-302	-13427.5
499	1.16658e-302	-11515.4
500	1.16658e-302	-12474.5
501	1.16658e-302	-13114.5
502	1.16658e-302	-11981.2
503	1.16658e-302	-12717.6
504	1.16658e-302	-11422.4
505	1.16658e-302	-10805.6
506	1.16658e-302	-11427.3
507	1.16658e-302	-10263.8
508	1.16658e-302	-10236.5
509	1.16658e-302	-10637
510	1.16658e-302	-11275.3
511	1.16658e-302	-10888.3
512	1.16658e-302	-11286.6
513	1.16658e-302	-11991.7
514	1.16658e-302	-11994.9
515	1.16658e-302	-11423.4
516	1.16658e-302	-12138
517	1.16658e-302	-10683.7
518	1.16658e-302	-10727.9
519	1.16658e-302	-12855.9
520	1.16658e-302	-11119.8
521	1.16658e-302	-12254.4
522	1.16658e-302	-12159.9
523	1.16658e-302	-11182
524	1.16658e-302	-11897.9
525	1.16658e-302	-11392.7
526	1.16658e-302	-12068.2
527	1.16658e-302	-11787.5
528	1.16658e-302	-11467
529	1.16658e-302	-11282.6
530	1.16658e-302	-10051.4
531	1.16658e-302	-12145.4
532	1.16658e-302	-14062.9
533	1.16658e-302	-16930.4
534	1.16658e-302	-16230.4
535	1.16658e-302	-14715.8
536	1.16658e-302	-13954.4
537	1.16658e-302	-13451.2
538	1.16658e-302	-12378.1
539	1.16658e-302	-11418.9
540	1.16658e-302	-11738.6
541	1.16658e-302	-11642.5
542	1.16658e-302	-11951.3
543	1.16658e-302	-11314.3
544	1.16658e-302	-10869.6
545	1.16658e-302	-10281.6
546	1.16658e-302	-11848.2
547	1.16658e-302	-12270.1
548	1.16658e-302	-13775.5
549	1.16658e-302	-13495.4
550	1.16658e-302	-14514.3
551	1.16658e-302	-13258.3
552	1.16658e-302	-11420.8
553	1.16658e-302	-11380.7
554	1.16658e-302	-12119.5
555	1.16658e-302	-12011.2
556	1.16658e-302	-12684.5
557	1.16658e-302	-11329.1
558	1.16658e-302	-11820.3
559	1.16658e-302	-10285.1
560	1.16658e-302	-12038.6
561	1.16658e-302	-14302.5
562	1.16658e-302	-15347.1
563	1.16658e-302	-12781.6
564	1.16658e-302	-12084.4
565	1.16658e-302	-12753.1
566	1.16658e-302	-12406.2
567	1.16658e-302	-13339
568	1.16658e-302	-10546.7
569	1.16658e-302	-12918.7
570	1.16658e-302	-11144.4
571	1.16658e-302	-12092.9
572	1.16658e-302	-12411.6
573	1.16658e-302	-11318.6
574	1.16658e-302	-11640.5
575	1.16658e-302	-10148.9
576	1.16658e-302	-11175
577	1.16658e-302	-11591.2
578	1.16658e-302	-12665.1
579	1.16658e-302	-13311.3
580	1.16658e-302	-14595.6
581	1.16658e-302	-14297.6
582	1.16658e-302	-14373.6
583	1.16658e-302	-12518.6
584	1.16658e-302	-10216.5
585	1.16658e-302	-11396.1
586	1.16658e-302	-11446.7
587	1.16658e-302	-11589.4
588	1.16658e-302	-13344.5
589	1.16658e-302	-11572.6
590	1.16658e-302	-13816.5
591	1.16658e-302	-14306
592	1.16658e-302	-12462.4
593	1.16658e-302	-12070.3
594	1.16658e-302	-11897.6
595	1.16658e-302	-11732.3
596	1.16658e-302	-11642.4
597	1.16658e-302	-16051
598	1.16658e-302	-15079.3
599	1.16658e-302	-17380.5
600	1.16658e-302	-17140.2
601	1.16658e-302	-16572.2
602	1.16658e-302	-15980.9
603	1.16658e-302	-16642.6
604	1.16658e-302	-17333
605	1.16658e-302	-17116.9
606	1.16658e-302	-12460.4
607	1.16658e-302	-12758.8
608	1.16658e-302	-15074.8
609	1.16658e-302	-14413.9
610	1.16658e-302	-13013.3
611	1.16658e-302	-9972.91
612	1.16658e-302	-12392.1
613	1.16658e-302	-13530.6
614	1.16658e-302	-17254.7
615	1.16658e-302	-15340.1
616	1.16658e-302	-15560.1
617	1.16658e-302	-15542.6
618	1.16658e-302	-12941.1
619	1.16658e-302	-10837.3
620	1.16658e-302	-11890.2
621	1.16658e-302	-12181.4
622	1.16658e-302	-13743.6
623	1.16658e-302	-14826.1
624	1.16658e-302	-14599.9
625	1.16658e-302	-13348
626	1.16658e-302	-13755.8
627	1.16658e-302	-12951.1
628	1.16658e-302	-13990.1
629	1.16658e-302	-11341.9
630	1.16658e-302	-11085.2
631	1.16658e-302	-13162.7
632	1.16658e-302	-14064.8
633	1.16658e-302	-13195.8
634	1.16658e-302	-9778.26
635	1.16658e-302	-11425.6
636	1.16658e-302	-12111.4
637	1.16658e-302	-9871.31
638	1.16658e-302	-10157.5
639	1.16658e-302	-13427
640	1.16658e-302	-13358.1
641	1.16658e-302	-14802.4
642	1.16658e-302	-13277.1
643	1.16658e-302	-14174.1
644	1.16658e-302	-15435.1
645	1.16658e-302	-13878.4
646	1.16658e-302	-11350.1
647	1.16658e-302	-9817.39
648	1.16658e-302	-10690
649	1.16658e-302	-11107.5
650	1.16658e-302	-10796.3
651	1.16658e-302	-10855.2
652	1.16658e-302	-11940.8
653	1.16658e-302	-12493.7
654	1.16658e-302	-13745.5
655	1.16658e-302	-13312.6
656	1.16658e-302	-12763.7
657	1.16658e-302	-13285
658	1.16658e-302	-13187.9
659	1.16658e-302	-13488.1
660	1.16658e-302	-12979.1
661	1.16658e-302	-13803.2
662	1.16658e-302	-13621.6
663	1.16658e-302	-13021.3
664	1.16658e-302	-10843.9
665	1.16658e-302	-11348.2
666	1.16658e-302	-12079.1
667	1.16658e-302	-10913.8
668	1.16658e-302	-13654.5
669	1.16658e-302	-12765.8
670	1.16658e-302	-12521.3
671	1.16658e-302	-11487.3
672	1.16658e-302	-11465.9
673	1.16658e-302	-12317.5
674	1.16658e-302	-16661
675	1.16658e-302	-13015.1
676	1.16658e-302	-15158.8
677	1.16658e-302	-11994.6
678	1.16658e-302	-14190.8
679	1.16658e-302	-12435.6
680	1.16658e-302	-10426
681	1.16658e-302	-14246.5
682	1.16658e-302	-11255.5
683	1.16658e-302	-11357.5
684	1.16658e-302	-10097.3
685	1.16658e-302	-13462.1
686	1.16658e-302	-12232.7
687	1.16658e-302	-14005.3
688	1.16658e-302	-10957.3
689	1.16658e-302	-12503.9
690	1.16658e-302	-12594.7
691	1.16658e-302	-14469.5
692	1.16658e-302	-11759.2
693	1.16658e-302	-12398.4
694	1.16658e-302	-10679.5
695	1.16658e-302	-11579.6
696	1.16658e-302	-14397.5
697	1.16658e-302	-14090
698	1.16658e-302	-15227.7
699	1.16658e-302	-12032.2
700	1.16658e-302	-11501.3
701	1.16658e-302	-13219.3
702	1.16658e-302	-11209.8
703	1.16658e-302	-11705.8
704	1.16658e-302	-11835
705	1.16658e-302	-10929.1
706	1.16658e-302	-11422.3
707	1.16658e-302	-12132
708	1.16658e-302	-13296.8
709	1.16658e-302	-11946.9
710	1.16658e-302	-12188.3
711	1.16658e-302	-11785.1
712	1.16658e-302	-12779.3
713	1.16658e-302	-13259.5
714	1.16658e-302	-14407.8
715	1.16658e-302	-12434.9
716	1.16658e-302	-9834.64
717	1.16658e-302	-10325.5
718	1.16658e-302	-16788.2
719	1.16658e-302	-19194.6
720	1.16658e-302	-17155.3
721	1.16658e-302	-17643.5
722	1.16658e-302	-17843.5
723	1.16658e-302	-18108.4
724	1.16658e-302	-11017.9
725	1.16658e-302	-13177.6
726	1.16658e-302	-12174.2
727	1.16658e-302	-11592
728	1.16658e-302	-11917.7
729	1.16658e-302	-10655.1
730	1.16658e-302	-11069.8
731	1.16658e-302	-11581.6
732	1.16658e-302	-12166.4
733	1.16658e-302	-13388.9
734	1.16658e-302	-12219.7
735	1.16658e-302	-13250.2
736	1.16658e-302	-12481.7
737	1.16658e-302	-13054.5
738	1.16658e-302	-12794.4
739	1.16658e-302	-12520.3
740	1.16658e-302	-12036.4
741	1.16658e-302	-12088
742	1.16658e-302	-11242.5
743	1.16658e-302	-11478.5
744	1.16658e-302	-12271.5
745	1.16658e-302	-13056
746	1.16658e-302	-14441.2
747	1.16658e-302	-12035.2
748	1.16658e-302	-13191.2
749	1.16658e-302	-11125.9
750	1.16658e-302	-10888.1
751	1.16658e-302	-11857.4
752	1.16658e-302	-10085.9
753	1.16658e-302	-10554.3
754	1.16658e-302	-10968.7
755	1.16658e-302	-9912.21
756	1.16658e-302	-10923.2
757	1.16658e-302	-12762.6
758	1.16658e-302	-10629.9
759	1.16658e-302	-11860
760	1.16658e-302	-12898.9
761	1.16658e-302	-13705.1
762	1.16658e-302	-12769.9
763	1.16658e-302	-11302.7
764	1.16658e-302	-12145
765	1.16658e-302	-11842.8
766	1.16658e-302	-11463.6
767	1.16658e-302	-12665.8
768	1.16658e-302	-13388.7
769	1.16658e-302	-13998.5
770	1.16658e-302	-13338.1
771	1.16658e-302	-14092.5
772	1.16658e-302	-13258.3
773	1.16658e-302	-11425.1
774	1.16658e-302	-13123.4
775	1.16658e-302	-12026.7
776	1.16658e-302	-10022.2
777	1.16658e-302	-11696
778	1.16658e-302	-11502
779	1.16658e-302	-11162.1
780	1.16658e-302	-11569.7
781	1.16658e-302	-13464.9
782	1.16658e-302	-11860.1
783	1.16658e-302	-11386.6
784	1.16658e-302	-12277.7
785	1.16658e-302	-13150.1
786	1.16658e-302	-14123.1
787	1.16658e-302	-11939.1
788	1.16658e-302	-12564.2
789	1.16658e-302	-10926.4
790	1.16658e-302	-11150.2
791	1.16658e-302	-12700.8
792	1.16658e-302	-12009.3
793	1.16658e-302	-11757.7
794	1.16658e-302	-12682.8
795	1.16658e-302	-12524.3
796	1.16658e-302	-11858.4
797	1.16658e-302	-13631.1
798	1.16658e-302	-11747.7
799	1.16658e-302	-12122.7
800	1.16658e-302	-12158.7
801	1.16658e-302	-11381
802	1.16658e-302	-11430.6
803	1.16658e-302	-11199.5
804	1.16658e-302	-10448
805	1.16658e-302	-12088.2
806	1.16658e-302	-11610.9
807	1.16658e-302	-11434.5
808	1.16658e-302	-11999.3
809	1.16658e-302	-11379.4
810	1.16658e-302	-12414.1
811	1.16658e-302	-13533.9
812	1.16658e-302	-15224.8
813	1.16658e-302	-13152.8
814	1.16658e-302	-11916.4
815	1.16658e-302	-11811.8
816	1.16658e-302	-10990.6
817	1.16658e-302	-12461.9
818	1.16658e-302	-11710
819	1.16658e-302	-10774.6
820	1.16658e-302	-12004.8
821	1.16658e-302	-12185.3
822	1.16658e-302	-13419.8
823	1.16658e-302	-14434.4
824	1.16658e-302	-12765.3
825	1.16658e-302	-13298.9
826	1.16658e-302	-14025.9
827	1.16658e-302	-15490.4
828	1.16658e-302	-15279.1
829	1.16658e-302	-14396.1
830	1.16658e-302	-14318.5
831	1.16658e-302	-14734.6
832	1.16658e-302	-11716
833	1.16658e-302	-12266.7
834	1.16658e-302	-14525.5
835	1.16658e-302	-14125
836	1.16658e-302	-14996.1
837	1.16658e-302	-15273.1
838	1.16658e-302	-10065.9
839	1.16658e-302	-10221.8
840	1.16658e-302	-10344.2
841	1.16658e-302	-14560.4
842	1.16658e-302	-12155.3
843	1.16658e-302	-12329.2
844	1.16658e-302	-11767.4
845	1.16658e-302	-11470.3
846	1.16658e-302	-10875.8
847	1.16658e-302	-15669.4
848	1.16658e-302	-13179.3
849	1.16658e-302	-12101.5
850	1.16658e-302	-11628.1
851	1.16658e-302	-12378.9
852	1.16658e-302	-12240.7
853	1.16658e-302	-11728.3
854	1.16658e-302	-14603.8
855	1.16658e-302	-13328.6
856	1.16658e-302	-11178.5
857	1.16658e-302	-13420
858	1.16658e-302	-12640.5
859	1.16658e-302	-11393.5
860	1.16658e-302	-11166
861	1.16658e-302	-13162.2
862	1.16658e-302	-12077.3
863	1.16658e-302	-11032.8
864	1.16658e-302	-11617.7
865	1.16658e-302	-10927.5
866	1.16658e-302	-12683.9
867	1.16658e-302	-12385
868	1.16658e-302	-13170.5
869	1.16658e-302	-12465
870	1.16658e-302	-11559.2
871	1.16658e-302	-13193.2
872	1.16658e-302	-16891.2
873	1.16658e-302	-13813.7
874	1.16658e-302	-14180.1
875	1.16658e-302	-14087.6
876	1.16658e-302	-10068.8
877	1.16658e-302	-13651
878	1.16658e-302	-13303.2
879	1.16658e-302	-14457.9
880	1.16658e-302	-14799.9
881	1.16658e-302	-14389.9
882	1.16658e-302	-11883.2
883	1.16658e-302	-14721.5
884	1.16658e-302	-13716
885	1.16658e-302	-13566.2
886	1.16658e-302	-13061.3
887	1.16658e-302	-11201.2
888	1.16658e-302	-12853.2
889	1.16658e-302	-13102.6
890	1.16658e-302	-12206.4
891	1.16658e-302	-12501.2
892	1.16658e-302	-13443
893	1.16658e-302	-13284.5
894	1.16658e-302	-11937.2
895	1.16658e-302	-11880.6
896	1.16658e-302	-13023.3
897	1.16658e-302	-12060.4
898	1.16658e-302	-13063.9
899	1.16658e-302	-12058.5
900	1.16658e-302	-11231.8
901	1.16658e-302	-13886
902	1.16658e-302	-14395.5
903	1.16658e-302	-13420.1
904	1.16658e-302	-11513.9
905	1.16658e-302	-11020.8
906	1.16658e-302	-10701.2
907	1.16658e-302	-10858.5
908	1.16658e-302	-10913.5
909	1.16658e-302	-10587.6
910	1.16658e-302	-11646.9
911	1.16658e-302	-11944.9
912	1.16658e-302	-11164.8
913	1.16658e-302	-11146.2
914	1.16658e-302	-12006.1
915	1.16658e-302	-11473.1
916	1.16658e-302	-12025.2
917	1.16658e-302	-15046.5
918	1.16658e-302	-13444.9
919	1.16658e-302	-12800.3
920	1.16658e-302	-12692.6
921	1.16658e-302	-13323.1
922	1.16658e-302	-11645.9
923	1.16658e-302	-14564.7
924	1.16658e-302	-14517.1
925	1.16658e-302	-18719.3
926	1.16658e-302	-13561.2
927	1.16658e-302	-12023.7
928	1.16658e-302	-10909.2
929	1.16658e-302	-12644.7
930	1.16658e-302	-11853.7
931	1.16658e-302	-13271.7
932	1.16658e-302	-14449.1
933	1.16658e-302	-11451.8
934	1.16658e-302	-11506.4
935	1.16658e-302	-11605.7
936	1.16658e-302	-12597.7
937	1.16658e-302	-9605.09
938	1.16658e-302	-10765
939	1.16658e-302	-9505.29
940	1.16658e-302	-10542.5
941	1.16658e-302	-9928.06
942	1.16658e-302	-9969.51
943	1.16658e-302	-10100.7
944	1.16658e-302	-10576
945	1.16658e-302	-10818.5
946	1.16658e-302	-12241.6
947	1.16658e-302	-12283
948	1.16658e-302	-12967.8
949	1.16658e-302	-12907.7
950	1.16658e-302	-12923.9
951	1.16658e-302	-16532
952	1.16658e-302	-15433.8
953	1.16658e-302	-15957.9
954	1.16658e-302	-11820.9
955	1.16658e-302	-11742.6
956	1.16658e-302	-11832.9
957	1.16658e-302	-11215.4
958	1.16658e-302	-14034.3
959	1.16658e-302	-19424.5
960	1.16658e-302	-17876.7
961	1.16658e-302	-18115.3
962	1.16658e-302	-17156.5
963	1.16658e-302	-17461.9
964	1.16658e-302	-9907.72
965	1.16658e-302	-11079.5
966	1.16658e-302	-10755.4
967	1.16658e-302	-12739.8
968	1.16658e-302	-12588.9
969	1.16658e-302	-10754
970	1.16658e-302	-11131.3
971	1.16658e-302	-12203.4
972	1.16658e-302	-13569
973	1.16658e-302	-15792.4
974	1.16658e-302	-13681.1
975	1.16658e-302	-12445.6
976	1.16658e-302	-11823.9
977	1.16658e-302	-11273.5
978	1.16658e-302	-11879.3
979	1.16658e-302	-11556.3
980	1.16658e-302	-12057.9
981	1.16658e-302	-11148.3
982	1.16658e-302	-12035
983	1.16658e-302	-11405.6
984	1.16658e-302	-10682
985	1.16658e-302	-11141.3
986	1.16658e-302	-12912.7
987	1.16658e-302	-10600.1
988	1.16658e-302	-11389.1
989	1.16658e-302	-12160.8
990	1.16658e-302	-11458.1
991	1.16658e-302	-10764
992	1.16658e-302	-10641.7
993	1.16658e-302	-11220.3
994	1.16658e-302	-12737
995	1.16658e-302	-11720
996	1.16658e-302	-12871.5
997	1.16658e-302	-11868.2
998	1.16658e-302	-14623.6
999	1.16658e-302	-14732.7
1000	1.16658e-302	-16186.2
