state	power	likelihood
251	0.00190397	-11503.7
252	0.00190397	-10005.6
253	0.00190397	-10252.1
254	0.00190397	-10465.6
255	0.00190397	-9949.27
256	0.00190397	-9876.35
257	0.00190397	-11339.8
258	0.00190397	-9932.03
259	0.00190397	-10337.4
260	0.00190397	-10294.5
261	0.00190397	-11290.8
262	0.00190397	-10299.8
263	0.00190397	-10399.5
264	0.00190397	-10944.6
265	0.00190397	-10328
266	0.00190397	-10717.9
267	0.00190397	-11576.2
268	0.00190397	-11847.8
269	0.00190397	-11064.1
270	0.00190397	-10339.6
271	0.00190397	-11177.3
272	0.00190397	-12021.2
273	0.00190397	-10265.1
274	0.00190397	-9690.77
275	0.00190397	-9964.38
276	0.00190397	-10651.6
277	0.00190397	-10424.7
278	0.00190397	-10625.8
279	0.00190397	-11455.8
280	0.00190397	-10442.3
281	0.00190397	-10729.4
282	0.00190397	-11568.4
283	0.00190397	-9536.57
284	0.00190397	-9799.77
285	0.00190397	-9529.12
286	0.00190397	-10901.4
287	0.00190397	-11554.8
288	0.00190397	-10532.4
289	0.00190397	-9814.8
290	0.00190397	-10248.2
291	0.00190397	-10443.4
292	0.00190397	-11060.7
293	0.00190397	-10732.5
294	0.00190397	-11446.7
295	0.00190397	-9944.55
296	0.00190397	-10694.1
297	0.00190397	-12932.5
298	0.00190397	-10552.8
299	0.00190397	-10173.1
300	0.00190397	-10069.2
301	0.00190397	-9571.75
302	0.00190397	-9824.52
303	0.00190397	-10236.9
304	0.00190397	-9829.98
305	0.00190397	-9642.72
306	0.00190397	-9821.01
307	0.00190397	-9987.91
308	0.00190397	-9708.04
309	0.00190397	-10373.4
310	0.00190397	-9250.42
311	0.00190397	-10824.9
312	0.00190397	-10406.1
313	0.00190397	-11690.6
314	0.00190397	-10399.7
315	0.00190397	-9622.43
316	0.00190397	-10356.7
317	0.00190397	-10214.1
318	0.00190397	-10976.8
319	0.00190397	-10526.2
320	0.00190397	-10334.8
321	0.00190397	-10315.2
322	0.00190397	-11287.9
323	0.00190397	-11258
324	0.00190397	-11007.8
325	0.00190397	-11594.8
326	0.00190397	-10434.6
327	0.00190397	-11314.8
328	0.00190397	-11031
329	0.00190397	-10694.1
330	0.00190397	-10651.9
331	0.00190397	-10682
332	0.00190397	-11138.1
333	0.00190397	-10237
334	0.00190397	-10659.8
335	0.00190397	-10262.4
336	0.00190397	-11179.7
337	0.00190397	-10355
338	0.00190397	-11155.3
339	0.00190397	-10677
340	0.00190397	-11458.9
341	0.00190397	-10233.1
342	0.00190397	-11416.5
343	0.00190397	-11487.5
344	0.00190397	-11834.4
345	0.00190397	-10785.6
346	0.00190397	-10430.7
347	0.00190397	-10584.9
348	0.00190397	-9726.26
349	0.00190397	-10528.5
350	0.00190397	-11246
351	0.00190397	-11309.6
352	0.00190397	-11635.8
353	0.00190397	-9985.87
354	0.00190397	-10516.3
355	0.00190397	-9985.78
356	0.00190397	-10456.6
357	0.00190397	-10442
358	0.00190397	-10150.5
359	0.00190397	-10590
360	0.00190397	-9858.94
361	0.00190397	-10647.7
362	0.00190397	-10833.7
363	0.00190397	-9813.26
364	0.00190397	-9733.91
365	0.00190397	-10246.4
366	0.00190397	-10787.1
367	0.00190397	-10896.7
368	0.00190397	-11275.3
369	0.00190397	-11042.2
370	0.00190397	-11298.2
371	0.00190397	-10501.2
372	0.00190397	-10304.8
373	0.00190397	-10130.6
374	0.00190397	-10712.6
375	0.00190397	-10195.7
376	0.00190397	-10804.1
377	0.00190397	-10770.1
378	0.00190397	-11415.7
379	0.00190397	-11374.8
380	0.00190397	-11735.1
381	0.00190397	-9937.13
382	0.00190397	-11540.3
383	0.00190397	-11983.6
384	0.00190397	-10693.8
385	0.00190397	-10093.5
386	0.00190397	-9955.45
387	0.00190397	-9895.16
388	0.00190397	-11179.2
389	0.00190397	-11399.4
390	0.00190397	-11489.8
391	0.00190397	-10357.4
392	0.00190397	-10898.8
393	0.00190397	-11196.2
394	0.00190397	-10601.4
395	0.00190397	-11518.7
396	0.00190397	-10739.5
397	0.00190397	-9796.55
398	0.00190397	-10502.3
399	0.00190397	-10389.9
400	0.00190397	-9929.78
401	0.00190397	-11260.6
402	0.00190397	-10583.7
403	0.00190397	-10235.1
404	0.00190397	-10026.8
405	0.00190397	-10534.1
406	0.00190397	-10854.7
407	0.00190397	-12237.9
408	0.00190397	-11214.2
409	0.00190397	-11340.3
410	0.00190397	-10499.8
411	0.00190397	-10426.9
412	0.00190397	-10193.4
413	0.00190397	-10096.6
414	0.00190397	-11342
415	0.00190397	-10744.5
416	0.00190397	-10785.7
417	0.00190397	-9937.76
418	0.00190397	-10421.1
419	0.00190397	-11043.8
420	0.00190397	-10036.4
421	0.00190397	-9685.51
422	0.00190397	-10001.5
423	0.00190397	-10252.5
424	0.00190397	-10033.9
425	0.00190397	-10429.5
426	0.00190397	-10720.5
427	0.00190397	-10056.4
428	0.00190397	-9850.02
429	0.00190397	-9427.29
430	0.00190397	-9925.06
431	0.00190397	-10390.2
432	0.00190397	-11433.8
433	0.00190397	-10340.9
434	0.00190397	-10401.5
435	0.00190397	-10521.9
436	0.00190397	-11096.3
437	0.00190397	-10340.2
438	0.00190397	-10206.9
439	0.00190397	-10274.5
440	0.00190397	-11318.1
441	0.00190397	-10539.3
442	0.00190397	-9533.67
443	0.00190397	-10517.3
444	0.00190397	-11578.3
445	0.00190397	-10832.7
446	0.00190397	-11190.4
447	0.00190397	-10696.5
448	0.00190397	-10548.8
449	0.00190397	-10255.2
450	0.00190397	-10408.7
451	0.00190397	-9431.53
452	0.00190397	-9742.82
453	0.00190397	-10230.1
454	0.00190397	-10994.4
455	0.00190397	-10103.2
456	0.00190397	-10940.8
457	0.00190397	-10547.2
458	0.00190397	-9702.55
459	0.00190397	-10150.9
460	0.00190397	-9359.19
461	0.00190397	-10324.1
462	0.00190397	-10114.5
463	0.00190397	-10901.7
464	0.00190397	-10362.9
465	0.00190397	-9620.78
466	0.00190397	-9836.54
467	0.00190397	-11160.3
468	0.00190397	-11429.8
469	0.00190397	-10911
470	0.00190397	-10792.4
471	0.00190397	-10924.9
472	0.00190397	-10125
473	0.00190397	-9832.41
474	0.00190397	-11151.7
475	0.00190397	-10256.5
476	0.00190397	-11164
477	0.00190397	-11707.1
478	0.00190397	-10802.2
479	0.00190397	-11308.6
480	0.00190397	-9128.65
481	0.00190397	-11678.1
482	0.00190397	-11591.7
483	0.00190397	-11691.9
484	0.00190397	-10861.7
485	0.00190397	-10084.6
486	0.00190397	-10120.5
487	0.00190397	-10280.2
488	0.00190397	-9999.29
489	0.00190397	-11068.6
490	0.00190397	-10552
491	0.00190397	-10377.8
492	0.00190397	-10184.6
493	0.00190397	-10361.1
494	0.00190397	-10219
495	0.00190397	-9714.54
496	0.00190397	-10734.2
497	0.00190397	-10560
498	0.00190397	-9829.98
499	0.00190397	-10175
500	0.00190397	-10792.3
501	0.00190397	-10246.2
502	0.00190397	-10078.3
503	0.00190397	-10563.9
504	0.00190397	-10630
505	0.00190397	-12001.2
506	0.00190397	-11592.3
507	0.00190397	-10406.5
508	0.00190397	-9994.64
509	0.00190397	-12469.8
510	0.00190397	-10878.6
511	0.00190397	-10604.4
512	0.00190397	-11879.6
513	0.00190397	-12053.3
514	0.00190397	-11399.1
515	0.00190397	-11340.8
516	0.00190397	-10134.6
517	0.00190397	-10258.5
518	0.00190397	-10467.1
519	0.00190397	-10652
520	0.00190397	-11869.2
521	0.00190397	-10217.8
522	0.00190397	-10610.5
523	0.00190397	-10808.4
524	0.00190397	-11006.8
525	0.00190397	-10462.7
526	0.00190397	-10086.1
527	0.00190397	-10922.6
528	0.00190397	-11553.4
529	0.00190397	-10121.9
530	0.00190397	-9792.26
531	0.00190397	-10495.6
532	0.00190397	-10207.4
533	0.00190397	-11066.3
534	0.00190397	-10499.6
535	0.00190397	-10191
536	0.00190397	-10767.6
537	0.00190397	-10713.2
538	0.00190397	-10520.1
539	0.00190397	-10843.8
540	0.00190397	-11372.6
541	0.00190397	-10329.5
542	0.00190397	-10637.7
543	0.00190397	-11741.1
544	0.00190397	-9918.64
545	0.00190397	-9277.54
546	0.00190397	-11161.7
547	0.00190397	-10667.5
548	0.00190397	-10431
549	0.00190397	-10961.9
550	0.00190397	-11186.9
551	0.00190397	-10412.3
552	0.00190397	-9418.2
553	0.00190397	-10578.7
554	0.00190397	-9772.38
555	0.00190397	-11070.3
556	0.00190397	-10609.3
557	0.00190397	-10195.8
558	0.00190397	-10193.5
559	0.00190397	-10333.3
560	0.00190397	-9877.29
561	0.00190397	-9849.66
562	0.00190397	-9865.57
563	0.00190397	-10307.2
564	0.00190397	-9489.77
565	0.00190397	-11151
566	0.00190397	-10552.7
567	0.00190397	-11390.8
568	0.00190397	-11061
569	0.00190397	-11764.3
570	0.00190397	-11386.8
571	0.00190397	-10313.4
572	0.00190397	-10154.9
573	0.00190397	-10424.6
574	0.00190397	-10816.6
575	0.00190397	-10402.9
576	0.00190397	-11692.7
577	0.00190397	-9765.62
578	0.00190397	-10476.1
579	0.00190397	-11124.9
580	0.00190397	-11482.1
581	0.00190397	-11762.5
582	0.00190397	-10244.3
583	0.00190397	-11033.2
584	0.00190397	-11702.4
585	0.00190397	-10326.9
586	0.00190397	-10288.1
587	0.00190397	-10996.2
588	0.00190397	-12587.2
589	0.00190397	-10345.4
590	0.00190397	-9645.12
591	0.00190397	-9625.95
592	0.00190397	-10229.8
593	0.00190397	-10368.5
594	0.00190397	-11155.2
595	0.00190397	-9958.99
596	0.00190397	-10650.8
597	0.00190397	-10645.5
598	0.00190397	-11601.1
599	0.00190397	-9774.46
600	0.00190397	-9693.24
601	0.00190397	-10794.4
602	0.00190397	-10677
603	0.00190397	-10471.8
604	0.00190397	-10214.8
605	0.00190397	-9801.92
606	0.00190397	-10119.1
607	0.00190397	-10512.5
608	0.00190397	-10756.3
609	0.00190397	-10854.6
610	0.00190397	-11330.4
611	0.00190397	-10664.9
612	0.00190397	-10327.3
613	0.00190397	-11112.4
614	0.00190397	-11432
615	0.00190397	-11582.2
616	0.00190397	-10907.7
617	0.00190397	-10877.2
618	0.00190397	-10503.9
619	0.00190397	-10294
620	0.00190397	-11507.9
621	0.00190397	-10580.3
622	0.00190397	-9979.75
623	0.00190397	-10287.7
624	0.00190397	-10390.7
625	0.00190397	-10996.2
626	0.00190397	-10344.6
627	0.00190397	-10074.8
628	0.00190397	-10550.2
629	0.00190397	-10169.8
630	0.00190397	-12251.4
631	0.00190397	-10782.5
632	0.00190397	-10356.3
633	0.00190397	-9617.22
634	0.00190397	-10961
635	0.00190397	-10861.1
636	0.00190397	-11089.1
637	0.00190397	-11121.3
638	0.00190397	-10250.7
639	0.00190397	-11693.8
640	0.00190397	-10624
641	0.00190397	-10683.8
642	0.00190397	-10549.2
643	0.00190397	-10260.8
644	0.00190397	-10523.2
645	0.00190397	-10435.1
646	0.00190397	-11029
647	0.00190397	-9967.94
648	0.00190397	-10694.6
649	0.00190397	-11597.2
650	0.00190397	-10978.5
651	0.00190397	-10757.5
652	0.00190397	-10279.3
653	0.00190397	-10762.5
654	0.00190397	-9978.96
655	0.00190397	-10617.4
656	0.00190397	-10747.9
657	0.00190397	-10928.8
658	0.00190397	-11213.8
659	0.00190397	-11450.9
660	0.00190397	-10880.6
661	0.00190397	-11187.2
662	0.00190397	-10482.8
663	0.00190397	-10553.7
664	0.00190397	-10126.2
665	0.00190397	-11228.1
666	0.00190397	-11117.1
667	0.00190397	-10223
668	0.00190397	-10921
669	0.00190397	-9815.52
670	0.00190397	-11185.7
671	0.00190397	-10604.7
672	0.00190397	-10024.3
673	0.00190397	-11489.3
674	0.00190397	-10632.9
675	0.00190397	-9980.08
676	0.00190397	-10739.9
677	0.00190397	-11461.3
678	0.00190397	-12568.1
679	0.00190397	-12766.7
680	0.00190397	-10221.2
681	0.00190397	-10870.9
682	0.00190397	-10653.1
683	0.00190397	-10809.7
684	0.00190397	-10078.8
685	0.00190397	-10721
686	0.00190397	-11129.3
687	0.00190397	-11276.2
688	0.00190397	-9478.77
689	0.00190397	-9937.08
690	0.00190397	-10680.3
691	0.00190397	-10748.7
692	0.00190397	-11108.2
693	0.00190397	-10331.9
694	0.00190397	-11725.6
695	0.00190397	-11963.5
696	0.00190397	-11383.1
697	0.00190397	-11007.4
698	0.00190397	-9811.56
699	0.00190397	-10032.7
700	0.00190397	-9175.87
701	0.00190397	-9734.4
702	0.00190397	-9749.89
703	0.00190397	-9804.87
704	0.00190397	-9854.35
705	0.00190397	-10773.8
706	0.00190397	-11579.4
707	0.00190397	-9960.72
708	0.00190397	-9586.68
709	0.00190397	-10893.3
710	0.00190397	-10581.4
711	0.00190397	-10042.1
712	0.00190397	-10614.7
713	0.00190397	-10831.4
714	0.00190397	-11280.2
715	0.00190397	-10835
716	0.00190397	-11074.7
717	0.00190397	-11224.4
718	0.00190397	-10107.1
719	0.00190397	-10218.4
720	0.00190397	-10015.5
721	0.00190397	-9254.09
722	0.00190397	-9081.81
723	0.00190397	-10137
724	0.00190397	-10704.4
725	0.00190397	-10446.9
726	0.00190397	-10660.3
727	0.00190397	-10917
728	0.00190397	-10211.6
729	0.00190397	-10370.9
730	0.00190397	-9790.33
731	0.00190397	-10885.1
732	0.00190397	-11104.7
733	0.00190397	-10516.3
734	0.00190397	-9760.87
735	0.00190397	-10749.7
736	0.00190397	-10063.1
737	0.00190397	-10471
738	0.00190397	-10811
739	0.00190397	-10323.6
740	0.00190397	-10353
741	0.00190397	-9958.34
742	0.00190397	-10859.6
743	0.00190397	-10858
744	0.00190397	-9354.5
745	0.00190397	-12318.6
746	0.00190397	-12626.4
747	0.00190397	-12732.5
748	0.00190397	-9618.35
749	0.00190397	-10695.5
750	0.00190397	-9673.4
751	0.00190397	-12111.6
752	0.00190397	-10639.7
753	0.00190397	-9869.73
754	0.00190397	-10163.9
755	0.00190397	-10288.9
756	0.00190397	-10491.7
757	0.00190397	-10041.3
758	0.00190397	-10474.3
759	0.00190397	-10705.4
760	0.00190397	-11645.8
761	0.00190397	-9864.75
762	0.00190397	-10419.1
763	0.00190397	-10470.3
764	0.00190397	-9927.83
765	0.00190397	-9895.76
766	0.00190397	-10546.6
767	0.00190397	-9713.05
768	0.00190397	-12078.1
769	0.00190397	-12577.7
770	0.00190397	-11026
771	0.00190397	-10114.5
772	0.00190397	-10665.1
773	0.00190397	-11003.1
774	0.00190397	-9642.26
775	0.00190397	-11633.2
776	0.00190397	-10189
777	0.00190397	-9833.79
778	0.00190397	-10741.4
779	0.00190397	-11306.5
780	0.00190397	-11409.9
781	0.00190397	-11622.6
782	0.00190397	-11239.6
783	0.00190397	-10683
784	0.00190397	-11512.8
785	0.00190397	-10281.4
786	0.00190397	-11629.4
787	0.00190397	-10936.3
788	0.00190397	-10499.2
789	0.00190397	-10255.8
790	0.00190397	-11502.8
791	0.00190397	-10856.4
792	0.00190397	-10088.1
793	0.00190397	-11200.7
794	0.00190397	-11143.6
795	0.00190397	-10793.7
796	0.00190397	-9560.08
797	0.00190397	-10065.5
798	0.00190397	-9532.47
799	0.00190397	-10763.6
800	0.00190397	-9826.99
801	0.00190397	-10656
802	0.00190397	-10031.9
803	0.00190397	-10783.2
804	0.00190397	-10547.4
805	0.00190397	-9654.52
806	0.00190397	-10189.3
807	0.00190397	-11599.7
808	0.00190397	-12323.6
809	0.00190397	-11170
810	0.00190397	-9450.27
811	0.00190397	-10368.7
812	0.00190397	-9300.95
813	0.00190397	-11235.5
814	0.00190397	-11279.6
815	0.00190397	-9713.39
816	0.00190397	-10082.1
817	0.00190397	-10285.9
818	0.00190397	-9746.88
819	0.00190397	-10283.1
820	0.00190397	-10353.8
821	0.00190397	-10696.6
822	0.00190397	-10131.5
823	0.00190397	-9825.95
824	0.00190397	-10449
825	0.00190397	-10065.9
826	0.00190397	-10332.4
827	0.00190397	-10178.9
828	0.00190397	-12372.8
829	0.00190397	-11466.6
830	0.00190397	-12750.6
831	0.00190397	-11830.2
832	0.00190397	-9924.29
833	0.00190397	-10843.6
834	0.00190397	-11274.4
835	0.00190397	-9975.69
836	0.00190397	-10808.4
837	0.00190397	-10468.9
838	0.00190397	-9822.9
839	0.00190397	-11264.9
840	0.00190397	-11874.7
841	0.00190397	-11823.4
842	0.00190397	-10945
843	0.00190397	-11270.5
844	0.00190397	-10412.6
845	0.00190397	-10388
846	0.00190397	-10959.4
847	0.00190397	-10587.8
848	0.00190397	-11300.2
849	0.00190397	-10660
850	0.00190397	-10335.8
851	0.00190397	-11530.5
852	0.00190397	-10025.9
853	0.00190397	-10981
854	0.00190397	-11587.2
855	0.00190397	-9999.65
856	0.00190397	-9673.53
857	0.00190397	-10119.4
858	0.00190397	-9893.77
859	0.00190397	-10080.4
860	0.00190397	-9967.73
861	0.00190397	-11628.9
862	0.00190397	-9617.71
863	0.00190397	-10054.5
864	0.00190397	-10423.8
865	0.00190397	-10603.1
866	0.00190397	-11369
867	0.00190397	-9830.59
868	0.00190397	-11573.6
869	0.00190397	-10163.7
870	0.00190397	-10273
871	0.00190397	-11621.2
872	0.00190397	-10206
873	0.00190397	-9539.62
874	0.00190397	-9511.29
875	0.00190397	-11188
876	0.00190397	-10494.3
877	0.00190397	-10049.4
878	0.00190397	-9289.86
879	0.00190397	-10738.5
880	0.00190397	-10864.1
881	0.00190397	-10698.3
882	0.00190397	-11027.5
883	0.00190397	-10592.4
884	0.00190397	-10553.5
885	0.00190397	-9641.17
886	0.00190397	-10560.9
887	0.00190397	-10471.3
888	0.00190397	-10411.1
889	0.00190397	-10709.5
890	0.00190397	-12067.7
891	0.00190397	-11489.9
892	0.00190397	-12349.3
893	0.00190397	-12387.9
894	0.00190397	-12151.6
895	0.00190397	-12381.7
896	0.00190397	-10348.4
897	0.00190397	-10248.6
898	0.00190397	-10237.3
899	0.00190397	-10817.7
900	0.00190397	-11800.3
901	0.00190397	-10956.1
902	0.00190397	-10118.6
903	0.00190397	-10070.7
904	0.00190397	-11367.7
905	0.00190397	-10771.4
906	0.00190397	-10290.1
907	0.00190397	-10250
908	0.00190397	-10675.5
909	0.00190397	-11209.5
910	0.00190397	-10840.9
911	0.00190397	-10054.7
912	0.00190397	-11405.9
913	0.00190397	-10603.3
914	0.00190397	-10638.7
915	0.00190397	-11060.1
916	0.00190397	-9996.47
917	0.00190397	-11182.9
918	0.00190397	-10513.2
919	0.00190397	-10289.6
920	0.00190397	-11015.5
921	0.00190397	-10993.7
922	0.00190397	-11253.3
923	0.00190397	-9128.3
924	0.00190397	-10005.6
925	0.00190397	-9898.91
926	0.00190397	-10377.1
927	0.00190397	-10953.2
928	0.00190397	-10411.9
929	0.00190397	-10180.1
930	0.00190397	-11905.6
931	0.00190397	-11319.6
932	0.00190397	-10759.6
933	0.00190397	-10542.3
934	0.00190397	-11105.4
935	0.00190397	-11363.3
936	0.00190397	-11878.9
937	0.00190397	-12845.8
938	0.00190397	-12774
939	0.00190397	-11384.7
940	0.00190397	-9798.27
941	0.00190397	-10972.7
942	0.00190397	-10080.9
943	0.00190397	-11337.5
944	0.00190397	-11323.4
945	0.00190397	-11293.7
946	0.00190397	-11065.5
947	0.00190397	-10672
948	0.00190397	-11080.9
949	0.00190397	-10690.5
950	0.00190397	-10640.1
951	0.00190397	-10637.9
952	0.00190397	-10620.4
953	0.00190397	-10456.2
954	0.00190397	-10828.9
955	0.00190397	-10298
956	0.00190397	-10592.4
957	0.00190397	-10284.6
958	0.00190397	-9985.59
959	0.00190397	-10728.8
960	0.00190397	-11033.1
961	0.00190397	-10185.3
962	0.00190397	-10675.1
963	0.00190397	-11190
964	0.00190397	-10220.9
965	0.00190397	-10917
966	0.00190397	-10862.2
967	0.00190397	-11204.5
968	0.00190397	-10828.5
969	0.00190397	-9923.21
970	0.00190397	-10833.9
971	0.00190397	-11739.1
972	0.00190397	-11015.5
973	0.00190397	-9745.86
974	0.00190397	-9708.7
975	0.00190397	-10287
976	0.00190397	-10715.6
977	0.00190397	-10773
978	0.00190397	-11075.4
979	0.00190397	-12265.3
980	0.00190397	-10241.7
981	0.00190397	-10776.9
982	0.00190397	-12000.5
983	0.00190397	-10697.3
984	0.00190397	-9402.13
985	0.00190397	-10382.5
986	0.00190397	-10277.8
987	0.00190397	-10634.3
988	0.00190397	-11146.9
989	0.00190397	-10269.5
990	0.00190397	-10243.3
991	0.00190397	-9875.97
992	0.00190397	-10415.3
993	0.00190397	-11294.3
994	0.00190397	-11289.8
995	0.00190397	-10805.3
996	0.00190397	-9924.47
997	0.00190397	-10045.5
998	0.00190397	-10942.5
999	0.00190397	-10854
1000	0.00190397	-10899.9
