state	power	likelihood
251	1	-8008.1
252	1	-8007.77
253	1	-8010.77
254	1	-8015.97
255	1	-8013.75
256	1	-8008.01
257	1	-8007.82
258	1	-8011.31
259	1	-8013.93
260	1	-8017.73
261	1	-8009.25
262	1	-8012.62
263	1	-8010.56
264	1	-8009.61
265	1	-8010.21
266	1	-8010.27
267	1	-8018.9
268	1	-8016.23
269	1	-8011.96
270	1	-8009.16
271	1	-8010.35
272	1	-8014.13
273	1	-8018.5
274	1	-8021.87
275	1	-8023.95
276	1	-8019.98
277	1	-8018.29
278	1	-8019.52
279	1	-8017.02
280	1	-8017.8
281	1	-8017.53
282	1	-8018.97
283	1	-8020.33
284	1	-8013.28
285	1	-8015.58
286	1	-8016.54
287	1	-8015.9
288	1	-8016.39
289	1	-8022.73
290	1	-8020.69
291	1	-8018.49
292	1	-8014.84
293	1	-8009
294	1	-8008.1
295	1	-8012.82
296	1	-8009.55
297	1	-8010.52
298	1	-8011.95
299	1	-8021.59
300	1	-8017.19
301	1	-8011.38
302	1	-8012.42
303	1	-8016.13
304	1	-8011.56
305	1	-8013.08
306	1	-8010.06
307	1	-8011.08
308	1	-8013.94
309	1	-8011.6
310	1	-8013.63
311	1	-8011.37
312	1	-8011.18
313	1	-8018.54
314	1	-8019.93
315	1	-8015.68
316	1	-8020.77
317	1	-8018.54
318	1	-8013.84
319	1	-8014.02
320	1	-8010.14
321	1	-8012.98
322	1	-8011.58
323	1	-8012.1
324	1	-8013.16
325	1	-8020.51
326	1	-8020.68
327	1	-8015.47
328	1	-8022.02
329	1	-8018.92
330	1	-8011.73
331	1	-8010.77
332	1	-8013.17
333	1	-8007.82
334	1	-8008.98
335	1	-8007.62
336	1	-8012.41
337	1	-8012.27
338	1	-8014.63
339	1	-8010.73
340	1	-8016.21
341	1	-8015.2
342	1	-8016.52
343	1	-8025.08
344	1	-8017.05
345	1	-8013.24
346	1	-8009.68
347	1	-8012.11
348	1	-8010.05
349	1	-8009.91
350	1	-8008.17
351	1	-8009.94
352	1	-8008.69
353	1	-8007.85
354	1	-8012.52
355	1	-8013.77
356	1	-8010.06
357	1	-8013.29
358	1	-8015.53
359	1	-8008.36
360	1	-8011.25
361	1	-8013.54
362	1	-8014.65
363	1	-8016.57
364	1	-8016.05
365	1	-8011.91
366	1	-8011.44
367	1	-8016.83
368	1	-8018.59
369	1	-8020.71
370	1	-8023.99
371	1	-8027.71
372	1	-8018.26
373	1	-8012.82
374	1	-8013.03
375	1	-8006.19
376	1	-8007.85
377	1	-8006.8
378	1	-8006.85
379	1	-8009.74
380	1	-8009.43
381	1	-8012.29
382	1	-8010.49
383	1	-8009.34
384	1	-8007.22
385	1	-8009.05
386	1	-8010.03
387	1	-8007.08
388	1	-8011.42
389	1	-8011.93
390	1	-8012.23
391	1	-8010.97
392	1	-8013.52
393	1	-8013.48
394	1	-8017.67
395	1	-8013.55
396	1	-8009.74
397	1	-8011.86
398	1	-8010.51
399	1	-8010.41
400	1	-8007.72
401	1	-8016.27
402	1	-8020.59
403	1	-8019.98
404	1	-8016.5
405	1	-8019.88
406	1	-8017.17
407	1	-8023.33
408	1	-8018.82
409	1	-8017.86
410	1	-8016.23
411	1	-8015.78
412	1	-8010.25
413	1	-8012.54
414	1	-8007.83
415	1	-8008.62
416	1	-8013.28
417	1	-8012.64
418	1	-8013.51
419	1	-8013.9
420	1	-8006.85
421	1	-8006.8
422	1	-8009.11
423	1	-8012.03
424	1	-8012.36
425	1	-8007.86
426	1	-8006.92
427	1	-8006.51
428	1	-8007.95
429	1	-8008.24
430	1	-8010.9
431	1	-8014.51
432	1	-8012.07
433	1	-8014.53
434	1	-8013.19
435	1	-8011.57
436	1	-8014.85
437	1	-8017.35
438	1	-8021.78
439	1	-8021.01
440	1	-8015.94
441	1	-8015.41
442	1	-8015.87
443	1	-8009.44
444	1	-8005.01
445	1	-8005.33
446	1	-8012.02
447	1	-8010.05
448	1	-8009.73
449	1	-8009.97
450	1	-8012.16
451	1	-8014.56
452	1	-8011.03
453	1	-8010.98
454	1	-8005.85
455	1	-8006.48
456	1	-8005.72
457	1	-8012.2
458	1	-8008.48
459	1	-8012.55
460	1	-8013.35
461	1	-8008.04
462	1	-8009.29
463	1	-8009.69
464	1	-8009.97
465	1	-8010.28
466	1	-8010.16
467	1	-8011.2
468	1	-8012.72
469	1	-8010.81
470	1	-8010.83
471	1	-8015.36
472	1	-8015.32
473	1	-8014.04
474	1	-8013.19
475	1	-8011.75
476	1	-8017.92
477	1	-8016.1
478	1	-8018.34
479	1	-8018.88
480	1	-8021
481	1	-8018.63
482	1	-8018.33
483	1	-8013.51
484	1	-8007.04
485	1	-8008.03
486	1	-8010.55
487	1	-8010.3
488	1	-8012.34
489	1	-8012.88
490	1	-8008.08
491	1	-8006.48
492	1	-8012.76
493	1	-8012.01
494	1	-8012.77
495	1	-8012.6
496	1	-8010.31
497	1	-8010.8
498	1	-8012.32
499	1	-8012.44
500	1	-8009.73
501	1	-8013.25
502	1	-8015.11
503	1	-8012.71
504	1	-8013.91
505	1	-8007.68
506	1	-8008.72
507	1	-8006.52
508	1	-8008.74
509	1	-8008.91
510	1	-8007
511	1	-8008.87
512	1	-8006.02
513	1	-8007.73
514	1	-8012.55
515	1	-8007.44
516	1	-8011.77
517	1	-8009.51
518	1	-8010.5
519	1	-8019.02
520	1	-8018.89
521	1	-8017.31
522	1	-8013.58
523	1	-8007.39
524	1	-8004.97
525	1	-8011.8
526	1	-8015.57
527	1	-8007.52
528	1	-8003.03
529	1	-8008.64
530	1	-8009.81
531	1	-8009.18
532	1	-8008.85
533	1	-8014.02
534	1	-8010.02
535	1	-8014.91
536	1	-8010.45
537	1	-8008.53
538	1	-8015.55
539	1	-8010.08
540	1	-8011
541	1	-8015.13
542	1	-8018.59
543	1	-8021.92
544	1	-8021.88
545	1	-8019.57
546	1	-8021.34
547	1	-8019.75
548	1	-8017.06
549	1	-8019.72
550	1	-8017.39
551	1	-8019.85
552	1	-8016.31
553	1	-8019.5
554	1	-8020.61
555	1	-8018.56
556	1	-8027.42
557	1	-8021.38
558	1	-8018.58
559	1	-8016.65
560	1	-8017.53
561	1	-8013
562	1	-8019.11
563	1	-8015.9
564	1	-8017.41
565	1	-8015.58
566	1	-8010.97
567	1	-8010.67
568	1	-8008.89
569	1	-8010.03
570	1	-8015.5
571	1	-8020.35
572	1	-8021.09
573	1	-8015.46
574	1	-8014.41
575	1	-8009.57
576	1	-8006.55
577	1	-8010.4
578	1	-8012.52
579	1	-8010.36
580	1	-8008.42
581	1	-8011.7
582	1	-8016.63
583	1	-8019.36
584	1	-8011.99
585	1	-8009.35
586	1	-8012
587	1	-8012.23
588	1	-8011.72
589	1	-8011.89
590	1	-8013.39
591	1	-8012.77
592	1	-8009.73
593	1	-8011.19
594	1	-8014.62
595	1	-8006.28
596	1	-8007.36
597	1	-8009.19
598	1	-8006.05
599	1	-8008.01
600	1	-8008.37
601	1	-8004.03
602	1	-8008.85
603	1	-8012.23
604	1	-8008.24
605	1	-8006.87
606	1	-8012.04
607	1	-8016.11
608	1	-8010.78
609	1	-8023.7
610	1	-8018.22
611	1	-8022.67
612	1	-8018.55
613	1	-8017.76
614	1	-8013.76
615	1	-8009.84
616	1	-8011.86
617	1	-8009.55
618	1	-8014.52
619	1	-8014.49
620	1	-8011.15
621	1	-8010.68
622	1	-8010.68
623	1	-8012.01
624	1	-8008.21
625	1	-8012.59
626	1	-8009.69
627	1	-8011.75
628	1	-8014.99
629	1	-8012.4
630	1	-8014.42
631	1	-8014.94
632	1	-8013.98
633	1	-8016.13
634	1	-8017.04
635	1	-8013.7
636	1	-8011.49
637	1	-8014.85
638	1	-8010.47
639	1	-8011.53
640	1	-8014.77
641	1	-8010.6
642	1	-8009.78
643	1	-8011.07
644	1	-8008.35
645	1	-8004.95
646	1	-8005.3
647	1	-8008.33
648	1	-8009.95
649	1	-8010.99
650	1	-8011.47
651	1	-8011.64
652	1	-8011.6
653	1	-8011.34
654	1	-8008.74
655	1	-8012.44
656	1	-8015.51
657	1	-8006.15
658	1	-8011.14
659	1	-8010.87
660	1	-8009.52
661	1	-8014.25
662	1	-8008.27
663	1	-8012.89
664	1	-8010.37
665	1	-8007.06
666	1	-8006.86
667	1	-8007.22
668	1	-8009.14
669	1	-8007.17
670	1	-8006.25
671	1	-8010.04
672	1	-8004.2
673	1	-8008.86
674	1	-8008.2
675	1	-8015.73
676	1	-8012.32
677	1	-8014.46
678	1	-8014.47
679	1	-8013.48
680	1	-8009.82
681	1	-8011.33
682	1	-8008.67
683	1	-8008.73
684	1	-8011.93
685	1	-8010.62
686	1	-8013.45
687	1	-8012.75
688	1	-8011.96
689	1	-8012.55
690	1	-8014.24
691	1	-8012.1
692	1	-8010.82
693	1	-8017.73
694	1	-8011.96
695	1	-8012.36
696	1	-8009.11
697	1	-8008.92
698	1	-8006.51
699	1	-8005.85
700	1	-8010.42
701	1	-8006.76
702	1	-8012.76
703	1	-8018.42
704	1	-8009.36
705	1	-8007.28
706	1	-8010.12
707	1	-8008.04
708	1	-8008.43
709	1	-8011.44
710	1	-8009.22
711	1	-8010.46
712	1	-8011.55
713	1	-8015.41
714	1	-8011.72
715	1	-8010.12
716	1	-8006.34
717	1	-8009.21
718	1	-8010.13
719	1	-8010.11
720	1	-8012.56
721	1	-8010.61
722	1	-8007.9
723	1	-8015.05
724	1	-8016.17
725	1	-8011.98
726	1	-8009.82
727	1	-8010.07
728	1	-8009.47
729	1	-8010.67
730	1	-8011.53
731	1	-8012.33
732	1	-8011.97
733	1	-8010.76
734	1	-8010.91
735	1	-8010.92
736	1	-8010.46
737	1	-8015.75
738	1	-8019.43
739	1	-8011.28
740	1	-8013.07
741	1	-8013.62
742	1	-8017.82
743	1	-8015.14
744	1	-8007.99
745	1	-8006.97
746	1	-8010.26
747	1	-8009.29
748	1	-8017.55
749	1	-8015.16
750	1	-8012.26
751	1	-8012.65
752	1	-8014.55
753	1	-8015.79
754	1	-8016.56
755	1	-8016.47
756	1	-8015.33
757	1	-8011.88
758	1	-8008.87
759	1	-8013.76
760	1	-8010.8
761	1	-8013.56
762	1	-8016.1
763	1	-8017.3
764	1	-8018.18
765	1	-8010.63
766	1	-8017.09
767	1	-8012.37
768	1	-8009.12
769	1	-8008.44
770	1	-8012.23
771	1	-8009.31
772	1	-8016.81
773	1	-8018.34
774	1	-8020.3
775	1	-8011.48
776	1	-8011.59
777	1	-8015.19
778	1	-8014.56
779	1	-8013.06
780	1	-8011.47
781	1	-8013.48
782	1	-8011.2
783	1	-8011.78
784	1	-8012.01
785	1	-8011.54
786	1	-8013.6
787	1	-8007.62
788	1	-8012.44
789	1	-8014.87
790	1	-8008.75
791	1	-8010.07
792	1	-8011.03
793	1	-8012.81
794	1	-8014.75
795	1	-8010.38
796	1	-8007.77
797	1	-8012.68
798	1	-8016.92
799	1	-8012.1
800	1	-8019.45
801	1	-8011.23
802	1	-8007.34
803	1	-8002.9
804	1	-8004.21
805	1	-8010.82
806	1	-8011.68
807	1	-8009.43
808	1	-8013.64
809	1	-8012.63
810	1	-8014
811	1	-8015.59
812	1	-8012.99
813	1	-8014.14
814	1	-8011.2
815	1	-8009.61
816	1	-8009.42
817	1	-8010.45
818	1	-8013.25
819	1	-8009.47
820	1	-8012.88
821	1	-8011.29
822	1	-8010.17
823	1	-8011.1
824	1	-8011.33
825	1	-8011.54
826	1	-8013.63
827	1	-8013.25
828	1	-8015.47
829	1	-8011.23
830	1	-8010.38
831	1	-8009.11
832	1	-8009.83
833	1	-8008.96
834	1	-8008.92
835	1	-8014.4
836	1	-8010.52
837	1	-8010.46
838	1	-8007.89
839	1	-8013.94
840	1	-8013.18
841	1	-8014.28
842	1	-8011.49
843	1	-8010.31
844	1	-8012.66
845	1	-8006.83
846	1	-8009.62
847	1	-8008.32
848	1	-8009.07
849	1	-8006.75
850	1	-8007.65
851	1	-8007.31
852	1	-8006.59
853	1	-8009.48
854	1	-8010.17
855	1	-8007.84
856	1	-8007.7
857	1	-8017.33
858	1	-8014.08
859	1	-8018.1
860	1	-8013.82
861	1	-8013.33
862	1	-8016.05
863	1	-8014.9
864	1	-8015.8
865	1	-8014.4
866	1	-8012.37
867	1	-8009.87
868	1	-8006.67
869	1	-8006.44
870	1	-8015.18
871	1	-8021.4
872	1	-8019.36
873	1	-8021.07
874	1	-8020.25
875	1	-8022.01
876	1	-8023.83
877	1	-8020.57
878	1	-8021.17
879	1	-8019.38
880	1	-8016.52
881	1	-8008.7
882	1	-8008.55
883	1	-8009.05
884	1	-8007.81
885	1	-8010.2
886	1	-8013.63
887	1	-8016.3
888	1	-8017.58
889	1	-8021.94
890	1	-8017.85
891	1	-8014.89
892	1	-8020.25
893	1	-8014.84
894	1	-8013.32
895	1	-8013.73
896	1	-8015.75
897	1	-8014.16
898	1	-8012.24
899	1	-8017.24
900	1	-8014.55
901	1	-8016.82
902	1	-8012.44
903	1	-8013.61
904	1	-8013.13
905	1	-8008.02
906	1	-8005.98
907	1	-8006.72
908	1	-8009.59
909	1	-8010.28
910	1	-8012.11
911	1	-8012.23
912	1	-8016.52
913	1	-8015.62
914	1	-8014.63
915	1	-8013.75
916	1	-8014.91
917	1	-8013.24
918	1	-8013.55
919	1	-8008.57
920	1	-8007.38
921	1	-8007.03
922	1	-8007.35
923	1	-8005.82
924	1	-8010.3
925	1	-8011.11
926	1	-8009.85
927	1	-8017.11
928	1	-8011.18
929	1	-8009.83
930	1	-8013.78
931	1	-8011.97
932	1	-8010.36
933	1	-8009.97
934	1	-8010.1
935	1	-8014.89
936	1	-8010.8
937	1	-8016.81
938	1	-8008.52
939	1	-8015.85
940	1	-8017.5
941	1	-8013.31
942	1	-8017.89
943	1	-8012.28
944	1	-8016.89
945	1	-8015.9
946	1	-8014.76
947	1	-8008.73
948	1	-8010.29
949	1	-8005.92
950	1	-8010.11
951	1	-8013.15
952	1	-8020.02
953	1	-8017.63
954	1	-8013.62
955	1	-8014.2
956	1	-8013.32
957	1	-8018.51
958	1	-8013.6
959	1	-8007.1
960	1	-8012.25
961	1	-8011.26
962	1	-8013.74
963	1	-8010.48
964	1	-8011.38
965	1	-8010.36
966	1	-8020.81
967	1	-8013.6
968	1	-8015.32
969	1	-8011.13
970	1	-8014.49
971	1	-8014.08
972	1	-8013.58
973	1	-8012.28
974	1	-8013.02
975	1	-8007.9
976	1	-8010.61
977	1	-8018.37
978	1	-8019.86
979	1	-8015.06
980	1	-8013.37
981	1	-8019.69
982	1	-8025.95
983	1	-8024.28
984	1	-8016.68
985	1	-8011.11
986	1	-8012.47
987	1	-8011.07
988	1	-8009.93
989	1	-8011.23
990	1	-8016.77
991	1	-8018.73
992	1	-8021.53
993	1	-8022.24
994	1	-8018.1
995	1	-8021.17
996	1	-8014.05
997	1	-8018.45
998	1	-8016.47
999	1	-8011.37
1000	1	-8009
