state	power	likelihood
251	0.000570142	-12461.3
252	0.000570142	-11414.3
253	0.000570142	-10414.4
254	0.000570142	-11347.9
255	0.000570142	-11277.3
256	0.000570142	-13502.1
257	0.000570142	-10832.9
258	0.000570142	-9862.94
259	0.000570142	-10454.2
260	0.000570142	-10211.4
261	0.000570142	-11442.5
262	0.000570142	-10863.5
263	0.000570142	-11597.3
264	0.000570142	-9762.2
265	0.000570142	-10084.5
266	0.000570142	-10909.6
267	0.000570142	-12489.7
268	0.000570142	-11841.5
269	0.000570142	-12184.2
270	0.000570142	-10567
271	0.000570142	-13540.4
272	0.000570142	-14427.8
273	0.000570142	-13320.9
274	0.000570142	-11427
275	0.000570142	-11694.8
276	0.000570142	-11163.7
277	0.000570142	-11346.4
278	0.000570142	-11793.7
279	0.000570142	-11511.4
280	0.000570142	-11241.7
281	0.000570142	-10795.2
282	0.000570142	-11514.7
283	0.000570142	-11838.5
284	0.000570142	-11217.9
285	0.000570142	-11973
286	0.000570142	-13285
287	0.000570142	-12192.7
288	0.000570142	-11764
289	0.000570142	-11539.6
290	0.000570142	-13441.9
291	0.000570142	-11908.9
292	0.000570142	-10775
293	0.000570142	-11061.8
294	0.000570142	-12706.9
295	0.000570142	-11394.1
296	0.000570142	-10478
297	0.000570142	-10620.9
298	0.000570142	-14882.5
299	0.000570142	-11882.9
300	0.000570142	-11057.4
301	0.000570142	-11702.7
302	0.000570142	-11274.8
303	0.000570142	-11961.7
304	0.000570142	-13276
305	0.000570142	-10917.4
306	0.000570142	-9962.72
307	0.000570142	-12114
308	0.000570142	-12040.9
309	0.000570142	-14840.2
310	0.000570142	-12550
311	0.000570142	-12358.6
312	0.000570142	-13213.2
313	0.000570142	-13284.3
314	0.000570142	-12222.3
315	0.000570142	-11546
316	0.000570142	-10522.8
317	0.000570142	-11615.6
318	0.000570142	-12753.9
319	0.000570142	-13536.6
320	0.000570142	-12250.8
321	0.000570142	-11927.3
322	0.000570142	-13286
323	0.000570142	-16126.9
324	0.000570142	-10220.4
325	0.000570142	-10119.3
326	0.000570142	-10878.9
327	0.000570142	-10706.8
328	0.000570142	-10624.7
329	0.000570142	-10453.5
330	0.000570142	-10777.6
331	0.000570142	-10991.2
332	0.000570142	-11410.7
333	0.000570142	-10904.1
334	0.000570142	-11789.9
335	0.000570142	-11544.2
336	0.000570142	-13350.7
337	0.000570142	-12096.8
338	0.000570142	-10334.2
339	0.000570142	-11410.1
340	0.000570142	-12844.6
341	0.000570142	-12350.3
342	0.000570142	-12207
343	0.000570142	-13753.5
344	0.000570142	-13062.6
345	0.000570142	-11834.1
346	0.000570142	-10501.6
347	0.000570142	-10516.4
348	0.000570142	-10000.1
349	0.000570142	-11287.5
350	0.000570142	-10719.3
351	0.000570142	-11781.8
352	0.000570142	-11565.9
353	0.000570142	-10934.1
354	0.000570142	-13685
355	0.000570142	-11045.6
356	0.000570142	-10832.4
357	0.000570142	-10391.5
358	0.000570142	-10807
359	0.000570142	-10951.2
360	0.000570142	-10836.7
361	0.000570142	-11254.4
362	0.000570142	-13802
363	0.000570142	-11216.9
364	0.000570142	-10216.2
365	0.000570142	-11656
366	0.000570142	-14613
367	0.000570142	-13782.4
368	0.000570142	-12732.9
369	0.000570142	-13215.1
370	0.000570142	-13354.7
371	0.000570142	-12743.5
372	0.000570142	-11916.3
373	0.000570142	-10977.7
374	0.000570142	-11104.7
375	0.000570142	-9891.67
376	0.000570142	-10868.3
377	0.000570142	-12166.7
378	0.000570142	-11419.3
379	0.000570142	-11622.9
380	0.000570142	-12657.6
381	0.000570142	-11061.7
382	0.000570142	-10968.8
383	0.000570142	-10910.7
384	0.000570142	-10326.8
385	0.000570142	-10340.6
386	0.000570142	-11786.7
387	0.000570142	-12991.3
388	0.000570142	-12868.1
389	0.000570142	-16170.4
390	0.000570142	-10465.3
391	0.000570142	-12179.1
392	0.000570142	-11115.1
393	0.000570142	-13615.9
394	0.000570142	-12825.9
395	0.000570142	-11847.6
396	0.000570142	-11367.3
397	0.000570142	-11524.9
398	0.000570142	-11248.6
399	0.000570142	-10854.6
400	0.000570142	-10265
401	0.000570142	-11885.3
402	0.000570142	-10534.4
403	0.000570142	-12117.1
404	0.000570142	-10912.9
405	0.000570142	-10114.3
406	0.000570142	-11046.1
407	0.000570142	-10852.5
408	0.000570142	-11287.9
409	0.000570142	-11546.6
410	0.000570142	-10790.4
411	0.000570142	-11238.2
412	0.000570142	-12625.3
413	0.000570142	-11952.7
414	0.000570142	-11803.1
415	0.000570142	-11603.5
416	0.000570142	-11088.7
417	0.000570142	-10175.9
418	0.000570142	-9860.18
419	0.000570142	-11887.8
420	0.000570142	-11243.9
421	0.000570142	-10613
422	0.000570142	-12782.4
423	0.000570142	-13445.4
424	0.000570142	-13611.2
425	0.000570142	-11794.1
426	0.000570142	-12236.8
427	0.000570142	-11262.5
428	0.000570142	-10699
429	0.000570142	-12285
430	0.000570142	-11450.8
431	0.000570142	-10156.4
432	0.000570142	-12208
433	0.000570142	-14459.1
434	0.000570142	-10145.3
435	0.000570142	-12507.7
436	0.000570142	-11832.9
437	0.000570142	-11309.5
438	0.000570142	-12635
439	0.000570142	-13083
440	0.000570142	-12632
441	0.000570142	-10595.2
442	0.000570142	-11233.9
443	0.000570142	-11500.7
444	0.000570142	-10035.5
445	0.000570142	-10575.9
446	0.000570142	-11499.9
447	0.000570142	-11115.4
448	0.000570142	-11270.7
449	0.000570142	-12485.2
450	0.000570142	-11341.6
451	0.000570142	-12193.7
452	0.000570142	-10304.3
453	0.000570142	-10346.3
454	0.000570142	-11362.7
455	0.000570142	-14444.8
456	0.000570142	-11881.3
457	0.000570142	-12998
458	0.000570142	-13351.1
459	0.000570142	-11781.8
460	0.000570142	-12489.3
461	0.000570142	-13608.6
462	0.000570142	-11535.5
463	0.000570142	-10727.8
464	0.000570142	-10801.6
465	0.000570142	-10967.6
466	0.000570142	-10386.5
467	0.000570142	-13089.8
468	0.000570142	-13376.3
469	0.000570142	-11766.9
470	0.000570142	-12514.4
471	0.000570142	-12234.7
472	0.000570142	-12980.6
473	0.000570142	-11891
474	0.000570142	-10339.6
475	0.000570142	-11673.2
476	0.000570142	-11939.2
477	0.000570142	-11776
478	0.000570142	-13307.7
479	0.000570142	-12990.6
480	0.000570142	-11160.1
481	0.000570142	-11355.5
482	0.000570142	-14238.2
483	0.000570142	-11082.5
484	0.000570142	-11801.1
485	0.000570142	-10016.6
486	0.000570142	-10261
487	0.000570142	-10357.4
488	0.000570142	-11691.8
489	0.000570142	-10729.8
490	0.000570142	-12885.9
491	0.000570142	-12054.1
492	0.000570142	-12405.8
493	0.000570142	-12538.5
494	0.000570142	-12883.8
495	0.000570142	-14708.5
496	0.000570142	-10484.7
497	0.000570142	-10230
498	0.000570142	-11603.3
499	0.000570142	-13256
500	0.000570142	-11407.8
501	0.000570142	-11996.2
502	0.000570142	-12767.1
503	0.000570142	-12598.2
504	0.000570142	-11179.6
505	0.000570142	-11573.8
506	0.000570142	-11769.6
507	0.000570142	-10374.2
508	0.000570142	-9981.2
509	0.000570142	-10848.9
510	0.000570142	-10855.3
511	0.000570142	-11001.7
512	0.000570142	-11554.3
513	0.000570142	-12219.8
514	0.000570142	-12936.5
515	0.000570142	-12858.3
516	0.000570142	-12714.2
517	0.000570142	-11564.1
518	0.000570142	-14613.6
519	0.000570142	-11641.7
520	0.000570142	-12315.2
521	0.000570142	-11648
522	0.000570142	-11817.8
523	0.000570142	-10719.5
524	0.000570142	-11746.2
525	0.000570142	-11410.5
526	0.000570142	-10389.4
527	0.000570142	-12482.1
528	0.000570142	-11992.9
529	0.000570142	-11114.2
530	0.000570142	-11279.6
531	0.000570142	-10137
532	0.000570142	-12831.4
533	0.000570142	-12762.9
534	0.000570142	-11120.4
535	0.000570142	-11930.7
536	0.000570142	-10556.7
537	0.000570142	-10957.9
538	0.000570142	-13174.5
539	0.000570142	-11992
540	0.000570142	-13202.6
541	0.000570142	-10705.5
542	0.000570142	-10196.7
543	0.000570142	-10910.9
544	0.000570142	-10943.6
545	0.000570142	-12215.6
546	0.000570142	-10641.8
547	0.000570142	-11684.1
548	0.000570142	-11695.3
549	0.000570142	-10211.3
550	0.000570142	-11321.3
551	0.000570142	-11360.2
552	0.000570142	-11600.3
553	0.000570142	-11259.8
554	0.000570142	-10907.3
555	0.000570142	-11612.9
556	0.000570142	-11146.1
557	0.000570142	-11700.6
558	0.000570142	-10859.9
559	0.000570142	-10409.8
560	0.000570142	-11839.5
561	0.000570142	-11609.2
562	0.000570142	-11090.1
563	0.000570142	-11788.1
564	0.000570142	-13093.2
565	0.000570142	-11819.5
566	0.000570142	-11031.3
567	0.000570142	-10598.2
568	0.000570142	-10856.8
569	0.000570142	-10822.8
570	0.000570142	-10814
571	0.000570142	-12468.8
572	0.000570142	-14543.3
573	0.000570142	-10422.8
574	0.000570142	-10188.1
575	0.000570142	-10742.4
576	0.000570142	-12387.1
577	0.000570142	-13126.2
578	0.000570142	-10990.8
579	0.000570142	-11717.4
580	0.000570142	-12685
581	0.000570142	-10905
582	0.000570142	-10331.7
583	0.000570142	-12245.4
584	0.000570142	-10329.7
585	0.000570142	-11155.1
586	0.000570142	-11408.2
587	0.000570142	-11245.3
588	0.000570142	-11904.1
589	0.000570142	-12562.9
590	0.000570142	-12805
591	0.000570142	-10935
592	0.000570142	-11034.5
593	0.000570142	-12279
594	0.000570142	-12604.1
595	0.000570142	-12368.4
596	0.000570142	-10958.9
597	0.000570142	-10935.3
598	0.000570142	-13182.7
599	0.000570142	-10163
600	0.000570142	-10068.2
601	0.000570142	-10532.9
602	0.000570142	-11561.2
603	0.000570142	-10815.5
604	0.000570142	-12144.9
605	0.000570142	-11660.7
606	0.000570142	-11390.1
607	0.000570142	-10753.8
608	0.000570142	-11355.1
609	0.000570142	-12115.7
610	0.000570142	-13050.6
611	0.000570142	-11879.1
612	0.000570142	-11837.5
613	0.000570142	-11208.7
614	0.000570142	-11591.1
615	0.000570142	-11454.4
616	0.000570142	-10495.5
617	0.000570142	-12094.6
618	0.000570142	-11334.2
619	0.000570142	-12080.5
620	0.000570142	-11249.1
621	0.000570142	-10314.5
622	0.000570142	-12489.2
623	0.000570142	-10949
624	0.000570142	-11006.1
625	0.000570142	-9912.43
626	0.000570142	-11887.7
627	0.000570142	-11994
628	0.000570142	-10905.1
629	0.000570142	-12621.8
630	0.000570142	-10525.9
631	0.000570142	-10449.3
632	0.000570142	-10905.2
633	0.000570142	-9915.06
634	0.000570142	-10496.3
635	0.000570142	-10314.9
636	0.000570142	-10365
637	0.000570142	-10337.4
638	0.000570142	-11371.8
639	0.000570142	-11997.1
640	0.000570142	-11407.8
641	0.000570142	-11500.3
642	0.000570142	-11012
643	0.000570142	-11376.5
644	0.000570142	-10527.7
645	0.000570142	-12369.4
646	0.000570142	-11976.2
647	0.000570142	-11088.5
648	0.000570142	-12565.6
649	0.000570142	-13246.1
650	0.000570142	-9828.65
651	0.000570142	-10483.2
652	0.000570142	-10604.6
653	0.000570142	-10568.6
654	0.000570142	-10889.6
655	0.000570142	-11281.8
656	0.000570142	-11828.5
657	0.000570142	-11198.5
658	0.000570142	-10631.5
659	0.000570142	-10020.4
660	0.000570142	-11117.2
661	0.000570142	-11826.5
662	0.000570142	-11376.7
663	0.000570142	-11876.1
664	0.000570142	-11105.9
665	0.000570142	-11288.1
666	0.000570142	-11524.9
667	0.000570142	-9482.92
668	0.000570142	-10593.4
669	0.000570142	-10580.6
670	0.000570142	-11475.6
671	0.000570142	-10153
672	0.000570142	-10365.2
673	0.000570142	-11428.5
674	0.000570142	-12428.9
675	0.000570142	-10646
676	0.000570142	-11425.6
677	0.000570142	-12079.7
678	0.000570142	-11702.8
679	0.000570142	-10323.5
680	0.000570142	-9820.52
681	0.000570142	-10159.5
682	0.000570142	-10365.7
683	0.000570142	-10746.3
684	0.000570142	-11812.7
685	0.000570142	-10957
686	0.000570142	-10525.9
687	0.000570142	-10843.8
688	0.000570142	-11444.2
689	0.000570142	-11457.4
690	0.000570142	-11819.8
691	0.000570142	-11260.3
692	0.000570142	-10454.6
693	0.000570142	-12048.3
694	0.000570142	-11089
695	0.000570142	-10747.1
696	0.000570142	-9649.49
697	0.000570142	-10202.7
698	0.000570142	-10115.8
699	0.000570142	-10324.9
700	0.000570142	-9796.4
701	0.000570142	-10410
702	0.000570142	-12186.3
703	0.000570142	-11859.2
704	0.000570142	-11747.2
705	0.000570142	-12058.6
706	0.000570142	-12679.5
707	0.000570142	-12117.5
708	0.000570142	-10676.2
709	0.000570142	-10699.4
710	0.000570142	-11756
711	0.000570142	-11742
712	0.000570142	-12437.5
713	0.000570142	-9927.97
714	0.000570142	-12558.9
715	0.000570142	-12309
716	0.000570142	-12800.2
717	0.000570142	-10917
718	0.000570142	-11510.3
719	0.000570142	-11243.4
720	0.000570142	-11615.1
721	0.000570142	-12398.8
722	0.000570142	-10243.5
723	0.000570142	-11095.5
724	0.000570142	-11122.5
725	0.000570142	-10404.2
726	0.000570142	-10758.3
727	0.000570142	-12083.7
728	0.000570142	-11136.5
729	0.000570142	-12422.3
730	0.000570142	-10240.5
731	0.000570142	-12898.6
732	0.000570142	-12507.3
733	0.000570142	-10601.5
734	0.000570142	-11872.8
735	0.000570142	-12148.2
736	0.000570142	-11571.6
737	0.000570142	-12300.3
738	0.000570142	-11395.6
739	0.000570142	-11426.8
740	0.000570142	-11389.5
741	0.000570142	-10826
742	0.000570142	-10878
743	0.000570142	-11313.3
744	0.000570142	-10419.8
745	0.000570142	-10845.4
746	0.000570142	-11672.3
747	0.000570142	-10062.2
748	0.000570142	-12570.1
749	0.000570142	-11495.7
750	0.000570142	-11372.4
751	0.000570142	-10813
752	0.000570142	-11204.9
753	0.000570142	-11187.6
754	0.000570142	-10782.4
755	0.000570142	-12290.8
756	0.000570142	-11615.6
757	0.000570142	-11959.6
758	0.000570142	-9954.28
759	0.000570142	-10606.6
760	0.000570142	-11266.3
761	0.000570142	-11931.3
762	0.000570142	-11151.3
763	0.000570142	-13846.3
764	0.000570142	-11784
765	0.000570142	-10315.4
766	0.000570142	-10302.9
767	0.000570142	-10563.2
768	0.000570142	-10372.5
769	0.000570142	-10274.8
770	0.000570142	-10323.7
771	0.000570142	-10365.6
772	0.000570142	-11064.2
773	0.000570142	-12068.4
774	0.000570142	-12232.4
775	0.000570142	-12098
776	0.000570142	-12805.9
777	0.000570142	-11974.7
778	0.000570142	-10311.6
779	0.000570142	-11559.4
780	0.000570142	-10928.4
781	0.000570142	-10958.5
782	0.000570142	-10627.3
783	0.000570142	-13521.5
784	0.000570142	-12758
785	0.000570142	-11520.3
786	0.000570142	-10749.1
787	0.000570142	-10627.1
788	0.000570142	-10729.3
789	0.000570142	-10946.8
790	0.000570142	-12759.6
791	0.000570142	-9921.42
792	0.000570142	-10943
793	0.000570142	-10124.6
794	0.000570142	-10025.7
795	0.000570142	-11401.8
796	0.000570142	-14266.1
797	0.000570142	-12303.1
798	0.000570142	-13242.2
799	0.000570142	-11968.8
800	0.000570142	-11877.3
801	0.000570142	-12412.1
802	0.000570142	-11231.4
803	0.000570142	-13178.4
804	0.000570142	-12250.7
805	0.000570142	-11551.5
806	0.000570142	-11391.1
807	0.000570142	-13346.6
808	0.000570142	-10954.9
809	0.000570142	-9458.68
810	0.000570142	-10942.2
811	0.000570142	-11006.4
812	0.000570142	-11208.1
813	0.000570142	-12325.2
814	0.000570142	-11635.6
815	0.000570142	-12641.6
816	0.000570142	-10817
817	0.000570142	-11997.6
818	0.000570142	-11388.7
819	0.000570142	-11973.3
820	0.000570142	-12026.9
821	0.000570142	-11380.6
822	0.000570142	-11312.7
823	0.000570142	-10806.4
824	0.000570142	-13662.2
825	0.000570142	-11636.5
826	0.000570142	-11106.4
827	0.000570142	-11449.9
828	0.000570142	-11224.8
829	0.000570142	-11344.5
830	0.000570142	-12030.2
831	0.000570142	-11233.5
832	0.000570142	-12820.6
833	0.000570142	-13303.5
834	0.000570142	-13327.7
835	0.000570142	-11398.1
836	0.000570142	-11600.6
837	0.000570142	-11096.8
838	0.000570142	-11612.5
839	0.000570142	-10578.2
840	0.000570142	-10377
841	0.000570142	-11609.6
842	0.000570142	-10717.6
843	0.000570142	-10953.4
844	0.000570142	-10610.8
845	0.000570142	-10276.4
846	0.000570142	-11779.7
847	0.000570142	-12151.2
848	0.000570142	-10883
849	0.000570142	-12669.1
850	0.000570142	-12171.2
851	0.000570142	-12492.9
852	0.000570142	-11522.1
853	0.000570142	-12737.5
854	0.000570142	-12773.1
855	0.000570142	-11432.3
856	0.000570142	-10691.6
857	0.000570142	-11809.4
858	0.000570142	-13460.2
859	0.000570142	-12461.2
860	0.000570142	-13076.4
861	0.000570142	-11771.7
862	0.000570142	-11451.4
863	0.000570142	-11697.7
864	0.000570142	-12848.8
865	0.000570142	-10408.1
866	0.000570142	-11335.9
867	0.000570142	-11507.6
868	0.000570142	-10344.3
869	0.000570142	-12135.8
870	0.000570142	-13672.8
871	0.000570142	-12963.5
872	0.000570142	-11562.9
873	0.000570142	-12533.9
874	0.000570142	-11346.3
875	0.000570142	-12485.3
876	0.000570142	-9630.97
877	0.000570142	-10339.1
878	0.000570142	-11061.3
879	0.000570142	-11765.3
880	0.000570142	-11516.3
881	0.000570142	-10992.7
882	0.000570142	-12004.7
883	0.000570142	-12258.6
884	0.000570142	-11957
885	0.000570142	-10517.6
886	0.000570142	-11061.4
887	0.000570142	-12346.6
888	0.000570142	-12892.6
889	0.000570142	-14742
890	0.000570142	-11258
891	0.000570142	-11167.9
892	0.000570142	-11593.5
893	0.000570142	-11694.1
894	0.000570142	-10926.2
895	0.000570142	-10851.2
896	0.000570142	-11584.3
897	0.000570142	-11636.8
898	0.000570142	-11390.2
899	0.000570142	-12096.8
900	0.000570142	-10548.3
901	0.000570142	-10629
902	0.000570142	-10277.2
903	0.000570142	-11269.9
904	0.000570142	-11453.1
905	0.000570142	-10470.3
906	0.000570142	-10156.6
907	0.000570142	-10648.5
908	0.000570142	-10934.2
909	0.000570142	-10297.5
910	0.000570142	-10841.6
911	0.000570142	-10775.4
912	0.000570142	-11005.3
913	0.000570142	-11452.8
914	0.000570142	-10942.3
915	0.000570142	-10832.4
916	0.000570142	-10810.4
917	0.000570142	-10380.1
918	0.000570142	-10944.4
919	0.000570142	-11586.8
920	0.000570142	-10354.6
921	0.000570142	-10718.3
922	0.000570142	-11746.5
923	0.000570142	-11680.5
924	0.000570142	-10709.5
925	0.000570142	-10784.1
926	0.000570142	-10762
927	0.000570142	-12684.1
928	0.000570142	-10759.7
929	0.000570142	-11349.6
930	0.000570142	-12908.9
931	0.000570142	-11665.6
932	0.000570142	-11696.2
933	0.000570142	-10291
934	0.000570142	-9799.57
935	0.000570142	-10737.3
936	0.000570142	-10075.8
937	0.000570142	-12307.5
938	0.000570142	-11070.5
939	0.000570142	-10169.5
940	0.000570142	-10680.3
941	0.000570142	-11237.3
942	0.000570142	-11399.1
943	0.000570142	-12313.2
944	0.000570142	-11028.4
945	0.000570142	-11422.3
946	0.000570142	-11906.1
947	0.000570142	-11486.3
948	0.000570142	-12989.4
949	0.000570142	-12209.1
950	0.000570142	-11039.1
951	0.000570142	-11824.4
952	0.000570142	-12209
953	0.000570142	-11650.8
954	0.000570142	-13351.7
955	0.000570142	-14587.2
956	0.000570142	-11691.2
957	0.000570142	-12359.1
958	0.000570142	-10932.6
959	0.000570142	-12171.7
960	0.000570142	-12885.9
961	0.000570142	-10362.1
962	0.000570142	-10106.2
963	0.000570142	-10697.6
964	0.000570142	-11059.1
965	0.000570142	-12747.7
966	0.000570142	-10870.9
967	0.000570142	-12790.8
968	0.000570142	-12571.2
969	0.000570142	-13656.5
970	0.000570142	-10215.2
971	0.000570142	-10619.2
972	0.000570142	-12002.7
973	0.000570142	-11821.6
974	0.000570142	-11637.6
975	0.000570142	-11399.3
976	0.000570142	-12145.3
977	0.000570142	-13907.2
978	0.000570142	-12548.2
979	0.000570142	-12716.7
980	0.000570142	-11799.7
981	0.000570142	-10906.3
982	0.000570142	-12098.1
983	0.000570142	-10377.3
984	0.000570142	-11395.8
985	0.000570142	-11401.6
986	0.000570142	-11018.1
987	0.000570142	-12239.2
988	0.000570142	-11849.8
989	0.000570142	-10504.9
990	0.000570142	-9934.54
991	0.000570142	-11890.9
992	0.000570142	-10303.9
993	0.000570142	-13748.4
994	0.000570142	-13147.3
995	0.000570142	-11579.3
996	0.000570142	-11153
997	0.000570142	-11921.5
998	0.000570142	-12260.5
999	0.000570142	-11105.6
1000	0.000570142	-11728.9
