state	power	likelihood
251	0.245487	-8056.07
252	0.245487	-8077.44
253	0.245487	-8058.85
254	0.245487	-8055.53
255	0.245487	-8043.18
256	0.245487	-8054.29
257	0.245487	-8051.67
258	0.245487	-8060.4
259	0.245487	-8087.7
260	0.245487	-8084.2
261	0.245487	-8075.28
262	0.245487	-8068.8
263	0.245487	-8084.34
264	0.245487	-8073.05
265	0.245487	-8077.94
266	0.245487	-8074.8
267	0.245487	-8088.68
268	0.245487	-8072.63
269	0.245487	-8055.73
270	0.245487	-8053.56
271	0.245487	-8064.13
272	0.245487	-8074.64
273	0.245487	-8104.87
274	0.245487	-8078.09
275	0.245487	-8063.51
276	0.245487	-8072.73
277	0.245487	-8043.17
278	0.245487	-8081.49
279	0.245487	-8063.96
280	0.245487	-8042.52
281	0.245487	-8045.59
282	0.245487	-8046.91
283	0.245487	-8057.75
284	0.245487	-8047.87
285	0.245487	-8050.33
286	0.245487	-8058.4
287	0.245487	-8046.71
288	0.245487	-8053.54
289	0.245487	-8063.9
290	0.245487	-8076.24
291	0.245487	-8076.37
292	0.245487	-8048.65
293	0.245487	-8040.28
294	0.245487	-8034.42
295	0.245487	-8055.32
296	0.245487	-8060.43
297	0.245487	-8074.14
298	0.245487	-8081.3
299	0.245487	-8076.63
300	0.245487	-8089.95
301	0.245487	-8091.86
302	0.245487	-8103.65
303	0.245487	-8071.56
304	0.245487	-8059.69
305	0.245487	-8061.96
306	0.245487	-8067.82
307	0.245487	-8061.99
308	0.245487	-8080.14
309	0.245487	-8070.04
310	0.245487	-8037.7
311	0.245487	-8082.59
312	0.245487	-8066.99
313	0.245487	-8060.31
314	0.245487	-8081.03
315	0.245487	-8075.79
316	0.245487	-8067.59
317	0.245487	-8061.59
318	0.245487	-8061.43
319	0.245487	-8084.06
320	0.245487	-8077.42
321	0.245487	-8086.47
322	0.245487	-8048.93
323	0.245487	-8078.87
324	0.245487	-8071.35
325	0.245487	-8103.74
326	0.245487	-8094.79
327	0.245487	-8109.13
328	0.245487	-8078.31
329	0.245487	-8088.24
330	0.245487	-8076.89
331	0.245487	-8063.29
332	0.245487	-8067.18
333	0.245487	-8064.24
334	0.245487	-8063.51
335	0.245487	-8070.42
336	0.245487	-8061.73
337	0.245487	-8086.5
338	0.245487	-8075.63
339	0.245487	-8083.73
340	0.245487	-8056.68
341	0.245487	-8087.07
342	0.245487	-8079.68
343	0.245487	-8095.57
344	0.245487	-8059.04
345	0.245487	-8039.72
346	0.245487	-8055.3
347	0.245487	-8038.31
348	0.245487	-8048.68
349	0.245487	-8076.87
350	0.245487	-8087.04
351	0.245487	-8076.53
352	0.245487	-8106.14
353	0.245487	-8106
354	0.245487	-8068.93
355	0.245487	-8077.93
356	0.245487	-8076.22
357	0.245487	-8068.25
358	0.245487	-8075.34
359	0.245487	-8101.65
360	0.245487	-8086.93
361	0.245487	-8090.67
362	0.245487	-8097.67
363	0.245487	-8110.13
364	0.245487	-8094.47
365	0.245487	-8054.62
366	0.245487	-8066.17
367	0.245487	-8069
368	0.245487	-8087.42
369	0.245487	-8092.85
370	0.245487	-8064.72
371	0.245487	-8086.7
372	0.245487	-8068.8
373	0.245487	-8075.92
374	0.245487	-8091.03
375	0.245487	-8054.59
376	0.245487	-8075.98
377	0.245487	-8079.81
378	0.245487	-8061.07
379	0.245487	-8071.31
380	0.245487	-8072.44
381	0.245487	-8102.9
382	0.245487	-8080.19
383	0.245487	-8096.7
384	0.245487	-8089.65
385	0.245487	-8088.35
386	0.245487	-8066.25
387	0.245487	-8076.03
388	0.245487	-8061.99
389	0.245487	-8067.9
390	0.245487	-8068.89
391	0.245487	-8109.14
392	0.245487	-8094.99
393	0.245487	-8059.2
394	0.245487	-8061.63
395	0.245487	-8079.34
396	0.245487	-8077.74
397	0.245487	-8055.55
398	0.245487	-8078.75
399	0.245487	-8085.11
400	0.245487	-8037.6
401	0.245487	-8055.29
402	0.245487	-8092.83
403	0.245487	-8070.4
404	0.245487	-8056.21
405	0.245487	-8078.94
406	0.245487	-8080.8
407	0.245487	-8061.57
408	0.245487	-8061.9
409	0.245487	-8050.54
410	0.245487	-8068.89
411	0.245487	-8071.8
412	0.245487	-8057.51
413	0.245487	-8059.63
414	0.245487	-8090.58
415	0.245487	-8067.46
416	0.245487	-8042.3
417	0.245487	-8049.76
418	0.245487	-8053.32
419	0.245487	-8065.2
420	0.245487	-8069.63
421	0.245487	-8061.76
422	0.245487	-8044.68
423	0.245487	-8036.06
424	0.245487	-8040.09
425	0.245487	-8044.3
426	0.245487	-8049.95
427	0.245487	-8049.17
428	0.245487	-8050.4
429	0.245487	-8046.44
430	0.245487	-8071.43
431	0.245487	-8068.53
432	0.245487	-8052.18
433	0.245487	-8046.04
434	0.245487	-8043.51
435	0.245487	-8047.7
436	0.245487	-8088.11
437	0.245487	-8043.02
438	0.245487	-8047.29
439	0.245487	-8056.24
440	0.245487	-8030.6
441	0.245487	-8053.6
442	0.245487	-8066.45
443	0.245487	-8042.28
444	0.245487	-8053.76
445	0.245487	-8057.92
446	0.245487	-8064.89
447	0.245487	-8056.76
448	0.245487	-8063.67
449	0.245487	-8063.03
450	0.245487	-8070.31
451	0.245487	-8051.68
452	0.245487	-8042.76
453	0.245487	-8077.68
454	0.245487	-8075.79
455	0.245487	-8055.75
456	0.245487	-8065.89
457	0.245487	-8071.39
458	0.245487	-8060.81
459	0.245487	-8059.84
460	0.245487	-8049.69
461	0.245487	-8043.08
462	0.245487	-8044.61
463	0.245487	-8062.78
464	0.245487	-8070.35
465	0.245487	-8067.41
466	0.245487	-8067.06
467	0.245487	-8076.54
468	0.245487	-8095.9
469	0.245487	-8073.56
470	0.245487	-8084.68
471	0.245487	-8066.52
472	0.245487	-8067.13
473	0.245487	-8087.16
474	0.245487	-8069.07
475	0.245487	-8067.27
476	0.245487	-8068.19
477	0.245487	-8052.28
478	0.245487	-8068.2
479	0.245487	-8071.06
480	0.245487	-8087.53
481	0.245487	-8079.18
482	0.245487	-8079.02
483	0.245487	-8058.4
484	0.245487	-8063.51
485	0.245487	-8079.07
486	0.245487	-8071.37
487	0.245487	-8077.05
488	0.245487	-8064.6
489	0.245487	-8078.91
490	0.245487	-8065.26
491	0.245487	-8067.15
492	0.245487	-8082.9
493	0.245487	-8056.56
494	0.245487	-8060.28
495	0.245487	-8049.42
496	0.245487	-8078.15
497	0.245487	-8079.77
498	0.245487	-8099.48
499	0.245487	-8100.61
500	0.245487	-8094.92
501	0.245487	-8088.8
502	0.245487	-8067.39
503	0.245487	-8068.97
504	0.245487	-8102.98
505	0.245487	-8071.38
506	0.245487	-8067.69
507	0.245487	-8059.15
508	0.245487	-8065.4
509	0.245487	-8085.97
510	0.245487	-8061.57
511	0.245487	-8079.89
512	0.245487	-8058.2
513	0.245487	-8057.26
514	0.245487	-8040.55
515	0.245487	-8035.71
516	0.245487	-8075.32
517	0.245487	-8073.59
518	0.245487	-8083.07
519	0.245487	-8075.18
520	0.245487	-8075.98
521	0.245487	-8073.67
522	0.245487	-8079.67
523	0.245487	-8053.55
524	0.245487	-8060.08
525	0.245487	-8063.44
526	0.245487	-8065.34
527	0.245487	-8084.7
528	0.245487	-8070.44
529	0.245487	-8111.51
530	0.245487	-8075.83
531	0.245487	-8087.88
532	0.245487	-8122.41
533	0.245487	-8105.02
534	0.245487	-8078.86
535	0.245487	-8074.42
536	0.245487	-8069.14
537	0.245487	-8058.59
538	0.245487	-8074.84
539	0.245487	-8077.31
540	0.245487	-8100.43
541	0.245487	-8059.79
542	0.245487	-8069.39
543	0.245487	-8064.08
544	0.245487	-8107.51
545	0.245487	-8112.23
546	0.245487	-8087.91
547	0.245487	-8103.49
548	0.245487	-8092.09
549	0.245487	-8068.92
550	0.245487	-8059.85
551	0.245487	-8089.85
552	0.245487	-8056.81
553	0.245487	-8074.89
554	0.245487	-8060.5
555	0.245487	-8050.71
556	0.245487	-8057.26
557	0.245487	-8062.92
558	0.245487	-8040.03
559	0.245487	-8040.88
560	0.245487	-8042.3
561	0.245487	-8041.89
562	0.245487	-8087.61
563	0.245487	-8075
564	0.245487	-8065.8
565	0.245487	-8048.93
566	0.245487	-8041.6
567	0.245487	-8067.91
568	0.245487	-8046.61
569	0.245487	-8044.84
570	0.245487	-8054.52
571	0.245487	-8051.21
572	0.245487	-8050.92
573	0.245487	-8045.63
574	0.245487	-8060.15
575	0.245487	-8062.2
576	0.245487	-8062.96
577	0.245487	-8057.55
578	0.245487	-8065.93
579	0.245487	-8059.15
580	0.245487	-8055.38
581	0.245487	-8049.17
582	0.245487	-8058.19
583	0.245487	-8074.92
584	0.245487	-8081.64
585	0.245487	-8092.27
586	0.245487	-8092.78
587	0.245487	-8093.16
588	0.245487	-8082.94
589	0.245487	-8076.27
590	0.245487	-8079.91
591	0.245487	-8099.36
592	0.245487	-8070.23
593	0.245487	-8059.49
594	0.245487	-8068.71
595	0.245487	-8048.87
596	0.245487	-8057.83
597	0.245487	-8061.88
598	0.245487	-8056.76
599	0.245487	-8078.05
600	0.245487	-8074.24
601	0.245487	-8080.04
602	0.245487	-8068.74
603	0.245487	-8049.41
604	0.245487	-8062.84
605	0.245487	-8044.81
606	0.245487	-8047.72
607	0.245487	-8050.31
608	0.245487	-8060.95
609	0.245487	-8067.95
610	0.245487	-8072.85
611	0.245487	-8071.42
612	0.245487	-8049.72
613	0.245487	-8037.07
614	0.245487	-8038.63
615	0.245487	-8036.91
616	0.245487	-8061.2
617	0.245487	-8065.6
618	0.245487	-8072.2
619	0.245487	-8062.15
620	0.245487	-8040.08
621	0.245487	-8062.05
622	0.245487	-8048.46
623	0.245487	-8066.3
624	0.245487	-8046.83
625	0.245487	-8039.95
626	0.245487	-8054.87
627	0.245487	-8045.24
628	0.245487	-8078.75
629	0.245487	-8071.99
630	0.245487	-8065.41
631	0.245487	-8077.55
632	0.245487	-8072.63
633	0.245487	-8057.68
634	0.245487	-8064.04
635	0.245487	-8068.58
636	0.245487	-8084.51
637	0.245487	-8057.54
638	0.245487	-8063.63
639	0.245487	-8048.92
640	0.245487	-8062.88
641	0.245487	-8061.78
642	0.245487	-8080.68
643	0.245487	-8049.94
644	0.245487	-8097.06
645	0.245487	-8095.96
646	0.245487	-8075.53
647	0.245487	-8066.63
648	0.245487	-8081.42
649	0.245487	-8058.23
650	0.245487	-8080.19
651	0.245487	-8068.72
652	0.245487	-8066.98
653	0.245487	-8058.14
654	0.245487	-8068.92
655	0.245487	-8070.5
656	0.245487	-8093.48
657	0.245487	-8105.07
658	0.245487	-8084.66
659	0.245487	-8142.43
660	0.245487	-8112.23
661	0.245487	-8107.45
662	0.245487	-8112.86
663	0.245487	-8078.74
664	0.245487	-8072.03
665	0.245487	-8109.58
666	0.245487	-8107.71
667	0.245487	-8096.98
668	0.245487	-8090.81
669	0.245487	-8093.66
670	0.245487	-8077.41
671	0.245487	-8063.92
672	0.245487	-8061.49
673	0.245487	-8044.25
674	0.245487	-8057.76
675	0.245487	-8040.97
676	0.245487	-8061.95
677	0.245487	-8083.08
678	0.245487	-8066.35
679	0.245487	-8049.71
680	0.245487	-8050.21
681	0.245487	-8057.48
682	0.245487	-8045.78
683	0.245487	-8035.42
684	0.245487	-8043.98
685	0.245487	-8051.82
686	0.245487	-8046.07
687	0.245487	-8084.15
688	0.245487	-8031.7
689	0.245487	-8057.77
690	0.245487	-8075.3
691	0.245487	-8098.04
692	0.245487	-8076.11
693	0.245487	-8083.68
694	0.245487	-8083.01
695	0.245487	-8079.28
696	0.245487	-8104.25
697	0.245487	-8092.58
698	0.245487	-8085.87
699	0.245487	-8085.47
700	0.245487	-8099.54
701	0.245487	-8047.58
702	0.245487	-8038.86
703	0.245487	-8057.38
704	0.245487	-8089.89
705	0.245487	-8051.45
706	0.245487	-8068.61
707	0.245487	-8060.74
708	0.245487	-8095.3
709	0.245487	-8069.16
710	0.245487	-8076.12
711	0.245487	-8058.84
712	0.245487	-8079.43
713	0.245487	-8091.57
714	0.245487	-8080.84
715	0.245487	-8115.2
716	0.245487	-8096.66
717	0.245487	-8079.11
718	0.245487	-8088.01
719	0.245487	-8086.83
720	0.245487	-8077.46
721	0.245487	-8100.77
722	0.245487	-8099.57
723	0.245487	-8062.43
724	0.245487	-8075.41
725	0.245487	-8075.15
726	0.245487	-8069.43
727	0.245487	-8066.7
728	0.245487	-8074.87
729	0.245487	-8083.83
730	0.245487	-8065.05
731	0.245487	-8063.72
732	0.245487	-8086.91
733	0.245487	-8068.53
734	0.245487	-8061.75
735	0.245487	-8061.29
736	0.245487	-8068.55
737	0.245487	-8088.88
738	0.245487	-8092.35
739	0.245487	-8051.81
740	0.245487	-8066.86
741	0.245487	-8038.1
742	0.245487	-8056.25
743	0.245487	-8046.14
744	0.245487	-8065.53
745	0.245487	-8106.96
746	0.245487	-8058.79
747	0.245487	-8054.04
748	0.245487	-8065.56
749	0.245487	-8056
750	0.245487	-8074.96
751	0.245487	-8098.01
752	0.245487	-8089.19
753	0.245487	-8077.5
754	0.245487	-8058.31
755	0.245487	-8054.92
756	0.245487	-8081.83
757	0.245487	-8069.3
758	0.245487	-8067.03
759	0.245487	-8065.13
760	0.245487	-8065.96
761	0.245487	-8083.15
762	0.245487	-8084.29
763	0.245487	-8088.19
764	0.245487	-8068.47
765	0.245487	-8057.63
766	0.245487	-8035.76
767	0.245487	-8061.03
768	0.245487	-8051.9
769	0.245487	-8081.91
770	0.245487	-8059.12
771	0.245487	-8059.75
772	0.245487	-8058.17
773	0.245487	-8051.64
774	0.245487	-8087.69
775	0.245487	-8071.19
776	0.245487	-8082.4
777	0.245487	-8057.92
778	0.245487	-8075.55
779	0.245487	-8079.74
780	0.245487	-8093.93
781	0.245487	-8106.68
782	0.245487	-8096.19
783	0.245487	-8091.91
784	0.245487	-8076.16
785	0.245487	-8064.35
786	0.245487	-8077.4
787	0.245487	-8084.31
788	0.245487	-8069.8
789	0.245487	-8067.28
790	0.245487	-8067.83
791	0.245487	-8080.76
792	0.245487	-8072.19
793	0.245487	-8044.04
794	0.245487	-8047.95
795	0.245487	-8050.69
796	0.245487	-8061.6
797	0.245487	-8065.03
798	0.245487	-8080.98
799	0.245487	-8070.52
800	0.245487	-8074.14
801	0.245487	-8060.12
802	0.245487	-8058.68
803	0.245487	-8065.09
804	0.245487	-8042.77
805	0.245487	-8057.92
806	0.245487	-8063.32
807	0.245487	-8054.69
808	0.245487	-8074.69
809	0.245487	-8060.69
810	0.245487	-8075.65
811	0.245487	-8083.64
812	0.245487	-8090.04
813	0.245487	-8094.26
814	0.245487	-8081.88
815	0.245487	-8062.59
816	0.245487	-8061.7
817	0.245487	-8072.19
818	0.245487	-8074.87
819	0.245487	-8094.94
820	0.245487	-8058.9
821	0.245487	-8064.2
822	0.245487	-8091.28
823	0.245487	-8072.18
824	0.245487	-8085.73
825	0.245487	-8071.32
826	0.245487	-8053.51
827	0.245487	-8050.07
828	0.245487	-8071.39
829	0.245487	-8065.92
830	0.245487	-8062
831	0.245487	-8080.03
832	0.245487	-8082
833	0.245487	-8092.62
834	0.245487	-8059.88
835	0.245487	-8059.96
836	0.245487	-8066.92
837	0.245487	-8095.58
838	0.245487	-8069.32
839	0.245487	-8076.25
840	0.245487	-8072.09
841	0.245487	-8079.2
842	0.245487	-8086.63
843	0.245487	-8085.37
844	0.245487	-8064.98
845	0.245487	-8067.12
846	0.245487	-8076
847	0.245487	-8076.42
848	0.245487	-8074.89
849	0.245487	-8074.63
850	0.245487	-8078.07
851	0.245487	-8052.94
852	0.245487	-8064.93
853	0.245487	-8069.11
854	0.245487	-8054.1
855	0.245487	-8044.25
856	0.245487	-8028.19
857	0.245487	-8063.07
858	0.245487	-8050.55
859	0.245487	-8059.58
860	0.245487	-8072.38
861	0.245487	-8073.26
862	0.245487	-8072.98
863	0.245487	-8084.46
864	0.245487	-8061.15
865	0.245487	-8049.46
866	0.245487	-8062.75
867	0.245487	-8090.36
868	0.245487	-8095.47
869	0.245487	-8083.83
870	0.245487	-8083.73
871	0.245487	-8086.32
872	0.245487	-8077.32
873	0.245487	-8082.26
874	0.245487	-8078.58
875	0.245487	-8073.31
876	0.245487	-8080.56
877	0.245487	-8063.8
878	0.245487	-8048.61
879	0.245487	-8052.74
880	0.245487	-8057.83
881	0.245487	-8065.03
882	0.245487	-8068.54
883	0.245487	-8070.9
884	0.245487	-8061.38
885	0.245487	-8047.34
886	0.245487	-8060.34
887	0.245487	-8041.65
888	0.245487	-8047.26
889	0.245487	-8057.21
890	0.245487	-8042.61
891	0.245487	-8057.46
892	0.245487	-8055.33
893	0.245487	-8042.53
894	0.245487	-8068.26
895	0.245487	-8052.47
896	0.245487	-8050.6
897	0.245487	-8069.01
898	0.245487	-8060.31
899	0.245487	-8053.9
900	0.245487	-8067.33
901	0.245487	-8075.18
902	0.245487	-8087.24
903	0.245487	-8075.56
904	0.245487	-8061.52
905	0.245487	-8065.38
906	0.245487	-8055.38
907	0.245487	-8050.25
908	0.245487	-8052.66
909	0.245487	-8062.13
910	0.245487	-8098.01
911	0.245487	-8080.92
912	0.245487	-8067.3
913	0.245487	-8074.6
914	0.245487	-8081.82
915	0.245487	-8061.64
916	0.245487	-8066.05
917	0.245487	-8050.08
918	0.245487	-8055.76
919	0.245487	-8053.89
920	0.245487	-8044.61
921	0.245487	-8071.59
922	0.245487	-8054.18
923	0.245487	-8062.78
924	0.245487	-8074.19
925	0.245487	-8067.56
926	0.245487	-8086.73
927	0.245487	-8087.35
928	0.245487	-8087.75
929	0.245487	-8043.14
930	0.245487	-8050.83
931	0.245487	-8070.63
932	0.245487	-8072.44
933	0.245487	-8087.33
934	0.245487	-8092.16
935	0.245487	-8082.11
936	0.245487	-8066.65
937	0.245487	-8051.98
938	0.245487	-8059.7
939	0.245487	-8041.66
940	0.245487	-8035.05
941	0.245487	-8036.71
942	0.245487	-8058.04
943	0.245487	-8090.55
944	0.245487	-8058.1
945	0.245487	-8076.11
946	0.245487	-8075.89
947	0.245487	-8061.41
948	0.245487	-8067.65
949	0.245487	-8070.81
950	0.245487	-8080.26
951	0.245487	-8073.87
952	0.245487	-8126.87
953	0.245487	-8095.1
954	0.245487	-8069.09
955	0.245487	-8084.54
956	0.245487	-8091.47
957	0.245487	-8052.88
958	0.245487	-8046.87
959	0.245487	-8056.28
960	0.245487	-8055.67
961	0.245487	-8049.41
962	0.245487	-8061.83
963	0.245487	-8096.79
964	0.245487	-8076.79
965	0.245487	-8080.81
966	0.245487	-8088.04
967	0.245487	-8063.85
968	0.245487	-8070.75
969	0.245487	-8075.86
970	0.245487	-8059.45
971	0.245487	-8056.98
972	0.245487	-8058.59
973	0.245487	-8067.92
974	0.245487	-8059.1
975	0.245487	-8064.15
976	0.245487	-8060.23
977	0.245487	-8092.26
978	0.245487	-8086.66
979	0.245487	-8082.34
980	0.245487	-8065.06
981	0.245487	-8072.49
982	0.245487	-8058.58
983	0.245487	-8055.11
984	0.245487	-8052.32
985	0.245487	-8068.93
986	0.245487	-8089
987	0.245487	-8067.72
988	0.245487	-8073.56
989	0.245487	-8050.63
990	0.245487	-8079.25
991	0.245487	-8063.28
992	0.245487	-8077.99
993	0.245487	-8069.99
994	0.245487	-8077.05
995	0.245487	-8070.83
996	0.245487	-8082.02
997	0.245487	-8075.03
998	0.245487	-8076.05
999	0.245487	-8071.86
1000	0.245487	-8067.5
