state	power	likelihood
251	0.0680874	-8251.98
252	0.0680874	-8312.13
253	0.0680874	-8262.62
254	0.0680874	-8188.69
255	0.0680874	-8270.94
256	0.0680874	-8250.57
257	0.0680874	-8210.37
258	0.0680874	-8187.55
259	0.0680874	-8196.28
260	0.0680874	-8203.66
261	0.0680874	-8218.66
262	0.0680874	-8159.36
263	0.0680874	-8139.28
264	0.0680874	-8123.57
265	0.0680874	-8108.21
266	0.0680874	-8137.54
267	0.0680874	-8182.61
268	0.0680874	-8160.08
269	0.0680874	-8209.84
270	0.0680874	-8265.23
271	0.0680874	-8180.39
272	0.0680874	-8154.65
273	0.0680874	-8271.28
274	0.0680874	-8333.25
275	0.0680874	-8266.53
276	0.0680874	-8249.34
277	0.0680874	-8206.44
278	0.0680874	-8266.26
279	0.0680874	-8290.97
280	0.0680874	-8231.34
281	0.0680874	-8252.35
282	0.0680874	-8243.49
283	0.0680874	-8211.71
284	0.0680874	-8149.97
285	0.0680874	-8250.85
286	0.0680874	-8210.34
287	0.0680874	-8158.25
288	0.0680874	-8231.05
289	0.0680874	-8157.46
290	0.0680874	-8211.4
291	0.0680874	-8219.5
292	0.0680874	-8213.55
293	0.0680874	-8261.11
294	0.0680874	-8148.34
295	0.0680874	-8193.12
296	0.0680874	-8155.52
297	0.0680874	-8174.24
298	0.0680874	-8097.99
299	0.0680874	-8146.69
300	0.0680874	-8132.85
301	0.0680874	-8206.14
302	0.0680874	-8196.26
303	0.0680874	-8306.97
304	0.0680874	-8268.36
305	0.0680874	-8156.99
306	0.0680874	-8112.09
307	0.0680874	-8178.66
308	0.0680874	-8156.67
309	0.0680874	-8167.11
310	0.0680874	-8165.9
311	0.0680874	-8182.82
312	0.0680874	-8179.16
313	0.0680874	-8159.87
314	0.0680874	-8134.71
315	0.0680874	-8157.24
316	0.0680874	-8169
317	0.0680874	-8183.95
318	0.0680874	-8221.23
319	0.0680874	-8118.64
320	0.0680874	-8256.01
321	0.0680874	-8195.79
322	0.0680874	-8191.28
323	0.0680874	-8196.8
324	0.0680874	-8260.24
325	0.0680874	-8195.7
326	0.0680874	-8182.21
327	0.0680874	-8118.52
328	0.0680874	-8147.21
329	0.0680874	-8139.93
330	0.0680874	-8151.2
331	0.0680874	-8153.71
332	0.0680874	-8171.2
333	0.0680874	-8156.6
334	0.0680874	-8190.93
335	0.0680874	-8314.36
336	0.0680874	-8201.7
337	0.0680874	-8115.1
338	0.0680874	-8143.44
339	0.0680874	-8173.22
340	0.0680874	-8199.39
341	0.0680874	-8134.76
342	0.0680874	-8129.22
343	0.0680874	-8164.69
344	0.0680874	-8092.54
345	0.0680874	-8095
346	0.0680874	-8146.59
347	0.0680874	-8096.72
348	0.0680874	-8134.49
349	0.0680874	-8152.17
350	0.0680874	-8105.15
351	0.0680874	-8098.7
352	0.0680874	-8139.5
353	0.0680874	-8099.72
354	0.0680874	-8108.05
355	0.0680874	-8125.43
356	0.0680874	-8155.38
357	0.0680874	-8139.48
358	0.0680874	-8164.82
359	0.0680874	-8167.64
360	0.0680874	-8214.64
361	0.0680874	-8214.28
362	0.0680874	-8239.44
363	0.0680874	-8269.87
364	0.0680874	-8294.67
365	0.0680874	-8201.06
366	0.0680874	-8253.04
367	0.0680874	-8148.29
368	0.0680874	-8110.09
369	0.0680874	-8174
370	0.0680874	-8175.57
371	0.0680874	-8181.68
372	0.0680874	-8240.18
373	0.0680874	-8222.4
374	0.0680874	-8222.27
375	0.0680874	-8224.63
376	0.0680874	-8166.94
377	0.0680874	-8248.6
378	0.0680874	-8400.13
379	0.0680874	-8278.99
380	0.0680874	-8250.39
381	0.0680874	-8316.52
382	0.0680874	-8281.04
383	0.0680874	-8265.72
384	0.0680874	-8281.02
385	0.0680874	-8226.55
386	0.0680874	-8150.59
387	0.0680874	-8136.01
388	0.0680874	-8157.58
389	0.0680874	-8137.3
390	0.0680874	-8178.74
391	0.0680874	-8212.84
392	0.0680874	-8206.47
393	0.0680874	-8221.44
394	0.0680874	-8232.6
395	0.0680874	-8247.73
396	0.0680874	-8214.33
397	0.0680874	-8094.2
398	0.0680874	-8113.4
399	0.0680874	-8134.21
400	0.0680874	-8129.06
401	0.0680874	-8184.03
402	0.0680874	-8192.73
403	0.0680874	-8282.09
404	0.0680874	-8177.84
405	0.0680874	-8194.09
406	0.0680874	-8152.62
407	0.0680874	-8165.34
408	0.0680874	-8140.64
409	0.0680874	-8179.41
410	0.0680874	-8149.59
411	0.0680874	-8148.36
412	0.0680874	-8173.49
413	0.0680874	-8188.61
414	0.0680874	-8156.51
415	0.0680874	-8177.58
416	0.0680874	-8214.38
417	0.0680874	-8153.13
418	0.0680874	-8110.92
419	0.0680874	-8141.48
420	0.0680874	-8229.05
421	0.0680874	-8267.8
422	0.0680874	-8214.11
423	0.0680874	-8272.14
424	0.0680874	-8168.37
425	0.0680874	-8105.17
426	0.0680874	-8200.18
427	0.0680874	-8229.65
428	0.0680874	-8219.14
429	0.0680874	-8146.11
430	0.0680874	-8174.78
431	0.0680874	-8247.68
432	0.0680874	-8242.59
433	0.0680874	-8226.35
434	0.0680874	-8178.67
435	0.0680874	-8198.33
436	0.0680874	-8181.7
437	0.0680874	-8134.39
438	0.0680874	-8198.94
439	0.0680874	-8128.5
440	0.0680874	-8198.22
441	0.0680874	-8253.16
442	0.0680874	-8235.41
443	0.0680874	-8261.42
444	0.0680874	-8271.17
445	0.0680874	-8267.07
446	0.0680874	-8350.61
447	0.0680874	-8259.6
448	0.0680874	-8269.52
449	0.0680874	-8292.81
450	0.0680874	-8322.65
451	0.0680874	-8377.9
452	0.0680874	-8386.27
453	0.0680874	-8322.9
454	0.0680874	-8364.74
455	0.0680874	-8218.44
456	0.0680874	-8220.9
457	0.0680874	-8180.71
458	0.0680874	-8101.19
459	0.0680874	-8104.05
460	0.0680874	-8263.66
461	0.0680874	-8245.3
462	0.0680874	-8186.5
463	0.0680874	-8178.89
464	0.0680874	-8193.71
465	0.0680874	-8172.81
466	0.0680874	-8144.55
467	0.0680874	-8262.93
468	0.0680874	-8309.44
469	0.0680874	-8177.94
470	0.0680874	-8153.18
471	0.0680874	-8170.44
472	0.0680874	-8152.9
473	0.0680874	-8159.49
474	0.0680874	-8164.71
475	0.0680874	-8175.23
476	0.0680874	-8176.74
477	0.0680874	-8154.37
478	0.0680874	-8192.61
479	0.0680874	-8152.56
480	0.0680874	-8255.01
481	0.0680874	-8164.81
482	0.0680874	-8108.9
483	0.0680874	-8199.1
484	0.0680874	-8258.57
485	0.0680874	-8159.49
486	0.0680874	-8175.02
487	0.0680874	-8204.92
488	0.0680874	-8157.89
489	0.0680874	-8313.78
490	0.0680874	-8201.15
491	0.0680874	-8162.55
492	0.0680874	-8098.41
493	0.0680874	-8146.65
494	0.0680874	-8151.39
495	0.0680874	-8153.08
496	0.0680874	-8170.25
497	0.0680874	-8209.65
498	0.0680874	-8198.26
499	0.0680874	-8220.93
500	0.0680874	-8212.52
501	0.0680874	-8196.58
502	0.0680874	-8184.6
503	0.0680874	-8170.84
504	0.0680874	-8142.44
505	0.0680874	-8141.51
506	0.0680874	-8165.81
507	0.0680874	-8150.38
508	0.0680874	-8098.34
509	0.0680874	-8235.87
510	0.0680874	-8184.59
511	0.0680874	-8165.48
512	0.0680874	-8167.19
513	0.0680874	-8155.65
514	0.0680874	-8135.3
515	0.0680874	-8174.16
516	0.0680874	-8182.55
517	0.0680874	-8166.02
518	0.0680874	-8132.17
519	0.0680874	-8119.47
520	0.0680874	-8150.15
521	0.0680874	-8143.46
522	0.0680874	-8189.4
523	0.0680874	-8216.87
524	0.0680874	-8212.16
525	0.0680874	-8160.86
526	0.0680874	-8145.99
527	0.0680874	-8269.15
528	0.0680874	-8169.51
529	0.0680874	-8118.92
530	0.0680874	-8140.12
531	0.0680874	-8147.71
532	0.0680874	-8193.7
533	0.0680874	-8150.31
534	0.0680874	-8179.58
535	0.0680874	-8143.92
536	0.0680874	-8157.18
537	0.0680874	-8218.87
538	0.0680874	-8230.73
539	0.0680874	-8187.02
540	0.0680874	-8171.64
541	0.0680874	-8210.25
542	0.0680874	-8172.7
543	0.0680874	-8144.48
544	0.0680874	-8204.18
545	0.0680874	-8200.84
546	0.0680874	-8202.81
547	0.0680874	-8285.24
548	0.0680874	-8264.76
549	0.0680874	-8143.02
550	0.0680874	-8172.01
551	0.0680874	-8166.08
552	0.0680874	-8174.05
553	0.0680874	-8213.45
554	0.0680874	-8183.25
555	0.0680874	-8250.92
556	0.0680874	-8165.7
557	0.0680874	-8213.5
558	0.0680874	-8149.61
559	0.0680874	-8127.74
560	0.0680874	-8096.51
561	0.0680874	-8147.33
562	0.0680874	-8207.17
563	0.0680874	-8121.94
564	0.0680874	-8133.92
565	0.0680874	-8068.28
566	0.0680874	-8135.19
567	0.0680874	-8133.43
568	0.0680874	-8143.33
569	0.0680874	-8219.39
570	0.0680874	-8180.77
571	0.0680874	-8154.43
572	0.0680874	-8192.36
573	0.0680874	-8240.7
574	0.0680874	-8182.25
575	0.0680874	-8224.21
576	0.0680874	-8161.2
577	0.0680874	-8222.4
578	0.0680874	-8195.44
579	0.0680874	-8239.51
580	0.0680874	-8225.61
581	0.0680874	-8227.15
582	0.0680874	-8153.32
583	0.0680874	-8204.91
584	0.0680874	-8213.75
585	0.0680874	-8221.68
586	0.0680874	-8146.23
587	0.0680874	-8178.12
588	0.0680874	-8258.08
589	0.0680874	-8174.41
590	0.0680874	-8238.41
591	0.0680874	-8201.72
592	0.0680874	-8194.4
593	0.0680874	-8192.49
594	0.0680874	-8231.03
595	0.0680874	-8300.17
596	0.0680874	-8260.96
597	0.0680874	-8195.48
598	0.0680874	-8241.79
599	0.0680874	-8173.01
600	0.0680874	-8172.02
601	0.0680874	-8215.43
602	0.0680874	-8317.57
603	0.0680874	-8218.05
604	0.0680874	-8254.1
605	0.0680874	-8191.37
606	0.0680874	-8147.57
607	0.0680874	-8191.87
608	0.0680874	-8352.93
609	0.0680874	-8411.51
610	0.0680874	-8379.49
611	0.0680874	-8290.65
612	0.0680874	-8288.41
613	0.0680874	-8285.16
614	0.0680874	-8311.21
615	0.0680874	-8174.93
616	0.0680874	-8179.05
617	0.0680874	-8200.65
618	0.0680874	-8233.74
619	0.0680874	-8267.45
620	0.0680874	-8173.19
621	0.0680874	-8167.15
622	0.0680874	-8186.04
623	0.0680874	-8293.57
624	0.0680874	-8251.2
625	0.0680874	-8207.22
626	0.0680874	-8309.31
627	0.0680874	-8162.13
628	0.0680874	-8218.63
629	0.0680874	-8146.75
630	0.0680874	-8132.92
631	0.0680874	-8141.39
632	0.0680874	-8304.68
633	0.0680874	-8325.59
634	0.0680874	-8196.39
635	0.0680874	-8207.28
636	0.0680874	-8122.27
637	0.0680874	-8187.18
638	0.0680874	-8157.17
639	0.0680874	-8160.1
640	0.0680874	-8149.75
641	0.0680874	-8163.54
642	0.0680874	-8157.42
643	0.0680874	-8154.35
644	0.0680874	-8134.76
645	0.0680874	-8161.14
646	0.0680874	-8191.89
647	0.0680874	-8286.77
648	0.0680874	-8277.01
649	0.0680874	-8209.03
650	0.0680874	-8201.75
651	0.0680874	-8264.16
652	0.0680874	-8337.34
653	0.0680874	-8239.88
654	0.0680874	-8207.14
655	0.0680874	-8171.12
656	0.0680874	-8211.05
657	0.0680874	-8186.47
658	0.0680874	-8181.45
659	0.0680874	-8147.64
660	0.0680874	-8162.46
661	0.0680874	-8166.79
662	0.0680874	-8131.29
663	0.0680874	-8228.91
664	0.0680874	-8063.08
665	0.0680874	-8122.93
666	0.0680874	-8130.89
667	0.0680874	-8143.04
668	0.0680874	-8108.56
669	0.0680874	-8161.79
670	0.0680874	-8187.55
671	0.0680874	-8232.49
672	0.0680874	-8153.2
673	0.0680874	-8258.86
674	0.0680874	-8204.33
675	0.0680874	-8175.38
676	0.0680874	-8121.32
677	0.0680874	-8188.69
678	0.0680874	-8213.64
679	0.0680874	-8174.6
680	0.0680874	-8202.3
681	0.0680874	-8177.32
682	0.0680874	-8151.4
683	0.0680874	-8202.46
684	0.0680874	-8193.74
685	0.0680874	-8260.11
686	0.0680874	-8238.88
687	0.0680874	-8196.04
688	0.0680874	-8072.91
689	0.0680874	-8107.34
690	0.0680874	-8161.3
691	0.0680874	-8168.06
692	0.0680874	-8161.85
693	0.0680874	-8128.34
694	0.0680874	-8135.25
695	0.0680874	-8125.35
696	0.0680874	-8158.81
697	0.0680874	-8163.27
698	0.0680874	-8277.65
699	0.0680874	-8228.26
700	0.0680874	-8174.14
701	0.0680874	-8186.43
702	0.0680874	-8084.71
703	0.0680874	-8098.1
704	0.0680874	-8085.47
705	0.0680874	-8173.31
706	0.0680874	-8149.2
707	0.0680874	-8129.26
708	0.0680874	-8127.09
709	0.0680874	-8126.59
710	0.0680874	-8056.13
711	0.0680874	-8077.22
712	0.0680874	-8138.01
713	0.0680874	-8266.47
714	0.0680874	-8241.44
715	0.0680874	-8290.92
716	0.0680874	-8259.31
717	0.0680874	-8217.96
718	0.0680874	-8190.11
719	0.0680874	-8173.35
720	0.0680874	-8226.7
721	0.0680874	-8141.39
722	0.0680874	-8141.89
723	0.0680874	-8188.08
724	0.0680874	-8255.85
725	0.0680874	-8193.98
726	0.0680874	-8283.32
727	0.0680874	-8174.08
728	0.0680874	-8175.94
729	0.0680874	-8189.81
730	0.0680874	-8255.2
731	0.0680874	-8228.65
732	0.0680874	-8236.16
733	0.0680874	-8123.96
734	0.0680874	-8152.11
735	0.0680874	-8118.24
736	0.0680874	-8148.12
737	0.0680874	-8094.45
738	0.0680874	-8144.42
739	0.0680874	-8162.52
740	0.0680874	-8163.98
741	0.0680874	-8191.17
742	0.0680874	-8171.31
743	0.0680874	-8149.93
744	0.0680874	-8142.66
745	0.0680874	-8234.44
746	0.0680874	-8142.15
747	0.0680874	-8127.89
748	0.0680874	-8261.71
749	0.0680874	-8231.95
750	0.0680874	-8151.44
751	0.0680874	-8226.66
752	0.0680874	-8113.69
753	0.0680874	-8061.23
754	0.0680874	-8126.88
755	0.0680874	-8169.51
756	0.0680874	-8126.35
757	0.0680874	-8257.58
758	0.0680874	-8126.33
759	0.0680874	-8127.34
760	0.0680874	-8178.92
761	0.0680874	-8117.92
762	0.0680874	-8168.4
763	0.0680874	-8183.12
764	0.0680874	-8186.24
765	0.0680874	-8178.53
766	0.0680874	-8170.82
767	0.0680874	-8218.82
768	0.0680874	-8184.56
769	0.0680874	-8204.84
770	0.0680874	-8205.57
771	0.0680874	-8190.76
772	0.0680874	-8257.59
773	0.0680874	-8354.97
774	0.0680874	-8188.54
775	0.0680874	-8241.1
776	0.0680874	-8202.53
777	0.0680874	-8219.91
778	0.0680874	-8180.15
779	0.0680874	-8185.04
780	0.0680874	-8154.52
781	0.0680874	-8296.53
782	0.0680874	-8179.93
783	0.0680874	-8201.73
784	0.0680874	-8261.13
785	0.0680874	-8158.4
786	0.0680874	-8136.38
787	0.0680874	-8157.4
788	0.0680874	-8141.56
789	0.0680874	-8187.13
790	0.0680874	-8126.41
791	0.0680874	-8211.66
792	0.0680874	-8199.57
793	0.0680874	-8151.14
794	0.0680874	-8191.54
795	0.0680874	-8140.17
796	0.0680874	-8181.1
797	0.0680874	-8233.9
798	0.0680874	-8255.72
799	0.0680874	-8295.96
800	0.0680874	-8215.82
801	0.0680874	-8178.53
802	0.0680874	-8172.86
803	0.0680874	-8173.33
804	0.0680874	-8130.37
805	0.0680874	-8269.67
806	0.0680874	-8199.79
807	0.0680874	-8224.81
808	0.0680874	-8137.79
809	0.0680874	-8247.16
810	0.0680874	-8122.89
811	0.0680874	-8146.64
812	0.0680874	-8260.15
813	0.0680874	-8213.81
814	0.0680874	-8204.05
815	0.0680874	-8242.86
816	0.0680874	-8342.9
817	0.0680874	-8233.86
818	0.0680874	-8203.2
819	0.0680874	-8140.97
820	0.0680874	-8148.13
821	0.0680874	-8165.64
822	0.0680874	-8163.62
823	0.0680874	-8117.65
824	0.0680874	-8207.87
825	0.0680874	-8280.29
826	0.0680874	-8165.56
827	0.0680874	-8214.24
828	0.0680874	-8156.85
829	0.0680874	-8156.24
830	0.0680874	-8234.47
831	0.0680874	-8140.72
832	0.0680874	-8157.6
833	0.0680874	-8220.92
834	0.0680874	-8157.06
835	0.0680874	-8141.17
836	0.0680874	-8145.57
837	0.0680874	-8274.85
838	0.0680874	-8277.96
839	0.0680874	-8201.3
840	0.0680874	-8267.42
841	0.0680874	-8216.85
842	0.0680874	-8143.17
843	0.0680874	-8165.26
844	0.0680874	-8244.29
845	0.0680874	-8228.64
846	0.0680874	-8162.43
847	0.0680874	-8073.23
848	0.0680874	-8103.41
849	0.0680874	-8070.59
850	0.0680874	-8137.94
851	0.0680874	-8113.34
852	0.0680874	-8183.98
853	0.0680874	-8177.93
854	0.0680874	-8194.94
855	0.0680874	-8153.63
856	0.0680874	-8137.21
857	0.0680874	-8207.05
858	0.0680874	-8128.31
859	0.0680874	-8158.42
860	0.0680874	-8153.39
861	0.0680874	-8154.41
862	0.0680874	-8126.44
863	0.0680874	-8185.72
864	0.0680874	-8173.62
865	0.0680874	-8288.09
866	0.0680874	-8286.67
867	0.0680874	-8278.87
868	0.0680874	-8201.25
869	0.0680874	-8227.36
870	0.0680874	-8156.84
871	0.0680874	-8220.92
872	0.0680874	-8102.14
873	0.0680874	-8215.5
874	0.0680874	-8169.08
875	0.0680874	-8154.21
876	0.0680874	-8183.58
877	0.0680874	-8186.87
878	0.0680874	-8152.04
879	0.0680874	-8184.44
880	0.0680874	-8260.83
881	0.0680874	-8221.72
882	0.0680874	-8212.7
883	0.0680874	-8184.35
884	0.0680874	-8204.57
885	0.0680874	-8211.24
886	0.0680874	-8141.35
887	0.0680874	-8174.51
888	0.0680874	-8168.45
889	0.0680874	-8184.76
890	0.0680874	-8103.51
891	0.0680874	-8118.78
892	0.0680874	-8161.3
893	0.0680874	-8157.33
894	0.0680874	-8147.89
895	0.0680874	-8135.65
896	0.0680874	-8111.86
897	0.0680874	-8140.64
898	0.0680874	-8125.79
899	0.0680874	-8181.86
900	0.0680874	-8309.35
901	0.0680874	-8200.22
902	0.0680874	-8245.99
903	0.0680874	-8180.87
904	0.0680874	-8148.05
905	0.0680874	-8133.4
906	0.0680874	-8112.52
907	0.0680874	-8180.98
908	0.0680874	-8249.22
909	0.0680874	-8275.97
910	0.0680874	-8198.17
911	0.0680874	-8212.18
912	0.0680874	-8201.25
913	0.0680874	-8222.83
914	0.0680874	-8209.85
915	0.0680874	-8221.05
916	0.0680874	-8178.16
917	0.0680874	-8203.06
918	0.0680874	-8171.29
919	0.0680874	-8163.98
920	0.0680874	-8141.34
921	0.0680874	-8119.23
922	0.0680874	-8157.92
923	0.0680874	-8151.83
924	0.0680874	-8225.35
925	0.0680874	-8165.36
926	0.0680874	-8140.44
927	0.0680874	-8201.99
928	0.0680874	-8198.56
929	0.0680874	-8167.94
930	0.0680874	-8165.92
931	0.0680874	-8104.41
932	0.0680874	-8174.73
933	0.0680874	-8214.38
934	0.0680874	-8188.65
935	0.0680874	-8123.19
936	0.0680874	-8125.55
937	0.0680874	-8096.95
938	0.0680874	-8111
939	0.0680874	-8148.56
940	0.0680874	-8114.1
941	0.0680874	-8217.5
942	0.0680874	-8272.04
943	0.0680874	-8163.74
944	0.0680874	-8152.99
945	0.0680874	-8142.83
946	0.0680874	-8236.42
947	0.0680874	-8262.28
948	0.0680874	-8259.45
949	0.0680874	-8148.16
950	0.0680874	-8196.16
951	0.0680874	-8174.85
952	0.0680874	-8158.24
953	0.0680874	-8210.08
954	0.0680874	-8302.92
955	0.0680874	-8277.62
956	0.0680874	-8101.25
957	0.0680874	-8183.31
958	0.0680874	-8108.82
959	0.0680874	-8169.64
960	0.0680874	-8205.62
961	0.0680874	-8255.16
962	0.0680874	-8234.05
963	0.0680874	-8173.36
964	0.0680874	-8095.79
965	0.0680874	-8198.43
966	0.0680874	-8066.53
967	0.0680874	-8151.31
968	0.0680874	-8121.77
969	0.0680874	-8147.88
970	0.0680874	-8167.6
971	0.0680874	-8137.66
972	0.0680874	-8122.81
973	0.0680874	-8144.63
974	0.0680874	-8175.81
975	0.0680874	-8329.88
976	0.0680874	-8408.92
977	0.0680874	-8175.09
978	0.0680874	-8211.62
979	0.0680874	-8293.32
980	0.0680874	-8172.55
981	0.0680874	-8245.73
982	0.0680874	-8247.8
983	0.0680874	-8276.01
984	0.0680874	-8285.88
985	0.0680874	-8246.93
986	0.0680874	-8201.16
987	0.0680874	-8169.94
988	0.0680874	-8157.93
989	0.0680874	-8172.05
990	0.0680874	-8210.6
991	0.0680874	-8266.62
992	0.0680874	-8216.88
993	0.0680874	-8220.12
994	0.0680874	-8204.47
995	0.0680874	-8197.99
996	0.0680874	-8132.22
997	0.0680874	-8169.69
998	0.0680874	-8108.72
999	0.0680874	-8215.53
1000	0.0680874	-8143.34
