state	power	likelihood
251	0.185935	-8125.84
252	0.185935	-8135.89
253	0.185935	-8120.39
254	0.185935	-8132.73
255	0.185935	-8127.01
256	0.185935	-8123.42
257	0.185935	-8073.72
258	0.185935	-8114.92
259	0.185935	-8126.94
260	0.185935	-8107.5
261	0.185935	-8130.16
262	0.185935	-8087.1
263	0.185935	-8090.1
264	0.185935	-8107.94
265	0.185935	-8091.58
266	0.185935	-8092.34
267	0.185935	-8120.22
268	0.185935	-8101.97
269	0.185935	-8100.43
270	0.185935	-8105.37
271	0.185935	-8111.36
272	0.185935	-8067.94
273	0.185935	-8072.75
274	0.185935	-8107.46
275	0.185935	-8094.48
276	0.185935	-8099.37
277	0.185935	-8075.25
278	0.185935	-8069.07
279	0.185935	-8061.35
280	0.185935	-8079.86
281	0.185935	-8124.34
282	0.185935	-8117.98
283	0.185935	-8108.39
284	0.185935	-8077.85
285	0.185935	-8031.54
286	0.185935	-8073.55
287	0.185935	-8051.93
288	0.185935	-8042.92
289	0.185935	-8057.58
290	0.185935	-8055.58
291	0.185935	-8056.76
292	0.185935	-8080.58
293	0.185935	-8128.26
294	0.185935	-8067.85
295	0.185935	-8116.99
296	0.185935	-8081.83
297	0.185935	-8020.91
298	0.185935	-8069.38
299	0.185935	-8068.32
300	0.185935	-8059.4
301	0.185935	-8071.05
302	0.185935	-8063.62
303	0.185935	-8043.59
304	0.185935	-8034.19
305	0.185935	-8027.25
306	0.185935	-8027.32
307	0.185935	-8035.64
308	0.185935	-8043.23
309	0.185935	-8051.49
310	0.185935	-8067.03
311	0.185935	-8084.61
312	0.185935	-8076.46
313	0.185935	-8074.56
314	0.185935	-8065.03
315	0.185935	-8065.86
316	0.185935	-8075.97
317	0.185935	-8068.2
318	0.185935	-8052.55
319	0.185935	-8072.86
320	0.185935	-8077.1
321	0.185935	-8097.2
322	0.185935	-8074.61
323	0.185935	-8097.84
324	0.185935	-8094.93
325	0.185935	-8089.28
326	0.185935	-8094.04
327	0.185935	-8065.7
328	0.185935	-8074.86
329	0.185935	-8057.66
330	0.185935	-8057.12
331	0.185935	-8081.98
332	0.185935	-8089.11
333	0.185935	-8061.18
334	0.185935	-8068.34
335	0.185935	-8098.64
336	0.185935	-8068.17
337	0.185935	-8037.7
338	0.185935	-8023.53
339	0.185935	-8055.74
340	0.185935	-8061.23
341	0.185935	-8042.86
342	0.185935	-8083.46
343	0.185935	-8095.7
344	0.185935	-8070.73
345	0.185935	-8111
346	0.185935	-8067.84
347	0.185935	-8097.81
348	0.185935	-8115.57
349	0.185935	-8091.32
350	0.185935	-8103.35
351	0.185935	-8082.22
352	0.185935	-8088.16
353	0.185935	-8073.54
354	0.185935	-8073.67
355	0.185935	-8059.08
356	0.185935	-8091.67
357	0.185935	-8077.23
358	0.185935	-8055.64
359	0.185935	-8073.15
360	0.185935	-8087.97
361	0.185935	-8084.74
362	0.185935	-8063.35
363	0.185935	-8068.37
364	0.185935	-8074.18
365	0.185935	-8117.71
366	0.185935	-8087.25
367	0.185935	-8052.72
368	0.185935	-8028.69
369	0.185935	-8026.66
370	0.185935	-8042.27
371	0.185935	-8061.77
372	0.185935	-8099.02
373	0.185935	-8062.01
374	0.185935	-8089.73
375	0.185935	-8113.39
376	0.185935	-8074.97
377	0.185935	-8096.15
378	0.185935	-8094.27
379	0.185935	-8069.78
380	0.185935	-8106.68
381	0.185935	-8097.65
382	0.185935	-8059.47
383	0.185935	-8091.15
384	0.185935	-8120.63
385	0.185935	-8093.72
386	0.185935	-8107.94
387	0.185935	-8083.27
388	0.185935	-8094.72
389	0.185935	-8058.98
390	0.185935	-8056.26
391	0.185935	-8069.84
392	0.185935	-8063.37
393	0.185935	-8116.21
394	0.185935	-8110.95
395	0.185935	-8083.53
396	0.185935	-8104.69
397	0.185935	-8053.49
398	0.185935	-8096.2
399	0.185935	-8098
400	0.185935	-8103.45
401	0.185935	-8128.22
402	0.185935	-8104.54
403	0.185935	-8135.47
404	0.185935	-8118.26
405	0.185935	-8118.16
406	0.185935	-8097.69
407	0.185935	-8072.85
408	0.185935	-8069.2
409	0.185935	-8086.49
410	0.185935	-8098.14
411	0.185935	-8082.06
412	0.185935	-8105.59
413	0.185935	-8122.62
414	0.185935	-8118.39
415	0.185935	-8085.63
416	0.185935	-8080.2
417	0.185935	-8044.48
418	0.185935	-8067.69
419	0.185935	-8052.14
420	0.185935	-8082.85
421	0.185935	-8062.99
422	0.185935	-8080.22
423	0.185935	-8084.52
424	0.185935	-8134.16
425	0.185935	-8118.46
426	0.185935	-8093.44
427	0.185935	-8096.71
428	0.185935	-8113.99
429	0.185935	-8129.87
430	0.185935	-8072.19
431	0.185935	-8100.8
432	0.185935	-8071.87
433	0.185935	-8080.53
434	0.185935	-8056.68
435	0.185935	-8086.7
436	0.185935	-8062.31
437	0.185935	-8059.08
438	0.185935	-8052.07
439	0.185935	-8068.71
440	0.185935	-8100.89
441	0.185935	-8078.95
442	0.185935	-8070.82
443	0.185935	-8094.15
444	0.185935	-8105.77
445	0.185935	-8127.34
446	0.185935	-8153.77
447	0.185935	-8130.2
448	0.185935	-8115.2
449	0.185935	-8092.26
450	0.185935	-8089.7
451	0.185935	-8069.13
452	0.185935	-8068.72
453	0.185935	-8079.14
454	0.185935	-8078.08
455	0.185935	-8063.94
456	0.185935	-8071.51
457	0.185935	-8072.81
458	0.185935	-8061.18
459	0.185935	-8049.93
460	0.185935	-8042.63
461	0.185935	-8055.64
462	0.185935	-8062.42
463	0.185935	-8044.56
464	0.185935	-8095.55
465	0.185935	-8080.42
466	0.185935	-8085.8
467	0.185935	-8063.69
468	0.185935	-8060.59
469	0.185935	-8056.09
470	0.185935	-8055.2
471	0.185935	-8061.76
472	0.185935	-8074.39
473	0.185935	-8081.18
474	0.185935	-8107.68
475	0.185935	-8103.47
476	0.185935	-8077.19
477	0.185935	-8095.73
478	0.185935	-8062.33
479	0.185935	-8055.56
480	0.185935	-8125.54
481	0.185935	-8089.58
482	0.185935	-8097.51
483	0.185935	-8102.54
484	0.185935	-8104.31
485	0.185935	-8071
486	0.185935	-8086.26
487	0.185935	-8078.3
488	0.185935	-8104.06
489	0.185935	-8105.75
490	0.185935	-8118.17
491	0.185935	-8087.14
492	0.185935	-8127.89
493	0.185935	-8108.16
494	0.185935	-8132.63
495	0.185935	-8114.84
496	0.185935	-8101.31
497	0.185935	-8091.18
498	0.185935	-8091.35
499	0.185935	-8091.19
500	0.185935	-8082.06
501	0.185935	-8077.73
502	0.185935	-8102.86
503	0.185935	-8087.69
504	0.185935	-8081.62
505	0.185935	-8098.25
506	0.185935	-8087
507	0.185935	-8069.88
508	0.185935	-8076.13
509	0.185935	-8107.76
510	0.185935	-8128.17
511	0.185935	-8127.98
512	0.185935	-8098.35
513	0.185935	-8083.2
514	0.185935	-8068.2
515	0.185935	-8047.69
516	0.185935	-8068.41
517	0.185935	-8071.45
518	0.185935	-8059.86
519	0.185935	-8055.43
520	0.185935	-8026.67
521	0.185935	-8075.52
522	0.185935	-8070.63
523	0.185935	-8070.63
524	0.185935	-8083.72
525	0.185935	-8068.86
526	0.185935	-8048.3
527	0.185935	-8068.55
528	0.185935	-8064.98
529	0.185935	-8083.21
530	0.185935	-8056.6
531	0.185935	-8057.99
532	0.185935	-8052.53
533	0.185935	-8054.78
534	0.185935	-8052.83
535	0.185935	-8053.83
536	0.185935	-8075.33
537	0.185935	-8075.29
538	0.185935	-8060.73
539	0.185935	-8060.18
540	0.185935	-8030.77
541	0.185935	-8054.94
542	0.185935	-8062.62
543	0.185935	-8113.43
544	0.185935	-8099.23
545	0.185935	-8095.72
546	0.185935	-8119.45
547	0.185935	-8074.05
548	0.185935	-8065.27
549	0.185935	-8070.01
550	0.185935	-8093.51
551	0.185935	-8147.77
552	0.185935	-8101.61
553	0.185935	-8058.65
554	0.185935	-8072.83
555	0.185935	-8058.64
556	0.185935	-8106.36
557	0.185935	-8063.3
558	0.185935	-8107.42
559	0.185935	-8091.49
560	0.185935	-8093.32
561	0.185935	-8070.14
562	0.185935	-8082.11
563	0.185935	-8073
564	0.185935	-8073.54
565	0.185935	-8064.97
566	0.185935	-8050.4
567	0.185935	-8069.72
568	0.185935	-8055.71
569	0.185935	-8076.95
570	0.185935	-8073.27
571	0.185935	-8069.27
572	0.185935	-8050.2
573	0.185935	-8059.32
574	0.185935	-8082.1
575	0.185935	-8046.91
576	0.185935	-8077.98
577	0.185935	-8073.96
578	0.185935	-8076.9
579	0.185935	-8048.47
580	0.185935	-8040.61
581	0.185935	-8046.05
582	0.185935	-8045.57
583	0.185935	-8066.19
584	0.185935	-8078.37
585	0.185935	-8061.43
586	0.185935	-8119.51
587	0.185935	-8051.39
588	0.185935	-8103.15
589	0.185935	-8063.48
590	0.185935	-8056.76
591	0.185935	-8053.24
592	0.185935	-8072.58
593	0.185935	-8041.17
594	0.185935	-8085.19
595	0.185935	-8097.3
596	0.185935	-8083.61
597	0.185935	-8078.58
598	0.185935	-8085.16
599	0.185935	-8087.27
600	0.185935	-8106.8
601	0.185935	-8108.96
602	0.185935	-8091.66
603	0.185935	-8089.39
604	0.185935	-8107.41
605	0.185935	-8122.1
606	0.185935	-8083.62
607	0.185935	-8073.99
608	0.185935	-8037.42
609	0.185935	-8059.27
610	0.185935	-8055.3
611	0.185935	-8095.75
612	0.185935	-8107.75
613	0.185935	-8081.04
614	0.185935	-8096.37
615	0.185935	-8111.94
616	0.185935	-8115.23
617	0.185935	-8102.82
618	0.185935	-8095.17
619	0.185935	-8096.43
620	0.185935	-8093.04
621	0.185935	-8059.1
622	0.185935	-8066.46
623	0.185935	-8064.98
624	0.185935	-8069.93
625	0.185935	-8069.21
626	0.185935	-8049.81
627	0.185935	-8051.94
628	0.185935	-8062.02
629	0.185935	-8080.96
630	0.185935	-8094.64
631	0.185935	-8086.32
632	0.185935	-8067.98
633	0.185935	-8088.49
634	0.185935	-8076.08
635	0.185935	-8059.55
636	0.185935	-8067.92
637	0.185935	-8093.22
638	0.185935	-8105.69
639	0.185935	-8098.16
640	0.185935	-8091.62
641	0.185935	-8072.61
642	0.185935	-8073.29
643	0.185935	-8052.64
644	0.185935	-8056.94
645	0.185935	-8058.04
646	0.185935	-8083.72
647	0.185935	-8070.6
648	0.185935	-8083.24
649	0.185935	-8076.14
650	0.185935	-8097.21
651	0.185935	-8119.57
652	0.185935	-8120.25
653	0.185935	-8088.99
654	0.185935	-8065.27
655	0.185935	-8077.86
656	0.185935	-8099.68
657	0.185935	-8123.2
658	0.185935	-8090.26
659	0.185935	-8105.6
660	0.185935	-8095.54
661	0.185935	-8103.48
662	0.185935	-8094.38
663	0.185935	-8109.79
664	0.185935	-8102.76
665	0.185935	-8117.08
666	0.185935	-8111.98
667	0.185935	-8112.31
668	0.185935	-8080.03
669	0.185935	-8077.47
670	0.185935	-8059.93
671	0.185935	-8067.35
672	0.185935	-8086.18
673	0.185935	-8075.3
674	0.185935	-8094.37
675	0.185935	-8072.03
676	0.185935	-8081.56
677	0.185935	-8046.24
678	0.185935	-8096.64
679	0.185935	-8083.08
680	0.185935	-8047.07
681	0.185935	-8046.91
682	0.185935	-8062.34
683	0.185935	-8059.2
684	0.185935	-8068.7
685	0.185935	-8083.64
686	0.185935	-8074.11
687	0.185935	-8065.47
688	0.185935	-8062.51
689	0.185935	-8062.33
690	0.185935	-8045.25
691	0.185935	-8054.51
692	0.185935	-8087.93
693	0.185935	-8057.95
694	0.185935	-8107.52
695	0.185935	-8109.26
696	0.185935	-8058.33
697	0.185935	-8088.12
698	0.185935	-8074.9
699	0.185935	-8079.47
700	0.185935	-8088.8
701	0.185935	-8075.49
702	0.185935	-8066.44
703	0.185935	-8042.51
704	0.185935	-8047.9
705	0.185935	-8080.01
706	0.185935	-8105.51
707	0.185935	-8080.35
708	0.185935	-8112.42
709	0.185935	-8114.2
710	0.185935	-8093.96
711	0.185935	-8068.84
712	0.185935	-8099.47
713	0.185935	-8110.18
714	0.185935	-8084.89
715	0.185935	-8062.74
716	0.185935	-8073.21
717	0.185935	-8069.27
718	0.185935	-8059.66
719	0.185935	-8050.72
720	0.185935	-8052.31
721	0.185935	-8027.52
722	0.185935	-8071.53
723	0.185935	-8048.45
724	0.185935	-8069.4
725	0.185935	-8061.73
726	0.185935	-8080.61
727	0.185935	-8089.78
728	0.185935	-8071.26
729	0.185935	-8092.44
730	0.185935	-8071.15
731	0.185935	-8081.54
732	0.185935	-8079.54
733	0.185935	-8075.12
734	0.185935	-8060.89
735	0.185935	-8088.36
736	0.185935	-8104.54
737	0.185935	-8081.94
738	0.185935	-8087.98
739	0.185935	-8074.67
740	0.185935	-8125.12
741	0.185935	-8109.76
742	0.185935	-8106.79
743	0.185935	-8066.4
744	0.185935	-8062.86
745	0.185935	-8081.43
746	0.185935	-8089.6
747	0.185935	-8090.24
748	0.185935	-8077.2
749	0.185935	-8060.56
750	0.185935	-8077.14
751	0.185935	-8044.78
752	0.185935	-8051.08
753	0.185935	-8060.62
754	0.185935	-8078.03
755	0.185935	-8079.02
756	0.185935	-8056.86
757	0.185935	-8076.12
758	0.185935	-8071.29
759	0.185935	-8073.56
760	0.185935	-8091.18
761	0.185935	-8090.11
762	0.185935	-8080.8
763	0.185935	-8075.92
764	0.185935	-8076.15
765	0.185935	-8052.89
766	0.185935	-8050.4
767	0.185935	-8045.82
768	0.185935	-8059.18
769	0.185935	-8048.9
770	0.185935	-8078.62
771	0.185935	-8051.6
772	0.185935	-8069.67
773	0.185935	-8098.86
774	0.185935	-8099.4
775	0.185935	-8096.94
776	0.185935	-8101.06
777	0.185935	-8082.95
778	0.185935	-8092.71
779	0.185935	-8067.56
780	0.185935	-8071.25
781	0.185935	-8065.85
782	0.185935	-8076.82
783	0.185935	-8083.6
784	0.185935	-8101.79
785	0.185935	-8131.05
786	0.185935	-8123.82
787	0.185935	-8126.39
788	0.185935	-8135.37
789	0.185935	-8103.98
790	0.185935	-8086.55
791	0.185935	-8090.83
792	0.185935	-8115.2
793	0.185935	-8096.41
794	0.185935	-8071.86
795	0.185935	-8088.24
796	0.185935	-8077.47
797	0.185935	-8146.62
798	0.185935	-8135.21
799	0.185935	-8114.65
800	0.185935	-8117.64
801	0.185935	-8106.27
802	0.185935	-8080.54
803	0.185935	-8056.25
804	0.185935	-8049.43
805	0.185935	-8084.38
806	0.185935	-8099.98
807	0.185935	-8091.72
808	0.185935	-8090.68
809	0.185935	-8095.79
810	0.185935	-8071.56
811	0.185935	-8076.1
812	0.185935	-8098.62
813	0.185935	-8126.51
814	0.185935	-8120.36
815	0.185935	-8119.91
816	0.185935	-8090.44
817	0.185935	-8081.24
818	0.185935	-8060.4
819	0.185935	-8053.01
820	0.185935	-8061.13
821	0.185935	-8113.07
822	0.185935	-8133.74
823	0.185935	-8088.69
824	0.185935	-8096.57
825	0.185935	-8071.45
826	0.185935	-8055.94
827	0.185935	-8066.25
828	0.185935	-8111.46
829	0.185935	-8092.36
830	0.185935	-8109.27
831	0.185935	-8063.31
832	0.185935	-8039.46
833	0.185935	-8055.78
834	0.185935	-8083.45
835	0.185935	-8077.37
836	0.185935	-8085.03
837	0.185935	-8091.18
838	0.185935	-8054.02
839	0.185935	-8062.41
840	0.185935	-8028.87
841	0.185935	-8045.62
842	0.185935	-8073.65
843	0.185935	-8079.36
844	0.185935	-8086.71
845	0.185935	-8078.38
846	0.185935	-8087.68
847	0.185935	-8081.17
848	0.185935	-8104.71
849	0.185935	-8115.12
850	0.185935	-8096.06
851	0.185935	-8066.32
852	0.185935	-8076.94
853	0.185935	-8083.36
854	0.185935	-8056.35
855	0.185935	-8083.18
856	0.185935	-8088.15
857	0.185935	-8101.34
858	0.185935	-8083.3
859	0.185935	-8088.92
860	0.185935	-8050.8
861	0.185935	-8106.62
862	0.185935	-8062.86
863	0.185935	-8076.13
864	0.185935	-8116.76
865	0.185935	-8069.46
866	0.185935	-8069.42
867	0.185935	-8056.54
868	0.185935	-8073.88
869	0.185935	-8091.45
870	0.185935	-8049.35
871	0.185935	-8053.7
872	0.185935	-8086.36
873	0.185935	-8082.56
874	0.185935	-8057.42
875	0.185935	-8033.07
876	0.185935	-8031.38
877	0.185935	-8059.4
878	0.185935	-8042.48
879	0.185935	-8087.77
880	0.185935	-8066.75
881	0.185935	-8104.04
882	0.185935	-8084.08
883	0.185935	-8082.9
884	0.185935	-8070.44
885	0.185935	-8095.49
886	0.185935	-8112.95
887	0.185935	-8059.96
888	0.185935	-8080.57
889	0.185935	-8065.95
890	0.185935	-8070.2
891	0.185935	-8058.85
892	0.185935	-8095.83
893	0.185935	-8082.24
894	0.185935	-8106.85
895	0.185935	-8103.51
896	0.185935	-8098.46
897	0.185935	-8103.8
898	0.185935	-8100.27
899	0.185935	-8065.62
900	0.185935	-8092.51
901	0.185935	-8107.55
902	0.185935	-8078.08
903	0.185935	-8097.64
904	0.185935	-8106.88
905	0.185935	-8079.29
906	0.185935	-8076.94
907	0.185935	-8091.8
908	0.185935	-8101.35
909	0.185935	-8082.1
910	0.185935	-8104.34
911	0.185935	-8070.07
912	0.185935	-8070.66
913	0.185935	-8111.74
914	0.185935	-8104.02
915	0.185935	-8086.39
916	0.185935	-8084.88
917	0.185935	-8079.89
918	0.185935	-8092.73
919	0.185935	-8102.95
920	0.185935	-8082.8
921	0.185935	-8073.04
922	0.185935	-8095.6
923	0.185935	-8075.89
924	0.185935	-8150.52
925	0.185935	-8110.47
926	0.185935	-8164.15
927	0.185935	-8095.31
928	0.185935	-8073.29
929	0.185935	-8081.05
930	0.185935	-8062.8
931	0.185935	-8065.83
932	0.185935	-8060.68
933	0.185935	-8064.01
934	0.185935	-8085.2
935	0.185935	-8099.9
936	0.185935	-8089.4
937	0.185935	-8101.63
938	0.185935	-8097.58
939	0.185935	-8048.45
940	0.185935	-8053.48
941	0.185935	-8059.85
942	0.185935	-8088.52
943	0.185935	-8122.56
944	0.185935	-8084.1
945	0.185935	-8107.87
946	0.185935	-8055.22
947	0.185935	-8043.84
948	0.185935	-8042.6
949	0.185935	-8061.87
950	0.185935	-8087.92
951	0.185935	-8071.95
952	0.185935	-8083.29
953	0.185935	-8098.75
954	0.185935	-8064.97
955	0.185935	-8108.37
956	0.185935	-8078.78
957	0.185935	-8112.24
958	0.185935	-8065.08
959	0.185935	-8077.48
960	0.185935	-8084.18
961	0.185935	-8088.14
962	0.185935	-8112.42
963	0.185935	-8109.92
964	0.185935	-8092.4
965	0.185935	-8115.87
966	0.185935	-8073.48
967	0.185935	-8053.76
968	0.185935	-8067.98
969	0.185935	-8074.48
970	0.185935	-8070.9
971	0.185935	-8096
972	0.185935	-8092.5
973	0.185935	-8075.25
974	0.185935	-8054.97
975	0.185935	-8050.87
976	0.185935	-8069.75
977	0.185935	-8063.73
978	0.185935	-8049.22
979	0.185935	-8076.72
980	0.185935	-8072.38
981	0.185935	-8077.54
982	0.185935	-8080.66
983	0.185935	-8071.51
984	0.185935	-8091.95
985	0.185935	-8123.46
986	0.185935	-8095
987	0.185935	-8098.96
988	0.185935	-8113.69
989	0.185935	-8109.16
990	0.185935	-8107.46
991	0.185935	-8077.88
992	0.185935	-8084.78
993	0.185935	-8086.86
994	0.185935	-8086.94
995	0.185935	-8070.07
996	0.185935	-8042.93
997	0.185935	-8069.62
998	0.185935	-8058.93
999	0.185935	-8063.43
1000	0.185935	-8065.48
