state	power	likelihood
251	0.00190397	-11570.1
252	0.00190397	-10952.8
253	0.00190397	-9710.07
254	0.00190397	-10936
255	0.00190397	-10575.3
256	0.00190397	-11319
257	0.00190397	-10588.2
258	0.00190397	-11263.1
259	0.00190397	-11320.6
260	0.00190397	-10630.2
261	0.00190397	-10868.9
262	0.00190397	-11691.3
263	0.00190397	-10575.3
264	0.00190397	-11168.9
265	0.00190397	-10224.3
266	0.00190397	-10159.8
267	0.00190397	-9644.49
268	0.00190397	-10154.7
269	0.00190397	-10220.5
270	0.00190397	-9790.9
271	0.00190397	-10671.6
272	0.00190397	-9651.29
273	0.00190397	-10416.8
274	0.00190397	-12411.6
275	0.00190397	-11109.8
276	0.00190397	-11476.3
277	0.00190397	-10358.9
278	0.00190397	-10796.6
279	0.00190397	-10052
280	0.00190397	-11050.3
281	0.00190397	-10111.7
282	0.00190397	-9439.09
283	0.00190397	-9417
284	0.00190397	-10258.2
285	0.00190397	-10789.1
286	0.00190397	-10916.4
287	0.00190397	-10495.5
288	0.00190397	-10179
289	0.00190397	-10816.4
290	0.00190397	-10594.7
291	0.00190397	-10677
292	0.00190397	-10357.5
293	0.00190397	-10159
294	0.00190397	-9700.96
295	0.00190397	-10788.6
296	0.00190397	-13178.6
297	0.00190397	-10433.2
298	0.00190397	-9940.92
299	0.00190397	-10830.4
300	0.00190397	-10993
301	0.00190397	-11273
302	0.00190397	-10540.3
303	0.00190397	-10395.5
304	0.00190397	-10248.8
305	0.00190397	-10057.6
306	0.00190397	-10565.3
307	0.00190397	-10268.8
308	0.00190397	-10316.3
309	0.00190397	-10511.9
310	0.00190397	-10937.7
311	0.00190397	-9445.97
312	0.00190397	-11056
313	0.00190397	-10864.8
314	0.00190397	-12482.9
315	0.00190397	-11056.3
316	0.00190397	-11642.6
317	0.00190397	-11179.4
318	0.00190397	-11416
319	0.00190397	-10188.6
320	0.00190397	-10093.8
321	0.00190397	-11120.1
322	0.00190397	-11356.3
323	0.00190397	-11413.6
324	0.00190397	-10924.7
325	0.00190397	-10646.4
326	0.00190397	-9819.1
327	0.00190397	-10089.2
328	0.00190397	-10041.4
329	0.00190397	-9992.15
330	0.00190397	-12062.1
331	0.00190397	-11336.1
332	0.00190397	-10028.2
333	0.00190397	-10328.2
334	0.00190397	-10333.7
335	0.00190397	-10252
336	0.00190397	-10739.2
337	0.00190397	-10451.3
338	0.00190397	-11121.4
339	0.00190397	-10490.5
340	0.00190397	-10220.8
341	0.00190397	-11205
342	0.00190397	-11871
343	0.00190397	-10822
344	0.00190397	-11551
345	0.00190397	-13434.4
346	0.00190397	-11541.5
347	0.00190397	-10824.6
348	0.00190397	-11453.2
349	0.00190397	-12208.4
350	0.00190397	-11813
351	0.00190397	-10212.6
352	0.00190397	-9942.8
353	0.00190397	-10159.2
354	0.00190397	-10922.1
355	0.00190397	-10537.9
356	0.00190397	-11997.9
357	0.00190397	-11789.7
358	0.00190397	-11212.1
359	0.00190397	-10537
360	0.00190397	-10681.7
361	0.00190397	-10430.1
362	0.00190397	-10154.2
363	0.00190397	-9883.75
364	0.00190397	-10337
365	0.00190397	-10318.2
366	0.00190397	-10539.8
367	0.00190397	-10971.9
368	0.00190397	-11123.9
369	0.00190397	-10467.8
370	0.00190397	-10192.6
371	0.00190397	-10881.5
372	0.00190397	-10205.4
373	0.00190397	-9737.59
374	0.00190397	-10013.8
375	0.00190397	-10131.5
376	0.00190397	-9025.62
377	0.00190397	-10407.2
378	0.00190397	-11086.3
379	0.00190397	-10367.4
380	0.00190397	-11184.9
381	0.00190397	-10476.9
382	0.00190397	-11028.1
383	0.00190397	-11685.7
384	0.00190397	-11338
385	0.00190397	-11291.9
386	0.00190397	-11848.3
387	0.00190397	-11217.9
388	0.00190397	-11002.5
389	0.00190397	-11471
390	0.00190397	-10532
391	0.00190397	-9853.94
392	0.00190397	-10737.9
393	0.00190397	-10221.6
394	0.00190397	-11218.1
395	0.00190397	-11141.6
396	0.00190397	-9656.8
397	0.00190397	-9608.13
398	0.00190397	-9569.22
399	0.00190397	-12068
400	0.00190397	-11247.9
401	0.00190397	-10040.4
402	0.00190397	-11207.5
403	0.00190397	-10888.2
404	0.00190397	-11035.1
405	0.00190397	-11227.7
406	0.00190397	-9882.02
407	0.00190397	-11218.1
408	0.00190397	-9961.84
409	0.00190397	-11141
410	0.00190397	-11471.4
411	0.00190397	-9821.7
412	0.00190397	-11186.9
413	0.00190397	-11132.2
414	0.00190397	-10654.1
415	0.00190397	-9171.54
416	0.00190397	-9706.87
417	0.00190397	-11125
418	0.00190397	-10309.1
419	0.00190397	-9715.78
420	0.00190397	-10689.4
421	0.00190397	-10548.9
422	0.00190397	-11114.8
423	0.00190397	-10527.7
424	0.00190397	-10629.8
425	0.00190397	-9895.36
426	0.00190397	-10388.5
427	0.00190397	-9235.12
428	0.00190397	-10424
429	0.00190397	-10651.9
430	0.00190397	-10602.2
431	0.00190397	-9832.08
432	0.00190397	-10750.6
433	0.00190397	-10805.4
434	0.00190397	-10875.1
435	0.00190397	-11761.6
436	0.00190397	-12048.1
437	0.00190397	-10453.2
438	0.00190397	-10249
439	0.00190397	-9693.24
440	0.00190397	-10275.6
441	0.00190397	-10128.7
442	0.00190397	-10604.8
443	0.00190397	-10622.9
444	0.00190397	-11163.4
445	0.00190397	-10723.2
446	0.00190397	-10098.9
447	0.00190397	-9796.36
448	0.00190397	-9891.91
449	0.00190397	-10695.5
450	0.00190397	-9555.52
451	0.00190397	-9640.34
452	0.00190397	-9943.13
453	0.00190397	-10205.7
454	0.00190397	-11767.5
455	0.00190397	-11293.6
456	0.00190397	-9621.12
457	0.00190397	-9334.03
458	0.00190397	-10198.5
459	0.00190397	-11914.4
460	0.00190397	-11063.5
461	0.00190397	-10860.3
462	0.00190397	-11132.7
463	0.00190397	-10985.8
464	0.00190397	-10593.1
465	0.00190397	-10852.9
466	0.00190397	-10903.7
467	0.00190397	-9703.64
468	0.00190397	-10318.1
469	0.00190397	-10380
470	0.00190397	-11619.7
471	0.00190397	-11117.4
472	0.00190397	-10281.4
473	0.00190397	-10458.9
474	0.00190397	-10120.1
475	0.00190397	-11146
476	0.00190397	-10603.7
477	0.00190397	-9758.89
478	0.00190397	-11071
479	0.00190397	-11654.2
480	0.00190397	-10199.2
481	0.00190397	-10500
482	0.00190397	-10352.3
483	0.00190397	-10321.1
484	0.00190397	-11160.2
485	0.00190397	-10474.2
486	0.00190397	-10130.4
487	0.00190397	-10227.7
488	0.00190397	-10279.3
489	0.00190397	-11464.6
490	0.00190397	-11872.6
491	0.00190397	-10552.7
492	0.00190397	-9981.67
493	0.00190397	-10375.2
494	0.00190397	-9307.7
495	0.00190397	-10371.3
496	0.00190397	-10288.6
497	0.00190397	-10629.4
498	0.00190397	-9819.34
499	0.00190397	-10869.7
500	0.00190397	-10388.4
501	0.00190397	-9954.48
502	0.00190397	-10271.7
503	0.00190397	-9728.12
504	0.00190397	-10851.1
505	0.00190397	-11142.8
506	0.00190397	-10299.5
507	0.00190397	-9821.03
508	0.00190397	-10802.3
509	0.00190397	-11180.4
510	0.00190397	-11183
511	0.00190397	-13445.6
512	0.00190397	-12050.4
513	0.00190397	-12115
514	0.00190397	-13002.2
515	0.00190397	-10424.2
516	0.00190397	-10423.2
517	0.00190397	-11280.1
518	0.00190397	-10788.4
519	0.00190397	-12551.4
520	0.00190397	-10296.1
521	0.00190397	-10026.1
522	0.00190397	-10307.4
523	0.00190397	-11037.9
524	0.00190397	-10261.4
525	0.00190397	-10633.4
526	0.00190397	-10498.6
527	0.00190397	-10754.2
528	0.00190397	-10754.6
529	0.00190397	-9759.34
530	0.00190397	-10419.5
531	0.00190397	-10183
532	0.00190397	-9949.65
533	0.00190397	-9587.52
534	0.00190397	-11105.6
535	0.00190397	-9591.66
536	0.00190397	-9961.14
537	0.00190397	-10265
538	0.00190397	-9590.58
539	0.00190397	-10524
540	0.00190397	-10098.3
541	0.00190397	-9853.68
542	0.00190397	-10811.3
543	0.00190397	-10690.6
544	0.00190397	-11736.6
545	0.00190397	-10184.5
546	0.00190397	-10615.6
547	0.00190397	-10344.5
548	0.00190397	-10972.5
549	0.00190397	-10640.1
550	0.00190397	-10333.3
551	0.00190397	-10964.9
552	0.00190397	-11174.5
553	0.00190397	-11381.5
554	0.00190397	-11476.8
555	0.00190397	-11126.2
556	0.00190397	-11000.3
557	0.00190397	-10594.8
558	0.00190397	-11336.4
559	0.00190397	-10073
560	0.00190397	-10945.1
561	0.00190397	-10595.6
562	0.00190397	-10161.2
563	0.00190397	-10731.2
564	0.00190397	-10670.8
565	0.00190397	-9813.45
566	0.00190397	-10618.2
567	0.00190397	-9691.95
568	0.00190397	-9507.22
569	0.00190397	-11669.2
570	0.00190397	-11775.4
571	0.00190397	-11378.7
572	0.00190397	-10239.7
573	0.00190397	-10114.7
574	0.00190397	-11226.2
575	0.00190397	-11593.6
576	0.00190397	-10204.4
577	0.00190397	-11394
578	0.00190397	-12312.2
579	0.00190397	-11558.3
580	0.00190397	-11819.4
581	0.00190397	-12392.2
582	0.00190397	-11394.6
583	0.00190397	-10956.2
584	0.00190397	-10780
585	0.00190397	-9914.52
586	0.00190397	-11390.1
587	0.00190397	-10303.7
588	0.00190397	-10512.6
589	0.00190397	-10510.5
590	0.00190397	-10025.7
591	0.00190397	-10021.8
592	0.00190397	-9833.81
593	0.00190397	-9942.69
594	0.00190397	-10400.1
595	0.00190397	-10329.7
596	0.00190397	-9239.1
597	0.00190397	-10115.8
598	0.00190397	-11522.4
599	0.00190397	-11561.3
600	0.00190397	-11485.9
601	0.00190397	-10560
602	0.00190397	-10342.6
603	0.00190397	-10194.8
604	0.00190397	-10724.5
605	0.00190397	-11037.9
606	0.00190397	-10661.1
607	0.00190397	-11636.6
608	0.00190397	-10590.5
609	0.00190397	-11083.2
610	0.00190397	-10322.6
611	0.00190397	-10135.8
612	0.00190397	-9913.53
613	0.00190397	-10088.8
614	0.00190397	-9576.66
615	0.00190397	-9981
616	0.00190397	-9742.76
617	0.00190397	-11184.8
618	0.00190397	-10978.1
619	0.00190397	-10431.4
620	0.00190397	-11456.2
621	0.00190397	-12144.2
622	0.00190397	-11627.8
623	0.00190397	-12065.9
624	0.00190397	-11956.7
625	0.00190397	-9852.84
626	0.00190397	-9900.52
627	0.00190397	-10994.2
628	0.00190397	-10644.9
629	0.00190397	-12746.4
630	0.00190397	-11877.7
631	0.00190397	-11453.7
632	0.00190397	-11111.6
633	0.00190397	-10187.5
634	0.00190397	-10814.5
635	0.00190397	-10628.6
636	0.00190397	-10387.4
637	0.00190397	-10420
638	0.00190397	-11323.4
639	0.00190397	-11325.3
640	0.00190397	-11337.2
641	0.00190397	-11422.7
642	0.00190397	-10738.2
643	0.00190397	-11937.9
644	0.00190397	-11429.9
645	0.00190397	-11752.6
646	0.00190397	-12389.3
647	0.00190397	-11544.5
648	0.00190397	-11481.1
649	0.00190397	-11750.5
650	0.00190397	-11164.6
651	0.00190397	-11091.8
652	0.00190397	-11069.4
653	0.00190397	-10944.7
654	0.00190397	-11287.7
655	0.00190397	-12330.3
656	0.00190397	-10996.1
657	0.00190397	-11328.6
658	0.00190397	-10201.5
659	0.00190397	-10313.2
660	0.00190397	-10251.5
661	0.00190397	-10101.9
662	0.00190397	-10514.9
663	0.00190397	-10610.3
664	0.00190397	-10348.2
665	0.00190397	-10048.2
666	0.00190397	-10223.7
667	0.00190397	-11674.3
668	0.00190397	-9731.04
669	0.00190397	-9999.2
670	0.00190397	-9967.13
671	0.00190397	-9676.87
672	0.00190397	-10243.7
673	0.00190397	-9398.78
674	0.00190397	-10112.5
675	0.00190397	-10627.4
676	0.00190397	-10274.6
677	0.00190397	-10514.6
678	0.00190397	-10778.7
679	0.00190397	-10227.3
680	0.00190397	-10315.4
681	0.00190397	-9518.65
682	0.00190397	-9482.87
683	0.00190397	-9741.06
684	0.00190397	-11414.5
685	0.00190397	-11164.7
686	0.00190397	-10120
687	0.00190397	-10789.5
688	0.00190397	-9482.29
689	0.00190397	-10594.5
690	0.00190397	-10926.9
691	0.00190397	-10963.2
692	0.00190397	-10655.9
693	0.00190397	-11362.3
694	0.00190397	-10989.2
695	0.00190397	-11497.4
696	0.00190397	-10165.4
697	0.00190397	-10374.8
698	0.00190397	-11001.6
699	0.00190397	-9908.96
700	0.00190397	-10045.9
701	0.00190397	-10123.6
702	0.00190397	-11354.9
703	0.00190397	-11114.4
704	0.00190397	-10361.4
705	0.00190397	-11524.1
706	0.00190397	-10359.8
707	0.00190397	-10771.7
708	0.00190397	-11551.7
709	0.00190397	-10892.4
710	0.00190397	-10483.5
711	0.00190397	-10944.7
712	0.00190397	-11223.7
713	0.00190397	-11049.9
714	0.00190397	-10687.6
715	0.00190397	-11682.6
716	0.00190397	-10825.4
717	0.00190397	-10671.3
718	0.00190397	-9873.01
719	0.00190397	-10026.3
720	0.00190397	-10419.8
721	0.00190397	-9910.18
722	0.00190397	-10201.7
723	0.00190397	-10322.7
724	0.00190397	-10993.6
725	0.00190397	-10777.7
726	0.00190397	-9825.96
727	0.00190397	-10675.4
728	0.00190397	-9758.65
729	0.00190397	-10067.1
730	0.00190397	-10963.3
731	0.00190397	-10141.1
732	0.00190397	-9534.36
733	0.00190397	-9376.61
734	0.00190397	-10483.3
735	0.00190397	-10246.7
736	0.00190397	-9948.82
737	0.00190397	-11159
738	0.00190397	-10790.8
739	0.00190397	-9775.15
740	0.00190397	-11010.8
741	0.00190397	-10266.3
742	0.00190397	-10844.7
743	0.00190397	-10562.9
744	0.00190397	-10915.1
745	0.00190397	-10023.4
746	0.00190397	-11626.8
747	0.00190397	-10617.4
748	0.00190397	-10000.8
749	0.00190397	-11093
750	0.00190397	-10541.2
751	0.00190397	-10089.9
752	0.00190397	-11284.8
753	0.00190397	-11109.1
754	0.00190397	-10685.8
755	0.00190397	-9906.06
756	0.00190397	-10366.8
757	0.00190397	-9659.52
758	0.00190397	-10646.1
759	0.00190397	-10717.9
760	0.00190397	-10268.2
761	0.00190397	-11831.6
762	0.00190397	-10763.5
763	0.00190397	-10111.1
764	0.00190397	-10566.1
765	0.00190397	-10758.9
766	0.00190397	-10863.2
767	0.00190397	-11790.7
768	0.00190397	-9933.27
769	0.00190397	-11162.5
770	0.00190397	-10823.8
771	0.00190397	-11087.6
772	0.00190397	-10725.8
773	0.00190397	-10493.8
774	0.00190397	-11196.6
775	0.00190397	-10739.9
776	0.00190397	-11018.7
777	0.00190397	-10384.3
778	0.00190397	-10931.3
779	0.00190397	-11721.9
780	0.00190397	-11564.1
781	0.00190397	-10125.2
782	0.00190397	-10021.8
783	0.00190397	-10313.3
784	0.00190397	-11963.4
785	0.00190397	-10996.6
786	0.00190397	-11545.6
787	0.00190397	-11121.1
788	0.00190397	-10353.2
789	0.00190397	-10802.5
790	0.00190397	-11057.6
791	0.00190397	-10707.3
792	0.00190397	-11163.8
793	0.00190397	-11355.3
794	0.00190397	-10093.6
795	0.00190397	-10646.8
796	0.00190397	-9215.65
797	0.00190397	-10322.2
798	0.00190397	-10160.1
799	0.00190397	-10137.7
800	0.00190397	-9908.6
801	0.00190397	-9182.51
802	0.00190397	-10892.3
803	0.00190397	-11005.4
804	0.00190397	-9947.8
805	0.00190397	-11095.5
806	0.00190397	-10090.3
807	0.00190397	-10728.7
808	0.00190397	-10620.7
809	0.00190397	-10749.3
810	0.00190397	-10821.9
811	0.00190397	-10680.9
812	0.00190397	-11229.1
813	0.00190397	-10324.2
814	0.00190397	-10999
815	0.00190397	-11226.7
816	0.00190397	-11339.2
817	0.00190397	-11967.6
818	0.00190397	-11472.2
819	0.00190397	-10940.4
820	0.00190397	-11088.8
821	0.00190397	-10001.6
822	0.00190397	-9951
823	0.00190397	-10805.5
824	0.00190397	-10026.4
825	0.00190397	-10528.7
826	0.00190397	-10836.5
827	0.00190397	-11012.9
828	0.00190397	-10222.5
829	0.00190397	-10906.2
830	0.00190397	-11134.4
831	0.00190397	-9876.65
832	0.00190397	-10323.4
833	0.00190397	-10741.8
834	0.00190397	-10961.8
835	0.00190397	-11922.2
836	0.00190397	-11677.3
837	0.00190397	-10751.6
838	0.00190397	-10673
839	0.00190397	-9893.56
840	0.00190397	-9569.46
841	0.00190397	-10142.1
842	0.00190397	-10010.8
843	0.00190397	-10346.6
844	0.00190397	-10094.2
845	0.00190397	-9326.39
846	0.00190397	-9177.66
847	0.00190397	-9170.96
848	0.00190397	-12245.5
849	0.00190397	-11605.2
850	0.00190397	-10328.6
851	0.00190397	-11026.2
852	0.00190397	-10528.5
853	0.00190397	-11151.1
854	0.00190397	-10610.5
855	0.00190397	-10492.9
856	0.00190397	-9864.42
857	0.00190397	-10223.8
858	0.00190397	-9993.55
859	0.00190397	-10504.9
860	0.00190397	-10264
861	0.00190397	-9628.12
862	0.00190397	-10006.2
863	0.00190397	-10413.9
864	0.00190397	-10664.7
865	0.00190397	-10838.2
866	0.00190397	-10403.5
867	0.00190397	-10125.4
868	0.00190397	-10394
869	0.00190397	-10257.8
870	0.00190397	-10078.2
871	0.00190397	-11172.3
872	0.00190397	-10676.8
873	0.00190397	-9497.06
874	0.00190397	-9907.9
875	0.00190397	-9988.28
876	0.00190397	-10110.1
877	0.00190397	-10190.9
878	0.00190397	-9728.76
879	0.00190397	-10597.2
880	0.00190397	-9504.11
881	0.00190397	-10432.9
882	0.00190397	-11153.8
883	0.00190397	-10022.6
884	0.00190397	-11250.2
885	0.00190397	-10290.2
886	0.00190397	-10787.1
887	0.00190397	-12258.7
888	0.00190397	-10111.9
889	0.00190397	-10207.8
890	0.00190397	-10502.9
891	0.00190397	-10808.6
892	0.00190397	-10201.1
893	0.00190397	-9946.98
894	0.00190397	-11157
895	0.00190397	-10255
896	0.00190397	-9498.95
897	0.00190397	-10477.9
898	0.00190397	-9989.97
899	0.00190397	-10576.9
900	0.00190397	-11035.2
901	0.00190397	-11308.1
902	0.00190397	-11394.1
903	0.00190397	-11104.8
904	0.00190397	-10528.1
905	0.00190397	-11280.5
906	0.00190397	-10308.9
907	0.00190397	-11271.1
908	0.00190397	-9700.41
909	0.00190397	-10599.7
910	0.00190397	-9768.37
911	0.00190397	-10975.4
912	0.00190397	-10972.2
913	0.00190397	-10252.5
914	0.00190397	-10182.3
915	0.00190397	-9938.92
916	0.00190397	-10213.7
917	0.00190397	-10259.6
918	0.00190397	-10007.1
919	0.00190397	-10026.8
920	0.00190397	-10679.1
921	0.00190397	-10896
922	0.00190397	-10543.2
923	0.00190397	-10902.4
924	0.00190397	-9844.92
925	0.00190397	-11021.5
926	0.00190397	-10651.9
927	0.00190397	-10784.9
928	0.00190397	-10941.7
929	0.00190397	-9524.57
930	0.00190397	-10177.1
931	0.00190397	-10373.8
932	0.00190397	-10632.6
933	0.00190397	-10967.1
934	0.00190397	-10633.2
935	0.00190397	-12038.6
936	0.00190397	-11844.8
937	0.00190397	-11199.2
938	0.00190397	-10029.3
939	0.00190397	-10018.6
940	0.00190397	-10721.4
941	0.00190397	-10938.3
942	0.00190397	-11006.5
943	0.00190397	-11252.3
944	0.00190397	-10158.3
945	0.00190397	-12174.9
946	0.00190397	-9913.08
947	0.00190397	-10350.5
948	0.00190397	-10655.2
949	0.00190397	-9999.51
950	0.00190397	-11545.3
951	0.00190397	-10254.1
952	0.00190397	-9503.67
953	0.00190397	-10531.7
954	0.00190397	-10187
955	0.00190397	-10974.3
956	0.00190397	-11260
957	0.00190397	-9710.07
958	0.00190397	-10128.9
959	0.00190397	-9692.02
960	0.00190397	-10705.4
961	0.00190397	-11083.7
962	0.00190397	-10029.6
963	0.00190397	-10659.6
964	0.00190397	-10773.1
965	0.00190397	-11461.7
966	0.00190397	-12395.4
967	0.00190397	-12059.4
968	0.00190397	-10241.5
969	0.00190397	-10836.3
970	0.00190397	-10181.3
971	0.00190397	-10133.8
972	0.00190397	-10748.3
973	0.00190397	-10789.9
974	0.00190397	-10856.8
975	0.00190397	-11539.6
976	0.00190397	-10988.5
977	0.00190397	-11561.6
978	0.00190397	-10743.2
979	0.00190397	-10020.7
980	0.00190397	-10397.2
981	0.00190397	-10220.5
982	0.00190397	-10422.2
983	0.00190397	-10123.9
984	0.00190397	-10062.1
985	0.00190397	-10313.6
986	0.00190397	-9928.66
987	0.00190397	-9534.8
988	0.00190397	-10754.3
989	0.00190397	-10591.5
990	0.00190397	-11301.7
991	0.00190397	-10315.7
992	0.00190397	-12021.5
993	0.00190397	-11092.7
994	0.00190397	-11014.7
995	0.00190397	-11182.6
996	0.00190397	-11180.4
997	0.00190397	-10020.2
998	0.00190397	-10513
999	0.00190397	-10347
1000	0.00190397	-11442.3
