state	power	likelihood
251	0.000880898	-11829.2
252	0.000880898	-10128.2
253	0.000880898	-10658.3
254	0.000880898	-11819.7
255	0.000880898	-12247.5
256	0.000880898	-12163.2
257	0.000880898	-11827.1
258	0.000880898	-10794.8
259	0.000880898	-10111.4
260	0.000880898	-10422.8
261	0.000880898	-9935.15
262	0.000880898	-10941.8
263	0.000880898	-11151.4
264	0.000880898	-10269
265	0.000880898	-11929.8
266	0.000880898	-12431.5
267	0.000880898	-13574.7
268	0.000880898	-10931.6
269	0.000880898	-12399.4
270	0.000880898	-11326.7
271	0.000880898	-11139.7
272	0.000880898	-10579.1
273	0.000880898	-10406.6
274	0.000880898	-10293
275	0.000880898	-11257.5
276	0.000880898	-10175.3
277	0.000880898	-10413.9
278	0.000880898	-10182.7
279	0.000880898	-11041.3
280	0.000880898	-10615.9
281	0.000880898	-11849.4
282	0.000880898	-11954.8
283	0.000880898	-12581.2
284	0.000880898	-12119.8
285	0.000880898	-10348.2
286	0.000880898	-10838.5
287	0.000880898	-10174.9
288	0.000880898	-11664.2
289	0.000880898	-10307
290	0.000880898	-10526.3
291	0.000880898	-10281.2
292	0.000880898	-9943.79
293	0.000880898	-9932.45
294	0.000880898	-10006.2
295	0.000880898	-10982.6
296	0.000880898	-10236.6
297	0.000880898	-11969.7
298	0.000880898	-10728.1
299	0.000880898	-10404.7
300	0.000880898	-10373.1
301	0.000880898	-10958.4
302	0.000880898	-11284.9
303	0.000880898	-12456.6
304	0.000880898	-11156.5
305	0.000880898	-10499.5
306	0.000880898	-10509.9
307	0.000880898	-10556.1
308	0.000880898	-9348.85
309	0.000880898	-11431.6
310	0.000880898	-11605.7
311	0.000880898	-12334.3
312	0.000880898	-11010.1
313	0.000880898	-11536.7
314	0.000880898	-15014.7
315	0.000880898	-12020.5
316	0.000880898	-11212.3
317	0.000880898	-12178
318	0.000880898	-10084.5
319	0.000880898	-11732.4
320	0.000880898	-12622.6
321	0.000880898	-11026
322	0.000880898	-10716.2
323	0.000880898	-11721.6
324	0.000880898	-10733
325	0.000880898	-10821
326	0.000880898	-10884.6
327	0.000880898	-10308.1
328	0.000880898	-11151.6
329	0.000880898	-11528.1
330	0.000880898	-12529.6
331	0.000880898	-9661.58
332	0.000880898	-10993.7
333	0.000880898	-10888.5
334	0.000880898	-12646.9
335	0.000880898	-10872.7
336	0.000880898	-11114.8
337	0.000880898	-11821.6
338	0.000880898	-12098.8
339	0.000880898	-11480.5
340	0.000880898	-12152.3
341	0.000880898	-11405.3
342	0.000880898	-10609.8
343	0.000880898	-10155.7
344	0.000880898	-12127.7
345	0.000880898	-11870.6
346	0.000880898	-11413.4
347	0.000880898	-11429.8
348	0.000880898	-9917.39
349	0.000880898	-10299.3
350	0.000880898	-10074.3
351	0.000880898	-10891.3
352	0.000880898	-10673.4
353	0.000880898	-10454.8
354	0.000880898	-10449.6
355	0.000880898	-10516.5
356	0.000880898	-11227.1
357	0.000880898	-11408.7
358	0.000880898	-11574.2
359	0.000880898	-9745.96
360	0.000880898	-10784.9
361	0.000880898	-11684.6
362	0.000880898	-12847.6
363	0.000880898	-13111.4
364	0.000880898	-13577.2
365	0.000880898	-11400.6
366	0.000880898	-11169.8
367	0.000880898	-10216.8
368	0.000880898	-10274.5
369	0.000880898	-10573.7
370	0.000880898	-12279
371	0.000880898	-10981.4
372	0.000880898	-11661.2
373	0.000880898	-11970.9
374	0.000880898	-12061.4
375	0.000880898	-11792.1
376	0.000880898	-12334.4
377	0.000880898	-11498.7
378	0.000880898	-10329.1
379	0.000880898	-11484.2
380	0.000880898	-11699.5
381	0.000880898	-9790.12
382	0.000880898	-10478.7
383	0.000880898	-10688.8
384	0.000880898	-11694.6
385	0.000880898	-11905.6
386	0.000880898	-11777.6
387	0.000880898	-12029.2
388	0.000880898	-11126.6
389	0.000880898	-11117.3
390	0.000880898	-11471.3
391	0.000880898	-12551.7
392	0.000880898	-15990.9
393	0.000880898	-10890.9
394	0.000880898	-10673.9
395	0.000880898	-10816.8
396	0.000880898	-13242
397	0.000880898	-12038.4
398	0.000880898	-12585.4
399	0.000880898	-11550.3
400	0.000880898	-11231
401	0.000880898	-10492.2
402	0.000880898	-10626.5
403	0.000880898	-12542.9
404	0.000880898	-10870.9
405	0.000880898	-11372.7
406	0.000880898	-11553
407	0.000880898	-10564.9
408	0.000880898	-11132.9
409	0.000880898	-10678.4
410	0.000880898	-11325
411	0.000880898	-12399.9
412	0.000880898	-10593.6
413	0.000880898	-10136.3
414	0.000880898	-10265.2
415	0.000880898	-11002.7
416	0.000880898	-10943.4
417	0.000880898	-11064.5
418	0.000880898	-11394
419	0.000880898	-10676.5
420	0.000880898	-10529.6
421	0.000880898	-11308.4
422	0.000880898	-10524.3
423	0.000880898	-9571.37
424	0.000880898	-10578.7
425	0.000880898	-10467.3
426	0.000880898	-12219.2
427	0.000880898	-11161.6
428	0.000880898	-11280.8
429	0.000880898	-10604.1
430	0.000880898	-12251.4
431	0.000880898	-10454.7
432	0.000880898	-9469.32
433	0.000880898	-10148.2
434	0.000880898	-10505.8
435	0.000880898	-9980.74
436	0.000880898	-9964.44
437	0.000880898	-10978.4
438	0.000880898	-12704.6
439	0.000880898	-10195.8
440	0.000880898	-9828.59
441	0.000880898	-10127.9
442	0.000880898	-9769.82
443	0.000880898	-9898.55
444	0.000880898	-11421.9
445	0.000880898	-10789.6
446	0.000880898	-11334.6
447	0.000880898	-11856.2
448	0.000880898	-12768
449	0.000880898	-12298.7
450	0.000880898	-11715
451	0.000880898	-11255.1
452	0.000880898	-11583.8
453	0.000880898	-9664.92
454	0.000880898	-11097.4
455	0.000880898	-11284
456	0.000880898	-10899.7
457	0.000880898	-10516.3
458	0.000880898	-11095.6
459	0.000880898	-11269.4
460	0.000880898	-11415.5
461	0.000880898	-10606.5
462	0.000880898	-11152.3
463	0.000880898	-11812.2
464	0.000880898	-10273.6
465	0.000880898	-10551.8
466	0.000880898	-10760.8
467	0.000880898	-11457.3
468	0.000880898	-10683.1
469	0.000880898	-12268.1
470	0.000880898	-12085.6
471	0.000880898	-12174.1
472	0.000880898	-11857.6
473	0.000880898	-11846.6
474	0.000880898	-9058.43
475	0.000880898	-9784.89
476	0.000880898	-10519.9
477	0.000880898	-10667.3
478	0.000880898	-12001.4
479	0.000880898	-10104.6
480	0.000880898	-9843.77
481	0.000880898	-10157.1
482	0.000880898	-10593
483	0.000880898	-11542.3
484	0.000880898	-10778.7
485	0.000880898	-10932.2
486	0.000880898	-11296.6
487	0.000880898	-10807.6
488	0.000880898	-11203.4
489	0.000880898	-11007.6
490	0.000880898	-10667.2
491	0.000880898	-10573.3
492	0.000880898	-10181.7
493	0.000880898	-10743.1
494	0.000880898	-13137.6
495	0.000880898	-13658
496	0.000880898	-12947
497	0.000880898	-11663.8
498	0.000880898	-11751.8
499	0.000880898	-11074.4
500	0.000880898	-9612.29
501	0.000880898	-10565.6
502	0.000880898	-9753.1
503	0.000880898	-11115.7
504	0.000880898	-12739.9
505	0.000880898	-12626.8
506	0.000880898	-11223.7
507	0.000880898	-10935.4
508	0.000880898	-10354
509	0.000880898	-9420.9
510	0.000880898	-10093.4
511	0.000880898	-13856.3
512	0.000880898	-13015.2
513	0.000880898	-11539.7
514	0.000880898	-12444.1
515	0.000880898	-10199.2
516	0.000880898	-11155.2
517	0.000880898	-10865.3
518	0.000880898	-12302.3
519	0.000880898	-10333.4
520	0.000880898	-10356.6
521	0.000880898	-10495.5
522	0.000880898	-10473.6
523	0.000880898	-10448.6
524	0.000880898	-11258.9
525	0.000880898	-10470.3
526	0.000880898	-10609.9
527	0.000880898	-10305.9
528	0.000880898	-13494.7
529	0.000880898	-11162.4
530	0.000880898	-10829.6
531	0.000880898	-10898.3
532	0.000880898	-11439.6
533	0.000880898	-11748.6
534	0.000880898	-11563
535	0.000880898	-10584.7
536	0.000880898	-10120.6
537	0.000880898	-9788.79
538	0.000880898	-10245
539	0.000880898	-10135
540	0.000880898	-10238.2
541	0.000880898	-10019.5
542	0.000880898	-10509.2
543	0.000880898	-9406.46
544	0.000880898	-10286
545	0.000880898	-10231.3
546	0.000880898	-11528.2
547	0.000880898	-12029.9
548	0.000880898	-11109.6
549	0.000880898	-11603.7
550	0.000880898	-11147.1
551	0.000880898	-10727.7
552	0.000880898	-11134.4
553	0.000880898	-11162
554	0.000880898	-10262.8
555	0.000880898	-12808.9
556	0.000880898	-10931.7
557	0.000880898	-12521.5
558	0.000880898	-11248.1
559	0.000880898	-11210.9
560	0.000880898	-10778.6
561	0.000880898	-10752.6
562	0.000880898	-10601
563	0.000880898	-10804.9
564	0.000880898	-12263.5
565	0.000880898	-12133.3
566	0.000880898	-11403.8
567	0.000880898	-12007.7
568	0.000880898	-13286.4
569	0.000880898	-11643.3
570	0.000880898	-9783.75
571	0.000880898	-9734.19
572	0.000880898	-10419.4
573	0.000880898	-13291.1
574	0.000880898	-9721.92
575	0.000880898	-10376.7
576	0.000880898	-10559.6
577	0.000880898	-10866.5
578	0.000880898	-12096
579	0.000880898	-11227.6
580	0.000880898	-10848.6
581	0.000880898	-11725.7
582	0.000880898	-12883
583	0.000880898	-12920.1
584	0.000880898	-12289.1
585	0.000880898	-10452.7
586	0.000880898	-11467.1
587	0.000880898	-11394
588	0.000880898	-11703
589	0.000880898	-11459.4
590	0.000880898	-13076.1
591	0.000880898	-10985.3
592	0.000880898	-11984.3
593	0.000880898	-13443.7
594	0.000880898	-11139
595	0.000880898	-10820.6
596	0.000880898	-11122.4
597	0.000880898	-10818.1
598	0.000880898	-11328.9
599	0.000880898	-11169.8
600	0.000880898	-11003.3
601	0.000880898	-11509.6
602	0.000880898	-10980
603	0.000880898	-11062
604	0.000880898	-10895.7
605	0.000880898	-11485.9
606	0.000880898	-11984.6
607	0.000880898	-11308.1
608	0.000880898	-11331.4
609	0.000880898	-10428.5
610	0.000880898	-11009.5
611	0.000880898	-10728.3
612	0.000880898	-10328.1
613	0.000880898	-10022.2
614	0.000880898	-10479
615	0.000880898	-10857
616	0.000880898	-10982.9
617	0.000880898	-12329.8
618	0.000880898	-11650.2
619	0.000880898	-11204.7
620	0.000880898	-11224.2
621	0.000880898	-12877.8
622	0.000880898	-11499.5
623	0.000880898	-10697
624	0.000880898	-10657.1
625	0.000880898	-10799.9
626	0.000880898	-10724.8
627	0.000880898	-10474.1
628	0.000880898	-11342.2
629	0.000880898	-11231.1
630	0.000880898	-12771.3
631	0.000880898	-11298.6
632	0.000880898	-11459.5
633	0.000880898	-11347.5
634	0.000880898	-11825.7
635	0.000880898	-11842.6
636	0.000880898	-11003
637	0.000880898	-11617.8
638	0.000880898	-10429.4
639	0.000880898	-10663.5
640	0.000880898	-12036.4
641	0.000880898	-12180.4
642	0.000880898	-11270
643	0.000880898	-12185.5
644	0.000880898	-10865.9
645	0.000880898	-10794.9
646	0.000880898	-11108.5
647	0.000880898	-10806.1
648	0.000880898	-10750.2
649	0.000880898	-11967.7
650	0.000880898	-12208.6
651	0.000880898	-11673.8
652	0.000880898	-11975.4
653	0.000880898	-10213.2
654	0.000880898	-10725.5
655	0.000880898	-11837.9
656	0.000880898	-11994.6
657	0.000880898	-11075.3
658	0.000880898	-11233.4
659	0.000880898	-10085.4
660	0.000880898	-12373.7
661	0.000880898	-10536.5
662	0.000880898	-10653.2
663	0.000880898	-11890.8
664	0.000880898	-10867.5
665	0.000880898	-11842.3
666	0.000880898	-11556.2
667	0.000880898	-11511.3
668	0.000880898	-13570
669	0.000880898	-11721.2
670	0.000880898	-12336
671	0.000880898	-12031.7
672	0.000880898	-12325
673	0.000880898	-12459.4
674	0.000880898	-11215.3
675	0.000880898	-12384.9
676	0.000880898	-10255.7
677	0.000880898	-11416.4
678	0.000880898	-11997.4
679	0.000880898	-11436.8
680	0.000880898	-10360.7
681	0.000880898	-10425.3
682	0.000880898	-11498.4
683	0.000880898	-12060.1
684	0.000880898	-12834
685	0.000880898	-12602.1
686	0.000880898	-11206.3
687	0.000880898	-10908.2
688	0.000880898	-11047.2
689	0.000880898	-11828.3
690	0.000880898	-11083.5
691	0.000880898	-9979.44
692	0.000880898	-10084.4
693	0.000880898	-10168.6
694	0.000880898	-10612.3
695	0.000880898	-9759.72
696	0.000880898	-10489.7
697	0.000880898	-14289.3
698	0.000880898	-11690.3
699	0.000880898	-11810.3
700	0.000880898	-10466.7
701	0.000880898	-10985.5
702	0.000880898	-11325.2
703	0.000880898	-11900
704	0.000880898	-9911.91
705	0.000880898	-10461
706	0.000880898	-10402
707	0.000880898	-10128.8
708	0.000880898	-10223.5
709	0.000880898	-11080
710	0.000880898	-12442.4
711	0.000880898	-9749.56
712	0.000880898	-9617.84
713	0.000880898	-12020.4
714	0.000880898	-12334.5
715	0.000880898	-11474.4
716	0.000880898	-11636.1
717	0.000880898	-12161.7
718	0.000880898	-12717.5
719	0.000880898	-13150.7
720	0.000880898	-12002.4
721	0.000880898	-12441.1
722	0.000880898	-11349.7
723	0.000880898	-10501.2
724	0.000880898	-10804.6
725	0.000880898	-10316.3
726	0.000880898	-10569.3
727	0.000880898	-11168.3
728	0.000880898	-10730.4
729	0.000880898	-10874.3
730	0.000880898	-10980.4
731	0.000880898	-9885.01
732	0.000880898	-10454.2
733	0.000880898	-9882.73
734	0.000880898	-10549.4
735	0.000880898	-10674.3
736	0.000880898	-10291.4
737	0.000880898	-10469.6
738	0.000880898	-10679.8
739	0.000880898	-11643
740	0.000880898	-11852
741	0.000880898	-10509.6
742	0.000880898	-10576.9
743	0.000880898	-12044.9
744	0.000880898	-13245.5
745	0.000880898	-12594.4
746	0.000880898	-13133.9
747	0.000880898	-10997.1
748	0.000880898	-12066.7
749	0.000880898	-10771.8
750	0.000880898	-10901.8
751	0.000880898	-11123.4
752	0.000880898	-10188.1
753	0.000880898	-11694.9
754	0.000880898	-9799.66
755	0.000880898	-9893.49
756	0.000880898	-10463.8
757	0.000880898	-9817.54
758	0.000880898	-9681.23
759	0.000880898	-11091.9
760	0.000880898	-11694.3
761	0.000880898	-11675.4
762	0.000880898	-11800.9
763	0.000880898	-12833.8
764	0.000880898	-11421.5
765	0.000880898	-11442
766	0.000880898	-10963
767	0.000880898	-11292.8
768	0.000880898	-11971.5
769	0.000880898	-10853.8
770	0.000880898	-11586.2
771	0.000880898	-11985.9
772	0.000880898	-12174.4
773	0.000880898	-14419.4
774	0.000880898	-12895.3
775	0.000880898	-12170.7
776	0.000880898	-11645.4
777	0.000880898	-12071.3
778	0.000880898	-11116.6
779	0.000880898	-11162.2
780	0.000880898	-12068.9
781	0.000880898	-11910.3
782	0.000880898	-11206.3
783	0.000880898	-12251.9
784	0.000880898	-11582.8
785	0.000880898	-12538.7
786	0.000880898	-10760.3
787	0.000880898	-11201
788	0.000880898	-11594.1
789	0.000880898	-11890.6
790	0.000880898	-9823.21
791	0.000880898	-10596.2
792	0.000880898	-10696.5
793	0.000880898	-11608.3
794	0.000880898	-11871.4
795	0.000880898	-10617.6
796	0.000880898	-10724.4
797	0.000880898	-9949.19
798	0.000880898	-11046
799	0.000880898	-11534.1
800	0.000880898	-11575.5
801	0.000880898	-12307
802	0.000880898	-12975.2
803	0.000880898	-11731.3
804	0.000880898	-15346.4
805	0.000880898	-13130.5
806	0.000880898	-10191.1
807	0.000880898	-10322.6
808	0.000880898	-11074.2
809	0.000880898	-10962.4
810	0.000880898	-12217.2
811	0.000880898	-11852.1
812	0.000880898	-10536.2
813	0.000880898	-10107.1
814	0.000880898	-10954.9
815	0.000880898	-10316.2
816	0.000880898	-11764.7
817	0.000880898	-10195.7
818	0.000880898	-10056.2
819	0.000880898	-11382.8
820	0.000880898	-11400.1
821	0.000880898	-10178.7
822	0.000880898	-10698.7
823	0.000880898	-10893.6
824	0.000880898	-10350
825	0.000880898	-10947.2
826	0.000880898	-10514.7
827	0.000880898	-10920.2
828	0.000880898	-12016.9
829	0.000880898	-10355.3
830	0.000880898	-12380
831	0.000880898	-10836.5
832	0.000880898	-10791.4
833	0.000880898	-11922.5
834	0.000880898	-11292.7
835	0.000880898	-11829.3
836	0.000880898	-10764.3
837	0.000880898	-10733.5
838	0.000880898	-10024.7
839	0.000880898	-10613.3
840	0.000880898	-11159.1
841	0.000880898	-10832.7
842	0.000880898	-10448
843	0.000880898	-12215.8
844	0.000880898	-10092
845	0.000880898	-10488.9
846	0.000880898	-10746.4
847	0.000880898	-13070.8
848	0.000880898	-11957.4
849	0.000880898	-10654.8
850	0.000880898	-10229.9
851	0.000880898	-10046.1
852	0.000880898	-11366.2
853	0.000880898	-11187.8
854	0.000880898	-11545.1
855	0.000880898	-10535.5
856	0.000880898	-10738.7
857	0.000880898	-10808.4
858	0.000880898	-14270.6
859	0.000880898	-12814.1
860	0.000880898	-11734.4
861	0.000880898	-11367.8
862	0.000880898	-11714
863	0.000880898	-11950.2
864	0.000880898	-12348.6
865	0.000880898	-13827.4
866	0.000880898	-11801.9
867	0.000880898	-10932.8
868	0.000880898	-12224.6
869	0.000880898	-10591.5
870	0.000880898	-12411.6
871	0.000880898	-11871.2
872	0.000880898	-11631.5
873	0.000880898	-10810.7
874	0.000880898	-11528.7
875	0.000880898	-11106.7
876	0.000880898	-9988.27
877	0.000880898	-12952.5
878	0.000880898	-12986.9
879	0.000880898	-11994.1
880	0.000880898	-10690.3
881	0.000880898	-10616.3
882	0.000880898	-11425.7
883	0.000880898	-10680.2
884	0.000880898	-11049.3
885	0.000880898	-12193
886	0.000880898	-11047.5
887	0.000880898	-10683.1
888	0.000880898	-11091.6
889	0.000880898	-12344.8
890	0.000880898	-12400.6
891	0.000880898	-12057.4
892	0.000880898	-11858.4
893	0.000880898	-10325.5
894	0.000880898	-10239.6
895	0.000880898	-10310.1
896	0.000880898	-10901
897	0.000880898	-11468
898	0.000880898	-11383.9
899	0.000880898	-10373.4
900	0.000880898	-10320.9
901	0.000880898	-10330.1
902	0.000880898	-9414.38
903	0.000880898	-10193.4
904	0.000880898	-10667.9
905	0.000880898	-10876.9
906	0.000880898	-10416.9
907	0.000880898	-11028.6
908	0.000880898	-10384.8
909	0.000880898	-11090.2
910	0.000880898	-10639.8
911	0.000880898	-10011.8
912	0.000880898	-11061.5
913	0.000880898	-11091.8
914	0.000880898	-11077.9
915	0.000880898	-10117.5
916	0.000880898	-10653.1
917	0.000880898	-11804.8
918	0.000880898	-12930.2
919	0.000880898	-10101.9
920	0.000880898	-11306.3
921	0.000880898	-11052.7
922	0.000880898	-13002.9
923	0.000880898	-11245
924	0.000880898	-12860.5
925	0.000880898	-11279.7
926	0.000880898	-11660.6
927	0.000880898	-10714
928	0.000880898	-11571.9
929	0.000880898	-10570.2
930	0.000880898	-10922.5
931	0.000880898	-11876.5
932	0.000880898	-10991.6
933	0.000880898	-10888.7
934	0.000880898	-10928.2
935	0.000880898	-11796.5
936	0.000880898	-11226
937	0.000880898	-11391.4
938	0.000880898	-10579.9
939	0.000880898	-11343.8
940	0.000880898	-11157.6
941	0.000880898	-11076.7
942	0.000880898	-11013.8
943	0.000880898	-11440
944	0.000880898	-11055.4
945	0.000880898	-11168.3
946	0.000880898	-10784.2
947	0.000880898	-11714.6
948	0.000880898	-11882.8
949	0.000880898	-14138.6
950	0.000880898	-11895.2
951	0.000880898	-11031.8
952	0.000880898	-11048
953	0.000880898	-10354.9
954	0.000880898	-11338.6
955	0.000880898	-11020.7
956	0.000880898	-10714.8
957	0.000880898	-11452.2
958	0.000880898	-11094.1
959	0.000880898	-10797.2
960	0.000880898	-10950
961	0.000880898	-10967.4
962	0.000880898	-9698.76
963	0.000880898	-10351.9
964	0.000880898	-10606.1
965	0.000880898	-10824.7
966	0.000880898	-11788.3
967	0.000880898	-11984.9
968	0.000880898	-11331.2
969	0.000880898	-11355.7
970	0.000880898	-11289.6
971	0.000880898	-12105.1
972	0.000880898	-10944.1
973	0.000880898	-11745.3
974	0.000880898	-10836
975	0.000880898	-11921.7
976	0.000880898	-12402.1
977	0.000880898	-10523.1
978	0.000880898	-11081.8
979	0.000880898	-10827.1
980	0.000880898	-10215.1
981	0.000880898	-11494.1
982	0.000880898	-11478.4
983	0.000880898	-10315
984	0.000880898	-10921.5
985	0.000880898	-11545.5
986	0.000880898	-13833.3
987	0.000880898	-12870.3
988	0.000880898	-12341.4
989	0.000880898	-10852.4
990	0.000880898	-11189.3
991	0.000880898	-10288.5
992	0.000880898	-10611.5
993	0.000880898	-10650.9
994	0.000880898	-12128.5
995	0.000880898	-10847.4
996	0.000880898	-10880.4
997	0.000880898	-10322
998	0.000880898	-9604.56
999	0.000880898	-9946.2
1000	0.000880898	-10006.7
