state	power	likelihood
251	0.0227855	-8454.16
252	0.0227855	-8714.14
253	0.0227855	-8631.2
254	0.0227855	-8676.31
255	0.0227855	-8635.11
256	0.0227855	-8536.62
257	0.0227855	-8773.23
258	0.0227855	-8521.8
259	0.0227855	-8436.74
260	0.0227855	-8595.89
261	0.0227855	-8445.83
262	0.0227855	-8300.99
263	0.0227855	-8500.61
264	0.0227855	-8393.11
265	0.0227855	-8452.46
266	0.0227855	-8511.48
267	0.0227855	-8541.47
268	0.0227855	-8502.23
269	0.0227855	-8492.48
270	0.0227855	-8546.49
271	0.0227855	-8665.98
272	0.0227855	-8854.32
273	0.0227855	-8559.17
274	0.0227855	-8576.63
275	0.0227855	-8800.45
276	0.0227855	-8736.64
277	0.0227855	-8568.22
278	0.0227855	-8402.82
279	0.0227855	-8639.71
280	0.0227855	-8682.36
281	0.0227855	-8633.93
282	0.0227855	-8591.61
283	0.0227855	-8439.65
284	0.0227855	-8291.33
285	0.0227855	-8491.59
286	0.0227855	-8706.63
287	0.0227855	-8589.73
288	0.0227855	-8551.1
289	0.0227855	-8605.86
290	0.0227855	-8846.33
291	0.0227855	-8736.6
292	0.0227855	-8677.15
293	0.0227855	-8586.83
294	0.0227855	-8747.42
295	0.0227855	-8521.77
296	0.0227855	-8381.56
297	0.0227855	-8489.08
298	0.0227855	-8579.83
299	0.0227855	-8479.87
300	0.0227855	-8617.59
301	0.0227855	-8631.88
302	0.0227855	-8512.22
303	0.0227855	-8710.31
304	0.0227855	-8446.22
305	0.0227855	-8572.58
306	0.0227855	-8657.81
307	0.0227855	-8547.61
308	0.0227855	-8461.21
309	0.0227855	-8603.35
310	0.0227855	-8338.84
311	0.0227855	-8517.97
312	0.0227855	-8533.54
313	0.0227855	-8663.52
314	0.0227855	-8298.53
315	0.0227855	-8585.39
316	0.0227855	-8682.94
317	0.0227855	-8561.05
318	0.0227855	-8713.47
319	0.0227855	-8898.55
320	0.0227855	-8549.89
321	0.0227855	-8533.74
322	0.0227855	-8679.21
323	0.0227855	-8577.93
324	0.0227855	-8596.43
325	0.0227855	-8575.5
326	0.0227855	-8612.93
327	0.0227855	-8533.29
328	0.0227855	-8573.21
329	0.0227855	-8496.47
330	0.0227855	-8618.15
331	0.0227855	-8556.97
332	0.0227855	-8438.72
333	0.0227855	-8464.48
334	0.0227855	-8389.33
335	0.0227855	-8570.38
336	0.0227855	-8438.83
337	0.0227855	-8632.96
338	0.0227855	-8869
339	0.0227855	-8566.32
340	0.0227855	-8617.55
341	0.0227855	-8581.7
342	0.0227855	-8602.01
343	0.0227855	-8973.31
344	0.0227855	-8796.52
345	0.0227855	-8592.59
346	0.0227855	-8673.38
347	0.0227855	-8735.44
348	0.0227855	-8437.18
349	0.0227855	-8569.31
350	0.0227855	-8535.81
351	0.0227855	-8649.43
352	0.0227855	-8365.23
353	0.0227855	-8655.21
354	0.0227855	-8324.2
355	0.0227855	-8436.35
356	0.0227855	-8743.51
357	0.0227855	-8613.74
358	0.0227855	-8506.75
359	0.0227855	-8407.8
360	0.0227855	-8628.08
361	0.0227855	-8514.31
362	0.0227855	-8544.52
363	0.0227855	-8432.05
364	0.0227855	-8538.44
365	0.0227855	-8748.1
366	0.0227855	-8737.8
367	0.0227855	-8611.99
368	0.0227855	-8500.01
369	0.0227855	-8503.02
370	0.0227855	-8543.11
371	0.0227855	-8371.86
372	0.0227855	-8474.24
373	0.0227855	-8536.72
374	0.0227855	-8718.02
375	0.0227855	-8409.43
376	0.0227855	-8776.35
377	0.0227855	-8630.82
378	0.0227855	-8556.97
379	0.0227855	-8406.61
380	0.0227855	-9076.11
381	0.0227855	-8913.21
382	0.0227855	-8857.56
383	0.0227855	-8556.09
384	0.0227855	-8540.42
385	0.0227855	-8578.33
386	0.0227855	-8574.57
387	0.0227855	-8580.54
388	0.0227855	-8469.75
389	0.0227855	-8646.91
390	0.0227855	-8587.48
391	0.0227855	-8620.82
392	0.0227855	-8655.76
393	0.0227855	-8598.03
394	0.0227855	-8545.35
395	0.0227855	-8469.05
396	0.0227855	-8387.23
397	0.0227855	-8602.34
398	0.0227855	-8443.76
399	0.0227855	-8372.62
400	0.0227855	-8378.18
401	0.0227855	-8329.58
402	0.0227855	-8452.13
403	0.0227855	-8497.74
404	0.0227855	-8606.64
405	0.0227855	-8441.89
406	0.0227855	-8484.65
407	0.0227855	-8348.02
408	0.0227855	-8417.96
409	0.0227855	-8535.66
410	0.0227855	-8510.11
411	0.0227855	-8542.52
412	0.0227855	-8486.88
413	0.0227855	-8493.15
414	0.0227855	-8544.75
415	0.0227855	-8672.46
416	0.0227855	-8700.13
417	0.0227855	-8444.13
418	0.0227855	-8482.77
419	0.0227855	-8431.11
420	0.0227855	-8637.28
421	0.0227855	-8740.06
422	0.0227855	-8558.49
423	0.0227855	-8686.68
424	0.0227855	-8646.78
425	0.0227855	-8617.06
426	0.0227855	-8430.79
427	0.0227855	-8613.22
428	0.0227855	-8641.97
429	0.0227855	-8525.27
430	0.0227855	-8649.99
431	0.0227855	-8667.66
432	0.0227855	-8429.83
433	0.0227855	-8621.02
434	0.0227855	-8649.84
435	0.0227855	-8577.17
436	0.0227855	-8301.47
437	0.0227855	-8674.74
438	0.0227855	-8640.97
439	0.0227855	-8614.18
440	0.0227855	-8482.03
441	0.0227855	-8613.23
442	0.0227855	-8477
443	0.0227855	-8561.94
444	0.0227855	-8677.82
445	0.0227855	-8470.52
446	0.0227855	-8546.67
447	0.0227855	-8469.41
448	0.0227855	-8555.99
449	0.0227855	-8644.86
450	0.0227855	-8762.17
451	0.0227855	-8593.71
452	0.0227855	-8343.85
453	0.0227855	-8215.57
454	0.0227855	-8272.4
455	0.0227855	-8425.07
456	0.0227855	-8441.31
457	0.0227855	-8551.54
458	0.0227855	-8482.22
459	0.0227855	-8418.74
460	0.0227855	-8636.02
461	0.0227855	-8590.8
462	0.0227855	-8662.21
463	0.0227855	-8674.9
464	0.0227855	-8921.81
465	0.0227855	-8792.67
466	0.0227855	-8619.35
467	0.0227855	-8418.37
468	0.0227855	-8500.63
469	0.0227855	-8373.89
470	0.0227855	-8517.43
471	0.0227855	-8745.44
472	0.0227855	-8595.08
473	0.0227855	-8492.7
474	0.0227855	-8640.32
475	0.0227855	-8506.87
476	0.0227855	-8593.8
477	0.0227855	-8607.25
478	0.0227855	-8367.98
479	0.0227855	-8682.49
480	0.0227855	-8603.94
481	0.0227855	-8623.65
482	0.0227855	-8644.25
483	0.0227855	-8651.47
484	0.0227855	-8718.45
485	0.0227855	-8550.22
486	0.0227855	-8556.64
487	0.0227855	-8749.88
488	0.0227855	-8685.99
489	0.0227855	-8819.06
490	0.0227855	-8672.5
491	0.0227855	-8713.17
492	0.0227855	-8629.23
493	0.0227855	-8806.07
494	0.0227855	-8922.25
495	0.0227855	-8701.77
496	0.0227855	-8735.34
497	0.0227855	-8828.16
498	0.0227855	-8812.93
499	0.0227855	-8813.05
500	0.0227855	-8805.56
501	0.0227855	-8764.56
502	0.0227855	-8623.66
503	0.0227855	-8657.6
504	0.0227855	-8640.55
505	0.0227855	-8595.64
506	0.0227855	-8423.04
507	0.0227855	-8562.86
508	0.0227855	-8621.14
509	0.0227855	-8711.93
510	0.0227855	-8527.71
511	0.0227855	-8448.35
512	0.0227855	-8718.74
513	0.0227855	-8518.82
514	0.0227855	-8459.15
515	0.0227855	-8486.13
516	0.0227855	-8437.32
517	0.0227855	-8454.53
518	0.0227855	-8903.26
519	0.0227855	-8619.33
520	0.0227855	-8575.83
521	0.0227855	-8545.06
522	0.0227855	-8660.2
523	0.0227855	-8556.1
524	0.0227855	-8661.12
525	0.0227855	-8625.08
526	0.0227855	-8767.7
527	0.0227855	-8585.69
528	0.0227855	-8674.86
529	0.0227855	-8611.62
530	0.0227855	-8472.22
531	0.0227855	-8703.84
532	0.0227855	-8559.03
533	0.0227855	-8626.02
534	0.0227855	-8798.09
535	0.0227855	-8629.82
536	0.0227855	-8757.49
537	0.0227855	-8685.45
538	0.0227855	-8536.19
539	0.0227855	-8578.53
540	0.0227855	-8683.03
541	0.0227855	-8678.19
542	0.0227855	-8424.88
543	0.0227855	-8390.35
544	0.0227855	-8593.46
545	0.0227855	-8710.94
546	0.0227855	-8446.92
547	0.0227855	-8609.59
548	0.0227855	-8637
549	0.0227855	-8515.33
550	0.0227855	-8464.16
551	0.0227855	-8377.04
552	0.0227855	-8586.96
553	0.0227855	-8439.16
554	0.0227855	-8407.39
555	0.0227855	-8590.95
556	0.0227855	-8653.16
557	0.0227855	-8749.1
558	0.0227855	-8559.89
559	0.0227855	-8622.07
560	0.0227855	-8530.36
561	0.0227855	-8734.92
562	0.0227855	-8748.97
563	0.0227855	-8588.85
564	0.0227855	-8653.11
565	0.0227855	-8498.33
566	0.0227855	-8486.54
567	0.0227855	-8541.4
568	0.0227855	-8460.73
569	0.0227855	-8539.78
570	0.0227855	-8527.05
571	0.0227855	-8654.87
572	0.0227855	-8663.36
573	0.0227855	-8515.77
574	0.0227855	-8436.34
575	0.0227855	-8489.89
576	0.0227855	-8632.17
577	0.0227855	-8644.44
578	0.0227855	-8489.06
579	0.0227855	-8733.58
580	0.0227855	-8688.14
581	0.0227855	-8673.57
582	0.0227855	-8484.4
583	0.0227855	-8566.2
584	0.0227855	-8527.26
585	0.0227855	-8679.95
586	0.0227855	-8711.7
587	0.0227855	-8486.81
588	0.0227855	-8559.59
589	0.0227855	-8395.27
590	0.0227855	-8528.17
591	0.0227855	-8343.11
592	0.0227855	-8568.64
593	0.0227855	-8482.52
594	0.0227855	-8616.44
595	0.0227855	-8770.88
596	0.0227855	-8783.5
597	0.0227855	-8566.06
598	0.0227855	-8504.36
599	0.0227855	-8420.16
600	0.0227855	-8537.27
601	0.0227855	-8583.97
602	0.0227855	-8773.39
603	0.0227855	-8546.86
604	0.0227855	-8428.58
605	0.0227855	-8465.38
606	0.0227855	-8876.84
607	0.0227855	-8586.61
608	0.0227855	-8600.74
609	0.0227855	-8627.74
610	0.0227855	-8824.3
611	0.0227855	-8714.77
612	0.0227855	-8650.39
613	0.0227855	-8596.31
614	0.0227855	-8567.21
615	0.0227855	-8712.87
616	0.0227855	-8505.82
617	0.0227855	-8392.4
618	0.0227855	-8662.85
619	0.0227855	-8582.88
620	0.0227855	-8613.22
621	0.0227855	-8502.03
622	0.0227855	-8581.53
623	0.0227855	-8528.92
624	0.0227855	-8401.53
625	0.0227855	-8470.31
626	0.0227855	-8516.14
627	0.0227855	-8652.92
628	0.0227855	-8669.07
629	0.0227855	-8530.33
630	0.0227855	-8455.22
631	0.0227855	-8516.81
632	0.0227855	-8566.89
633	0.0227855	-8550.83
634	0.0227855	-8526.2
635	0.0227855	-8573.57
636	0.0227855	-8379.16
637	0.0227855	-8628.53
638	0.0227855	-8487.45
639	0.0227855	-8448.74
640	0.0227855	-8303.82
641	0.0227855	-8630.73
642	0.0227855	-8444.63
643	0.0227855	-8354.1
644	0.0227855	-8565.11
645	0.0227855	-8908.08
646	0.0227855	-8788.07
647	0.0227855	-8503.1
648	0.0227855	-8401.94
649	0.0227855	-8439.17
650	0.0227855	-8548.47
651	0.0227855	-8645.93
652	0.0227855	-8525.13
653	0.0227855	-8640.8
654	0.0227855	-8830.59
655	0.0227855	-8781.21
656	0.0227855	-8996.65
657	0.0227855	-8856.15
658	0.0227855	-8723.94
659	0.0227855	-8500.89
660	0.0227855	-8486.58
661	0.0227855	-8695.29
662	0.0227855	-8457.83
663	0.0227855	-8405.35
664	0.0227855	-8511.36
665	0.0227855	-8548.18
666	0.0227855	-8442.1
667	0.0227855	-8520.67
668	0.0227855	-8709.38
669	0.0227855	-8632.11
670	0.0227855	-8828.97
671	0.0227855	-8852.07
672	0.0227855	-8475.74
673	0.0227855	-8820.88
674	0.0227855	-8434.58
675	0.0227855	-8635.73
676	0.0227855	-8508.05
677	0.0227855	-8468.77
678	0.0227855	-8746
679	0.0227855	-8468.93
680	0.0227855	-8561.87
681	0.0227855	-8441.12
682	0.0227855	-8493.84
683	0.0227855	-8351.5
684	0.0227855	-8494.98
685	0.0227855	-8671.64
686	0.0227855	-8939.74
687	0.0227855	-8569.28
688	0.0227855	-8498.01
689	0.0227855	-8789.79
690	0.0227855	-8541.28
691	0.0227855	-8816.83
692	0.0227855	-8622.64
693	0.0227855	-8748.03
694	0.0227855	-8617.51
695	0.0227855	-8402.03
696	0.0227855	-8530.44
697	0.0227855	-8540.27
698	0.0227855	-8553.7
699	0.0227855	-8468.88
700	0.0227855	-8417.87
701	0.0227855	-8430.33
702	0.0227855	-8551.75
703	0.0227855	-8792.83
704	0.0227855	-8539.5
705	0.0227855	-8590.22
706	0.0227855	-8527.86
707	0.0227855	-8405.04
708	0.0227855	-8471.6
709	0.0227855	-8864.14
710	0.0227855	-8786.21
711	0.0227855	-8751.91
712	0.0227855	-8770.04
713	0.0227855	-8623.35
714	0.0227855	-8596.96
715	0.0227855	-8510.52
716	0.0227855	-8682.09
717	0.0227855	-8574.86
718	0.0227855	-8504.47
719	0.0227855	-8598.21
720	0.0227855	-8444.1
721	0.0227855	-8492.39
722	0.0227855	-8550.58
723	0.0227855	-8613.16
724	0.0227855	-8586.24
725	0.0227855	-8627.82
726	0.0227855	-8521.56
727	0.0227855	-8495.74
728	0.0227855	-8639.27
729	0.0227855	-8615.53
730	0.0227855	-8518.07
731	0.0227855	-8506.31
732	0.0227855	-8756.68
733	0.0227855	-8493.93
734	0.0227855	-8734.63
735	0.0227855	-8681.05
736	0.0227855	-8618.67
737	0.0227855	-8740.54
738	0.0227855	-8723.82
739	0.0227855	-8585.43
740	0.0227855	-8586.23
741	0.0227855	-8610.92
742	0.0227855	-8610.83
743	0.0227855	-8589.31
744	0.0227855	-8566.44
745	0.0227855	-8476.32
746	0.0227855	-8646.63
747	0.0227855	-8446.41
748	0.0227855	-8528.13
749	0.0227855	-8699.8
750	0.0227855	-8556.54
751	0.0227855	-8699.94
752	0.0227855	-8471.83
753	0.0227855	-8410.96
754	0.0227855	-8358.25
755	0.0227855	-8548.45
756	0.0227855	-8535.97
757	0.0227855	-8476.35
758	0.0227855	-8561.86
759	0.0227855	-8600.89
760	0.0227855	-8715.28
761	0.0227855	-8894.55
762	0.0227855	-8645.13
763	0.0227855	-8522.08
764	0.0227855	-8496.3
765	0.0227855	-8652.3
766	0.0227855	-8893.34
767	0.0227855	-8687.13
768	0.0227855	-8510.91
769	0.0227855	-8541.79
770	0.0227855	-8690.86
771	0.0227855	-8597.37
772	0.0227855	-8774.66
773	0.0227855	-8755.66
774	0.0227855	-8672.49
775	0.0227855	-8590.67
776	0.0227855	-8613.4
777	0.0227855	-8500.92
778	0.0227855	-8606.57
779	0.0227855	-8819.14
780	0.0227855	-8475.74
781	0.0227855	-8378.8
782	0.0227855	-8384.01
783	0.0227855	-8389.05
784	0.0227855	-8435.36
785	0.0227855	-8542.29
786	0.0227855	-8747.29
787	0.0227855	-8596.01
788	0.0227855	-8580.71
789	0.0227855	-8707.88
790	0.0227855	-8560.84
791	0.0227855	-8534.38
792	0.0227855	-8675.99
793	0.0227855	-8517.76
794	0.0227855	-8556.52
795	0.0227855	-8677.93
796	0.0227855	-8874.46
797	0.0227855	-8678.2
798	0.0227855	-8621.62
799	0.0227855	-8563.04
800	0.0227855	-8609.57
801	0.0227855	-8539.07
802	0.0227855	-8569.87
803	0.0227855	-8619.77
804	0.0227855	-8434.82
805	0.0227855	-8543.52
806	0.0227855	-8477.28
807	0.0227855	-8471.81
808	0.0227855	-8451.32
809	0.0227855	-8469.93
810	0.0227855	-8406.84
811	0.0227855	-8501.58
812	0.0227855	-8928.84
813	0.0227855	-8702.48
814	0.0227855	-8641.43
815	0.0227855	-8582.87
816	0.0227855	-8578.87
817	0.0227855	-8497.2
818	0.0227855	-8450.19
819	0.0227855	-8582.95
820	0.0227855	-8747.07
821	0.0227855	-8721.45
822	0.0227855	-8563.62
823	0.0227855	-8644.63
824	0.0227855	-8441.54
825	0.0227855	-8554.24
826	0.0227855	-8409.69
827	0.0227855	-8531.74
828	0.0227855	-8485.91
829	0.0227855	-8581.07
830	0.0227855	-8546.81
831	0.0227855	-8389.27
832	0.0227855	-8548.99
833	0.0227855	-8642.92
834	0.0227855	-8330.2
835	0.0227855	-8375.65
836	0.0227855	-8695.25
837	0.0227855	-8499.39
838	0.0227855	-8569.46
839	0.0227855	-8492.92
840	0.0227855	-8504.69
841	0.0227855	-8349.89
842	0.0227855	-8392.37
843	0.0227855	-8377.75
844	0.0227855	-8372.71
845	0.0227855	-8313.82
846	0.0227855	-8287.46
847	0.0227855	-8434.58
848	0.0227855	-8585.97
849	0.0227855	-8537.74
850	0.0227855	-8587.53
851	0.0227855	-8743.21
852	0.0227855	-8437.99
853	0.0227855	-8564.81
854	0.0227855	-8717.43
855	0.0227855	-8447.91
856	0.0227855	-8566.17
857	0.0227855	-8612.31
858	0.0227855	-8468.77
859	0.0227855	-8597.5
860	0.0227855	-8707.76
861	0.0227855	-8716.11
862	0.0227855	-8815.13
863	0.0227855	-8832.32
864	0.0227855	-8926.12
865	0.0227855	-8513.3
866	0.0227855	-8522.76
867	0.0227855	-8665.03
868	0.0227855	-8691.68
869	0.0227855	-8676.66
870	0.0227855	-8439.3
871	0.0227855	-8323.07
872	0.0227855	-8362.06
873	0.0227855	-8656.3
874	0.0227855	-8561.97
875	0.0227855	-8582.29
876	0.0227855	-8524.35
877	0.0227855	-8412.17
878	0.0227855	-8446.48
879	0.0227855	-8431.68
880	0.0227855	-8471.5
881	0.0227855	-8576.13
882	0.0227855	-8751.92
883	0.0227855	-8543.07
884	0.0227855	-8387.99
885	0.0227855	-8666.19
886	0.0227855	-8441.58
887	0.0227855	-8625.38
888	0.0227855	-8402.44
889	0.0227855	-8482.33
890	0.0227855	-8452.35
891	0.0227855	-8419.76
892	0.0227855	-8506.38
893	0.0227855	-8614.84
894	0.0227855	-8659.96
895	0.0227855	-8441.84
896	0.0227855	-8283.51
897	0.0227855	-8697.58
898	0.0227855	-8807.8
899	0.0227855	-8441.05
900	0.0227855	-8631.72
901	0.0227855	-8478.71
902	0.0227855	-8718.02
903	0.0227855	-8705.51
904	0.0227855	-8499.96
905	0.0227855	-8686.89
906	0.0227855	-8565.38
907	0.0227855	-8620.94
908	0.0227855	-8574.89
909	0.0227855	-8591.95
910	0.0227855	-8587.99
911	0.0227855	-8466.62
912	0.0227855	-8725.03
913	0.0227855	-8631.22
914	0.0227855	-8442.03
915	0.0227855	-8353.38
916	0.0227855	-8462.56
917	0.0227855	-8522.98
918	0.0227855	-8411.31
919	0.0227855	-8494.27
920	0.0227855	-8390.48
921	0.0227855	-8559.57
922	0.0227855	-8414.4
923	0.0227855	-8317.7
924	0.0227855	-8446.7
925	0.0227855	-8486.26
926	0.0227855	-8795.42
927	0.0227855	-8433.23
928	0.0227855	-8460.57
929	0.0227855	-8519.09
930	0.0227855	-8366.83
931	0.0227855	-8622.56
932	0.0227855	-8655.33
933	0.0227855	-8465.54
934	0.0227855	-8540.07
935	0.0227855	-8762.16
936	0.0227855	-8860.23
937	0.0227855	-8541.09
938	0.0227855	-8458.99
939	0.0227855	-8406.37
940	0.0227855	-8585.27
941	0.0227855	-8669.04
942	0.0227855	-8447.62
943	0.0227855	-8489.97
944	0.0227855	-8481.55
945	0.0227855	-8639.21
946	0.0227855	-8667.24
947	0.0227855	-8671.3
948	0.0227855	-8754.95
949	0.0227855	-8810.01
950	0.0227855	-8475.55
951	0.0227855	-8770.5
952	0.0227855	-8537.22
953	0.0227855	-8532.19
954	0.0227855	-8464.33
955	0.0227855	-8482.72
956	0.0227855	-8626.77
957	0.0227855	-8468.72
958	0.0227855	-8484.96
959	0.0227855	-8648.24
960	0.0227855	-8840.81
961	0.0227855	-8707.5
962	0.0227855	-8851.75
963	0.0227855	-8565.87
964	0.0227855	-8628.27
965	0.0227855	-8644.83
966	0.0227855	-8634.53
967	0.0227855	-8621.29
968	0.0227855	-8543.14
969	0.0227855	-8234.14
970	0.0227855	-8324.01
971	0.0227855	-8398.21
972	0.0227855	-8706.07
973	0.0227855	-8608.63
974	0.0227855	-8704.56
975	0.0227855	-8703.73
976	0.0227855	-8382.82
977	0.0227855	-8482.66
978	0.0227855	-8451.25
979	0.0227855	-8491.46
980	0.0227855	-8313.03
981	0.0227855	-8239.38
982	0.0227855	-8426.06
983	0.0227855	-8612.52
984	0.0227855	-8589.84
985	0.0227855	-8612.12
986	0.0227855	-8475.8
987	0.0227855	-8607.85
988	0.0227855	-8663.74
989	0.0227855	-8797.87
990	0.0227855	-8816.01
991	0.0227855	-8873.42
992	0.0227855	-8475.07
993	0.0227855	-8440.17
994	0.0227855	-8632.57
995	0.0227855	-8575.99
996	0.0227855	-8609.83
997	0.0227855	-8594.36
998	0.0227855	-8594.23
999	0.0227855	-8481.5
1000	0.0227855	-8478.41
