state	power	likelihood
251	0.0144583	-8790.71
252	0.0144583	-8737.66
253	0.0144583	-8936.98
254	0.0144583	-8701.57
255	0.0144583	-8827.14
256	0.0144583	-8594.72
257	0.0144583	-8744.1
258	0.0144583	-8719.83
259	0.0144583	-8974.39
260	0.0144583	-8837.98
261	0.0144583	-8815.76
262	0.0144583	-8986.61
263	0.0144583	-8611.67
264	0.0144583	-8627.45
265	0.0144583	-9002.33
266	0.0144583	-8811.86
267	0.0144583	-8768.66
268	0.0144583	-8719.66
269	0.0144583	-8736.06
270	0.0144583	-9267
271	0.0144583	-9370.71
272	0.0144583	-8829.2
273	0.0144583	-8659.78
274	0.0144583	-8601.13
275	0.0144583	-8539.66
276	0.0144583	-8772.84
277	0.0144583	-9066
278	0.0144583	-8561.19
279	0.0144583	-8799.48
280	0.0144583	-8697.4
281	0.0144583	-8573.39
282	0.0144583	-8830.82
283	0.0144583	-8672.3
284	0.0144583	-8940.07
285	0.0144583	-8660.28
286	0.0144583	-8860.55
287	0.0144583	-9050.27
288	0.0144583	-8841.32
289	0.0144583	-8737.32
290	0.0144583	-8783.49
291	0.0144583	-8835.76
292	0.0144583	-9118.05
293	0.0144583	-8890.29
294	0.0144583	-8788.5
295	0.0144583	-8445.14
296	0.0144583	-8754.55
297	0.0144583	-8790.66
298	0.0144583	-8555.63
299	0.0144583	-8820.51
300	0.0144583	-8551.4
301	0.0144583	-8691.65
302	0.0144583	-8723.75
303	0.0144583	-8706.97
304	0.0144583	-8737.98
305	0.0144583	-8659.57
306	0.0144583	-8507.25
307	0.0144583	-8564.01
308	0.0144583	-8671.72
309	0.0144583	-8709.18
310	0.0144583	-8610.6
311	0.0144583	-8646.35
312	0.0144583	-8738.79
313	0.0144583	-9029.78
314	0.0144583	-8745.69
315	0.0144583	-8964.7
316	0.0144583	-8781.72
317	0.0144583	-8887.39
318	0.0144583	-8897.34
319	0.0144583	-8710.9
320	0.0144583	-8440.26
321	0.0144583	-8959.46
322	0.0144583	-8886.08
323	0.0144583	-8700.76
324	0.0144583	-8565.75
325	0.0144583	-8579.2
326	0.0144583	-8595.23
327	0.0144583	-9236.07
328	0.0144583	-8910.61
329	0.0144583	-8974.83
330	0.0144583	-8743.78
331	0.0144583	-8718.56
332	0.0144583	-8583.46
333	0.0144583	-8860.48
334	0.0144583	-8548.22
335	0.0144583	-8614.3
336	0.0144583	-8567.3
337	0.0144583	-8649.36
338	0.0144583	-8836.39
339	0.0144583	-8684.09
340	0.0144583	-8610.12
341	0.0144583	-8480.88
342	0.0144583	-8558.54
343	0.0144583	-8867.81
344	0.0144583	-8651.02
345	0.0144583	-8558.65
346	0.0144583	-8490.85
347	0.0144583	-8409.02
348	0.0144583	-8586.05
349	0.0144583	-8777.02
350	0.0144583	-8634.4
351	0.0144583	-8714.27
352	0.0144583	-8891.63
353	0.0144583	-8573.79
354	0.0144583	-8586.32
355	0.0144583	-8667.14
356	0.0144583	-8539.04
357	0.0144583	-8547.53
358	0.0144583	-8622.12
359	0.0144583	-8530.4
360	0.0144583	-8591.7
361	0.0144583	-8535.76
362	0.0144583	-8759.9
363	0.0144583	-8454.84
364	0.0144583	-8920.7
365	0.0144583	-9227.65
366	0.0144583	-9067.11
367	0.0144583	-9304.62
368	0.0144583	-8862.32
369	0.0144583	-8666.3
370	0.0144583	-8469.9
371	0.0144583	-8583.81
372	0.0144583	-8513.34
373	0.0144583	-8494.97
374	0.0144583	-8428.26
375	0.0144583	-8533.17
376	0.0144583	-8920.72
377	0.0144583	-8502.68
378	0.0144583	-8517.85
379	0.0144583	-8726.48
380	0.0144583	-8602.05
381	0.0144583	-8727.41
382	0.0144583	-8752.97
383	0.0144583	-8924.43
384	0.0144583	-8724.36
385	0.0144583	-8865.93
386	0.0144583	-8681.95
387	0.0144583	-8683.97
388	0.0144583	-9080
389	0.0144583	-9142.8
390	0.0144583	-8843.41
391	0.0144583	-8581.14
392	0.0144583	-9242.96
393	0.0144583	-8800.66
394	0.0144583	-8903.91
395	0.0144583	-8893.77
396	0.0144583	-8838.79
397	0.0144583	-8892.74
398	0.0144583	-8736.71
399	0.0144583	-8911.31
400	0.0144583	-8934.32
401	0.0144583	-8449.17
402	0.0144583	-8601.03
403	0.0144583	-8887.62
404	0.0144583	-9028.41
405	0.0144583	-8730.67
406	0.0144583	-9023.89
407	0.0144583	-8913.57
408	0.0144583	-9115.12
409	0.0144583	-8943.22
410	0.0144583	-8901.78
411	0.0144583	-8829.54
412	0.0144583	-8882.97
413	0.0144583	-8773.34
414	0.0144583	-8739.39
415	0.0144583	-8669.9
416	0.0144583	-8759.46
417	0.0144583	-8910.23
418	0.0144583	-9153.77
419	0.0144583	-8534.28
420	0.0144583	-8548.73
421	0.0144583	-8511.35
422	0.0144583	-8606.62
423	0.0144583	-8566.97
424	0.0144583	-8716.12
425	0.0144583	-8624.38
426	0.0144583	-8602.7
427	0.0144583	-8753.72
428	0.0144583	-8396.09
429	0.0144583	-8647.81
430	0.0144583	-8604.34
431	0.0144583	-8867.71
432	0.0144583	-8933.7
433	0.0144583	-8643.02
434	0.0144583	-8730.96
435	0.0144583	-8729.88
436	0.0144583	-8826.8
437	0.0144583	-8855.23
438	0.0144583	-8752.36
439	0.0144583	-8570.75
440	0.0144583	-8748.69
441	0.0144583	-8739.37
442	0.0144583	-8640.05
443	0.0144583	-8503.59
444	0.0144583	-8589.29
445	0.0144583	-8722.13
446	0.0144583	-8506.74
447	0.0144583	-8529.95
448	0.0144583	-8768.22
449	0.0144583	-8840.73
450	0.0144583	-8899.59
451	0.0144583	-8881.28
452	0.0144583	-8697.21
453	0.0144583	-8522.73
454	0.0144583	-8793.01
455	0.0144583	-8809.39
456	0.0144583	-8533.84
457	0.0144583	-8628.79
458	0.0144583	-8852.68
459	0.0144583	-8543.97
460	0.0144583	-8625.4
461	0.0144583	-8933.47
462	0.0144583	-8988.92
463	0.0144583	-8916.05
464	0.0144583	-8638.83
465	0.0144583	-8485.98
466	0.0144583	-8673.87
467	0.0144583	-8649.14
468	0.0144583	-8384.52
469	0.0144583	-8630.31
470	0.0144583	-8537.47
471	0.0144583	-8481.76
472	0.0144583	-8974.87
473	0.0144583	-8894.38
474	0.0144583	-8853.7
475	0.0144583	-8380.78
476	0.0144583	-8716.17
477	0.0144583	-8566.8
478	0.0144583	-9063.02
479	0.0144583	-8644.63
480	0.0144583	-8574.93
481	0.0144583	-8574.6
482	0.0144583	-8641.56
483	0.0144583	-8658.36
484	0.0144583	-8547.23
485	0.0144583	-8920.73
486	0.0144583	-8864.75
487	0.0144583	-9043.33
488	0.0144583	-9002.18
489	0.0144583	-8777.46
490	0.0144583	-8832.71
491	0.0144583	-8703.94
492	0.0144583	-8915.63
493	0.0144583	-9111.45
494	0.0144583	-8802.76
495	0.0144583	-8731.33
496	0.0144583	-8704.82
497	0.0144583	-9058.97
498	0.0144583	-8652.08
499	0.0144583	-8593.31
500	0.0144583	-8740.88
501	0.0144583	-8690.52
502	0.0144583	-8561.47
503	0.0144583	-8848.69
504	0.0144583	-8714.45
505	0.0144583	-8730.65
506	0.0144583	-8633.63
507	0.0144583	-8986.73
508	0.0144583	-9010.19
509	0.0144583	-8852.99
510	0.0144583	-8998.83
511	0.0144583	-8675.84
512	0.0144583	-8472.15
513	0.0144583	-8671.45
514	0.0144583	-8488.57
515	0.0144583	-8690.43
516	0.0144583	-8717.54
517	0.0144583	-9314.84
518	0.0144583	-8659.27
519	0.0144583	-8499.8
520	0.0144583	-8425.15
521	0.0144583	-8333.13
522	0.0144583	-8700.89
523	0.0144583	-8877.29
524	0.0144583	-8463.73
525	0.0144583	-8547.11
526	0.0144583	-8983.45
527	0.0144583	-8919.38
528	0.0144583	-8894.36
529	0.0144583	-8840.79
530	0.0144583	-8775.19
531	0.0144583	-8513.08
532	0.0144583	-8639.22
533	0.0144583	-8507.82
534	0.0144583	-8692.81
535	0.0144583	-8510.9
536	0.0144583	-8999.03
537	0.0144583	-9053.48
538	0.0144583	-8967.23
539	0.0144583	-8881.56
540	0.0144583	-9016.01
541	0.0144583	-8849.92
542	0.0144583	-9089.09
543	0.0144583	-8845.91
544	0.0144583	-8836.26
545	0.0144583	-8771.49
546	0.0144583	-8730.72
547	0.0144583	-8678.47
548	0.0144583	-9114.68
549	0.0144583	-8884.77
550	0.0144583	-8895.99
551	0.0144583	-8646.15
552	0.0144583	-8586.78
553	0.0144583	-8755.71
554	0.0144583	-8941.36
555	0.0144583	-8842.83
556	0.0144583	-8872.73
557	0.0144583	-8703.1
558	0.0144583	-8752.72
559	0.0144583	-8615.61
560	0.0144583	-8768.97
561	0.0144583	-8445.17
562	0.0144583	-8798.62
563	0.0144583	-8443.84
564	0.0144583	-8808.61
565	0.0144583	-8932.61
566	0.0144583	-9030.47
567	0.0144583	-8556.18
568	0.0144583	-8406.66
569	0.0144583	-8449.66
570	0.0144583	-8650.25
571	0.0144583	-8622.17
572	0.0144583	-8741.8
573	0.0144583	-8529.5
574	0.0144583	-8445.38
575	0.0144583	-8720.43
576	0.0144583	-8798.49
577	0.0144583	-8857.38
578	0.0144583	-8982.48
579	0.0144583	-8786.72
580	0.0144583	-8815.56
581	0.0144583	-8677.56
582	0.0144583	-8901.6
583	0.0144583	-8591.64
584	0.0144583	-8784.7
585	0.0144583	-8764.33
586	0.0144583	-9128.75
587	0.0144583	-8753.9
588	0.0144583	-8667.5
589	0.0144583	-8850.03
590	0.0144583	-8985.56
591	0.0144583	-8869.98
592	0.0144583	-8846.01
593	0.0144583	-8526.7
594	0.0144583	-8551.09
595	0.0144583	-8677.5
596	0.0144583	-8535.73
597	0.0144583	-8974.41
598	0.0144583	-9001.29
599	0.0144583	-8853.9
600	0.0144583	-8888.38
601	0.0144583	-8705.92
602	0.0144583	-8681.5
603	0.0144583	-8313.96
604	0.0144583	-8979.93
605	0.0144583	-9016.16
606	0.0144583	-9074.24
607	0.0144583	-9090.35
608	0.0144583	-8930.61
609	0.0144583	-8675.03
610	0.0144583	-8709.77
611	0.0144583	-9294.33
612	0.0144583	-9448.15
613	0.0144583	-8806.55
614	0.0144583	-8808.74
615	0.0144583	-8999.56
616	0.0144583	-8642.69
617	0.0144583	-8523.26
618	0.0144583	-8579.2
619	0.0144583	-8612.28
620	0.0144583	-8616.73
621	0.0144583	-8690.79
622	0.0144583	-8792.97
623	0.0144583	-8862.86
624	0.0144583	-8868.28
625	0.0144583	-8854.1
626	0.0144583	-8849.61
627	0.0144583	-9214.03
628	0.0144583	-8874.24
629	0.0144583	-8688.77
630	0.0144583	-8544.68
631	0.0144583	-8657.53
632	0.0144583	-8806.47
633	0.0144583	-8743.43
634	0.0144583	-8925.61
635	0.0144583	-8946.87
636	0.0144583	-8710.7
637	0.0144583	-8878.91
638	0.0144583	-9037.59
639	0.0144583	-8648.32
640	0.0144583	-8622.67
641	0.0144583	-8748.47
642	0.0144583	-9013.69
643	0.0144583	-9089.97
644	0.0144583	-8827.2
645	0.0144583	-8830.33
646	0.0144583	-9109.74
647	0.0144583	-8966.56
648	0.0144583	-9013.1
649	0.0144583	-8853.86
650	0.0144583	-8817.78
651	0.0144583	-8630.19
652	0.0144583	-8455.81
653	0.0144583	-8485.26
654	0.0144583	-8515.59
655	0.0144583	-8478.87
656	0.0144583	-8405.69
657	0.0144583	-8506.25
658	0.0144583	-8859.62
659	0.0144583	-8644.24
660	0.0144583	-8521.29
661	0.0144583	-8852.02
662	0.0144583	-8581.2
663	0.0144583	-8583.02
664	0.0144583	-8785.3
665	0.0144583	-9094.15
666	0.0144583	-8970.45
667	0.0144583	-8732.38
668	0.0144583	-8560.44
669	0.0144583	-8802.34
670	0.0144583	-8641.17
671	0.0144583	-8706.16
672	0.0144583	-8642.27
673	0.0144583	-8569.3
674	0.0144583	-8581.02
675	0.0144583	-9137.69
676	0.0144583	-8861.09
677	0.0144583	-8885.25
678	0.0144583	-8651.08
679	0.0144583	-8768.84
680	0.0144583	-8575.81
681	0.0144583	-8900.04
682	0.0144583	-8664.95
683	0.0144583	-9005.4
684	0.0144583	-8787.09
685	0.0144583	-8557.52
686	0.0144583	-8747.45
687	0.0144583	-9599.73
688	0.0144583	-8878.84
689	0.0144583	-8664.9
690	0.0144583	-8933.89
691	0.0144583	-9072.1
692	0.0144583	-9092.7
693	0.0144583	-8920.71
694	0.0144583	-8823.62
695	0.0144583	-8634.65
696	0.0144583	-8666.68
697	0.0144583	-9089.78
698	0.0144583	-8830.01
699	0.0144583	-8884.57
700	0.0144583	-8831.61
701	0.0144583	-9141.96
702	0.0144583	-8831.06
703	0.0144583	-8825.4
704	0.0144583	-8659.97
705	0.0144583	-9003.8
706	0.0144583	-9089.5
707	0.0144583	-8708.43
708	0.0144583	-8867.79
709	0.0144583	-8932.95
710	0.0144583	-8580.46
711	0.0144583	-8695.46
712	0.0144583	-8856.82
713	0.0144583	-8735.53
714	0.0144583	-8991.08
715	0.0144583	-8683.73
716	0.0144583	-8830.71
717	0.0144583	-8665.98
718	0.0144583	-8611.16
719	0.0144583	-8518.88
720	0.0144583	-8926.48
721	0.0144583	-8775.53
722	0.0144583	-8749.68
723	0.0144583	-8643.66
724	0.0144583	-8703.63
725	0.0144583	-8640.58
726	0.0144583	-8537.81
727	0.0144583	-8635.63
728	0.0144583	-8836.73
729	0.0144583	-8696.22
730	0.0144583	-9017.26
731	0.0144583	-8763.78
732	0.0144583	-8715.25
733	0.0144583	-8566.22
734	0.0144583	-8610.23
735	0.0144583	-8495.77
736	0.0144583	-8780.15
737	0.0144583	-8910.1
738	0.0144583	-9046.09
739	0.0144583	-8595.73
740	0.0144583	-9079.16
741	0.0144583	-8994.91
742	0.0144583	-8768.81
743	0.0144583	-8769.2
744	0.0144583	-8801.81
745	0.0144583	-8752.32
746	0.0144583	-8593.98
747	0.0144583	-8716.11
748	0.0144583	-8489.74
749	0.0144583	-8953.58
750	0.0144583	-8976.77
751	0.0144583	-8913.02
752	0.0144583	-8921.5
753	0.0144583	-8551.34
754	0.0144583	-8834.89
755	0.0144583	-8908.35
756	0.0144583	-8908.04
757	0.0144583	-8749.43
758	0.0144583	-8624.6
759	0.0144583	-8768.89
760	0.0144583	-8965.76
761	0.0144583	-8840.49
762	0.0144583	-8685.12
763	0.0144583	-8860.76
764	0.0144583	-8314.28
765	0.0144583	-8516.35
766	0.0144583	-8456.51
767	0.0144583	-8730.48
768	0.0144583	-8924.99
769	0.0144583	-9009.74
770	0.0144583	-8614.79
771	0.0144583	-8633.73
772	0.0144583	-8745.74
773	0.0144583	-9084.6
774	0.0144583	-9025.54
775	0.0144583	-8973.64
776	0.0144583	-8884.14
777	0.0144583	-8734.13
778	0.0144583	-8912.96
779	0.0144583	-8457.15
780	0.0144583	-8799.84
781	0.0144583	-9193.69
782	0.0144583	-8941.61
783	0.0144583	-8782.43
784	0.0144583	-8772.14
785	0.0144583	-8741.01
786	0.0144583	-8890.91
787	0.0144583	-8620.1
788	0.0144583	-8522.97
789	0.0144583	-8920.75
790	0.0144583	-8759.35
791	0.0144583	-8842.01
792	0.0144583	-8982.88
793	0.0144583	-8892.57
794	0.0144583	-8744.87
795	0.0144583	-8561.08
796	0.0144583	-8675.37
797	0.0144583	-8830.55
798	0.0144583	-9114.58
799	0.0144583	-9133.81
800	0.0144583	-8721.18
801	0.0144583	-8677.37
802	0.0144583	-8968
803	0.0144583	-8747.23
804	0.0144583	-8609.9
805	0.0144583	-8957.33
806	0.0144583	-8937.98
807	0.0144583	-8786.71
808	0.0144583	-8653.91
809	0.0144583	-8948.68
810	0.0144583	-8907.66
811	0.0144583	-8760.88
812	0.0144583	-8701.08
813	0.0144583	-8702.42
814	0.0144583	-8670.4
815	0.0144583	-8617.28
816	0.0144583	-8675.7
817	0.0144583	-8532.34
818	0.0144583	-8443.01
819	0.0144583	-8606.41
820	0.0144583	-8667.01
821	0.0144583	-8890.88
822	0.0144583	-8707.51
823	0.0144583	-8775.45
824	0.0144583	-8819.83
825	0.0144583	-8586.52
826	0.0144583	-8693.96
827	0.0144583	-8507.71
828	0.0144583	-9199.49
829	0.0144583	-8808.84
830	0.0144583	-8656.55
831	0.0144583	-8535.58
832	0.0144583	-8502.41
833	0.0144583	-8651.64
834	0.0144583	-8604.91
835	0.0144583	-8650.2
836	0.0144583	-8536.26
837	0.0144583	-8866.9
838	0.0144583	-8820.2
839	0.0144583	-8832.99
840	0.0144583	-8493.77
841	0.0144583	-8849.86
842	0.0144583	-8925.16
843	0.0144583	-8819.53
844	0.0144583	-8999.9
845	0.0144583	-8769.2
846	0.0144583	-8679.38
847	0.0144583	-9053.3
848	0.0144583	-8863
849	0.0144583	-8882.87
850	0.0144583	-8678.35
851	0.0144583	-8823.86
852	0.0144583	-8745.43
853	0.0144583	-8812.49
854	0.0144583	-9270.07
855	0.0144583	-9188.36
856	0.0144583	-8685.73
857	0.0144583	-8680.26
858	0.0144583	-8776.72
859	0.0144583	-8718.58
860	0.0144583	-8899.07
861	0.0144583	-8940.45
862	0.0144583	-8915.69
863	0.0144583	-8848.53
864	0.0144583	-8721.59
865	0.0144583	-8697.67
866	0.0144583	-8904.76
867	0.0144583	-8593.58
868	0.0144583	-8480.46
869	0.0144583	-8430.52
870	0.0144583	-8744.21
871	0.0144583	-8776.2
872	0.0144583	-8513.02
873	0.0144583	-8909.91
874	0.0144583	-8609.48
875	0.0144583	-8523.88
876	0.0144583	-8739.21
877	0.0144583	-8598.51
878	0.0144583	-8568.32
879	0.0144583	-8744.33
880	0.0144583	-8820.92
881	0.0144583	-8778.77
882	0.0144583	-8967.85
883	0.0144583	-9035.96
884	0.0144583	-9027.96
885	0.0144583	-8668.35
886	0.0144583	-8592.54
887	0.0144583	-8256.81
888	0.0144583	-8318.53
889	0.0144583	-8582.6
890	0.0144583	-8702.36
891	0.0144583	-8816.95
892	0.0144583	-8611.59
893	0.0144583	-8576.87
894	0.0144583	-8725.77
895	0.0144583	-8966.02
896	0.0144583	-8644.37
897	0.0144583	-8786.64
898	0.0144583	-8832.43
899	0.0144583	-8732.19
900	0.0144583	-8669.45
901	0.0144583	-8400.46
902	0.0144583	-8815.8
903	0.0144583	-8595.92
904	0.0144583	-8505.64
905	0.0144583	-8616.74
906	0.0144583	-9193.05
907	0.0144583	-9299.39
908	0.0144583	-9008.28
909	0.0144583	-9133.86
910	0.0144583	-9360.93
911	0.0144583	-9067.74
912	0.0144583	-8887.08
913	0.0144583	-8779.81
914	0.0144583	-8552.49
915	0.0144583	-8833.28
916	0.0144583	-9024.41
917	0.0144583	-8619.24
918	0.0144583	-8631.46
919	0.0144583	-8627.5
920	0.0144583	-8560.48
921	0.0144583	-8589.26
922	0.0144583	-8511.47
923	0.0144583	-8760.24
924	0.0144583	-8985.02
925	0.0144583	-8696.32
926	0.0144583	-8735.02
927	0.0144583	-8467.18
928	0.0144583	-8416.89
929	0.0144583	-8761.01
930	0.0144583	-8881.58
931	0.0144583	-8875.32
932	0.0144583	-8924.64
933	0.0144583	-9294.56
934	0.0144583	-8663.53
935	0.0144583	-8951.91
936	0.0144583	-8779.15
937	0.0144583	-8970.33
938	0.0144583	-9150.44
939	0.0144583	-8792.19
940	0.0144583	-9128.92
941	0.0144583	-8760.89
942	0.0144583	-8598.86
943	0.0144583	-8634.83
944	0.0144583	-8751.38
945	0.0144583	-8884.63
946	0.0144583	-8932.22
947	0.0144583	-8637.41
948	0.0144583	-8879.6
949	0.0144583	-8727.97
950	0.0144583	-9087.4
951	0.0144583	-8658.22
952	0.0144583	-9257.98
953	0.0144583	-8732.08
954	0.0144583	-8551.6
955	0.0144583	-8778.81
956	0.0144583	-8795.11
957	0.0144583	-8810.64
958	0.0144583	-8533.2
959	0.0144583	-8436.93
960	0.0144583	-8811.12
961	0.0144583	-8822.31
962	0.0144583	-8663.47
963	0.0144583	-9121.88
964	0.0144583	-8893.25
965	0.0144583	-8788.21
966	0.0144583	-8738.42
967	0.0144583	-8746.07
968	0.0144583	-8828.07
969	0.0144583	-9143.59
970	0.0144583	-9012.95
971	0.0144583	-9194.24
972	0.0144583	-8795.7
973	0.0144583	-8596.4
974	0.0144583	-8980.56
975	0.0144583	-8539.03
976	0.0144583	-8748.74
977	0.0144583	-8571.87
978	0.0144583	-8416.32
979	0.0144583	-9165.52
980	0.0144583	-8636.94
981	0.0144583	-8753.04
982	0.0144583	-8868.74
983	0.0144583	-8889.54
984	0.0144583	-8728.28
985	0.0144583	-8885.6
986	0.0144583	-8789.92
987	0.0144583	-8637.53
988	0.0144583	-8994.69
989	0.0144583	-9261.64
990	0.0144583	-9264.18
991	0.0144583	-9197.74
992	0.0144583	-8845.99
993	0.0144583	-8742
994	0.0144583	-8835.73
995	0.0144583	-8883.17
996	0.0144583	-8898.73
997	0.0144583	-8947.34
998	0.0144583	-8653.57
999	0.0144583	-8640.79
1000	0.0144583	-8744.88
