state	power	likelihood
251	3.6251e-06	-13154.6
252	3.6251e-06	-12701.8
253	3.6251e-06	-12214.1
254	3.6251e-06	-11406.2
255	3.6251e-06	-12214.5
256	3.6251e-06	-11383.1
257	3.6251e-06	-12628.5
258	3.6251e-06	-10925.7
259	3.6251e-06	-18677.4
260	3.6251e-06	-15059
261	3.6251e-06	-12802.2
262	3.6251e-06	-13943.1
263	3.6251e-06	-11208.2
264	3.6251e-06	-14815.9
265	3.6251e-06	-13925.3
266	3.6251e-06	-10511.4
267	3.6251e-06	-12060
268	3.6251e-06	-10975.7
269	3.6251e-06	-11670.1
270	3.6251e-06	-11789
271	3.6251e-06	-12276.1
272	3.6251e-06	-11819.2
273	3.6251e-06	-12658.7
274	3.6251e-06	-10570.1
275	3.6251e-06	-11240
276	3.6251e-06	-11501.8
277	3.6251e-06	-11090.1
278	3.6251e-06	-11222.8
279	3.6251e-06	-11832.1
280	3.6251e-06	-11676.3
281	3.6251e-06	-11313.6
282	3.6251e-06	-11110.8
283	3.6251e-06	-9862.91
284	3.6251e-06	-11686.9
285	3.6251e-06	-11504
286	3.6251e-06	-10609.5
287	3.6251e-06	-11178.3
288	3.6251e-06	-11887.4
289	3.6251e-06	-10575.6
290	3.6251e-06	-11499.3
291	3.6251e-06	-12944.6
292	3.6251e-06	-13139.6
293	3.6251e-06	-13070.5
294	3.6251e-06	-11629.1
295	3.6251e-06	-11837.5
296	3.6251e-06	-10483.7
297	3.6251e-06	-14107.7
298	3.6251e-06	-12932.7
299	3.6251e-06	-12066
300	3.6251e-06	-12634.6
301	3.6251e-06	-11646.6
302	3.6251e-06	-10557.2
303	3.6251e-06	-15813
304	3.6251e-06	-14122.4
305	3.6251e-06	-11763.7
306	3.6251e-06	-11103.2
307	3.6251e-06	-12235.2
308	3.6251e-06	-11254.6
309	3.6251e-06	-12509.3
310	3.6251e-06	-13218.3
311	3.6251e-06	-11203.5
312	3.6251e-06	-13295.2
313	3.6251e-06	-13056.5
314	3.6251e-06	-10939.4
315	3.6251e-06	-11375.8
316	3.6251e-06	-11674.2
317	3.6251e-06	-12070.5
318	3.6251e-06	-10764.7
319	3.6251e-06	-9965.38
320	3.6251e-06	-10543.2
321	3.6251e-06	-13038.9
322	3.6251e-06	-14664.8
323	3.6251e-06	-11499.8
324	3.6251e-06	-12712.2
325	3.6251e-06	-12276.3
326	3.6251e-06	-14815.6
327	3.6251e-06	-11366.7
328	3.6251e-06	-10639.2
329	3.6251e-06	-11151.9
330	3.6251e-06	-11050
331	3.6251e-06	-13134.8
332	3.6251e-06	-10327.5
333	3.6251e-06	-11447.5
334	3.6251e-06	-11849.8
335	3.6251e-06	-11080.9
336	3.6251e-06	-11427.9
337	3.6251e-06	-11435.6
338	3.6251e-06	-11437.4
339	3.6251e-06	-12774.5
340	3.6251e-06	-12493.9
341	3.6251e-06	-16838.7
342	3.6251e-06	-14071.6
343	3.6251e-06	-12149
344	3.6251e-06	-10224.9
345	3.6251e-06	-10121.5
346	3.6251e-06	-10341.2
347	3.6251e-06	-13768.9
348	3.6251e-06	-17064.3
349	3.6251e-06	-14831.1
350	3.6251e-06	-18890.1
351	3.6251e-06	-22083.4
352	3.6251e-06	-20042.4
353	3.6251e-06	-19258
354	3.6251e-06	-20464.6
355	3.6251e-06	-15561.5
356	3.6251e-06	-15302.2
357	3.6251e-06	-16750.7
358	3.6251e-06	-18844.7
359	3.6251e-06	-16625.6
360	3.6251e-06	-16102.5
361	3.6251e-06	-14012.7
362	3.6251e-06	-13999.3
363	3.6251e-06	-16873.6
364	3.6251e-06	-13173.9
365	3.6251e-06	-11185.3
366	3.6251e-06	-11004.3
367	3.6251e-06	-11095.4
368	3.6251e-06	-11453.4
369	3.6251e-06	-13750.3
370	3.6251e-06	-13580.5
371	3.6251e-06	-13832.8
372	3.6251e-06	-12184.8
373	3.6251e-06	-11898.4
374	3.6251e-06	-12152.3
375	3.6251e-06	-12100.6
376	3.6251e-06	-12242.3
377	3.6251e-06	-13833.4
378	3.6251e-06	-20975.2
379	3.6251e-06	-16556.2
380	3.6251e-06	-16428.9
381	3.6251e-06	-16283.7
382	3.6251e-06	-16198.3
383	3.6251e-06	-13749.1
384	3.6251e-06	-12261.1
385	3.6251e-06	-12026.7
386	3.6251e-06	-12908.4
387	3.6251e-06	-11786.5
388	3.6251e-06	-12665.7
389	3.6251e-06	-14826.6
390	3.6251e-06	-12203.8
391	3.6251e-06	-14244.8
392	3.6251e-06	-12701.2
393	3.6251e-06	-12983.8
394	3.6251e-06	-12307.8
395	3.6251e-06	-10866.5
396	3.6251e-06	-10867.6
397	3.6251e-06	-13992.5
398	3.6251e-06	-12109.2
399	3.6251e-06	-11470
400	3.6251e-06	-11960.4
401	3.6251e-06	-11087.1
402	3.6251e-06	-11619
403	3.6251e-06	-10859.4
404	3.6251e-06	-11286.8
405	3.6251e-06	-11279.3
406	3.6251e-06	-11261.9
407	3.6251e-06	-11010.9
408	3.6251e-06	-12331.5
409	3.6251e-06	-10661.3
410	3.6251e-06	-10246.5
411	3.6251e-06	-11116.8
412	3.6251e-06	-9661.49
413	3.6251e-06	-11911.6
414	3.6251e-06	-11434.9
415	3.6251e-06	-10686.5
416	3.6251e-06	-10527.2
417	3.6251e-06	-12679.5
418	3.6251e-06	-13289.2
419	3.6251e-06	-11663.5
420	3.6251e-06	-13292.4
421	3.6251e-06	-11107.8
422	3.6251e-06	-10486.5
423	3.6251e-06	-11236.6
424	3.6251e-06	-11669.9
425	3.6251e-06	-11567.3
426	3.6251e-06	-11811.7
427	3.6251e-06	-11408.2
428	3.6251e-06	-13077
429	3.6251e-06	-14559.8
430	3.6251e-06	-18264.3
431	3.6251e-06	-12498.1
432	3.6251e-06	-10983.2
433	3.6251e-06	-13180.8
434	3.6251e-06	-13666.1
435	3.6251e-06	-14805.8
436	3.6251e-06	-11922.4
437	3.6251e-06	-11038
438	3.6251e-06	-11337.8
439	3.6251e-06	-12036.6
440	3.6251e-06	-11067.3
441	3.6251e-06	-11325.6
442	3.6251e-06	-14714.3
443	3.6251e-06	-15691.6
444	3.6251e-06	-15121
445	3.6251e-06	-15048.3
446	3.6251e-06	-13715.7
447	3.6251e-06	-12536.2
448	3.6251e-06	-13445.1
449	3.6251e-06	-13615.5
450	3.6251e-06	-15137.1
451	3.6251e-06	-13753.3
452	3.6251e-06	-13307.7
453	3.6251e-06	-14403.9
454	3.6251e-06	-12240
455	3.6251e-06	-12874.4
456	3.6251e-06	-15631.9
457	3.6251e-06	-14909.4
458	3.6251e-06	-11130.7
459	3.6251e-06	-12342.1
460	3.6251e-06	-10973.2
461	3.6251e-06	-10816.4
462	3.6251e-06	-11351
463	3.6251e-06	-12008.7
464	3.6251e-06	-12145.8
465	3.6251e-06	-11683.5
466	3.6251e-06	-10850.4
467	3.6251e-06	-12204.8
468	3.6251e-06	-11042.1
469	3.6251e-06	-12877.1
470	3.6251e-06	-15242.2
471	3.6251e-06	-12965.5
472	3.6251e-06	-15236.4
473	3.6251e-06	-15656.9
474	3.6251e-06	-17188.1
475	3.6251e-06	-16983
476	3.6251e-06	-18477.5
477	3.6251e-06	-13471.7
478	3.6251e-06	-15069.9
479	3.6251e-06	-12065.2
480	3.6251e-06	-10763.5
481	3.6251e-06	-10528
482	3.6251e-06	-11382.4
483	3.6251e-06	-11034
484	3.6251e-06	-11541.7
485	3.6251e-06	-12781
486	3.6251e-06	-12889.4
487	3.6251e-06	-11293.6
488	3.6251e-06	-11364.3
489	3.6251e-06	-13045.8
490	3.6251e-06	-12441.4
491	3.6251e-06	-12487.3
492	3.6251e-06	-12393.3
493	3.6251e-06	-12952.1
494	3.6251e-06	-11109.6
495	3.6251e-06	-11446.3
496	3.6251e-06	-11023
497	3.6251e-06	-10024.6
498	3.6251e-06	-11190.5
499	3.6251e-06	-12663.3
500	3.6251e-06	-10563.5
501	3.6251e-06	-10663.7
502	3.6251e-06	-10556.5
503	3.6251e-06	-10375.1
504	3.6251e-06	-11816.9
505	3.6251e-06	-11255.7
506	3.6251e-06	-11974.7
507	3.6251e-06	-11428.8
508	3.6251e-06	-10015.5
509	3.6251e-06	-11471.1
510	3.6251e-06	-11899.7
511	3.6251e-06	-14406.7
512	3.6251e-06	-11351.7
513	3.6251e-06	-13227.3
514	3.6251e-06	-11620.2
515	3.6251e-06	-10023.3
516	3.6251e-06	-12030.4
517	3.6251e-06	-12757.9
518	3.6251e-06	-19541.4
519	3.6251e-06	-16348.7
520	3.6251e-06	-14265
521	3.6251e-06	-16968.7
522	3.6251e-06	-17207.7
523	3.6251e-06	-12434.3
524	3.6251e-06	-14566.3
525	3.6251e-06	-16104
526	3.6251e-06	-15542.9
527	3.6251e-06	-16019.4
528	3.6251e-06	-16813.2
529	3.6251e-06	-15990.8
530	3.6251e-06	-12767.5
531	3.6251e-06	-11897
532	3.6251e-06	-14727.8
533	3.6251e-06	-11319.5
534	3.6251e-06	-11674.8
535	3.6251e-06	-11602.9
536	3.6251e-06	-11455.2
537	3.6251e-06	-10852.3
538	3.6251e-06	-9596.71
539	3.6251e-06	-11607.7
540	3.6251e-06	-11214.6
541	3.6251e-06	-11567.1
542	3.6251e-06	-11362.5
543	3.6251e-06	-11395.1
544	3.6251e-06	-13005.1
545	3.6251e-06	-12679.7
546	3.6251e-06	-15311.2
547	3.6251e-06	-12858.2
548	3.6251e-06	-12218.9
549	3.6251e-06	-11986.7
550	3.6251e-06	-11192.5
551	3.6251e-06	-11278
552	3.6251e-06	-10411.7
553	3.6251e-06	-11319.6
554	3.6251e-06	-12195.8
555	3.6251e-06	-11893.9
556	3.6251e-06	-11100.1
557	3.6251e-06	-14322.6
558	3.6251e-06	-14369.1
559	3.6251e-06	-11592.1
560	3.6251e-06	-16263.2
561	3.6251e-06	-13640.6
562	3.6251e-06	-14140.9
563	3.6251e-06	-14115.3
564	3.6251e-06	-13506.4
565	3.6251e-06	-11435.6
566	3.6251e-06	-13475.9
567	3.6251e-06	-13234.4
568	3.6251e-06	-13299.2
569	3.6251e-06	-12214.8
570	3.6251e-06	-11717.3
571	3.6251e-06	-10858.9
572	3.6251e-06	-10809.8
573	3.6251e-06	-12831.5
574	3.6251e-06	-12091.2
575	3.6251e-06	-12434.9
576	3.6251e-06	-14748.4
577	3.6251e-06	-16030.3
578	3.6251e-06	-13965.4
579	3.6251e-06	-11414.6
580	3.6251e-06	-11973
581	3.6251e-06	-11690.6
582	3.6251e-06	-12273.5
583	3.6251e-06	-13665.9
584	3.6251e-06	-13725.7
585	3.6251e-06	-13917.2
586	3.6251e-06	-13470.1
587	3.6251e-06	-12261.3
588	3.6251e-06	-11502.4
589	3.6251e-06	-12239.5
590	3.6251e-06	-17313.2
591	3.6251e-06	-12105.6
592	3.6251e-06	-12604.9
593	3.6251e-06	-12045.4
594	3.6251e-06	-12053.3
595	3.6251e-06	-11320.8
596	3.6251e-06	-11837.8
597	3.6251e-06	-10046
598	3.6251e-06	-11211.4
599	3.6251e-06	-10272.6
600	3.6251e-06	-10585.7
601	3.6251e-06	-10450.9
602	3.6251e-06	-13062.7
603	3.6251e-06	-11304.4
604	3.6251e-06	-12377.4
605	3.6251e-06	-12486.7
606	3.6251e-06	-13627.1
607	3.6251e-06	-16906.3
608	3.6251e-06	-18710.4
609	3.6251e-06	-10974.7
610	3.6251e-06	-10925.4
611	3.6251e-06	-12093.2
612	3.6251e-06	-11471.8
613	3.6251e-06	-11716.8
614	3.6251e-06	-10845.3
615	3.6251e-06	-10042.2
616	3.6251e-06	-10328
617	3.6251e-06	-11336.5
618	3.6251e-06	-14095.4
619	3.6251e-06	-12893.4
620	3.6251e-06	-12463.3
621	3.6251e-06	-12458.9
622	3.6251e-06	-19726.4
623	3.6251e-06	-12932.3
624	3.6251e-06	-16339
625	3.6251e-06	-13844.3
626	3.6251e-06	-15408.9
627	3.6251e-06	-13520.9
628	3.6251e-06	-15032.6
629	3.6251e-06	-15152.5
630	3.6251e-06	-14128.2
631	3.6251e-06	-13942.3
632	3.6251e-06	-12381.3
633	3.6251e-06	-14056.6
634	3.6251e-06	-12177.3
635	3.6251e-06	-12360.2
636	3.6251e-06	-13463.3
637	3.6251e-06	-10748
638	3.6251e-06	-11098.8
639	3.6251e-06	-12464.7
640	3.6251e-06	-12679.7
641	3.6251e-06	-12249.7
642	3.6251e-06	-10668.1
643	3.6251e-06	-11310.6
644	3.6251e-06	-12270
645	3.6251e-06	-12834.5
646	3.6251e-06	-10868.4
647	3.6251e-06	-10924.3
648	3.6251e-06	-12613.3
649	3.6251e-06	-11892
650	3.6251e-06	-12232.5
651	3.6251e-06	-14729.2
652	3.6251e-06	-13060.7
653	3.6251e-06	-13008.6
654	3.6251e-06	-14063.7
655	3.6251e-06	-10396.5
656	3.6251e-06	-11771.2
657	3.6251e-06	-11434.3
658	3.6251e-06	-12357.5
659	3.6251e-06	-11877.1
660	3.6251e-06	-11826.6
661	3.6251e-06	-21270.8
662	3.6251e-06	-11465.2
663	3.6251e-06	-13603.6
664	3.6251e-06	-13609.1
665	3.6251e-06	-15420.9
666	3.6251e-06	-13610
667	3.6251e-06	-12234.2
668	3.6251e-06	-13372.3
669	3.6251e-06	-15532.6
670	3.6251e-06	-15533
671	3.6251e-06	-15530.4
672	3.6251e-06	-12938.8
673	3.6251e-06	-13866.5
674	3.6251e-06	-10662.9
675	3.6251e-06	-12273.5
676	3.6251e-06	-18732.8
677	3.6251e-06	-16452.9
678	3.6251e-06	-16476
679	3.6251e-06	-18319.2
680	3.6251e-06	-20204.6
681	3.6251e-06	-17126.8
682	3.6251e-06	-11760.2
683	3.6251e-06	-12103.4
684	3.6251e-06	-11621.4
685	3.6251e-06	-14845.8
686	3.6251e-06	-11931.5
687	3.6251e-06	-10523.8
688	3.6251e-06	-12384.9
689	3.6251e-06	-13498.1
690	3.6251e-06	-13136.3
691	3.6251e-06	-9574.09
692	3.6251e-06	-11637.2
693	3.6251e-06	-12982.8
694	3.6251e-06	-11553.1
695	3.6251e-06	-11549.8
696	3.6251e-06	-17649.8
697	3.6251e-06	-17336.4
698	3.6251e-06	-18123.4
699	3.6251e-06	-20447.8
700	3.6251e-06	-15834.6
701	3.6251e-06	-11277.3
702	3.6251e-06	-14220.5
703	3.6251e-06	-13097.7
704	3.6251e-06	-12496.9
705	3.6251e-06	-13765.3
706	3.6251e-06	-11248.2
707	3.6251e-06	-16275.5
708	3.6251e-06	-14509.4
709	3.6251e-06	-15075.4
710	3.6251e-06	-10966
711	3.6251e-06	-13290.6
712	3.6251e-06	-13041.8
713	3.6251e-06	-12940.6
714	3.6251e-06	-12470.2
715	3.6251e-06	-11675.9
716	3.6251e-06	-13397.9
717	3.6251e-06	-12206
718	3.6251e-06	-11313.3
719	3.6251e-06	-11424.9
720	3.6251e-06	-11117.1
721	3.6251e-06	-10325.4
722	3.6251e-06	-13724.4
723	3.6251e-06	-11955.7
724	3.6251e-06	-14104.6
725	3.6251e-06	-12977.7
726	3.6251e-06	-13056.7
727	3.6251e-06	-15521.1
728	3.6251e-06	-15468
729	3.6251e-06	-15767.6
730	3.6251e-06	-12656.7
731	3.6251e-06	-11641.3
732	3.6251e-06	-12245.2
733	3.6251e-06	-10143.5
734	3.6251e-06	-11126.3
735	3.6251e-06	-12052.9
736	3.6251e-06	-16672.9
737	3.6251e-06	-15908.9
738	3.6251e-06	-15906.2
739	3.6251e-06	-13109.3
740	3.6251e-06	-13695.1
741	3.6251e-06	-13041.7
742	3.6251e-06	-11474
743	3.6251e-06	-10929.4
744	3.6251e-06	-14053.8
745	3.6251e-06	-16532.3
746	3.6251e-06	-26501
747	3.6251e-06	-12702.7
748	3.6251e-06	-11077.7
749	3.6251e-06	-11562.3
750	3.6251e-06	-11703.1
751	3.6251e-06	-12462.7
752	3.6251e-06	-14073.3
753	3.6251e-06	-14231.6
754	3.6251e-06	-13211.1
755	3.6251e-06	-15885.9
756	3.6251e-06	-14782.3
757	3.6251e-06	-11020.7
758	3.6251e-06	-13673.2
759	3.6251e-06	-12969.7
760	3.6251e-06	-13000.7
761	3.6251e-06	-12473
762	3.6251e-06	-15041.1
763	3.6251e-06	-14165.4
764	3.6251e-06	-15447.3
765	3.6251e-06	-18374.7
766	3.6251e-06	-12060.9
767	3.6251e-06	-10999.9
768	3.6251e-06	-11313.2
769	3.6251e-06	-11860.7
770	3.6251e-06	-10942.7
771	3.6251e-06	-13669.4
772	3.6251e-06	-15636
773	3.6251e-06	-18281.5
774	3.6251e-06	-13437.1
775	3.6251e-06	-15149.4
776	3.6251e-06	-14620.3
777	3.6251e-06	-10931.8
778	3.6251e-06	-12989.3
779	3.6251e-06	-12570.3
780	3.6251e-06	-10432
781	3.6251e-06	-11222
782	3.6251e-06	-10968.2
783	3.6251e-06	-10866.8
784	3.6251e-06	-13206.5
785	3.6251e-06	-12561.2
786	3.6251e-06	-15023.8
787	3.6251e-06	-15722.8
788	3.6251e-06	-16420.1
789	3.6251e-06	-15373
790	3.6251e-06	-14832.1
791	3.6251e-06	-18857
792	3.6251e-06	-15242.1
793	3.6251e-06	-14384.8
794	3.6251e-06	-14880.7
795	3.6251e-06	-13418.4
796	3.6251e-06	-12936.5
797	3.6251e-06	-12750.2
798	3.6251e-06	-13698.3
799	3.6251e-06	-14993.8
800	3.6251e-06	-11993.8
801	3.6251e-06	-12584.1
802	3.6251e-06	-12274.3
803	3.6251e-06	-13576.1
804	3.6251e-06	-13480.4
805	3.6251e-06	-11482
806	3.6251e-06	-10422.6
807	3.6251e-06	-12208.9
808	3.6251e-06	-10638.1
809	3.6251e-06	-11001.4
810	3.6251e-06	-12829.4
811	3.6251e-06	-11366
812	3.6251e-06	-13421.3
813	3.6251e-06	-13197.9
814	3.6251e-06	-12071.9
815	3.6251e-06	-13068.3
816	3.6251e-06	-13268.5
817	3.6251e-06	-13343
818	3.6251e-06	-11563.5
819	3.6251e-06	-15470.8
820	3.6251e-06	-15489.6
821	3.6251e-06	-15674.5
822	3.6251e-06	-11322.7
823	3.6251e-06	-14499.6
824	3.6251e-06	-13221.4
825	3.6251e-06	-13584.2
826	3.6251e-06	-16002.5
827	3.6251e-06	-14102.4
828	3.6251e-06	-10770.6
829	3.6251e-06	-11376.2
830	3.6251e-06	-11745.1
831	3.6251e-06	-13148.9
832	3.6251e-06	-11037.1
833	3.6251e-06	-12562.6
834	3.6251e-06	-11752.4
835	3.6251e-06	-12323.8
836	3.6251e-06	-12188.1
837	3.6251e-06	-12612.1
838	3.6251e-06	-10874.8
839	3.6251e-06	-13977.7
840	3.6251e-06	-16383.9
841	3.6251e-06	-13915.7
842	3.6251e-06	-12267.1
843	3.6251e-06	-10962.8
844	3.6251e-06	-12351.6
845	3.6251e-06	-10244.7
846	3.6251e-06	-10538.7
847	3.6251e-06	-11634.6
848	3.6251e-06	-13060
849	3.6251e-06	-11604.5
850	3.6251e-06	-11492.2
851	3.6251e-06	-15585.6
852	3.6251e-06	-13181.6
853	3.6251e-06	-14431.9
854	3.6251e-06	-11721.3
855	3.6251e-06	-11172
856	3.6251e-06	-19312.6
857	3.6251e-06	-18034.6
858	3.6251e-06	-17447.5
859	3.6251e-06	-11746.7
860	3.6251e-06	-11225.3
861	3.6251e-06	-11887.5
862	3.6251e-06	-11324.1
863	3.6251e-06	-10079.9
864	3.6251e-06	-9796.14
865	3.6251e-06	-14406.5
866	3.6251e-06	-12893.6
867	3.6251e-06	-10655.9
868	3.6251e-06	-12776.4
869	3.6251e-06	-11449.7
870	3.6251e-06	-11504.3
871	3.6251e-06	-14325.5
872	3.6251e-06	-12424.2
873	3.6251e-06	-12165.4
874	3.6251e-06	-12784.3
875	3.6251e-06	-13363.8
876	3.6251e-06	-12414.2
877	3.6251e-06	-12365.4
878	3.6251e-06	-11913.2
879	3.6251e-06	-11292.8
880	3.6251e-06	-11187.9
881	3.6251e-06	-12973.2
882	3.6251e-06	-12014.6
883	3.6251e-06	-11363.2
884	3.6251e-06	-11846.4
885	3.6251e-06	-11450.1
886	3.6251e-06	-11830.4
887	3.6251e-06	-11269.8
888	3.6251e-06	-12712.3
889	3.6251e-06	-11313.1
890	3.6251e-06	-12673.5
891	3.6251e-06	-10327.1
892	3.6251e-06	-10508.3
893	3.6251e-06	-10636.8
894	3.6251e-06	-11207.5
895	3.6251e-06	-10918.4
896	3.6251e-06	-10962.9
897	3.6251e-06	-10422.1
898	3.6251e-06	-10512.7
899	3.6251e-06	-10875.9
900	3.6251e-06	-10818.2
901	3.6251e-06	-12617.1
902	3.6251e-06	-12449
903	3.6251e-06	-11583.4
904	3.6251e-06	-11135.8
905	3.6251e-06	-11459.1
906	3.6251e-06	-10728.2
907	3.6251e-06	-10430.6
908	3.6251e-06	-10235.9
909	3.6251e-06	-10031.1
910	3.6251e-06	-9988.88
911	3.6251e-06	-11178.7
912	3.6251e-06	-11276.7
913	3.6251e-06	-11437.7
914	3.6251e-06	-12688.8
915	3.6251e-06	-12936.6
916	3.6251e-06	-14326.7
917	3.6251e-06	-12592.8
918	3.6251e-06	-12678.4
919	3.6251e-06	-14733.1
920	3.6251e-06	-14015.9
921	3.6251e-06	-10490.9
922	3.6251e-06	-11240.9
923	3.6251e-06	-11039.6
924	3.6251e-06	-13308.1
925	3.6251e-06	-12187
926	3.6251e-06	-11626.1
927	3.6251e-06	-10999.3
928	3.6251e-06	-12525.9
929	3.6251e-06	-13444.4
930	3.6251e-06	-13134.4
931	3.6251e-06	-11486.1
932	3.6251e-06	-12122.3
933	3.6251e-06	-11567.7
934	3.6251e-06	-11982
935	3.6251e-06	-12037.4
936	3.6251e-06	-12367.4
937	3.6251e-06	-11908.3
938	3.6251e-06	-13810.9
939	3.6251e-06	-13257.7
940	3.6251e-06	-13779.1
941	3.6251e-06	-12677.1
942	3.6251e-06	-12470.1
943	3.6251e-06	-13140
944	3.6251e-06	-13805.9
945	3.6251e-06	-10833.3
946	3.6251e-06	-10784.7
947	3.6251e-06	-10629
948	3.6251e-06	-12707.7
949	3.6251e-06	-13867.7
950	3.6251e-06	-13734
951	3.6251e-06	-11999
952	3.6251e-06	-14889.6
953	3.6251e-06	-16071
954	3.6251e-06	-13029.5
955	3.6251e-06	-10632.2
956	3.6251e-06	-11732.3
957	3.6251e-06	-11483.1
958	3.6251e-06	-11304.4
959	3.6251e-06	-10956.6
960	3.6251e-06	-13691.8
961	3.6251e-06	-12564.1
962	3.6251e-06	-12467.2
963	3.6251e-06	-20793
964	3.6251e-06	-14393.4
965	3.6251e-06	-14720.3
966	3.6251e-06	-10473.5
967	3.6251e-06	-13570.2
968	3.6251e-06	-9895.52
969	3.6251e-06	-10884.1
970	3.6251e-06	-10895.9
971	3.6251e-06	-11292.8
972	3.6251e-06	-11935.1
973	3.6251e-06	-14181.8
974	3.6251e-06	-16262.6
975	3.6251e-06	-16149.5
976	3.6251e-06	-18079.8
977	3.6251e-06	-15665.7
978	3.6251e-06	-15292.3
979	3.6251e-06	-12778.4
980	3.6251e-06	-11697.2
981	3.6251e-06	-10390.6
982	3.6251e-06	-11290.9
983	3.6251e-06	-11192.9
984	3.6251e-06	-11097.7
985	3.6251e-06	-10681.5
986	3.6251e-06	-10961.3
987	3.6251e-06	-10507.5
988	3.6251e-06	-9396.97
989	3.6251e-06	-10699.3
990	3.6251e-06	-12263.5
991	3.6251e-06	-10660.9
992	3.6251e-06	-13828.3
993	3.6251e-06	-12179.7
994	3.6251e-06	-12182.5
995	3.6251e-06	-12334.4
996	3.6251e-06	-12287.7
997	3.6251e-06	-12454.7
998	3.6251e-06	-11431
999	3.6251e-06	-13282
1000	3.6251e-06	-12806.7
