state	power	likelihood
251	0.653254	-7966.83
252	0.653254	-7970.07
253	0.653254	-7960.4
254	0.653254	-7967.09
255	0.653254	-7961.63
256	0.653254	-7965.74
257	0.653254	-7960.04
258	0.653254	-7965.63
259	0.653254	-7969.55
260	0.653254	-7973.98
261	0.653254	-7969.23
262	0.653254	-7982.2
263	0.653254	-7989.4
264	0.653254	-7981.11
265	0.653254	-7988.59
266	0.653254	-7970.9
267	0.653254	-7961.56
268	0.653254	-7965.56
269	0.653254	-7964.54
270	0.653254	-7960.96
271	0.653254	-7969.41
272	0.653254	-7965.9
273	0.653254	-7966.75
274	0.653254	-7966.27
275	0.653254	-7968.91
276	0.653254	-7968.78
277	0.653254	-7964.51
278	0.653254	-7962.07
279	0.653254	-7958.66
280	0.653254	-7965.43
281	0.653254	-7966.29
282	0.653254	-7959.41
283	0.653254	-7958.89
284	0.653254	-7960.55
285	0.653254	-7955.73
286	0.653254	-7956.14
287	0.653254	-7960.58
288	0.653254	-7963.7
289	0.653254	-7967.79
290	0.653254	-7964.61
291	0.653254	-7987.05
292	0.653254	-7994.74
293	0.653254	-7979.22
294	0.653254	-7971.43
295	0.653254	-7974.09
296	0.653254	-7968.66
297	0.653254	-7968
298	0.653254	-7965.68
299	0.653254	-7957.24
300	0.653254	-7955.46
301	0.653254	-7952.87
302	0.653254	-7957.79
303	0.653254	-7967.74
304	0.653254	-7957.82
305	0.653254	-7963.22
306	0.653254	-7961.4
307	0.653254	-7958.94
308	0.653254	-7960.49
309	0.653254	-7966.42
310	0.653254	-7957.92
311	0.653254	-7962.48
312	0.653254	-7959.46
313	0.653254	-7958.35
314	0.653254	-7955.98
315	0.653254	-7959.43
316	0.653254	-7958.6
317	0.653254	-7958.03
318	0.653254	-7953.54
319	0.653254	-7956.71
320	0.653254	-7959.18
321	0.653254	-7950.11
322	0.653254	-7951.66
323	0.653254	-7951.82
324	0.653254	-7950.63
325	0.653254	-7963.81
326	0.653254	-7965.75
327	0.653254	-7956.12
328	0.653254	-7962.97
329	0.653254	-7965.97
330	0.653254	-7965.62
331	0.653254	-7959.55
332	0.653254	-7977.35
333	0.653254	-7971.16
334	0.653254	-7972.15
335	0.653254	-7967.04
336	0.653254	-7963.6
337	0.653254	-7958.16
338	0.653254	-7953.84
339	0.653254	-7958.81
340	0.653254	-7955.2
341	0.653254	-7955.6
342	0.653254	-7958.43
343	0.653254	-7954.73
344	0.653254	-7953.75
345	0.653254	-7962.02
346	0.653254	-7967.57
347	0.653254	-7971.64
348	0.653254	-7963.31
349	0.653254	-7980.51
350	0.653254	-7973.81
351	0.653254	-7964.65
352	0.653254	-7965.23
353	0.653254	-7961.44
354	0.653254	-7959.34
355	0.653254	-7963.55
356	0.653254	-7966.38
357	0.653254	-7968.79
358	0.653254	-7971.31
359	0.653254	-7977.15
360	0.653254	-7973.93
361	0.653254	-7979.46
362	0.653254	-7973.73
363	0.653254	-7970.48
364	0.653254	-7978.33
365	0.653254	-7963.7
366	0.653254	-7962.06
367	0.653254	-7967.72
368	0.653254	-7966.31
369	0.653254	-7967.55
370	0.653254	-7972.12
371	0.653254	-7965.62
372	0.653254	-7968.69
373	0.653254	-7970.38
374	0.653254	-7957.84
375	0.653254	-7959.12
376	0.653254	-7960.75
377	0.653254	-7963.6
378	0.653254	-7963.68
379	0.653254	-7966.11
380	0.653254	-7965.85
381	0.653254	-7966.63
382	0.653254	-7959.91
383	0.653254	-7967.72
384	0.653254	-7971.15
385	0.653254	-7970.31
386	0.653254	-7962.02
387	0.653254	-7961.53
388	0.653254	-7971.9
389	0.653254	-7971.06
390	0.653254	-7968.67
391	0.653254	-7963.18
392	0.653254	-7974.02
393	0.653254	-7977.18
394	0.653254	-7968.17
395	0.653254	-7964.5
396	0.653254	-7973.73
397	0.653254	-7973.05
398	0.653254	-7971.85
399	0.653254	-7974.13
400	0.653254	-7971.42
401	0.653254	-7976.21
402	0.653254	-7965.62
403	0.653254	-7970.05
404	0.653254	-7972.94
405	0.653254	-7964.51
406	0.653254	-7950.81
407	0.653254	-7959.96
408	0.653254	-7960.89
409	0.653254	-7973.26
410	0.653254	-7969.83
411	0.653254	-7973.54
412	0.653254	-7967.67
413	0.653254	-7965.78
414	0.653254	-7965.22
415	0.653254	-7965.17
416	0.653254	-7964.51
417	0.653254	-7958.67
418	0.653254	-7963.43
419	0.653254	-7961.47
420	0.653254	-7962.3
421	0.653254	-7966.2
422	0.653254	-7967.66
423	0.653254	-7962.38
424	0.653254	-7957.42
425	0.653254	-7958.81
426	0.653254	-7965.27
427	0.653254	-7958.98
428	0.653254	-7965.31
429	0.653254	-7959.31
430	0.653254	-7957.51
431	0.653254	-7954.51
432	0.653254	-7955.95
433	0.653254	-7967.45
434	0.653254	-7962.01
435	0.653254	-7951.54
436	0.653254	-7953.34
437	0.653254	-7954.66
438	0.653254	-7958.87
439	0.653254	-7958.35
440	0.653254	-7960.72
441	0.653254	-7963.1
442	0.653254	-7961.83
443	0.653254	-7961.07
444	0.653254	-7960.61
445	0.653254	-7960.31
446	0.653254	-7965.61
447	0.653254	-7966.6
448	0.653254	-7963.68
449	0.653254	-7967.43
450	0.653254	-7961.33
451	0.653254	-7961.36
452	0.653254	-7961.83
453	0.653254	-7966.47
454	0.653254	-7965.51
455	0.653254	-7955.76
456	0.653254	-7962.21
457	0.653254	-7963.09
458	0.653254	-7972.07
459	0.653254	-7972.38
460	0.653254	-7964.93
461	0.653254	-7957.97
462	0.653254	-7965.73
463	0.653254	-7952.04
464	0.653254	-7957.51
465	0.653254	-7955.95
466	0.653254	-7967.54
467	0.653254	-7953.68
468	0.653254	-7956.25
469	0.653254	-7961.67
470	0.653254	-7968.21
471	0.653254	-7968.93
472	0.653254	-7965.19
473	0.653254	-7962.38
474	0.653254	-7971.59
475	0.653254	-7968.6
476	0.653254	-7965.01
477	0.653254	-7968.08
478	0.653254	-7965.62
479	0.653254	-7960.28
480	0.653254	-7959.18
481	0.653254	-7953.86
482	0.653254	-7951.25
483	0.653254	-7952.91
484	0.653254	-7951.89
485	0.653254	-7956.83
486	0.653254	-7966.49
487	0.653254	-7956.28
488	0.653254	-7955.73
489	0.653254	-7951.81
490	0.653254	-7959.5
491	0.653254	-7959.46
492	0.653254	-7956.38
493	0.653254	-7959
494	0.653254	-7962.35
495	0.653254	-7957.43
496	0.653254	-7960.79
497	0.653254	-7967.66
498	0.653254	-7964.84
499	0.653254	-7963.55
500	0.653254	-7964.88
501	0.653254	-7968.45
502	0.653254	-7970.16
503	0.653254	-7985.12
504	0.653254	-7974.06
505	0.653254	-7969.38
506	0.653254	-7963.44
507	0.653254	-7963.1
508	0.653254	-7956.9
509	0.653254	-7960.07
510	0.653254	-7959.08
511	0.653254	-7966.64
512	0.653254	-7956.76
513	0.653254	-7961.21
514	0.653254	-7955.84
515	0.653254	-7962.3
516	0.653254	-7956.93
517	0.653254	-7959.52
518	0.653254	-7955.35
519	0.653254	-7957.37
520	0.653254	-7959.57
521	0.653254	-7953.87
522	0.653254	-7953.86
523	0.653254	-7959.45
524	0.653254	-7960.36
525	0.653254	-7959.02
526	0.653254	-7953.82
527	0.653254	-7963.74
528	0.653254	-7957.42
529	0.653254	-7955.98
530	0.653254	-7954.77
531	0.653254	-7950.89
532	0.653254	-7958.19
533	0.653254	-7959.2
534	0.653254	-7961.59
535	0.653254	-7963.11
536	0.653254	-7966
537	0.653254	-7962.56
538	0.653254	-7967.71
539	0.653254	-7959.03
540	0.653254	-7967.95
541	0.653254	-7964.61
542	0.653254	-7964.79
543	0.653254	-7966.04
544	0.653254	-7966.74
545	0.653254	-7968.95
546	0.653254	-7973.78
547	0.653254	-7963.16
548	0.653254	-7973.66
549	0.653254	-7967.42
550	0.653254	-7956.61
551	0.653254	-7954.84
552	0.653254	-7963.81
553	0.653254	-7960.81
554	0.653254	-7962.64
555	0.653254	-7958.87
556	0.653254	-7962.68
557	0.653254	-7960.11
558	0.653254	-7963.13
559	0.653254	-7966.48
560	0.653254	-7970.98
561	0.653254	-7975.61
562	0.653254	-7973.89
563	0.653254	-7972.29
564	0.653254	-7968.39
565	0.653254	-7976.97
566	0.653254	-7969.58
567	0.653254	-7961.87
568	0.653254	-7964.87
569	0.653254	-7965.13
570	0.653254	-7960.02
571	0.653254	-7961.4
572	0.653254	-7961.89
573	0.653254	-7957.68
574	0.653254	-7959.38
575	0.653254	-7962.93
576	0.653254	-7967.03
577	0.653254	-7960.01
578	0.653254	-7958.91
579	0.653254	-7953.74
580	0.653254	-7958.19
581	0.653254	-7955.11
582	0.653254	-7958.38
583	0.653254	-7961.47
584	0.653254	-7969.18
585	0.653254	-7960.7
586	0.653254	-7955.57
587	0.653254	-7957.35
588	0.653254	-7957.01
589	0.653254	-7958.39
590	0.653254	-7963.37
591	0.653254	-7962.4
592	0.653254	-7964.56
593	0.653254	-7970.49
594	0.653254	-7963.28
595	0.653254	-7962.26
596	0.653254	-7962.83
597	0.653254	-7961.08
598	0.653254	-7962.44
599	0.653254	-7953.98
600	0.653254	-7961.36
601	0.653254	-7962.23
602	0.653254	-7957.94
603	0.653254	-7955.57
604	0.653254	-7960.2
605	0.653254	-7953.48
606	0.653254	-7952.4
607	0.653254	-7955.17
608	0.653254	-7949.62
609	0.653254	-7951.38
610	0.653254	-7954.22
611	0.653254	-7951.96
612	0.653254	-7958.71
613	0.653254	-7962.56
614	0.653254	-7961.39
615	0.653254	-7972.58
616	0.653254	-7972.71
617	0.653254	-7965
618	0.653254	-7968.52
619	0.653254	-7956.96
620	0.653254	-7955.35
621	0.653254	-7952.67
622	0.653254	-7970.34
623	0.653254	-7972.45
624	0.653254	-7966.7
625	0.653254	-7974.53
626	0.653254	-7972.48
627	0.653254	-7965.46
628	0.653254	-7974.41
629	0.653254	-7972.56
630	0.653254	-7964.96
631	0.653254	-7970.26
632	0.653254	-7974.18
633	0.653254	-7968.22
634	0.653254	-7962.26
635	0.653254	-7957.32
636	0.653254	-7967.89
637	0.653254	-7958.49
638	0.653254	-7963.75
639	0.653254	-7955.06
640	0.653254	-7957.71
641	0.653254	-7960.24
642	0.653254	-7959.48
643	0.653254	-7963.83
644	0.653254	-7969.91
645	0.653254	-7966.23
646	0.653254	-7973.02
647	0.653254	-7968.64
648	0.653254	-7965.1
649	0.653254	-7951.68
650	0.653254	-7966.01
651	0.653254	-7955.66
652	0.653254	-7961.41
653	0.653254	-7953.92
654	0.653254	-7957.04
655	0.653254	-7958.92
656	0.653254	-7961.92
657	0.653254	-7958.6
658	0.653254	-7958.96
659	0.653254	-7963.86
660	0.653254	-7972.1
661	0.653254	-7969.2
662	0.653254	-7966.12
663	0.653254	-7965.29
664	0.653254	-7976.82
665	0.653254	-7974.24
666	0.653254	-7966.02
667	0.653254	-7967.64
668	0.653254	-7959.65
669	0.653254	-7968.15
670	0.653254	-7972.27
671	0.653254	-7969.08
672	0.653254	-7964.01
673	0.653254	-7958.29
674	0.653254	-7949.6
675	0.653254	-7954.07
676	0.653254	-7957.27
677	0.653254	-7956.09
678	0.653254	-7962.83
679	0.653254	-7951.93
680	0.653254	-7957.59
681	0.653254	-7958.23
682	0.653254	-7952.59
683	0.653254	-7951.14
684	0.653254	-7954.26
685	0.653254	-7958.45
686	0.653254	-7959.42
687	0.653254	-7960.19
688	0.653254	-7971.53
689	0.653254	-7959.79
690	0.653254	-7961.58
691	0.653254	-7949.31
692	0.653254	-7954.73
693	0.653254	-7951.16
694	0.653254	-7956.16
695	0.653254	-7954.62
696	0.653254	-7954.36
697	0.653254	-7950.39
698	0.653254	-7953.43
699	0.653254	-7956.45
700	0.653254	-7950.16
701	0.653254	-7954.08
702	0.653254	-7966.39
703	0.653254	-7966.41
704	0.653254	-7962.31
705	0.653254	-7958.62
706	0.653254	-7960.1
707	0.653254	-7961.47
708	0.653254	-7953.83
709	0.653254	-7955.01
710	0.653254	-7955.19
711	0.653254	-7954.1
712	0.653254	-7956.89
713	0.653254	-7954.28
714	0.653254	-7966.72
715	0.653254	-7964.36
716	0.653254	-7961.32
717	0.653254	-7967.86
718	0.653254	-7967.04
719	0.653254	-7970.79
720	0.653254	-7965.37
721	0.653254	-7960.13
722	0.653254	-7964.64
723	0.653254	-7959.71
724	0.653254	-7951.59
725	0.653254	-7956.65
726	0.653254	-7954.68
727	0.653254	-7955.22
728	0.653254	-7959.42
729	0.653254	-7954.78
730	0.653254	-7962.57
731	0.653254	-7957.71
732	0.653254	-7951.87
733	0.653254	-7952.79
734	0.653254	-7951.51
735	0.653254	-7963.2
736	0.653254	-7963.1
737	0.653254	-7952.76
738	0.653254	-7954.58
739	0.653254	-7957.04
740	0.653254	-7955.19
741	0.653254	-7955.06
742	0.653254	-7960.45
743	0.653254	-7962.53
744	0.653254	-7960.99
745	0.653254	-7964.91
746	0.653254	-7968.29
747	0.653254	-7968.53
748	0.653254	-7984.17
749	0.653254	-7976.81
750	0.653254	-7967.69
751	0.653254	-7973.39
752	0.653254	-7970.2
753	0.653254	-7966.67
754	0.653254	-7964.84
755	0.653254	-7964.34
756	0.653254	-7966.72
757	0.653254	-7962.43
758	0.653254	-7968.16
759	0.653254	-7964.57
760	0.653254	-7969.06
761	0.653254	-7974.65
762	0.653254	-7959.27
763	0.653254	-7962
764	0.653254	-7957.51
765	0.653254	-7963.1
766	0.653254	-7968.48
767	0.653254	-7958.02
768	0.653254	-7973.47
769	0.653254	-7973.5
770	0.653254	-7971.64
771	0.653254	-7959.45
772	0.653254	-7962.28
773	0.653254	-7961.88
774	0.653254	-7958.04
775	0.653254	-7956.69
776	0.653254	-7954.99
777	0.653254	-7959.05
778	0.653254	-7959.42
779	0.653254	-7960.21
780	0.653254	-7963.56
781	0.653254	-7962.55
782	0.653254	-7962.89
783	0.653254	-7972.11
784	0.653254	-7973.66
785	0.653254	-7977.67
786	0.653254	-7981.7
787	0.653254	-7973.78
788	0.653254	-7974.16
789	0.653254	-7978.49
790	0.653254	-7972.4
791	0.653254	-7964.81
792	0.653254	-7960.32
793	0.653254	-7962.48
794	0.653254	-7956.97
795	0.653254	-7955.12
796	0.653254	-7958.07
797	0.653254	-7965.26
798	0.653254	-7966.41
799	0.653254	-7955.97
800	0.653254	-7952.7
801	0.653254	-7957.64
802	0.653254	-7961.1
803	0.653254	-7956.92
804	0.653254	-7960.57
805	0.653254	-7964
806	0.653254	-7962.1
807	0.653254	-7960.02
808	0.653254	-7957.39
809	0.653254	-7969.42
810	0.653254	-7965.57
811	0.653254	-7964.69
812	0.653254	-7971.27
813	0.653254	-7967.95
814	0.653254	-7966.9
815	0.653254	-7967.94
816	0.653254	-7967.65
817	0.653254	-7958.97
818	0.653254	-7964.49
819	0.653254	-7950.88
820	0.653254	-7954.25
821	0.653254	-7952.98
822	0.653254	-7960.63
823	0.653254	-7966.96
824	0.653254	-7963
825	0.653254	-7956.3
826	0.653254	-7961.16
827	0.653254	-7964.73
828	0.653254	-7957.28
829	0.653254	-7958.05
830	0.653254	-7961.35
831	0.653254	-7955.74
832	0.653254	-7950.25
833	0.653254	-7951.45
834	0.653254	-7947.11
835	0.653254	-7950.8
836	0.653254	-7955.56
837	0.653254	-7953.58
838	0.653254	-7954.58
839	0.653254	-7951.96
840	0.653254	-7957.47
841	0.653254	-7955.67
842	0.653254	-7957.54
843	0.653254	-7958.58
844	0.653254	-7953.93
845	0.653254	-7958.18
846	0.653254	-7967.62
847	0.653254	-7967.05
848	0.653254	-7959.67
849	0.653254	-7958.89
850	0.653254	-7957.02
851	0.653254	-7961.81
852	0.653254	-7953.88
853	0.653254	-7950.49
854	0.653254	-7956.47
855	0.653254	-7956.44
856	0.653254	-7958.85
857	0.653254	-7961.41
858	0.653254	-7961.54
859	0.653254	-7960.63
860	0.653254	-7957.3
861	0.653254	-7962.04
862	0.653254	-7960.83
863	0.653254	-7961.09
864	0.653254	-7964.27
865	0.653254	-7963.88
866	0.653254	-7974.61
867	0.653254	-7977.27
868	0.653254	-7973.04
869	0.653254	-7969.82
870	0.653254	-7960.96
871	0.653254	-7967.71
872	0.653254	-7969.06
873	0.653254	-7971.81
874	0.653254	-7957.09
875	0.653254	-7950.91
876	0.653254	-7949.6
877	0.653254	-7948.34
878	0.653254	-7961.2
879	0.653254	-7962.96
880	0.653254	-7962.44
881	0.653254	-7964.27
882	0.653254	-7968.11
883	0.653254	-7966.24
884	0.653254	-7956.04
885	0.653254	-7962.2
886	0.653254	-7956.27
887	0.653254	-7955.25
888	0.653254	-7961.18
889	0.653254	-7956.53
890	0.653254	-7961.02
891	0.653254	-7957.7
892	0.653254	-7963.95
893	0.653254	-7967.93
894	0.653254	-7968.36
895	0.653254	-7973.38
896	0.653254	-7981.36
897	0.653254	-7961.34
898	0.653254	-7963.6
899	0.653254	-7966.26
900	0.653254	-7967.77
901	0.653254	-7964.33
902	0.653254	-7962.68
903	0.653254	-7967.25
904	0.653254	-7961.72
905	0.653254	-7959.42
906	0.653254	-7957.44
907	0.653254	-7973.14
908	0.653254	-7972.05
909	0.653254	-7966.19
910	0.653254	-7968.67
911	0.653254	-7972.41
912	0.653254	-7960.8
913	0.653254	-7961.04
914	0.653254	-7958.26
915	0.653254	-7967.99
916	0.653254	-7971.47
917	0.653254	-7962.77
918	0.653254	-7956.95
919	0.653254	-7961.96
920	0.653254	-7959.77
921	0.653254	-7974.46
922	0.653254	-7964.73
923	0.653254	-7960.68
924	0.653254	-7971.16
925	0.653254	-7964.79
926	0.653254	-7979.57
927	0.653254	-7971.82
928	0.653254	-7977.2
929	0.653254	-7973.02
930	0.653254	-7972.08
931	0.653254	-7969.29
932	0.653254	-7973.96
933	0.653254	-7975.34
934	0.653254	-7971.63
935	0.653254	-7969.75
936	0.653254	-7955.61
937	0.653254	-7964.35
938	0.653254	-7964.81
939	0.653254	-7963.77
940	0.653254	-7964.58
941	0.653254	-7965.4
942	0.653254	-7953.94
943	0.653254	-7955.8
944	0.653254	-7946.92
945	0.653254	-7952.97
946	0.653254	-7957.71
947	0.653254	-7956.42
948	0.653254	-7958.68
949	0.653254	-7956.71
950	0.653254	-7960.45
951	0.653254	-7966.3
952	0.653254	-7954.94
953	0.653254	-7960.7
954	0.653254	-7966.43
955	0.653254	-7963.77
956	0.653254	-7961.69
957	0.653254	-7959.74
958	0.653254	-7958.92
959	0.653254	-7954.86
960	0.653254	-7961.97
961	0.653254	-7965.68
962	0.653254	-7968.39
963	0.653254	-7970.73
964	0.653254	-7970.72
965	0.653254	-7972.31
966	0.653254	-7969.51
967	0.653254	-7972.11
968	0.653254	-7967.87
969	0.653254	-7967.56
970	0.653254	-7960.98
971	0.653254	-7970.55
972	0.653254	-7969.61
973	0.653254	-7978.15
974	0.653254	-7971.53
975	0.653254	-7971.07
976	0.653254	-7969.74
977	0.653254	-7969.74
978	0.653254	-7975.1
979	0.653254	-7971.13
980	0.653254	-7975.72
981	0.653254	-7976.02
982	0.653254	-7969.91
983	0.653254	-7971.03
984	0.653254	-7975.28
985	0.653254	-7972.42
986	0.653254	-7967.85
987	0.653254	-7975.23
988	0.653254	-7965.34
989	0.653254	-7963.86
990	0.653254	-7959.27
991	0.653254	-7962.87
992	0.653254	-7966.86
993	0.653254	-7968.56
994	0.653254	-7963.38
995	0.653254	-7957.93
996	0.653254	-7957.8
997	0.653254	-7970.37
998	0.653254	-7971.58
999	0.653254	-7966.65
1000	0.653254	-7975.11
