state	power	likelihood
251	0.0227855	-8651.54
252	0.0227855	-8818.87
253	0.0227855	-8536.51
254	0.0227855	-8725.14
255	0.0227855	-8585.64
256	0.0227855	-8698.86
257	0.0227855	-8652.09
258	0.0227855	-8439.35
259	0.0227855	-8392.01
260	0.0227855	-8541.41
261	0.0227855	-8372.53
262	0.0227855	-8484.05
263	0.0227855	-8557.17
264	0.0227855	-8471.94
265	0.0227855	-8486.54
266	0.0227855	-8610.89
267	0.0227855	-8519.28
268	0.0227855	-8638.71
269	0.0227855	-8477.77
270	0.0227855	-8327.84
271	0.0227855	-8385.87
272	0.0227855	-8325.02
273	0.0227855	-8471.41
274	0.0227855	-8572.74
275	0.0227855	-8442.03
276	0.0227855	-8502.41
277	0.0227855	-8585.52
278	0.0227855	-8521.8
279	0.0227855	-8605.57
280	0.0227855	-8597.63
281	0.0227855	-8627.75
282	0.0227855	-8826
283	0.0227855	-8617.76
284	0.0227855	-8576.24
285	0.0227855	-8641.83
286	0.0227855	-8569.02
287	0.0227855	-8657.86
288	0.0227855	-8433.65
289	0.0227855	-8502.77
290	0.0227855	-8678.62
291	0.0227855	-8652.24
292	0.0227855	-8613.3
293	0.0227855	-8430.79
294	0.0227855	-8492.26
295	0.0227855	-8564.7
296	0.0227855	-8335.69
297	0.0227855	-8565.19
298	0.0227855	-8587.12
299	0.0227855	-8505.11
300	0.0227855	-8459.65
301	0.0227855	-8619.39
302	0.0227855	-8598.93
303	0.0227855	-8765.1
304	0.0227855	-8299.28
305	0.0227855	-8374.31
306	0.0227855	-8651.69
307	0.0227855	-8424.85
308	0.0227855	-8445.2
309	0.0227855	-8610.26
310	0.0227855	-8694.43
311	0.0227855	-8673.26
312	0.0227855	-8587.09
313	0.0227855	-8647.51
314	0.0227855	-8364.26
315	0.0227855	-8478.23
316	0.0227855	-8504.18
317	0.0227855	-8421.94
318	0.0227855	-8371.62
319	0.0227855	-8879.46
320	0.0227855	-8642.29
321	0.0227855	-8594.81
322	0.0227855	-8433.47
323	0.0227855	-8595.91
324	0.0227855	-8320.65
325	0.0227855	-8364.01
326	0.0227855	-8424.37
327	0.0227855	-8551.13
328	0.0227855	-8501.7
329	0.0227855	-8557.31
330	0.0227855	-8464.12
331	0.0227855	-8490.3
332	0.0227855	-8493.98
333	0.0227855	-8689.42
334	0.0227855	-8548.65
335	0.0227855	-8652.93
336	0.0227855	-8594.84
337	0.0227855	-8637.65
338	0.0227855	-8526.39
339	0.0227855	-8481.19
340	0.0227855	-8710
341	0.0227855	-8674.64
342	0.0227855	-8504.69
343	0.0227855	-8452.71
344	0.0227855	-8690.69
345	0.0227855	-8705.67
346	0.0227855	-8790.57
347	0.0227855	-8926.39
348	0.0227855	-8859.08
349	0.0227855	-8613.74
350	0.0227855	-8616.79
351	0.0227855	-8585.14
352	0.0227855	-8457.71
353	0.0227855	-8644.19
354	0.0227855	-8573.07
355	0.0227855	-8617.8
356	0.0227855	-8502.9
357	0.0227855	-8326.66
358	0.0227855	-8610.74
359	0.0227855	-8516.53
360	0.0227855	-8635
361	0.0227855	-8492.77
362	0.0227855	-8387.94
363	0.0227855	-8455.87
364	0.0227855	-8317.77
365	0.0227855	-8159.96
366	0.0227855	-8455.55
367	0.0227855	-8597.19
368	0.0227855	-8432.46
369	0.0227855	-8540.49
370	0.0227855	-8512.63
371	0.0227855	-8423.9
372	0.0227855	-8454.54
373	0.0227855	-8596.93
374	0.0227855	-8601.4
375	0.0227855	-8487.13
376	0.0227855	-8678.83
377	0.0227855	-8509.94
378	0.0227855	-8433.05
379	0.0227855	-8471.67
380	0.0227855	-8729.22
381	0.0227855	-8600.32
382	0.0227855	-8727.35
383	0.0227855	-8536.57
384	0.0227855	-8264.62
385	0.0227855	-8533.98
386	0.0227855	-8696.04
387	0.0227855	-8763.43
388	0.0227855	-8439.49
389	0.0227855	-8387.64
390	0.0227855	-8384.63
391	0.0227855	-8339.82
392	0.0227855	-8556.91
393	0.0227855	-8184.28
394	0.0227855	-8368.62
395	0.0227855	-8507.56
396	0.0227855	-8611.65
397	0.0227855	-8419.02
398	0.0227855	-8435.72
399	0.0227855	-8770.69
400	0.0227855	-8658.71
401	0.0227855	-8300.84
402	0.0227855	-8321.98
403	0.0227855	-8486.46
404	0.0227855	-8457.21
405	0.0227855	-8483.67
406	0.0227855	-8513.82
407	0.0227855	-8406.64
408	0.0227855	-8788.81
409	0.0227855	-8709.58
410	0.0227855	-8575.68
411	0.0227855	-8701.59
412	0.0227855	-8532.83
413	0.0227855	-8517.47
414	0.0227855	-8588.48
415	0.0227855	-8524.04
416	0.0227855	-8654.96
417	0.0227855	-8463.89
418	0.0227855	-8479.65
419	0.0227855	-8593.61
420	0.0227855	-8521.24
421	0.0227855	-8790.2
422	0.0227855	-8726.08
423	0.0227855	-8409.53
424	0.0227855	-8432.42
425	0.0227855	-8298.9
426	0.0227855	-8368.36
427	0.0227855	-8606.54
428	0.0227855	-8551.32
429	0.0227855	-8400.36
430	0.0227855	-8687.8
431	0.0227855	-8438.94
432	0.0227855	-8644.65
433	0.0227855	-8623.24
434	0.0227855	-8684.71
435	0.0227855	-8381.23
436	0.0227855	-8384.81
437	0.0227855	-8497.91
438	0.0227855	-8588.97
439	0.0227855	-8569.19
440	0.0227855	-8565.16
441	0.0227855	-8680.49
442	0.0227855	-8435.9
443	0.0227855	-8502.78
444	0.0227855	-8675.82
445	0.0227855	-8858.75
446	0.0227855	-8885.42
447	0.0227855	-8549.02
448	0.0227855	-8533.24
449	0.0227855	-8504.27
450	0.0227855	-8642.94
451	0.0227855	-8683.71
452	0.0227855	-8710.56
453	0.0227855	-8422.42
454	0.0227855	-8446.11
455	0.0227855	-8481.65
456	0.0227855	-8436.11
457	0.0227855	-8585.41
458	0.0227855	-8375.92
459	0.0227855	-8703.47
460	0.0227855	-8626.41
461	0.0227855	-8603.63
462	0.0227855	-8264.27
463	0.0227855	-8559.69
464	0.0227855	-8434.4
465	0.0227855	-8567.01
466	0.0227855	-8433.28
467	0.0227855	-8469.36
468	0.0227855	-8530.9
469	0.0227855	-8664.85
470	0.0227855	-8441.95
471	0.0227855	-8473.43
472	0.0227855	-8666.03
473	0.0227855	-8491.47
474	0.0227855	-8501.59
475	0.0227855	-8793.23
476	0.0227855	-8792.62
477	0.0227855	-8911.9
478	0.0227855	-8644.36
479	0.0227855	-8472.71
480	0.0227855	-8645.59
481	0.0227855	-8306.91
482	0.0227855	-8313.54
483	0.0227855	-8470.07
484	0.0227855	-8426.44
485	0.0227855	-8371.04
486	0.0227855	-8494.72
487	0.0227855	-8474.8
488	0.0227855	-8758.91
489	0.0227855	-8616.72
490	0.0227855	-8528.17
491	0.0227855	-8553
492	0.0227855	-8554.04
493	0.0227855	-8585.47
494	0.0227855	-8532.22
495	0.0227855	-8558.21
496	0.0227855	-8728.16
497	0.0227855	-8876.43
498	0.0227855	-8379.32
499	0.0227855	-8673.89
500	0.0227855	-8566.67
501	0.0227855	-8533.63
502	0.0227855	-8563.24
503	0.0227855	-8541.33
504	0.0227855	-8479.88
505	0.0227855	-8292.21
506	0.0227855	-8676.86
507	0.0227855	-8446.23
508	0.0227855	-8589.73
509	0.0227855	-8451.74
510	0.0227855	-8412.01
511	0.0227855	-8570.24
512	0.0227855	-8783.46
513	0.0227855	-8415.59
514	0.0227855	-8561.8
515	0.0227855	-8764.02
516	0.0227855	-8446.02
517	0.0227855	-8571.08
518	0.0227855	-8765.44
519	0.0227855	-8452.42
520	0.0227855	-8729.06
521	0.0227855	-8491.78
522	0.0227855	-8692.09
523	0.0227855	-8607.37
524	0.0227855	-8492.45
525	0.0227855	-8475.95
526	0.0227855	-8494.91
527	0.0227855	-8695.46
528	0.0227855	-8648.13
529	0.0227855	-8618.22
530	0.0227855	-8438.72
531	0.0227855	-8227.7
532	0.0227855	-8447.22
533	0.0227855	-8459.83
534	0.0227855	-8531.51
535	0.0227855	-8635.04
536	0.0227855	-8752.99
537	0.0227855	-8647.54
538	0.0227855	-8651.35
539	0.0227855	-8452.41
540	0.0227855	-8302.95
541	0.0227855	-8304.36
542	0.0227855	-8543.68
543	0.0227855	-8417.91
544	0.0227855	-8576.44
545	0.0227855	-8779.48
546	0.0227855	-8904.62
547	0.0227855	-8579.49
548	0.0227855	-8533.7
549	0.0227855	-8594.12
550	0.0227855	-8543.82
551	0.0227855	-8816.38
552	0.0227855	-8520.25
553	0.0227855	-8460.95
554	0.0227855	-8552.38
555	0.0227855	-8485.16
556	0.0227855	-8541.85
557	0.0227855	-8460.93
558	0.0227855	-8722.1
559	0.0227855	-8676.59
560	0.0227855	-8596.11
561	0.0227855	-8370.13
562	0.0227855	-8420.35
563	0.0227855	-8740.35
564	0.0227855	-8644.51
565	0.0227855	-8767.02
566	0.0227855	-8553.82
567	0.0227855	-8664.15
568	0.0227855	-8824.4
569	0.0227855	-8693.97
570	0.0227855	-8636.7
571	0.0227855	-8631.8
572	0.0227855	-8691.04
573	0.0227855	-8583.4
574	0.0227855	-8597.2
575	0.0227855	-8391.16
576	0.0227855	-8482.46
577	0.0227855	-8560.87
578	0.0227855	-8516.1
579	0.0227855	-8571.27
580	0.0227855	-8564.3
581	0.0227855	-8455.3
582	0.0227855	-8430.33
583	0.0227855	-8359.68
584	0.0227855	-8364.07
585	0.0227855	-8399.62
586	0.0227855	-8388.36
587	0.0227855	-8401.43
588	0.0227855	-8447.17
589	0.0227855	-8445.76
590	0.0227855	-8559.12
591	0.0227855	-8673.36
592	0.0227855	-8813.53
593	0.0227855	-8458.54
594	0.0227855	-8408.92
595	0.0227855	-8676.73
596	0.0227855	-8568.88
597	0.0227855	-8484.86
598	0.0227855	-8646.8
599	0.0227855	-8567.32
600	0.0227855	-8429.09
601	0.0227855	-8470.32
602	0.0227855	-8547.89
603	0.0227855	-8414.75
604	0.0227855	-8344.39
605	0.0227855	-8547.53
606	0.0227855	-8548.74
607	0.0227855	-8686.27
608	0.0227855	-8524.27
609	0.0227855	-8512.93
610	0.0227855	-8536.5
611	0.0227855	-8477.53
612	0.0227855	-8640.14
613	0.0227855	-8622.86
614	0.0227855	-8608.3
615	0.0227855	-8583.26
616	0.0227855	-8405.65
617	0.0227855	-8641.78
618	0.0227855	-8680.82
619	0.0227855	-8555.54
620	0.0227855	-8583.38
621	0.0227855	-8513.28
622	0.0227855	-8531.03
623	0.0227855	-8524.8
624	0.0227855	-8533.66
625	0.0227855	-8489.39
626	0.0227855	-8503.62
627	0.0227855	-8795.91
628	0.0227855	-8452.09
629	0.0227855	-8464.8
630	0.0227855	-8553.84
631	0.0227855	-8586.6
632	0.0227855	-8650.13
633	0.0227855	-8847.34
634	0.0227855	-8501.84
635	0.0227855	-8699.7
636	0.0227855	-8791.88
637	0.0227855	-8423.62
638	0.0227855	-8628.54
639	0.0227855	-8556.31
640	0.0227855	-8614.21
641	0.0227855	-8816.14
642	0.0227855	-8716.5
643	0.0227855	-8657.65
644	0.0227855	-8672.51
645	0.0227855	-8361.75
646	0.0227855	-8433.13
647	0.0227855	-8532.64
648	0.0227855	-8566.42
649	0.0227855	-8402.51
650	0.0227855	-8416.1
651	0.0227855	-8528.74
652	0.0227855	-8692.13
653	0.0227855	-8487.01
654	0.0227855	-8731.39
655	0.0227855	-8625.3
656	0.0227855	-8477.59
657	0.0227855	-8504.17
658	0.0227855	-8453.85
659	0.0227855	-8413.62
660	0.0227855	-8608.72
661	0.0227855	-8419.7
662	0.0227855	-8507.7
663	0.0227855	-8410.19
664	0.0227855	-8592.27
665	0.0227855	-8482.66
666	0.0227855	-8564.59
667	0.0227855	-8518.63
668	0.0227855	-8558.6
669	0.0227855	-8479.02
670	0.0227855	-8607.2
671	0.0227855	-8559.59
672	0.0227855	-8527.84
673	0.0227855	-8429.29
674	0.0227855	-8544.74
675	0.0227855	-8512.76
676	0.0227855	-8651.46
677	0.0227855	-8754.62
678	0.0227855	-8553.98
679	0.0227855	-8541.34
680	0.0227855	-8498.43
681	0.0227855	-8282.19
682	0.0227855	-8293.53
683	0.0227855	-8542.42
684	0.0227855	-8437.3
685	0.0227855	-8530.77
686	0.0227855	-8450.16
687	0.0227855	-8875.75
688	0.0227855	-8684.47
689	0.0227855	-8583.97
690	0.0227855	-8420.69
691	0.0227855	-8542.07
692	0.0227855	-8620.84
693	0.0227855	-8773.89
694	0.0227855	-8585.93
695	0.0227855	-8554.6
696	0.0227855	-8478.4
697	0.0227855	-8514.68
698	0.0227855	-8340.12
699	0.0227855	-8268.24
700	0.0227855	-8344.5
701	0.0227855	-8545.23
702	0.0227855	-8709.91
703	0.0227855	-8731.15
704	0.0227855	-8518.96
705	0.0227855	-8659.35
706	0.0227855	-8630.95
707	0.0227855	-8769.96
708	0.0227855	-8701.24
709	0.0227855	-8556.61
710	0.0227855	-8624.88
711	0.0227855	-8365.71
712	0.0227855	-8475.49
713	0.0227855	-8532.85
714	0.0227855	-8441.88
715	0.0227855	-8737.26
716	0.0227855	-8644.92
717	0.0227855	-8422.9
718	0.0227855	-8551.03
719	0.0227855	-8491.15
720	0.0227855	-8554.67
721	0.0227855	-8463.26
722	0.0227855	-8504.61
723	0.0227855	-8771.52
724	0.0227855	-8418.27
725	0.0227855	-8315.5
726	0.0227855	-8563.04
727	0.0227855	-8499.07
728	0.0227855	-8493
729	0.0227855	-8561.38
730	0.0227855	-8595.2
731	0.0227855	-8422.68
732	0.0227855	-8321.41
733	0.0227855	-8494.51
734	0.0227855	-8407.08
735	0.0227855	-8296.61
736	0.0227855	-8302.01
737	0.0227855	-8443.01
738	0.0227855	-8424.88
739	0.0227855	-8459.35
740	0.0227855	-8254.23
741	0.0227855	-8368.89
742	0.0227855	-8410.67
743	0.0227855	-8614.9
744	0.0227855	-8315.99
745	0.0227855	-8521.06
746	0.0227855	-8357.32
747	0.0227855	-8723.58
748	0.0227855	-8767.66
749	0.0227855	-8674.65
750	0.0227855	-8662.85
751	0.0227855	-8448.4
752	0.0227855	-8554.21
753	0.0227855	-8544.1
754	0.0227855	-8730.24
755	0.0227855	-8468.38
756	0.0227855	-8600.83
757	0.0227855	-8334.57
758	0.0227855	-8381.51
759	0.0227855	-8433.37
760	0.0227855	-8780.39
761	0.0227855	-8704.26
762	0.0227855	-8521.64
763	0.0227855	-8471.59
764	0.0227855	-8439.24
765	0.0227855	-8626.39
766	0.0227855	-8550.23
767	0.0227855	-8614.28
768	0.0227855	-8485.37
769	0.0227855	-8425.39
770	0.0227855	-8428.02
771	0.0227855	-8493.33
772	0.0227855	-8377.3
773	0.0227855	-8526.87
774	0.0227855	-8480.64
775	0.0227855	-8562.33
776	0.0227855	-8559.21
777	0.0227855	-8451.49
778	0.0227855	-8550.73
779	0.0227855	-8716.41
780	0.0227855	-8584.92
781	0.0227855	-8678.06
782	0.0227855	-8577.08
783	0.0227855	-8565.48
784	0.0227855	-8682.99
785	0.0227855	-8675.23
786	0.0227855	-8543.77
787	0.0227855	-8380.38
788	0.0227855	-8408.55
789	0.0227855	-8532.6
790	0.0227855	-8679.36
791	0.0227855	-8663.62
792	0.0227855	-8714.73
793	0.0227855	-8592.94
794	0.0227855	-8377.62
795	0.0227855	-8624.27
796	0.0227855	-8413.68
797	0.0227855	-8422.77
798	0.0227855	-8468.39
799	0.0227855	-8804.93
800	0.0227855	-8791.28
801	0.0227855	-8675.43
802	0.0227855	-8528.55
803	0.0227855	-8546.64
804	0.0227855	-8507.43
805	0.0227855	-8449.63
806	0.0227855	-8398
807	0.0227855	-8471.74
808	0.0227855	-8338.25
809	0.0227855	-8557.91
810	0.0227855	-8388.37
811	0.0227855	-8368.37
812	0.0227855	-8440.36
813	0.0227855	-8502.44
814	0.0227855	-8506.12
815	0.0227855	-8586.54
816	0.0227855	-8524.57
817	0.0227855	-8468.2
818	0.0227855	-8597.06
819	0.0227855	-8500.09
820	0.0227855	-8742.62
821	0.0227855	-8463.31
822	0.0227855	-8435.68
823	0.0227855	-8522.18
824	0.0227855	-8823.41
825	0.0227855	-8590.79
826	0.0227855	-8531.32
827	0.0227855	-8517.95
828	0.0227855	-8471.06
829	0.0227855	-8576.86
830	0.0227855	-8580.44
831	0.0227855	-8801.83
832	0.0227855	-8698.23
833	0.0227855	-8549.63
834	0.0227855	-8468.24
835	0.0227855	-8463.85
836	0.0227855	-8673.24
837	0.0227855	-8593.31
838	0.0227855	-8483.61
839	0.0227855	-8341.74
840	0.0227855	-8400.77
841	0.0227855	-8574.23
842	0.0227855	-8572.53
843	0.0227855	-8355.08
844	0.0227855	-8343.28
845	0.0227855	-8341.91
846	0.0227855	-8434.25
847	0.0227855	-8847.57
848	0.0227855	-8719.72
849	0.0227855	-8438.7
850	0.0227855	-8517.12
851	0.0227855	-8521.9
852	0.0227855	-8513.56
853	0.0227855	-8538.86
854	0.0227855	-8364.26
855	0.0227855	-8388.52
856	0.0227855	-8598.23
857	0.0227855	-8448.2
858	0.0227855	-8576.06
859	0.0227855	-8635.6
860	0.0227855	-8596.12
861	0.0227855	-8590.64
862	0.0227855	-8646.83
863	0.0227855	-8528.27
864	0.0227855	-8559.95
865	0.0227855	-8834.09
866	0.0227855	-8561.58
867	0.0227855	-8375.11
868	0.0227855	-8338.05
869	0.0227855	-8572.61
870	0.0227855	-8830.15
871	0.0227855	-8573.84
872	0.0227855	-8451.43
873	0.0227855	-8360.92
874	0.0227855	-8485.38
875	0.0227855	-8577.02
876	0.0227855	-8437.15
877	0.0227855	-8547.64
878	0.0227855	-8509.57
879	0.0227855	-8530.34
880	0.0227855	-8304.48
881	0.0227855	-8496.18
882	0.0227855	-8589.76
883	0.0227855	-8466.02
884	0.0227855	-8426.06
885	0.0227855	-8628.49
886	0.0227855	-8442.64
887	0.0227855	-8386.44
888	0.0227855	-8569.98
889	0.0227855	-8461.16
890	0.0227855	-8654.87
891	0.0227855	-8563.97
892	0.0227855	-8418.36
893	0.0227855	-8457.5
894	0.0227855	-8423.32
895	0.0227855	-8325.54
896	0.0227855	-8363.44
897	0.0227855	-8511.81
898	0.0227855	-8597
899	0.0227855	-8539.59
900	0.0227855	-8386.67
901	0.0227855	-8490.02
902	0.0227855	-8669.78
903	0.0227855	-8704.59
904	0.0227855	-8544.65
905	0.0227855	-8435.1
906	0.0227855	-8507.7
907	0.0227855	-8711.19
908	0.0227855	-8549.98
909	0.0227855	-8534.24
910	0.0227855	-8715.94
911	0.0227855	-8804.89
912	0.0227855	-8762.71
913	0.0227855	-8700.58
914	0.0227855	-8610.29
915	0.0227855	-8608.45
916	0.0227855	-8435.81
917	0.0227855	-8281.87
918	0.0227855	-8278.71
919	0.0227855	-8276.94
920	0.0227855	-8509.85
921	0.0227855	-8657.38
922	0.0227855	-8550.06
923	0.0227855	-8855.53
924	0.0227855	-8928.35
925	0.0227855	-8430.11
926	0.0227855	-8579.92
927	0.0227855	-8430.82
928	0.0227855	-8544.71
929	0.0227855	-8581.35
930	0.0227855	-8551.51
931	0.0227855	-8472.22
932	0.0227855	-8475.35
933	0.0227855	-8570.99
934	0.0227855	-8723.39
935	0.0227855	-8635.97
936	0.0227855	-8573.1
937	0.0227855	-8625.88
938	0.0227855	-8410.61
939	0.0227855	-8717.75
940	0.0227855	-8803.13
941	0.0227855	-8480.68
942	0.0227855	-8550.5
943	0.0227855	-8421.4
944	0.0227855	-8442.78
945	0.0227855	-8431.82
946	0.0227855	-8364.79
947	0.0227855	-8355.97
948	0.0227855	-8438.42
949	0.0227855	-8440.44
950	0.0227855	-8521.35
951	0.0227855	-8464
952	0.0227855	-8498.84
953	0.0227855	-8456.93
954	0.0227855	-8454.65
955	0.0227855	-8268.16
956	0.0227855	-8512.14
957	0.0227855	-8443.46
958	0.0227855	-8418.7
959	0.0227855	-8719.52
960	0.0227855	-8423.25
961	0.0227855	-8387.69
962	0.0227855	-8364
963	0.0227855	-8585.19
964	0.0227855	-8621.59
965	0.0227855	-8343.5
966	0.0227855	-8226.82
967	0.0227855	-8438.57
968	0.0227855	-8676.86
969	0.0227855	-8893
970	0.0227855	-8624.18
971	0.0227855	-8525.09
972	0.0227855	-8547.08
973	0.0227855	-8527.41
974	0.0227855	-8590.61
975	0.0227855	-8417.51
976	0.0227855	-8508.83
977	0.0227855	-8456.02
978	0.0227855	-8532.79
979	0.0227855	-8625.2
980	0.0227855	-8651.36
981	0.0227855	-8565.01
982	0.0227855	-8586.65
983	0.0227855	-8554.89
984	0.0227855	-8444.87
985	0.0227855	-8384.87
986	0.0227855	-8365.44
987	0.0227855	-8312.65
988	0.0227855	-8588.23
989	0.0227855	-8742.3
990	0.0227855	-8689.5
991	0.0227855	-8879.38
992	0.0227855	-8875.71
993	0.0227855	-8538.9
994	0.0227855	-8555.44
995	0.0227855	-8547.32
996	0.0227855	-8434.45
997	0.0227855	-8575.12
998	0.0227855	-8640.17
999	0.0227855	-8474.9
1000	0.0227855	-8582.01
