state	power	likelihood
251	0.319406	-8123.96
252	0.319406	-8125.46
253	0.319406	-8121.15
254	0.319406	-8119.16
255	0.319406	-8111.77
256	0.319406	-8105.27
257	0.319406	-8104.45
258	0.319406	-8109.3
259	0.319406	-8125.63
260	0.319406	-8122.07
261	0.319406	-8106.41
262	0.319406	-8116.55
263	0.319406	-8120.8
264	0.319406	-8123.48
265	0.319406	-8138.69
266	0.319406	-8162.97
267	0.319406	-8149.27
268	0.319406	-8133.76
269	0.319406	-8134.33
270	0.319406	-8129.18
271	0.319406	-8115.76
272	0.319406	-8116.36
273	0.319406	-8120.16
274	0.319406	-8120.85
275	0.319406	-8110.76
276	0.319406	-8115.35
277	0.319406	-8114.11
278	0.319406	-8105.57
279	0.319406	-8105.09
280	0.319406	-8115.83
281	0.319406	-8105.82
282	0.319406	-8114.03
283	0.319406	-8115.25
284	0.319406	-8112.13
285	0.319406	-8108.86
286	0.319406	-8109.89
287	0.319406	-8101.07
288	0.319406	-8110.71
289	0.319406	-8112.16
290	0.319406	-8112.44
291	0.319406	-8108.52
292	0.319406	-8114.84
293	0.319406	-8103.7
294	0.319406	-8121.83
295	0.319406	-8129.9
296	0.319406	-8128.59
297	0.319406	-8135.5
298	0.319406	-8133.67
299	0.319406	-8129.04
300	0.319406	-8139.65
301	0.319406	-8146.44
302	0.319406	-8136.65
303	0.319406	-8133.18
304	0.319406	-8134.92
305	0.319406	-8127.69
306	0.319406	-8117.72
307	0.319406	-8132.84
308	0.319406	-8141.84
309	0.319406	-8135.37
310	0.319406	-8139.28
311	0.319406	-8103.16
312	0.319406	-8107.77
313	0.319406	-8110.53
314	0.319406	-8105.56
315	0.319406	-8113.8
316	0.319406	-8124.46
317	0.319406	-8129.28
318	0.319406	-8121.38
319	0.319406	-8111.83
320	0.319406	-8122.04
321	0.319406	-8116.2
322	0.319406	-8127.32
323	0.319406	-8119.44
324	0.319406	-8116.78
325	0.319406	-8125.68
326	0.319406	-8120.64
327	0.319406	-8127.25
328	0.319406	-8134.35
329	0.319406	-8136.37
330	0.319406	-8131.48
331	0.319406	-8139.52
332	0.319406	-8127.63
333	0.319406	-8112.82
334	0.319406	-8115.24
335	0.319406	-8112.52
336	0.319406	-8098.9
337	0.319406	-8091.65
338	0.319406	-8109.34
339	0.319406	-8114.69
340	0.319406	-8113.6
341	0.319406	-8118.89
342	0.319406	-8103.72
343	0.319406	-8111.39
344	0.319406	-8117.27
345	0.319406	-8113.28
346	0.319406	-8135.76
347	0.319406	-8122.15
348	0.319406	-8100.41
349	0.319406	-8111.18
350	0.319406	-8106.04
351	0.319406	-8123.17
352	0.319406	-8122.26
353	0.319406	-8115.14
354	0.319406	-8113.38
355	0.319406	-8110.18
356	0.319406	-8135.36
357	0.319406	-8122.1
358	0.319406	-8121.65
359	0.319406	-8112.77
360	0.319406	-8110.06
361	0.319406	-8125.41
362	0.319406	-8122.59
363	0.319406	-8111.28
364	0.319406	-8125.53
365	0.319406	-8108.74
366	0.319406	-8110.3
367	0.319406	-8125.54
368	0.319406	-8130.68
369	0.319406	-8125.88
370	0.319406	-8103.34
371	0.319406	-8107.63
372	0.319406	-8116.14
373	0.319406	-8107.66
374	0.319406	-8116.55
375	0.319406	-8115.41
376	0.319406	-8124.04
377	0.319406	-8114.26
378	0.319406	-8125.02
379	0.319406	-8116.74
380	0.319406	-8114.14
381	0.319406	-8118.06
382	0.319406	-8122.01
383	0.319406	-8128.63
384	0.319406	-8125.93
385	0.319406	-8128.23
386	0.319406	-8122.83
387	0.319406	-8105.82
388	0.319406	-8105.37
389	0.319406	-8103.6
390	0.319406	-8108.45
391	0.319406	-8104.64
392	0.319406	-8104.69
393	0.319406	-8120.22
394	0.319406	-8130.14
395	0.319406	-8120.84
396	0.319406	-8118.99
397	0.319406	-8123.17
398	0.319406	-8116.39
399	0.319406	-8100.18
400	0.319406	-8110.93
401	0.319406	-8106.96
402	0.319406	-8098.23
403	0.319406	-8113.13
404	0.319406	-8105.63
405	0.319406	-8121.33
406	0.319406	-8109.95
407	0.319406	-8123.12
408	0.319406	-8118.28
409	0.319406	-8136.26
410	0.319406	-8112.16
411	0.319406	-8114.54
412	0.319406	-8112.14
413	0.319406	-8125.62
414	0.319406	-8121.76
415	0.319406	-8109.9
416	0.319406	-8105.52
417	0.319406	-8109.48
418	0.319406	-8117.24
419	0.319406	-8134.34
420	0.319406	-8124.78
421	0.319406	-8129.98
422	0.319406	-8130.72
423	0.319406	-8138.97
424	0.319406	-8127.33
425	0.319406	-8115.12
426	0.319406	-8102.84
427	0.319406	-8109.88
428	0.319406	-8128.45
429	0.319406	-8126.54
430	0.319406	-8125.74
431	0.319406	-8124.32
432	0.319406	-8125.44
433	0.319406	-8128.13
434	0.319406	-8106.15
435	0.319406	-8109.44
436	0.319406	-8116.36
437	0.319406	-8120.47
438	0.319406	-8116.85
439	0.319406	-8112.06
440	0.319406	-8108.39
441	0.319406	-8116.58
442	0.319406	-8111.31
443	0.319406	-8104.81
444	0.319406	-8101.61
445	0.319406	-8126.82
446	0.319406	-8126.15
447	0.319406	-8122.94
448	0.319406	-8127.07
449	0.319406	-8132.21
450	0.319406	-8122.71
451	0.319406	-8105.76
452	0.319406	-8108.31
453	0.319406	-8105.03
454	0.319406	-8099.98
455	0.319406	-8111.51
456	0.319406	-8098.07
457	0.319406	-8104.08
458	0.319406	-8104.07
459	0.319406	-8118.49
460	0.319406	-8117.8
461	0.319406	-8116.38
462	0.319406	-8120.39
463	0.319406	-8105.04
464	0.319406	-8106.81
465	0.319406	-8103.64
466	0.319406	-8113.05
467	0.319406	-8114.75
468	0.319406	-8105.89
469	0.319406	-8103.19
470	0.319406	-8118.59
471	0.319406	-8097.66
472	0.319406	-8108.3
473	0.319406	-8118.2
474	0.319406	-8112.41
475	0.319406	-8123.62
476	0.319406	-8121.88
477	0.319406	-8128.76
478	0.319406	-8115.56
479	0.319406	-8106.14
480	0.319406	-8110.1
481	0.319406	-8136.98
482	0.319406	-8132.39
483	0.319406	-8153.46
484	0.319406	-8151.06
485	0.319406	-8121.32
486	0.319406	-8113.53
487	0.319406	-8125.74
488	0.319406	-8132.19
489	0.319406	-8107.68
490	0.319406	-8118.06
491	0.319406	-8107.25
492	0.319406	-8122.45
493	0.319406	-8098.51
494	0.319406	-8119.7
495	0.319406	-8129.45
496	0.319406	-8132.66
497	0.319406	-8114.85
498	0.319406	-8121.6
499	0.319406	-8118.78
500	0.319406	-8125.55
501	0.319406	-8131.42
502	0.319406	-8127.44
503	0.319406	-8121.04
504	0.319406	-8107.24
505	0.319406	-8107.96
506	0.319406	-8110.94
507	0.319406	-8110.69
508	0.319406	-8117.22
509	0.319406	-8124.86
510	0.319406	-8129.16
511	0.319406	-8140.38
512	0.319406	-8139.29
513	0.319406	-8137.18
514	0.319406	-8127.55
515	0.319406	-8128.85
516	0.319406	-8130.65
517	0.319406	-8119.27
518	0.319406	-8118.02
519	0.319406	-8135.37
520	0.319406	-8118.67
521	0.319406	-8114.99
522	0.319406	-8116.94
523	0.319406	-8112.66
524	0.319406	-8113.48
525	0.319406	-8110.19
526	0.319406	-8097.71
527	0.319406	-8124.05
528	0.319406	-8115.02
529	0.319406	-8121.95
530	0.319406	-8113.65
531	0.319406	-8122.38
532	0.319406	-8102.85
533	0.319406	-8111.03
534	0.319406	-8109.13
535	0.319406	-8101.27
536	0.319406	-8117.51
537	0.319406	-8129.21
538	0.319406	-8129.59
539	0.319406	-8115.61
540	0.319406	-8126.73
541	0.319406	-8113.47
542	0.319406	-8113.51
543	0.319406	-8108.7
544	0.319406	-8115.15
545	0.319406	-8125.17
546	0.319406	-8121.05
547	0.319406	-8119.9
548	0.319406	-8110.84
549	0.319406	-8106.8
550	0.319406	-8121.58
551	0.319406	-8110.94
552	0.319406	-8146.29
553	0.319406	-8120.29
554	0.319406	-8119.26
555	0.319406	-8114.68
556	0.319406	-8113.13
557	0.319406	-8111.42
558	0.319406	-8114.93
559	0.319406	-8117.29
560	0.319406	-8117.43
561	0.319406	-8112.15
562	0.319406	-8107.99
563	0.319406	-8102.56
564	0.319406	-8110.55
565	0.319406	-8106.72
566	0.319406	-8112.82
567	0.319406	-8121.4
568	0.319406	-8115.96
569	0.319406	-8113.73
570	0.319406	-8112.53
571	0.319406	-8116.22
572	0.319406	-8132.57
573	0.319406	-8131.66
574	0.319406	-8111.67
575	0.319406	-8111.8
576	0.319406	-8112.52
577	0.319406	-8104.11
578	0.319406	-8109.61
579	0.319406	-8110.87
580	0.319406	-8135.43
581	0.319406	-8124.34
582	0.319406	-8131.92
583	0.319406	-8117.99
584	0.319406	-8107.08
585	0.319406	-8104.45
586	0.319406	-8103.74
587	0.319406	-8098.85
588	0.319406	-8110.99
589	0.319406	-8106.27
590	0.319406	-8125.34
591	0.319406	-8128.78
592	0.319406	-8150.48
593	0.319406	-8143.1
594	0.319406	-8141.74
595	0.319406	-8133.35
596	0.319406	-8133.53
597	0.319406	-8135.32
598	0.319406	-8148.18
599	0.319406	-8121.55
600	0.319406	-8118.01
601	0.319406	-8129.29
602	0.319406	-8117.65
603	0.319406	-8117.59
604	0.319406	-8116.31
605	0.319406	-8112.02
606	0.319406	-8141.07
607	0.319406	-8137.23
608	0.319406	-8144.69
609	0.319406	-8149.55
610	0.319406	-8150.22
611	0.319406	-8140.46
612	0.319406	-8162.2
613	0.319406	-8131.91
614	0.319406	-8123
615	0.319406	-8106
616	0.319406	-8096.99
617	0.319406	-8094.63
618	0.319406	-8102.17
619	0.319406	-8106.43
620	0.319406	-8150.65
621	0.319406	-8144.03
622	0.319406	-8139.2
623	0.319406	-8143.66
624	0.319406	-8137.03
625	0.319406	-8135.1
626	0.319406	-8132.73
627	0.319406	-8148.76
628	0.319406	-8133.21
629	0.319406	-8109.55
630	0.319406	-8107.51
631	0.319406	-8109.7
632	0.319406	-8103.03
633	0.319406	-8094.54
634	0.319406	-8104.73
635	0.319406	-8090.24
636	0.319406	-8105.47
637	0.319406	-8103.99
638	0.319406	-8090.19
639	0.319406	-8091.68
640	0.319406	-8089.55
641	0.319406	-8092.93
642	0.319406	-8107.52
643	0.319406	-8106.34
644	0.319406	-8117.97
645	0.319406	-8112.36
646	0.319406	-8104
647	0.319406	-8103.81
648	0.319406	-8105
649	0.319406	-8101.32
650	0.319406	-8114.63
651	0.319406	-8113.15
652	0.319406	-8106.07
653	0.319406	-8113.89
654	0.319406	-8121.31
655	0.319406	-8116.1
656	0.319406	-8109.21
657	0.319406	-8100.58
658	0.319406	-8112.91
659	0.319406	-8107.95
660	0.319406	-8125.97
661	0.319406	-8133.1
662	0.319406	-8123.89
663	0.319406	-8119.32
664	0.319406	-8127.14
665	0.319406	-8124.48
666	0.319406	-8116.93
667	0.319406	-8114.2
668	0.319406	-8118.27
669	0.319406	-8114.15
670	0.319406	-8121.93
671	0.319406	-8112.21
672	0.319406	-8114.91
673	0.319406	-8111.54
674	0.319406	-8100.53
675	0.319406	-8107.9
676	0.319406	-8126.12
677	0.319406	-8113.2
678	0.319406	-8105.11
679	0.319406	-8110.87
680	0.319406	-8107.61
681	0.319406	-8101.72
682	0.319406	-8094.2
683	0.319406	-8099.74
684	0.319406	-8108.85
685	0.319406	-8124.03
686	0.319406	-8115.1
687	0.319406	-8120.85
688	0.319406	-8121.16
689	0.319406	-8124.1
690	0.319406	-8112.24
691	0.319406	-8116.69
692	0.319406	-8115.65
693	0.319406	-8109.89
694	0.319406	-8117.99
695	0.319406	-8133.07
696	0.319406	-8132.79
697	0.319406	-8116.54
698	0.319406	-8115.58
699	0.319406	-8134.19
700	0.319406	-8126.18
701	0.319406	-8137.58
702	0.319406	-8137.81
703	0.319406	-8135.91
704	0.319406	-8137.72
705	0.319406	-8118.61
706	0.319406	-8126.72
707	0.319406	-8143.09
708	0.319406	-8147.19
709	0.319406	-8147.82
710	0.319406	-8127.4
711	0.319406	-8119.57
712	0.319406	-8126.98
713	0.319406	-8110.12
714	0.319406	-8126.24
715	0.319406	-8115.02
716	0.319406	-8119.79
717	0.319406	-8113.4
718	0.319406	-8101.21
719	0.319406	-8087.16
720	0.319406	-8105.9
721	0.319406	-8101.37
722	0.319406	-8106.18
723	0.319406	-8124.86
724	0.319406	-8127.58
725	0.319406	-8108.75
726	0.319406	-8106.28
727	0.319406	-8104.31
728	0.319406	-8117.64
729	0.319406	-8130.75
730	0.319406	-8128.88
731	0.319406	-8113.36
732	0.319406	-8116.36
733	0.319406	-8117.94
734	0.319406	-8121.23
735	0.319406	-8128.97
736	0.319406	-8113.04
737	0.319406	-8124.71
738	0.319406	-8121.42
739	0.319406	-8126.48
740	0.319406	-8139.48
741	0.319406	-8144.45
742	0.319406	-8127.2
743	0.319406	-8113.12
744	0.319406	-8120.11
745	0.319406	-8121.73
746	0.319406	-8124.16
747	0.319406	-8119.98
748	0.319406	-8120.74
749	0.319406	-8123.8
750	0.319406	-8123.09
751	0.319406	-8116.93
752	0.319406	-8138.41
753	0.319406	-8134.4
754	0.319406	-8123.42
755	0.319406	-8124.97
756	0.319406	-8133.47
757	0.319406	-8109.36
758	0.319406	-8123.15
759	0.319406	-8116.65
760	0.319406	-8115.06
761	0.319406	-8122.94
762	0.319406	-8116.87
763	0.319406	-8107.78
764	0.319406	-8111.57
765	0.319406	-8110.59
766	0.319406	-8101.55
767	0.319406	-8106.72
768	0.319406	-8128.26
769	0.319406	-8152.97
770	0.319406	-8142.92
771	0.319406	-8137.31
772	0.319406	-8107.68
773	0.319406	-8102.91
774	0.319406	-8105.68
775	0.319406	-8137.83
776	0.319406	-8127.13
777	0.319406	-8103.83
778	0.319406	-8106.08
779	0.319406	-8113.9
780	0.319406	-8128.49
781	0.319406	-8114.67
782	0.319406	-8098.83
783	0.319406	-8100.51
784	0.319406	-8100.7
785	0.319406	-8106.99
786	0.319406	-8097.49
787	0.319406	-8111.88
788	0.319406	-8104.83
789	0.319406	-8112.36
790	0.319406	-8121.73
791	0.319406	-8119.5
792	0.319406	-8119.69
793	0.319406	-8094.29
794	0.319406	-8105.9
795	0.319406	-8108.42
796	0.319406	-8109.97
797	0.319406	-8118.56
798	0.319406	-8126.31
799	0.319406	-8124.58
800	0.319406	-8121.53
801	0.319406	-8110.25
802	0.319406	-8107.01
803	0.319406	-8129.7
804	0.319406	-8120.47
805	0.319406	-8117.95
806	0.319406	-8126.31
807	0.319406	-8105.45
808	0.319406	-8124.46
809	0.319406	-8115.65
810	0.319406	-8111.51
811	0.319406	-8110.72
812	0.319406	-8106.6
813	0.319406	-8102.22
814	0.319406	-8108.04
815	0.319406	-8110.64
816	0.319406	-8110.02
817	0.319406	-8101.36
818	0.319406	-8097
819	0.319406	-8127.12
820	0.319406	-8127.03
821	0.319406	-8114.07
822	0.319406	-8095.68
823	0.319406	-8100.07
824	0.319406	-8102.43
825	0.319406	-8113.11
826	0.319406	-8112.6
827	0.319406	-8103.02
828	0.319406	-8109.02
829	0.319406	-8122.06
830	0.319406	-8119.92
831	0.319406	-8132.77
832	0.319406	-8124.14
833	0.319406	-8135.58
834	0.319406	-8145.09
835	0.319406	-8106.76
836	0.319406	-8100.01
837	0.319406	-8112.63
838	0.319406	-8106.53
839	0.319406	-8105.16
840	0.319406	-8127.24
841	0.319406	-8126.86
842	0.319406	-8142.74
843	0.319406	-8149.58
844	0.319406	-8150.87
845	0.319406	-8154.21
846	0.319406	-8132.1
847	0.319406	-8129.5
848	0.319406	-8119.49
849	0.319406	-8112.43
850	0.319406	-8125.44
851	0.319406	-8109.52
852	0.319406	-8142.55
853	0.319406	-8140.77
854	0.319406	-8135.41
855	0.319406	-8132.3
856	0.319406	-8119.11
857	0.319406	-8134.72
858	0.319406	-8122.31
859	0.319406	-8112.19
860	0.319406	-8114.77
861	0.319406	-8105.3
862	0.319406	-8094.63
863	0.319406	-8099.42
864	0.319406	-8100.29
865	0.319406	-8090.54
866	0.319406	-8106.94
867	0.319406	-8111.07
868	0.319406	-8122.24
869	0.319406	-8103.09
870	0.319406	-8107.45
871	0.319406	-8115.1
872	0.319406	-8111.62
873	0.319406	-8119.71
874	0.319406	-8127.66
875	0.319406	-8113.83
876	0.319406	-8107.42
877	0.319406	-8105.02
878	0.319406	-8109.91
879	0.319406	-8100.93
880	0.319406	-8101.36
881	0.319406	-8096.76
882	0.319406	-8104.25
883	0.319406	-8097.71
884	0.319406	-8098.57
885	0.319406	-8101.22
886	0.319406	-8098.58
887	0.319406	-8097.05
888	0.319406	-8101.91
889	0.319406	-8100.17
890	0.319406	-8102.16
891	0.319406	-8112.43
892	0.319406	-8102.54
893	0.319406	-8102.39
894	0.319406	-8130.01
895	0.319406	-8105.83
896	0.319406	-8091.02
897	0.319406	-8093.77
898	0.319406	-8098.11
899	0.319406	-8110.7
900	0.319406	-8098.47
901	0.319406	-8115.18
902	0.319406	-8118.8
903	0.319406	-8122.62
904	0.319406	-8123.76
905	0.319406	-8118.46
906	0.319406	-8116.74
907	0.319406	-8113.08
908	0.319406	-8111.22
909	0.319406	-8108.56
910	0.319406	-8125.37
911	0.319406	-8107.01
912	0.319406	-8118.24
913	0.319406	-8126.41
914	0.319406	-8108.44
915	0.319406	-8121.64
916	0.319406	-8115.89
917	0.319406	-8116.85
918	0.319406	-8121.02
919	0.319406	-8121.62
920	0.319406	-8122.54
921	0.319406	-8112.5
922	0.319406	-8115.37
923	0.319406	-8113.85
924	0.319406	-8105.49
925	0.319406	-8106.31
926	0.319406	-8131.99
927	0.319406	-8129.05
928	0.319406	-8119.44
929	0.319406	-8111.03
930	0.319406	-8104.93
931	0.319406	-8106.42
932	0.319406	-8119.05
933	0.319406	-8107.57
934	0.319406	-8115.05
935	0.319406	-8117.42
936	0.319406	-8112.54
937	0.319406	-8098.21
938	0.319406	-8105.2
939	0.319406	-8111.18
940	0.319406	-8126.52
941	0.319406	-8123.38
942	0.319406	-8134.88
943	0.319406	-8119.28
944	0.319406	-8118.03
945	0.319406	-8119.91
946	0.319406	-8113.81
947	0.319406	-8114.06
948	0.319406	-8112.47
949	0.319406	-8110.64
950	0.319406	-8153.91
951	0.319406	-8145.48
952	0.319406	-8148.52
953	0.319406	-8144.08
954	0.319406	-8121.94
955	0.319406	-8118.04
956	0.319406	-8115.26
957	0.319406	-8111.85
958	0.319406	-8120.8
959	0.319406	-8126.37
960	0.319406	-8116.32
961	0.319406	-8108.44
962	0.319406	-8111.18
963	0.319406	-8108.62
964	0.319406	-8117.56
965	0.319406	-8135.4
966	0.319406	-8140.55
967	0.319406	-8135.36
968	0.319406	-8123.13
969	0.319406	-8114.23
970	0.319406	-8116.68
971	0.319406	-8113.85
972	0.319406	-8124.32
973	0.319406	-8133.76
974	0.319406	-8126.9
975	0.319406	-8129.55
976	0.319406	-8112.53
977	0.319406	-8130.85
978	0.319406	-8126.16
979	0.319406	-8126.89
980	0.319406	-8129.59
981	0.319406	-8138.83
982	0.319406	-8129.64
983	0.319406	-8128.57
984	0.319406	-8118.13
985	0.319406	-8117.03
986	0.319406	-8147.23
987	0.319406	-8129.52
988	0.319406	-8121.77
989	0.319406	-8101.44
990	0.319406	-8104.07
991	0.319406	-8103.01
992	0.319406	-8104.55
993	0.319406	-8107.6
994	0.319406	-8097.5
995	0.319406	-8108.41
996	0.319406	-8121
997	0.319406	-8105.46
998	0.319406	-8120.32
999	0.319406	-8118.56
1000	0.319406	-8120.7
