state	power	likelihood
251	5.9499e-05	-10377.5
252	5.9499e-05	-10010.8
253	5.9499e-05	-15447.1
254	5.9499e-05	-13362.1
255	5.9499e-05	-12422.7
256	5.9499e-05	-14561.1
257	5.9499e-05	-17447.7
258	5.9499e-05	-16766.2
259	5.9499e-05	-14855.3
260	5.9499e-05	-11746.6
261	5.9499e-05	-13756.8
262	5.9499e-05	-13423.3
263	5.9499e-05	-11952.2
264	5.9499e-05	-12339.1
265	5.9499e-05	-11419.6
266	5.9499e-05	-11126.2
267	5.9499e-05	-12694.1
268	5.9499e-05	-15956.4
269	5.9499e-05	-12983.7
270	5.9499e-05	-10781.3
271	5.9499e-05	-13613
272	5.9499e-05	-13346.5
273	5.9499e-05	-12804
274	5.9499e-05	-12688.3
275	5.9499e-05	-14620.7
276	5.9499e-05	-12671.9
277	5.9499e-05	-13671.8
278	5.9499e-05	-13162.8
279	5.9499e-05	-10425.3
280	5.9499e-05	-11210.7
281	5.9499e-05	-12250.8
282	5.9499e-05	-14078.3
283	5.9499e-05	-13087.3
284	5.9499e-05	-13169.3
285	5.9499e-05	-14415.2
286	5.9499e-05	-14035.6
287	5.9499e-05	-12207.7
288	5.9499e-05	-11904.2
289	5.9499e-05	-11743.8
290	5.9499e-05	-10665.8
291	5.9499e-05	-10570.6
292	5.9499e-05	-11134.3
293	5.9499e-05	-11142.2
294	5.9499e-05	-10789.3
295	5.9499e-05	-11791.8
296	5.9499e-05	-11309.5
297	5.9499e-05	-11507.7
298	5.9499e-05	-11192.6
299	5.9499e-05	-10924.1
300	5.9499e-05	-13563.3
301	5.9499e-05	-15200.6
302	5.9499e-05	-12500.1
303	5.9499e-05	-11546.1
304	5.9499e-05	-12600.3
305	5.9499e-05	-13168
306	5.9499e-05	-13799
307	5.9499e-05	-12287.5
308	5.9499e-05	-13284.2
309	5.9499e-05	-12257.1
310	5.9499e-05	-13147
311	5.9499e-05	-12156.9
312	5.9499e-05	-11514
313	5.9499e-05	-13326.4
314	5.9499e-05	-14694.6
315	5.9499e-05	-15050.1
316	5.9499e-05	-13094.6
317	5.9499e-05	-11721.2
318	5.9499e-05	-10481.9
319	5.9499e-05	-11418.3
320	5.9499e-05	-10567.6
321	5.9499e-05	-10835.1
322	5.9499e-05	-10787
323	5.9499e-05	-10175.2
324	5.9499e-05	-11386.1
325	5.9499e-05	-10906.3
326	5.9499e-05	-11371.4
327	5.9499e-05	-11229.1
328	5.9499e-05	-10609.5
329	5.9499e-05	-10313.7
330	5.9499e-05	-10249.9
331	5.9499e-05	-11783
332	5.9499e-05	-10899.1
333	5.9499e-05	-11438.1
334	5.9499e-05	-10861.2
335	5.9499e-05	-13911.1
336	5.9499e-05	-14103
337	5.9499e-05	-14472.9
338	5.9499e-05	-12311.1
339	5.9499e-05	-11265.3
340	5.9499e-05	-11948.7
341	5.9499e-05	-12768
342	5.9499e-05	-12563.3
343	5.9499e-05	-11132.1
344	5.9499e-05	-10595
345	5.9499e-05	-10720.9
346	5.9499e-05	-11915.1
347	5.9499e-05	-11244.4
348	5.9499e-05	-10956.9
349	5.9499e-05	-11391.9
350	5.9499e-05	-11524.4
351	5.9499e-05	-12501.5
352	5.9499e-05	-14370.1
353	5.9499e-05	-11913.5
354	5.9499e-05	-11702.6
355	5.9499e-05	-12375.5
356	5.9499e-05	-12118.5
357	5.9499e-05	-11717.5
358	5.9499e-05	-12020.1
359	5.9499e-05	-13359
360	5.9499e-05	-13630.7
361	5.9499e-05	-15095.8
362	5.9499e-05	-20551.5
363	5.9499e-05	-16335.1
364	5.9499e-05	-11908.7
365	5.9499e-05	-10375.2
366	5.9499e-05	-10734.7
367	5.9499e-05	-12768.1
368	5.9499e-05	-13715.7
369	5.9499e-05	-12195.6
370	5.9499e-05	-12371.2
371	5.9499e-05	-16098.6
372	5.9499e-05	-15019.1
373	5.9499e-05	-10865.9
374	5.9499e-05	-10433
375	5.9499e-05	-10470.1
376	5.9499e-05	-11746.3
377	5.9499e-05	-11522.4
378	5.9499e-05	-12302.8
379	5.9499e-05	-11601
380	5.9499e-05	-9983.72
381	5.9499e-05	-11881.4
382	5.9499e-05	-11561
383	5.9499e-05	-12916.1
384	5.9499e-05	-14804.4
385	5.9499e-05	-13655.2
386	5.9499e-05	-11784.8
387	5.9499e-05	-10609.2
388	5.9499e-05	-12671.3
389	5.9499e-05	-12049.6
390	5.9499e-05	-11587
391	5.9499e-05	-12424.5
392	5.9499e-05	-11467.5
393	5.9499e-05	-12196
394	5.9499e-05	-12321.6
395	5.9499e-05	-11448.4
396	5.9499e-05	-15813.9
397	5.9499e-05	-11980.1
398	5.9499e-05	-10847.6
399	5.9499e-05	-11632.4
400	5.9499e-05	-13107.5
401	5.9499e-05	-12335.7
402	5.9499e-05	-14284.6
403	5.9499e-05	-11503.4
404	5.9499e-05	-11881.1
405	5.9499e-05	-13058.9
406	5.9499e-05	-12714.7
407	5.9499e-05	-17376
408	5.9499e-05	-15838.6
409	5.9499e-05	-12936.1
410	5.9499e-05	-13856.7
411	5.9499e-05	-13276.5
412	5.9499e-05	-12617.4
413	5.9499e-05	-11071.6
414	5.9499e-05	-11482.7
415	5.9499e-05	-11971.2
416	5.9499e-05	-11814.5
417	5.9499e-05	-10708.7
418	5.9499e-05	-10276
419	5.9499e-05	-9903.11
420	5.9499e-05	-10617.3
421	5.9499e-05	-13236
422	5.9499e-05	-13108.2
423	5.9499e-05	-15291.9
424	5.9499e-05	-12812.5
425	5.9499e-05	-9852.28
426	5.9499e-05	-10176.6
427	5.9499e-05	-10767.8
428	5.9499e-05	-13520.6
429	5.9499e-05	-11311
430	5.9499e-05	-10956.1
431	5.9499e-05	-11311
432	5.9499e-05	-11914
433	5.9499e-05	-11412.7
434	5.9499e-05	-12980.5
435	5.9499e-05	-10378.2
436	5.9499e-05	-12020.5
437	5.9499e-05	-14040.5
438	5.9499e-05	-14611.6
439	5.9499e-05	-11602.4
440	5.9499e-05	-15501.4
441	5.9499e-05	-13527.5
442	5.9499e-05	-12176.5
443	5.9499e-05	-14176.7
444	5.9499e-05	-13605
445	5.9499e-05	-12361.1
446	5.9499e-05	-12309.6
447	5.9499e-05	-12306.9
448	5.9499e-05	-13534.2
449	5.9499e-05	-11165.2
450	5.9499e-05	-10040.3
451	5.9499e-05	-12596.1
452	5.9499e-05	-13054.1
453	5.9499e-05	-14597.7
454	5.9499e-05	-15669.3
455	5.9499e-05	-14385.4
456	5.9499e-05	-15403.5
457	5.9499e-05	-11664.1
458	5.9499e-05	-11325.7
459	5.9499e-05	-11089.4
460	5.9499e-05	-12116.8
461	5.9499e-05	-11744.1
462	5.9499e-05	-12261
463	5.9499e-05	-12881.4
464	5.9499e-05	-11925.9
465	5.9499e-05	-13522.6
466	5.9499e-05	-11917.9
467	5.9499e-05	-11616.4
468	5.9499e-05	-12285.5
469	5.9499e-05	-17084.8
470	5.9499e-05	-17839
471	5.9499e-05	-13330.2
472	5.9499e-05	-11149.1
473	5.9499e-05	-15922.4
474	5.9499e-05	-12452
475	5.9499e-05	-11513.6
476	5.9499e-05	-12281.3
477	5.9499e-05	-10026.3
478	5.9499e-05	-11548.3
479	5.9499e-05	-11495.5
480	5.9499e-05	-15124.7
481	5.9499e-05	-13093.3
482	5.9499e-05	-13361
483	5.9499e-05	-13692.5
484	5.9499e-05	-14554.1
485	5.9499e-05	-13241.8
486	5.9499e-05	-15522.8
487	5.9499e-05	-14521.6
488	5.9499e-05	-12433.4
489	5.9499e-05	-11196.1
490	5.9499e-05	-13007.4
491	5.9499e-05	-11344.6
492	5.9499e-05	-10214.6
493	5.9499e-05	-10754.3
494	5.9499e-05	-11512.5
495	5.9499e-05	-12261.9
496	5.9499e-05	-12800
497	5.9499e-05	-12232.8
498	5.9499e-05	-14854.9
499	5.9499e-05	-14669.6
500	5.9499e-05	-11719
501	5.9499e-05	-11453.1
502	5.9499e-05	-12255.3
503	5.9499e-05	-11308.7
504	5.9499e-05	-10839.2
505	5.9499e-05	-11057.7
506	5.9499e-05	-13639.4
507	5.9499e-05	-15021
508	5.9499e-05	-12011.2
509	5.9499e-05	-10396.7
510	5.9499e-05	-10440.8
511	5.9499e-05	-11971.1
512	5.9499e-05	-12691.1
513	5.9499e-05	-12915.3
514	5.9499e-05	-12473.5
515	5.9499e-05	-14223.6
516	5.9499e-05	-11071.6
517	5.9499e-05	-13178.6
518	5.9499e-05	-11978.2
519	5.9499e-05	-12551.3
520	5.9499e-05	-12244.6
521	5.9499e-05	-13294.9
522	5.9499e-05	-11771.8
523	5.9499e-05	-12033.1
524	5.9499e-05	-11936.1
525	5.9499e-05	-11660.2
526	5.9499e-05	-13472.8
527	5.9499e-05	-11463.5
528	5.9499e-05	-11166.8
529	5.9499e-05	-11547.6
530	5.9499e-05	-11911.5
531	5.9499e-05	-10262.9
532	5.9499e-05	-11627.6
533	5.9499e-05	-10820.8
534	5.9499e-05	-12971.3
535	5.9499e-05	-13202.2
536	5.9499e-05	-11857.4
537	5.9499e-05	-13458.6
538	5.9499e-05	-12902.1
539	5.9499e-05	-13223.1
540	5.9499e-05	-13897.8
541	5.9499e-05	-11806.5
542	5.9499e-05	-11484.2
543	5.9499e-05	-11017.7
544	5.9499e-05	-11335.1
545	5.9499e-05	-12541
546	5.9499e-05	-12192.8
547	5.9499e-05	-12606.7
548	5.9499e-05	-11973.1
549	5.9499e-05	-11753.7
550	5.9499e-05	-11632.7
551	5.9499e-05	-11917.6
552	5.9499e-05	-11360.8
553	5.9499e-05	-11938.6
554	5.9499e-05	-11477.7
555	5.9499e-05	-10886.1
556	5.9499e-05	-11345.3
557	5.9499e-05	-12579.6
558	5.9499e-05	-11434.7
559	5.9499e-05	-12725.3
560	5.9499e-05	-11592.8
561	5.9499e-05	-11142.3
562	5.9499e-05	-12303.8
563	5.9499e-05	-11486.7
564	5.9499e-05	-15124.8
565	5.9499e-05	-11535.2
566	5.9499e-05	-12825.3
567	5.9499e-05	-10998
568	5.9499e-05	-10971.8
569	5.9499e-05	-12429.1
570	5.9499e-05	-12958.2
571	5.9499e-05	-13722.6
572	5.9499e-05	-15820.4
573	5.9499e-05	-14006.4
574	5.9499e-05	-14046.6
575	5.9499e-05	-16738.8
576	5.9499e-05	-13546
577	5.9499e-05	-16338
578	5.9499e-05	-13176.9
579	5.9499e-05	-13247.1
580	5.9499e-05	-12882
581	5.9499e-05	-11698.8
582	5.9499e-05	-12149.8
583	5.9499e-05	-12644.9
584	5.9499e-05	-11801.8
585	5.9499e-05	-12170.7
586	5.9499e-05	-10660.9
587	5.9499e-05	-10748
588	5.9499e-05	-12390.2
589	5.9499e-05	-11522.5
590	5.9499e-05	-11608.6
591	5.9499e-05	-11402.4
592	5.9499e-05	-10226.3
593	5.9499e-05	-13549.3
594	5.9499e-05	-13057.2
595	5.9499e-05	-13837.5
596	5.9499e-05	-11134.9
597	5.9499e-05	-12446.1
598	5.9499e-05	-14224.7
599	5.9499e-05	-12641
600	5.9499e-05	-11618.3
601	5.9499e-05	-11944.8
602	5.9499e-05	-13725.9
603	5.9499e-05	-13333.4
604	5.9499e-05	-13410.9
605	5.9499e-05	-13331.6
606	5.9499e-05	-15683
607	5.9499e-05	-13420.4
608	5.9499e-05	-11923.1
609	5.9499e-05	-10692.6
610	5.9499e-05	-11208.1
611	5.9499e-05	-10860.4
612	5.9499e-05	-11126
613	5.9499e-05	-12323.4
614	5.9499e-05	-11172.2
615	5.9499e-05	-12141.9
616	5.9499e-05	-12309.6
617	5.9499e-05	-12497.1
618	5.9499e-05	-14362.2
619	5.9499e-05	-14426.5
620	5.9499e-05	-12781
621	5.9499e-05	-12250.3
622	5.9499e-05	-12030.5
623	5.9499e-05	-16598.8
624	5.9499e-05	-15292.6
625	5.9499e-05	-15346.7
626	5.9499e-05	-15762.6
627	5.9499e-05	-13104.3
628	5.9499e-05	-12529.9
629	5.9499e-05	-13568.5
630	5.9499e-05	-10652.7
631	5.9499e-05	-13163
632	5.9499e-05	-10687.1
633	5.9499e-05	-12083.1
634	5.9499e-05	-11081.5
635	5.9499e-05	-11686.9
636	5.9499e-05	-12214
637	5.9499e-05	-11757.1
638	5.9499e-05	-11017.2
639	5.9499e-05	-10943.8
640	5.9499e-05	-10999.5
641	5.9499e-05	-12409.1
642	5.9499e-05	-10803.8
643	5.9499e-05	-11534.2
644	5.9499e-05	-11989.2
645	5.9499e-05	-12095.3
646	5.9499e-05	-14365.4
647	5.9499e-05	-11810.1
648	5.9499e-05	-12476.2
649	5.9499e-05	-12441.5
650	5.9499e-05	-12015.2
651	5.9499e-05	-11986.6
652	5.9499e-05	-12482.9
653	5.9499e-05	-12090.1
654	5.9499e-05	-11726.2
655	5.9499e-05	-10644.4
656	5.9499e-05	-10053.5
657	5.9499e-05	-10967.8
658	5.9499e-05	-11001.6
659	5.9499e-05	-11664.8
660	5.9499e-05	-12051.4
661	5.9499e-05	-11926.2
662	5.9499e-05	-12440.2
663	5.9499e-05	-11722.7
664	5.9499e-05	-10825.1
665	5.9499e-05	-10040.3
666	5.9499e-05	-12216.6
667	5.9499e-05	-11347.8
668	5.9499e-05	-12386.1
669	5.9499e-05	-13456.2
670	5.9499e-05	-10945.9
671	5.9499e-05	-12969.9
672	5.9499e-05	-13158.2
673	5.9499e-05	-10754.5
674	5.9499e-05	-10885.5
675	5.9499e-05	-12018.7
676	5.9499e-05	-11472.3
677	5.9499e-05	-10867.8
678	5.9499e-05	-13056.7
679	5.9499e-05	-12125.2
680	5.9499e-05	-12892.2
681	5.9499e-05	-11641.9
682	5.9499e-05	-12393.1
683	5.9499e-05	-11098.4
684	5.9499e-05	-10915.5
685	5.9499e-05	-12359.8
686	5.9499e-05	-11931.8
687	5.9499e-05	-13815.4
688	5.9499e-05	-12845.2
689	5.9499e-05	-13337.3
690	5.9499e-05	-10580.7
691	5.9499e-05	-13949.8
692	5.9499e-05	-14226.7
693	5.9499e-05	-14647.3
694	5.9499e-05	-13753.9
695	5.9499e-05	-11858.3
696	5.9499e-05	-12342
697	5.9499e-05	-11869.9
698	5.9499e-05	-11509.9
699	5.9499e-05	-11358
700	5.9499e-05	-11567.5
701	5.9499e-05	-10337.9
702	5.9499e-05	-11001
703	5.9499e-05	-12338.7
704	5.9499e-05	-14057.7
705	5.9499e-05	-13451
706	5.9499e-05	-13820.4
707	5.9499e-05	-13240.1
708	5.9499e-05	-12504.6
709	5.9499e-05	-13011.1
710	5.9499e-05	-12534.9
711	5.9499e-05	-12441.5
712	5.9499e-05	-13067.4
713	5.9499e-05	-11664.7
714	5.9499e-05	-11931.5
715	5.9499e-05	-11549.2
716	5.9499e-05	-11969.6
717	5.9499e-05	-11166.8
718	5.9499e-05	-11606.4
719	5.9499e-05	-12937
720	5.9499e-05	-11510.4
721	5.9499e-05	-10957.5
722	5.9499e-05	-13300.3
723	5.9499e-05	-11598
724	5.9499e-05	-13896.3
725	5.9499e-05	-13770.1
726	5.9499e-05	-11749.5
727	5.9499e-05	-12598
728	5.9499e-05	-12557.8
729	5.9499e-05	-10876.4
730	5.9499e-05	-12693
731	5.9499e-05	-13119.9
732	5.9499e-05	-13433.1
733	5.9499e-05	-13248.9
734	5.9499e-05	-13816.6
735	5.9499e-05	-11543.5
736	5.9499e-05	-11273.5
737	5.9499e-05	-11746.2
738	5.9499e-05	-18440.9
739	5.9499e-05	-19966
740	5.9499e-05	-15289.4
741	5.9499e-05	-12846.6
742	5.9499e-05	-12826.1
743	5.9499e-05	-13026.5
744	5.9499e-05	-11449.4
745	5.9499e-05	-12471.4
746	5.9499e-05	-11665.8
747	5.9499e-05	-11691.7
748	5.9499e-05	-10256.4
749	5.9499e-05	-12188.1
750	5.9499e-05	-11830.5
751	5.9499e-05	-10714.9
752	5.9499e-05	-11987.1
753	5.9499e-05	-12406.8
754	5.9499e-05	-12171.9
755	5.9499e-05	-13236.8
756	5.9499e-05	-12828.7
757	5.9499e-05	-10479.9
758	5.9499e-05	-9652.95
759	5.9499e-05	-12973
760	5.9499e-05	-13650.8
761	5.9499e-05	-13595.3
762	5.9499e-05	-13738
763	5.9499e-05	-15634.6
764	5.9499e-05	-15058.8
765	5.9499e-05	-12272.3
766	5.9499e-05	-12777.9
767	5.9499e-05	-10756.5
768	5.9499e-05	-11119.9
769	5.9499e-05	-13028.1
770	5.9499e-05	-13308.8
771	5.9499e-05	-13280.4
772	5.9499e-05	-12595.5
773	5.9499e-05	-10981.6
774	5.9499e-05	-13960.2
775	5.9499e-05	-14502.6
776	5.9499e-05	-18589.6
777	5.9499e-05	-17604.8
778	5.9499e-05	-12269.7
779	5.9499e-05	-14045.1
780	5.9499e-05	-11456.7
781	5.9499e-05	-11657
782	5.9499e-05	-11596.2
783	5.9499e-05	-10768.8
784	5.9499e-05	-12452.8
785	5.9499e-05	-13765.8
786	5.9499e-05	-14907.6
787	5.9499e-05	-13903.3
788	5.9499e-05	-14058.5
789	5.9499e-05	-15179
790	5.9499e-05	-11648.3
791	5.9499e-05	-13559.6
792	5.9499e-05	-11678.9
793	5.9499e-05	-11186.3
794	5.9499e-05	-11448.9
795	5.9499e-05	-10657.3
796	5.9499e-05	-13377.3
797	5.9499e-05	-14325.3
798	5.9499e-05	-15430.1
799	5.9499e-05	-12955.8
800	5.9499e-05	-14269.6
801	5.9499e-05	-14445.4
802	5.9499e-05	-14038.5
803	5.9499e-05	-11030.9
804	5.9499e-05	-10296.8
805	5.9499e-05	-11705.8
806	5.9499e-05	-10519.1
807	5.9499e-05	-11792.3
808	5.9499e-05	-11986
809	5.9499e-05	-12331.4
810	5.9499e-05	-11932.4
811	5.9499e-05	-11088.9
812	5.9499e-05	-10706.1
813	5.9499e-05	-10812
814	5.9499e-05	-12749.9
815	5.9499e-05	-13358.3
816	5.9499e-05	-12579.7
817	5.9499e-05	-12893.5
818	5.9499e-05	-12489.6
819	5.9499e-05	-13590.4
820	5.9499e-05	-14198.4
821	5.9499e-05	-12311.4
822	5.9499e-05	-13058.1
823	5.9499e-05	-14804
824	5.9499e-05	-16291.4
825	5.9499e-05	-12033.7
826	5.9499e-05	-13967.3
827	5.9499e-05	-11439.1
828	5.9499e-05	-12608.4
829	5.9499e-05	-12328.7
830	5.9499e-05	-11350.2
831	5.9499e-05	-11638
832	5.9499e-05	-12567.3
833	5.9499e-05	-13168.4
834	5.9499e-05	-14999.7
835	5.9499e-05	-10783.2
836	5.9499e-05	-11583.5
837	5.9499e-05	-13489.1
838	5.9499e-05	-13364.3
839	5.9499e-05	-13430.3
840	5.9499e-05	-13076.6
841	5.9499e-05	-16933.6
842	5.9499e-05	-13341.9
843	5.9499e-05	-13992.6
844	5.9499e-05	-12171.5
845	5.9499e-05	-11639.6
846	5.9499e-05	-12320.6
847	5.9499e-05	-12595
848	5.9499e-05	-11940.4
849	5.9499e-05	-10456.9
850	5.9499e-05	-10530.5
851	5.9499e-05	-11024.9
852	5.9499e-05	-10736.8
853	5.9499e-05	-11234.3
854	5.9499e-05	-12772.2
855	5.9499e-05	-13087.3
856	5.9499e-05	-10555.5
857	5.9499e-05	-11048.7
858	5.9499e-05	-10712.9
859	5.9499e-05	-11668.7
860	5.9499e-05	-10609
861	5.9499e-05	-11939
862	5.9499e-05	-10434
863	5.9499e-05	-11293.3
864	5.9499e-05	-13843.9
865	5.9499e-05	-13589.2
866	5.9499e-05	-14828.9
867	5.9499e-05	-16199.9
868	5.9499e-05	-14595.5
869	5.9499e-05	-14385.8
870	5.9499e-05	-12963.2
871	5.9499e-05	-12922.2
872	5.9499e-05	-13443.1
873	5.9499e-05	-17173.4
874	5.9499e-05	-14804.4
875	5.9499e-05	-14677.8
876	5.9499e-05	-15973.7
877	5.9499e-05	-14181.1
878	5.9499e-05	-11698
879	5.9499e-05	-11301.8
880	5.9499e-05	-12979.6
881	5.9499e-05	-15181.1
882	5.9499e-05	-13442.9
883	5.9499e-05	-14328.2
884	5.9499e-05	-12480.2
885	5.9499e-05	-13875.7
886	5.9499e-05	-13576.6
887	5.9499e-05	-14913.8
888	5.9499e-05	-11628.2
889	5.9499e-05	-11981.6
890	5.9499e-05	-10057.9
891	5.9499e-05	-11014.7
892	5.9499e-05	-11747
893	5.9499e-05	-13678.8
894	5.9499e-05	-12277.1
895	5.9499e-05	-13539.9
896	5.9499e-05	-11846.8
897	5.9499e-05	-12652
898	5.9499e-05	-9982.48
899	5.9499e-05	-14184.3
900	5.9499e-05	-14255.5
901	5.9499e-05	-15882.1
902	5.9499e-05	-14467.8
903	5.9499e-05	-11312.4
904	5.9499e-05	-10598.3
905	5.9499e-05	-10839.8
906	5.9499e-05	-12428.6
907	5.9499e-05	-11498
908	5.9499e-05	-12182.2
909	5.9499e-05	-12091.4
910	5.9499e-05	-13798.1
911	5.9499e-05	-11156.5
912	5.9499e-05	-10983.4
913	5.9499e-05	-11405.5
914	5.9499e-05	-11542.3
915	5.9499e-05	-10977.5
916	5.9499e-05	-12953
917	5.9499e-05	-11150.1
918	5.9499e-05	-10547.7
919	5.9499e-05	-11419.3
920	5.9499e-05	-14135.3
921	5.9499e-05	-13450.5
922	5.9499e-05	-12423.9
923	5.9499e-05	-11178.3
924	5.9499e-05	-13704.2
925	5.9499e-05	-13565.1
926	5.9499e-05	-13977.7
927	5.9499e-05	-10873.9
928	5.9499e-05	-11049.2
929	5.9499e-05	-14499.8
930	5.9499e-05	-14849.1
931	5.9499e-05	-13114
932	5.9499e-05	-11449.9
933	5.9499e-05	-14842.3
934	5.9499e-05	-10641.6
935	5.9499e-05	-10877.6
936	5.9499e-05	-11608
937	5.9499e-05	-11397.5
938	5.9499e-05	-12274.1
939	5.9499e-05	-10703.1
940	5.9499e-05	-10686.1
941	5.9499e-05	-12043.3
942	5.9499e-05	-11523.9
943	5.9499e-05	-10795.9
944	5.9499e-05	-12007.3
945	5.9499e-05	-13518.6
946	5.9499e-05	-11063.4
947	5.9499e-05	-11788.4
948	5.9499e-05	-12021
949	5.9499e-05	-11675.2
950	5.9499e-05	-10719
951	5.9499e-05	-12596.8
952	5.9499e-05	-11544.4
953	5.9499e-05	-9847.37
954	5.9499e-05	-10804.8
955	5.9499e-05	-11577
956	5.9499e-05	-11152.8
957	5.9499e-05	-12132.3
958	5.9499e-05	-11762.8
959	5.9499e-05	-11306.8
960	5.9499e-05	-10607
961	5.9499e-05	-10207.2
962	5.9499e-05	-10692
963	5.9499e-05	-10403.2
964	5.9499e-05	-10993.3
965	5.9499e-05	-11571.1
966	5.9499e-05	-12776.9
967	5.9499e-05	-12521.9
968	5.9499e-05	-11230.3
969	5.9499e-05	-12721.2
970	5.9499e-05	-13969.6
971	5.9499e-05	-14465.1
972	5.9499e-05	-13340.6
973	5.9499e-05	-12140
974	5.9499e-05	-12721.7
975	5.9499e-05	-11403.9
976	5.9499e-05	-12931.9
977	5.9499e-05	-10947.4
978	5.9499e-05	-12223.8
979	5.9499e-05	-14664.6
980	5.9499e-05	-12467.2
981	5.9499e-05	-13538.5
982	5.9499e-05	-12992.4
983	5.9499e-05	-11624.7
984	5.9499e-05	-10401.9
985	5.9499e-05	-10806.2
986	5.9499e-05	-12316.5
987	5.9499e-05	-12280.5
988	5.9499e-05	-14516.6
989	5.9499e-05	-15472
990	5.9499e-05	-14549.4
991	5.9499e-05	-13538.9
992	5.9499e-05	-13477.2
993	5.9499e-05	-12018.5
994	5.9499e-05	-12193.6
995	5.9499e-05	-11605.1
996	5.9499e-05	-12555.1
997	5.9499e-05	-12357
998	5.9499e-05	-11800.7
999	5.9499e-05	-10947.2
1000	5.9499e-05	-10941.6
