state	power	likelihood
251	3.6251e-06	-12095.6
252	3.6251e-06	-12250.9
253	3.6251e-06	-12145.2
254	3.6251e-06	-11829.3
255	3.6251e-06	-12553.3
256	3.6251e-06	-13447.5
257	3.6251e-06	-12450.7
258	3.6251e-06	-12943.1
259	3.6251e-06	-11855.2
260	3.6251e-06	-10848.2
261	3.6251e-06	-10474.6
262	3.6251e-06	-10223.2
263	3.6251e-06	-11229
264	3.6251e-06	-11437.3
265	3.6251e-06	-13134.4
266	3.6251e-06	-13791
267	3.6251e-06	-14230.5
268	3.6251e-06	-11944
269	3.6251e-06	-12190.4
270	3.6251e-06	-11782.6
271	3.6251e-06	-11618.1
272	3.6251e-06	-11443.1
273	3.6251e-06	-14179.4
274	3.6251e-06	-15044.3
275	3.6251e-06	-11393.2
276	3.6251e-06	-12070.8
277	3.6251e-06	-12385
278	3.6251e-06	-11451.9
279	3.6251e-06	-13987.2
280	3.6251e-06	-12302.9
281	3.6251e-06	-12206.9
282	3.6251e-06	-11215.4
283	3.6251e-06	-12766.2
284	3.6251e-06	-11542.1
285	3.6251e-06	-11620
286	3.6251e-06	-14473.5
287	3.6251e-06	-11315.7
288	3.6251e-06	-11041.7
289	3.6251e-06	-12964.5
290	3.6251e-06	-11509
291	3.6251e-06	-11197.7
292	3.6251e-06	-11109.5
293	3.6251e-06	-10996.7
294	3.6251e-06	-11155.2
295	3.6251e-06	-13123.4
296	3.6251e-06	-13165.9
297	3.6251e-06	-13338.7
298	3.6251e-06	-10520.6
299	3.6251e-06	-13946.8
300	3.6251e-06	-13483.4
301	3.6251e-06	-12896.9
302	3.6251e-06	-14400.3
303	3.6251e-06	-13767.9
304	3.6251e-06	-13745.5
305	3.6251e-06	-11797.2
306	3.6251e-06	-11738.8
307	3.6251e-06	-11893.9
308	3.6251e-06	-12506.9
309	3.6251e-06	-12883.8
310	3.6251e-06	-11742.5
311	3.6251e-06	-10685.2
312	3.6251e-06	-11509.9
313	3.6251e-06	-12047.7
314	3.6251e-06	-11037.8
315	3.6251e-06	-11606.7
316	3.6251e-06	-11376.4
317	3.6251e-06	-12558.4
318	3.6251e-06	-14655.9
319	3.6251e-06	-17000
320	3.6251e-06	-16031.7
321	3.6251e-06	-14024.8
322	3.6251e-06	-11786.5
323	3.6251e-06	-12213.4
324	3.6251e-06	-13130.3
325	3.6251e-06	-13706.2
326	3.6251e-06	-11979.4
327	3.6251e-06	-11276.5
328	3.6251e-06	-11966.6
329	3.6251e-06	-10881.7
330	3.6251e-06	-12770.8
331	3.6251e-06	-12651.4
332	3.6251e-06	-10882.8
333	3.6251e-06	-12072.5
334	3.6251e-06	-12955.1
335	3.6251e-06	-12849
336	3.6251e-06	-12242.8
337	3.6251e-06	-11878
338	3.6251e-06	-10822.6
339	3.6251e-06	-10965.8
340	3.6251e-06	-12084
341	3.6251e-06	-11251.3
342	3.6251e-06	-11587.4
343	3.6251e-06	-12091
344	3.6251e-06	-12769.9
345	3.6251e-06	-11507.5
346	3.6251e-06	-13067.1
347	3.6251e-06	-12186.2
348	3.6251e-06	-10983.8
349	3.6251e-06	-12517.1
350	3.6251e-06	-15063.6
351	3.6251e-06	-16032.6
352	3.6251e-06	-12005
353	3.6251e-06	-14108.3
354	3.6251e-06	-14666.7
355	3.6251e-06	-12530.7
356	3.6251e-06	-15160.6
357	3.6251e-06	-12360.6
358	3.6251e-06	-13029.1
359	3.6251e-06	-10999.1
360	3.6251e-06	-12711.2
361	3.6251e-06	-14760.8
362	3.6251e-06	-13626.9
363	3.6251e-06	-10266.1
364	3.6251e-06	-11739.3
365	3.6251e-06	-14165.6
366	3.6251e-06	-16504.2
367	3.6251e-06	-14816.2
368	3.6251e-06	-13673.5
369	3.6251e-06	-14622.7
370	3.6251e-06	-14328.5
371	3.6251e-06	-11813.7
372	3.6251e-06	-13993.7
373	3.6251e-06	-11993.7
374	3.6251e-06	-11435.5
375	3.6251e-06	-11793.7
376	3.6251e-06	-14046.7
377	3.6251e-06	-11289.2
378	3.6251e-06	-11350.4
379	3.6251e-06	-11140.5
380	3.6251e-06	-12498.1
381	3.6251e-06	-12170.4
382	3.6251e-06	-12477.4
383	3.6251e-06	-11342.4
384	3.6251e-06	-11697.1
385	3.6251e-06	-11705.4
386	3.6251e-06	-11035.1
387	3.6251e-06	-11509.9
388	3.6251e-06	-10737
389	3.6251e-06	-12585.4
390	3.6251e-06	-13218.6
391	3.6251e-06	-13860.7
392	3.6251e-06	-11525
393	3.6251e-06	-11815.3
394	3.6251e-06	-12043.8
395	3.6251e-06	-11732.5
396	3.6251e-06	-11576.5
397	3.6251e-06	-11393.1
398	3.6251e-06	-11900.4
399	3.6251e-06	-12219.5
400	3.6251e-06	-12828.7
401	3.6251e-06	-12224.6
402	3.6251e-06	-12179.9
403	3.6251e-06	-12387.5
404	3.6251e-06	-14648.2
405	3.6251e-06	-15824.8
406	3.6251e-06	-14200.5
407	3.6251e-06	-13856.4
408	3.6251e-06	-11806.4
409	3.6251e-06	-11620.9
410	3.6251e-06	-15122.5
411	3.6251e-06	-11291.9
412	3.6251e-06	-10603.8
413	3.6251e-06	-10466.2
414	3.6251e-06	-11089.5
415	3.6251e-06	-12377.3
416	3.6251e-06	-16816.8
417	3.6251e-06	-11907.6
418	3.6251e-06	-13530.9
419	3.6251e-06	-12500.9
420	3.6251e-06	-12250.4
421	3.6251e-06	-14408.2
422	3.6251e-06	-12427.7
423	3.6251e-06	-13744.1
424	3.6251e-06	-12190.6
425	3.6251e-06	-11779.3
426	3.6251e-06	-10225.9
427	3.6251e-06	-10579.1
428	3.6251e-06	-10071.6
429	3.6251e-06	-10039.8
430	3.6251e-06	-10171.5
431	3.6251e-06	-12325.5
432	3.6251e-06	-13436.7
433	3.6251e-06	-11720.4
434	3.6251e-06	-11938.6
435	3.6251e-06	-13473.9
436	3.6251e-06	-11114.2
437	3.6251e-06	-13271.9
438	3.6251e-06	-11399.9
439	3.6251e-06	-10967.5
440	3.6251e-06	-11169.5
441	3.6251e-06	-12455.8
442	3.6251e-06	-12146.5
443	3.6251e-06	-19327.4
444	3.6251e-06	-14810.9
445	3.6251e-06	-14377
446	3.6251e-06	-13957.2
447	3.6251e-06	-15321.6
448	3.6251e-06	-13832
449	3.6251e-06	-17474
450	3.6251e-06	-15205.4
451	3.6251e-06	-14347.4
452	3.6251e-06	-13206.1
453	3.6251e-06	-14734.4
454	3.6251e-06	-11180
455	3.6251e-06	-13395.2
456	3.6251e-06	-12381.9
457	3.6251e-06	-13487.8
458	3.6251e-06	-11421.2
459	3.6251e-06	-11842.6
460	3.6251e-06	-11277.1
461	3.6251e-06	-11051
462	3.6251e-06	-11703.4
463	3.6251e-06	-12313.2
464	3.6251e-06	-10690.9
465	3.6251e-06	-10738.7
466	3.6251e-06	-12561.5
467	3.6251e-06	-11926.7
468	3.6251e-06	-10486.6
469	3.6251e-06	-10751
470	3.6251e-06	-12565.3
471	3.6251e-06	-12668.5
472	3.6251e-06	-14230.9
473	3.6251e-06	-14398.7
474	3.6251e-06	-12722.9
475	3.6251e-06	-13443.7
476	3.6251e-06	-12160.5
477	3.6251e-06	-12179.3
478	3.6251e-06	-11520.2
479	3.6251e-06	-14028.6
480	3.6251e-06	-14476.4
481	3.6251e-06	-12176.4
482	3.6251e-06	-12524.7
483	3.6251e-06	-12478.2
484	3.6251e-06	-12686.3
485	3.6251e-06	-13597.9
486	3.6251e-06	-13949
487	3.6251e-06	-12776.7
488	3.6251e-06	-13620.9
489	3.6251e-06	-13470.2
490	3.6251e-06	-11774.7
491	3.6251e-06	-12712.8
492	3.6251e-06	-13644.5
493	3.6251e-06	-14281.5
494	3.6251e-06	-12463.1
495	3.6251e-06	-12139.7
496	3.6251e-06	-11710.6
497	3.6251e-06	-11119
498	3.6251e-06	-12732.6
499	3.6251e-06	-10977.3
500	3.6251e-06	-12183.2
501	3.6251e-06	-11387.7
502	3.6251e-06	-13124.3
503	3.6251e-06	-13023.8
504	3.6251e-06	-10717.3
505	3.6251e-06	-11608.6
506	3.6251e-06	-12034.2
507	3.6251e-06	-11307
508	3.6251e-06	-10986.7
509	3.6251e-06	-11948.7
510	3.6251e-06	-12793.2
511	3.6251e-06	-11322.7
512	3.6251e-06	-11307.2
513	3.6251e-06	-10751.6
514	3.6251e-06	-12060.3
515	3.6251e-06	-11155
516	3.6251e-06	-11700.4
517	3.6251e-06	-11015.8
518	3.6251e-06	-11463.1
519	3.6251e-06	-10471.5
520	3.6251e-06	-11924.2
521	3.6251e-06	-14335.6
522	3.6251e-06	-12487.5
523	3.6251e-06	-11741.9
524	3.6251e-06	-11885.2
525	3.6251e-06	-13889.4
526	3.6251e-06	-14486.8
527	3.6251e-06	-13212.6
528	3.6251e-06	-11225.2
529	3.6251e-06	-14225.3
530	3.6251e-06	-15574.6
531	3.6251e-06	-15342.7
532	3.6251e-06	-17911.1
533	3.6251e-06	-14691.6
534	3.6251e-06	-15324.4
535	3.6251e-06	-13350.7
536	3.6251e-06	-11678.7
537	3.6251e-06	-10296.1
538	3.6251e-06	-10866.7
539	3.6251e-06	-10793.5
540	3.6251e-06	-11085.7
541	3.6251e-06	-10926.3
542	3.6251e-06	-11867.9
543	3.6251e-06	-11842.4
544	3.6251e-06	-11650.9
545	3.6251e-06	-11217.3
546	3.6251e-06	-12204.5
547	3.6251e-06	-13371.6
548	3.6251e-06	-11796.2
549	3.6251e-06	-12000.7
550	3.6251e-06	-10463.4
551	3.6251e-06	-12694.5
552	3.6251e-06	-12323.4
553	3.6251e-06	-11122.4
554	3.6251e-06	-12012.1
555	3.6251e-06	-11754.8
556	3.6251e-06	-10801.7
557	3.6251e-06	-13284.8
558	3.6251e-06	-11021.2
559	3.6251e-06	-12606.6
560	3.6251e-06	-13783.2
561	3.6251e-06	-11418.1
562	3.6251e-06	-12282.8
563	3.6251e-06	-12204.7
564	3.6251e-06	-11834.3
565	3.6251e-06	-10923.6
566	3.6251e-06	-12899.4
567	3.6251e-06	-12002.2
568	3.6251e-06	-12434
569	3.6251e-06	-10966.7
570	3.6251e-06	-13845.8
571	3.6251e-06	-11009.8
572	3.6251e-06	-11096.2
573	3.6251e-06	-11845.3
574	3.6251e-06	-11372.5
575	3.6251e-06	-12579.5
576	3.6251e-06	-13862.4
577	3.6251e-06	-13219.7
578	3.6251e-06	-12763.3
579	3.6251e-06	-13316.7
580	3.6251e-06	-11938.4
581	3.6251e-06	-11706.5
582	3.6251e-06	-11788.9
583	3.6251e-06	-11682.8
584	3.6251e-06	-11555.9
585	3.6251e-06	-12674.8
586	3.6251e-06	-12247.5
587	3.6251e-06	-11822.2
588	3.6251e-06	-12736.9
589	3.6251e-06	-12295.3
590	3.6251e-06	-11312.6
591	3.6251e-06	-11704.1
592	3.6251e-06	-10610.9
593	3.6251e-06	-10316.5
594	3.6251e-06	-12040.8
595	3.6251e-06	-12152.6
596	3.6251e-06	-14209
597	3.6251e-06	-12495.7
598	3.6251e-06	-12878.4
599	3.6251e-06	-13222.6
600	3.6251e-06	-13742.9
601	3.6251e-06	-13602.5
602	3.6251e-06	-12883.5
603	3.6251e-06	-11950.4
604	3.6251e-06	-12137.1
605	3.6251e-06	-11374.3
606	3.6251e-06	-12748.1
607	3.6251e-06	-11916.5
608	3.6251e-06	-12862.4
609	3.6251e-06	-13805.1
610	3.6251e-06	-13683.1
611	3.6251e-06	-12628.8
612	3.6251e-06	-16894
613	3.6251e-06	-17592.1
614	3.6251e-06	-17189.4
615	3.6251e-06	-17635.8
616	3.6251e-06	-15784.3
617	3.6251e-06	-16955.3
618	3.6251e-06	-13012.3
619	3.6251e-06	-13060.9
620	3.6251e-06	-13873.2
621	3.6251e-06	-11976
622	3.6251e-06	-11468.3
623	3.6251e-06	-12432.7
624	3.6251e-06	-11803.8
625	3.6251e-06	-11228.2
626	3.6251e-06	-12387.3
627	3.6251e-06	-13259.6
628	3.6251e-06	-12389.4
629	3.6251e-06	-12791.2
630	3.6251e-06	-11036.9
631	3.6251e-06	-11108.7
632	3.6251e-06	-9983.08
633	3.6251e-06	-11110.7
634	3.6251e-06	-10182.3
635	3.6251e-06	-10963.8
636	3.6251e-06	-9865.36
637	3.6251e-06	-11021.2
638	3.6251e-06	-13179.6
639	3.6251e-06	-11819.5
640	3.6251e-06	-12054
641	3.6251e-06	-11597.3
642	3.6251e-06	-13107.2
643	3.6251e-06	-10800.7
644	3.6251e-06	-11510.9
645	3.6251e-06	-12479
646	3.6251e-06	-12565.7
647	3.6251e-06	-12642.5
648	3.6251e-06	-12179.6
649	3.6251e-06	-11275
650	3.6251e-06	-14148.3
651	3.6251e-06	-13661.7
652	3.6251e-06	-12822.5
653	3.6251e-06	-11281.6
654	3.6251e-06	-11555.3
655	3.6251e-06	-11795.1
656	3.6251e-06	-12027.5
657	3.6251e-06	-12604.1
658	3.6251e-06	-13838.1
659	3.6251e-06	-10854.6
660	3.6251e-06	-12854.2
661	3.6251e-06	-13120.3
662	3.6251e-06	-12440.4
663	3.6251e-06	-11897.6
664	3.6251e-06	-11048.8
665	3.6251e-06	-12513.6
666	3.6251e-06	-13930.1
667	3.6251e-06	-11958
668	3.6251e-06	-13887.5
669	3.6251e-06	-14815.5
670	3.6251e-06	-19781.3
671	3.6251e-06	-14607.3
672	3.6251e-06	-16735.1
673	3.6251e-06	-15981.1
674	3.6251e-06	-15955.7
675	3.6251e-06	-12397.4
676	3.6251e-06	-12535
677	3.6251e-06	-12515.4
678	3.6251e-06	-12232.1
679	3.6251e-06	-11789.9
680	3.6251e-06	-11733.8
681	3.6251e-06	-11910.5
682	3.6251e-06	-12071
683	3.6251e-06	-13390
684	3.6251e-06	-12240.7
685	3.6251e-06	-11499.9
686	3.6251e-06	-12195.1
687	3.6251e-06	-12992.4
688	3.6251e-06	-16171.1
689	3.6251e-06	-15996.1
690	3.6251e-06	-12511.5
691	3.6251e-06	-13287.6
692	3.6251e-06	-12235.6
693	3.6251e-06	-11765.3
694	3.6251e-06	-12894
695	3.6251e-06	-11886.3
696	3.6251e-06	-14047.4
697	3.6251e-06	-13620.7
698	3.6251e-06	-13596.1
699	3.6251e-06	-14199.7
700	3.6251e-06	-12542.8
701	3.6251e-06	-13237.2
702	3.6251e-06	-11281
703	3.6251e-06	-11068.1
704	3.6251e-06	-12802.2
705	3.6251e-06	-12187.4
706	3.6251e-06	-10867.9
707	3.6251e-06	-11632.4
708	3.6251e-06	-12071.9
709	3.6251e-06	-13375.3
710	3.6251e-06	-13211.5
711	3.6251e-06	-13644.4
712	3.6251e-06	-11119.3
713	3.6251e-06	-11410.5
714	3.6251e-06	-12117.5
715	3.6251e-06	-12976.1
716	3.6251e-06	-12422.6
717	3.6251e-06	-10877.5
718	3.6251e-06	-11254.5
719	3.6251e-06	-11962.9
720	3.6251e-06	-11123.1
721	3.6251e-06	-11463.7
722	3.6251e-06	-11050
723	3.6251e-06	-10973.9
724	3.6251e-06	-13593.3
725	3.6251e-06	-14194.1
726	3.6251e-06	-12836.5
727	3.6251e-06	-11895.8
728	3.6251e-06	-13271.2
729	3.6251e-06	-11618.7
730	3.6251e-06	-15281.3
731	3.6251e-06	-14085.4
732	3.6251e-06	-14031.6
733	3.6251e-06	-15002.3
734	3.6251e-06	-11544.1
735	3.6251e-06	-14365.9
736	3.6251e-06	-14539
737	3.6251e-06	-10539.2
738	3.6251e-06	-12090.3
739	3.6251e-06	-13504
740	3.6251e-06	-11987.4
741	3.6251e-06	-11749.5
742	3.6251e-06	-11264
743	3.6251e-06	-10300.1
744	3.6251e-06	-12756.8
745	3.6251e-06	-13023.4
746	3.6251e-06	-12111
747	3.6251e-06	-13298.1
748	3.6251e-06	-13432.8
749	3.6251e-06	-16809.1
750	3.6251e-06	-12756.1
751	3.6251e-06	-15531.6
752	3.6251e-06	-12087.2
753	3.6251e-06	-11615
754	3.6251e-06	-16552.2
755	3.6251e-06	-14263
756	3.6251e-06	-14035.6
757	3.6251e-06	-13570.4
758	3.6251e-06	-11518.5
759	3.6251e-06	-11859
760	3.6251e-06	-11916.5
761	3.6251e-06	-15128.1
762	3.6251e-06	-13211.2
763	3.6251e-06	-11747.6
764	3.6251e-06	-13023.8
765	3.6251e-06	-11539.9
766	3.6251e-06	-11492.2
767	3.6251e-06	-12522.3
768	3.6251e-06	-12919.6
769	3.6251e-06	-14115
770	3.6251e-06	-13154.3
771	3.6251e-06	-13030.5
772	3.6251e-06	-12247.6
773	3.6251e-06	-11243.7
774	3.6251e-06	-11198.7
775	3.6251e-06	-11620
776	3.6251e-06	-11284.7
777	3.6251e-06	-10799.9
778	3.6251e-06	-10717.6
779	3.6251e-06	-10643.5
780	3.6251e-06	-10733.6
781	3.6251e-06	-11303
782	3.6251e-06	-11287.5
783	3.6251e-06	-10885.1
784	3.6251e-06	-12021.8
785	3.6251e-06	-13915.4
786	3.6251e-06	-14313.7
787	3.6251e-06	-14633.5
788	3.6251e-06	-14419.8
789	3.6251e-06	-12551.5
790	3.6251e-06	-13048.1
791	3.6251e-06	-12975.7
792	3.6251e-06	-12130.6
793	3.6251e-06	-12281.6
794	3.6251e-06	-12582.2
795	3.6251e-06	-12692.2
796	3.6251e-06	-11256.4
797	3.6251e-06	-11053
798	3.6251e-06	-17345.2
799	3.6251e-06	-21978.7
800	3.6251e-06	-20001.2
801	3.6251e-06	-13956.8
802	3.6251e-06	-13760.7
803	3.6251e-06	-11706.6
804	3.6251e-06	-11512.9
805	3.6251e-06	-11004.7
806	3.6251e-06	-11986.1
807	3.6251e-06	-13411.5
808	3.6251e-06	-12452.5
809	3.6251e-06	-11170.2
810	3.6251e-06	-14198.3
811	3.6251e-06	-12962.8
812	3.6251e-06	-13704.5
813	3.6251e-06	-11811
814	3.6251e-06	-11797.9
815	3.6251e-06	-12591.8
816	3.6251e-06	-15306.3
817	3.6251e-06	-15789.5
818	3.6251e-06	-15937.9
819	3.6251e-06	-12990.4
820	3.6251e-06	-12507.8
821	3.6251e-06	-12216.5
822	3.6251e-06	-12588.5
823	3.6251e-06	-12648.1
824	3.6251e-06	-11746.2
825	3.6251e-06	-12763
826	3.6251e-06	-15848.5
827	3.6251e-06	-13818.8
828	3.6251e-06	-13611.4
829	3.6251e-06	-16663.6
830	3.6251e-06	-14090.3
831	3.6251e-06	-13761.3
832	3.6251e-06	-13586
833	3.6251e-06	-12139.2
834	3.6251e-06	-13738.4
835	3.6251e-06	-12675.7
836	3.6251e-06	-13253.4
837	3.6251e-06	-14605.3
838	3.6251e-06	-11056.6
839	3.6251e-06	-10855.3
840	3.6251e-06	-11465.7
841	3.6251e-06	-11469.1
842	3.6251e-06	-11253.7
843	3.6251e-06	-11465.6
844	3.6251e-06	-11408.5
845	3.6251e-06	-12561.1
846	3.6251e-06	-12043.5
847	3.6251e-06	-11333.3
848	3.6251e-06	-13214.6
849	3.6251e-06	-11716.2
850	3.6251e-06	-12396.2
851	3.6251e-06	-13282.4
852	3.6251e-06	-14821.5
853	3.6251e-06	-14659.3
854	3.6251e-06	-14144
855	3.6251e-06	-14329.5
856	3.6251e-06	-15000.2
857	3.6251e-06	-12345.3
858	3.6251e-06	-12147.1
859	3.6251e-06	-13453.7
860	3.6251e-06	-12698.2
861	3.6251e-06	-12327.5
862	3.6251e-06	-13896.6
863	3.6251e-06	-13065.8
864	3.6251e-06	-13628.3
865	3.6251e-06	-11073.2
866	3.6251e-06	-11107.3
867	3.6251e-06	-11234.3
868	3.6251e-06	-12349.8
869	3.6251e-06	-11594.8
870	3.6251e-06	-12767.2
871	3.6251e-06	-11937.4
872	3.6251e-06	-11790.5
873	3.6251e-06	-17243.7
874	3.6251e-06	-15181.8
875	3.6251e-06	-13047.4
876	3.6251e-06	-13749.2
877	3.6251e-06	-13043.2
878	3.6251e-06	-10582.9
879	3.6251e-06	-16880
880	3.6251e-06	-13293.8
881	3.6251e-06	-16224.6
882	3.6251e-06	-11841.4
883	3.6251e-06	-13203.3
884	3.6251e-06	-11587.9
885	3.6251e-06	-14849.6
886	3.6251e-06	-14289
887	3.6251e-06	-14219.5
888	3.6251e-06	-16632.5
889	3.6251e-06	-16957.1
890	3.6251e-06	-15933.8
891	3.6251e-06	-12603.7
892	3.6251e-06	-12324.4
893	3.6251e-06	-11878.8
894	3.6251e-06	-10660.5
895	3.6251e-06	-11713
896	3.6251e-06	-14055.6
897	3.6251e-06	-14112.5
898	3.6251e-06	-12981.4
899	3.6251e-06	-10887.5
900	3.6251e-06	-12113.6
901	3.6251e-06	-11094.5
902	3.6251e-06	-11675.5
903	3.6251e-06	-11432.5
904	3.6251e-06	-11234
905	3.6251e-06	-11026
906	3.6251e-06	-12227.6
907	3.6251e-06	-11916.4
908	3.6251e-06	-10942.3
909	3.6251e-06	-13715.5
910	3.6251e-06	-13532.4
911	3.6251e-06	-14557.2
912	3.6251e-06	-12743.9
913	3.6251e-06	-10430.1
914	3.6251e-06	-10223.7
915	3.6251e-06	-11294.6
916	3.6251e-06	-10918.4
917	3.6251e-06	-11794.4
918	3.6251e-06	-11973.6
919	3.6251e-06	-12154.2
920	3.6251e-06	-12079
921	3.6251e-06	-11190.1
922	3.6251e-06	-11007.7
923	3.6251e-06	-12331
924	3.6251e-06	-10483.7
925	3.6251e-06	-11525.2
926	3.6251e-06	-9969.89
927	3.6251e-06	-13257.5
928	3.6251e-06	-13887.8
929	3.6251e-06	-12554.7
930	3.6251e-06	-12069.1
931	3.6251e-06	-10402.2
932	3.6251e-06	-10110.8
933	3.6251e-06	-11553.4
934	3.6251e-06	-11325.3
935	3.6251e-06	-11245.2
936	3.6251e-06	-10931.2
937	3.6251e-06	-10916.4
938	3.6251e-06	-13633.4
939	3.6251e-06	-11109.6
940	3.6251e-06	-10688.2
941	3.6251e-06	-10964
942	3.6251e-06	-10392.3
943	3.6251e-06	-14215.5
944	3.6251e-06	-14007.3
945	3.6251e-06	-14998.6
946	3.6251e-06	-11890.6
947	3.6251e-06	-12318.5
948	3.6251e-06	-14405.3
949	3.6251e-06	-11808
950	3.6251e-06	-11637.7
951	3.6251e-06	-12304.7
952	3.6251e-06	-12162.1
953	3.6251e-06	-12369.9
954	3.6251e-06	-12068
955	3.6251e-06	-10991.9
956	3.6251e-06	-13820.1
957	3.6251e-06	-13314
958	3.6251e-06	-12656.8
959	3.6251e-06	-11439.6
960	3.6251e-06	-12414
961	3.6251e-06	-11397.7
962	3.6251e-06	-11499
963	3.6251e-06	-11357.4
964	3.6251e-06	-11731.7
965	3.6251e-06	-10945.1
966	3.6251e-06	-12198.8
967	3.6251e-06	-11456.3
968	3.6251e-06	-11257
969	3.6251e-06	-10331.9
970	3.6251e-06	-10870.5
971	3.6251e-06	-12225
972	3.6251e-06	-11788.7
973	3.6251e-06	-13021.8
974	3.6251e-06	-12317.5
975	3.6251e-06	-17030.8
976	3.6251e-06	-16202.2
977	3.6251e-06	-14822.7
978	3.6251e-06	-12304.1
979	3.6251e-06	-12809.7
980	3.6251e-06	-13043.5
981	3.6251e-06	-12395
982	3.6251e-06	-13052.6
983	3.6251e-06	-10809.1
984	3.6251e-06	-12100.7
985	3.6251e-06	-13349.7
986	3.6251e-06	-11544.8
987	3.6251e-06	-12598.1
988	3.6251e-06	-11580.5
989	3.6251e-06	-12504.3
990	3.6251e-06	-13048.1
991	3.6251e-06	-11482.4
992	3.6251e-06	-10147.6
993	3.6251e-06	-10632
994	3.6251e-06	-11239.8
995	3.6251e-06	-12188.6
996	3.6251e-06	-14624
997	3.6251e-06	-12634.2
998	3.6251e-06	-16781.6
999	3.6251e-06	-13353
1000	3.6251e-06	-11221.7
