state	power	likelihood
251	0.00268829	-10410.2
252	0.00268829	-11237.8
253	0.00268829	-10284.5
254	0.00268829	-10336.7
255	0.00268829	-10462.3
256	0.00268829	-9644.66
257	0.00268829	-10314.8
258	0.00268829	-10303.3
259	0.00268829	-10381.5
260	0.00268829	-10002.1
261	0.00268829	-10006.6
262	0.00268829	-9455.84
263	0.00268829	-9736.67
264	0.00268829	-9921.14
265	0.00268829	-9488.74
266	0.00268829	-10020.6
267	0.00268829	-9425.74
268	0.00268829	-9921.25
269	0.00268829	-10101
270	0.00268829	-10550.7
271	0.00268829	-9906.79
272	0.00268829	-9655.44
273	0.00268829	-10465.9
274	0.00268829	-9632.08
275	0.00268829	-10075.9
276	0.00268829	-9683.2
277	0.00268829	-10919.8
278	0.00268829	-9674.2
279	0.00268829	-10114.3
280	0.00268829	-10030.6
281	0.00268829	-9787.14
282	0.00268829	-10349.5
283	0.00268829	-10169
284	0.00268829	-10627.9
285	0.00268829	-10970
286	0.00268829	-10309.8
287	0.00268829	-10166.8
288	0.00268829	-9418.12
289	0.00268829	-9449.12
290	0.00268829	-10961.8
291	0.00268829	-10464
292	0.00268829	-10293.4
293	0.00268829	-10257.7
294	0.00268829	-10149.3
295	0.00268829	-9832.29
296	0.00268829	-9906.34
297	0.00268829	-9672.62
298	0.00268829	-10205
299	0.00268829	-9509.88
300	0.00268829	-9220.23
301	0.00268829	-9897.1
302	0.00268829	-10801.2
303	0.00268829	-10931.1
304	0.00268829	-10818.8
305	0.00268829	-10751.5
306	0.00268829	-10222.2
307	0.00268829	-10025.1
308	0.00268829	-10559.8
309	0.00268829	-10986.9
310	0.00268829	-10727.6
311	0.00268829	-10503.3
312	0.00268829	-10691.2
313	0.00268829	-9525.04
314	0.00268829	-10065.6
315	0.00268829	-9987.02
316	0.00268829	-9826.7
317	0.00268829	-10297.7
318	0.00268829	-10427.4
319	0.00268829	-10115
320	0.00268829	-10931.5
321	0.00268829	-10687.8
322	0.00268829	-9926.43
323	0.00268829	-10779.1
324	0.00268829	-10572.2
325	0.00268829	-10169.6
326	0.00268829	-9874.73
327	0.00268829	-9971.85
328	0.00268829	-9765.44
329	0.00268829	-9677.37
330	0.00268829	-10755.9
331	0.00268829	-11560.1
332	0.00268829	-10406.1
333	0.00268829	-9871.75
334	0.00268829	-10554.1
335	0.00268829	-9890.8
336	0.00268829	-9397.97
337	0.00268829	-10231.8
338	0.00268829	-11284
339	0.00268829	-9546.37
340	0.00268829	-9069.64
341	0.00268829	-9759.44
342	0.00268829	-10152.1
343	0.00268829	-10844.9
344	0.00268829	-10023.4
345	0.00268829	-10865.3
346	0.00268829	-10964.2
347	0.00268829	-9564.47
348	0.00268829	-9866.9
349	0.00268829	-10935.4
350	0.00268829	-9992.73
351	0.00268829	-9712.84
352	0.00268829	-9466.71
353	0.00268829	-10380.8
354	0.00268829	-10132.8
355	0.00268829	-10903.7
356	0.00268829	-9772
357	0.00268829	-9774.39
358	0.00268829	-10185.9
359	0.00268829	-10309.2
360	0.00268829	-9790.81
361	0.00268829	-11284.3
362	0.00268829	-10535
363	0.00268829	-10159.3
364	0.00268829	-10182.2
365	0.00268829	-10468.7
366	0.00268829	-10871.6
367	0.00268829	-9122.51
368	0.00268829	-9992.98
369	0.00268829	-10138
370	0.00268829	-11109.7
371	0.00268829	-10281.3
372	0.00268829	-10182.9
373	0.00268829	-9550.47
374	0.00268829	-11268.1
375	0.00268829	-10955.5
376	0.00268829	-10281.6
377	0.00268829	-11214.3
378	0.00268829	-10508.5
379	0.00268829	-11018.5
380	0.00268829	-10454.7
381	0.00268829	-10732.4
382	0.00268829	-9119.33
383	0.00268829	-10118.2
384	0.00268829	-9773.6
385	0.00268829	-10204.7
386	0.00268829	-9480.01
387	0.00268829	-9571.52
388	0.00268829	-10794.3
389	0.00268829	-10283.4
390	0.00268829	-10609
391	0.00268829	-10458.1
392	0.00268829	-11233.7
393	0.00268829	-9957.77
394	0.00268829	-9573.71
395	0.00268829	-9075.4
396	0.00268829	-9607.22
397	0.00268829	-10002.1
398	0.00268829	-9930.85
399	0.00268829	-11012.8
400	0.00268829	-10301.5
401	0.00268829	-9861.55
402	0.00268829	-10646.8
403	0.00268829	-10838.1
404	0.00268829	-10282.6
405	0.00268829	-9602.26
406	0.00268829	-9782.22
407	0.00268829	-10583.9
408	0.00268829	-10022.6
409	0.00268829	-9679.25
410	0.00268829	-9818.08
411	0.00268829	-10379.7
412	0.00268829	-9621.29
413	0.00268829	-10695.3
414	0.00268829	-11034.6
415	0.00268829	-10161.2
416	0.00268829	-10365.2
417	0.00268829	-9317.17
418	0.00268829	-8900.84
419	0.00268829	-9626.04
420	0.00268829	-9712.27
421	0.00268829	-9762.59
422	0.00268829	-10663.5
423	0.00268829	-9304.12
424	0.00268829	-10222.1
425	0.00268829	-10294.1
426	0.00268829	-9690.75
427	0.00268829	-9671.72
428	0.00268829	-9871.85
429	0.00268829	-10220.8
430	0.00268829	-10168.8
431	0.00268829	-9961.68
432	0.00268829	-10792.1
433	0.00268829	-10468.1
434	0.00268829	-10247.4
435	0.00268829	-9485.97
436	0.00268829	-10267.7
437	0.00268829	-10250.8
438	0.00268829	-9805.12
439	0.00268829	-10514.8
440	0.00268829	-9781.39
441	0.00268829	-10266.4
442	0.00268829	-9518.62
443	0.00268829	-10296.3
444	0.00268829	-10797
445	0.00268829	-10615.7
446	0.00268829	-10530.4
447	0.00268829	-9928.36
448	0.00268829	-10034.4
449	0.00268829	-10496.5
450	0.00268829	-9818.79
451	0.00268829	-10228.8
452	0.00268829	-10104.4
453	0.00268829	-10206.5
454	0.00268829	-10509.6
455	0.00268829	-10358.1
456	0.00268829	-10544.9
457	0.00268829	-10196.2
458	0.00268829	-10121.2
459	0.00268829	-11330.8
460	0.00268829	-11145.9
461	0.00268829	-10963.3
462	0.00268829	-12081.5
463	0.00268829	-10853.2
464	0.00268829	-9650.28
465	0.00268829	-10083.7
466	0.00268829	-9876.72
467	0.00268829	-9619.18
468	0.00268829	-10499.3
469	0.00268829	-10132.3
470	0.00268829	-9995.77
471	0.00268829	-10361.1
472	0.00268829	-10781.6
473	0.00268829	-10551.1
474	0.00268829	-10073.4
475	0.00268829	-9771.96
476	0.00268829	-9668.33
477	0.00268829	-10137.7
478	0.00268829	-9849.76
479	0.00268829	-10548.6
480	0.00268829	-10512.5
481	0.00268829	-9344.18
482	0.00268829	-9641.58
483	0.00268829	-10439.7
484	0.00268829	-10609.5
485	0.00268829	-9885.36
486	0.00268829	-10055.4
487	0.00268829	-10461.9
488	0.00268829	-10423.7
489	0.00268829	-10548.5
490	0.00268829	-10679.8
491	0.00268829	-9599.97
492	0.00268829	-10779.5
493	0.00268829	-10132.2
494	0.00268829	-10836.2
495	0.00268829	-10308.9
496	0.00268829	-9006.06
497	0.00268829	-10202.5
498	0.00268829	-10028
499	0.00268829	-9827.23
500	0.00268829	-10350.5
501	0.00268829	-10549.5
502	0.00268829	-10297.5
503	0.00268829	-10327.7
504	0.00268829	-9844.12
505	0.00268829	-10042.3
506	0.00268829	-10166.9
507	0.00268829	-10390.8
508	0.00268829	-10958.3
509	0.00268829	-10154.7
510	0.00268829	-10604.3
511	0.00268829	-10452.1
512	0.00268829	-9949.57
513	0.00268829	-11698.7
514	0.00268829	-11571.7
515	0.00268829	-10916.8
516	0.00268829	-10217.9
517	0.00268829	-10442.2
518	0.00268829	-10375.1
519	0.00268829	-10836.1
520	0.00268829	-9860.42
521	0.00268829	-10759.3
522	0.00268829	-10878.5
523	0.00268829	-11349.3
524	0.00268829	-10236.4
525	0.00268829	-10926
526	0.00268829	-10921.7
527	0.00268829	-9557.54
528	0.00268829	-10222
529	0.00268829	-9908.22
530	0.00268829	-9719.4
531	0.00268829	-9973.23
532	0.00268829	-10038.7
533	0.00268829	-9732.59
534	0.00268829	-9822.02
535	0.00268829	-8898.43
536	0.00268829	-9613.44
537	0.00268829	-10089.3
538	0.00268829	-9371.2
539	0.00268829	-9776.31
540	0.00268829	-10926.5
541	0.00268829	-11309.4
542	0.00268829	-11995.3
543	0.00268829	-11637.3
544	0.00268829	-9712.17
545	0.00268829	-9748.41
546	0.00268829	-10545.4
547	0.00268829	-11211.6
548	0.00268829	-9723.86
549	0.00268829	-10381.2
550	0.00268829	-9944.55
551	0.00268829	-10323.9
552	0.00268829	-10856.7
553	0.00268829	-10515.4
554	0.00268829	-10169.7
555	0.00268829	-9861.51
556	0.00268829	-10118.2
557	0.00268829	-10687.5
558	0.00268829	-9931.11
559	0.00268829	-10414.7
560	0.00268829	-9915.5
561	0.00268829	-10701.2
562	0.00268829	-10885.4
563	0.00268829	-10504.8
564	0.00268829	-10433.9
565	0.00268829	-10943.1
566	0.00268829	-9882.27
567	0.00268829	-10221.7
568	0.00268829	-9735.09
569	0.00268829	-10965.5
570	0.00268829	-10209
571	0.00268829	-10282.8
572	0.00268829	-10051.6
573	0.00268829	-9678.07
574	0.00268829	-10596.1
575	0.00268829	-10496.9
576	0.00268829	-10431.9
577	0.00268829	-10336.7
578	0.00268829	-9879.87
579	0.00268829	-10289
580	0.00268829	-10031.9
581	0.00268829	-10624.6
582	0.00268829	-11276.9
583	0.00268829	-11093.3
584	0.00268829	-10208.3
585	0.00268829	-10465.2
586	0.00268829	-10020.3
587	0.00268829	-11103.2
588	0.00268829	-11609.1
589	0.00268829	-11036.9
590	0.00268829	-9998.73
591	0.00268829	-10187.8
592	0.00268829	-9974.38
593	0.00268829	-9504.63
594	0.00268829	-10085
595	0.00268829	-10214
596	0.00268829	-10257.4
597	0.00268829	-9809.31
598	0.00268829	-10501.9
599	0.00268829	-10186.4
600	0.00268829	-10206
601	0.00268829	-11567.9
602	0.00268829	-10498.4
603	0.00268829	-10460.7
604	0.00268829	-9837.72
605	0.00268829	-10515.3
606	0.00268829	-9580.05
607	0.00268829	-9784.37
608	0.00268829	-9574.31
609	0.00268829	-9999.59
610	0.00268829	-10411.7
611	0.00268829	-9922.21
612	0.00268829	-9688.12
613	0.00268829	-9770.66
614	0.00268829	-10416.9
615	0.00268829	-10407.9
616	0.00268829	-10522.4
617	0.00268829	-10943.4
618	0.00268829	-10175.6
619	0.00268829	-10878
620	0.00268829	-10316.6
621	0.00268829	-10287.9
622	0.00268829	-10582.3
623	0.00268829	-10800.1
624	0.00268829	-10848.6
625	0.00268829	-10372.4
626	0.00268829	-9208.26
627	0.00268829	-10451.9
628	0.00268829	-10051.3
629	0.00268829	-9641.27
630	0.00268829	-10739.6
631	0.00268829	-9664.34
632	0.00268829	-10129.8
633	0.00268829	-10276.5
634	0.00268829	-11691.1
635	0.00268829	-11016.4
636	0.00268829	-10653.5
637	0.00268829	-11281.6
638	0.00268829	-10399.5
639	0.00268829	-10098.7
640	0.00268829	-9965.86
641	0.00268829	-10081.6
642	0.00268829	-10100.6
643	0.00268829	-9606.17
644	0.00268829	-10242
645	0.00268829	-10760.9
646	0.00268829	-9946.66
647	0.00268829	-10996.2
648	0.00268829	-9895.4
649	0.00268829	-10498
650	0.00268829	-10760.3
651	0.00268829	-10660.6
652	0.00268829	-10272
653	0.00268829	-9800.45
654	0.00268829	-10494.5
655	0.00268829	-11059
656	0.00268829	-10748.9
657	0.00268829	-10305.3
658	0.00268829	-9802
659	0.00268829	-11246.9
660	0.00268829	-11090.8
661	0.00268829	-10853.3
662	0.00268829	-10106.7
663	0.00268829	-11069.9
664	0.00268829	-10205.5
665	0.00268829	-9872.21
666	0.00268829	-9110.06
667	0.00268829	-10134.6
668	0.00268829	-9558.22
669	0.00268829	-10696.5
670	0.00268829	-10808.8
671	0.00268829	-9417.48
672	0.00268829	-9936.55
673	0.00268829	-10093.3
674	0.00268829	-9832.1
675	0.00268829	-9742.72
676	0.00268829	-10423
677	0.00268829	-10254.2
678	0.00268829	-9795.18
679	0.00268829	-9748.73
680	0.00268829	-10221.1
681	0.00268829	-10688.1
682	0.00268829	-10409.1
683	0.00268829	-9405.65
684	0.00268829	-10482.4
685	0.00268829	-10174.5
686	0.00268829	-10234.4
687	0.00268829	-9670.18
688	0.00268829	-10057.4
689	0.00268829	-9783.37
690	0.00268829	-9409.6
691	0.00268829	-10555.2
692	0.00268829	-10756.3
693	0.00268829	-10357.5
694	0.00268829	-10567.9
695	0.00268829	-10528.1
696	0.00268829	-10037.7
697	0.00268829	-10337.1
698	0.00268829	-10896.9
699	0.00268829	-11046.9
700	0.00268829	-11364.9
701	0.00268829	-11645.2
702	0.00268829	-10755.1
703	0.00268829	-11443.7
704	0.00268829	-10566.7
705	0.00268829	-10197.9
706	0.00268829	-10570.4
707	0.00268829	-10421.5
708	0.00268829	-10167.6
709	0.00268829	-10348.3
710	0.00268829	-10305.8
711	0.00268829	-10483.9
712	0.00268829	-10368.4
713	0.00268829	-10574.3
714	0.00268829	-10639.3
715	0.00268829	-10573.4
716	0.00268829	-10668.1
717	0.00268829	-11401.5
718	0.00268829	-11198
719	0.00268829	-10055.9
720	0.00268829	-10289.6
721	0.00268829	-9867.69
722	0.00268829	-9422.54
723	0.00268829	-10572.6
724	0.00268829	-10115.4
725	0.00268829	-10517.8
726	0.00268829	-9797.5
727	0.00268829	-9614.23
728	0.00268829	-9633.85
729	0.00268829	-10025.6
730	0.00268829	-9544.54
731	0.00268829	-10179.2
732	0.00268829	-10917.8
733	0.00268829	-10531.6
734	0.00268829	-10605.4
735	0.00268829	-11101.4
736	0.00268829	-10103.1
737	0.00268829	-10388.2
738	0.00268829	-10073.6
739	0.00268829	-10988.2
740	0.00268829	-10262.5
741	0.00268829	-10496.1
742	0.00268829	-10281.8
743	0.00268829	-9476.08
744	0.00268829	-10301.3
745	0.00268829	-10403.1
746	0.00268829	-10817.4
747	0.00268829	-11017.9
748	0.00268829	-10357.9
749	0.00268829	-11430.3
750	0.00268829	-10834.6
751	0.00268829	-11921.2
752	0.00268829	-10609.4
753	0.00268829	-10178.2
754	0.00268829	-9833.14
755	0.00268829	-11099.7
756	0.00268829	-10596.5
757	0.00268829	-10123.6
758	0.00268829	-9927.15
759	0.00268829	-10636.1
760	0.00268829	-9563.07
761	0.00268829	-11112.6
762	0.00268829	-11343.2
763	0.00268829	-10966.4
764	0.00268829	-10639.3
765	0.00268829	-10755.8
766	0.00268829	-10156.3
767	0.00268829	-9638.52
768	0.00268829	-10131.7
769	0.00268829	-10481
770	0.00268829	-11093.4
771	0.00268829	-10508.6
772	0.00268829	-10492.9
773	0.00268829	-10164.5
774	0.00268829	-11450.9
775	0.00268829	-10870.5
776	0.00268829	-10622.1
777	0.00268829	-10164.1
778	0.00268829	-11321.2
779	0.00268829	-10745.2
780	0.00268829	-10592.6
781	0.00268829	-10056.4
782	0.00268829	-9948.57
783	0.00268829	-10004.3
784	0.00268829	-10685.4
785	0.00268829	-10656.8
786	0.00268829	-10661.6
787	0.00268829	-9504.04
788	0.00268829	-9664.4
789	0.00268829	-10520.7
790	0.00268829	-11403
791	0.00268829	-11086.9
792	0.00268829	-10294.2
793	0.00268829	-10682.1
794	0.00268829	-11713.8
795	0.00268829	-11123.4
796	0.00268829	-9859.66
797	0.00268829	-9734.75
798	0.00268829	-9924.41
799	0.00268829	-9684.15
800	0.00268829	-10342.8
801	0.00268829	-10761.2
802	0.00268829	-9879.73
803	0.00268829	-10332.8
804	0.00268829	-9870.51
805	0.00268829	-10026.8
806	0.00268829	-9917.23
807	0.00268829	-10344.8
808	0.00268829	-9633.79
809	0.00268829	-10753.3
810	0.00268829	-10346.5
811	0.00268829	-9968.41
812	0.00268829	-9312.74
813	0.00268829	-9829.84
814	0.00268829	-10155
815	0.00268829	-10322.3
816	0.00268829	-10728.3
817	0.00268829	-11388.2
818	0.00268829	-11588
819	0.00268829	-11925.7
820	0.00268829	-10082.6
821	0.00268829	-11254.4
822	0.00268829	-10740.9
823	0.00268829	-12157.6
824	0.00268829	-11169.1
825	0.00268829	-11278.8
826	0.00268829	-10828.7
827	0.00268829	-11426.5
828	0.00268829	-10920.6
829	0.00268829	-9777.18
830	0.00268829	-10342.1
831	0.00268829	-10564.2
832	0.00268829	-10056.1
833	0.00268829	-10427.9
834	0.00268829	-10436.9
835	0.00268829	-9931.8
836	0.00268829	-9183.22
837	0.00268829	-9625.67
838	0.00268829	-10323.7
839	0.00268829	-10332.8
840	0.00268829	-9502.05
841	0.00268829	-9338.29
842	0.00268829	-10002.5
843	0.00268829	-9877.57
844	0.00268829	-10281.8
845	0.00268829	-10464.8
846	0.00268829	-10520.5
847	0.00268829	-10142.1
848	0.00268829	-10636.9
849	0.00268829	-9755.32
850	0.00268829	-10138.1
851	0.00268829	-9304.53
852	0.00268829	-9871.48
853	0.00268829	-10596.5
854	0.00268829	-10571
855	0.00268829	-10858.4
856	0.00268829	-10114.1
857	0.00268829	-10662
858	0.00268829	-9729.43
859	0.00268829	-9814.96
860	0.00268829	-9471.01
861	0.00268829	-9581.22
862	0.00268829	-10089
863	0.00268829	-9836.04
864	0.00268829	-9799.78
865	0.00268829	-8882.31
866	0.00268829	-9782.77
867	0.00268829	-10359.1
868	0.00268829	-9512.85
869	0.00268829	-10929.2
870	0.00268829	-10840.1
871	0.00268829	-9953.56
872	0.00268829	-10778.4
873	0.00268829	-10753.8
874	0.00268829	-10486.2
875	0.00268829	-9669.74
876	0.00268829	-9362.04
877	0.00268829	-10587.4
878	0.00268829	-9294.63
879	0.00268829	-10174
880	0.00268829	-10358.1
881	0.00268829	-10633.5
882	0.00268829	-9984.77
883	0.00268829	-11322.1
884	0.00268829	-11072.1
885	0.00268829	-10595.5
886	0.00268829	-10130
887	0.00268829	-9397.16
888	0.00268829	-10608.7
889	0.00268829	-10642.1
890	0.00268829	-10315.4
891	0.00268829	-12171
892	0.00268829	-9936.46
893	0.00268829	-9935.45
894	0.00268829	-9768.54
895	0.00268829	-9557.09
896	0.00268829	-9272
897	0.00268829	-9909.65
898	0.00268829	-10540.4
899	0.00268829	-10278.2
900	0.00268829	-10388.5
901	0.00268829	-10125.3
902	0.00268829	-9236.71
903	0.00268829	-9546.51
904	0.00268829	-10432.2
905	0.00268829	-10210.4
906	0.00268829	-10418.1
907	0.00268829	-9881.07
908	0.00268829	-11557.9
909	0.00268829	-10275.7
910	0.00268829	-10333.5
911	0.00268829	-10848.1
912	0.00268829	-11094.1
913	0.00268829	-10041.7
914	0.00268829	-9339.21
915	0.00268829	-9803.31
916	0.00268829	-10138.3
917	0.00268829	-10167.8
918	0.00268829	-10248.7
919	0.00268829	-10068.1
920	0.00268829	-10194.8
921	0.00268829	-10113.7
922	0.00268829	-9543.88
923	0.00268829	-9160.51
924	0.00268829	-9039.38
925	0.00268829	-10775.6
926	0.00268829	-10322.8
927	0.00268829	-9817.96
928	0.00268829	-9884.76
929	0.00268829	-10431.4
930	0.00268829	-10365.1
931	0.00268829	-10519.1
932	0.00268829	-10664
933	0.00268829	-9847.87
934	0.00268829	-9494.57
935	0.00268829	-9530.2
936	0.00268829	-9721.66
937	0.00268829	-10088
938	0.00268829	-10243.8
939	0.00268829	-9962.99
940	0.00268829	-10347.7
941	0.00268829	-10545.3
942	0.00268829	-11038.7
943	0.00268829	-10460.6
944	0.00268829	-9633.47
945	0.00268829	-9084.36
946	0.00268829	-10358
947	0.00268829	-9695.93
948	0.00268829	-9959.37
949	0.00268829	-10006.6
950	0.00268829	-9427.95
951	0.00268829	-10387.3
952	0.00268829	-9822.31
953	0.00268829	-9493.92
954	0.00268829	-9485.48
955	0.00268829	-9657.83
956	0.00268829	-10856.1
957	0.00268829	-10573.1
958	0.00268829	-9949.54
959	0.00268829	-9731.86
960	0.00268829	-9872.74
961	0.00268829	-9293.38
962	0.00268829	-10372.3
963	0.00268829	-10538.1
964	0.00268829	-10509.1
965	0.00268829	-11473.7
966	0.00268829	-10166.4
967	0.00268829	-10161.5
968	0.00268829	-10664.7
969	0.00268829	-10782.1
970	0.00268829	-9936.72
971	0.00268829	-10549.7
972	0.00268829	-9972.78
973	0.00268829	-10707.2
974	0.00268829	-11570.5
975	0.00268829	-10712.2
976	0.00268829	-10216.1
977	0.00268829	-10833.3
978	0.00268829	-9919.77
979	0.00268829	-10077.4
980	0.00268829	-10094.6
981	0.00268829	-10359.1
982	0.00268829	-10999.9
983	0.00268829	-11046.1
984	0.00268829	-10428.7
985	0.00268829	-9862.74
986	0.00268829	-10312.3
987	0.00268829	-10658.1
988	0.00268829	-11295.3
989	0.00268829	-10369.3
990	0.00268829	-10465
991	0.00268829	-10387.7
992	0.00268829	-9630.46
993	0.00268829	-10111.2
994	0.00268829	-10248.5
995	0.00268829	-10065.6
996	0.00268829	-10526.2
997	0.00268829	-10277.9
998	0.00268829	-10126.4
999	0.00268829	-10685.8
1000	0.00268829	-10062.9
