state	power	likelihood
251	0.050797	-8257.31
252	0.050797	-8206.88
253	0.050797	-8335.08
254	0.050797	-8392.22
255	0.050797	-8294.85
256	0.050797	-8307.8
257	0.050797	-8478.62
258	0.050797	-8423.32
259	0.050797	-8298.27
260	0.050797	-8258.49
261	0.050797	-8343.89
262	0.050797	-8227.23
263	0.050797	-8319.45
264	0.050797	-8207.42
265	0.050797	-8242.26
266	0.050797	-8221.11
267	0.050797	-8452.01
268	0.050797	-8269.27
269	0.050797	-8203.4
270	0.050797	-8231.29
271	0.050797	-8163.41
272	0.050797	-8253.97
273	0.050797	-8227.12
274	0.050797	-8261.55
275	0.050797	-8243.24
276	0.050797	-8301.47
277	0.050797	-8357.72
278	0.050797	-8294.97
279	0.050797	-8267.63
280	0.050797	-8284.34
281	0.050797	-8160.83
282	0.050797	-8250.15
283	0.050797	-8221.63
284	0.050797	-8217.37
285	0.050797	-8250.92
286	0.050797	-8231.95
287	0.050797	-8300.27
288	0.050797	-8289.49
289	0.050797	-8381.17
290	0.050797	-8350.42
291	0.050797	-8300.1
292	0.050797	-8361.56
293	0.050797	-8242.4
294	0.050797	-8275.37
295	0.050797	-8333.03
296	0.050797	-8281.72
297	0.050797	-8328.49
298	0.050797	-8304.92
299	0.050797	-8279.91
300	0.050797	-8293.97
301	0.050797	-8182.93
302	0.050797	-8211.48
303	0.050797	-8246.43
304	0.050797	-8117.62
305	0.050797	-8212.47
306	0.050797	-8336.72
307	0.050797	-8261.87
308	0.050797	-8346.28
309	0.050797	-8275.31
310	0.050797	-8283.73
311	0.050797	-8232.24
312	0.050797	-8139.6
313	0.050797	-8198.33
314	0.050797	-8198.27
315	0.050797	-8253.91
316	0.050797	-8175
317	0.050797	-8268.17
318	0.050797	-8206
319	0.050797	-8395.15
320	0.050797	-8327.1
321	0.050797	-8231.82
322	0.050797	-8298.58
323	0.050797	-8296.5
324	0.050797	-8324.28
325	0.050797	-8235.84
326	0.050797	-8285.4
327	0.050797	-8268.63
328	0.050797	-8325.85
329	0.050797	-8261.3
330	0.050797	-8288.05
331	0.050797	-8386.83
332	0.050797	-8344.72
333	0.050797	-8421.41
334	0.050797	-8399.62
335	0.050797	-8385.61
336	0.050797	-8325.15
337	0.050797	-8355.54
338	0.050797	-8343.21
339	0.050797	-8346.06
340	0.050797	-8262.04
341	0.050797	-8263.82
342	0.050797	-8352.88
343	0.050797	-8385.58
344	0.050797	-8223.01
345	0.050797	-8271.57
346	0.050797	-8343.47
347	0.050797	-8253.97
348	0.050797	-8292.9
349	0.050797	-8253.24
350	0.050797	-8193.65
351	0.050797	-8275.25
352	0.050797	-8381.55
353	0.050797	-8304.43
354	0.050797	-8219.42
355	0.050797	-8326.19
356	0.050797	-8290.45
357	0.050797	-8323.87
358	0.050797	-8307.15
359	0.050797	-8253.02
360	0.050797	-8289.81
361	0.050797	-8230.72
362	0.050797	-8293.69
363	0.050797	-8280.25
364	0.050797	-8178.81
365	0.050797	-8144.58
366	0.050797	-8350.71
367	0.050797	-8337.97
368	0.050797	-8295.87
369	0.050797	-8309.2
370	0.050797	-8278.89
371	0.050797	-8318.73
372	0.050797	-8334.31
373	0.050797	-8379.11
374	0.050797	-8277.62
375	0.050797	-8186.69
376	0.050797	-8265.63
377	0.050797	-8331.25
378	0.050797	-8258.38
379	0.050797	-8295.63
380	0.050797	-8364.04
381	0.050797	-8411.61
382	0.050797	-8325.33
383	0.050797	-8359.13
384	0.050797	-8383.86
385	0.050797	-8225.19
386	0.050797	-8385.15
387	0.050797	-8402.03
388	0.050797	-8315.46
389	0.050797	-8331.49
390	0.050797	-8315.43
391	0.050797	-8152.46
392	0.050797	-8238.63
393	0.050797	-8207.33
394	0.050797	-8239.63
395	0.050797	-8227.24
396	0.050797	-8191.4
397	0.050797	-8219.91
398	0.050797	-8290.03
399	0.050797	-8142.15
400	0.050797	-8223.64
401	0.050797	-8244.52
402	0.050797	-8206.61
403	0.050797	-8193.77
404	0.050797	-8277.84
405	0.050797	-8305.82
406	0.050797	-8439.53
407	0.050797	-8428.84
408	0.050797	-8266.63
409	0.050797	-8239.34
410	0.050797	-8355.06
411	0.050797	-8314.46
412	0.050797	-8272.1
413	0.050797	-8372.15
414	0.050797	-8267.52
415	0.050797	-8194.18
416	0.050797	-8281.13
417	0.050797	-8191.61
418	0.050797	-8136.22
419	0.050797	-8111.76
420	0.050797	-8179.27
421	0.050797	-8232.27
422	0.050797	-8273.51
423	0.050797	-8244.13
424	0.050797	-8288.27
425	0.050797	-8295.73
426	0.050797	-8207.39
427	0.050797	-8279.55
428	0.050797	-8210.09
429	0.050797	-8247.29
430	0.050797	-8222.47
431	0.050797	-8138.48
432	0.050797	-8302.88
433	0.050797	-8318.11
434	0.050797	-8306.31
435	0.050797	-8278.61
436	0.050797	-8225.49
437	0.050797	-8262.47
438	0.050797	-8295.67
439	0.050797	-8189.83
440	0.050797	-8185.63
441	0.050797	-8272.43
442	0.050797	-8208.17
443	0.050797	-8239.13
444	0.050797	-8256.59
445	0.050797	-8286.19
446	0.050797	-8318.74
447	0.050797	-8260.62
448	0.050797	-8266.55
449	0.050797	-8251.55
450	0.050797	-8260.21
451	0.050797	-8267.94
452	0.050797	-8201.55
453	0.050797	-8255.08
454	0.050797	-8205.44
455	0.050797	-8283.52
456	0.050797	-8234.75
457	0.050797	-8211.24
458	0.050797	-8241.94
459	0.050797	-8366.44
460	0.050797	-8217.74
461	0.050797	-8209.44
462	0.050797	-8216.68
463	0.050797	-8246.18
464	0.050797	-8280.63
465	0.050797	-8347.14
466	0.050797	-8254.03
467	0.050797	-8278.36
468	0.050797	-8299.2
469	0.050797	-8311.56
470	0.050797	-8196.7
471	0.050797	-8206.43
472	0.050797	-8237.16
473	0.050797	-8259.47
474	0.050797	-8282.41
475	0.050797	-8306.06
476	0.050797	-8427.77
477	0.050797	-8379.87
478	0.050797	-8242.37
479	0.050797	-8408.43
480	0.050797	-8314.68
481	0.050797	-8228.21
482	0.050797	-8268.94
483	0.050797	-8229
484	0.050797	-8203.48
485	0.050797	-8184.47
486	0.050797	-8190.89
487	0.050797	-8253.74
488	0.050797	-8247.25
489	0.050797	-8283.56
490	0.050797	-8463.57
491	0.050797	-8347.64
492	0.050797	-8369.71
493	0.050797	-8469.89
494	0.050797	-8384.77
495	0.050797	-8392.26
496	0.050797	-8320.99
497	0.050797	-8270.03
498	0.050797	-8267.81
499	0.050797	-8310.88
500	0.050797	-8168.2
501	0.050797	-8353.13
502	0.050797	-8322.95
503	0.050797	-8278.23
504	0.050797	-8241.01
505	0.050797	-8147.42
506	0.050797	-8300.43
507	0.050797	-8248.75
508	0.050797	-8383.4
509	0.050797	-8250.54
510	0.050797	-8250.43
511	0.050797	-8213.67
512	0.050797	-8268.75
513	0.050797	-8398.19
514	0.050797	-8342.16
515	0.050797	-8479.64
516	0.050797	-8330.95
517	0.050797	-8365.35
518	0.050797	-8289.17
519	0.050797	-8489.54
520	0.050797	-8440.59
521	0.050797	-8409.62
522	0.050797	-8440.6
523	0.050797	-8421.66
524	0.050797	-8210.66
525	0.050797	-8266.84
526	0.050797	-8362.6
527	0.050797	-8382.13
528	0.050797	-8391.8
529	0.050797	-8371.51
530	0.050797	-8311.38
531	0.050797	-8391.99
532	0.050797	-8385.99
533	0.050797	-8309.64
534	0.050797	-8232.97
535	0.050797	-8283.92
536	0.050797	-8280.2
537	0.050797	-8263.1
538	0.050797	-8191.04
539	0.050797	-8233.29
540	0.050797	-8236.69
541	0.050797	-8259.79
542	0.050797	-8300.92
543	0.050797	-8251.14
544	0.050797	-8377.44
545	0.050797	-8284.3
546	0.050797	-8254.28
547	0.050797	-8239.59
548	0.050797	-8198.15
549	0.050797	-8261.43
550	0.050797	-8302.03
551	0.050797	-8295.05
552	0.050797	-8314.73
553	0.050797	-8293.32
554	0.050797	-8223.69
555	0.050797	-8253.26
556	0.050797	-8294.45
557	0.050797	-8283.43
558	0.050797	-8299.46
559	0.050797	-8335.25
560	0.050797	-8298.39
561	0.050797	-8374.3
562	0.050797	-8247.4
563	0.050797	-8159.63
564	0.050797	-8355.95
565	0.050797	-8324.15
566	0.050797	-8294.54
567	0.050797	-8182.11
568	0.050797	-8249.36
569	0.050797	-8177.45
570	0.050797	-8183.94
571	0.050797	-8216.24
572	0.050797	-8329.13
573	0.050797	-8249.3
574	0.050797	-8266.47
575	0.050797	-8338.98
576	0.050797	-8328.24
577	0.050797	-8245.38
578	0.050797	-8250.84
579	0.050797	-8273.18
580	0.050797	-8282.36
581	0.050797	-8270.26
582	0.050797	-8216.08
583	0.050797	-8360.59
584	0.050797	-8386.9
585	0.050797	-8414.81
586	0.050797	-8352.25
587	0.050797	-8338.33
588	0.050797	-8357.73
589	0.050797	-8271.99
590	0.050797	-8258.77
591	0.050797	-8298.09
592	0.050797	-8387.04
593	0.050797	-8383.95
594	0.050797	-8182.95
595	0.050797	-8273.15
596	0.050797	-8349.88
597	0.050797	-8313.29
598	0.050797	-8245.5
599	0.050797	-8235.77
600	0.050797	-8307.72
601	0.050797	-8322.06
602	0.050797	-8320.44
603	0.050797	-8212.63
604	0.050797	-8208.78
605	0.050797	-8289.14
606	0.050797	-8278.63
607	0.050797	-8424.3
608	0.050797	-8329.29
609	0.050797	-8316.27
610	0.050797	-8297.94
611	0.050797	-8334.85
612	0.050797	-8326.98
613	0.050797	-8344.26
614	0.050797	-8406.57
615	0.050797	-8407.34
616	0.050797	-8333.79
617	0.050797	-8439.26
618	0.050797	-8409.93
619	0.050797	-8408.43
620	0.050797	-8425.93
621	0.050797	-8437.52
622	0.050797	-8308.55
623	0.050797	-8542.43
624	0.050797	-8369.15
625	0.050797	-8210.19
626	0.050797	-8340.77
627	0.050797	-8257.05
628	0.050797	-8245.98
629	0.050797	-8276.6
630	0.050797	-8294.95
631	0.050797	-8321.47
632	0.050797	-8354.35
633	0.050797	-8245.37
634	0.050797	-8256.18
635	0.050797	-8292.29
636	0.050797	-8379.32
637	0.050797	-8355.9
638	0.050797	-8358.05
639	0.050797	-8450.17
640	0.050797	-8354.91
641	0.050797	-8347.26
642	0.050797	-8285.7
643	0.050797	-8280.74
644	0.050797	-8335.5
645	0.050797	-8272.81
646	0.050797	-8356.27
647	0.050797	-8387.46
648	0.050797	-8368.25
649	0.050797	-8412.61
650	0.050797	-8408.43
651	0.050797	-8299.96
652	0.050797	-8408.27
653	0.050797	-8321.22
654	0.050797	-8323.37
655	0.050797	-8287.75
656	0.050797	-8211.64
657	0.050797	-8173.14
658	0.050797	-8196.68
659	0.050797	-8365.16
660	0.050797	-8260.68
661	0.050797	-8273.53
662	0.050797	-8250.43
663	0.050797	-8393.23
664	0.050797	-8314.92
665	0.050797	-8289.35
666	0.050797	-8195.34
667	0.050797	-8207.38
668	0.050797	-8207.95
669	0.050797	-8225.41
670	0.050797	-8419.41
671	0.050797	-8291.29
672	0.050797	-8336.81
673	0.050797	-8210.58
674	0.050797	-8254.9
675	0.050797	-8242.61
676	0.050797	-8214.7
677	0.050797	-8254.61
678	0.050797	-8346.6
679	0.050797	-8269.13
680	0.050797	-8290.47
681	0.050797	-8208.65
682	0.050797	-8244.42
683	0.050797	-8345.25
684	0.050797	-8391.48
685	0.050797	-8297.15
686	0.050797	-8423.48
687	0.050797	-8364.04
688	0.050797	-8329.51
689	0.050797	-8366.41
690	0.050797	-8361.9
691	0.050797	-8250.03
692	0.050797	-8319.31
693	0.050797	-8234.78
694	0.050797	-8374.16
695	0.050797	-8321.99
696	0.050797	-8386.56
697	0.050797	-8281.22
698	0.050797	-8313.57
699	0.050797	-8259.69
700	0.050797	-8315.08
701	0.050797	-8230.81
702	0.050797	-8230.41
703	0.050797	-8292.3
704	0.050797	-8235.66
705	0.050797	-8218.5
706	0.050797	-8208.32
707	0.050797	-8204.83
708	0.050797	-8145.89
709	0.050797	-8223.77
710	0.050797	-8271.04
711	0.050797	-8310.14
712	0.050797	-8234.09
713	0.050797	-8216.66
714	0.050797	-8239.67
715	0.050797	-8163.94
716	0.050797	-8229.23
717	0.050797	-8248.6
718	0.050797	-8240.55
719	0.050797	-8297.48
720	0.050797	-8274.74
721	0.050797	-8372.02
722	0.050797	-8339.44
723	0.050797	-8232.04
724	0.050797	-8329.61
725	0.050797	-8404.24
726	0.050797	-8346.19
727	0.050797	-8469.17
728	0.050797	-8345.12
729	0.050797	-8329.06
730	0.050797	-8318.14
731	0.050797	-8219.23
732	0.050797	-8245.79
733	0.050797	-8199.72
734	0.050797	-8194.91
735	0.050797	-8245.18
736	0.050797	-8308.99
737	0.050797	-8265.62
738	0.050797	-8160.15
739	0.050797	-8194.09
740	0.050797	-8212.01
741	0.050797	-8259.85
742	0.050797	-8279.98
743	0.050797	-8217.4
744	0.050797	-8256.37
745	0.050797	-8315.9
746	0.050797	-8221.96
747	0.050797	-8193.18
748	0.050797	-8203.25
749	0.050797	-8193.74
750	0.050797	-8321.58
751	0.050797	-8302.53
752	0.050797	-8243.71
753	0.050797	-8238.31
754	0.050797	-8292.31
755	0.050797	-8400.33
756	0.050797	-8312.91
757	0.050797	-8281.12
758	0.050797	-8250.44
759	0.050797	-8430.42
760	0.050797	-8392.95
761	0.050797	-8282
762	0.050797	-8293.38
763	0.050797	-8255.86
764	0.050797	-8263.34
765	0.050797	-8211.9
766	0.050797	-8246.78
767	0.050797	-8221.67
768	0.050797	-8287.84
769	0.050797	-8275.4
770	0.050797	-8303.78
771	0.050797	-8183.42
772	0.050797	-8239.42
773	0.050797	-8153.01
774	0.050797	-8270.85
775	0.050797	-8319.4
776	0.050797	-8262.78
777	0.050797	-8358.11
778	0.050797	-8272.73
779	0.050797	-8366.19
780	0.050797	-8310.15
781	0.050797	-8211.92
782	0.050797	-8243.43
783	0.050797	-8208.78
784	0.050797	-8203.86
785	0.050797	-8239.47
786	0.050797	-8299
787	0.050797	-8300.64
788	0.050797	-8307.91
789	0.050797	-8247.42
790	0.050797	-8200.3
791	0.050797	-8225.58
792	0.050797	-8294.08
793	0.050797	-8259.83
794	0.050797	-8257.31
795	0.050797	-8289.54
796	0.050797	-8235.13
797	0.050797	-8279.58
798	0.050797	-8325.12
799	0.050797	-8355.96
800	0.050797	-8305.87
801	0.050797	-8272.99
802	0.050797	-8285.9
803	0.050797	-8254.1
804	0.050797	-8218.19
805	0.050797	-8299.75
806	0.050797	-8335.6
807	0.050797	-8351.09
808	0.050797	-8205.72
809	0.050797	-8269.75
810	0.050797	-8245.58
811	0.050797	-8275.93
812	0.050797	-8212.52
813	0.050797	-8236.65
814	0.050797	-8186.15
815	0.050797	-8167.44
816	0.050797	-8162.46
817	0.050797	-8204.54
818	0.050797	-8279.09
819	0.050797	-8285.6
820	0.050797	-8312.77
821	0.050797	-8274.54
822	0.050797	-8193.49
823	0.050797	-8305.77
824	0.050797	-8314.51
825	0.050797	-8350.84
826	0.050797	-8565.06
827	0.050797	-8441.4
828	0.050797	-8367.82
829	0.050797	-8321.3
830	0.050797	-8358.59
831	0.050797	-8238.89
832	0.050797	-8277.36
833	0.050797	-8253.25
834	0.050797	-8332.57
835	0.050797	-8321.92
836	0.050797	-8405.41
837	0.050797	-8318.4
838	0.050797	-8244.35
839	0.050797	-8259.06
840	0.050797	-8262.28
841	0.050797	-8335.43
842	0.050797	-8236.94
843	0.050797	-8251.69
844	0.050797	-8342.12
845	0.050797	-8380.05
846	0.050797	-8353.11
847	0.050797	-8386.7
848	0.050797	-8399.42
849	0.050797	-8317.82
850	0.050797	-8240.84
851	0.050797	-8434.72
852	0.050797	-8331.8
853	0.050797	-8231.73
854	0.050797	-8280.58
855	0.050797	-8282.52
856	0.050797	-8362.76
857	0.050797	-8474.03
858	0.050797	-8528.22
859	0.050797	-8536.66
860	0.050797	-8255.43
861	0.050797	-8164.48
862	0.050797	-8173.95
863	0.050797	-8361.87
864	0.050797	-8223.13
865	0.050797	-8275.76
866	0.050797	-8234.89
867	0.050797	-8276.87
868	0.050797	-8248.21
869	0.050797	-8345.82
870	0.050797	-8291.96
871	0.050797	-8389.63
872	0.050797	-8438.68
873	0.050797	-8370.42
874	0.050797	-8297.88
875	0.050797	-8238.9
876	0.050797	-8318.4
877	0.050797	-8426
878	0.050797	-8336.64
879	0.050797	-8310.77
880	0.050797	-8370.23
881	0.050797	-8363.79
882	0.050797	-8331.66
883	0.050797	-8326.96
884	0.050797	-8338.96
885	0.050797	-8273.66
886	0.050797	-8282.31
887	0.050797	-8321.88
888	0.050797	-8338.26
889	0.050797	-8326.39
890	0.050797	-8287.9
891	0.050797	-8261.82
892	0.050797	-8281.26
893	0.050797	-8310.99
894	0.050797	-8205.31
895	0.050797	-8390.16
896	0.050797	-8295.49
897	0.050797	-8352.63
898	0.050797	-8244.16
899	0.050797	-8243.29
900	0.050797	-8345.11
901	0.050797	-8270.24
902	0.050797	-8220.9
903	0.050797	-8237.96
904	0.050797	-8246.5
905	0.050797	-8139.91
906	0.050797	-8139.69
907	0.050797	-8259.42
908	0.050797	-8306.21
909	0.050797	-8189.43
910	0.050797	-8226.84
911	0.050797	-8257.71
912	0.050797	-8330.45
913	0.050797	-8282.14
914	0.050797	-8234.46
915	0.050797	-8242.07
916	0.050797	-8309.93
917	0.050797	-8275.92
918	0.050797	-8281.3
919	0.050797	-8209.79
920	0.050797	-8300.74
921	0.050797	-8422.59
922	0.050797	-8294.87
923	0.050797	-8357.12
924	0.050797	-8370.48
925	0.050797	-8342.71
926	0.050797	-8269.91
927	0.050797	-8375.95
928	0.050797	-8178.95
929	0.050797	-8331.13
930	0.050797	-8339.01
931	0.050797	-8330.16
932	0.050797	-8353.54
933	0.050797	-8299.65
934	0.050797	-8298.9
935	0.050797	-8227.37
936	0.050797	-8181.66
937	0.050797	-8273.29
938	0.050797	-8265.1
939	0.050797	-8408.87
940	0.050797	-8378.33
941	0.050797	-8380.14
942	0.050797	-8348.62
943	0.050797	-8317.63
944	0.050797	-8281.51
945	0.050797	-8243.64
946	0.050797	-8261.03
947	0.050797	-8299.35
948	0.050797	-8332.98
949	0.050797	-8276.42
950	0.050797	-8366.7
951	0.050797	-8343.59
952	0.050797	-8308.94
953	0.050797	-8308.38
954	0.050797	-8323.54
955	0.050797	-8224.46
956	0.050797	-8349.58
957	0.050797	-8268.67
958	0.050797	-8204.01
959	0.050797	-8179.54
960	0.050797	-8357.05
961	0.050797	-8304.31
962	0.050797	-8331.81
963	0.050797	-8181.6
964	0.050797	-8283.58
965	0.050797	-8346.41
966	0.050797	-8304.07
967	0.050797	-8273.4
968	0.050797	-8293.7
969	0.050797	-8276.18
970	0.050797	-8214.67
971	0.050797	-8302.61
972	0.050797	-8270.9
973	0.050797	-8387.71
974	0.050797	-8293.38
975	0.050797	-8331.84
976	0.050797	-8338.72
977	0.050797	-8256.72
978	0.050797	-8165.47
979	0.050797	-8191.3
980	0.050797	-8153.85
981	0.050797	-8221.45
982	0.050797	-8220.61
983	0.050797	-8246.62
984	0.050797	-8274.82
985	0.050797	-8349
986	0.050797	-8284.61
987	0.050797	-8205.73
988	0.050797	-8195.85
989	0.050797	-8273
990	0.050797	-8353.33
991	0.050797	-8284.64
992	0.050797	-8362.55
993	0.050797	-8264.14
994	0.050797	-8206.31
995	0.050797	-8267.17
996	0.050797	-8240.5
997	0.050797	-8364.76
998	0.050797	-8385.37
999	0.050797	-8356.12
1000	0.050797	-8261.68
