state	power	likelihood
251	0.118787	-8111.51
252	0.118787	-8141.2
253	0.118787	-8134.38
254	0.118787	-8091.55
255	0.118787	-8094.9
256	0.118787	-8140.6
257	0.118787	-8164.79
258	0.118787	-8131.42
259	0.118787	-8120.51
260	0.118787	-8108.18
261	0.118787	-8104.15
262	0.118787	-8097.13
263	0.118787	-8150.37
264	0.118787	-8161.43
265	0.118787	-8129.14
266	0.118787	-8096.39
267	0.118787	-8160.45
268	0.118787	-8158.03
269	0.118787	-8134.97
270	0.118787	-8139.59
271	0.118787	-8171.82
272	0.118787	-8171.1
273	0.118787	-8132.3
274	0.118787	-8186.56
275	0.118787	-8160.56
276	0.118787	-8137.57
277	0.118787	-8137.09
278	0.118787	-8187.28
279	0.118787	-8131.11
280	0.118787	-8127.53
281	0.118787	-8131.18
282	0.118787	-8136.14
283	0.118787	-8101.84
284	0.118787	-8110.25
285	0.118787	-8084.79
286	0.118787	-8073.09
287	0.118787	-8094.63
288	0.118787	-8101.13
289	0.118787	-8091.61
290	0.118787	-8110.09
291	0.118787	-8122.55
292	0.118787	-8115.67
293	0.118787	-8170.65
294	0.118787	-8126.09
295	0.118787	-8159
296	0.118787	-8148.63
297	0.118787	-8120.22
298	0.118787	-8127.09
299	0.118787	-8091.69
300	0.118787	-8103.39
301	0.118787	-8104.27
302	0.118787	-8091.72
303	0.118787	-8073.73
304	0.118787	-8077.99
305	0.118787	-8127.4
306	0.118787	-8091.73
307	0.118787	-8100.89
308	0.118787	-8079.54
309	0.118787	-8061.2
310	0.118787	-8117.95
311	0.118787	-8123.35
312	0.118787	-8152.39
313	0.118787	-8125.76
314	0.118787	-8093.34
315	0.118787	-8070.2
316	0.118787	-8121.78
317	0.118787	-8108.65
318	0.118787	-8097.51
319	0.118787	-8133.87
320	0.118787	-8115.92
321	0.118787	-8101.89
322	0.118787	-8105.97
323	0.118787	-8137.75
324	0.118787	-8114.79
325	0.118787	-8090.85
326	0.118787	-8075.14
327	0.118787	-8088.13
328	0.118787	-8072.42
329	0.118787	-8087.07
330	0.118787	-8102.18
331	0.118787	-8104.61
332	0.118787	-8108.41
333	0.118787	-8095.7
334	0.118787	-8151.93
335	0.118787	-8124.84
336	0.118787	-8105.04
337	0.118787	-8108.91
338	0.118787	-8165.59
339	0.118787	-8132.22
340	0.118787	-8123.43
341	0.118787	-8141.58
342	0.118787	-8122.7
343	0.118787	-8143.86
344	0.118787	-8095.97
345	0.118787	-8100.38
346	0.118787	-8075.8
347	0.118787	-8098.63
348	0.118787	-8116.69
349	0.118787	-8109.09
350	0.118787	-8130.41
351	0.118787	-8122.24
352	0.118787	-8124.55
353	0.118787	-8069.72
354	0.118787	-8084.27
355	0.118787	-8088.46
356	0.118787	-8075.92
357	0.118787	-8107.57
358	0.118787	-8099.35
359	0.118787	-8125.62
360	0.118787	-8095.81
361	0.118787	-8144.91
362	0.118787	-8116.18
363	0.118787	-8088.17
364	0.118787	-8071.46
365	0.118787	-8077.86
366	0.118787	-8091.47
367	0.118787	-8108.41
368	0.118787	-8097.03
369	0.118787	-8083.94
370	0.118787	-8078.91
371	0.118787	-8097.01
372	0.118787	-8123.59
373	0.118787	-8159.61
374	0.118787	-8127.47
375	0.118787	-8119.41
376	0.118787	-8070.4
377	0.118787	-8101.57
378	0.118787	-8069.01
379	0.118787	-8101.01
380	0.118787	-8120.14
381	0.118787	-8139.27
382	0.118787	-8099.15
383	0.118787	-8095.9
384	0.118787	-8137.94
385	0.118787	-8127.74
386	0.118787	-8095.9
387	0.118787	-8090.47
388	0.118787	-8114.24
389	0.118787	-8106.84
390	0.118787	-8114.09
391	0.118787	-8154.18
392	0.118787	-8137.35
393	0.118787	-8115.7
394	0.118787	-8117.13
395	0.118787	-8077.14
396	0.118787	-8085.55
397	0.118787	-8094.09
398	0.118787	-8114.94
399	0.118787	-8129.67
400	0.118787	-8105.2
401	0.118787	-8098.48
402	0.118787	-8104.88
403	0.118787	-8108.66
404	0.118787	-8116.55
405	0.118787	-8118.87
406	0.118787	-8135.16
407	0.118787	-8117.16
408	0.118787	-8089.85
409	0.118787	-8132.29
410	0.118787	-8100.94
411	0.118787	-8105.93
412	0.118787	-8141.07
413	0.118787	-8200.28
414	0.118787	-8120.66
415	0.118787	-8085.03
416	0.118787	-8110.11
417	0.118787	-8150.63
418	0.118787	-8172.99
419	0.118787	-8097.62
420	0.118787	-8123.61
421	0.118787	-8150.23
422	0.118787	-8137.48
423	0.118787	-8146.49
424	0.118787	-8163.84
425	0.118787	-8136.86
426	0.118787	-8152.15
427	0.118787	-8173.92
428	0.118787	-8137.15
429	0.118787	-8093.28
430	0.118787	-8126.69
431	0.118787	-8155.81
432	0.118787	-8144.48
433	0.118787	-8087.12
434	0.118787	-8089.87
435	0.118787	-8128.39
436	0.118787	-8113.56
437	0.118787	-8132.6
438	0.118787	-8226.96
439	0.118787	-8143.18
440	0.118787	-8117.15
441	0.118787	-8144.44
442	0.118787	-8272.67
443	0.118787	-8237.43
444	0.118787	-8159.55
445	0.118787	-8088.5
446	0.118787	-8078.33
447	0.118787	-8116.43
448	0.118787	-8073.69
449	0.118787	-8047.41
450	0.118787	-8054.98
451	0.118787	-8088.53
452	0.118787	-8119.59
453	0.118787	-8128.59
454	0.118787	-8148.74
455	0.118787	-8097.25
456	0.118787	-8072.79
457	0.118787	-8133.09
458	0.118787	-8106.92
459	0.118787	-8126.53
460	0.118787	-8128.54
461	0.118787	-8122.97
462	0.118787	-8141.86
463	0.118787	-8142.33
464	0.118787	-8104.59
465	0.118787	-8101.18
466	0.118787	-8080.03
467	0.118787	-8112.97
468	0.118787	-8120.89
469	0.118787	-8091.19
470	0.118787	-8133.33
471	0.118787	-8129.66
472	0.118787	-8134.08
473	0.118787	-8145.24
474	0.118787	-8196.03
475	0.118787	-8201.44
476	0.118787	-8153.33
477	0.118787	-8162.28
478	0.118787	-8121.61
479	0.118787	-8134.8
480	0.118787	-8081.29
481	0.118787	-8087.45
482	0.118787	-8099.93
483	0.118787	-8106.29
484	0.118787	-8088.31
485	0.118787	-8109.61
486	0.118787	-8071.05
487	0.118787	-8134.96
488	0.118787	-8106.47
489	0.118787	-8063.25
490	0.118787	-8141.77
491	0.118787	-8140.07
492	0.118787	-8148.5
493	0.118787	-8187.9
494	0.118787	-8186.85
495	0.118787	-8164.93
496	0.118787	-8139.48
497	0.118787	-8164.25
498	0.118787	-8201.95
499	0.118787	-8238.78
500	0.118787	-8210.94
501	0.118787	-8217.97
502	0.118787	-8134.89
503	0.118787	-8147.69
504	0.118787	-8137.92
505	0.118787	-8127.49
506	0.118787	-8128.55
507	0.118787	-8093.57
508	0.118787	-8127.92
509	0.118787	-8105.69
510	0.118787	-8082.19
511	0.118787	-8091.99
512	0.118787	-8120.03
513	0.118787	-8122.81
514	0.118787	-8173.28
515	0.118787	-8121.04
516	0.118787	-8201.8
517	0.118787	-8172.15
518	0.118787	-8117.92
519	0.118787	-8126.4
520	0.118787	-8184.24
521	0.118787	-8096.81
522	0.118787	-8170.94
523	0.118787	-8093.94
524	0.118787	-8109.53
525	0.118787	-8096.37
526	0.118787	-8063.86
527	0.118787	-8151.64
528	0.118787	-8127.61
529	0.118787	-8159.41
530	0.118787	-8173.97
531	0.118787	-8132.38
532	0.118787	-8130.8
533	0.118787	-8124.24
534	0.118787	-8140.9
535	0.118787	-8167.39
536	0.118787	-8138.89
537	0.118787	-8140.21
538	0.118787	-8096.36
539	0.118787	-8139.54
540	0.118787	-8172.52
541	0.118787	-8087.54
542	0.118787	-8164.83
543	0.118787	-8171.39
544	0.118787	-8163.56
545	0.118787	-8136.3
546	0.118787	-8128.51
547	0.118787	-8135.06
548	0.118787	-8109.69
549	0.118787	-8161.38
550	0.118787	-8169.62
551	0.118787	-8143.94
552	0.118787	-8150.09
553	0.118787	-8183.75
554	0.118787	-8139.29
555	0.118787	-8122.89
556	0.118787	-8103.47
557	0.118787	-8105.1
558	0.118787	-8107.38
559	0.118787	-8161.71
560	0.118787	-8134.1
561	0.118787	-8124.42
562	0.118787	-8124.9
563	0.118787	-8123.52
564	0.118787	-8110.65
565	0.118787	-8133.02
566	0.118787	-8113.58
567	0.118787	-8099.45
568	0.118787	-8151.46
569	0.118787	-8151.53
570	0.118787	-8125.51
571	0.118787	-8114.19
572	0.118787	-8115.78
573	0.118787	-8114.18
574	0.118787	-8118.6
575	0.118787	-8101.72
576	0.118787	-8100.63
577	0.118787	-8071.69
578	0.118787	-8066.17
579	0.118787	-8124.16
580	0.118787	-8133.77
581	0.118787	-8103.54
582	0.118787	-8089.17
583	0.118787	-8113.39
584	0.118787	-8144.34
585	0.118787	-8126.2
586	0.118787	-8126.88
587	0.118787	-8099.73
588	0.118787	-8112.78
589	0.118787	-8105.96
590	0.118787	-8117.92
591	0.118787	-8129.16
592	0.118787	-8119.62
593	0.118787	-8177.79
594	0.118787	-8169.64
595	0.118787	-8134.41
596	0.118787	-8204.42
597	0.118787	-8123.21
598	0.118787	-8097.46
599	0.118787	-8101.65
600	0.118787	-8115.44
601	0.118787	-8161.74
602	0.118787	-8168.58
603	0.118787	-8133.04
604	0.118787	-8149.39
605	0.118787	-8114.13
606	0.118787	-8176.96
607	0.118787	-8172.68
608	0.118787	-8277.79
609	0.118787	-8208.78
610	0.118787	-8195.71
611	0.118787	-8135.94
612	0.118787	-8113.75
613	0.118787	-8091.13
614	0.118787	-8081.81
615	0.118787	-8114.77
616	0.118787	-8110.51
617	0.118787	-8131.14
618	0.118787	-8167.75
619	0.118787	-8126.59
620	0.118787	-8114.12
621	0.118787	-8109.17
622	0.118787	-8100.75
623	0.118787	-8107.55
624	0.118787	-8081.11
625	0.118787	-8161.63
626	0.118787	-8146.37
627	0.118787	-8110.82
628	0.118787	-8125.51
629	0.118787	-8095.15
630	0.118787	-8192.7
631	0.118787	-8134.25
632	0.118787	-8187.89
633	0.118787	-8184.52
634	0.118787	-8148.54
635	0.118787	-8097.7
636	0.118787	-8141.29
637	0.118787	-8091.08
638	0.118787	-8118.94
639	0.118787	-8086.5
640	0.118787	-8106.56
641	0.118787	-8120.96
642	0.118787	-8127.93
643	0.118787	-8068.08
644	0.118787	-8135.6
645	0.118787	-8134.93
646	0.118787	-8099.43
647	0.118787	-8129.84
648	0.118787	-8171.98
649	0.118787	-8191.48
650	0.118787	-8146.76
651	0.118787	-8112.98
652	0.118787	-8082.41
653	0.118787	-8140.7
654	0.118787	-8069.92
655	0.118787	-8040.67
656	0.118787	-8086.48
657	0.118787	-8079.94
658	0.118787	-8138.07
659	0.118787	-8153.67
660	0.118787	-8149.46
661	0.118787	-8222.43
662	0.118787	-8177.14
663	0.118787	-8237.52
664	0.118787	-8173.77
665	0.118787	-8163.36
666	0.118787	-8139.61
667	0.118787	-8155.64
668	0.118787	-8194
669	0.118787	-8141.62
670	0.118787	-8153.71
671	0.118787	-8125.82
672	0.118787	-8072.64
673	0.118787	-8080.34
674	0.118787	-8090.4
675	0.118787	-8128.48
676	0.118787	-8144.34
677	0.118787	-8117.37
678	0.118787	-8191.54
679	0.118787	-8177.55
680	0.118787	-8106.21
681	0.118787	-8111.16
682	0.118787	-8105.84
683	0.118787	-8075.23
684	0.118787	-8083.08
685	0.118787	-8061.52
686	0.118787	-8107.05
687	0.118787	-8080.38
688	0.118787	-8118.53
689	0.118787	-8131.12
690	0.118787	-8126.51
691	0.118787	-8193.88
692	0.118787	-8161.9
693	0.118787	-8172.77
694	0.118787	-8189.5
695	0.118787	-8104.05
696	0.118787	-8152.45
697	0.118787	-8158.34
698	0.118787	-8192.21
699	0.118787	-8154.11
700	0.118787	-8127.18
701	0.118787	-8103.41
702	0.118787	-8101.27
703	0.118787	-8131.52
704	0.118787	-8140.34
705	0.118787	-8106.1
706	0.118787	-8114.55
707	0.118787	-8116.54
708	0.118787	-8049.45
709	0.118787	-8073.09
710	0.118787	-8093.84
711	0.118787	-8081.65
712	0.118787	-8127.01
713	0.118787	-8139.53
714	0.118787	-8159.08
715	0.118787	-8129.16
716	0.118787	-8118.25
717	0.118787	-8103.97
718	0.118787	-8112.33
719	0.118787	-8123.02
720	0.118787	-8096.79
721	0.118787	-8109.86
722	0.118787	-8074.6
723	0.118787	-8071.18
724	0.118787	-8125.3
725	0.118787	-8136.64
726	0.118787	-8163.27
727	0.118787	-8141.32
728	0.118787	-8124.2
729	0.118787	-8176.98
730	0.118787	-8137.2
731	0.118787	-8093.07
732	0.118787	-8115.69
733	0.118787	-8112.41
734	0.118787	-8129.6
735	0.118787	-8115.28
736	0.118787	-8155.65
737	0.118787	-8146.54
738	0.118787	-8091.33
739	0.118787	-8094.54
740	0.118787	-8072.45
741	0.118787	-8147.7
742	0.118787	-8157.91
743	0.118787	-8104.58
744	0.118787	-8100.86
745	0.118787	-8104.14
746	0.118787	-8096.89
747	0.118787	-8060.98
748	0.118787	-8068.06
749	0.118787	-8125.35
750	0.118787	-8094.07
751	0.118787	-8104.55
752	0.118787	-8087.71
753	0.118787	-8128.16
754	0.118787	-8111.72
755	0.118787	-8135.75
756	0.118787	-8088.08
757	0.118787	-8105.78
758	0.118787	-8153.18
759	0.118787	-8120.06
760	0.118787	-8072.96
761	0.118787	-8081.39
762	0.118787	-8096.73
763	0.118787	-8109.59
764	0.118787	-8103.97
765	0.118787	-8127.08
766	0.118787	-8114.68
767	0.118787	-8174.04
768	0.118787	-8159.54
769	0.118787	-8073.8
770	0.118787	-8073.56
771	0.118787	-8080.05
772	0.118787	-8105.46
773	0.118787	-8108.11
774	0.118787	-8126.67
775	0.118787	-8109.77
776	0.118787	-8173.98
777	0.118787	-8215.39
778	0.118787	-8165.76
779	0.118787	-8102.03
780	0.118787	-8167.44
781	0.118787	-8152.76
782	0.118787	-8137
783	0.118787	-8160.83
784	0.118787	-8121.27
785	0.118787	-8147.48
786	0.118787	-8119.97
787	0.118787	-8064.16
788	0.118787	-8146.8
789	0.118787	-8129.76
790	0.118787	-8130.76
791	0.118787	-8172.89
792	0.118787	-8158.29
793	0.118787	-8217.78
794	0.118787	-8163.43
795	0.118787	-8109.08
796	0.118787	-8105.86
797	0.118787	-8080.27
798	0.118787	-8054.03
799	0.118787	-8096.6
800	0.118787	-8133.03
801	0.118787	-8125.21
802	0.118787	-8109.57
803	0.118787	-8125.06
804	0.118787	-8109.28
805	0.118787	-8119.14
806	0.118787	-8125.94
807	0.118787	-8131.43
808	0.118787	-8102.05
809	0.118787	-8200.78
810	0.118787	-8092.52
811	0.118787	-8089.31
812	0.118787	-8124.05
813	0.118787	-8132.43
814	0.118787	-8175.27
815	0.118787	-8182.93
816	0.118787	-8198.29
817	0.118787	-8136.56
818	0.118787	-8100.86
819	0.118787	-8165.97
820	0.118787	-8222.33
821	0.118787	-8161.51
822	0.118787	-8188.23
823	0.118787	-8160.89
824	0.118787	-8166.98
825	0.118787	-8102.75
826	0.118787	-8146.18
827	0.118787	-8180.94
828	0.118787	-8091.7
829	0.118787	-8149.01
830	0.118787	-8099.74
831	0.118787	-8077.2
832	0.118787	-8099.8
833	0.118787	-8097.99
834	0.118787	-8085.74
835	0.118787	-8073.36
836	0.118787	-8056.97
837	0.118787	-8041.79
838	0.118787	-8053.74
839	0.118787	-8070.12
840	0.118787	-8065.24
841	0.118787	-8102.03
842	0.118787	-8103.02
843	0.118787	-8144.18
844	0.118787	-8138.16
845	0.118787	-8099.42
846	0.118787	-8105.93
847	0.118787	-8079.83
848	0.118787	-8091.16
849	0.118787	-8143.9
850	0.118787	-8116.02
851	0.118787	-8128.9
852	0.118787	-8103.29
853	0.118787	-8130.76
854	0.118787	-8139.96
855	0.118787	-8079.67
856	0.118787	-8084.03
857	0.118787	-8082.86
858	0.118787	-8124.34
859	0.118787	-8112.63
860	0.118787	-8127.47
861	0.118787	-8117.91
862	0.118787	-8146.94
863	0.118787	-8124.19
864	0.118787	-8082.53
865	0.118787	-8169.72
866	0.118787	-8148.7
867	0.118787	-8126.31
868	0.118787	-8238.99
869	0.118787	-8210.36
870	0.118787	-8266.16
871	0.118787	-8213.13
872	0.118787	-8168.9
873	0.118787	-8133.08
874	0.118787	-8121.33
875	0.118787	-8114.86
876	0.118787	-8110.41
877	0.118787	-8087.54
878	0.118787	-8038.22
879	0.118787	-8078.76
880	0.118787	-8103.46
881	0.118787	-8129.45
882	0.118787	-8136.17
883	0.118787	-8117.19
884	0.118787	-8101.73
885	0.118787	-8090.81
886	0.118787	-8090.37
887	0.118787	-8123.04
888	0.118787	-8175.59
889	0.118787	-8182.66
890	0.118787	-8142.62
891	0.118787	-8159.26
892	0.118787	-8197.32
893	0.118787	-8168.15
894	0.118787	-8158.06
895	0.118787	-8122.56
896	0.118787	-8143.36
897	0.118787	-8142.03
898	0.118787	-8123.28
899	0.118787	-8144.57
900	0.118787	-8136.33
901	0.118787	-8118.66
902	0.118787	-8089.2
903	0.118787	-8132.93
904	0.118787	-8142.96
905	0.118787	-8101.85
906	0.118787	-8118.36
907	0.118787	-8115.71
908	0.118787	-8139.2
909	0.118787	-8133.33
910	0.118787	-8121.14
911	0.118787	-8102.26
912	0.118787	-8094.57
913	0.118787	-8085.47
914	0.118787	-8079.91
915	0.118787	-8071.02
916	0.118787	-8078.9
917	0.118787	-8133.64
918	0.118787	-8098.76
919	0.118787	-8137.05
920	0.118787	-8147.45
921	0.118787	-8095.38
922	0.118787	-8104.1
923	0.118787	-8098.74
924	0.118787	-8131.01
925	0.118787	-8117.32
926	0.118787	-8134.61
927	0.118787	-8138.33
928	0.118787	-8158.37
929	0.118787	-8135.68
930	0.118787	-8151.66
931	0.118787	-8145.35
932	0.118787	-8104.33
933	0.118787	-8099.66
934	0.118787	-8091.67
935	0.118787	-8177.91
936	0.118787	-8099.99
937	0.118787	-8160.73
938	0.118787	-8139.77
939	0.118787	-8093.22
940	0.118787	-8125.11
941	0.118787	-8092.26
942	0.118787	-8089.27
943	0.118787	-8115.47
944	0.118787	-8072.72
945	0.118787	-8094.43
946	0.118787	-8102.46
947	0.118787	-8122.7
948	0.118787	-8128.18
949	0.118787	-8079.48
950	0.118787	-8124.27
951	0.118787	-8126.24
952	0.118787	-8100.08
953	0.118787	-8145.39
954	0.118787	-8115.82
955	0.118787	-8139.33
956	0.118787	-8086.47
957	0.118787	-8093.08
958	0.118787	-8106.86
959	0.118787	-8103.35
960	0.118787	-8060.55
961	0.118787	-8088.05
962	0.118787	-8096.13
963	0.118787	-8072.47
964	0.118787	-8107.66
965	0.118787	-8166.93
966	0.118787	-8155.09
967	0.118787	-8140.47
968	0.118787	-8109.68
969	0.118787	-8103.45
970	0.118787	-8146.27
971	0.118787	-8090.42
972	0.118787	-8042.29
973	0.118787	-8080.8
974	0.118787	-8120.68
975	0.118787	-8079.27
976	0.118787	-8089.91
977	0.118787	-8115.47
978	0.118787	-8139.44
979	0.118787	-8084.7
980	0.118787	-8101.4
981	0.118787	-8093.52
982	0.118787	-8130.84
983	0.118787	-8123.81
984	0.118787	-8201.74
985	0.118787	-8179.6
986	0.118787	-8124.52
987	0.118787	-8172.6
988	0.118787	-8133.37
989	0.118787	-8113.42
990	0.118787	-8104.61
991	0.118787	-8121.65
992	0.118787	-8141.7
993	0.118787	-8142.92
994	0.118787	-8155.53
995	0.118787	-8177.18
996	0.118787	-8128.15
997	0.118787	-8156.6
998	0.118787	-8126.69
999	0.118787	-8102.46
1000	0.118787	-8136.45
