state	power	likelihood
251	0.160847	-8076.85
252	0.160847	-8082.61
253	0.160847	-8076.11
254	0.160847	-8081.29
255	0.160847	-8101.06
256	0.160847	-8074.39
257	0.160847	-8103.34
258	0.160847	-8114.95
259	0.160847	-8076.5
260	0.160847	-8074.46
261	0.160847	-8121.94
262	0.160847	-8115.46
263	0.160847	-8116.73
264	0.160847	-8106.28
265	0.160847	-8088.21
266	0.160847	-8075.11
267	0.160847	-8089.17
268	0.160847	-8060.73
269	0.160847	-8053.12
270	0.160847	-8048.58
271	0.160847	-8070.95
272	0.160847	-8102.73
273	0.160847	-8085.27
274	0.160847	-8082.95
275	0.160847	-8100.95
276	0.160847	-8091.56
277	0.160847	-8054.35
278	0.160847	-8043.37
279	0.160847	-8035.49
280	0.160847	-8037.21
281	0.160847	-8086.03
282	0.160847	-8068.09
283	0.160847	-8041.61
284	0.160847	-8060.96
285	0.160847	-8095.63
286	0.160847	-8075.29
287	0.160847	-8058.93
288	0.160847	-8071.07
289	0.160847	-8096.46
290	0.160847	-8120.69
291	0.160847	-8056.9
292	0.160847	-8095.48
293	0.160847	-8073.54
294	0.160847	-8076.67
295	0.160847	-8083.81
296	0.160847	-8127.47
297	0.160847	-8094.29
298	0.160847	-8062.57
299	0.160847	-8087.45
300	0.160847	-8091.19
301	0.160847	-8093.56
302	0.160847	-8081.75
303	0.160847	-8064.89
304	0.160847	-8062.17
305	0.160847	-8092.17
306	0.160847	-8063.74
307	0.160847	-8085.26
308	0.160847	-8076.78
309	0.160847	-8127.97
310	0.160847	-8086.54
311	0.160847	-8058.41
312	0.160847	-8086.99
313	0.160847	-8069.1
314	0.160847	-8059.21
315	0.160847	-8083.05
316	0.160847	-8076.89
317	0.160847	-8080.11
318	0.160847	-8111.8
319	0.160847	-8053.43
320	0.160847	-8097.68
321	0.160847	-8068.99
322	0.160847	-8063.01
323	0.160847	-8058.06
324	0.160847	-8082.14
325	0.160847	-8091.56
326	0.160847	-8097.19
327	0.160847	-8135.4
328	0.160847	-8105.08
329	0.160847	-8054.98
330	0.160847	-8055.5
331	0.160847	-8061.47
332	0.160847	-8070.62
333	0.160847	-8069.86
334	0.160847	-8107.87
335	0.160847	-8103.75
336	0.160847	-8074.6
337	0.160847	-8076.26
338	0.160847	-8075.71
339	0.160847	-8075.28
340	0.160847	-8062.08
341	0.160847	-8073.1
342	0.160847	-8085.18
343	0.160847	-8050.92
344	0.160847	-8094.02
345	0.160847	-8063.52
346	0.160847	-8098.43
347	0.160847	-8101.62
348	0.160847	-8082.49
349	0.160847	-8106.52
350	0.160847	-8084.87
351	0.160847	-8065.74
352	0.160847	-8084.43
353	0.160847	-8114.78
354	0.160847	-8122.61
355	0.160847	-8104.72
356	0.160847	-8136.55
357	0.160847	-8098.23
358	0.160847	-8090.41
359	0.160847	-8080.64
360	0.160847	-8108.62
361	0.160847	-8096.78
362	0.160847	-8094.68
363	0.160847	-8081.03
364	0.160847	-8073.09
365	0.160847	-8093.3
366	0.160847	-8099.98
367	0.160847	-8118.34
368	0.160847	-8110.22
369	0.160847	-8135.03
370	0.160847	-8108.73
371	0.160847	-8082.26
372	0.160847	-8071.55
373	0.160847	-8029.43
374	0.160847	-8077.95
375	0.160847	-8090.41
376	0.160847	-8059.6
377	0.160847	-8058.72
378	0.160847	-8071.31
379	0.160847	-8085.66
380	0.160847	-8100.85
381	0.160847	-8096.5
382	0.160847	-8053.72
383	0.160847	-8098.91
384	0.160847	-8101.55
385	0.160847	-8087.44
386	0.160847	-8071.98
387	0.160847	-8059.51
388	0.160847	-8056.8
389	0.160847	-8025.07
390	0.160847	-8048.32
391	0.160847	-8082.83
392	0.160847	-8039.38
393	0.160847	-8058.09
394	0.160847	-8109.8
395	0.160847	-8085.07
396	0.160847	-8061.41
397	0.160847	-8062.87
398	0.160847	-8063.83
399	0.160847	-8075.47
400	0.160847	-8096.18
401	0.160847	-8076.77
402	0.160847	-8108.98
403	0.160847	-8063.3
404	0.160847	-8065.01
405	0.160847	-8041.02
406	0.160847	-8048.04
407	0.160847	-8096.41
408	0.160847	-8064.04
409	0.160847	-8087.1
410	0.160847	-8085.55
411	0.160847	-8092.8
412	0.160847	-8100.45
413	0.160847	-8091.96
414	0.160847	-8089.51
415	0.160847	-8115.19
416	0.160847	-8123.12
417	0.160847	-8111.57
418	0.160847	-8092.1
419	0.160847	-8090.99
420	0.160847	-8083.06
421	0.160847	-8115.76
422	0.160847	-8108.73
423	0.160847	-8100.55
424	0.160847	-8104.43
425	0.160847	-8068.19
426	0.160847	-8068.32
427	0.160847	-8092.89
428	0.160847	-8113.93
429	0.160847	-8156.78
430	0.160847	-8151.55
431	0.160847	-8108.17
432	0.160847	-8103.93
433	0.160847	-8111.2
434	0.160847	-8122.29
435	0.160847	-8060.66
436	0.160847	-8072.24
437	0.160847	-8060.13
438	0.160847	-8079.41
439	0.160847	-8075.87
440	0.160847	-8071.71
441	0.160847	-8059.4
442	0.160847	-8057.7
443	0.160847	-8065.5
444	0.160847	-8049.6
445	0.160847	-8032.68
446	0.160847	-8051.26
447	0.160847	-8111.78
448	0.160847	-8091.34
449	0.160847	-8068.65
450	0.160847	-8072.93
451	0.160847	-8047.71
452	0.160847	-8036.27
453	0.160847	-8060.34
454	0.160847	-8087.53
455	0.160847	-8074.7
456	0.160847	-8123.01
457	0.160847	-8101.28
458	0.160847	-8102.49
459	0.160847	-8089.06
460	0.160847	-8073.19
461	0.160847	-8053.73
462	0.160847	-8075.62
463	0.160847	-8082.92
464	0.160847	-8075.28
465	0.160847	-8043.23
466	0.160847	-8094.11
467	0.160847	-8083.27
468	0.160847	-8086.36
469	0.160847	-8086.62
470	0.160847	-8086.32
471	0.160847	-8070.55
472	0.160847	-8081.29
473	0.160847	-8087.91
474	0.160847	-8077.07
475	0.160847	-8094.37
476	0.160847	-8118.08
477	0.160847	-8102.63
478	0.160847	-8110.15
479	0.160847	-8105.97
480	0.160847	-8088.04
481	0.160847	-8112.73
482	0.160847	-8104.3
483	0.160847	-8111
484	0.160847	-8104.87
485	0.160847	-8094.38
486	0.160847	-8135.26
487	0.160847	-8153.15
488	0.160847	-8131.84
489	0.160847	-8146.95
490	0.160847	-8110.98
491	0.160847	-8085.55
492	0.160847	-8080.85
493	0.160847	-8062.1
494	0.160847	-8055.98
495	0.160847	-8034.14
496	0.160847	-8075.32
497	0.160847	-8049.85
498	0.160847	-8037.85
499	0.160847	-8065.54
500	0.160847	-8055.32
501	0.160847	-8079.26
502	0.160847	-8065.3
503	0.160847	-8061.35
504	0.160847	-8064.9
505	0.160847	-8054.54
506	0.160847	-8056.32
507	0.160847	-8062.93
508	0.160847	-8074.72
509	0.160847	-8085.38
510	0.160847	-8111.47
511	0.160847	-8067
512	0.160847	-8057.98
513	0.160847	-8066.47
514	0.160847	-8077
515	0.160847	-8046.25
516	0.160847	-8088.7
517	0.160847	-8075.28
518	0.160847	-8068.89
519	0.160847	-8105.32
520	0.160847	-8146.46
521	0.160847	-8131.76
522	0.160847	-8103.14
523	0.160847	-8077.78
524	0.160847	-8055.45
525	0.160847	-8068.78
526	0.160847	-8083.28
527	0.160847	-8089.01
528	0.160847	-8103.29
529	0.160847	-8091.05
530	0.160847	-8071.91
531	0.160847	-8080.19
532	0.160847	-8082.26
533	0.160847	-8096.55
534	0.160847	-8070.08
535	0.160847	-8061.99
536	0.160847	-8053.72
537	0.160847	-8040.94
538	0.160847	-8088.19
539	0.160847	-8063.95
540	0.160847	-8033.91
541	0.160847	-8065.15
542	0.160847	-8027.8
543	0.160847	-8049.21
544	0.160847	-8070.52
545	0.160847	-8061.92
546	0.160847	-8074.96
547	0.160847	-8082.9
548	0.160847	-8079.88
549	0.160847	-8135.15
550	0.160847	-8091.01
551	0.160847	-8049.49
552	0.160847	-8082.72
553	0.160847	-8090.18
554	0.160847	-8083.41
555	0.160847	-8084.66
556	0.160847	-8100.93
557	0.160847	-8072.7
558	0.160847	-8062.9
559	0.160847	-8084.48
560	0.160847	-8106.02
561	0.160847	-8088.07
562	0.160847	-8107.69
563	0.160847	-8052.24
564	0.160847	-8060.89
565	0.160847	-8083.44
566	0.160847	-8072.12
567	0.160847	-8078.76
568	0.160847	-8078.6
569	0.160847	-8078.47
570	0.160847	-8113.23
571	0.160847	-8106.18
572	0.160847	-8077.9
573	0.160847	-8065.24
574	0.160847	-8067.29
575	0.160847	-8096.61
576	0.160847	-8143.8
577	0.160847	-8108.43
578	0.160847	-8094.35
579	0.160847	-8111.79
580	0.160847	-8144.41
581	0.160847	-8124.47
582	0.160847	-8074.83
583	0.160847	-8074.1
584	0.160847	-8105.13
585	0.160847	-8084.55
586	0.160847	-8081.08
587	0.160847	-8119.01
588	0.160847	-8076.36
589	0.160847	-8096.95
590	0.160847	-8060.48
591	0.160847	-8094.63
592	0.160847	-8108.34
593	0.160847	-8107.2
594	0.160847	-8085.18
595	0.160847	-8101.19
596	0.160847	-8113.42
597	0.160847	-8071.64
598	0.160847	-8085.8
599	0.160847	-8095.97
600	0.160847	-8109.12
601	0.160847	-8113.43
602	0.160847	-8130.94
603	0.160847	-8093.92
604	0.160847	-8096.55
605	0.160847	-8075.61
606	0.160847	-8127.83
607	0.160847	-8050.32
608	0.160847	-8040.19
609	0.160847	-8086.66
610	0.160847	-8086.66
611	0.160847	-8075.85
612	0.160847	-8071.85
613	0.160847	-8098.02
614	0.160847	-8092.12
615	0.160847	-8070.78
616	0.160847	-8088.85
617	0.160847	-8044.73
618	0.160847	-8070.22
619	0.160847	-8102.03
620	0.160847	-8089.15
621	0.160847	-8082.77
622	0.160847	-8086.33
623	0.160847	-8062.35
624	0.160847	-8132.64
625	0.160847	-8116.59
626	0.160847	-8073.56
627	0.160847	-8078.11
628	0.160847	-8110.53
629	0.160847	-8117.69
630	0.160847	-8088.63
631	0.160847	-8083.76
632	0.160847	-8051.52
633	0.160847	-8061.09
634	0.160847	-8078.07
635	0.160847	-8071.73
636	0.160847	-8082.09
637	0.160847	-8063.48
638	0.160847	-8085.98
639	0.160847	-8127.76
640	0.160847	-8150.48
641	0.160847	-8092.52
642	0.160847	-8103.32
643	0.160847	-8119.09
644	0.160847	-8064.36
645	0.160847	-8053.8
646	0.160847	-8032.74
647	0.160847	-8013.28
648	0.160847	-8014.86
649	0.160847	-8041.66
650	0.160847	-8070.8
651	0.160847	-8053.77
652	0.160847	-8110.12
653	0.160847	-8063.66
654	0.160847	-8060.98
655	0.160847	-8058.88
656	0.160847	-8030.61
657	0.160847	-8066.21
658	0.160847	-8047.41
659	0.160847	-8072.31
660	0.160847	-8076.3
661	0.160847	-8143.84
662	0.160847	-8079.14
663	0.160847	-8162.49
664	0.160847	-8101.38
665	0.160847	-8076.03
666	0.160847	-8068.33
667	0.160847	-8082.19
668	0.160847	-8101.54
669	0.160847	-8113.06
670	0.160847	-8098.02
671	0.160847	-8075.76
672	0.160847	-8127.83
673	0.160847	-8087.72
674	0.160847	-8112.79
675	0.160847	-8115.39
676	0.160847	-8115.89
677	0.160847	-8113.16
678	0.160847	-8104.89
679	0.160847	-8047.26
680	0.160847	-8063.5
681	0.160847	-8033.35
682	0.160847	-8048.41
683	0.160847	-8043.86
684	0.160847	-8043.6
685	0.160847	-8055.67
686	0.160847	-8037.53
687	0.160847	-8063.39
688	0.160847	-8083.85
689	0.160847	-8095.83
690	0.160847	-8071.71
691	0.160847	-8118.27
692	0.160847	-8078.92
693	0.160847	-8060.46
694	0.160847	-8082.06
695	0.160847	-8093.37
696	0.160847	-8106.2
697	0.160847	-8105.41
698	0.160847	-8119.47
699	0.160847	-8094.28
700	0.160847	-8068.55
701	0.160847	-8104.81
702	0.160847	-8060.09
703	0.160847	-8057.54
704	0.160847	-8034.21
705	0.160847	-8051.07
706	0.160847	-8066.97
707	0.160847	-8089.32
708	0.160847	-8084.76
709	0.160847	-8093.44
710	0.160847	-8101.22
711	0.160847	-8066.9
712	0.160847	-8068.76
713	0.160847	-8062.28
714	0.160847	-8103.34
715	0.160847	-8082.45
716	0.160847	-8096.09
717	0.160847	-8093.1
718	0.160847	-8113.77
719	0.160847	-8115.03
720	0.160847	-8098.91
721	0.160847	-8095.86
722	0.160847	-8059.24
723	0.160847	-8094.92
724	0.160847	-8060.43
725	0.160847	-8114.34
726	0.160847	-8117.58
727	0.160847	-8124.38
728	0.160847	-8060.53
729	0.160847	-8095.91
730	0.160847	-8152.15
731	0.160847	-8105.43
732	0.160847	-8117.06
733	0.160847	-8128.4
734	0.160847	-8105.25
735	0.160847	-8080.24
736	0.160847	-8092.44
737	0.160847	-8094.79
738	0.160847	-8091.74
739	0.160847	-8096.79
740	0.160847	-8090.13
741	0.160847	-8106.98
742	0.160847	-8079.61
743	0.160847	-8104.97
744	0.160847	-8118.4
745	0.160847	-8071.37
746	0.160847	-8105.39
747	0.160847	-8098.1
748	0.160847	-8078.13
749	0.160847	-8060.11
750	0.160847	-8052.37
751	0.160847	-8079.6
752	0.160847	-8059.66
753	0.160847	-8045.49
754	0.160847	-8081.45
755	0.160847	-8042.38
756	0.160847	-8049.05
757	0.160847	-8049.79
758	0.160847	-8058.47
759	0.160847	-8080.01
760	0.160847	-8058.67
761	0.160847	-8121.92
762	0.160847	-8084.19
763	0.160847	-8094.79
764	0.160847	-8130.11
765	0.160847	-8117.68
766	0.160847	-8134.9
767	0.160847	-8071.88
768	0.160847	-8107.69
769	0.160847	-8041.85
770	0.160847	-8035.02
771	0.160847	-8038.85
772	0.160847	-8098.36
773	0.160847	-8083.09
774	0.160847	-8074.31
775	0.160847	-8067.28
776	0.160847	-8076.98
777	0.160847	-8080.23
778	0.160847	-8083.01
779	0.160847	-8059.37
780	0.160847	-8053.99
781	0.160847	-8079.53
782	0.160847	-8087.61
783	0.160847	-8089.08
784	0.160847	-8115.18
785	0.160847	-8075.25
786	0.160847	-8066.89
787	0.160847	-8053.78
788	0.160847	-8041.3
789	0.160847	-8083.28
790	0.160847	-8083.21
791	0.160847	-8061.4
792	0.160847	-8054.07
793	0.160847	-8055.14
794	0.160847	-8049.64
795	0.160847	-8050.24
796	0.160847	-8067.66
797	0.160847	-8102.63
798	0.160847	-8099.4
799	0.160847	-8112.85
800	0.160847	-8076.81
801	0.160847	-8051.4
802	0.160847	-8098.44
803	0.160847	-8150.85
804	0.160847	-8108.27
805	0.160847	-8128.01
806	0.160847	-8118.68
807	0.160847	-8088.64
808	0.160847	-8083.44
809	0.160847	-8107.04
810	0.160847	-8154.02
811	0.160847	-8137.97
812	0.160847	-8111.72
813	0.160847	-8103.3
814	0.160847	-8120.84
815	0.160847	-8121.33
816	0.160847	-8089.29
817	0.160847	-8086.82
818	0.160847	-8063.75
819	0.160847	-8098.28
820	0.160847	-8081.87
821	0.160847	-8076.94
822	0.160847	-8074.52
823	0.160847	-8061
824	0.160847	-8063.64
825	0.160847	-8052.75
826	0.160847	-8068.2
827	0.160847	-8098.8
828	0.160847	-8109.89
829	0.160847	-8121.39
830	0.160847	-8111.4
831	0.160847	-8112.97
832	0.160847	-8103.19
833	0.160847	-8099.05
834	0.160847	-8070.72
835	0.160847	-8079.26
836	0.160847	-8057
837	0.160847	-8071.89
838	0.160847	-8088.16
839	0.160847	-8110.42
840	0.160847	-8085.42
841	0.160847	-8105.05
842	0.160847	-8064.97
843	0.160847	-8089.06
844	0.160847	-8073.59
845	0.160847	-8088.24
846	0.160847	-8042.16
847	0.160847	-8057.98
848	0.160847	-8119.77
849	0.160847	-8124.14
850	0.160847	-8089.16
851	0.160847	-8108.86
852	0.160847	-8103.34
853	0.160847	-8065.44
854	0.160847	-8056.55
855	0.160847	-8051.93
856	0.160847	-8090.31
857	0.160847	-8045.13
858	0.160847	-8071.21
859	0.160847	-8120.18
860	0.160847	-8077.32
861	0.160847	-8079.38
862	0.160847	-8064
863	0.160847	-8087.14
864	0.160847	-8087.76
865	0.160847	-8134.51
866	0.160847	-8079.04
867	0.160847	-8070.29
868	0.160847	-8091.03
869	0.160847	-8086.61
870	0.160847	-8104.38
871	0.160847	-8086.49
872	0.160847	-8114.25
873	0.160847	-8070.04
874	0.160847	-8107.85
875	0.160847	-8105.16
876	0.160847	-8135.59
877	0.160847	-8103.35
878	0.160847	-8097.49
879	0.160847	-8108.9
880	0.160847	-8113.72
881	0.160847	-8115.95
882	0.160847	-8131.71
883	0.160847	-8104.61
884	0.160847	-8117.29
885	0.160847	-8103.88
886	0.160847	-8113.51
887	0.160847	-8102.82
888	0.160847	-8102.45
889	0.160847	-8112.8
890	0.160847	-8134.88
891	0.160847	-8122.03
892	0.160847	-8119.59
893	0.160847	-8066.31
894	0.160847	-8067.94
895	0.160847	-8089.1
896	0.160847	-8068.11
897	0.160847	-8062.47
898	0.160847	-8086.75
899	0.160847	-8098.4
900	0.160847	-8072.07
901	0.160847	-8119.33
902	0.160847	-8122.48
903	0.160847	-8082.74
904	0.160847	-8087.21
905	0.160847	-8095.84
906	0.160847	-8072.37
907	0.160847	-8076.58
908	0.160847	-8053.32
909	0.160847	-8055.29
910	0.160847	-8090
911	0.160847	-8089.24
912	0.160847	-8082.53
913	0.160847	-8099
914	0.160847	-8085.75
915	0.160847	-8109.08
916	0.160847	-8086.62
917	0.160847	-8119.08
918	0.160847	-8095.72
919	0.160847	-8111.9
920	0.160847	-8097.2
921	0.160847	-8159.87
922	0.160847	-8092.16
923	0.160847	-8090.23
924	0.160847	-8065.65
925	0.160847	-8064.53
926	0.160847	-8061.17
927	0.160847	-8065.87
928	0.160847	-8062.64
929	0.160847	-8071.77
930	0.160847	-8057.87
931	0.160847	-8067.64
932	0.160847	-8069.94
933	0.160847	-8080.83
934	0.160847	-8078.18
935	0.160847	-8118.5
936	0.160847	-8074.96
937	0.160847	-8116.1
938	0.160847	-8090.91
939	0.160847	-8084.25
940	0.160847	-8107
941	0.160847	-8100.28
942	0.160847	-8083.79
943	0.160847	-8097.02
944	0.160847	-8108.66
945	0.160847	-8095.33
946	0.160847	-8067.04
947	0.160847	-8074.31
948	0.160847	-8070.05
949	0.160847	-8097.84
950	0.160847	-8118.67
951	0.160847	-8098.82
952	0.160847	-8083.1
953	0.160847	-8075.78
954	0.160847	-8071.11
955	0.160847	-8057.07
956	0.160847	-8043.36
957	0.160847	-8064.83
958	0.160847	-8077.65
959	0.160847	-8087.58
960	0.160847	-8067.05
961	0.160847	-8052.65
962	0.160847	-8057.3
963	0.160847	-8061.83
964	0.160847	-8078.58
965	0.160847	-8081.75
966	0.160847	-8075.59
967	0.160847	-8074.53
968	0.160847	-8078.75
969	0.160847	-8049.44
970	0.160847	-8067.35
971	0.160847	-8078.84
972	0.160847	-8079.22
973	0.160847	-8087.28
974	0.160847	-8096.35
975	0.160847	-8067.4
976	0.160847	-8068.83
977	0.160847	-8051.81
978	0.160847	-8043.27
979	0.160847	-8027.04
980	0.160847	-8048.93
981	0.160847	-8047.13
982	0.160847	-8067.55
983	0.160847	-8101.17
984	0.160847	-8078.43
985	0.160847	-8059.83
986	0.160847	-8078.91
987	0.160847	-8080.96
988	0.160847	-8085.63
989	0.160847	-8067.7
990	0.160847	-8075.19
991	0.160847	-8079.04
992	0.160847	-8103.88
993	0.160847	-8077.63
994	0.160847	-8075.24
995	0.160847	-8111.26
996	0.160847	-8103.62
997	0.160847	-8084.29
998	0.160847	-8058.28
999	0.160847	-8069.59
1000	0.160847	-8104.15
