state	power	likelihood
251	0.36251	-8028.5
252	0.36251	-8007.81
253	0.36251	-8005.94
254	0.36251	-8012.34
255	0.36251	-8014.04
256	0.36251	-8050.17
257	0.36251	-8022.76
258	0.36251	-8029.34
259	0.36251	-8023.67
260	0.36251	-8022.62
261	0.36251	-8055.52
262	0.36251	-8017.8
263	0.36251	-8014
264	0.36251	-8020.67
265	0.36251	-8010.82
266	0.36251	-8015.68
267	0.36251	-8003.94
268	0.36251	-8005.04
269	0.36251	-8025.25
270	0.36251	-8011.68
271	0.36251	-8027.79
272	0.36251	-8019.38
273	0.36251	-8015.73
274	0.36251	-8028.69
275	0.36251	-8040.52
276	0.36251	-8032.69
277	0.36251	-8038.25
278	0.36251	-8018.32
279	0.36251	-8020.65
280	0.36251	-8027.37
281	0.36251	-8015.02
282	0.36251	-8027.56
283	0.36251	-8020.41
284	0.36251	-8009.27
285	0.36251	-8010.41
286	0.36251	-8014.71
287	0.36251	-8010.8
288	0.36251	-8005.81
289	0.36251	-8002.67
290	0.36251	-8006.09
291	0.36251	-8010.17
292	0.36251	-8000.5
293	0.36251	-7996.26
294	0.36251	-8001.08
295	0.36251	-8013.91
296	0.36251	-8017.16
297	0.36251	-8004.69
298	0.36251	-8018.44
299	0.36251	-7997.17
300	0.36251	-8002.09
301	0.36251	-8006.62
302	0.36251	-8000.48
303	0.36251	-8017.19
304	0.36251	-8019.85
305	0.36251	-8021.01
306	0.36251	-8022.53
307	0.36251	-8027.15
308	0.36251	-8034.4
309	0.36251	-8036.87
310	0.36251	-8030.03
311	0.36251	-8004.95
312	0.36251	-8011.01
313	0.36251	-8018.65
314	0.36251	-8017.23
315	0.36251	-8016.57
316	0.36251	-8016.06
317	0.36251	-8021.67
318	0.36251	-8021.61
319	0.36251	-8017.39
320	0.36251	-8021.46
321	0.36251	-8008.13
322	0.36251	-8037.56
323	0.36251	-8025.56
324	0.36251	-8021.69
325	0.36251	-8018.84
326	0.36251	-8019.87
327	0.36251	-8022.68
328	0.36251	-8017.51
329	0.36251	-8009.9
330	0.36251	-8004.13
331	0.36251	-8023.55
332	0.36251	-8020.56
333	0.36251	-8042.28
334	0.36251	-8050.61
335	0.36251	-8037.71
336	0.36251	-8045.17
337	0.36251	-8039.76
338	0.36251	-8029.86
339	0.36251	-8012.9
340	0.36251	-8023.29
341	0.36251	-8023.12
342	0.36251	-8022.37
343	0.36251	-8037.54
344	0.36251	-8022.79
345	0.36251	-8022.71
346	0.36251	-8023.83
347	0.36251	-8029.13
348	0.36251	-8026.38
349	0.36251	-8031.72
350	0.36251	-8033.4
351	0.36251	-8027.99
352	0.36251	-8042.71
353	0.36251	-8040.56
354	0.36251	-8038.85
355	0.36251	-8009.41
356	0.36251	-8016.19
357	0.36251	-8011.12
358	0.36251	-8030.53
359	0.36251	-8012.44
360	0.36251	-8026.09
361	0.36251	-8020.67
362	0.36251	-8018.56
363	0.36251	-8014.24
364	0.36251	-8016.74
365	0.36251	-8016.3
366	0.36251	-7998.63
367	0.36251	-8014.29
368	0.36251	-8007.14
369	0.36251	-8008.71
370	0.36251	-8008.61
371	0.36251	-8016.56
372	0.36251	-8020.03
373	0.36251	-8012.19
374	0.36251	-8018.65
375	0.36251	-8004.44
376	0.36251	-8017.24
377	0.36251	-8018.19
378	0.36251	-8024
379	0.36251	-8012.51
380	0.36251	-8015.73
381	0.36251	-8022.78
382	0.36251	-8024.98
383	0.36251	-8030.82
384	0.36251	-8030.03
385	0.36251	-8043.23
386	0.36251	-8047.72
387	0.36251	-8024.98
388	0.36251	-8034.33
389	0.36251	-8029.93
390	0.36251	-8041.99
391	0.36251	-8038.12
392	0.36251	-8019.02
393	0.36251	-8026.78
394	0.36251	-8015.93
395	0.36251	-8007.79
396	0.36251	-8001.91
397	0.36251	-8007.82
398	0.36251	-8004.74
399	0.36251	-8008.88
400	0.36251	-8006.16
401	0.36251	-8025.36
402	0.36251	-8017.65
403	0.36251	-8035.05
404	0.36251	-8036.97
405	0.36251	-8046.54
406	0.36251	-8033.48
407	0.36251	-8034.63
408	0.36251	-8007.74
409	0.36251	-8003.99
410	0.36251	-8028.74
411	0.36251	-8007.93
412	0.36251	-8024.18
413	0.36251	-8030.29
414	0.36251	-8031.23
415	0.36251	-8016.68
416	0.36251	-8017.39
417	0.36251	-8007.17
418	0.36251	-8022.13
419	0.36251	-8020.81
420	0.36251	-8022.87
421	0.36251	-8019.46
422	0.36251	-8038.94
423	0.36251	-8019.75
424	0.36251	-8015.5
425	0.36251	-8015.97
426	0.36251	-8014.05
427	0.36251	-8006.66
428	0.36251	-8000.74
429	0.36251	-8006.45
430	0.36251	-8017.96
431	0.36251	-8017.6
432	0.36251	-8020.7
433	0.36251	-8018.41
434	0.36251	-8031.02
435	0.36251	-8037.6
436	0.36251	-8041.06
437	0.36251	-8026.28
438	0.36251	-8025.8
439	0.36251	-8024.87
440	0.36251	-8015.57
441	0.36251	-8027.23
442	0.36251	-8017.06
443	0.36251	-8025.63
444	0.36251	-8012.42
445	0.36251	-8030.73
446	0.36251	-8035.27
447	0.36251	-8050.01
448	0.36251	-8043.23
449	0.36251	-8039.97
450	0.36251	-8022.63
451	0.36251	-8029.91
452	0.36251	-8017.14
453	0.36251	-8013.24
454	0.36251	-8019.07
455	0.36251	-8009.78
456	0.36251	-8009.14
457	0.36251	-8034.53
458	0.36251	-8027.2
459	0.36251	-8015.7
460	0.36251	-8019.97
461	0.36251	-8015.4
462	0.36251	-8014.05
463	0.36251	-8032.76
464	0.36251	-8014.54
465	0.36251	-8007.39
466	0.36251	-8006.69
467	0.36251	-8022.89
468	0.36251	-8030.33
469	0.36251	-8005.08
470	0.36251	-8021.56
471	0.36251	-8022.66
472	0.36251	-8023.21
473	0.36251	-8029.73
474	0.36251	-8026.42
475	0.36251	-8024.69
476	0.36251	-8021.06
477	0.36251	-8024.49
478	0.36251	-8032.7
479	0.36251	-8051.34
480	0.36251	-8052.55
481	0.36251	-8056.84
482	0.36251	-8048.83
483	0.36251	-8049.37
484	0.36251	-8029.76
485	0.36251	-8018.07
486	0.36251	-8027.16
487	0.36251	-8006.49
488	0.36251	-8020.38
489	0.36251	-8020.21
490	0.36251	-8023.79
491	0.36251	-8010.57
492	0.36251	-8025.11
493	0.36251	-8021.73
494	0.36251	-8010
495	0.36251	-8004.58
496	0.36251	-8015.19
497	0.36251	-8007.28
498	0.36251	-8006.12
499	0.36251	-8017.54
500	0.36251	-8010.7
501	0.36251	-8022.77
502	0.36251	-8034.57
503	0.36251	-8026.43
504	0.36251	-8017.59
505	0.36251	-8040.82
506	0.36251	-8044.62
507	0.36251	-8026.26
508	0.36251	-8037.61
509	0.36251	-8037.22
510	0.36251	-8006.86
511	0.36251	-8011.99
512	0.36251	-8014.97
513	0.36251	-8032.12
514	0.36251	-8036.03
515	0.36251	-8029.19
516	0.36251	-8018.84
517	0.36251	-8018.92
518	0.36251	-8022.78
519	0.36251	-8038.81
520	0.36251	-8034.54
521	0.36251	-8031.59
522	0.36251	-8018.95
523	0.36251	-8020.15
524	0.36251	-8007.48
525	0.36251	-8006.55
526	0.36251	-8001.24
527	0.36251	-8006.9
528	0.36251	-7996.39
529	0.36251	-8004.75
530	0.36251	-8008.5
531	0.36251	-8050.47
532	0.36251	-8026.58
533	0.36251	-8048.65
534	0.36251	-8034.65
535	0.36251	-8024.37
536	0.36251	-8032.1
537	0.36251	-8019.48
538	0.36251	-8023.31
539	0.36251	-8025.96
540	0.36251	-8019.27
541	0.36251	-8009.67
542	0.36251	-8018.84
543	0.36251	-8010.51
544	0.36251	-8010.34
545	0.36251	-8015.52
546	0.36251	-8013.81
547	0.36251	-8029.26
548	0.36251	-8007.37
549	0.36251	-8017.6
550	0.36251	-8017.29
551	0.36251	-8015.17
552	0.36251	-8016.84
553	0.36251	-8025.3
554	0.36251	-8034.59
555	0.36251	-8020.74
556	0.36251	-8014.48
557	0.36251	-8015.19
558	0.36251	-8020.74
559	0.36251	-8010.65
560	0.36251	-8013.98
561	0.36251	-8017.59
562	0.36251	-8014.65
563	0.36251	-8021.07
564	0.36251	-8020.4
565	0.36251	-8010.74
566	0.36251	-8004.7
567	0.36251	-8026.69
568	0.36251	-8018.04
569	0.36251	-8017.22
570	0.36251	-8009.14
571	0.36251	-7995.38
572	0.36251	-8014.11
573	0.36251	-8013.13
574	0.36251	-8029.33
575	0.36251	-8015.1
576	0.36251	-8038.24
577	0.36251	-8014
578	0.36251	-8041.1
579	0.36251	-8033.65
580	0.36251	-8019.59
581	0.36251	-8024.61
582	0.36251	-8040.49
583	0.36251	-8036.29
584	0.36251	-8044.61
585	0.36251	-8045.07
586	0.36251	-8054.27
587	0.36251	-8051.98
588	0.36251	-8062.51
589	0.36251	-8034.9
590	0.36251	-8037.67
591	0.36251	-8042.01
592	0.36251	-8042.49
593	0.36251	-8048.6
594	0.36251	-8029.07
595	0.36251	-8020.68
596	0.36251	-8026.71
597	0.36251	-8027.02
598	0.36251	-8027.56
599	0.36251	-8011.35
600	0.36251	-8025.85
601	0.36251	-8027.47
602	0.36251	-8008.74
603	0.36251	-8019.99
604	0.36251	-8005.17
605	0.36251	-8015.65
606	0.36251	-8024.4
607	0.36251	-8023.72
608	0.36251	-8011.37
609	0.36251	-8033.47
610	0.36251	-8022.52
611	0.36251	-8017.18
612	0.36251	-8015.3
613	0.36251	-8011.64
614	0.36251	-8014.62
615	0.36251	-8008.73
616	0.36251	-8016.92
617	0.36251	-8039.85
618	0.36251	-8057.38
619	0.36251	-8029.1
620	0.36251	-8042.11
621	0.36251	-8052.77
622	0.36251	-8031.15
623	0.36251	-8012.55
624	0.36251	-8017.82
625	0.36251	-8022.31
626	0.36251	-8036.48
627	0.36251	-8026.85
628	0.36251	-8022.34
629	0.36251	-8001.77
630	0.36251	-8023.54
631	0.36251	-8026.55
632	0.36251	-8060.18
633	0.36251	-8059.16
634	0.36251	-8042.92
635	0.36251	-8008.58
636	0.36251	-8014.12
637	0.36251	-8017.04
638	0.36251	-8030.18
639	0.36251	-8028.52
640	0.36251	-8015.18
641	0.36251	-8025.14
642	0.36251	-8011.25
643	0.36251	-8016.64
644	0.36251	-8002
645	0.36251	-8007.82
646	0.36251	-8028.64
647	0.36251	-8044.65
648	0.36251	-8039.32
649	0.36251	-8049.8
650	0.36251	-8044.07
651	0.36251	-8036.91
652	0.36251	-8051.48
653	0.36251	-8027.41
654	0.36251	-8025.04
655	0.36251	-8027.7
656	0.36251	-8023.59
657	0.36251	-8018.74
658	0.36251	-8025.03
659	0.36251	-8002.46
660	0.36251	-8010.11
661	0.36251	-8011.55
662	0.36251	-8012.47
663	0.36251	-8015.97
664	0.36251	-8022.96
665	0.36251	-8030.5
666	0.36251	-8040.64
667	0.36251	-8043.23
668	0.36251	-8041.91
669	0.36251	-8054.77
670	0.36251	-8043.8
671	0.36251	-8016.2
672	0.36251	-8028.32
673	0.36251	-8016.41
674	0.36251	-8021.49
675	0.36251	-8028.68
676	0.36251	-8021.44
677	0.36251	-8026.6
678	0.36251	-8014.69
679	0.36251	-8014.52
680	0.36251	-8021.47
681	0.36251	-8019.77
682	0.36251	-8026.63
683	0.36251	-8029.51
684	0.36251	-8021.24
685	0.36251	-8018.55
686	0.36251	-8031.5
687	0.36251	-8047.26
688	0.36251	-8010.66
689	0.36251	-8019.36
690	0.36251	-8030.77
691	0.36251	-8036.16
692	0.36251	-8024.49
693	0.36251	-8020.43
694	0.36251	-8018.93
695	0.36251	-8026.76
696	0.36251	-8023.32
697	0.36251	-8013.61
698	0.36251	-8009.13
699	0.36251	-8011.79
700	0.36251	-8023.34
701	0.36251	-8018.22
702	0.36251	-8011.36
703	0.36251	-8027.89
704	0.36251	-8027.84
705	0.36251	-8023.78
706	0.36251	-8040.11
707	0.36251	-8037.99
708	0.36251	-8034.95
709	0.36251	-8033.2
710	0.36251	-8025.53
711	0.36251	-8030.49
712	0.36251	-8020.88
713	0.36251	-8023.42
714	0.36251	-8008.87
715	0.36251	-8007.38
716	0.36251	-8010.94
717	0.36251	-8031.47
718	0.36251	-8004.64
719	0.36251	-8007.29
720	0.36251	-8008.72
721	0.36251	-8014.21
722	0.36251	-8029.97
723	0.36251	-8043.33
724	0.36251	-8045.52
725	0.36251	-8043.44
726	0.36251	-8040.54
727	0.36251	-8031.86
728	0.36251	-8040.34
729	0.36251	-8031.44
730	0.36251	-8034.21
731	0.36251	-8040.75
732	0.36251	-8033.4
733	0.36251	-8036.79
734	0.36251	-8019.53
735	0.36251	-8008.17
736	0.36251	-8023.07
737	0.36251	-8026.96
738	0.36251	-8024.83
739	0.36251	-8043.67
740	0.36251	-8008.74
741	0.36251	-8022.7
742	0.36251	-8022.83
743	0.36251	-8035.8
744	0.36251	-8037.42
745	0.36251	-8021.59
746	0.36251	-8013.5
747	0.36251	-8018.03
748	0.36251	-8009.91
749	0.36251	-7999.11
750	0.36251	-8004.81
751	0.36251	-8012.7
752	0.36251	-8007.29
753	0.36251	-8014.14
754	0.36251	-8018.26
755	0.36251	-8009.79
756	0.36251	-8016.58
757	0.36251	-8006.69
758	0.36251	-8004.27
759	0.36251	-8020.24
760	0.36251	-8022.98
761	0.36251	-8030.97
762	0.36251	-8025.32
763	0.36251	-8016.55
764	0.36251	-7988.82
765	0.36251	-7995.2
766	0.36251	-7998.64
767	0.36251	-8001.91
768	0.36251	-8005.38
769	0.36251	-8019.8
770	0.36251	-8001.54
771	0.36251	-8009.1
772	0.36251	-8015.99
773	0.36251	-8018.74
774	0.36251	-8019.77
775	0.36251	-8022.35
776	0.36251	-8025.98
777	0.36251	-8022.41
778	0.36251	-8010.78
779	0.36251	-7999.66
780	0.36251	-8002.85
781	0.36251	-8014.54
782	0.36251	-8014.37
783	0.36251	-8021.2
784	0.36251	-8020.72
785	0.36251	-8034.23
786	0.36251	-8034.75
787	0.36251	-8015.81
788	0.36251	-8024.09
789	0.36251	-8010.65
790	0.36251	-8017.53
791	0.36251	-8020.58
792	0.36251	-8025.65
793	0.36251	-8021.92
794	0.36251	-8021.72
795	0.36251	-8022.43
796	0.36251	-8019.92
797	0.36251	-8039.37
798	0.36251	-8034.87
799	0.36251	-8014.75
800	0.36251	-8014.45
801	0.36251	-8040.72
802	0.36251	-8026.33
803	0.36251	-8010.76
804	0.36251	-8025.53
805	0.36251	-8026.97
806	0.36251	-8048.42
807	0.36251	-8032.23
808	0.36251	-8040.13
809	0.36251	-8019.64
810	0.36251	-8004.85
811	0.36251	-7998.72
812	0.36251	-8009.36
813	0.36251	-8014.16
814	0.36251	-8007.7
815	0.36251	-8009.58
816	0.36251	-8022
817	0.36251	-8017.59
818	0.36251	-8025.84
819	0.36251	-8019.04
820	0.36251	-8006.42
821	0.36251	-8015.08
822	0.36251	-8018.59
823	0.36251	-8018.88
824	0.36251	-7995.27
825	0.36251	-8006.9
826	0.36251	-8005.56
827	0.36251	-8004.07
828	0.36251	-8013.52
829	0.36251	-8041.67
830	0.36251	-8026.75
831	0.36251	-8018.98
832	0.36251	-8018.6
833	0.36251	-8003.6
834	0.36251	-8020.23
835	0.36251	-8013.41
836	0.36251	-8008.7
837	0.36251	-8014.21
838	0.36251	-8034.35
839	0.36251	-8009.55
840	0.36251	-7997.51
841	0.36251	-8016.98
842	0.36251	-8011.36
843	0.36251	-8008.03
844	0.36251	-8012.82
845	0.36251	-8014.64
846	0.36251	-8018.74
847	0.36251	-8019.3
848	0.36251	-8008.08
849	0.36251	-8008.56
850	0.36251	-8008.69
851	0.36251	-8015.44
852	0.36251	-8021.04
853	0.36251	-8034.56
854	0.36251	-8041.38
855	0.36251	-8028.58
856	0.36251	-8019.65
857	0.36251	-8020.45
858	0.36251	-8021.4
859	0.36251	-8032.98
860	0.36251	-8042.02
861	0.36251	-8043.55
862	0.36251	-8054.98
863	0.36251	-8052.59
864	0.36251	-8049.83
865	0.36251	-8018.88
866	0.36251	-8016.5
867	0.36251	-8008.94
868	0.36251	-8020.37
869	0.36251	-8017.36
870	0.36251	-8015.81
871	0.36251	-8003.19
872	0.36251	-8012.05
873	0.36251	-8010.89
874	0.36251	-8008.98
875	0.36251	-8009.17
876	0.36251	-8011.65
877	0.36251	-8007.57
878	0.36251	-8006.91
879	0.36251	-8007.45
880	0.36251	-7995.92
881	0.36251	-7995.64
882	0.36251	-8001.82
883	0.36251	-8009.72
884	0.36251	-8016.11
885	0.36251	-8010.59
886	0.36251	-8022.65
887	0.36251	-8023.62
888	0.36251	-8017.97
889	0.36251	-8016.88
890	0.36251	-8033.17
891	0.36251	-8036.08
892	0.36251	-8022.5
893	0.36251	-8019.8
894	0.36251	-8019.4
895	0.36251	-8006.8
896	0.36251	-8000.95
897	0.36251	-8003.71
898	0.36251	-8014.43
899	0.36251	-8016.37
900	0.36251	-8004.02
901	0.36251	-8006.87
902	0.36251	-8016.47
903	0.36251	-8023.31
904	0.36251	-8003.45
905	0.36251	-8009.78
906	0.36251	-8010.33
907	0.36251	-8015.75
908	0.36251	-8018.34
909	0.36251	-8001.78
910	0.36251	-8002.54
911	0.36251	-8000.13
912	0.36251	-8001.15
913	0.36251	-7993.46
914	0.36251	-7997.68
915	0.36251	-8023.13
916	0.36251	-8022.56
917	0.36251	-8022.05
918	0.36251	-8026.43
919	0.36251	-8014.75
920	0.36251	-8035.3
921	0.36251	-8042.74
922	0.36251	-8024.45
923	0.36251	-8012.62
924	0.36251	-8011.18
925	0.36251	-8018.53
926	0.36251	-7999.77
927	0.36251	-8008.16
928	0.36251	-7999.22
929	0.36251	-8002.49
930	0.36251	-8005.28
931	0.36251	-8010.56
932	0.36251	-8010.92
933	0.36251	-8008.99
934	0.36251	-8007.36
935	0.36251	-8007.18
936	0.36251	-8008.78
937	0.36251	-8010.02
938	0.36251	-8017.07
939	0.36251	-7995.71
940	0.36251	-7997.01
941	0.36251	-8011.91
942	0.36251	-8006.8
943	0.36251	-8009.99
944	0.36251	-8021.16
945	0.36251	-8016.46
946	0.36251	-8041.5
947	0.36251	-8029.71
948	0.36251	-8030.95
949	0.36251	-8036.9
950	0.36251	-8028.04
951	0.36251	-8037.36
952	0.36251	-8033.62
953	0.36251	-8034.84
954	0.36251	-8048.46
955	0.36251	-8033.15
956	0.36251	-8017.99
957	0.36251	-8032.96
958	0.36251	-8016.96
959	0.36251	-8015.22
960	0.36251	-8012.57
961	0.36251	-8026.48
962	0.36251	-8024.16
963	0.36251	-8007.79
964	0.36251	-8001.94
965	0.36251	-8030.44
966	0.36251	-8027.68
967	0.36251	-8008.15
968	0.36251	-8020.33
969	0.36251	-8017.72
970	0.36251	-8014.15
971	0.36251	-8006.01
972	0.36251	-8006.92
973	0.36251	-8021.42
974	0.36251	-8031.16
975	0.36251	-8036.51
976	0.36251	-8013.96
977	0.36251	-8014.95
978	0.36251	-8009.01
979	0.36251	-8012.69
980	0.36251	-8014.85
981	0.36251	-8004.81
982	0.36251	-8014.84
983	0.36251	-8001.73
984	0.36251	-8007.12
985	0.36251	-8016.05
986	0.36251	-8012.61
987	0.36251	-8004.97
988	0.36251	-8005.16
989	0.36251	-8008.43
990	0.36251	-8003.73
991	0.36251	-8020.68
992	0.36251	-8026.62
993	0.36251	-7998.04
994	0.36251	-8002.46
995	0.36251	-8010.54
996	0.36251	-8014.35
997	0.36251	-8008.14
998	0.36251	-8007.78
999	0.36251	-8003.19
1000	0.36251	-8004.19
