state	power	likelihood
251	0.520429	-7998.4
252	0.520429	-8003.23
253	0.520429	-8000.69
254	0.520429	-8007.79
255	0.520429	-8012.28
256	0.520429	-8010.68
257	0.520429	-8013.76
258	0.520429	-8010.25
259	0.520429	-8012.51
260	0.520429	-7993.89
261	0.520429	-7997.04
262	0.520429	-7991.38
263	0.520429	-7989.43
264	0.520429	-7995.27
265	0.520429	-7990.87
266	0.520429	-8001.15
267	0.520429	-8011.8
268	0.520429	-8003.56
269	0.520429	-8009.46
270	0.520429	-8006.36
271	0.520429	-8005.79
272	0.520429	-8003.97
273	0.520429	-7996.97
274	0.520429	-8006.28
275	0.520429	-7993.85
276	0.520429	-7997.7
277	0.520429	-8002.62
278	0.520429	-8010.58
279	0.520429	-8006.47
280	0.520429	-8012.21
281	0.520429	-8004.02
282	0.520429	-8011.62
283	0.520429	-7999.55
284	0.520429	-8007.58
285	0.520429	-8007.68
286	0.520429	-8000.74
287	0.520429	-7992.96
288	0.520429	-7993.06
289	0.520429	-7992.05
290	0.520429	-7998.63
291	0.520429	-8002.07
292	0.520429	-7998.89
293	0.520429	-8000.29
294	0.520429	-8010.16
295	0.520429	-8006.74
296	0.520429	-8003.03
297	0.520429	-7998.41
298	0.520429	-8006.88
299	0.520429	-8024.25
300	0.520429	-8021.81
301	0.520429	-8011.57
302	0.520429	-8013.38
303	0.520429	-8016.93
304	0.520429	-8013.87
305	0.520429	-8021.17
306	0.520429	-8008.7
307	0.520429	-8010.26
308	0.520429	-8016.02
309	0.520429	-8012.91
310	0.520429	-8009.74
311	0.520429	-8018.29
312	0.520429	-8013.3
313	0.520429	-8003.77
314	0.520429	-8002.37
315	0.520429	-8006.97
316	0.520429	-7995.82
317	0.520429	-7999.85
318	0.520429	-8006.9
319	0.520429	-8014.61
320	0.520429	-8014.43
321	0.520429	-8010.06
322	0.520429	-7999.81
323	0.520429	-7997.21
324	0.520429	-8001.28
325	0.520429	-7995.9
326	0.520429	-7993.56
327	0.520429	-8000.07
328	0.520429	-8000.45
329	0.520429	-8010.34
330	0.520429	-8010.04
331	0.520429	-8020.66
332	0.520429	-8030.13
333	0.520429	-8010.91
334	0.520429	-8015.25
335	0.520429	-7999.6
336	0.520429	-8006.62
337	0.520429	-8004.88
338	0.520429	-8004.82
339	0.520429	-8009
340	0.520429	-8001.56
341	0.520429	-8005.17
342	0.520429	-8014.15
343	0.520429	-8002.72
344	0.520429	-8010.69
345	0.520429	-8013.61
346	0.520429	-8021.84
347	0.520429	-8008.22
348	0.520429	-8006.31
349	0.520429	-8007.77
350	0.520429	-8020.67
351	0.520429	-8007.98
352	0.520429	-8003.94
353	0.520429	-8006.91
354	0.520429	-7997.01
355	0.520429	-8000.34
356	0.520429	-8007.74
357	0.520429	-8005.4
358	0.520429	-8004.75
359	0.520429	-7998.93
360	0.520429	-8007.04
361	0.520429	-8021.85
362	0.520429	-8013.96
363	0.520429	-8010
364	0.520429	-8008.05
365	0.520429	-8002.61
366	0.520429	-8022.64
367	0.520429	-8007.87
368	0.520429	-7991.56
369	0.520429	-8002.67
370	0.520429	-7993.55
371	0.520429	-7994.65
372	0.520429	-8000.39
373	0.520429	-8006.99
374	0.520429	-8013.49
375	0.520429	-8005.8
376	0.520429	-8001.08
377	0.520429	-7997.97
378	0.520429	-8004.75
379	0.520429	-8002.15
380	0.520429	-8009.42
381	0.520429	-8013.99
382	0.520429	-8008.12
383	0.520429	-8010.58
384	0.520429	-8001.59
385	0.520429	-8002.09
386	0.520429	-8020.61
387	0.520429	-8009.64
388	0.520429	-8006.75
389	0.520429	-7996.53
390	0.520429	-8000.57
391	0.520429	-8008.04
392	0.520429	-8006.15
393	0.520429	-8010.17
394	0.520429	-8010.87
395	0.520429	-8012.42
396	0.520429	-8014.85
397	0.520429	-8015.11
398	0.520429	-8004.59
399	0.520429	-7990.71
400	0.520429	-7998.09
401	0.520429	-7996.91
402	0.520429	-8005.09
403	0.520429	-8004.4
404	0.520429	-8011.11
405	0.520429	-8011.7
406	0.520429	-8013.43
407	0.520429	-8011.09
408	0.520429	-7995.19
409	0.520429	-7999.77
410	0.520429	-8001.58
411	0.520429	-8001.76
412	0.520429	-8011.16
413	0.520429	-8008.6
414	0.520429	-8002.17
415	0.520429	-8008
416	0.520429	-8005.65
417	0.520429	-8002.19
418	0.520429	-8011.29
419	0.520429	-8004.78
420	0.520429	-8008.15
421	0.520429	-8009.55
422	0.520429	-8007.73
423	0.520429	-8007.11
424	0.520429	-8003.02
425	0.520429	-7994.58
426	0.520429	-8001.16
427	0.520429	-8018.11
428	0.520429	-8007.67
429	0.520429	-8000.82
430	0.520429	-7998.7
431	0.520429	-8015.99
432	0.520429	-7997.87
433	0.520429	-7997.09
434	0.520429	-7995.34
435	0.520429	-8000.76
436	0.520429	-8001.71
437	0.520429	-8007.19
438	0.520429	-8007.85
439	0.520429	-8010.03
440	0.520429	-7995.5
441	0.520429	-7997.58
442	0.520429	-7996.99
443	0.520429	-8009.34
444	0.520429	-8006.8
445	0.520429	-8000.23
446	0.520429	-7999.26
447	0.520429	-7996.89
448	0.520429	-8004.03
449	0.520429	-8001.67
450	0.520429	-8019.22
451	0.520429	-8015.35
452	0.520429	-8014.07
453	0.520429	-8007.95
454	0.520429	-8010.67
455	0.520429	-8010.82
456	0.520429	-8006.15
457	0.520429	-8003.2
458	0.520429	-8003.77
459	0.520429	-8006.36
460	0.520429	-8005.63
461	0.520429	-8011.21
462	0.520429	-8005.52
463	0.520429	-7999.99
464	0.520429	-8000.96
465	0.520429	-8005.63
466	0.520429	-7996.25
467	0.520429	-7994.44
468	0.520429	-8001.29
469	0.520429	-8014.02
470	0.520429	-8017.79
471	0.520429	-8018.72
472	0.520429	-8022.5
473	0.520429	-8005.57
474	0.520429	-8008.11
475	0.520429	-8008.66
476	0.520429	-7997.48
477	0.520429	-7991.22
478	0.520429	-7992.24
479	0.520429	-7994.89
480	0.520429	-7995.69
481	0.520429	-7991.09
482	0.520429	-7986.18
483	0.520429	-7994.16
484	0.520429	-7996.67
485	0.520429	-8006.66
486	0.520429	-8001.09
487	0.520429	-8018.48
488	0.520429	-8006.09
489	0.520429	-8009.34
490	0.520429	-7998.59
491	0.520429	-7996.06
492	0.520429	-8000.53
493	0.520429	-7991.99
494	0.520429	-7997.72
495	0.520429	-7997.83
496	0.520429	-7993.24
497	0.520429	-7997.75
498	0.520429	-8002.66
499	0.520429	-7996.89
500	0.520429	-7995.75
501	0.520429	-8002.58
502	0.520429	-7995.27
503	0.520429	-7991.4
504	0.520429	-7989.8
505	0.520429	-7993.12
506	0.520429	-7993.67
507	0.520429	-7998.43
508	0.520429	-8004.99
509	0.520429	-8009.57
510	0.520429	-8009.71
511	0.520429	-8016.93
512	0.520429	-8010.8
513	0.520429	-8009.64
514	0.520429	-8011.23
515	0.520429	-8024.73
516	0.520429	-8024.44
517	0.520429	-8018.02
518	0.520429	-8016.6
519	0.520429	-8021.61
520	0.520429	-8010.6
521	0.520429	-8004.18
522	0.520429	-8021.08
523	0.520429	-8011.47
524	0.520429	-8012.75
525	0.520429	-8004.64
526	0.520429	-8005.25
527	0.520429	-8005.6
528	0.520429	-7997.09
529	0.520429	-8003.62
530	0.520429	-7997.78
531	0.520429	-8004.68
532	0.520429	-8010.6
533	0.520429	-7996.78
534	0.520429	-7993.88
535	0.520429	-7993.63
536	0.520429	-7996.41
537	0.520429	-7995.67
538	0.520429	-8000.95
539	0.520429	-8002.49
540	0.520429	-8005.63
541	0.520429	-7998.5
542	0.520429	-8004.58
543	0.520429	-8004.15
544	0.520429	-8008.16
545	0.520429	-8000.09
546	0.520429	-8000.61
547	0.520429	-8003.48
548	0.520429	-7999.27
549	0.520429	-7999.41
550	0.520429	-8002.03
551	0.520429	-8005
552	0.520429	-8000.64
553	0.520429	-8001.59
554	0.520429	-8001.54
555	0.520429	-8002.2
556	0.520429	-8002.32
557	0.520429	-8009.15
558	0.520429	-7998.53
559	0.520429	-7991.75
560	0.520429	-8002.79
561	0.520429	-7991.83
562	0.520429	-7994.38
563	0.520429	-8001.78
564	0.520429	-8005.06
565	0.520429	-8008.82
566	0.520429	-8006.19
567	0.520429	-8010
568	0.520429	-8014.32
569	0.520429	-8012.31
570	0.520429	-7996.15
571	0.520429	-8000.28
572	0.520429	-7993.23
573	0.520429	-8019.46
574	0.520429	-8017.94
575	0.520429	-8020.01
576	0.520429	-8010.48
577	0.520429	-8012.32
578	0.520429	-8012.3
579	0.520429	-8011.18
580	0.520429	-8004.51
581	0.520429	-7999.92
582	0.520429	-8010.3
583	0.520429	-8002.1
584	0.520429	-8006.79
585	0.520429	-8024.21
586	0.520429	-8000.99
587	0.520429	-8002.04
588	0.520429	-8001.5
589	0.520429	-8000.68
590	0.520429	-7991.87
591	0.520429	-7994.34
592	0.520429	-8007.91
593	0.520429	-8007.73
594	0.520429	-8003.54
595	0.520429	-8022.67
596	0.520429	-8000.62
597	0.520429	-7996.41
598	0.520429	-8007.71
599	0.520429	-8016.39
600	0.520429	-8004.72
601	0.520429	-7999.97
602	0.520429	-8008.21
603	0.520429	-8010.11
604	0.520429	-8003.31
605	0.520429	-7998.18
606	0.520429	-8010.62
607	0.520429	-8006.07
608	0.520429	-8007.99
609	0.520429	-8011.31
610	0.520429	-8003.06
611	0.520429	-7996.12
612	0.520429	-7998.91
613	0.520429	-7997.12
614	0.520429	-7996.28
615	0.520429	-7999.19
616	0.520429	-7999.96
617	0.520429	-7999.04
618	0.520429	-8002.48
619	0.520429	-8001.57
620	0.520429	-8004.61
621	0.520429	-8003.79
622	0.520429	-8012.57
623	0.520429	-8008.16
624	0.520429	-8006.71
625	0.520429	-8024.37
626	0.520429	-8011.19
627	0.520429	-8010.26
628	0.520429	-8010.93
629	0.520429	-8010.66
630	0.520429	-7996.19
631	0.520429	-7991.24
632	0.520429	-7995.37
633	0.520429	-8005.51
634	0.520429	-7993.01
635	0.520429	-7994.03
636	0.520429	-8008.29
637	0.520429	-8000.98
638	0.520429	-8010.97
639	0.520429	-8002.23
640	0.520429	-7992.07
641	0.520429	-7992.2
642	0.520429	-8000.37
643	0.520429	-7996.21
644	0.520429	-8013.77
645	0.520429	-8004.48
646	0.520429	-8007.68
647	0.520429	-8009.49
648	0.520429	-8024.88
649	0.520429	-8024.54
650	0.520429	-8019.86
651	0.520429	-8006.89
652	0.520429	-8006.06
653	0.520429	-8003.59
654	0.520429	-8008.35
655	0.520429	-7997.48
656	0.520429	-8000.47
657	0.520429	-7999.87
658	0.520429	-7994.73
659	0.520429	-8002.67
660	0.520429	-8012.69
661	0.520429	-8007.92
662	0.520429	-8009.19
663	0.520429	-8007.28
664	0.520429	-8000.15
665	0.520429	-8010.48
666	0.520429	-8006.18
667	0.520429	-7998.01
668	0.520429	-7995.29
669	0.520429	-8001.11
670	0.520429	-7995.24
671	0.520429	-7995.27
672	0.520429	-7988.11
673	0.520429	-8006.78
674	0.520429	-8003.48
675	0.520429	-7999.38
676	0.520429	-7999.72
677	0.520429	-8004.08
678	0.520429	-8004.05
679	0.520429	-7995.29
680	0.520429	-8007.91
681	0.520429	-7997.55
682	0.520429	-8002.47
683	0.520429	-7995.58
684	0.520429	-7996.76
685	0.520429	-8003.17
686	0.520429	-8009.09
687	0.520429	-8012.94
688	0.520429	-8006.13
689	0.520429	-8016.76
690	0.520429	-8024.71
691	0.520429	-8012.25
692	0.520429	-8014.65
693	0.520429	-8012.62
694	0.520429	-8008.76
695	0.520429	-8009.06
696	0.520429	-8006.08
697	0.520429	-8013.52
698	0.520429	-8003.8
699	0.520429	-7998.65
700	0.520429	-7992.95
701	0.520429	-7995.15
702	0.520429	-7992.89
703	0.520429	-8000.68
704	0.520429	-7995.33
705	0.520429	-8010.23
706	0.520429	-8006.64
707	0.520429	-8005.39
708	0.520429	-7993.13
709	0.520429	-8009.13
710	0.520429	-8015.08
711	0.520429	-8020.31
712	0.520429	-8024.87
713	0.520429	-8010.64
714	0.520429	-8013.06
715	0.520429	-8007.42
716	0.520429	-8019.24
717	0.520429	-8029.91
718	0.520429	-8025.37
719	0.520429	-8032.22
720	0.520429	-8012.91
721	0.520429	-8012.2
722	0.520429	-8016.57
723	0.520429	-8002.2
724	0.520429	-8004.43
725	0.520429	-8004.61
726	0.520429	-8003.32
727	0.520429	-8006.16
728	0.520429	-8008.07
729	0.520429	-8018.89
730	0.520429	-8001.2
731	0.520429	-8013.95
732	0.520429	-8022.48
733	0.520429	-8019.67
734	0.520429	-8016.15
735	0.520429	-8015.59
736	0.520429	-7998.99
737	0.520429	-8005.51
738	0.520429	-7992.26
739	0.520429	-7994.6
740	0.520429	-7995.87
741	0.520429	-7992.81
742	0.520429	-7987.62
743	0.520429	-7991.72
744	0.520429	-8009.06
745	0.520429	-8009.15
746	0.520429	-8005.78
747	0.520429	-7997.2
748	0.520429	-7988.62
749	0.520429	-7987.92
750	0.520429	-7993.39
751	0.520429	-7997.32
752	0.520429	-7997.58
753	0.520429	-8006.46
754	0.520429	-8016.93
755	0.520429	-8010.93
756	0.520429	-8004.93
757	0.520429	-8013.75
758	0.520429	-8016.3
759	0.520429	-8011.08
760	0.520429	-8010.74
761	0.520429	-8024.15
762	0.520429	-8010.7
763	0.520429	-8019.09
764	0.520429	-7997.67
765	0.520429	-8005.43
766	0.520429	-8004.15
767	0.520429	-8005.88
768	0.520429	-7994.7
769	0.520429	-8006.01
770	0.520429	-8004.31
771	0.520429	-8002.61
772	0.520429	-8007.69
773	0.520429	-8013.47
774	0.520429	-8017.86
775	0.520429	-8012.94
776	0.520429	-8007.81
777	0.520429	-8012.31
778	0.520429	-7999.35
779	0.520429	-7996.74
780	0.520429	-7996.84
781	0.520429	-7993.79
782	0.520429	-8000.26
783	0.520429	-8002.15
784	0.520429	-8000.41
785	0.520429	-8001.51
786	0.520429	-7994.51
787	0.520429	-8000.09
788	0.520429	-7999.67
789	0.520429	-7998.73
790	0.520429	-8001.5
791	0.520429	-8017.66
792	0.520429	-8007.73
793	0.520429	-8005.51
794	0.520429	-7999.17
795	0.520429	-8003.28
796	0.520429	-7997.05
797	0.520429	-8002.89
798	0.520429	-8003.03
799	0.520429	-7999.64
800	0.520429	-7993.69
801	0.520429	-7997.07
802	0.520429	-7995.69
803	0.520429	-8010.28
804	0.520429	-7998.39
805	0.520429	-8011.11
806	0.520429	-8006.98
807	0.520429	-7999.6
808	0.520429	-8006.46
809	0.520429	-8007.34
810	0.520429	-8011.26
811	0.520429	-8018.07
812	0.520429	-8024.05
813	0.520429	-8021.36
814	0.520429	-8029.92
815	0.520429	-8019.91
816	0.520429	-8024.38
817	0.520429	-8012.33
818	0.520429	-8007.04
819	0.520429	-8017.23
820	0.520429	-8001.8
821	0.520429	-8007.74
822	0.520429	-8000.34
823	0.520429	-8003.23
824	0.520429	-7995.38
825	0.520429	-7999.81
826	0.520429	-8008.15
827	0.520429	-8011.01
828	0.520429	-8011.1
829	0.520429	-8005.99
830	0.520429	-8004.19
831	0.520429	-8006.13
832	0.520429	-7999.04
833	0.520429	-8000.44
834	0.520429	-7998.66
835	0.520429	-8006.61
836	0.520429	-7998.92
837	0.520429	-7995.56
838	0.520429	-7998.59
839	0.520429	-7995.72
840	0.520429	-7998.57
841	0.520429	-8002.55
842	0.520429	-7992.82
843	0.520429	-7993.62
844	0.520429	-7993.8
845	0.520429	-7988.68
846	0.520429	-8005.39
847	0.520429	-8013.34
848	0.520429	-8003.03
849	0.520429	-7998.45
850	0.520429	-8007.34
851	0.520429	-8005.62
852	0.520429	-8000.26
853	0.520429	-7992.56
854	0.520429	-7994.54
855	0.520429	-7994.27
856	0.520429	-7988.68
857	0.520429	-7988.4
858	0.520429	-7993.83
859	0.520429	-7994.83
860	0.520429	-8003.63
861	0.520429	-7995.56
862	0.520429	-7992.71
863	0.520429	-7996.93
864	0.520429	-8000.15
865	0.520429	-7995.97
866	0.520429	-7995.87
867	0.520429	-7994.2
868	0.520429	-7991.95
869	0.520429	-7994.95
870	0.520429	-7992.1
871	0.520429	-7998.3
872	0.520429	-7997.53
873	0.520429	-7998.39
874	0.520429	-7998.09
875	0.520429	-7999.56
876	0.520429	-7998.53
877	0.520429	-7997.23
878	0.520429	-7996.37
879	0.520429	-8006.31
880	0.520429	-7996.37
881	0.520429	-8002.49
882	0.520429	-7995.97
883	0.520429	-7995.17
884	0.520429	-7997.63
885	0.520429	-7993.75
886	0.520429	-8000.61
887	0.520429	-7996.41
888	0.520429	-7991.07
889	0.520429	-7995.36
890	0.520429	-7989.57
891	0.520429	-7991.37
892	0.520429	-8005.3
893	0.520429	-8000.83
894	0.520429	-7988.31
895	0.520429	-7991.33
896	0.520429	-7996.02
897	0.520429	-7996.99
898	0.520429	-7995.53
899	0.520429	-8009.32
900	0.520429	-8009.16
901	0.520429	-7995.78
902	0.520429	-7993.17
903	0.520429	-8011.72
904	0.520429	-8012.07
905	0.520429	-8017.28
906	0.520429	-8004.78
907	0.520429	-8008.66
908	0.520429	-8015.49
909	0.520429	-8001.62
910	0.520429	-7998.73
911	0.520429	-8012.62
912	0.520429	-8009.35
913	0.520429	-8000.09
914	0.520429	-8001.37
915	0.520429	-7998.76
916	0.520429	-8009.23
917	0.520429	-8004.1
918	0.520429	-8003.24
919	0.520429	-8007.55
920	0.520429	-8016
921	0.520429	-8014.44
922	0.520429	-8005.3
923	0.520429	-8002.87
924	0.520429	-8010.39
925	0.520429	-8002.87
926	0.520429	-7999
927	0.520429	-8000.62
928	0.520429	-8007.84
929	0.520429	-8007.95
930	0.520429	-8014.46
931	0.520429	-8019.42
932	0.520429	-8023.55
933	0.520429	-8020.59
934	0.520429	-8018.68
935	0.520429	-8008.54
936	0.520429	-8030.68
937	0.520429	-8010.74
938	0.520429	-7999.83
939	0.520429	-8014.34
940	0.520429	-8021.58
941	0.520429	-8015.54
942	0.520429	-8006.75
943	0.520429	-8005.95
944	0.520429	-7997.78
945	0.520429	-7998.09
946	0.520429	-8000.97
947	0.520429	-7993.81
948	0.520429	-7994.08
949	0.520429	-7994.73
950	0.520429	-7994.82
951	0.520429	-8007.42
952	0.520429	-8013.46
953	0.520429	-8004.33
954	0.520429	-8000
955	0.520429	-8010.36
956	0.520429	-8006.27
957	0.520429	-8003.41
958	0.520429	-8007.2
959	0.520429	-8007.67
960	0.520429	-7997.36
961	0.520429	-8006.76
962	0.520429	-8007.04
963	0.520429	-7988.92
964	0.520429	-8000.34
965	0.520429	-7998.74
966	0.520429	-8005.13
967	0.520429	-7998.44
968	0.520429	-7999.4
969	0.520429	-7997.27
970	0.520429	-7997.73
971	0.520429	-8008.51
972	0.520429	-8006.45
973	0.520429	-8007.17
974	0.520429	-8009.25
975	0.520429	-7999.88
976	0.520429	-8005.43
977	0.520429	-8005.06
978	0.520429	-8010.71
979	0.520429	-8002.74
980	0.520429	-8005.81
981	0.520429	-7996.86
982	0.520429	-7999.29
983	0.520429	-7999.61
984	0.520429	-8014.55
985	0.520429	-7998.49
986	0.520429	-7993.96
987	0.520429	-7991.91
988	0.520429	-7996.9
989	0.520429	-7998.23
990	0.520429	-8003.42
991	0.520429	-8008.57
992	0.520429	-8002.97
993	0.520429	-7996.9
994	0.520429	-8003.02
995	0.520429	-7995.02
996	0.520429	-7993.57
997	0.520429	-7987.76
998	0.520429	-7992.02
999	0.520429	-7988.07
1000	0.520429	-7995.14
