state	power	likelihood
251	0.0726122	-8131.52
252	0.0726122	-8149.39
253	0.0726122	-8183.36
254	0.0726122	-8184.2
255	0.0726122	-8284.06
256	0.0726122	-8229.2
257	0.0726122	-8280.68
258	0.0726122	-8212.93
259	0.0726122	-8193.82
260	0.0726122	-8123.94
261	0.0726122	-8218.18
262	0.0726122	-8207.31
263	0.0726122	-8255.3
264	0.0726122	-8246.18
265	0.0726122	-8347.24
266	0.0726122	-8307.28
267	0.0726122	-8214.39
268	0.0726122	-8214.2
269	0.0726122	-8190.28
270	0.0726122	-8199.04
271	0.0726122	-8182.69
272	0.0726122	-8185.72
273	0.0726122	-8252.11
274	0.0726122	-8212.37
275	0.0726122	-8171.75
276	0.0726122	-8240.27
277	0.0726122	-8204.04
278	0.0726122	-8229.75
279	0.0726122	-8152.1
280	0.0726122	-8107.52
281	0.0726122	-8126.15
282	0.0726122	-8118.73
283	0.0726122	-8188.06
284	0.0726122	-8203.99
285	0.0726122	-8199.57
286	0.0726122	-8141.76
287	0.0726122	-8126.99
288	0.0726122	-8122.45
289	0.0726122	-8176.52
290	0.0726122	-8167.05
291	0.0726122	-8196.11
292	0.0726122	-8215.67
293	0.0726122	-8247.28
294	0.0726122	-8247.16
295	0.0726122	-8228.76
296	0.0726122	-8213.38
297	0.0726122	-8271.85
298	0.0726122	-8180.4
299	0.0726122	-8219.11
300	0.0726122	-8124.79
301	0.0726122	-8162.63
302	0.0726122	-8205.71
303	0.0726122	-8151.75
304	0.0726122	-8252.14
305	0.0726122	-8254.71
306	0.0726122	-8178.42
307	0.0726122	-8177.34
308	0.0726122	-8193.73
309	0.0726122	-8191.13
310	0.0726122	-8218.43
311	0.0726122	-8240.42
312	0.0726122	-8189.74
313	0.0726122	-8219.91
314	0.0726122	-8092.04
315	0.0726122	-8136.31
316	0.0726122	-8187.14
317	0.0726122	-8163.4
318	0.0726122	-8182.73
319	0.0726122	-8236.14
320	0.0726122	-8240.62
321	0.0726122	-8156.39
322	0.0726122	-8149.53
323	0.0726122	-8261.76
324	0.0726122	-8151.74
325	0.0726122	-8180.97
326	0.0726122	-8205.14
327	0.0726122	-8129.41
328	0.0726122	-8113.08
329	0.0726122	-8169.15
330	0.0726122	-8111.47
331	0.0726122	-8120.73
332	0.0726122	-8145.23
333	0.0726122	-8226.24
334	0.0726122	-8201.01
335	0.0726122	-8229.99
336	0.0726122	-8160.16
337	0.0726122	-8206.5
338	0.0726122	-8186.59
339	0.0726122	-8185.23
340	0.0726122	-8127.4
341	0.0726122	-8172.15
342	0.0726122	-8225.56
343	0.0726122	-8207.87
344	0.0726122	-8192.6
345	0.0726122	-8156.29
346	0.0726122	-8131.45
347	0.0726122	-8165.65
348	0.0726122	-8274.07
349	0.0726122	-8273.31
350	0.0726122	-8345.71
351	0.0726122	-8370.45
352	0.0726122	-8310.09
353	0.0726122	-8318.4
354	0.0726122	-8227.57
355	0.0726122	-8347.02
356	0.0726122	-8289.13
357	0.0726122	-8275.25
358	0.0726122	-8220.94
359	0.0726122	-8184.01
360	0.0726122	-8178.21
361	0.0726122	-8214.98
362	0.0726122	-8230.86
363	0.0726122	-8248.06
364	0.0726122	-8242.29
365	0.0726122	-8251.59
366	0.0726122	-8150.23
367	0.0726122	-8442.33
368	0.0726122	-8271.37
369	0.0726122	-8270.95
370	0.0726122	-8283.99
371	0.0726122	-8293.18
372	0.0726122	-8294.15
373	0.0726122	-8190.88
374	0.0726122	-8173.4
375	0.0726122	-8123.32
376	0.0726122	-8166.64
377	0.0726122	-8245.77
378	0.0726122	-8180.53
379	0.0726122	-8184.41
380	0.0726122	-8129.14
381	0.0726122	-8186.17
382	0.0726122	-8199.41
383	0.0726122	-8198.13
384	0.0726122	-8287.62
385	0.0726122	-8270.61
386	0.0726122	-8285.35
387	0.0726122	-8155.69
388	0.0726122	-8129.1
389	0.0726122	-8128.79
390	0.0726122	-8124.29
391	0.0726122	-8153.38
392	0.0726122	-8168.3
393	0.0726122	-8191.8
394	0.0726122	-8241.46
395	0.0726122	-8216.67
396	0.0726122	-8233.14
397	0.0726122	-8237.81
398	0.0726122	-8288.01
399	0.0726122	-8295.35
400	0.0726122	-8309.42
401	0.0726122	-8271.35
402	0.0726122	-8243.11
403	0.0726122	-8182.15
404	0.0726122	-8237.17
405	0.0726122	-8269.62
406	0.0726122	-8277.35
407	0.0726122	-8254.56
408	0.0726122	-8248.09
409	0.0726122	-8238.96
410	0.0726122	-8198.85
411	0.0726122	-8172.89
412	0.0726122	-8173.79
413	0.0726122	-8190.4
414	0.0726122	-8262.74
415	0.0726122	-8290.77
416	0.0726122	-8292.3
417	0.0726122	-8340.97
418	0.0726122	-8369.4
419	0.0726122	-8321.4
420	0.0726122	-8301.35
421	0.0726122	-8256.2
422	0.0726122	-8213.51
423	0.0726122	-8271.94
424	0.0726122	-8303.34
425	0.0726122	-8193.35
426	0.0726122	-8219.53
427	0.0726122	-8122.41
428	0.0726122	-8108.4
429	0.0726122	-8141.95
430	0.0726122	-8215.15
431	0.0726122	-8245.88
432	0.0726122	-8177.24
433	0.0726122	-8221.73
434	0.0726122	-8162.07
435	0.0726122	-8189.36
436	0.0726122	-8265.79
437	0.0726122	-8174.47
438	0.0726122	-8202.27
439	0.0726122	-8199.19
440	0.0726122	-8204.16
441	0.0726122	-8188.36
442	0.0726122	-8211.78
443	0.0726122	-8208.36
444	0.0726122	-8251.98
445	0.0726122	-8300.18
446	0.0726122	-8217.61
447	0.0726122	-8187.32
448	0.0726122	-8177.1
449	0.0726122	-8165.38
450	0.0726122	-8145.77
451	0.0726122	-8127.92
452	0.0726122	-8163.8
453	0.0726122	-8189.07
454	0.0726122	-8137.89
455	0.0726122	-8104.94
456	0.0726122	-8174.71
457	0.0726122	-8189.45
458	0.0726122	-8121.25
459	0.0726122	-8232.34
460	0.0726122	-8207.81
461	0.0726122	-8181.13
462	0.0726122	-8186.65
463	0.0726122	-8157.08
464	0.0726122	-8163.44
465	0.0726122	-8186.96
466	0.0726122	-8153.82
467	0.0726122	-8177.62
468	0.0726122	-8152.96
469	0.0726122	-8172.42
470	0.0726122	-8150.87
471	0.0726122	-8202.28
472	0.0726122	-8173.21
473	0.0726122	-8168.05
474	0.0726122	-8319.93
475	0.0726122	-8248.31
476	0.0726122	-8266.91
477	0.0726122	-8218.59
478	0.0726122	-8149.8
479	0.0726122	-8177.93
480	0.0726122	-8198.67
481	0.0726122	-8226.87
482	0.0726122	-8216.48
483	0.0726122	-8205.55
484	0.0726122	-8201.92
485	0.0726122	-8195.07
486	0.0726122	-8143.91
487	0.0726122	-8193.32
488	0.0726122	-8239.98
489	0.0726122	-8388.04
490	0.0726122	-8327.22
491	0.0726122	-8259.49
492	0.0726122	-8199.86
493	0.0726122	-8200.88
494	0.0726122	-8177.94
495	0.0726122	-8143.14
496	0.0726122	-8175.01
497	0.0726122	-8198.95
498	0.0726122	-8265.24
499	0.0726122	-8279.82
500	0.0726122	-8229.33
501	0.0726122	-8237.36
502	0.0726122	-8269.46
503	0.0726122	-8201
504	0.0726122	-8178.36
505	0.0726122	-8192.53
506	0.0726122	-8208.11
507	0.0726122	-8236.49
508	0.0726122	-8196.94
509	0.0726122	-8230.47
510	0.0726122	-8237.45
511	0.0726122	-8219.83
512	0.0726122	-8152.67
513	0.0726122	-8200.3
514	0.0726122	-8176.67
515	0.0726122	-8224.98
516	0.0726122	-8204.27
517	0.0726122	-8212.93
518	0.0726122	-8255.25
519	0.0726122	-8272.2
520	0.0726122	-8289.83
521	0.0726122	-8331.88
522	0.0726122	-8226.74
523	0.0726122	-8219.61
524	0.0726122	-8210.4
525	0.0726122	-8178.89
526	0.0726122	-8244.82
527	0.0726122	-8245.57
528	0.0726122	-8227.94
529	0.0726122	-8249.68
530	0.0726122	-8231.67
531	0.0726122	-8231.19
532	0.0726122	-8167.46
533	0.0726122	-8214
534	0.0726122	-8182.45
535	0.0726122	-8229.68
536	0.0726122	-8156.49
537	0.0726122	-8169.52
538	0.0726122	-8238.16
539	0.0726122	-8232.81
540	0.0726122	-8227.49
541	0.0726122	-8295.16
542	0.0726122	-8423.33
543	0.0726122	-8358.58
544	0.0726122	-8284.91
545	0.0726122	-8263.1
546	0.0726122	-8316.56
547	0.0726122	-8237.96
548	0.0726122	-8185.37
549	0.0726122	-8279.57
550	0.0726122	-8229.95
551	0.0726122	-8162.16
552	0.0726122	-8169.11
553	0.0726122	-8170.6
554	0.0726122	-8193.17
555	0.0726122	-8183.73
556	0.0726122	-8214.93
557	0.0726122	-8210.48
558	0.0726122	-8183.76
559	0.0726122	-8180.63
560	0.0726122	-8210.07
561	0.0726122	-8218.28
562	0.0726122	-8212.09
563	0.0726122	-8233.64
564	0.0726122	-8295.93
565	0.0726122	-8197.28
566	0.0726122	-8214.13
567	0.0726122	-8185.89
568	0.0726122	-8164.82
569	0.0726122	-8164.56
570	0.0726122	-8158.11
571	0.0726122	-8153.41
572	0.0726122	-8140.38
573	0.0726122	-8182.17
574	0.0726122	-8153.72
575	0.0726122	-8132.43
576	0.0726122	-8093.67
577	0.0726122	-8133.12
578	0.0726122	-8160.54
579	0.0726122	-8263.74
580	0.0726122	-8260.43
581	0.0726122	-8224.02
582	0.0726122	-8210.63
583	0.0726122	-8257.83
584	0.0726122	-8197.79
585	0.0726122	-8204.33
586	0.0726122	-8227.32
587	0.0726122	-8158.62
588	0.0726122	-8212.33
589	0.0726122	-8199.01
590	0.0726122	-8235.89
591	0.0726122	-8116.25
592	0.0726122	-8135.35
593	0.0726122	-8185.01
594	0.0726122	-8227.5
595	0.0726122	-8185.05
596	0.0726122	-8126.01
597	0.0726122	-8174.8
598	0.0726122	-8108.69
599	0.0726122	-8118.13
600	0.0726122	-8171.38
601	0.0726122	-8106.26
602	0.0726122	-8092.78
603	0.0726122	-8081.88
604	0.0726122	-8149.78
605	0.0726122	-8172.71
606	0.0726122	-8223.2
607	0.0726122	-8222.34
608	0.0726122	-8150.51
609	0.0726122	-8172.48
610	0.0726122	-8149.65
611	0.0726122	-8144.61
612	0.0726122	-8168.98
613	0.0726122	-8155.88
614	0.0726122	-8162.49
615	0.0726122	-8188.65
616	0.0726122	-8145.1
617	0.0726122	-8132.86
618	0.0726122	-8173.81
619	0.0726122	-8145.89
620	0.0726122	-8243.8
621	0.0726122	-8224.57
622	0.0726122	-8255.33
623	0.0726122	-8175.84
624	0.0726122	-8199.04
625	0.0726122	-8223.96
626	0.0726122	-8180.22
627	0.0726122	-8233.3
628	0.0726122	-8195.74
629	0.0726122	-8281.28
630	0.0726122	-8366.45
631	0.0726122	-8353.61
632	0.0726122	-8333.57
633	0.0726122	-8222.41
634	0.0726122	-8254.97
635	0.0726122	-8199.27
636	0.0726122	-8147.72
637	0.0726122	-8148.66
638	0.0726122	-8135.47
639	0.0726122	-8194.6
640	0.0726122	-8143.91
641	0.0726122	-8129.8
642	0.0726122	-8149.78
643	0.0726122	-8126.02
644	0.0726122	-8138.54
645	0.0726122	-8141.54
646	0.0726122	-8222.08
647	0.0726122	-8268.52
648	0.0726122	-8193.16
649	0.0726122	-8209.26
650	0.0726122	-8180.68
651	0.0726122	-8168.49
652	0.0726122	-8226.81
653	0.0726122	-8262.24
654	0.0726122	-8240.52
655	0.0726122	-8212.16
656	0.0726122	-8164.18
657	0.0726122	-8172.76
658	0.0726122	-8287.31
659	0.0726122	-8184.91
660	0.0726122	-8186.2
661	0.0726122	-8189.53
662	0.0726122	-8151.65
663	0.0726122	-8191.33
664	0.0726122	-8146.06
665	0.0726122	-8196.43
666	0.0726122	-8066.37
667	0.0726122	-8078.37
668	0.0726122	-8116.82
669	0.0726122	-8190.47
670	0.0726122	-8213.6
671	0.0726122	-8265.43
672	0.0726122	-8281.33
673	0.0726122	-8214.42
674	0.0726122	-8170.32
675	0.0726122	-8180.29
676	0.0726122	-8129.62
677	0.0726122	-8258.53
678	0.0726122	-8134.67
679	0.0726122	-8182.55
680	0.0726122	-8188.09
681	0.0726122	-8169.27
682	0.0726122	-8244.86
683	0.0726122	-8182.92
684	0.0726122	-8161.99
685	0.0726122	-8131.56
686	0.0726122	-8112.56
687	0.0726122	-8205.15
688	0.0726122	-8262.11
689	0.0726122	-8242.06
690	0.0726122	-8204.89
691	0.0726122	-8202.69
692	0.0726122	-8189.77
693	0.0726122	-8218.86
694	0.0726122	-8195.73
695	0.0726122	-8216.34
696	0.0726122	-8194
697	0.0726122	-8162.41
698	0.0726122	-8189.42
699	0.0726122	-8224.65
700	0.0726122	-8221.71
701	0.0726122	-8291.12
702	0.0726122	-8261.56
703	0.0726122	-8235.9
704	0.0726122	-8179.89
705	0.0726122	-8209.51
706	0.0726122	-8265.86
707	0.0726122	-8280.27
708	0.0726122	-8189.37
709	0.0726122	-8219.79
710	0.0726122	-8177.49
711	0.0726122	-8254.26
712	0.0726122	-8191.56
713	0.0726122	-8312.73
714	0.0726122	-8243.03
715	0.0726122	-8258.74
716	0.0726122	-8248.44
717	0.0726122	-8229.99
718	0.0726122	-8183.29
719	0.0726122	-8221.51
720	0.0726122	-8175.71
721	0.0726122	-8263.64
722	0.0726122	-8360.91
723	0.0726122	-8347.65
724	0.0726122	-8332.27
725	0.0726122	-8240.05
726	0.0726122	-8210.86
727	0.0726122	-8208.53
728	0.0726122	-8203.43
729	0.0726122	-8168.45
730	0.0726122	-8182.07
731	0.0726122	-8146.92
732	0.0726122	-8227.45
733	0.0726122	-8182.2
734	0.0726122	-8248.15
735	0.0726122	-8278.77
736	0.0726122	-8244.55
737	0.0726122	-8226.98
738	0.0726122	-8230.27
739	0.0726122	-8244.52
740	0.0726122	-8188.08
741	0.0726122	-8221.61
742	0.0726122	-8122.09
743	0.0726122	-8136.35
744	0.0726122	-8182.85
745	0.0726122	-8245.09
746	0.0726122	-8221.55
747	0.0726122	-8232.58
748	0.0726122	-8154.98
749	0.0726122	-8202.42
750	0.0726122	-8221.86
751	0.0726122	-8125.91
752	0.0726122	-8111.78
753	0.0726122	-8219.5
754	0.0726122	-8123.94
755	0.0726122	-8155.62
756	0.0726122	-8185.46
757	0.0726122	-8223.07
758	0.0726122	-8172.04
759	0.0726122	-8224.42
760	0.0726122	-8280.24
761	0.0726122	-8243.27
762	0.0726122	-8278.95
763	0.0726122	-8189.69
764	0.0726122	-8216.98
765	0.0726122	-8212.8
766	0.0726122	-8181.9
767	0.0726122	-8139.88
768	0.0726122	-8179.77
769	0.0726122	-8216.24
770	0.0726122	-8136.96
771	0.0726122	-8123.38
772	0.0726122	-8201.19
773	0.0726122	-8150.05
774	0.0726122	-8201.04
775	0.0726122	-8275.17
776	0.0726122	-8247.15
777	0.0726122	-8209.63
778	0.0726122	-8212.18
779	0.0726122	-8306.53
780	0.0726122	-8221.41
781	0.0726122	-8191.47
782	0.0726122	-8208.45
783	0.0726122	-8257.89
784	0.0726122	-8151.78
785	0.0726122	-8227.99
786	0.0726122	-8213.8
787	0.0726122	-8224.73
788	0.0726122	-8227.95
789	0.0726122	-8236.41
790	0.0726122	-8214.94
791	0.0726122	-8166.9
792	0.0726122	-8219.55
793	0.0726122	-8186.42
794	0.0726122	-8153.51
795	0.0726122	-8091.9
796	0.0726122	-8176.85
797	0.0726122	-8145.87
798	0.0726122	-8146.16
799	0.0726122	-8157.26
800	0.0726122	-8250.54
801	0.0726122	-8248.57
802	0.0726122	-8230.61
803	0.0726122	-8267.28
804	0.0726122	-8374.54
805	0.0726122	-8343.48
806	0.0726122	-8357.51
807	0.0726122	-8257.01
808	0.0726122	-8154.38
809	0.0726122	-8213.09
810	0.0726122	-8259.61
811	0.0726122	-8169.77
812	0.0726122	-8146.81
813	0.0726122	-8190.1
814	0.0726122	-8220.29
815	0.0726122	-8200.7
816	0.0726122	-8157
817	0.0726122	-8154.39
818	0.0726122	-8193.86
819	0.0726122	-8196.16
820	0.0726122	-8275.01
821	0.0726122	-8228.56
822	0.0726122	-8187.89
823	0.0726122	-8216.88
824	0.0726122	-8208.49
825	0.0726122	-8270.91
826	0.0726122	-8211.48
827	0.0726122	-8146.55
828	0.0726122	-8160.73
829	0.0726122	-8110.45
830	0.0726122	-8156.17
831	0.0726122	-8141.84
832	0.0726122	-8156.5
833	0.0726122	-8212.76
834	0.0726122	-8298.82
835	0.0726122	-8385.03
836	0.0726122	-8331.78
837	0.0726122	-8242.41
838	0.0726122	-8232.58
839	0.0726122	-8191.33
840	0.0726122	-8222.39
841	0.0726122	-8333.45
842	0.0726122	-8310.75
843	0.0726122	-8277.77
844	0.0726122	-8188.9
845	0.0726122	-8121.81
846	0.0726122	-8144.87
847	0.0726122	-8173.38
848	0.0726122	-8183.91
849	0.0726122	-8193.56
850	0.0726122	-8200.72
851	0.0726122	-8157.98
852	0.0726122	-8148.8
853	0.0726122	-8139.3
854	0.0726122	-8201.59
855	0.0726122	-8158.35
856	0.0726122	-8139.71
857	0.0726122	-8151.95
858	0.0726122	-8145.97
859	0.0726122	-8126.7
860	0.0726122	-8166.9
861	0.0726122	-8168.49
862	0.0726122	-8094.37
863	0.0726122	-8112.88
864	0.0726122	-8167.22
865	0.0726122	-8170.92
866	0.0726122	-8172.85
867	0.0726122	-8163.58
868	0.0726122	-8140.03
869	0.0726122	-8140.28
870	0.0726122	-8181.99
871	0.0726122	-8176.54
872	0.0726122	-8151.37
873	0.0726122	-8181.62
874	0.0726122	-8136.55
875	0.0726122	-8186.01
876	0.0726122	-8143.31
877	0.0726122	-8202.56
878	0.0726122	-8248.64
879	0.0726122	-8134.72
880	0.0726122	-8158.15
881	0.0726122	-8155.22
882	0.0726122	-8148.9
883	0.0726122	-8254.79
884	0.0726122	-8174.64
885	0.0726122	-8200.04
886	0.0726122	-8237.58
887	0.0726122	-8176.04
888	0.0726122	-8121.56
889	0.0726122	-8143.19
890	0.0726122	-8225.25
891	0.0726122	-8200.21
892	0.0726122	-8218.41
893	0.0726122	-8182.27
894	0.0726122	-8175.44
895	0.0726122	-8153.25
896	0.0726122	-8116.76
897	0.0726122	-8234.43
898	0.0726122	-8185.22
899	0.0726122	-8186.56
900	0.0726122	-8182.4
901	0.0726122	-8251.04
902	0.0726122	-8243.03
903	0.0726122	-8238.61
904	0.0726122	-8223.09
905	0.0726122	-8137.16
906	0.0726122	-8142.82
907	0.0726122	-8194.17
908	0.0726122	-8165.06
909	0.0726122	-8170.69
910	0.0726122	-8190.15
911	0.0726122	-8176.87
912	0.0726122	-8152.28
913	0.0726122	-8209.56
914	0.0726122	-8218.96
915	0.0726122	-8183.3
916	0.0726122	-8183.05
917	0.0726122	-8167.07
918	0.0726122	-8165.77
919	0.0726122	-8215.37
920	0.0726122	-8216.18
921	0.0726122	-8156.7
922	0.0726122	-8163.75
923	0.0726122	-8149.12
924	0.0726122	-8192.71
925	0.0726122	-8205.99
926	0.0726122	-8149.08
927	0.0726122	-8197.18
928	0.0726122	-8146.54
929	0.0726122	-8183.6
930	0.0726122	-8216.25
931	0.0726122	-8209.95
932	0.0726122	-8186.8
933	0.0726122	-8118.65
934	0.0726122	-8178.96
935	0.0726122	-8191.93
936	0.0726122	-8223.52
937	0.0726122	-8211.86
938	0.0726122	-8242.59
939	0.0726122	-8212.86
940	0.0726122	-8199.13
941	0.0726122	-8227.03
942	0.0726122	-8237.48
943	0.0726122	-8220.07
944	0.0726122	-8137.84
945	0.0726122	-8164.63
946	0.0726122	-8158.23
947	0.0726122	-8134.34
948	0.0726122	-8173.15
949	0.0726122	-8143
950	0.0726122	-8129.86
951	0.0726122	-8085.73
952	0.0726122	-8160.77
953	0.0726122	-8183.31
954	0.0726122	-8206.23
955	0.0726122	-8131.34
956	0.0726122	-8135.69
957	0.0726122	-8161.18
958	0.0726122	-8155.15
959	0.0726122	-8216.2
960	0.0726122	-8131.83
961	0.0726122	-8124.81
962	0.0726122	-8145.17
963	0.0726122	-8165.64
964	0.0726122	-8185.47
965	0.0726122	-8255.73
966	0.0726122	-8171.59
967	0.0726122	-8205.8
968	0.0726122	-8158.49
969	0.0726122	-8081.16
970	0.0726122	-8108.94
971	0.0726122	-8131.2
972	0.0726122	-8200.46
973	0.0726122	-8099.07
974	0.0726122	-8244.85
975	0.0726122	-8199.85
976	0.0726122	-8179.79
977	0.0726122	-8260.34
978	0.0726122	-8242.58
979	0.0726122	-8259.85
980	0.0726122	-8333.63
981	0.0726122	-8261.83
982	0.0726122	-8201.97
983	0.0726122	-8226.21
984	0.0726122	-8246.81
985	0.0726122	-8321.72
986	0.0726122	-8280.79
987	0.0726122	-8373
988	0.0726122	-8307.55
989	0.0726122	-8265.42
990	0.0726122	-8253.34
991	0.0726122	-8225.91
992	0.0726122	-8222.56
993	0.0726122	-8197.1
994	0.0726122	-8205.12
995	0.0726122	-8191.6
996	0.0726122	-8203.88
997	0.0726122	-8170.76
998	0.0726122	-8231.39
999	0.0726122	-8225.89
1000	0.0726122	-8210.84
