state	power	likelihood
251	0.00131443	-10263.2
252	0.00131443	-11813.7
253	0.00131443	-10955.2
254	0.00131443	-12943.3
255	0.00131443	-12613.9
256	0.00131443	-10324.2
257	0.00131443	-10923.8
258	0.00131443	-11560.8
259	0.00131443	-11675.7
260	0.00131443	-10363.2
261	0.00131443	-11229.4
262	0.00131443	-10712.9
263	0.00131443	-10791.8
264	0.00131443	-11577.9
265	0.00131443	-11323.5
266	0.00131443	-11737.4
267	0.00131443	-11961.6
268	0.00131443	-11907.3
269	0.00131443	-10972.1
270	0.00131443	-11577.9
271	0.00131443	-10456.3
272	0.00131443	-9937.03
273	0.00131443	-10220.7
274	0.00131443	-10621.8
275	0.00131443	-11700.1
276	0.00131443	-10279
277	0.00131443	-10292.7
278	0.00131443	-11404
279	0.00131443	-11889
280	0.00131443	-11356.8
281	0.00131443	-12550.8
282	0.00131443	-11549.8
283	0.00131443	-11791.5
284	0.00131443	-11341.8
285	0.00131443	-11379.5
286	0.00131443	-11088.8
287	0.00131443	-10778
288	0.00131443	-10861.4
289	0.00131443	-10453.4
290	0.00131443	-10996.2
291	0.00131443	-11114.5
292	0.00131443	-10013.4
293	0.00131443	-10591.6
294	0.00131443	-10062.5
295	0.00131443	-11620.7
296	0.00131443	-11969
297	0.00131443	-11533.2
298	0.00131443	-10958.9
299	0.00131443	-10843.3
300	0.00131443	-11460
301	0.00131443	-11520.5
302	0.00131443	-10490.8
303	0.00131443	-10646.2
304	0.00131443	-11696.2
305	0.00131443	-9810.49
306	0.00131443	-12635.6
307	0.00131443	-11842.5
308	0.00131443	-10961.7
309	0.00131443	-10717
310	0.00131443	-9791.92
311	0.00131443	-11058.2
312	0.00131443	-11095.8
313	0.00131443	-11518.2
314	0.00131443	-10628.1
315	0.00131443	-10058.6
316	0.00131443	-10815.6
317	0.00131443	-10356.8
318	0.00131443	-10678.7
319	0.00131443	-10760.7
320	0.00131443	-11609.7
321	0.00131443	-10365.3
322	0.00131443	-10515
323	0.00131443	-10678
324	0.00131443	-10671
325	0.00131443	-9863.9
326	0.00131443	-12284.7
327	0.00131443	-11299.1
328	0.00131443	-11496.1
329	0.00131443	-10827.3
330	0.00131443	-12784.8
331	0.00131443	-10216.7
332	0.00131443	-10897.5
333	0.00131443	-10974.5
334	0.00131443	-10502.3
335	0.00131443	-12300.7
336	0.00131443	-10614.9
337	0.00131443	-9898.19
338	0.00131443	-9823.04
339	0.00131443	-12035
340	0.00131443	-11097.7
341	0.00131443	-10118.3
342	0.00131443	-12522.1
343	0.00131443	-13478.9
344	0.00131443	-14029.2
345	0.00131443	-10194.1
346	0.00131443	-10211.8
347	0.00131443	-10265.8
348	0.00131443	-10646.7
349	0.00131443	-10134.9
350	0.00131443	-10330.5
351	0.00131443	-13122.1
352	0.00131443	-10401.8
353	0.00131443	-10720.9
354	0.00131443	-11264.9
355	0.00131443	-11900.7
356	0.00131443	-10806.6
357	0.00131443	-10909.8
358	0.00131443	-10400.5
359	0.00131443	-11470
360	0.00131443	-11451.5
361	0.00131443	-10339.1
362	0.00131443	-10498.2
363	0.00131443	-11174.5
364	0.00131443	-9915.46
365	0.00131443	-11528.9
366	0.00131443	-10299.4
367	0.00131443	-11020
368	0.00131443	-13390.8
369	0.00131443	-12135.7
370	0.00131443	-11537.3
371	0.00131443	-10120.1
372	0.00131443	-11169.3
373	0.00131443	-11113
374	0.00131443	-11891.3
375	0.00131443	-11587.8
376	0.00131443	-11514.7
377	0.00131443	-11096.5
378	0.00131443	-10986.9
379	0.00131443	-11175.8
380	0.00131443	-12016.7
381	0.00131443	-13360.5
382	0.00131443	-10980.1
383	0.00131443	-11220.7
384	0.00131443	-10592.3
385	0.00131443	-10946.5
386	0.00131443	-10711.5
387	0.00131443	-11166.4
388	0.00131443	-10551.4
389	0.00131443	-11933.4
390	0.00131443	-10899.4
391	0.00131443	-13007.5
392	0.00131443	-12722.9
393	0.00131443	-11256.5
394	0.00131443	-11546
395	0.00131443	-10531.6
396	0.00131443	-10305.7
397	0.00131443	-10017.5
398	0.00131443	-10604.2
399	0.00131443	-10316.9
400	0.00131443	-10728
401	0.00131443	-11839.7
402	0.00131443	-12460
403	0.00131443	-11771.2
404	0.00131443	-10995.3
405	0.00131443	-11120.5
406	0.00131443	-10626.4
407	0.00131443	-10447.6
408	0.00131443	-10730.9
409	0.00131443	-10078.6
410	0.00131443	-11707.5
411	0.00131443	-11610.3
412	0.00131443	-10858.7
413	0.00131443	-11380.5
414	0.00131443	-11945.3
415	0.00131443	-10719.6
416	0.00131443	-11253.3
417	0.00131443	-11830.7
418	0.00131443	-9506.75
419	0.00131443	-10171.1
420	0.00131443	-10655.9
421	0.00131443	-10367.9
422	0.00131443	-10330.5
423	0.00131443	-10258.6
424	0.00131443	-10703.6
425	0.00131443	-10845.3
426	0.00131443	-15149
427	0.00131443	-9682.01
428	0.00131443	-11539.1
429	0.00131443	-11936.1
430	0.00131443	-11093.6
431	0.00131443	-11040.6
432	0.00131443	-11922.8
433	0.00131443	-12998.1
434	0.00131443	-12051.1
435	0.00131443	-11200
436	0.00131443	-11319.3
437	0.00131443	-10963.7
438	0.00131443	-11330.1
439	0.00131443	-11198.1
440	0.00131443	-11168.6
441	0.00131443	-9968
442	0.00131443	-11183.1
443	0.00131443	-9799.29
444	0.00131443	-11621.2
445	0.00131443	-12739.9
446	0.00131443	-11823.6
447	0.00131443	-11244.6
448	0.00131443	-9713.86
449	0.00131443	-10489.1
450	0.00131443	-10464.5
451	0.00131443	-12599.3
452	0.00131443	-13382.8
453	0.00131443	-10601
454	0.00131443	-10432.8
455	0.00131443	-11185.3
456	0.00131443	-13338.4
457	0.00131443	-11986.9
458	0.00131443	-10044.7
459	0.00131443	-10326.8
460	0.00131443	-11792.6
461	0.00131443	-10806
462	0.00131443	-10493
463	0.00131443	-10437.5
464	0.00131443	-10804.4
465	0.00131443	-10480.9
466	0.00131443	-11203.4
467	0.00131443	-10406.4
468	0.00131443	-10397.6
469	0.00131443	-10591.3
470	0.00131443	-10744.5
471	0.00131443	-10073.1
472	0.00131443	-10825.2
473	0.00131443	-11742.8
474	0.00131443	-10646.3
475	0.00131443	-10719.3
476	0.00131443	-11669.7
477	0.00131443	-11320.4
478	0.00131443	-12172.9
479	0.00131443	-11081.8
480	0.00131443	-11258.5
481	0.00131443	-11794.8
482	0.00131443	-11367.6
483	0.00131443	-10725.3
484	0.00131443	-11463.4
485	0.00131443	-12045.7
486	0.00131443	-12209.5
487	0.00131443	-11591.4
488	0.00131443	-11452.7
489	0.00131443	-10471.4
490	0.00131443	-10282.6
491	0.00131443	-9678.11
492	0.00131443	-10453.4
493	0.00131443	-10536.2
494	0.00131443	-11908.6
495	0.00131443	-11910.6
496	0.00131443	-12153.2
497	0.00131443	-12960
498	0.00131443	-12348.4
499	0.00131443	-13230.1
500	0.00131443	-11026
501	0.00131443	-13155.4
502	0.00131443	-14853.4
503	0.00131443	-11432.8
504	0.00131443	-10868.3
505	0.00131443	-10948.4
506	0.00131443	-10255.7
507	0.00131443	-11126.9
508	0.00131443	-11155.2
509	0.00131443	-10773.4
510	0.00131443	-9603.97
511	0.00131443	-10347.6
512	0.00131443	-10420.7
513	0.00131443	-11459.8
514	0.00131443	-11853.8
515	0.00131443	-11956.7
516	0.00131443	-11072.2
517	0.00131443	-10489.8
518	0.00131443	-10845
519	0.00131443	-10641.7
520	0.00131443	-10399.4
521	0.00131443	-11411.8
522	0.00131443	-11598.3
523	0.00131443	-10965.1
524	0.00131443	-10659.1
525	0.00131443	-10329.7
526	0.00131443	-12801
527	0.00131443	-12662.4
528	0.00131443	-11643.7
529	0.00131443	-10929.7
530	0.00131443	-9924.82
531	0.00131443	-9956.59
532	0.00131443	-11711
533	0.00131443	-10910.3
534	0.00131443	-11208.4
535	0.00131443	-10894.1
536	0.00131443	-10289.1
537	0.00131443	-10574.3
538	0.00131443	-10417.9
539	0.00131443	-11391.8
540	0.00131443	-11286.6
541	0.00131443	-11536.4
542	0.00131443	-11087.6
543	0.00131443	-11396
544	0.00131443	-11262.9
545	0.00131443	-11518.7
546	0.00131443	-13056.1
547	0.00131443	-10822.6
548	0.00131443	-11104.2
549	0.00131443	-12539.9
550	0.00131443	-11082.7
551	0.00131443	-10151
552	0.00131443	-10864.7
553	0.00131443	-10688.4
554	0.00131443	-11354.7
555	0.00131443	-10727
556	0.00131443	-10954.9
557	0.00131443	-10092.2
558	0.00131443	-9902.83
559	0.00131443	-10479.5
560	0.00131443	-11064.4
561	0.00131443	-11885.2
562	0.00131443	-10865.1
563	0.00131443	-12334.8
564	0.00131443	-11990.5
565	0.00131443	-11716.5
566	0.00131443	-10490.5
567	0.00131443	-11026.5
568	0.00131443	-11701.9
569	0.00131443	-10788.9
570	0.00131443	-10921.9
571	0.00131443	-10406.5
572	0.00131443	-10638.7
573	0.00131443	-9768.9
574	0.00131443	-9591.98
575	0.00131443	-10863.2
576	0.00131443	-10665.8
577	0.00131443	-12191.1
578	0.00131443	-11919.8
579	0.00131443	-10364.3
580	0.00131443	-11184.9
581	0.00131443	-11825.9
582	0.00131443	-11303.1
583	0.00131443	-10732
584	0.00131443	-10505.8
585	0.00131443	-10744.1
586	0.00131443	-11677.6
587	0.00131443	-11462
588	0.00131443	-10873.5
589	0.00131443	-9817.08
590	0.00131443	-10467.1
591	0.00131443	-11912.3
592	0.00131443	-12254.1
593	0.00131443	-12667.9
594	0.00131443	-12036.3
595	0.00131443	-12160.8
596	0.00131443	-10449.3
597	0.00131443	-10149.3
598	0.00131443	-11375.6
599	0.00131443	-10425.9
600	0.00131443	-10699.6
601	0.00131443	-10711.8
602	0.00131443	-11467
603	0.00131443	-11905.7
604	0.00131443	-12520
605	0.00131443	-11937.4
606	0.00131443	-12934.3
607	0.00131443	-12830.9
608	0.00131443	-11511.8
609	0.00131443	-9981.48
610	0.00131443	-10851.1
611	0.00131443	-11010.5
612	0.00131443	-10700.7
613	0.00131443	-11458.2
614	0.00131443	-10379.9
615	0.00131443	-11165.7
616	0.00131443	-12558.8
617	0.00131443	-11600.8
618	0.00131443	-10331.6
619	0.00131443	-11266.5
620	0.00131443	-10517
621	0.00131443	-12153.3
622	0.00131443	-12721.7
623	0.00131443	-14510.3
624	0.00131443	-14074.8
625	0.00131443	-12150.6
626	0.00131443	-10556.2
627	0.00131443	-11275.8
628	0.00131443	-11857.9
629	0.00131443	-11525.5
630	0.00131443	-11646
631	0.00131443	-11165.6
632	0.00131443	-10461.3
633	0.00131443	-10090.8
634	0.00131443	-11779.5
635	0.00131443	-12080.5
636	0.00131443	-11423.3
637	0.00131443	-12705.8
638	0.00131443	-11506.3
639	0.00131443	-12538.6
640	0.00131443	-12705.8
641	0.00131443	-12915.2
642	0.00131443	-12352.7
643	0.00131443	-11229.8
644	0.00131443	-11113.9
645	0.00131443	-11267.6
646	0.00131443	-11123.9
647	0.00131443	-11546.1
648	0.00131443	-12209.9
649	0.00131443	-10130.4
650	0.00131443	-9943.03
651	0.00131443	-10894.7
652	0.00131443	-10728.6
653	0.00131443	-9986.38
654	0.00131443	-10679.9
655	0.00131443	-10422.3
656	0.00131443	-10614
657	0.00131443	-10076.8
658	0.00131443	-10662.7
659	0.00131443	-10940.8
660	0.00131443	-11093.6
661	0.00131443	-12269.8
662	0.00131443	-11075
663	0.00131443	-11355.2
664	0.00131443	-10856.8
665	0.00131443	-10408.7
666	0.00131443	-10415.3
667	0.00131443	-10477.2
668	0.00131443	-10082.5
669	0.00131443	-10448.7
670	0.00131443	-13131.1
671	0.00131443	-14325.4
672	0.00131443	-9919.56
673	0.00131443	-10069.3
674	0.00131443	-11021.2
675	0.00131443	-11807.2
676	0.00131443	-10409.1
677	0.00131443	-10171.1
678	0.00131443	-10554.4
679	0.00131443	-9823.72
680	0.00131443	-9827.05
681	0.00131443	-10027.8
682	0.00131443	-11616.8
683	0.00131443	-10106.2
684	0.00131443	-10185.3
685	0.00131443	-10547.2
686	0.00131443	-11213.8
687	0.00131443	-10708.2
688	0.00131443	-11968.1
689	0.00131443	-10776.8
690	0.00131443	-10387.7
691	0.00131443	-11279.1
692	0.00131443	-10947.2
693	0.00131443	-10189.9
694	0.00131443	-11130
695	0.00131443	-11892.1
696	0.00131443	-10630.9
697	0.00131443	-11649.9
698	0.00131443	-10743.2
699	0.00131443	-9735.82
700	0.00131443	-10134.9
701	0.00131443	-11142.9
702	0.00131443	-10378.1
703	0.00131443	-11389.2
704	0.00131443	-9693.44
705	0.00131443	-11560.8
706	0.00131443	-10805.3
707	0.00131443	-11910.2
708	0.00131443	-11901.5
709	0.00131443	-12112.1
710	0.00131443	-12466.3
711	0.00131443	-10782.4
712	0.00131443	-11621.1
713	0.00131443	-10581.8
714	0.00131443	-10048.8
715	0.00131443	-10120.2
716	0.00131443	-10793.8
717	0.00131443	-10819.6
718	0.00131443	-11562.5
719	0.00131443	-10727.5
720	0.00131443	-10800
721	0.00131443	-11340.3
722	0.00131443	-10292
723	0.00131443	-10277.6
724	0.00131443	-12013.4
725	0.00131443	-11142.5
726	0.00131443	-12062
727	0.00131443	-11290.4
728	0.00131443	-10512.7
729	0.00131443	-10694.8
730	0.00131443	-11512.1
731	0.00131443	-10770
732	0.00131443	-10230.8
733	0.00131443	-11245.6
734	0.00131443	-11191.4
735	0.00131443	-10602.4
736	0.00131443	-11579
737	0.00131443	-12560.4
738	0.00131443	-11658.3
739	0.00131443	-11359.9
740	0.00131443	-10811.3
741	0.00131443	-11080.9
742	0.00131443	-12540.3
743	0.00131443	-10363.3
744	0.00131443	-10709.1
745	0.00131443	-10700.3
746	0.00131443	-10420.8
747	0.00131443	-11112
748	0.00131443	-11277.7
749	0.00131443	-10649.8
750	0.00131443	-11051.8
751	0.00131443	-10741.5
752	0.00131443	-11281.5
753	0.00131443	-11735.4
754	0.00131443	-10878.3
755	0.00131443	-14108
756	0.00131443	-13721.6
757	0.00131443	-12328.9
758	0.00131443	-10569
759	0.00131443	-11106.5
760	0.00131443	-11132.5
761	0.00131443	-11192.3
762	0.00131443	-10765.2
763	0.00131443	-12116.9
764	0.00131443	-12221.8
765	0.00131443	-12062.6
766	0.00131443	-10638.7
767	0.00131443	-10930.9
768	0.00131443	-10769.7
769	0.00131443	-10993.6
770	0.00131443	-11470.2
771	0.00131443	-11435
772	0.00131443	-11659
773	0.00131443	-11122.1
774	0.00131443	-11710
775	0.00131443	-12498.2
776	0.00131443	-11033.4
777	0.00131443	-10715
778	0.00131443	-10950.9
779	0.00131443	-10717.2
780	0.00131443	-11375.1
781	0.00131443	-10420.8
782	0.00131443	-9898.88
783	0.00131443	-11422.6
784	0.00131443	-10710.2
785	0.00131443	-10446.6
786	0.00131443	-12737.7
787	0.00131443	-13999.5
788	0.00131443	-10570.9
789	0.00131443	-10844.8
790	0.00131443	-11299.2
791	0.00131443	-11341.6
792	0.00131443	-11091.5
793	0.00131443	-10216.6
794	0.00131443	-11446.7
795	0.00131443	-11431.7
796	0.00131443	-11160.2
797	0.00131443	-10939.7
798	0.00131443	-11049.2
799	0.00131443	-11447.5
800	0.00131443	-10581
801	0.00131443	-11353.7
802	0.00131443	-10104.6
803	0.00131443	-10299.1
804	0.00131443	-10550
805	0.00131443	-11008.4
806	0.00131443	-10804.4
807	0.00131443	-11531.7
808	0.00131443	-11085.3
809	0.00131443	-11025.6
810	0.00131443	-11654.6
811	0.00131443	-11240.8
812	0.00131443	-10854.8
813	0.00131443	-11656.7
814	0.00131443	-11180.6
815	0.00131443	-11436.4
816	0.00131443	-11370.8
817	0.00131443	-11571.8
818	0.00131443	-11073.6
819	0.00131443	-10889.5
820	0.00131443	-11516.7
821	0.00131443	-11524
822	0.00131443	-11466.2
823	0.00131443	-10904.1
824	0.00131443	-9920.49
825	0.00131443	-9976.06
826	0.00131443	-10562.3
827	0.00131443	-10051.3
828	0.00131443	-10583.6
829	0.00131443	-10306.9
830	0.00131443	-10384.3
831	0.00131443	-11128.6
832	0.00131443	-9951.19
833	0.00131443	-10875
834	0.00131443	-9688.31
835	0.00131443	-9980.58
836	0.00131443	-10369.3
837	0.00131443	-11494.7
838	0.00131443	-9961.76
839	0.00131443	-10232.6
840	0.00131443	-10441.7
841	0.00131443	-11212.6
842	0.00131443	-10694.7
843	0.00131443	-10590.6
844	0.00131443	-11488.9
845	0.00131443	-11181.1
846	0.00131443	-10268.6
847	0.00131443	-11351.2
848	0.00131443	-10626.6
849	0.00131443	-10878.5
850	0.00131443	-10832.2
851	0.00131443	-9615.28
852	0.00131443	-10631.7
853	0.00131443	-11118.7
854	0.00131443	-11677.7
855	0.00131443	-11520.9
856	0.00131443	-10763.7
857	0.00131443	-10656
858	0.00131443	-11651.6
859	0.00131443	-12187.9
860	0.00131443	-12442.4
861	0.00131443	-10994.2
862	0.00131443	-10393.5
863	0.00131443	-11172.8
864	0.00131443	-11472.9
865	0.00131443	-10955.8
866	0.00131443	-11099.3
867	0.00131443	-11014.5
868	0.00131443	-11039.5
869	0.00131443	-11336.7
870	0.00131443	-11393.8
871	0.00131443	-10472.6
872	0.00131443	-11233.3
873	0.00131443	-10743.9
874	0.00131443	-10358.8
875	0.00131443	-11103.4
876	0.00131443	-11021.5
877	0.00131443	-10764.6
878	0.00131443	-10437.3
879	0.00131443	-10170.1
880	0.00131443	-10051.5
881	0.00131443	-9691.42
882	0.00131443	-9823.12
883	0.00131443	-10349
884	0.00131443	-10297.1
885	0.00131443	-9863.8
886	0.00131443	-10747.7
887	0.00131443	-10915.8
888	0.00131443	-10875.9
889	0.00131443	-12645
890	0.00131443	-11107.5
891	0.00131443	-12155.3
892	0.00131443	-11560.1
893	0.00131443	-11057.6
894	0.00131443	-10862.5
895	0.00131443	-11283.7
896	0.00131443	-10791.7
897	0.00131443	-10797.4
898	0.00131443	-10145.6
899	0.00131443	-10646.6
900	0.00131443	-10423.9
901	0.00131443	-10913.4
902	0.00131443	-10836.9
903	0.00131443	-11717.7
904	0.00131443	-10302
905	0.00131443	-10665.5
906	0.00131443	-10856.5
907	0.00131443	-11746.4
908	0.00131443	-11657.9
909	0.00131443	-10165.2
910	0.00131443	-9857.23
911	0.00131443	-10006.4
912	0.00131443	-10514.2
913	0.00131443	-11263.2
914	0.00131443	-10154.3
915	0.00131443	-10954.2
916	0.00131443	-9876.48
917	0.00131443	-10097.2
918	0.00131443	-11172
919	0.00131443	-12387.3
920	0.00131443	-10789.5
921	0.00131443	-11937.2
922	0.00131443	-10807.8
923	0.00131443	-9790.34
924	0.00131443	-9592.83
925	0.00131443	-11630.8
926	0.00131443	-9863.91
927	0.00131443	-10467.9
928	0.00131443	-10824.4
929	0.00131443	-11356.9
930	0.00131443	-11195
931	0.00131443	-11708
932	0.00131443	-11993.9
933	0.00131443	-11566.9
934	0.00131443	-10236.5
935	0.00131443	-10174.3
936	0.00131443	-9794.29
937	0.00131443	-10870.4
938	0.00131443	-10686.8
939	0.00131443	-10228.3
940	0.00131443	-10165.9
941	0.00131443	-10348.4
942	0.00131443	-11247.4
943	0.00131443	-10721.7
944	0.00131443	-10623.7
945	0.00131443	-11300.6
946	0.00131443	-11397.9
947	0.00131443	-12054.2
948	0.00131443	-10717.3
949	0.00131443	-11405.7
950	0.00131443	-10565.6
951	0.00131443	-10578.5
952	0.00131443	-11997
953	0.00131443	-13371.3
954	0.00131443	-13606.9
955	0.00131443	-11486
956	0.00131443	-10621.3
957	0.00131443	-9887.43
958	0.00131443	-10176
959	0.00131443	-11282.5
960	0.00131443	-11385.5
961	0.00131443	-11894.7
962	0.00131443	-11500.3
963	0.00131443	-10800.2
964	0.00131443	-11040.1
965	0.00131443	-10232.7
966	0.00131443	-9547.02
967	0.00131443	-11084.9
968	0.00131443	-11930.5
969	0.00131443	-10360
970	0.00131443	-11107.4
971	0.00131443	-11285.4
972	0.00131443	-10297.4
973	0.00131443	-9695.53
974	0.00131443	-11526.5
975	0.00131443	-10317.6
976	0.00131443	-10555
977	0.00131443	-11504.8
978	0.00131443	-11433
979	0.00131443	-12494.3
980	0.00131443	-10203.2
981	0.00131443	-10451.8
982	0.00131443	-10577
983	0.00131443	-10515.1
984	0.00131443	-10246.2
985	0.00131443	-10422.3
986	0.00131443	-10906.7
987	0.00131443	-10399.1
988	0.00131443	-11068.3
989	0.00131443	-11452.5
990	0.00131443	-12664
991	0.00131443	-11317.2
992	0.00131443	-10837.9
993	0.00131443	-11004.4
994	0.00131443	-11367.7
995	0.00131443	-10458.1
996	0.00131443	-10316
997	0.00131443	-10664.8
998	0.00131443	-13225.1
999	0.00131443	-11443
1000	0.00131443	-10639.4
