state	power	likelihood
251	2.75281e-05	-12510.1
252	2.75281e-05	-11966.2
253	2.75281e-05	-13817
254	2.75281e-05	-11356.4
255	2.75281e-05	-11115.1
256	2.75281e-05	-12673.7
257	2.75281e-05	-11633.8
258	2.75281e-05	-14441.9
259	2.75281e-05	-11956.6
260	2.75281e-05	-10558
261	2.75281e-05	-10398.4
262	2.75281e-05	-11511.7
263	2.75281e-05	-10933.8
264	2.75281e-05	-9709.42
265	2.75281e-05	-11370
266	2.75281e-05	-11304.5
267	2.75281e-05	-11334.3
268	2.75281e-05	-11797.6
269	2.75281e-05	-12058.4
270	2.75281e-05	-13555.1
271	2.75281e-05	-13787.1
272	2.75281e-05	-15203.9
273	2.75281e-05	-13929.8
274	2.75281e-05	-16335.8
275	2.75281e-05	-14439
276	2.75281e-05	-13744.5
277	2.75281e-05	-16079.7
278	2.75281e-05	-14846.5
279	2.75281e-05	-11860.9
280	2.75281e-05	-10953.4
281	2.75281e-05	-11659.1
282	2.75281e-05	-12829.2
283	2.75281e-05	-11996.7
284	2.75281e-05	-12432.1
285	2.75281e-05	-14697.8
286	2.75281e-05	-12767.7
287	2.75281e-05	-11415.3
288	2.75281e-05	-11698.6
289	2.75281e-05	-10777.8
290	2.75281e-05	-10321.4
291	2.75281e-05	-10955.9
292	2.75281e-05	-11102.6
293	2.75281e-05	-12096.6
294	2.75281e-05	-14656.6
295	2.75281e-05	-15249.6
296	2.75281e-05	-16725.6
297	2.75281e-05	-17314.6
298	2.75281e-05	-12772
299	2.75281e-05	-14688.6
300	2.75281e-05	-13927.6
301	2.75281e-05	-14011.2
302	2.75281e-05	-12355.9
303	2.75281e-05	-12841.1
304	2.75281e-05	-12809.8
305	2.75281e-05	-13459.1
306	2.75281e-05	-12945.8
307	2.75281e-05	-12035.5
308	2.75281e-05	-14034.2
309	2.75281e-05	-16192.4
310	2.75281e-05	-15357
311	2.75281e-05	-12940.9
312	2.75281e-05	-11377.4
313	2.75281e-05	-13608.3
314	2.75281e-05	-10368.7
315	2.75281e-05	-11804.8
316	2.75281e-05	-12488.6
317	2.75281e-05	-14267.8
318	2.75281e-05	-12486.4
319	2.75281e-05	-13752.5
320	2.75281e-05	-11344.2
321	2.75281e-05	-11444.8
322	2.75281e-05	-11331.7
323	2.75281e-05	-12275.5
324	2.75281e-05	-12393.5
325	2.75281e-05	-13168.6
326	2.75281e-05	-12926.4
327	2.75281e-05	-15508.6
328	2.75281e-05	-15214.9
329	2.75281e-05	-12831.8
330	2.75281e-05	-12477.9
331	2.75281e-05	-12006.9
332	2.75281e-05	-12740.7
333	2.75281e-05	-14257.3
334	2.75281e-05	-12587.2
335	2.75281e-05	-11696
336	2.75281e-05	-11772.6
337	2.75281e-05	-11023.1
338	2.75281e-05	-11782.7
339	2.75281e-05	-13557.2
340	2.75281e-05	-14598.8
341	2.75281e-05	-13087.5
342	2.75281e-05	-14792.5
343	2.75281e-05	-13014.1
344	2.75281e-05	-12463.4
345	2.75281e-05	-11920.8
346	2.75281e-05	-12262.1
347	2.75281e-05	-11733.7
348	2.75281e-05	-12269.5
349	2.75281e-05	-12867.4
350	2.75281e-05	-11524.8
351	2.75281e-05	-13335.1
352	2.75281e-05	-13434.8
353	2.75281e-05	-14216.7
354	2.75281e-05	-13733.4
355	2.75281e-05	-11874
356	2.75281e-05	-12315.2
357	2.75281e-05	-12457.2
358	2.75281e-05	-11697.2
359	2.75281e-05	-11395.2
360	2.75281e-05	-10648.9
361	2.75281e-05	-12561.4
362	2.75281e-05	-12892
363	2.75281e-05	-13459.4
364	2.75281e-05	-11408.7
365	2.75281e-05	-11592.2
366	2.75281e-05	-10797.8
367	2.75281e-05	-10744.8
368	2.75281e-05	-11316.9
369	2.75281e-05	-12744.6
370	2.75281e-05	-12876.3
371	2.75281e-05	-12958.3
372	2.75281e-05	-15588.5
373	2.75281e-05	-14863.1
374	2.75281e-05	-13601.3
375	2.75281e-05	-13364.5
376	2.75281e-05	-13710.2
377	2.75281e-05	-16307.3
378	2.75281e-05	-13440.2
379	2.75281e-05	-13080.6
380	2.75281e-05	-10941.6
381	2.75281e-05	-11717.2
382	2.75281e-05	-12707.8
383	2.75281e-05	-13667.5
384	2.75281e-05	-13028.9
385	2.75281e-05	-12647.7
386	2.75281e-05	-13814.6
387	2.75281e-05	-14110.6
388	2.75281e-05	-13126.8
389	2.75281e-05	-13001.1
390	2.75281e-05	-13068.6
391	2.75281e-05	-14839.2
392	2.75281e-05	-13516.3
393	2.75281e-05	-12398.2
394	2.75281e-05	-13282.8
395	2.75281e-05	-15494.5
396	2.75281e-05	-13025.3
397	2.75281e-05	-13224.6
398	2.75281e-05	-14946.6
399	2.75281e-05	-13406.5
400	2.75281e-05	-11980.3
401	2.75281e-05	-12277.9
402	2.75281e-05	-14109.3
403	2.75281e-05	-12824.6
404	2.75281e-05	-13950.2
405	2.75281e-05	-15073.9
406	2.75281e-05	-16046.5
407	2.75281e-05	-15700.7
408	2.75281e-05	-13420.1
409	2.75281e-05	-12331
410	2.75281e-05	-11583.9
411	2.75281e-05	-10541.3
412	2.75281e-05	-11421.6
413	2.75281e-05	-11291.4
414	2.75281e-05	-10162.2
415	2.75281e-05	-13164.1
416	2.75281e-05	-12761.8
417	2.75281e-05	-10561.5
418	2.75281e-05	-12010.2
419	2.75281e-05	-12373.1
420	2.75281e-05	-10820.9
421	2.75281e-05	-12265.2
422	2.75281e-05	-16470.4
423	2.75281e-05	-13746.6
424	2.75281e-05	-12596.2
425	2.75281e-05	-12353.1
426	2.75281e-05	-13572.9
427	2.75281e-05	-10717.9
428	2.75281e-05	-10749.7
429	2.75281e-05	-11794.8
430	2.75281e-05	-11863.1
431	2.75281e-05	-15254.1
432	2.75281e-05	-14754.7
433	2.75281e-05	-15609.7
434	2.75281e-05	-12608.6
435	2.75281e-05	-12421.7
436	2.75281e-05	-11830
437	2.75281e-05	-12015.8
438	2.75281e-05	-14168.1
439	2.75281e-05	-13997.6
440	2.75281e-05	-12048.5
441	2.75281e-05	-12879.8
442	2.75281e-05	-13267.2
443	2.75281e-05	-11602.5
444	2.75281e-05	-12348.6
445	2.75281e-05	-10969
446	2.75281e-05	-9944.5
447	2.75281e-05	-12109.5
448	2.75281e-05	-10698.9
449	2.75281e-05	-10630.3
450	2.75281e-05	-10121.5
451	2.75281e-05	-11235.8
452	2.75281e-05	-12891.1
453	2.75281e-05	-12449
454	2.75281e-05	-12436.9
455	2.75281e-05	-13337.4
456	2.75281e-05	-11196.8
457	2.75281e-05	-11186.7
458	2.75281e-05	-13144.7
459	2.75281e-05	-14213.6
460	2.75281e-05	-11184.3
461	2.75281e-05	-13227.1
462	2.75281e-05	-12873.2
463	2.75281e-05	-16890.4
464	2.75281e-05	-12729.6
465	2.75281e-05	-12400.5
466	2.75281e-05	-11591.6
467	2.75281e-05	-10076.1
468	2.75281e-05	-11782.5
469	2.75281e-05	-12905.8
470	2.75281e-05	-11791.8
471	2.75281e-05	-12956.7
472	2.75281e-05	-12653.3
473	2.75281e-05	-11425.8
474	2.75281e-05	-11342.5
475	2.75281e-05	-12253.3
476	2.75281e-05	-12451.3
477	2.75281e-05	-12020.1
478	2.75281e-05	-14859.3
479	2.75281e-05	-16601.5
480	2.75281e-05	-14846.4
481	2.75281e-05	-15080.5
482	2.75281e-05	-13418.9
483	2.75281e-05	-13885.9
484	2.75281e-05	-11132
485	2.75281e-05	-12753.8
486	2.75281e-05	-13167.6
487	2.75281e-05	-14404.4
488	2.75281e-05	-11150.7
489	2.75281e-05	-17379.5
490	2.75281e-05	-13004.3
491	2.75281e-05	-12510.9
492	2.75281e-05	-12162.1
493	2.75281e-05	-11448.3
494	2.75281e-05	-12010.3
495	2.75281e-05	-14948.1
496	2.75281e-05	-10661.4
497	2.75281e-05	-11569.8
498	2.75281e-05	-13977.3
499	2.75281e-05	-14308
500	2.75281e-05	-11741.4
501	2.75281e-05	-11712.2
502	2.75281e-05	-12785.1
503	2.75281e-05	-11606.1
504	2.75281e-05	-12184.7
505	2.75281e-05	-12749.8
506	2.75281e-05	-11167.3
507	2.75281e-05	-10596.8
508	2.75281e-05	-10973.5
509	2.75281e-05	-12369.7
510	2.75281e-05	-11961.9
511	2.75281e-05	-12050.1
512	2.75281e-05	-11291
513	2.75281e-05	-10558.1
514	2.75281e-05	-11994.8
515	2.75281e-05	-11064.8
516	2.75281e-05	-12389
517	2.75281e-05	-11089.3
518	2.75281e-05	-11699
519	2.75281e-05	-11148.8
520	2.75281e-05	-10305.4
521	2.75281e-05	-10532.2
522	2.75281e-05	-10270.8
523	2.75281e-05	-14030.3
524	2.75281e-05	-12850.7
525	2.75281e-05	-12556
526	2.75281e-05	-11460.9
527	2.75281e-05	-11547.5
528	2.75281e-05	-11823.4
529	2.75281e-05	-14642.1
530	2.75281e-05	-12078.5
531	2.75281e-05	-12976.7
532	2.75281e-05	-11626.5
533	2.75281e-05	-12107.4
534	2.75281e-05	-12188.5
535	2.75281e-05	-10468.3
536	2.75281e-05	-11736.8
537	2.75281e-05	-12789.3
538	2.75281e-05	-11022.8
539	2.75281e-05	-16496.1
540	2.75281e-05	-11811.2
541	2.75281e-05	-12368.8
542	2.75281e-05	-12650.8
543	2.75281e-05	-13019.9
544	2.75281e-05	-13567.8
545	2.75281e-05	-13682.3
546	2.75281e-05	-13957.4
547	2.75281e-05	-13320.1
548	2.75281e-05	-12786.8
549	2.75281e-05	-12930.5
550	2.75281e-05	-11184.1
551	2.75281e-05	-11833.4
552	2.75281e-05	-12485.1
553	2.75281e-05	-13480
554	2.75281e-05	-11126.1
555	2.75281e-05	-13075
556	2.75281e-05	-11638.8
557	2.75281e-05	-12341.3
558	2.75281e-05	-10441.1
559	2.75281e-05	-10779.7
560	2.75281e-05	-14350.3
561	2.75281e-05	-13549.2
562	2.75281e-05	-11028.5
563	2.75281e-05	-12631.3
564	2.75281e-05	-12333
565	2.75281e-05	-12515
566	2.75281e-05	-14066.9
567	2.75281e-05	-12765.4
568	2.75281e-05	-20544.1
569	2.75281e-05	-17128.8
570	2.75281e-05	-18121.6
571	2.75281e-05	-13414.3
572	2.75281e-05	-12912.7
573	2.75281e-05	-11972.1
574	2.75281e-05	-12092.6
575	2.75281e-05	-11742
576	2.75281e-05	-10220.7
577	2.75281e-05	-12795.8
578	2.75281e-05	-14341.1
579	2.75281e-05	-14583.2
580	2.75281e-05	-14189.5
581	2.75281e-05	-14177.1
582	2.75281e-05	-16222.6
583	2.75281e-05	-13641
584	2.75281e-05	-12576.3
585	2.75281e-05	-11992
586	2.75281e-05	-11448.1
587	2.75281e-05	-11080.6
588	2.75281e-05	-14377.4
589	2.75281e-05	-11867.8
590	2.75281e-05	-11972.6
591	2.75281e-05	-12206.6
592	2.75281e-05	-11286
593	2.75281e-05	-11555.4
594	2.75281e-05	-19028.7
595	2.75281e-05	-16469.6
596	2.75281e-05	-15705.6
597	2.75281e-05	-11979.4
598	2.75281e-05	-14880.2
599	2.75281e-05	-14599.3
600	2.75281e-05	-14965.8
601	2.75281e-05	-11300.1
602	2.75281e-05	-10959.7
603	2.75281e-05	-11067.6
604	2.75281e-05	-11327.5
605	2.75281e-05	-11786.9
606	2.75281e-05	-15061.2
607	2.75281e-05	-13894.4
608	2.75281e-05	-11416.7
609	2.75281e-05	-11739.2
610	2.75281e-05	-12111.9
611	2.75281e-05	-10118.3
612	2.75281e-05	-10854.1
613	2.75281e-05	-15866.5
614	2.75281e-05	-13412.5
615	2.75281e-05	-15151.5
616	2.75281e-05	-13640.4
617	2.75281e-05	-13716.5
618	2.75281e-05	-12397.2
619	2.75281e-05	-13121.3
620	2.75281e-05	-14267.2
621	2.75281e-05	-13760.9
622	2.75281e-05	-13269.9
623	2.75281e-05	-12643.7
624	2.75281e-05	-12246.6
625	2.75281e-05	-14059.5
626	2.75281e-05	-11713.8
627	2.75281e-05	-13208.6
628	2.75281e-05	-10952.3
629	2.75281e-05	-11833.2
630	2.75281e-05	-11870.8
631	2.75281e-05	-13348.3
632	2.75281e-05	-11726.1
633	2.75281e-05	-10780
634	2.75281e-05	-13552.5
635	2.75281e-05	-13288.7
636	2.75281e-05	-12634.4
637	2.75281e-05	-12020.3
638	2.75281e-05	-14357.9
639	2.75281e-05	-14970.2
640	2.75281e-05	-16174.3
641	2.75281e-05	-15047.5
642	2.75281e-05	-16593.6
643	2.75281e-05	-16644.2
644	2.75281e-05	-15491.9
645	2.75281e-05	-16147.7
646	2.75281e-05	-17960.8
647	2.75281e-05	-14147.6
648	2.75281e-05	-13135.5
649	2.75281e-05	-10667.3
650	2.75281e-05	-10050.4
651	2.75281e-05	-11303.9
652	2.75281e-05	-12318.5
653	2.75281e-05	-11585
654	2.75281e-05	-11171.8
655	2.75281e-05	-10529.7
656	2.75281e-05	-11094.2
657	2.75281e-05	-13172.5
658	2.75281e-05	-10594.8
659	2.75281e-05	-11001.4
660	2.75281e-05	-11127.4
661	2.75281e-05	-13516.3
662	2.75281e-05	-13549.6
663	2.75281e-05	-11405.7
664	2.75281e-05	-12048.2
665	2.75281e-05	-12348.5
666	2.75281e-05	-12845.3
667	2.75281e-05	-12614.6
668	2.75281e-05	-14076.2
669	2.75281e-05	-11522
670	2.75281e-05	-11697
671	2.75281e-05	-11941.1
672	2.75281e-05	-11111.7
673	2.75281e-05	-10934.1
674	2.75281e-05	-16437.9
675	2.75281e-05	-11128.4
676	2.75281e-05	-11780.9
677	2.75281e-05	-11499.3
678	2.75281e-05	-11198.8
679	2.75281e-05	-11181.7
680	2.75281e-05	-10446.2
681	2.75281e-05	-11729.1
682	2.75281e-05	-12225.8
683	2.75281e-05	-10155.6
684	2.75281e-05	-11440.7
685	2.75281e-05	-9672.59
686	2.75281e-05	-10794.5
687	2.75281e-05	-14059.7
688	2.75281e-05	-12543.8
689	2.75281e-05	-11246.6
690	2.75281e-05	-11343.2
691	2.75281e-05	-12246.4
692	2.75281e-05	-11002.2
693	2.75281e-05	-15854.7
694	2.75281e-05	-15718.2
695	2.75281e-05	-10565.6
696	2.75281e-05	-16560.3
697	2.75281e-05	-11103.5
698	2.75281e-05	-11906.5
699	2.75281e-05	-15171.4
700	2.75281e-05	-14554
701	2.75281e-05	-12482.5
702	2.75281e-05	-14548.4
703	2.75281e-05	-12163.4
704	2.75281e-05	-12540.9
705	2.75281e-05	-11416.6
706	2.75281e-05	-11278.2
707	2.75281e-05	-10503.6
708	2.75281e-05	-10489.6
709	2.75281e-05	-10474.1
710	2.75281e-05	-10676.5
711	2.75281e-05	-12039.3
712	2.75281e-05	-12869.4
713	2.75281e-05	-12148.1
714	2.75281e-05	-12957.1
715	2.75281e-05	-12889.3
716	2.75281e-05	-11871.2
717	2.75281e-05	-11392.5
718	2.75281e-05	-10781.9
719	2.75281e-05	-10277.1
720	2.75281e-05	-12502
721	2.75281e-05	-12324.7
722	2.75281e-05	-10776.8
723	2.75281e-05	-10790.7
724	2.75281e-05	-11425.9
725	2.75281e-05	-13693.2
726	2.75281e-05	-14100.7
727	2.75281e-05	-12841.2
728	2.75281e-05	-13798.6
729	2.75281e-05	-11975
730	2.75281e-05	-14398.5
731	2.75281e-05	-11563.1
732	2.75281e-05	-14368
733	2.75281e-05	-13325.5
734	2.75281e-05	-13586.1
735	2.75281e-05	-13316.2
736	2.75281e-05	-13144.2
737	2.75281e-05	-12632.8
738	2.75281e-05	-12721.3
739	2.75281e-05	-11832.6
740	2.75281e-05	-11645
741	2.75281e-05	-11680.2
742	2.75281e-05	-11535.9
743	2.75281e-05	-13684.7
744	2.75281e-05	-13839.1
745	2.75281e-05	-13124.8
746	2.75281e-05	-13041.4
747	2.75281e-05	-11686.4
748	2.75281e-05	-11882.7
749	2.75281e-05	-12329
750	2.75281e-05	-11870.2
751	2.75281e-05	-11498.7
752	2.75281e-05	-11769.4
753	2.75281e-05	-10838.5
754	2.75281e-05	-11907.7
755	2.75281e-05	-11089.9
756	2.75281e-05	-15012.3
757	2.75281e-05	-14531.6
758	2.75281e-05	-15032.7
759	2.75281e-05	-13618.2
760	2.75281e-05	-14540.8
761	2.75281e-05	-14811.2
762	2.75281e-05	-12822.1
763	2.75281e-05	-12659.1
764	2.75281e-05	-13736.3
765	2.75281e-05	-11983.6
766	2.75281e-05	-13710.2
767	2.75281e-05	-12070.3
768	2.75281e-05	-11493.8
769	2.75281e-05	-11021.3
770	2.75281e-05	-9716.76
771	2.75281e-05	-11460
772	2.75281e-05	-11240.6
773	2.75281e-05	-13979.5
774	2.75281e-05	-12152
775	2.75281e-05	-11461.7
776	2.75281e-05	-12016.6
777	2.75281e-05	-11941.9
778	2.75281e-05	-10209.8
779	2.75281e-05	-10718.3
780	2.75281e-05	-10928.1
781	2.75281e-05	-11421.5
782	2.75281e-05	-12185.7
783	2.75281e-05	-11728.5
784	2.75281e-05	-18683
785	2.75281e-05	-12338.7
786	2.75281e-05	-9702.84
787	2.75281e-05	-12306.5
788	2.75281e-05	-14458.3
789	2.75281e-05	-15453.3
790	2.75281e-05	-14645.1
791	2.75281e-05	-13918
792	2.75281e-05	-11438.7
793	2.75281e-05	-11092
794	2.75281e-05	-11995.5
795	2.75281e-05	-11139.8
796	2.75281e-05	-9835.84
797	2.75281e-05	-14370.3
798	2.75281e-05	-11595.5
799	2.75281e-05	-10740.3
800	2.75281e-05	-10651
801	2.75281e-05	-11570.2
802	2.75281e-05	-12984.8
803	2.75281e-05	-12579.5
804	2.75281e-05	-12903.3
805	2.75281e-05	-10666.5
806	2.75281e-05	-12801.9
807	2.75281e-05	-16767.7
808	2.75281e-05	-14794.1
809	2.75281e-05	-14091.5
810	2.75281e-05	-16008
811	2.75281e-05	-12657.9
812	2.75281e-05	-12549.6
813	2.75281e-05	-11064.7
814	2.75281e-05	-10724.2
815	2.75281e-05	-10335.6
816	2.75281e-05	-11055.4
817	2.75281e-05	-11743.2
818	2.75281e-05	-11333.2
819	2.75281e-05	-13042.9
820	2.75281e-05	-12754.1
821	2.75281e-05	-13424.6
822	2.75281e-05	-13535.6
823	2.75281e-05	-12394.1
824	2.75281e-05	-16352
825	2.75281e-05	-11824.9
826	2.75281e-05	-13252.1
827	2.75281e-05	-11655.6
828	2.75281e-05	-11474.4
829	2.75281e-05	-11405.3
830	2.75281e-05	-11546.6
831	2.75281e-05	-10944.9
832	2.75281e-05	-11745.8
833	2.75281e-05	-10985.8
834	2.75281e-05	-11003
835	2.75281e-05	-10286.5
836	2.75281e-05	-12048.2
837	2.75281e-05	-12095.6
838	2.75281e-05	-13947.1
839	2.75281e-05	-14701.5
840	2.75281e-05	-11157
841	2.75281e-05	-10730.9
842	2.75281e-05	-10897.1
843	2.75281e-05	-11386.1
844	2.75281e-05	-11521.4
845	2.75281e-05	-12044.1
846	2.75281e-05	-10460.7
847	2.75281e-05	-13524.1
848	2.75281e-05	-10056.3
849	2.75281e-05	-10924
850	2.75281e-05	-10460.1
851	2.75281e-05	-11124.1
852	2.75281e-05	-10102.5
853	2.75281e-05	-10273.6
854	2.75281e-05	-9915.73
855	2.75281e-05	-10578.8
856	2.75281e-05	-10291.1
857	2.75281e-05	-12174.3
858	2.75281e-05	-16238.3
859	2.75281e-05	-13837.2
860	2.75281e-05	-12413.2
861	2.75281e-05	-12192.4
862	2.75281e-05	-12013.7
863	2.75281e-05	-14233.3
864	2.75281e-05	-12003.8
865	2.75281e-05	-11684.8
866	2.75281e-05	-13975.3
867	2.75281e-05	-11606.6
868	2.75281e-05	-11906.1
869	2.75281e-05	-11067.9
870	2.75281e-05	-10574.2
871	2.75281e-05	-11189.9
872	2.75281e-05	-10910
873	2.75281e-05	-14569.8
874	2.75281e-05	-13114.9
875	2.75281e-05	-12741.5
876	2.75281e-05	-12477.1
877	2.75281e-05	-12949.4
878	2.75281e-05	-13738.4
879	2.75281e-05	-12866.5
880	2.75281e-05	-10802
881	2.75281e-05	-11811.7
882	2.75281e-05	-12005.4
883	2.75281e-05	-12076.6
884	2.75281e-05	-10680.3
885	2.75281e-05	-13092.4
886	2.75281e-05	-13685.4
887	2.75281e-05	-10299.3
888	2.75281e-05	-10323.2
889	2.75281e-05	-10014.5
890	2.75281e-05	-10988.9
891	2.75281e-05	-12816.3
892	2.75281e-05	-12696.8
893	2.75281e-05	-15459.8
894	2.75281e-05	-16112
895	2.75281e-05	-13085.4
896	2.75281e-05	-10408.8
897	2.75281e-05	-10992.5
898	2.75281e-05	-10455.5
899	2.75281e-05	-12365.1
900	2.75281e-05	-10701.3
901	2.75281e-05	-12067.1
902	2.75281e-05	-11264.8
903	2.75281e-05	-11112.4
904	2.75281e-05	-10895.5
905	2.75281e-05	-11622.8
906	2.75281e-05	-12092
907	2.75281e-05	-14536
908	2.75281e-05	-14982
909	2.75281e-05	-15254
910	2.75281e-05	-14914.6
911	2.75281e-05	-15284.4
912	2.75281e-05	-11795
913	2.75281e-05	-12410.3
914	2.75281e-05	-13127.2
915	2.75281e-05	-10887.2
916	2.75281e-05	-11012.6
917	2.75281e-05	-11384.8
918	2.75281e-05	-12760.1
919	2.75281e-05	-13268.3
920	2.75281e-05	-12542.7
921	2.75281e-05	-14551.7
922	2.75281e-05	-11212.5
923	2.75281e-05	-10877.5
924	2.75281e-05	-10889.1
925	2.75281e-05	-12604.6
926	2.75281e-05	-11124.9
927	2.75281e-05	-11261.8
928	2.75281e-05	-11391.9
929	2.75281e-05	-11056.8
930	2.75281e-05	-11285.6
931	2.75281e-05	-13134.2
932	2.75281e-05	-14005.9
933	2.75281e-05	-13391.3
934	2.75281e-05	-12186.7
935	2.75281e-05	-12255.8
936	2.75281e-05	-12700.8
937	2.75281e-05	-16415.1
938	2.75281e-05	-15503.5
939	2.75281e-05	-15123.5
940	2.75281e-05	-17838.2
941	2.75281e-05	-17634.5
942	2.75281e-05	-16762
943	2.75281e-05	-25865.7
944	2.75281e-05	-16029.3
945	2.75281e-05	-14818.5
946	2.75281e-05	-13927.4
947	2.75281e-05	-10907.3
948	2.75281e-05	-10984.3
949	2.75281e-05	-11287.1
950	2.75281e-05	-12133.3
951	2.75281e-05	-12165.1
952	2.75281e-05	-11829
953	2.75281e-05	-11588.7
954	2.75281e-05	-12049.4
955	2.75281e-05	-11635.9
956	2.75281e-05	-17806.3
957	2.75281e-05	-10930.8
958	2.75281e-05	-12047.4
959	2.75281e-05	-14711.7
960	2.75281e-05	-11828
961	2.75281e-05	-12238.3
962	2.75281e-05	-14131.9
963	2.75281e-05	-11222.2
964	2.75281e-05	-13626.7
965	2.75281e-05	-14078.2
966	2.75281e-05	-12958.6
967	2.75281e-05	-11481
968	2.75281e-05	-11574.9
969	2.75281e-05	-13600.2
970	2.75281e-05	-13768.1
971	2.75281e-05	-10531.3
972	2.75281e-05	-11035.6
973	2.75281e-05	-10902.4
974	2.75281e-05	-11716.4
975	2.75281e-05	-12946.4
976	2.75281e-05	-12414.5
977	2.75281e-05	-10748.4
978	2.75281e-05	-11252
979	2.75281e-05	-15429.5
980	2.75281e-05	-14472.2
981	2.75281e-05	-10934
982	2.75281e-05	-10945.4
983	2.75281e-05	-11401.3
984	2.75281e-05	-10997.5
985	2.75281e-05	-12839.3
986	2.75281e-05	-11157.2
987	2.75281e-05	-11834.3
988	2.75281e-05	-11389.3
989	2.75281e-05	-11295.1
990	2.75281e-05	-11519.4
991	2.75281e-05	-12305.1
992	2.75281e-05	-11540.4
993	2.75281e-05	-12981.6
994	2.75281e-05	-11728.3
995	2.75281e-05	-11772.6
996	2.75281e-05	-12778.5
997	2.75281e-05	-13821.7
998	2.75281e-05	-12317.5
999	2.75281e-05	-11899.6
1000	2.75281e-05	-11242.9
