state	power	likelihood
251	3.54013e-09	-14979.8
252	3.54013e-09	-14609.9
253	3.54013e-09	-12308.6
254	3.54013e-09	-14613.6
255	3.54013e-09	-11928.7
256	3.54013e-09	-12283.2
257	3.54013e-09	-12073.8
258	3.54013e-09	-13933.6
259	3.54013e-09	-11767.7
260	3.54013e-09	-14055
261	3.54013e-09	-14018
262	3.54013e-09	-12975.6
263	3.54013e-09	-12152.2
264	3.54013e-09	-14365.2
265	3.54013e-09	-12384.3
266	3.54013e-09	-12723.9
267	3.54013e-09	-10882.6
268	3.54013e-09	-12216.5
269	3.54013e-09	-12966.2
270	3.54013e-09	-12662.2
271	3.54013e-09	-11104.2
272	3.54013e-09	-11148.8
273	3.54013e-09	-13141.8
274	3.54013e-09	-14337.8
275	3.54013e-09	-12263.6
276	3.54013e-09	-10994.7
277	3.54013e-09	-12219.6
278	3.54013e-09	-13012.7
279	3.54013e-09	-12556.9
280	3.54013e-09	-10632.9
281	3.54013e-09	-12121.2
282	3.54013e-09	-12056.8
283	3.54013e-09	-11405.8
284	3.54013e-09	-11699.9
285	3.54013e-09	-10390.2
286	3.54013e-09	-10871.1
287	3.54013e-09	-10719.2
288	3.54013e-09	-10138.3
289	3.54013e-09	-11102.4
290	3.54013e-09	-12551.9
291	3.54013e-09	-10609.3
292	3.54013e-09	-10672.6
293	3.54013e-09	-11320.2
294	3.54013e-09	-11091
295	3.54013e-09	-10999.2
296	3.54013e-09	-13536.2
297	3.54013e-09	-13805.9
298	3.54013e-09	-12313.3
299	3.54013e-09	-12653.4
300	3.54013e-09	-12081.7
301	3.54013e-09	-10577.2
302	3.54013e-09	-10203.6
303	3.54013e-09	-10246.8
304	3.54013e-09	-10510.8
305	3.54013e-09	-10380.5
306	3.54013e-09	-10733.8
307	3.54013e-09	-11153.7
308	3.54013e-09	-14118.3
309	3.54013e-09	-11138
310	3.54013e-09	-10144.9
311	3.54013e-09	-11455.6
312	3.54013e-09	-12080.3
313	3.54013e-09	-13384.4
314	3.54013e-09	-11048.7
315	3.54013e-09	-10947.3
316	3.54013e-09	-10873.5
317	3.54013e-09	-10718.3
318	3.54013e-09	-10299.8
319	3.54013e-09	-9987.01
320	3.54013e-09	-11711.3
321	3.54013e-09	-11868.8
322	3.54013e-09	-12720.2
323	3.54013e-09	-11837.6
324	3.54013e-09	-12255.2
325	3.54013e-09	-10180.2
326	3.54013e-09	-13255
327	3.54013e-09	-13919
328	3.54013e-09	-13735.9
329	3.54013e-09	-12877.8
330	3.54013e-09	-10226.1
331	3.54013e-09	-11111.1
332	3.54013e-09	-11958.6
333	3.54013e-09	-11941.1
334	3.54013e-09	-11344.4
335	3.54013e-09	-14846.8
336	3.54013e-09	-13829.2
337	3.54013e-09	-12603.8
338	3.54013e-09	-11002.6
339	3.54013e-09	-12601.1
340	3.54013e-09	-11175
341	3.54013e-09	-11721.4
342	3.54013e-09	-12701
343	3.54013e-09	-12248.8
344	3.54013e-09	-10059.8
345	3.54013e-09	-12230.2
346	3.54013e-09	-11708.5
347	3.54013e-09	-10829.4
348	3.54013e-09	-10923.5
349	3.54013e-09	-10202.8
350	3.54013e-09	-11774.3
351	3.54013e-09	-13153
352	3.54013e-09	-11500.3
353	3.54013e-09	-14783.7
354	3.54013e-09	-12949.1
355	3.54013e-09	-12460.4
356	3.54013e-09	-11235.8
357	3.54013e-09	-11243.6
358	3.54013e-09	-11352.4
359	3.54013e-09	-11364.3
360	3.54013e-09	-11360.6
361	3.54013e-09	-11189.8
362	3.54013e-09	-13199.7
363	3.54013e-09	-13409.7
364	3.54013e-09	-11130.4
365	3.54013e-09	-10913
366	3.54013e-09	-10379.6
367	3.54013e-09	-10857.6
368	3.54013e-09	-12398.4
369	3.54013e-09	-13337.7
370	3.54013e-09	-12447.8
371	3.54013e-09	-13249.8
372	3.54013e-09	-14614.2
373	3.54013e-09	-14192
374	3.54013e-09	-13796.4
375	3.54013e-09	-12741.8
376	3.54013e-09	-12562.2
377	3.54013e-09	-11949
378	3.54013e-09	-11838.9
379	3.54013e-09	-10243
380	3.54013e-09	-12288.8
381	3.54013e-09	-12115.8
382	3.54013e-09	-11177.5
383	3.54013e-09	-10704.6
384	3.54013e-09	-13583.1
385	3.54013e-09	-11917.9
386	3.54013e-09	-10627.2
387	3.54013e-09	-12165
388	3.54013e-09	-14316.9
389	3.54013e-09	-13530.6
390	3.54013e-09	-10831.6
391	3.54013e-09	-11269.4
392	3.54013e-09	-12029.5
393	3.54013e-09	-11951
394	3.54013e-09	-14283.2
395	3.54013e-09	-10625.6
396	3.54013e-09	-11144.3
397	3.54013e-09	-11127.8
398	3.54013e-09	-11725.5
399	3.54013e-09	-13767.4
400	3.54013e-09	-13516.1
401	3.54013e-09	-12669.9
402	3.54013e-09	-12706.4
403	3.54013e-09	-11031.1
404	3.54013e-09	-11180.8
405	3.54013e-09	-11732.5
406	3.54013e-09	-10759.5
407	3.54013e-09	-11041.3
408	3.54013e-09	-12780.6
409	3.54013e-09	-10925.7
410	3.54013e-09	-10727.4
411	3.54013e-09	-10415.6
412	3.54013e-09	-10226.9
413	3.54013e-09	-13014.4
414	3.54013e-09	-12734.7
415	3.54013e-09	-12124.5
416	3.54013e-09	-11332.4
417	3.54013e-09	-18185.4
418	3.54013e-09	-17421.8
419	3.54013e-09	-17654
420	3.54013e-09	-17373.5
421	3.54013e-09	-15156.7
422	3.54013e-09	-15525.2
423	3.54013e-09	-12520.6
424	3.54013e-09	-11672.1
425	3.54013e-09	-11103
426	3.54013e-09	-10701.4
427	3.54013e-09	-11543
428	3.54013e-09	-15384.2
429	3.54013e-09	-15345.2
430	3.54013e-09	-11457.8
431	3.54013e-09	-10853.5
432	3.54013e-09	-10837.9
433	3.54013e-09	-12817.1
434	3.54013e-09	-13164.7
435	3.54013e-09	-11070.2
436	3.54013e-09	-12236.4
437	3.54013e-09	-11882.1
438	3.54013e-09	-12854.7
439	3.54013e-09	-14501.4
440	3.54013e-09	-13232.2
441	3.54013e-09	-13796.2
442	3.54013e-09	-11224.8
443	3.54013e-09	-12513.6
444	3.54013e-09	-12441.8
445	3.54013e-09	-14293
446	3.54013e-09	-11755.3
447	3.54013e-09	-12425.8
448	3.54013e-09	-11301
449	3.54013e-09	-10898.4
450	3.54013e-09	-10838.3
451	3.54013e-09	-11967.9
452	3.54013e-09	-11251.8
453	3.54013e-09	-10403.2
454	3.54013e-09	-9943.42
455	3.54013e-09	-11473.5
456	3.54013e-09	-11490.3
457	3.54013e-09	-13647.9
458	3.54013e-09	-12213.9
459	3.54013e-09	-11389.9
460	3.54013e-09	-14577.8
461	3.54013e-09	-15110.4
462	3.54013e-09	-11853.8
463	3.54013e-09	-11031.4
464	3.54013e-09	-12062.6
465	3.54013e-09	-11963.2
466	3.54013e-09	-13883.2
467	3.54013e-09	-13854.4
468	3.54013e-09	-12746.5
469	3.54013e-09	-12168
470	3.54013e-09	-12615.3
471	3.54013e-09	-12152.5
472	3.54013e-09	-12067.9
473	3.54013e-09	-12125.8
474	3.54013e-09	-11377.9
475	3.54013e-09	-10153.7
476	3.54013e-09	-12321.7
477	3.54013e-09	-11785.4
478	3.54013e-09	-14206.8
479	3.54013e-09	-14784.6
480	3.54013e-09	-14382.9
481	3.54013e-09	-14189.1
482	3.54013e-09	-13244.2
483	3.54013e-09	-13318.9
484	3.54013e-09	-11842.9
485	3.54013e-09	-13481.8
486	3.54013e-09	-12801
487	3.54013e-09	-13953.6
488	3.54013e-09	-13143.8
489	3.54013e-09	-12104
490	3.54013e-09	-11246
491	3.54013e-09	-11087.3
492	3.54013e-09	-11219
493	3.54013e-09	-12894.2
494	3.54013e-09	-11918.6
495	3.54013e-09	-14913.9
496	3.54013e-09	-15193.1
497	3.54013e-09	-10976.2
498	3.54013e-09	-12108.4
499	3.54013e-09	-11953.6
500	3.54013e-09	-14490.7
501	3.54013e-09	-12594.1
502	3.54013e-09	-10503
503	3.54013e-09	-10940.4
504	3.54013e-09	-10553.9
505	3.54013e-09	-13092
506	3.54013e-09	-13548.8
507	3.54013e-09	-12754.5
508	3.54013e-09	-12982.9
509	3.54013e-09	-11145.7
510	3.54013e-09	-11401.9
511	3.54013e-09	-10904.4
512	3.54013e-09	-11812.8
513	3.54013e-09	-13562.8
514	3.54013e-09	-17176.5
515	3.54013e-09	-15600.7
516	3.54013e-09	-14131.3
517	3.54013e-09	-13146.2
518	3.54013e-09	-11967.8
519	3.54013e-09	-14244.7
520	3.54013e-09	-12749.3
521	3.54013e-09	-11214.9
522	3.54013e-09	-10236
523	3.54013e-09	-11524.2
524	3.54013e-09	-12720
525	3.54013e-09	-13253.7
526	3.54013e-09	-13186.5
527	3.54013e-09	-13067.9
528	3.54013e-09	-11498.3
529	3.54013e-09	-14024.7
530	3.54013e-09	-14942.8
531	3.54013e-09	-20581.6
532	3.54013e-09	-14325.5
533	3.54013e-09	-13986.2
534	3.54013e-09	-13085
535	3.54013e-09	-13058.9
536	3.54013e-09	-12699.2
537	3.54013e-09	-12001.5
538	3.54013e-09	-11582.8
539	3.54013e-09	-13337.7
540	3.54013e-09	-13185.8
541	3.54013e-09	-14617.5
542	3.54013e-09	-12352.5
543	3.54013e-09	-10652.8
544	3.54013e-09	-10772.4
545	3.54013e-09	-12315.2
546	3.54013e-09	-11893.5
547	3.54013e-09	-11682.1
548	3.54013e-09	-12472.2
549	3.54013e-09	-12991.2
550	3.54013e-09	-12138.9
551	3.54013e-09	-10519.7
552	3.54013e-09	-11665.4
553	3.54013e-09	-11984
554	3.54013e-09	-13668.6
555	3.54013e-09	-11464.5
556	3.54013e-09	-12507.7
557	3.54013e-09	-11904
558	3.54013e-09	-11990.9
559	3.54013e-09	-14161.1
560	3.54013e-09	-13146.5
561	3.54013e-09	-10929.2
562	3.54013e-09	-14922.9
563	3.54013e-09	-15423.8
564	3.54013e-09	-15133.7
565	3.54013e-09	-16816
566	3.54013e-09	-15795.5
567	3.54013e-09	-15729.8
568	3.54013e-09	-12286.7
569	3.54013e-09	-13134.7
570	3.54013e-09	-12726.4
571	3.54013e-09	-11515.5
572	3.54013e-09	-11719
573	3.54013e-09	-11328.9
574	3.54013e-09	-11536.4
575	3.54013e-09	-12217.3
576	3.54013e-09	-11566.2
577	3.54013e-09	-12178.1
578	3.54013e-09	-13113.7
579	3.54013e-09	-12754.5
580	3.54013e-09	-11494.1
581	3.54013e-09	-10191.9
582	3.54013e-09	-10672.9
583	3.54013e-09	-11391.4
584	3.54013e-09	-11193.6
585	3.54013e-09	-12397.8
586	3.54013e-09	-11494.7
587	3.54013e-09	-11875.9
588	3.54013e-09	-12149
589	3.54013e-09	-10791.1
590	3.54013e-09	-12130
591	3.54013e-09	-11545.3
592	3.54013e-09	-10611.4
593	3.54013e-09	-11058
594	3.54013e-09	-11922
595	3.54013e-09	-13116
596	3.54013e-09	-12041.3
597	3.54013e-09	-13929.7
598	3.54013e-09	-13872.6
599	3.54013e-09	-13171.9
600	3.54013e-09	-11820.1
601	3.54013e-09	-12180.9
602	3.54013e-09	-11135
603	3.54013e-09	-11596.5
604	3.54013e-09	-11823.7
605	3.54013e-09	-10411.6
606	3.54013e-09	-12064.7
607	3.54013e-09	-11140.7
608	3.54013e-09	-14760.2
609	3.54013e-09	-14187.5
610	3.54013e-09	-12828.9
611	3.54013e-09	-11571
612	3.54013e-09	-13182.1
613	3.54013e-09	-12820.3
614	3.54013e-09	-14764.7
615	3.54013e-09	-14484
616	3.54013e-09	-13706.4
617	3.54013e-09	-13641.3
618	3.54013e-09	-11786.2
619	3.54013e-09	-12214.9
620	3.54013e-09	-13379
621	3.54013e-09	-14982
622	3.54013e-09	-14606.6
623	3.54013e-09	-12884.6
624	3.54013e-09	-13790.8
625	3.54013e-09	-12722.7
626	3.54013e-09	-13090.7
627	3.54013e-09	-11278.2
628	3.54013e-09	-10627
629	3.54013e-09	-10335.3
630	3.54013e-09	-11103
631	3.54013e-09	-11906.2
632	3.54013e-09	-11726.8
633	3.54013e-09	-11864
634	3.54013e-09	-12312
635	3.54013e-09	-12241.6
636	3.54013e-09	-11943.5
637	3.54013e-09	-11292.4
638	3.54013e-09	-11859.7
639	3.54013e-09	-12331.5
640	3.54013e-09	-12708.5
641	3.54013e-09	-13648
642	3.54013e-09	-14685.5
643	3.54013e-09	-14347.5
644	3.54013e-09	-10922.1
645	3.54013e-09	-12675.3
646	3.54013e-09	-12696.6
647	3.54013e-09	-14819.6
648	3.54013e-09	-17065.6
649	3.54013e-09	-14973.9
650	3.54013e-09	-12733.6
651	3.54013e-09	-13061.7
652	3.54013e-09	-13300.9
653	3.54013e-09	-10568.5
654	3.54013e-09	-10939.1
655	3.54013e-09	-12678.6
656	3.54013e-09	-12239.9
657	3.54013e-09	-16150
658	3.54013e-09	-16357.3
659	3.54013e-09	-15496
660	3.54013e-09	-12699.4
661	3.54013e-09	-14424.3
662	3.54013e-09	-14035.6
663	3.54013e-09	-14743.1
664	3.54013e-09	-11778.3
665	3.54013e-09	-11640.4
666	3.54013e-09	-11545.2
667	3.54013e-09	-11447.3
668	3.54013e-09	-11734.6
669	3.54013e-09	-11325.1
670	3.54013e-09	-11827.7
671	3.54013e-09	-12297
672	3.54013e-09	-12306.8
673	3.54013e-09	-13601.1
674	3.54013e-09	-14071.6
675	3.54013e-09	-11025
676	3.54013e-09	-11368.1
677	3.54013e-09	-11937.2
678	3.54013e-09	-12517.6
679	3.54013e-09	-15442.4
680	3.54013e-09	-14866.6
681	3.54013e-09	-10817.7
682	3.54013e-09	-12268.4
683	3.54013e-09	-12147.2
684	3.54013e-09	-12294.5
685	3.54013e-09	-12270.8
686	3.54013e-09	-14551.1
687	3.54013e-09	-14486.4
688	3.54013e-09	-13742.7
689	3.54013e-09	-12784.4
690	3.54013e-09	-11527.4
691	3.54013e-09	-11578.2
692	3.54013e-09	-10551.9
693	3.54013e-09	-10597.5
694	3.54013e-09	-11307.2
695	3.54013e-09	-12206.1
696	3.54013e-09	-11594.1
697	3.54013e-09	-12161.6
698	3.54013e-09	-11990.8
699	3.54013e-09	-13098.1
700	3.54013e-09	-11803.2
701	3.54013e-09	-13130.9
702	3.54013e-09	-11862.1
703	3.54013e-09	-15324.3
704	3.54013e-09	-20381.4
705	3.54013e-09	-14003.4
706	3.54013e-09	-14675
707	3.54013e-09	-12822.9
708	3.54013e-09	-11792
709	3.54013e-09	-12873.9
710	3.54013e-09	-11620.1
711	3.54013e-09	-10995.1
712	3.54013e-09	-10880
713	3.54013e-09	-13258.8
714	3.54013e-09	-12428.1
715	3.54013e-09	-13442
716	3.54013e-09	-12438.6
717	3.54013e-09	-11723.8
718	3.54013e-09	-11735.1
719	3.54013e-09	-15471.1
720	3.54013e-09	-11419
721	3.54013e-09	-11501.8
722	3.54013e-09	-12180.9
723	3.54013e-09	-12283.3
724	3.54013e-09	-13258.5
725	3.54013e-09	-13745.6
726	3.54013e-09	-11374.6
727	3.54013e-09	-11333.7
728	3.54013e-09	-11541.4
729	3.54013e-09	-11776
730	3.54013e-09	-11108.3
731	3.54013e-09	-12367.4
732	3.54013e-09	-11237.5
733	3.54013e-09	-11960.4
734	3.54013e-09	-13939.5
735	3.54013e-09	-11895.9
736	3.54013e-09	-11407.1
737	3.54013e-09	-11124.4
738	3.54013e-09	-11338.2
739	3.54013e-09	-10763.5
740	3.54013e-09	-11783
741	3.54013e-09	-11747.6
742	3.54013e-09	-11859
743	3.54013e-09	-11454.3
744	3.54013e-09	-11573.5
745	3.54013e-09	-12300.5
746	3.54013e-09	-10967.7
747	3.54013e-09	-12649.4
748	3.54013e-09	-12247
749	3.54013e-09	-12519.6
750	3.54013e-09	-12326.6
751	3.54013e-09	-14461.2
752	3.54013e-09	-11949.8
753	3.54013e-09	-14804.9
754	3.54013e-09	-13811.5
755	3.54013e-09	-12637.9
756	3.54013e-09	-11619.1
757	3.54013e-09	-12750.1
758	3.54013e-09	-14029
759	3.54013e-09	-13182.6
760	3.54013e-09	-12611.3
761	3.54013e-09	-13501.4
762	3.54013e-09	-13714
763	3.54013e-09	-16463.8
764	3.54013e-09	-14302.9
765	3.54013e-09	-10900.8
766	3.54013e-09	-13117.1
767	3.54013e-09	-11039.9
768	3.54013e-09	-12448.1
769	3.54013e-09	-10855.5
770	3.54013e-09	-11033.1
771	3.54013e-09	-10757.5
772	3.54013e-09	-10716
773	3.54013e-09	-10380
774	3.54013e-09	-11569
775	3.54013e-09	-11609.1
776	3.54013e-09	-14330.8
777	3.54013e-09	-15073.6
778	3.54013e-09	-14840.1
779	3.54013e-09	-12118.2
780	3.54013e-09	-11931.5
781	3.54013e-09	-12446.8
782	3.54013e-09	-12517.1
783	3.54013e-09	-13678.6
784	3.54013e-09	-15697.1
785	3.54013e-09	-13517.2
786	3.54013e-09	-13820.6
787	3.54013e-09	-12560.3
788	3.54013e-09	-14990.8
789	3.54013e-09	-15409
790	3.54013e-09	-13294.9
791	3.54013e-09	-15516.9
792	3.54013e-09	-13159.2
793	3.54013e-09	-12329.8
794	3.54013e-09	-13587
795	3.54013e-09	-12272.3
796	3.54013e-09	-13099.4
797	3.54013e-09	-14190.5
798	3.54013e-09	-11665.5
799	3.54013e-09	-11473.5
800	3.54013e-09	-9876.99
801	3.54013e-09	-10258.1
802	3.54013e-09	-10149.2
803	3.54013e-09	-10715
804	3.54013e-09	-10808.3
805	3.54013e-09	-13529.6
806	3.54013e-09	-12031.4
807	3.54013e-09	-11980.6
808	3.54013e-09	-11727.6
809	3.54013e-09	-10997.1
810	3.54013e-09	-10335.8
811	3.54013e-09	-10849.6
812	3.54013e-09	-13232.3
813	3.54013e-09	-12994.1
814	3.54013e-09	-10096.3
815	3.54013e-09	-10541.3
816	3.54013e-09	-12460.9
817	3.54013e-09	-10441.8
818	3.54013e-09	-11293.3
819	3.54013e-09	-12188
820	3.54013e-09	-11953.1
821	3.54013e-09	-11102.2
822	3.54013e-09	-15076.2
823	3.54013e-09	-15747.3
824	3.54013e-09	-14537.9
825	3.54013e-09	-13048.6
826	3.54013e-09	-11734.5
827	3.54013e-09	-12601.1
828	3.54013e-09	-12556.7
829	3.54013e-09	-11764.3
830	3.54013e-09	-14944.1
831	3.54013e-09	-14152.9
832	3.54013e-09	-15711.8
833	3.54013e-09	-14825.7
834	3.54013e-09	-14198.1
835	3.54013e-09	-18364.6
836	3.54013e-09	-13718.1
837	3.54013e-09	-11215.9
838	3.54013e-09	-11801.7
839	3.54013e-09	-11113.5
840	3.54013e-09	-10883
841	3.54013e-09	-10799.2
842	3.54013e-09	-11426.4
843	3.54013e-09	-11410.8
844	3.54013e-09	-10701.8
845	3.54013e-09	-11570.2
846	3.54013e-09	-13058.2
847	3.54013e-09	-11630.5
848	3.54013e-09	-11777.8
849	3.54013e-09	-12681.7
850	3.54013e-09	-12053
851	3.54013e-09	-12117.5
852	3.54013e-09	-12136.4
853	3.54013e-09	-13453.5
854	3.54013e-09	-11850.4
855	3.54013e-09	-11554.7
856	3.54013e-09	-10663.9
857	3.54013e-09	-11210.8
858	3.54013e-09	-11888.7
859	3.54013e-09	-11637.4
860	3.54013e-09	-12347.2
861	3.54013e-09	-12944.9
862	3.54013e-09	-13116.8
863	3.54013e-09	-14273.3
864	3.54013e-09	-14268.8
865	3.54013e-09	-15967.1
866	3.54013e-09	-12380.9
867	3.54013e-09	-11791.5
868	3.54013e-09	-12387.7
869	3.54013e-09	-10874.3
870	3.54013e-09	-10445.9
871	3.54013e-09	-11547.1
872	3.54013e-09	-11455.2
873	3.54013e-09	-10615.5
874	3.54013e-09	-12840.3
875	3.54013e-09	-15614.4
876	3.54013e-09	-12036
877	3.54013e-09	-13582.4
878	3.54013e-09	-13639.2
879	3.54013e-09	-10712.4
880	3.54013e-09	-11696.1
881	3.54013e-09	-10777.6
882	3.54013e-09	-10878.1
883	3.54013e-09	-11543.1
884	3.54013e-09	-11294.3
885	3.54013e-09	-14227.2
886	3.54013e-09	-13341.1
887	3.54013e-09	-11400.3
888	3.54013e-09	-13909.7
889	3.54013e-09	-13859.5
890	3.54013e-09	-13132.7
891	3.54013e-09	-12078.7
892	3.54013e-09	-12687.8
893	3.54013e-09	-10317.2
894	3.54013e-09	-11083.4
895	3.54013e-09	-11087.3
896	3.54013e-09	-10741.5
897	3.54013e-09	-11291.5
898	3.54013e-09	-13220.3
899	3.54013e-09	-13100.2
900	3.54013e-09	-15293.3
901	3.54013e-09	-14123.1
902	3.54013e-09	-11127.2
903	3.54013e-09	-11521.1
904	3.54013e-09	-12436.4
905	3.54013e-09	-12165.1
906	3.54013e-09	-12773.8
907	3.54013e-09	-12460.5
908	3.54013e-09	-13981.8
909	3.54013e-09	-12770.3
910	3.54013e-09	-10416.7
911	3.54013e-09	-10827.2
912	3.54013e-09	-10666.8
913	3.54013e-09	-10996.2
914	3.54013e-09	-12950.7
915	3.54013e-09	-10188.3
916	3.54013e-09	-10137.1
917	3.54013e-09	-10756
918	3.54013e-09	-10434.8
919	3.54013e-09	-10017.9
920	3.54013e-09	-11493.6
921	3.54013e-09	-10483.9
922	3.54013e-09	-10399.7
923	3.54013e-09	-10112.8
924	3.54013e-09	-10726.6
925	3.54013e-09	-11883.3
926	3.54013e-09	-13135.1
927	3.54013e-09	-13282.8
928	3.54013e-09	-12504.8
929	3.54013e-09	-12456.7
930	3.54013e-09	-12447.9
931	3.54013e-09	-12675
932	3.54013e-09	-11724.6
933	3.54013e-09	-12581.4
934	3.54013e-09	-13178
935	3.54013e-09	-11668.4
936	3.54013e-09	-14065.9
937	3.54013e-09	-13501.3
938	3.54013e-09	-14024
939	3.54013e-09	-13057.3
940	3.54013e-09	-10989.2
941	3.54013e-09	-11114.8
942	3.54013e-09	-10754.6
943	3.54013e-09	-13821.2
944	3.54013e-09	-12388.5
945	3.54013e-09	-11937.2
946	3.54013e-09	-12424.2
947	3.54013e-09	-15286.5
948	3.54013e-09	-13006.7
949	3.54013e-09	-11939.6
950	3.54013e-09	-12491.5
951	3.54013e-09	-15015.5
952	3.54013e-09	-13742.7
953	3.54013e-09	-14020.7
954	3.54013e-09	-14058.2
955	3.54013e-09	-12813.9
956	3.54013e-09	-13268.5
957	3.54013e-09	-13011.3
958	3.54013e-09	-13329.5
959	3.54013e-09	-10742.2
960	3.54013e-09	-12127.7
961	3.54013e-09	-14075.9
962	3.54013e-09	-12593.4
963	3.54013e-09	-13083.7
964	3.54013e-09	-14982.4
965	3.54013e-09	-13774.1
966	3.54013e-09	-11344.5
967	3.54013e-09	-12326.5
968	3.54013e-09	-12261.2
969	3.54013e-09	-12066.8
970	3.54013e-09	-10379.4
971	3.54013e-09	-11542.2
972	3.54013e-09	-11330.6
973	3.54013e-09	-11649.1
974	3.54013e-09	-14208.2
975	3.54013e-09	-14049.2
976	3.54013e-09	-10955.3
977	3.54013e-09	-11723.5
978	3.54013e-09	-12279.5
979	3.54013e-09	-13488.6
980	3.54013e-09	-14637.7
981	3.54013e-09	-12288.7
982	3.54013e-09	-12405.3
983	3.54013e-09	-13432.2
984	3.54013e-09	-14689.4
985	3.54013e-09	-13245.3
986	3.54013e-09	-11860.1
987	3.54013e-09	-12434.2
988	3.54013e-09	-12586.3
989	3.54013e-09	-16864.7
990	3.54013e-09	-13618.8
991	3.54013e-09	-12558.7
992	3.54013e-09	-11381.9
993	3.54013e-09	-12816.6
994	3.54013e-09	-12604.7
995	3.54013e-09	-11676.8
996	3.54013e-09	-10475.4
997	3.54013e-09	-11995.1
998	3.54013e-09	-10532.5
999	3.54013e-09	-11301.1
1000	3.54013e-09	-12284.4
