state	power	likelihood
251	0.0860252	-8097.56
252	0.0860252	-8050.93
253	0.0860252	-8162
254	0.0860252	-8137.53
255	0.0860252	-8140.1
256	0.0860252	-8148.9
257	0.0860252	-8104.19
258	0.0860252	-8089.77
259	0.0860252	-8095.57
260	0.0860252	-8083.71
261	0.0860252	-8090.64
262	0.0860252	-8064.43
263	0.0860252	-8140.36
264	0.0860252	-8085.82
265	0.0860252	-8084.54
266	0.0860252	-8113.48
267	0.0860252	-8073.98
268	0.0860252	-8056.53
269	0.0860252	-8082.72
270	0.0860252	-8091.77
271	0.0860252	-8082.98
272	0.0860252	-8074.22
273	0.0860252	-8124.16
274	0.0860252	-8121.07
275	0.0860252	-8117.45
276	0.0860252	-8126.57
277	0.0860252	-8146.94
278	0.0860252	-8114.59
279	0.0860252	-8162.13
280	0.0860252	-8103.7
281	0.0860252	-8174.69
282	0.0860252	-8184.64
283	0.0860252	-8178.06
284	0.0860252	-8153.68
285	0.0860252	-8173.43
286	0.0860252	-8173.1
287	0.0860252	-8143.71
288	0.0860252	-8158.86
289	0.0860252	-8147.46
290	0.0860252	-8119.95
291	0.0860252	-8139.26
292	0.0860252	-8077.26
293	0.0860252	-8103.06
294	0.0860252	-8137.55
295	0.0860252	-8193.12
296	0.0860252	-8174.83
297	0.0860252	-8205.58
298	0.0860252	-8233.49
299	0.0860252	-8087.13
300	0.0860252	-8162.5
301	0.0860252	-8091.25
302	0.0860252	-8051.77
303	0.0860252	-8096.36
304	0.0860252	-8112.79
305	0.0860252	-8122.95
306	0.0860252	-8171.39
307	0.0860252	-8198.36
308	0.0860252	-8151.12
309	0.0860252	-8173.8
310	0.0860252	-8102.11
311	0.0860252	-8059.87
312	0.0860252	-8120.32
313	0.0860252	-8069.05
314	0.0860252	-8173.09
315	0.0860252	-8134.91
316	0.0860252	-8160.96
317	0.0860252	-8162.73
318	0.0860252	-8180.86
319	0.0860252	-8139.8
320	0.0860252	-8120.79
321	0.0860252	-8156.23
322	0.0860252	-8154.31
323	0.0860252	-8207.27
324	0.0860252	-8145.05
325	0.0860252	-8227.83
326	0.0860252	-8235.37
327	0.0860252	-8192.65
328	0.0860252	-8144.32
329	0.0860252	-8107.28
330	0.0860252	-8101.06
331	0.0860252	-8066.44
332	0.0860252	-8094.35
333	0.0860252	-8103.75
334	0.0860252	-8115.96
335	0.0860252	-8156.01
336	0.0860252	-8205.86
337	0.0860252	-8137.28
338	0.0860252	-8137.44
339	0.0860252	-8107.79
340	0.0860252	-8044.06
341	0.0860252	-8123.44
342	0.0860252	-8112.01
343	0.0860252	-8163.61
344	0.0860252	-8106.92
345	0.0860252	-8156.17
346	0.0860252	-8133.23
347	0.0860252	-8157.74
348	0.0860252	-8189.44
349	0.0860252	-8188.28
350	0.0860252	-8119.65
351	0.0860252	-8059.47
352	0.0860252	-8071.17
353	0.0860252	-8135.48
354	0.0860252	-8082.96
355	0.0860252	-8161.53
356	0.0860252	-8112.46
357	0.0860252	-8084.6
358	0.0860252	-8122.04
359	0.0860252	-8110.06
360	0.0860252	-8134.69
361	0.0860252	-8201.28
362	0.0860252	-8209.87
363	0.0860252	-8183.18
364	0.0860252	-8132.5
365	0.0860252	-8115.28
366	0.0860252	-8110.71
367	0.0860252	-8130.14
368	0.0860252	-8095.4
369	0.0860252	-8153.63
370	0.0860252	-8104.12
371	0.0860252	-8163.2
372	0.0860252	-8128.19
373	0.0860252	-8061.29
374	0.0860252	-8099.25
375	0.0860252	-8102.61
376	0.0860252	-8085.15
377	0.0860252	-8118.25
378	0.0860252	-8113.69
379	0.0860252	-8135.38
380	0.0860252	-8049.82
381	0.0860252	-8063.06
382	0.0860252	-8075.64
383	0.0860252	-8121.57
384	0.0860252	-8053.88
385	0.0860252	-8082.07
386	0.0860252	-8116.94
387	0.0860252	-8069.64
388	0.0860252	-8052.85
389	0.0860252	-8095.19
390	0.0860252	-8097.96
391	0.0860252	-8226.02
392	0.0860252	-8140.02
393	0.0860252	-8115.36
394	0.0860252	-8103.7
395	0.0860252	-8112.04
396	0.0860252	-8051.83
397	0.0860252	-8133.6
398	0.0860252	-8096.98
399	0.0860252	-8090.59
400	0.0860252	-8117.76
401	0.0860252	-8114.94
402	0.0860252	-8161.17
403	0.0860252	-8168.66
404	0.0860252	-8106.72
405	0.0860252	-8094.85
406	0.0860252	-8114.47
407	0.0860252	-8172.91
408	0.0860252	-8151.72
409	0.0860252	-8133.15
410	0.0860252	-8120.94
411	0.0860252	-8098.97
412	0.0860252	-8068.61
413	0.0860252	-8177.24
414	0.0860252	-8123.02
415	0.0860252	-8144.44
416	0.0860252	-8118.44
417	0.0860252	-8105.14
418	0.0860252	-8208.08
419	0.0860252	-8239.64
420	0.0860252	-8159.81
421	0.0860252	-8095.67
422	0.0860252	-8094.74
423	0.0860252	-8202.43
424	0.0860252	-8180.71
425	0.0860252	-8215.68
426	0.0860252	-8161.92
427	0.0860252	-8147.2
428	0.0860252	-8093.29
429	0.0860252	-8152.88
430	0.0860252	-8127.21
431	0.0860252	-8174.22
432	0.0860252	-8142.54
433	0.0860252	-8100.27
434	0.0860252	-8142.18
435	0.0860252	-8099.5
436	0.0860252	-8047.22
437	0.0860252	-8077.25
438	0.0860252	-8070.09
439	0.0860252	-8048.4
440	0.0860252	-8131.78
441	0.0860252	-8131.64
442	0.0860252	-8174.61
443	0.0860252	-8205.4
444	0.0860252	-8108.69
445	0.0860252	-8101.35
446	0.0860252	-8165.87
447	0.0860252	-8207.7
448	0.0860252	-8178.08
449	0.0860252	-8156.63
450	0.0860252	-8188.02
451	0.0860252	-8109.82
452	0.0860252	-8200.42
453	0.0860252	-8243.65
454	0.0860252	-8204.21
455	0.0860252	-8159.87
456	0.0860252	-8149.16
457	0.0860252	-8180.33
458	0.0860252	-8140.55
459	0.0860252	-8129.79
460	0.0860252	-8219.9
461	0.0860252	-8121.14
462	0.0860252	-8118.28
463	0.0860252	-8115.86
464	0.0860252	-8115.74
465	0.0860252	-8137.32
466	0.0860252	-8049.19
467	0.0860252	-8087.04
468	0.0860252	-8077.21
469	0.0860252	-8090.98
470	0.0860252	-8080.31
471	0.0860252	-8104.81
472	0.0860252	-8071.97
473	0.0860252	-8072.57
474	0.0860252	-8130.46
475	0.0860252	-8156.09
476	0.0860252	-8116.06
477	0.0860252	-8109.96
478	0.0860252	-8095.26
479	0.0860252	-8123.71
480	0.0860252	-8158.28
481	0.0860252	-8155.17
482	0.0860252	-8183.9
483	0.0860252	-8137.59
484	0.0860252	-8162.71
485	0.0860252	-8102.59
486	0.0860252	-8081.83
487	0.0860252	-8129.81
488	0.0860252	-8173.03
489	0.0860252	-8074.58
490	0.0860252	-8105.32
491	0.0860252	-8187.24
492	0.0860252	-8189.41
493	0.0860252	-8223.62
494	0.0860252	-8149.49
495	0.0860252	-8116.42
496	0.0860252	-8195.73
497	0.0860252	-8138.38
498	0.0860252	-8132.97
499	0.0860252	-8119.96
500	0.0860252	-8164.29
501	0.0860252	-8136.88
502	0.0860252	-8140.57
503	0.0860252	-8118.73
504	0.0860252	-8100.36
505	0.0860252	-8116.02
506	0.0860252	-8113.04
507	0.0860252	-8072.68
508	0.0860252	-8031.38
509	0.0860252	-8050.63
510	0.0860252	-8111.74
511	0.0860252	-8113.78
512	0.0860252	-8131.02
513	0.0860252	-8171
514	0.0860252	-8180.85
515	0.0860252	-8206.03
516	0.0860252	-8153.37
517	0.0860252	-8146.5
518	0.0860252	-8250.46
519	0.0860252	-8118.67
520	0.0860252	-8143.33
521	0.0860252	-8136.38
522	0.0860252	-8134.85
523	0.0860252	-8144.56
524	0.0860252	-8160.93
525	0.0860252	-8201.66
526	0.0860252	-8261.42
527	0.0860252	-8187.68
528	0.0860252	-8168.49
529	0.0860252	-8215.35
530	0.0860252	-8231.4
531	0.0860252	-8168.58
532	0.0860252	-8140.94
533	0.0860252	-8174.59
534	0.0860252	-8142.82
535	0.0860252	-8182.21
536	0.0860252	-8112.83
537	0.0860252	-8125.25
538	0.0860252	-8207.38
539	0.0860252	-8181.49
540	0.0860252	-8152.38
541	0.0860252	-8139.65
542	0.0860252	-8178.01
543	0.0860252	-8230.08
544	0.0860252	-8208.28
545	0.0860252	-8220.77
546	0.0860252	-8150.9
547	0.0860252	-8133.87
548	0.0860252	-8150.94
549	0.0860252	-8109.73
550	0.0860252	-8087.89
551	0.0860252	-8142.02
552	0.0860252	-8101.65
553	0.0860252	-8084.36
554	0.0860252	-8073.25
555	0.0860252	-8099.16
556	0.0860252	-8095.76
557	0.0860252	-8090.21
558	0.0860252	-8072.78
559	0.0860252	-8135.82
560	0.0860252	-8125.57
561	0.0860252	-8111.09
562	0.0860252	-8118.89
563	0.0860252	-8147.64
564	0.0860252	-8125.1
565	0.0860252	-8109.88
566	0.0860252	-8091.37
567	0.0860252	-8082.11
568	0.0860252	-8079.19
569	0.0860252	-8143.55
570	0.0860252	-8100.76
571	0.0860252	-8089.62
572	0.0860252	-8092.59
573	0.0860252	-8109.24
574	0.0860252	-8088.14
575	0.0860252	-8087.06
576	0.0860252	-8054.13
577	0.0860252	-8063.4
578	0.0860252	-8061.18
579	0.0860252	-8057.63
580	0.0860252	-8092.34
581	0.0860252	-8180.17
582	0.0860252	-8156.22
583	0.0860252	-8211.75
584	0.0860252	-8138.14
585	0.0860252	-8086.04
586	0.0860252	-8121.17
587	0.0860252	-8125.12
588	0.0860252	-8122.6
589	0.0860252	-8058.9
590	0.0860252	-8105.56
591	0.0860252	-8092.05
592	0.0860252	-8097.62
593	0.0860252	-8091.1
594	0.0860252	-8073.1
595	0.0860252	-8100.82
596	0.0860252	-8082.61
597	0.0860252	-8087.3
598	0.0860252	-8121.72
599	0.0860252	-8109.58
600	0.0860252	-8101.05
601	0.0860252	-8126.46
602	0.0860252	-8137.98
603	0.0860252	-8110.59
604	0.0860252	-8091.45
605	0.0860252	-8080.59
606	0.0860252	-8114.2
607	0.0860252	-8126.73
608	0.0860252	-8072.08
609	0.0860252	-8077.07
610	0.0860252	-8104.07
611	0.0860252	-8107.75
612	0.0860252	-8099.76
613	0.0860252	-8127.46
614	0.0860252	-8198.43
615	0.0860252	-8111.29
616	0.0860252	-8135.55
617	0.0860252	-8090.07
618	0.0860252	-8137.39
619	0.0860252	-8164.47
620	0.0860252	-8205.86
621	0.0860252	-8215.39
622	0.0860252	-8208.89
623	0.0860252	-8222.5
624	0.0860252	-8299.63
625	0.0860252	-8219.89
626	0.0860252	-8135.8
627	0.0860252	-8091.43
628	0.0860252	-8119.65
629	0.0860252	-8139.11
630	0.0860252	-8108.75
631	0.0860252	-8153.45
632	0.0860252	-8099.24
633	0.0860252	-8107.75
634	0.0860252	-8168.62
635	0.0860252	-8125.16
636	0.0860252	-8182.19
637	0.0860252	-8168.22
638	0.0860252	-8231.84
639	0.0860252	-8194.77
640	0.0860252	-8226.81
641	0.0860252	-8189.82
642	0.0860252	-8192.69
643	0.0860252	-8175.62
644	0.0860252	-8201.8
645	0.0860252	-8196.67
646	0.0860252	-8166.45
647	0.0860252	-8115.43
648	0.0860252	-8075.1
649	0.0860252	-8074.83
650	0.0860252	-8067.84
651	0.0860252	-8122.45
652	0.0860252	-8144.38
653	0.0860252	-8123.12
654	0.0860252	-8168.76
655	0.0860252	-8126.63
656	0.0860252	-8122.96
657	0.0860252	-8204.69
658	0.0860252	-8095.98
659	0.0860252	-8186.06
660	0.0860252	-8073.34
661	0.0860252	-8139.83
662	0.0860252	-8106.95
663	0.0860252	-8112.11
664	0.0860252	-8135.44
665	0.0860252	-8219.02
666	0.0860252	-8159.17
667	0.0860252	-8219.31
668	0.0860252	-8177.15
669	0.0860252	-8116.64
670	0.0860252	-8187.26
671	0.0860252	-8184.99
672	0.0860252	-8145.1
673	0.0860252	-8166.4
674	0.0860252	-8147.57
675	0.0860252	-8138.86
676	0.0860252	-8110.43
677	0.0860252	-8103.98
678	0.0860252	-8168.66
679	0.0860252	-8107.09
680	0.0860252	-8109.19
681	0.0860252	-8145.24
682	0.0860252	-8139.34
683	0.0860252	-8186.25
684	0.0860252	-8189.38
685	0.0860252	-8189.71
686	0.0860252	-8256.82
687	0.0860252	-8226.2
688	0.0860252	-8233.29
689	0.0860252	-8147.85
690	0.0860252	-8186.98
691	0.0860252	-8202.85
692	0.0860252	-8149.12
693	0.0860252	-8171.25
694	0.0860252	-8130.36
695	0.0860252	-8126.87
696	0.0860252	-8125.64
697	0.0860252	-8082.34
698	0.0860252	-8104.85
699	0.0860252	-8168.35
700	0.0860252	-8155.54
701	0.0860252	-8242.72
702	0.0860252	-8209.97
703	0.0860252	-8182.53
704	0.0860252	-8189.88
705	0.0860252	-8078.24
706	0.0860252	-8151.59
707	0.0860252	-8081.33
708	0.0860252	-8104.62
709	0.0860252	-8148.13
710	0.0860252	-8177.82
711	0.0860252	-8155.96
712	0.0860252	-8160.9
713	0.0860252	-8122.97
714	0.0860252	-8124.19
715	0.0860252	-8093.36
716	0.0860252	-8147.39
717	0.0860252	-8138.98
718	0.0860252	-8172.92
719	0.0860252	-8099.14
720	0.0860252	-8162.51
721	0.0860252	-8158.61
722	0.0860252	-8144.28
723	0.0860252	-8144.27
724	0.0860252	-8094.86
725	0.0860252	-8093.15
726	0.0860252	-8154.86
727	0.0860252	-8226.46
728	0.0860252	-8208.92
729	0.0860252	-8113.78
730	0.0860252	-8146.73
731	0.0860252	-8196.39
732	0.0860252	-8110.21
733	0.0860252	-8140.83
734	0.0860252	-8137.5
735	0.0860252	-8189.73
736	0.0860252	-8187.9
737	0.0860252	-8169.42
738	0.0860252	-8195.22
739	0.0860252	-8164.52
740	0.0860252	-8138.95
741	0.0860252	-8128.91
742	0.0860252	-8115.62
743	0.0860252	-8103.42
744	0.0860252	-8126.81
745	0.0860252	-8116.14
746	0.0860252	-8096.61
747	0.0860252	-8113.5
748	0.0860252	-8080.5
749	0.0860252	-8054.31
750	0.0860252	-8092
751	0.0860252	-8062.64
752	0.0860252	-8094.81
753	0.0860252	-8081.49
754	0.0860252	-8107.97
755	0.0860252	-8095.9
756	0.0860252	-8151.39
757	0.0860252	-8105.72
758	0.0860252	-8086.21
759	0.0860252	-8117.46
760	0.0860252	-8165.76
761	0.0860252	-8140.65
762	0.0860252	-8150.17
763	0.0860252	-8200.88
764	0.0860252	-8109.55
765	0.0860252	-8100.4
766	0.0860252	-8108.04
767	0.0860252	-8132.54
768	0.0860252	-8166.3
769	0.0860252	-8151.74
770	0.0860252	-8117.41
771	0.0860252	-8132.82
772	0.0860252	-8172.6
773	0.0860252	-8158.61
774	0.0860252	-8143.95
775	0.0860252	-8165.36
776	0.0860252	-8257.19
777	0.0860252	-8197.95
778	0.0860252	-8242.41
779	0.0860252	-8165.59
780	0.0860252	-8194.78
781	0.0860252	-8110.34
782	0.0860252	-8194.5
783	0.0860252	-8171.73
784	0.0860252	-8123.22
785	0.0860252	-8082.92
786	0.0860252	-8078.05
787	0.0860252	-8131.46
788	0.0860252	-8062.65
789	0.0860252	-8087.02
790	0.0860252	-8078.11
791	0.0860252	-8103.58
792	0.0860252	-8113.15
793	0.0860252	-8082.25
794	0.0860252	-8139.22
795	0.0860252	-8150.49
796	0.0860252	-8155.02
797	0.0860252	-8184.18
798	0.0860252	-8173.32
799	0.0860252	-8141.94
800	0.0860252	-8173.08
801	0.0860252	-8220.36
802	0.0860252	-8189.7
803	0.0860252	-8227.2
804	0.0860252	-8157.05
805	0.0860252	-8218.92
806	0.0860252	-8159.72
807	0.0860252	-8137.72
808	0.0860252	-8184.56
809	0.0860252	-8197.86
810	0.0860252	-8151.58
811	0.0860252	-8124.48
812	0.0860252	-8130.34
813	0.0860252	-8086.06
814	0.0860252	-8092.65
815	0.0860252	-8145.46
816	0.0860252	-8168.47
817	0.0860252	-8147.72
818	0.0860252	-8169.85
819	0.0860252	-8145.74
820	0.0860252	-8155.4
821	0.0860252	-8118.13
822	0.0860252	-8186.53
823	0.0860252	-8144.19
824	0.0860252	-8152.09
825	0.0860252	-8104.44
826	0.0860252	-8148.15
827	0.0860252	-8134.1
828	0.0860252	-8125.21
829	0.0860252	-8167.38
830	0.0860252	-8141.65
831	0.0860252	-8088.46
832	0.0860252	-8103.58
833	0.0860252	-8117.29
834	0.0860252	-8153.71
835	0.0860252	-8120.44
836	0.0860252	-8123.52
837	0.0860252	-8121.27
838	0.0860252	-8056.84
839	0.0860252	-8146.99
840	0.0860252	-8185.61
841	0.0860252	-8131.48
842	0.0860252	-8143.28
843	0.0860252	-8152.41
844	0.0860252	-8122.82
845	0.0860252	-8111.13
846	0.0860252	-8088.81
847	0.0860252	-8131.94
848	0.0860252	-8132.71
849	0.0860252	-8121.59
850	0.0860252	-8183.09
851	0.0860252	-8130.14
852	0.0860252	-8147.03
853	0.0860252	-8129.35
854	0.0860252	-8107.9
855	0.0860252	-8096.66
856	0.0860252	-8122.2
857	0.0860252	-8088.7
858	0.0860252	-8089.78
859	0.0860252	-8150.22
860	0.0860252	-8053.82
861	0.0860252	-8091.31
862	0.0860252	-8140.15
863	0.0860252	-8141.29
864	0.0860252	-8176.65
865	0.0860252	-8176.35
866	0.0860252	-8166.39
867	0.0860252	-8152.21
868	0.0860252	-8172.01
869	0.0860252	-8131.32
870	0.0860252	-8172.32
871	0.0860252	-8137.35
872	0.0860252	-8125.4
873	0.0860252	-8142.64
874	0.0860252	-8154.02
875	0.0860252	-8117.5
876	0.0860252	-8117.03
877	0.0860252	-8099.61
878	0.0860252	-8108.54
879	0.0860252	-8141.24
880	0.0860252	-8170.22
881	0.0860252	-8196.14
882	0.0860252	-8185.4
883	0.0860252	-8153.06
884	0.0860252	-8152.52
885	0.0860252	-8118.06
886	0.0860252	-8034.09
887	0.0860252	-8117.44
888	0.0860252	-8117.24
889	0.0860252	-8041.61
890	0.0860252	-8055.35
891	0.0860252	-8044.67
892	0.0860252	-8094.76
893	0.0860252	-8059.63
894	0.0860252	-8093.48
895	0.0860252	-8110.03
896	0.0860252	-8104.39
897	0.0860252	-8069.13
898	0.0860252	-8109.27
899	0.0860252	-8095.95
900	0.0860252	-8053.2
901	0.0860252	-8120.8
902	0.0860252	-8141.87
903	0.0860252	-8134.11
904	0.0860252	-8215.2
905	0.0860252	-8132.46
906	0.0860252	-8163
907	0.0860252	-8097.18
908	0.0860252	-8115.12
909	0.0860252	-8130.58
910	0.0860252	-8081.01
911	0.0860252	-8070.96
912	0.0860252	-8071.25
913	0.0860252	-8069.24
914	0.0860252	-8063.85
915	0.0860252	-8094.85
916	0.0860252	-8149.46
917	0.0860252	-8152.45
918	0.0860252	-8119.45
919	0.0860252	-8106.36
920	0.0860252	-8134.31
921	0.0860252	-8132.63
922	0.0860252	-8093.85
923	0.0860252	-8108.76
924	0.0860252	-8192
925	0.0860252	-8174.26
926	0.0860252	-8170.11
927	0.0860252	-8140.44
928	0.0860252	-8152.55
929	0.0860252	-8165.66
930	0.0860252	-8227.97
931	0.0860252	-8197.77
932	0.0860252	-8143.78
933	0.0860252	-8138.51
934	0.0860252	-8148.21
935	0.0860252	-8138.64
936	0.0860252	-8118.91
937	0.0860252	-8118.66
938	0.0860252	-8100.74
939	0.0860252	-8171.67
940	0.0860252	-8142.94
941	0.0860252	-8185.18
942	0.0860252	-8246.68
943	0.0860252	-8203.09
944	0.0860252	-8210.89
945	0.0860252	-8188.74
946	0.0860252	-8092.27
947	0.0860252	-8110.85
948	0.0860252	-8034.81
949	0.0860252	-8129.36
950	0.0860252	-8115.53
951	0.0860252	-8167
952	0.0860252	-8144.24
953	0.0860252	-8115.62
954	0.0860252	-8165.9
955	0.0860252	-8156.55
956	0.0860252	-8181.5
957	0.0860252	-8076.42
958	0.0860252	-8090.23
959	0.0860252	-8115.48
960	0.0860252	-8188.04
961	0.0860252	-8233.38
962	0.0860252	-8278.66
963	0.0860252	-8238.61
964	0.0860252	-8207.79
965	0.0860252	-8197.2
966	0.0860252	-8194.83
967	0.0860252	-8161.97
968	0.0860252	-8257.8
969	0.0860252	-8236.34
970	0.0860252	-8197.49
971	0.0860252	-8241.32
972	0.0860252	-8205.5
973	0.0860252	-8225.58
974	0.0860252	-8204.57
975	0.0860252	-8175.15
976	0.0860252	-8150.49
977	0.0860252	-8238.26
978	0.0860252	-8258.45
979	0.0860252	-8171.41
980	0.0860252	-8071.71
981	0.0860252	-8062.45
982	0.0860252	-8038.05
983	0.0860252	-8078.15
984	0.0860252	-8080.85
985	0.0860252	-8102.21
986	0.0860252	-8090.15
987	0.0860252	-8063.98
988	0.0860252	-8077.29
989	0.0860252	-8065.62
990	0.0860252	-8054.61
991	0.0860252	-8062.1
992	0.0860252	-8041.14
993	0.0860252	-8127.21
994	0.0860252	-8130.02
995	0.0860252	-8092.02
996	0.0860252	-8136.67
997	0.0860252	-8163.23
998	0.0860252	-8123.03
999	0.0860252	-8112.48
1000	0.0860252	-8113.38
