state	power	likelihood
251	0.00131443	-10530.5
252	0.00131443	-11154.4
253	0.00131443	-10884.2
254	0.00131443	-10342.2
255	0.00131443	-9921.92
256	0.00131443	-10629.2
257	0.00131443	-10371.3
258	0.00131443	-10244.3
259	0.00131443	-10544.6
260	0.00131443	-10674
261	0.00131443	-11136.3
262	0.00131443	-10052.9
263	0.00131443	-9780.23
264	0.00131443	-9820.4
265	0.00131443	-10269.5
266	0.00131443	-9960.31
267	0.00131443	-11212.5
268	0.00131443	-9489.89
269	0.00131443	-10808.8
270	0.00131443	-9785.93
271	0.00131443	-10392.4
272	0.00131443	-10020.8
273	0.00131443	-10412.8
274	0.00131443	-10456.1
275	0.00131443	-11352.4
276	0.00131443	-10891.7
277	0.00131443	-10306.5
278	0.00131443	-10237
279	0.00131443	-11941.8
280	0.00131443	-12341.4
281	0.00131443	-10515.1
282	0.00131443	-10725
283	0.00131443	-10331.9
284	0.00131443	-9620.66
285	0.00131443	-10656.6
286	0.00131443	-12021.3
287	0.00131443	-11226
288	0.00131443	-11095.9
289	0.00131443	-12230.3
290	0.00131443	-12573.9
291	0.00131443	-11155.7
292	0.00131443	-10931.7
293	0.00131443	-11653.7
294	0.00131443	-10910.6
295	0.00131443	-10123.9
296	0.00131443	-9593.67
297	0.00131443	-10927.4
298	0.00131443	-11384.4
299	0.00131443	-11097.8
300	0.00131443	-10880.4
301	0.00131443	-11021.2
302	0.00131443	-10926.3
303	0.00131443	-10766.8
304	0.00131443	-12090.2
305	0.00131443	-11834.8
306	0.00131443	-10061.5
307	0.00131443	-11444.8
308	0.00131443	-11486.8
309	0.00131443	-10824.1
310	0.00131443	-10632.6
311	0.00131443	-9909.88
312	0.00131443	-9299.73
313	0.00131443	-9824.27
314	0.00131443	-10609.4
315	0.00131443	-11295.8
316	0.00131443	-10594.6
317	0.00131443	-11035.6
318	0.00131443	-11741.4
319	0.00131443	-9881.93
320	0.00131443	-10614.6
321	0.00131443	-10662.7
322	0.00131443	-13246.9
323	0.00131443	-13010
324	0.00131443	-12908.7
325	0.00131443	-11109.8
326	0.00131443	-11098
327	0.00131443	-10201.1
328	0.00131443	-10878.3
329	0.00131443	-10528.2
330	0.00131443	-12489.6
331	0.00131443	-11735.4
332	0.00131443	-13244.2
333	0.00131443	-12581
334	0.00131443	-12207.5
335	0.00131443	-10996.5
336	0.00131443	-11111.9
337	0.00131443	-10161.3
338	0.00131443	-11667.6
339	0.00131443	-10895.5
340	0.00131443	-11059.5
341	0.00131443	-10489.3
342	0.00131443	-10688
343	0.00131443	-11395.5
344	0.00131443	-11428.1
345	0.00131443	-10826.2
346	0.00131443	-9841.15
347	0.00131443	-9946.95
348	0.00131443	-10472
349	0.00131443	-11173.3
350	0.00131443	-10136.2
351	0.00131443	-10284.8
352	0.00131443	-10408.8
353	0.00131443	-12288.4
354	0.00131443	-10759.1
355	0.00131443	-10899.4
356	0.00131443	-11861.9
357	0.00131443	-10978.1
358	0.00131443	-11396.6
359	0.00131443	-9885.63
360	0.00131443	-9694.25
361	0.00131443	-9887.61
362	0.00131443	-10373.1
363	0.00131443	-10773.6
364	0.00131443	-10280.4
365	0.00131443	-10019.9
366	0.00131443	-10904.2
367	0.00131443	-10668.5
368	0.00131443	-10722.5
369	0.00131443	-11466.4
370	0.00131443	-11039.6
371	0.00131443	-10464.6
372	0.00131443	-10472.8
373	0.00131443	-9709.75
374	0.00131443	-9857.24
375	0.00131443	-10346.1
376	0.00131443	-10655.9
377	0.00131443	-11770
378	0.00131443	-11282.6
379	0.00131443	-10818.3
380	0.00131443	-10340.4
381	0.00131443	-12186.7
382	0.00131443	-11350.9
383	0.00131443	-10286.8
384	0.00131443	-10847.6
385	0.00131443	-11354.1
386	0.00131443	-11119
387	0.00131443	-10604.9
388	0.00131443	-10648.7
389	0.00131443	-11506.2
390	0.00131443	-10946
391	0.00131443	-9345.01
392	0.00131443	-11224.2
393	0.00131443	-10427.8
394	0.00131443	-10724.1
395	0.00131443	-9869.88
396	0.00131443	-11285.5
397	0.00131443	-11889.2
398	0.00131443	-10872.5
399	0.00131443	-11223.8
400	0.00131443	-11013.4
401	0.00131443	-10801.4
402	0.00131443	-9740.07
403	0.00131443	-10540.2
404	0.00131443	-10471.7
405	0.00131443	-9783.11
406	0.00131443	-9814.88
407	0.00131443	-9724.11
408	0.00131443	-12609.3
409	0.00131443	-12065.8
410	0.00131443	-11509.2
411	0.00131443	-11273.1
412	0.00131443	-10611.1
413	0.00131443	-11691.7
414	0.00131443	-10297.8
415	0.00131443	-10380.4
416	0.00131443	-11320.4
417	0.00131443	-10282.5
418	0.00131443	-11211.9
419	0.00131443	-10481.5
420	0.00131443	-11339.6
421	0.00131443	-10279.6
422	0.00131443	-10529.6
423	0.00131443	-9622.9
424	0.00131443	-10113.8
425	0.00131443	-11944.1
426	0.00131443	-11452.5
427	0.00131443	-10013.2
428	0.00131443	-11812.7
429	0.00131443	-10591.1
430	0.00131443	-10930.7
431	0.00131443	-10684.9
432	0.00131443	-9669.8
433	0.00131443	-10005.2
434	0.00131443	-11545.9
435	0.00131443	-10293
436	0.00131443	-10475.5
437	0.00131443	-9995.87
438	0.00131443	-11908.8
439	0.00131443	-12469.4
440	0.00131443	-12609.2
441	0.00131443	-11389.5
442	0.00131443	-12089
443	0.00131443	-11936.3
444	0.00131443	-11299.2
445	0.00131443	-11032.4
446	0.00131443	-10746
447	0.00131443	-10735.1
448	0.00131443	-9761.55
449	0.00131443	-10071
450	0.00131443	-10310.3
451	0.00131443	-11088.5
452	0.00131443	-10276.6
453	0.00131443	-11962.9
454	0.00131443	-9834.91
455	0.00131443	-10410.2
456	0.00131443	-10908.2
457	0.00131443	-10274.7
458	0.00131443	-10702.4
459	0.00131443	-11315.4
460	0.00131443	-10351.5
461	0.00131443	-10553
462	0.00131443	-10650.9
463	0.00131443	-10333.9
464	0.00131443	-10741.7
465	0.00131443	-10696.5
466	0.00131443	-10571.3
467	0.00131443	-11192.5
468	0.00131443	-11342.1
469	0.00131443	-10955.3
470	0.00131443	-10406.7
471	0.00131443	-10968.9
472	0.00131443	-11154.6
473	0.00131443	-10952.6
474	0.00131443	-12381.1
475	0.00131443	-12239.3
476	0.00131443	-12701
477	0.00131443	-12655.7
478	0.00131443	-11533.6
479	0.00131443	-11331.1
480	0.00131443	-11049.7
481	0.00131443	-9807.25
482	0.00131443	-11358.8
483	0.00131443	-11896.8
484	0.00131443	-10986.3
485	0.00131443	-11105.7
486	0.00131443	-10946.9
487	0.00131443	-11150
488	0.00131443	-11598.7
489	0.00131443	-11377.1
490	0.00131443	-10467.6
491	0.00131443	-10466.6
492	0.00131443	-12232.8
493	0.00131443	-10376.1
494	0.00131443	-10012.2
495	0.00131443	-11183.2
496	0.00131443	-11446
497	0.00131443	-11813.1
498	0.00131443	-10978
499	0.00131443	-11604.2
500	0.00131443	-10253.9
501	0.00131443	-10127.5
502	0.00131443	-11782.3
503	0.00131443	-11606.6
504	0.00131443	-11202.9
505	0.00131443	-10388.5
506	0.00131443	-10354.8
507	0.00131443	-10478.7
508	0.00131443	-11647.6
509	0.00131443	-10884.3
510	0.00131443	-10583
511	0.00131443	-13114.7
512	0.00131443	-12774.5
513	0.00131443	-12647.3
514	0.00131443	-12883.7
515	0.00131443	-10505.3
516	0.00131443	-12155.4
517	0.00131443	-10676.2
518	0.00131443	-11235.2
519	0.00131443	-11745.9
520	0.00131443	-10180.1
521	0.00131443	-10316
522	0.00131443	-10618.1
523	0.00131443	-10862.2
524	0.00131443	-10657.2
525	0.00131443	-11672.7
526	0.00131443	-12904
527	0.00131443	-10982.9
528	0.00131443	-11687.8
529	0.00131443	-11251.8
530	0.00131443	-10836.6
531	0.00131443	-11688.9
532	0.00131443	-11846.7
533	0.00131443	-11996.1
534	0.00131443	-10599.6
535	0.00131443	-10484.1
536	0.00131443	-10943.1
537	0.00131443	-11018.8
538	0.00131443	-11641.5
539	0.00131443	-9952.44
540	0.00131443	-10551.4
541	0.00131443	-10884.3
542	0.00131443	-9984.05
543	0.00131443	-10821.9
544	0.00131443	-10859.5
545	0.00131443	-10140.1
546	0.00131443	-10985.2
547	0.00131443	-10292.9
548	0.00131443	-10435.4
549	0.00131443	-10393.6
550	0.00131443	-12568.3
551	0.00131443	-11587.3
552	0.00131443	-10320.7
553	0.00131443	-10521.8
554	0.00131443	-12015.8
555	0.00131443	-9675.42
556	0.00131443	-10278.4
557	0.00131443	-10190.9
558	0.00131443	-10433.4
559	0.00131443	-9630.89
560	0.00131443	-9966.23
561	0.00131443	-11001.5
562	0.00131443	-10420.2
563	0.00131443	-13314.2
564	0.00131443	-10924.1
565	0.00131443	-10316.4
566	0.00131443	-10509.5
567	0.00131443	-11871.2
568	0.00131443	-10638.5
569	0.00131443	-10064.9
570	0.00131443	-10283.2
571	0.00131443	-9894.81
572	0.00131443	-10204.5
573	0.00131443	-9799.7
574	0.00131443	-10681.7
575	0.00131443	-10108.8
576	0.00131443	-10342.1
577	0.00131443	-10105.1
578	0.00131443	-11182.6
579	0.00131443	-11022.9
580	0.00131443	-11421.2
581	0.00131443	-11649.1
582	0.00131443	-12716.3
583	0.00131443	-11135.3
584	0.00131443	-11699.3
585	0.00131443	-12868.9
586	0.00131443	-10739.4
587	0.00131443	-10672.7
588	0.00131443	-12040.5
589	0.00131443	-10467.2
590	0.00131443	-10405.5
591	0.00131443	-11309.7
592	0.00131443	-11118.4
593	0.00131443	-11710.9
594	0.00131443	-10706.7
595	0.00131443	-10310.6
596	0.00131443	-10520.4
597	0.00131443	-10646.5
598	0.00131443	-10780.3
599	0.00131443	-9862.1
600	0.00131443	-11283.1
601	0.00131443	-11864.3
602	0.00131443	-10205.8
603	0.00131443	-10925.8
604	0.00131443	-11297.1
605	0.00131443	-11058.7
606	0.00131443	-10586.5
607	0.00131443	-11380.7
608	0.00131443	-10478.9
609	0.00131443	-11678.6
610	0.00131443	-10929.5
611	0.00131443	-11554.7
612	0.00131443	-11188.4
613	0.00131443	-11751.3
614	0.00131443	-13833.9
615	0.00131443	-11453.1
616	0.00131443	-10325.8
617	0.00131443	-10155.3
618	0.00131443	-10319.9
619	0.00131443	-10026.8
620	0.00131443	-10488.9
621	0.00131443	-10541.6
622	0.00131443	-10457.2
623	0.00131443	-10681.5
624	0.00131443	-11095.5
625	0.00131443	-11056.2
626	0.00131443	-10941.3
627	0.00131443	-11534.1
628	0.00131443	-11769.2
629	0.00131443	-12195.3
630	0.00131443	-12272.6
631	0.00131443	-11744.2
632	0.00131443	-10169.3
633	0.00131443	-10200.1
634	0.00131443	-9967.72
635	0.00131443	-10428.2
636	0.00131443	-11860.1
637	0.00131443	-11115.6
638	0.00131443	-12030.2
639	0.00131443	-11663.4
640	0.00131443	-10481.5
641	0.00131443	-10688.3
642	0.00131443	-11608.9
643	0.00131443	-9977.74
644	0.00131443	-11094.7
645	0.00131443	-11587.1
646	0.00131443	-11870.8
647	0.00131443	-11008.4
648	0.00131443	-11038.4
649	0.00131443	-10753.4
650	0.00131443	-11289.7
651	0.00131443	-11742.7
652	0.00131443	-11956.2
653	0.00131443	-10826.5
654	0.00131443	-11812.5
655	0.00131443	-11106.8
656	0.00131443	-10501.8
657	0.00131443	-9816.73
658	0.00131443	-10322.2
659	0.00131443	-11020.4
660	0.00131443	-11410.6
661	0.00131443	-11207.2
662	0.00131443	-10658.8
663	0.00131443	-10525.1
664	0.00131443	-10082.1
665	0.00131443	-10281.2
666	0.00131443	-10860.6
667	0.00131443	-10870.8
668	0.00131443	-10496.8
669	0.00131443	-10589.1
670	0.00131443	-11365.7
671	0.00131443	-11291.7
672	0.00131443	-13167.7
673	0.00131443	-13615.4
674	0.00131443	-12984
675	0.00131443	-11515.7
676	0.00131443	-11259.9
677	0.00131443	-10108.5
678	0.00131443	-10401.4
679	0.00131443	-10536.7
680	0.00131443	-10284.4
681	0.00131443	-11540.6
682	0.00131443	-11230.7
683	0.00131443	-11439.8
684	0.00131443	-11627.4
685	0.00131443	-11684.4
686	0.00131443	-10972.6
687	0.00131443	-10882.4
688	0.00131443	-11639.6
689	0.00131443	-10686.9
690	0.00131443	-11835.3
691	0.00131443	-11391.2
692	0.00131443	-10239.7
693	0.00131443	-11262.7
694	0.00131443	-10628.2
695	0.00131443	-11430.7
696	0.00131443	-11651.3
697	0.00131443	-10523
698	0.00131443	-9798.64
699	0.00131443	-10247.2
700	0.00131443	-9902.24
701	0.00131443	-11656.8
702	0.00131443	-10703.6
703	0.00131443	-9665.32
704	0.00131443	-10157.4
705	0.00131443	-12092.3
706	0.00131443	-12111.2
707	0.00131443	-12201
708	0.00131443	-10695.7
709	0.00131443	-10867.9
710	0.00131443	-10974
711	0.00131443	-11149.2
712	0.00131443	-12218.8
713	0.00131443	-11232.6
714	0.00131443	-9736.3
715	0.00131443	-10204.5
716	0.00131443	-10141
717	0.00131443	-10247.3
718	0.00131443	-10667
719	0.00131443	-11413.1
720	0.00131443	-12052.5
721	0.00131443	-12000.4
722	0.00131443	-12063.6
723	0.00131443	-11063
724	0.00131443	-10048.4
725	0.00131443	-10069.8
726	0.00131443	-11194.7
727	0.00131443	-11021.4
728	0.00131443	-11619.7
729	0.00131443	-12429
730	0.00131443	-9509.32
731	0.00131443	-10320.1
732	0.00131443	-11600.1
733	0.00131443	-9905.6
734	0.00131443	-10387.7
735	0.00131443	-12502.8
736	0.00131443	-11369.8
737	0.00131443	-11742.2
738	0.00131443	-9545.01
739	0.00131443	-10211.6
740	0.00131443	-11920.9
741	0.00131443	-9628.39
742	0.00131443	-11624.5
743	0.00131443	-12274.1
744	0.00131443	-11577
745	0.00131443	-10764.7
746	0.00131443	-11394.7
747	0.00131443	-10446
748	0.00131443	-11198.9
749	0.00131443	-11274.6
750	0.00131443	-11877
751	0.00131443	-11058.7
752	0.00131443	-11111.8
753	0.00131443	-11324.1
754	0.00131443	-10873.1
755	0.00131443	-10367
756	0.00131443	-12064.4
757	0.00131443	-11314.7
758	0.00131443	-10514.6
759	0.00131443	-10080.4
760	0.00131443	-10778
761	0.00131443	-10368.2
762	0.00131443	-10471
763	0.00131443	-10012.7
764	0.00131443	-11958.4
765	0.00131443	-11560.3
766	0.00131443	-11106.3
767	0.00131443	-10804.8
768	0.00131443	-10708.3
769	0.00131443	-11284.6
770	0.00131443	-10462.4
771	0.00131443	-10260.2
772	0.00131443	-10219.7
773	0.00131443	-9893
774	0.00131443	-11299.4
775	0.00131443	-10798.5
776	0.00131443	-10480.6
777	0.00131443	-10626.8
778	0.00131443	-9870.21
779	0.00131443	-10667.9
780	0.00131443	-10558.3
781	0.00131443	-12387.2
782	0.00131443	-10637.4
783	0.00131443	-11592.8
784	0.00131443	-13289.7
785	0.00131443	-12789.3
786	0.00131443	-9870.46
787	0.00131443	-10530.9
788	0.00131443	-10899.6
789	0.00131443	-10233.3
790	0.00131443	-9913.37
791	0.00131443	-10437.2
792	0.00131443	-11488.4
793	0.00131443	-11014.5
794	0.00131443	-10004.6
795	0.00131443	-10410
796	0.00131443	-10313.7
797	0.00131443	-9873.29
798	0.00131443	-11215.4
799	0.00131443	-9795.61
800	0.00131443	-11324.6
801	0.00131443	-12379.2
802	0.00131443	-10348
803	0.00131443	-10863
804	0.00131443	-10479.8
805	0.00131443	-14962.2
806	0.00131443	-12878.6
807	0.00131443	-13251.3
808	0.00131443	-11267.9
809	0.00131443	-10678.9
810	0.00131443	-12178.6
811	0.00131443	-9450.96
812	0.00131443	-11165.4
813	0.00131443	-10932.3
814	0.00131443	-10685.1
815	0.00131443	-11169.3
816	0.00131443	-10850
817	0.00131443	-10932.6
818	0.00131443	-11209.8
819	0.00131443	-11469.6
820	0.00131443	-11499.2
821	0.00131443	-10534
822	0.00131443	-11146.5
823	0.00131443	-11082
824	0.00131443	-10815.6
825	0.00131443	-12977.1
826	0.00131443	-11982.4
827	0.00131443	-12762.8
828	0.00131443	-12616.5
829	0.00131443	-10451
830	0.00131443	-10587
831	0.00131443	-10830
832	0.00131443	-10599.1
833	0.00131443	-10972.3
834	0.00131443	-12053.1
835	0.00131443	-11125.6
836	0.00131443	-11710.4
837	0.00131443	-10352.7
838	0.00131443	-10672.8
839	0.00131443	-9895.06
840	0.00131443	-10181.1
841	0.00131443	-10062.3
842	0.00131443	-10919.7
843	0.00131443	-10092.9
844	0.00131443	-10251
845	0.00131443	-10957.1
846	0.00131443	-10734.1
847	0.00131443	-11500.9
848	0.00131443	-10206.3
849	0.00131443	-9862.6
850	0.00131443	-10223.8
851	0.00131443	-10139
852	0.00131443	-9449.67
853	0.00131443	-10123
854	0.00131443	-10897.5
855	0.00131443	-11824.8
856	0.00131443	-12789.2
857	0.00131443	-10726.9
858	0.00131443	-12203.9
859	0.00131443	-11776.2
860	0.00131443	-10216.4
861	0.00131443	-9993.9
862	0.00131443	-9909.81
863	0.00131443	-10527.5
864	0.00131443	-10585.2
865	0.00131443	-10487.2
866	0.00131443	-10872.3
867	0.00131443	-10867.9
868	0.00131443	-10452.9
869	0.00131443	-10872.4
870	0.00131443	-10606.2
871	0.00131443	-10955.7
872	0.00131443	-11410.2
873	0.00131443	-11622.5
874	0.00131443	-11208.7
875	0.00131443	-10702
876	0.00131443	-10101.7
877	0.00131443	-11111.7
878	0.00131443	-11117.4
879	0.00131443	-10350.7
880	0.00131443	-10787.8
881	0.00131443	-11061.6
882	0.00131443	-10807.4
883	0.00131443	-9848.54
884	0.00131443	-11372.9
885	0.00131443	-10887.5
886	0.00131443	-9692.83
887	0.00131443	-9886.1
888	0.00131443	-10939.3
889	0.00131443	-10728.6
890	0.00131443	-11092.3
891	0.00131443	-11307.1
892	0.00131443	-12130.5
893	0.00131443	-11596.8
894	0.00131443	-12158.1
895	0.00131443	-11236.9
896	0.00131443	-10149.6
897	0.00131443	-9766.3
898	0.00131443	-9319.22
899	0.00131443	-9928.05
900	0.00131443	-10746.1
901	0.00131443	-10463.2
902	0.00131443	-9952.92
903	0.00131443	-12440.2
904	0.00131443	-11612.1
905	0.00131443	-10833.9
906	0.00131443	-10323.4
907	0.00131443	-10718.2
908	0.00131443	-10411.6
909	0.00131443	-10345.1
910	0.00131443	-11574.1
911	0.00131443	-12091.9
912	0.00131443	-11611.3
913	0.00131443	-11081.5
914	0.00131443	-10991.1
915	0.00131443	-10534.1
916	0.00131443	-10464.7
917	0.00131443	-9926.67
918	0.00131443	-10060.9
919	0.00131443	-10524.7
920	0.00131443	-9917.61
921	0.00131443	-10605.2
922	0.00131443	-10056.4
923	0.00131443	-11302.9
924	0.00131443	-11084.1
925	0.00131443	-10783.3
926	0.00131443	-10909.2
927	0.00131443	-9932.03
928	0.00131443	-10623.8
929	0.00131443	-9992.24
930	0.00131443	-10438.7
931	0.00131443	-11399
932	0.00131443	-10588.1
933	0.00131443	-9796.82
934	0.00131443	-10786.5
935	0.00131443	-10323.3
936	0.00131443	-11437.4
937	0.00131443	-10508.1
938	0.00131443	-10875.3
939	0.00131443	-11028.9
940	0.00131443	-11603.2
941	0.00131443	-10743.6
942	0.00131443	-11999.3
943	0.00131443	-11457.3
944	0.00131443	-10265
945	0.00131443	-10284.4
946	0.00131443	-10227.8
947	0.00131443	-10758.9
948	0.00131443	-12787.2
949	0.00131443	-12878.9
950	0.00131443	-12049.9
951	0.00131443	-10368
952	0.00131443	-10877.5
953	0.00131443	-10354.7
954	0.00131443	-10892.7
955	0.00131443	-11086.7
956	0.00131443	-11668.1
957	0.00131443	-11038.4
958	0.00131443	-11387.9
959	0.00131443	-10662.8
960	0.00131443	-11366.8
961	0.00131443	-10614.6
962	0.00131443	-12115.9
963	0.00131443	-13418.1
964	0.00131443	-11024.6
965	0.00131443	-11143.2
966	0.00131443	-11151.6
967	0.00131443	-10089.6
968	0.00131443	-11389.7
969	0.00131443	-10459.5
970	0.00131443	-10388.2
971	0.00131443	-11063.1
972	0.00131443	-10894.4
973	0.00131443	-9970.68
974	0.00131443	-10947.9
975	0.00131443	-11718.2
976	0.00131443	-11239.2
977	0.00131443	-11053.5
978	0.00131443	-10801.4
979	0.00131443	-11578.7
980	0.00131443	-12452.3
981	0.00131443	-9983.1
982	0.00131443	-10592.9
983	0.00131443	-11220.3
984	0.00131443	-11796.9
985	0.00131443	-11019.8
986	0.00131443	-10503.3
987	0.00131443	-10754.5
988	0.00131443	-10027.6
989	0.00131443	-10367.4
990	0.00131443	-10278.3
991	0.00131443	-11217.7
992	0.00131443	-11092.8
993	0.00131443	-11929.1
994	0.00131443	-12190.4
995	0.00131443	-10362.9
996	0.00131443	-10512.5
997	0.00131443	-10075.1
998	0.00131443	-10600
999	0.00131443	-9629.11
1000	0.00131443	-10106.3
