state	power	likelihood
251	0.000570142	-14227.9
252	0.000570142	-12477.3
253	0.000570142	-11244
254	0.000570142	-10374.7
255	0.000570142	-13367.3
256	0.000570142	-10718
257	0.000570142	-10576.4
258	0.000570142	-10663.1
259	0.000570142	-11771.4
260	0.000570142	-12633.5
261	0.000570142	-12947.8
262	0.000570142	-11624.6
263	0.000570142	-10921.5
264	0.000570142	-9975.55
265	0.000570142	-11816.6
266	0.000570142	-12563.3
267	0.000570142	-11279.6
268	0.000570142	-11336.7
269	0.000570142	-14278.5
270	0.000570142	-12256.1
271	0.000570142	-9957.94
272	0.000570142	-10142.9
273	0.000570142	-10996.6
274	0.000570142	-12712.3
275	0.000570142	-13150.5
276	0.000570142	-11598.2
277	0.000570142	-10973.8
278	0.000570142	-10772.4
279	0.000570142	-11067.1
280	0.000570142	-11471
281	0.000570142	-11865
282	0.000570142	-11511.3
283	0.000570142	-12164.6
284	0.000570142	-14369.8
285	0.000570142	-10304.4
286	0.000570142	-10349.5
287	0.000570142	-10780.9
288	0.000570142	-10740.5
289	0.000570142	-11031.1
290	0.000570142	-12462.1
291	0.000570142	-11668.6
292	0.000570142	-13486.9
293	0.000570142	-12874
294	0.000570142	-14352.2
295	0.000570142	-12323.7
296	0.000570142	-12918.2
297	0.000570142	-13550.8
298	0.000570142	-10045.2
299	0.000570142	-11244.2
300	0.000570142	-10336.9
301	0.000570142	-10512.7
302	0.000570142	-11094.8
303	0.000570142	-11165.1
304	0.000570142	-11682.6
305	0.000570142	-11495
306	0.000570142	-10149.1
307	0.000570142	-11064.7
308	0.000570142	-10594.1
309	0.000570142	-11108.6
310	0.000570142	-12549
311	0.000570142	-12236.1
312	0.000570142	-12909.2
313	0.000570142	-11369.6
314	0.000570142	-11524.1
315	0.000570142	-12662.6
316	0.000570142	-12328.4
317	0.000570142	-12395.6
318	0.000570142	-11946.1
319	0.000570142	-11673.8
320	0.000570142	-12640.4
321	0.000570142	-11597.2
322	0.000570142	-11565.8
323	0.000570142	-12919.1
324	0.000570142	-10563.9
325	0.000570142	-10273
326	0.000570142	-11314.2
327	0.000570142	-10806.7
328	0.000570142	-11310.7
329	0.000570142	-11456.7
330	0.000570142	-10649.4
331	0.000570142	-11123.6
332	0.000570142	-11528.5
333	0.000570142	-11554.8
334	0.000570142	-11646.2
335	0.000570142	-12481.2
336	0.000570142	-12113.1
337	0.000570142	-12023.8
338	0.000570142	-12175.5
339	0.000570142	-11979.5
340	0.000570142	-12139.8
341	0.000570142	-13189
342	0.000570142	-9999.58
343	0.000570142	-10734.3
344	0.000570142	-10576.9
345	0.000570142	-10093.4
346	0.000570142	-10392.8
347	0.000570142	-10495
348	0.000570142	-10899.9
349	0.000570142	-11456.1
350	0.000570142	-11143.4
351	0.000570142	-12445.8
352	0.000570142	-12087.1
353	0.000570142	-13352.1
354	0.000570142	-12908.7
355	0.000570142	-15374.8
356	0.000570142	-12911.1
357	0.000570142	-11657.8
358	0.000570142	-11924.1
359	0.000570142	-13253.8
360	0.000570142	-11739.2
361	0.000570142	-11510.2
362	0.000570142	-10854.9
363	0.000570142	-14243
364	0.000570142	-13934.4
365	0.000570142	-11438.7
366	0.000570142	-12156.9
367	0.000570142	-13302.9
368	0.000570142	-13220.7
369	0.000570142	-13903.7
370	0.000570142	-11490.7
371	0.000570142	-11170.9
372	0.000570142	-10505.2
373	0.000570142	-11316.8
374	0.000570142	-10964.8
375	0.000570142	-11844.3
376	0.000570142	-12435
377	0.000570142	-11162.3
378	0.000570142	-12142.7
379	0.000570142	-11990
380	0.000570142	-11006.8
381	0.000570142	-15578.1
382	0.000570142	-14017.7
383	0.000570142	-13702.4
384	0.000570142	-11268.9
385	0.000570142	-10342.2
386	0.000570142	-10072.2
387	0.000570142	-9945.76
388	0.000570142	-10057.5
389	0.000570142	-11595.4
390	0.000570142	-10913.2
391	0.000570142	-10363.2
392	0.000570142	-11117.8
393	0.000570142	-11674.2
394	0.000570142	-11001.5
395	0.000570142	-13618.6
396	0.000570142	-11129.5
397	0.000570142	-10877.7
398	0.000570142	-10276.4
399	0.000570142	-10378.1
400	0.000570142	-11187.3
401	0.000570142	-10710.1
402	0.000570142	-10667.9
403	0.000570142	-10536.3
404	0.000570142	-12122
405	0.000570142	-10687.3
406	0.000570142	-11559.8
407	0.000570142	-11622.5
408	0.000570142	-11863
409	0.000570142	-10574.5
410	0.000570142	-9766.51
411	0.000570142	-10558.2
412	0.000570142	-10285.1
413	0.000570142	-11267.4
414	0.000570142	-13379
415	0.000570142	-10058.6
416	0.000570142	-10107.9
417	0.000570142	-10132.3
418	0.000570142	-11034.1
419	0.000570142	-11482
420	0.000570142	-12790
421	0.000570142	-13532.6
422	0.000570142	-10240.8
423	0.000570142	-10736.7
424	0.000570142	-10414.1
425	0.000570142	-10016
426	0.000570142	-11084.5
427	0.000570142	-10575
428	0.000570142	-11364.4
429	0.000570142	-9885.16
430	0.000570142	-11522
431	0.000570142	-10798.7
432	0.000570142	-12143.3
433	0.000570142	-11544.4
434	0.000570142	-12428
435	0.000570142	-11170.9
436	0.000570142	-10640.4
437	0.000570142	-11280.6
438	0.000570142	-13479.7
439	0.000570142	-10281.3
440	0.000570142	-11323
441	0.000570142	-10888.9
442	0.000570142	-11306.1
443	0.000570142	-10769.1
444	0.000570142	-10727.2
445	0.000570142	-11449.3
446	0.000570142	-11531.2
447	0.000570142	-11948.6
448	0.000570142	-11965.6
449	0.000570142	-12018.3
450	0.000570142	-12593.5
451	0.000570142	-12095.7
452	0.000570142	-11737.5
453	0.000570142	-12400.4
454	0.000570142	-12284.9
455	0.000570142	-11384.4
456	0.000570142	-10389.1
457	0.000570142	-11610.1
458	0.000570142	-12025.3
459	0.000570142	-11369.4
460	0.000570142	-13356.3
461	0.000570142	-10750.5
462	0.000570142	-12633.1
463	0.000570142	-18144.5
464	0.000570142	-14433.8
465	0.000570142	-12025.6
466	0.000570142	-12808.4
467	0.000570142	-11792.1
468	0.000570142	-11233.4
469	0.000570142	-12896.5
470	0.000570142	-11725.5
471	0.000570142	-11676.1
472	0.000570142	-10852.8
473	0.000570142	-11174
474	0.000570142	-16946.3
475	0.000570142	-14845.6
476	0.000570142	-12753.3
477	0.000570142	-13324.8
478	0.000570142	-12448.9
479	0.000570142	-11175.5
480	0.000570142	-12226.9
481	0.000570142	-11262.9
482	0.000570142	-11906.6
483	0.000570142	-12721.9
484	0.000570142	-12048.6
485	0.000570142	-11065
486	0.000570142	-11908
487	0.000570142	-11072.2
488	0.000570142	-12550.9
489	0.000570142	-11034.1
490	0.000570142	-13780.4
491	0.000570142	-13647.7
492	0.000570142	-13781.2
493	0.000570142	-11901.4
494	0.000570142	-16088.1
495	0.000570142	-16069.3
496	0.000570142	-15067.7
497	0.000570142	-14287
498	0.000570142	-11072.2
499	0.000570142	-10669.8
500	0.000570142	-10608.4
501	0.000570142	-10441.2
502	0.000570142	-10477.6
503	0.000570142	-10470.7
504	0.000570142	-12839.3
505	0.000570142	-13924.2
506	0.000570142	-13856
507	0.000570142	-13739.2
508	0.000570142	-10954.4
509	0.000570142	-12590.2
510	0.000570142	-10682
511	0.000570142	-12438.3
512	0.000570142	-13065.9
513	0.000570142	-10761.8
514	0.000570142	-12279.7
515	0.000570142	-11248.7
516	0.000570142	-10967.2
517	0.000570142	-10879.3
518	0.000570142	-13195.3
519	0.000570142	-11305.1
520	0.000570142	-10241.6
521	0.000570142	-10807.9
522	0.000570142	-12579.8
523	0.000570142	-10919.8
524	0.000570142	-10489.5
525	0.000570142	-11559.5
526	0.000570142	-11625.5
527	0.000570142	-10464.8
528	0.000570142	-10552
529	0.000570142	-11601.5
530	0.000570142	-10818.8
531	0.000570142	-11768.4
532	0.000570142	-13666.1
533	0.000570142	-11477.8
534	0.000570142	-11528.8
535	0.000570142	-11434.1
536	0.000570142	-11903.7
537	0.000570142	-13355.3
538	0.000570142	-12863.6
539	0.000570142	-13003.3
540	0.000570142	-12545.8
541	0.000570142	-10863.8
542	0.000570142	-11442.1
543	0.000570142	-11229.5
544	0.000570142	-11894.9
545	0.000570142	-12433.1
546	0.000570142	-12318.7
547	0.000570142	-11994.3
548	0.000570142	-10377
549	0.000570142	-11150
550	0.000570142	-11361.9
551	0.000570142	-11858.9
552	0.000570142	-12215
553	0.000570142	-10711.8
554	0.000570142	-11627.4
555	0.000570142	-12845.4
556	0.000570142	-12818.9
557	0.000570142	-11309.1
558	0.000570142	-12301.6
559	0.000570142	-9964.59
560	0.000570142	-9384.47
561	0.000570142	-10128.6
562	0.000570142	-10780.8
563	0.000570142	-10496.4
564	0.000570142	-12135.1
565	0.000570142	-12550
566	0.000570142	-12789.6
567	0.000570142	-10657
568	0.000570142	-11866
569	0.000570142	-11248.1
570	0.000570142	-11847.6
571	0.000570142	-11577.8
572	0.000570142	-11796.1
573	0.000570142	-11932.3
574	0.000570142	-12444.1
575	0.000570142	-10976
576	0.000570142	-12364.3
577	0.000570142	-11777.9
578	0.000570142	-12509.8
579	0.000570142	-11896.1
580	0.000570142	-12860.4
581	0.000570142	-11510.8
582	0.000570142	-11399.2
583	0.000570142	-13284.8
584	0.000570142	-11404.5
585	0.000570142	-12642.9
586	0.000570142	-12730.4
587	0.000570142	-11255.4
588	0.000570142	-10953
589	0.000570142	-12189.5
590	0.000570142	-12381.3
591	0.000570142	-10750.9
592	0.000570142	-10703.3
593	0.000570142	-10812.8
594	0.000570142	-10383.2
595	0.000570142	-10147.2
596	0.000570142	-13147.4
597	0.000570142	-15148.8
598	0.000570142	-15430.3
599	0.000570142	-12046.3
600	0.000570142	-12531.9
601	0.000570142	-10076.8
602	0.000570142	-11143.6
603	0.000570142	-10340.1
604	0.000570142	-10281.7
605	0.000570142	-10149.1
606	0.000570142	-10405.8
607	0.000570142	-10484.4
608	0.000570142	-11646.3
609	0.000570142	-9697.75
610	0.000570142	-10684.3
611	0.000570142	-11744.7
612	0.000570142	-11161.8
613	0.000570142	-12166.6
614	0.000570142	-12647.1
615	0.000570142	-10860.9
616	0.000570142	-11448.8
617	0.000570142	-11844.8
618	0.000570142	-12499.5
619	0.000570142	-13051.2
620	0.000570142	-11024.3
621	0.000570142	-10798.4
622	0.000570142	-10763.3
623	0.000570142	-12173.2
624	0.000570142	-13389.2
625	0.000570142	-12037.1
626	0.000570142	-11562.1
627	0.000570142	-10379.4
628	0.000570142	-11236.1
629	0.000570142	-11462.1
630	0.000570142	-11501.9
631	0.000570142	-12696.1
632	0.000570142	-12431.4
633	0.000570142	-14038.9
634	0.000570142	-14582.4
635	0.000570142	-11981.3
636	0.000570142	-11653.9
637	0.000570142	-10091.8
638	0.000570142	-10127.6
639	0.000570142	-10040.4
640	0.000570142	-10392.7
641	0.000570142	-10513
642	0.000570142	-10790.8
643	0.000570142	-12849.5
644	0.000570142	-13274.1
645	0.000570142	-11988.6
646	0.000570142	-11695.8
647	0.000570142	-13188.1
648	0.000570142	-10654
649	0.000570142	-12237.6
650	0.000570142	-12333.1
651	0.000570142	-11999.9
652	0.000570142	-15331.9
653	0.000570142	-10935.6
654	0.000570142	-11115.2
655	0.000570142	-11700.1
656	0.000570142	-12300.9
657	0.000570142	-11451.8
658	0.000570142	-12304.4
659	0.000570142	-13739.8
660	0.000570142	-12137.4
661	0.000570142	-12883.9
662	0.000570142	-13563.1
663	0.000570142	-14413.4
664	0.000570142	-13771.9
665	0.000570142	-12198.8
666	0.000570142	-12022.5
667	0.000570142	-9683.31
668	0.000570142	-10530.2
669	0.000570142	-11922.4
670	0.000570142	-10567
671	0.000570142	-10093.1
672	0.000570142	-11531
673	0.000570142	-11175.3
674	0.000570142	-12564.2
675	0.000570142	-11690.9
676	0.000570142	-11166.1
677	0.000570142	-10989.7
678	0.000570142	-10037.1
679	0.000570142	-10236
680	0.000570142	-10066
681	0.000570142	-12682.6
682	0.000570142	-13375.4
683	0.000570142	-12328.9
684	0.000570142	-11006.8
685	0.000570142	-11231.8
686	0.000570142	-9467.46
687	0.000570142	-10079.4
688	0.000570142	-9692.7
689	0.000570142	-10164
690	0.000570142	-11136.2
691	0.000570142	-11076.3
692	0.000570142	-11179.9
693	0.000570142	-11528.5
694	0.000570142	-11831.8
695	0.000570142	-10758
696	0.000570142	-10001.1
697	0.000570142	-13269.2
698	0.000570142	-13746.5
699	0.000570142	-15258.2
700	0.000570142	-13912.8
701	0.000570142	-11578.4
702	0.000570142	-12504.7
703	0.000570142	-12045
704	0.000570142	-13144.7
705	0.000570142	-13194
706	0.000570142	-11824.8
707	0.000570142	-11750
708	0.000570142	-11636.6
709	0.000570142	-13368.2
710	0.000570142	-11697.9
711	0.000570142	-10651.4
712	0.000570142	-11945.6
713	0.000570142	-12107.9
714	0.000570142	-11080.5
715	0.000570142	-10694.1
716	0.000570142	-10763.9
717	0.000570142	-10775.9
718	0.000570142	-10114.9
719	0.000570142	-10662.1
720	0.000570142	-14149
721	0.000570142	-11538.4
722	0.000570142	-11678.9
723	0.000570142	-11643.4
724	0.000570142	-14174.7
725	0.000570142	-11863.3
726	0.000570142	-12016.1
727	0.000570142	-12017.4
728	0.000570142	-12728.9
729	0.000570142	-12711.3
730	0.000570142	-12163.1
731	0.000570142	-13371.1
732	0.000570142	-13698.8
733	0.000570142	-10691.2
734	0.000570142	-11748.3
735	0.000570142	-10720.6
736	0.000570142	-12980.4
737	0.000570142	-11881.7
738	0.000570142	-15040.3
739	0.000570142	-13685.1
740	0.000570142	-14214.6
741	0.000570142	-10723.5
742	0.000570142	-10694.5
743	0.000570142	-11473.5
744	0.000570142	-11322.3
745	0.000570142	-10529.6
746	0.000570142	-10561.9
747	0.000570142	-11481.8
748	0.000570142	-10969.2
749	0.000570142	-12081.5
750	0.000570142	-14919.1
751	0.000570142	-13245.2
752	0.000570142	-12917.2
753	0.000570142	-11971.5
754	0.000570142	-12334.8
755	0.000570142	-12118.8
756	0.000570142	-10447
757	0.000570142	-10840.2
758	0.000570142	-11778.3
759	0.000570142	-11756.5
760	0.000570142	-12055.3
761	0.000570142	-10022.4
762	0.000570142	-10637.9
763	0.000570142	-11041.6
764	0.000570142	-10577.7
765	0.000570142	-10833.9
766	0.000570142	-10737.2
767	0.000570142	-10617.3
768	0.000570142	-10397.8
769	0.000570142	-14662.6
770	0.000570142	-9718.38
771	0.000570142	-10096.2
772	0.000570142	-11268
773	0.000570142	-10442.3
774	0.000570142	-10877.6
775	0.000570142	-11187.1
776	0.000570142	-10503.8
777	0.000570142	-10424.6
778	0.000570142	-11518
779	0.000570142	-10741.2
780	0.000570142	-11619.5
781	0.000570142	-11852.2
782	0.000570142	-11060
783	0.000570142	-11804.8
784	0.000570142	-11716.4
785	0.000570142	-13186.6
786	0.000570142	-12337.3
787	0.000570142	-10269.6
788	0.000570142	-10791
789	0.000570142	-12991.6
790	0.000570142	-12814.4
791	0.000570142	-12795.4
792	0.000570142	-12715.3
793	0.000570142	-11520.3
794	0.000570142	-12826.8
795	0.000570142	-11859.8
796	0.000570142	-12039.8
797	0.000570142	-10616.5
798	0.000570142	-13161
799	0.000570142	-11169.6
800	0.000570142	-11817.7
801	0.000570142	-11076.3
802	0.000570142	-12878.6
803	0.000570142	-10293.5
804	0.000570142	-13265.5
805	0.000570142	-13544.2
806	0.000570142	-11491.6
807	0.000570142	-10755.6
808	0.000570142	-11293.9
809	0.000570142	-12382
810	0.000570142	-11610.5
811	0.000570142	-11662.8
812	0.000570142	-11755.3
813	0.000570142	-10969.5
814	0.000570142	-10094.2
815	0.000570142	-10671.8
816	0.000570142	-13436.8
817	0.000570142	-11617.4
818	0.000570142	-10437.8
819	0.000570142	-11031.4
820	0.000570142	-10136.3
821	0.000570142	-12393.5
822	0.000570142	-12022.5
823	0.000570142	-11476.7
824	0.000570142	-14198.6
825	0.000570142	-13545.7
826	0.000570142	-11089.1
827	0.000570142	-10734.9
828	0.000570142	-11306.2
829	0.000570142	-12970.3
830	0.000570142	-11378.5
831	0.000570142	-11005
832	0.000570142	-10737.1
833	0.000570142	-11487.4
834	0.000570142	-12389.1
835	0.000570142	-12287.9
836	0.000570142	-10577
837	0.000570142	-10810.1
838	0.000570142	-10984.4
839	0.000570142	-11117.1
840	0.000570142	-10654.8
841	0.000570142	-10865.5
842	0.000570142	-10280.9
843	0.000570142	-10358.1
844	0.000570142	-10556.4
845	0.000570142	-11331.6
846	0.000570142	-12879.9
847	0.000570142	-11552.5
848	0.000570142	-10292.4
849	0.000570142	-10859.6
850	0.000570142	-11295.5
851	0.000570142	-12057.3
852	0.000570142	-11493.7
853	0.000570142	-12905.6
854	0.000570142	-12434.3
855	0.000570142	-12629.3
856	0.000570142	-10576.1
857	0.000570142	-9880.28
858	0.000570142	-11768.5
859	0.000570142	-12166.8
860	0.000570142	-13134.9
861	0.000570142	-11540.5
862	0.000570142	-12088.9
863	0.000570142	-10767.9
864	0.000570142	-13570.7
865	0.000570142	-12538.9
866	0.000570142	-11422.4
867	0.000570142	-10763.4
868	0.000570142	-11419.1
869	0.000570142	-11661.2
870	0.000570142	-10985.2
871	0.000570142	-12745.7
872	0.000570142	-12882.2
873	0.000570142	-10929.2
874	0.000570142	-11187.7
875	0.000570142	-13263.7
876	0.000570142	-11900.1
877	0.000570142	-12273.1
878	0.000570142	-11305.4
879	0.000570142	-11249.2
880	0.000570142	-11262
881	0.000570142	-11043.1
882	0.000570142	-11376.7
883	0.000570142	-10797.3
884	0.000570142	-10370.9
885	0.000570142	-10460.7
886	0.000570142	-10507.6
887	0.000570142	-11224.3
888	0.000570142	-11261.4
889	0.000570142	-11472.1
890	0.000570142	-12738.4
891	0.000570142	-10136.6
892	0.000570142	-11513.3
893	0.000570142	-11593.9
894	0.000570142	-10707.7
895	0.000570142	-11994
896	0.000570142	-11692.8
897	0.000570142	-10825.9
898	0.000570142	-11097.3
899	0.000570142	-10467
900	0.000570142	-10695.2
901	0.000570142	-11654.5
902	0.000570142	-12844.1
903	0.000570142	-10339.1
904	0.000570142	-12274.9
905	0.000570142	-13199.4
906	0.000570142	-11203.5
907	0.000570142	-13035.7
908	0.000570142	-12196.5
909	0.000570142	-12196.1
910	0.000570142	-12096.2
911	0.000570142	-11551.4
912	0.000570142	-11741.8
913	0.000570142	-11369.1
914	0.000570142	-13623
915	0.000570142	-10361.9
916	0.000570142	-10758.3
917	0.000570142	-10414.3
918	0.000570142	-10199.1
919	0.000570142	-10441.4
920	0.000570142	-11672.3
921	0.000570142	-11012.4
922	0.000570142	-11537.3
923	0.000570142	-12573.6
924	0.000570142	-11602.9
925	0.000570142	-10382.2
926	0.000570142	-9674.52
927	0.000570142	-10790.1
928	0.000570142	-10874.3
929	0.000570142	-11186.6
930	0.000570142	-11604.4
931	0.000570142	-12404.6
932	0.000570142	-13987.1
933	0.000570142	-13203.4
934	0.000570142	-11232.5
935	0.000570142	-10469.6
936	0.000570142	-10662.4
937	0.000570142	-10216.7
938	0.000570142	-10493.7
939	0.000570142	-11426.5
940	0.000570142	-10271.6
941	0.000570142	-10713.3
942	0.000570142	-10270.4
943	0.000570142	-13167.2
944	0.000570142	-11830.1
945	0.000570142	-10356.1
946	0.000570142	-10237.5
947	0.000570142	-12685
948	0.000570142	-10554.5
949	0.000570142	-9486.07
950	0.000570142	-11833.7
951	0.000570142	-10976
952	0.000570142	-11245.6
953	0.000570142	-10558
954	0.000570142	-12325.4
955	0.000570142	-12112.6
956	0.000570142	-10237.6
957	0.000570142	-10658.2
958	0.000570142	-10847.1
959	0.000570142	-11476.3
960	0.000570142	-11248.6
961	0.000570142	-11373.2
962	0.000570142	-9942.28
963	0.000570142	-11499.9
964	0.000570142	-10644
965	0.000570142	-10642
966	0.000570142	-11300.8
967	0.000570142	-13096.1
968	0.000570142	-11473.6
969	0.000570142	-12094.1
970	0.000570142	-13256.9
971	0.000570142	-11266.7
972	0.000570142	-10699
973	0.000570142	-10410.9
974	0.000570142	-10959.3
975	0.000570142	-13834.1
976	0.000570142	-11700.8
977	0.000570142	-13311.7
978	0.000570142	-12441.7
979	0.000570142	-13578.3
980	0.000570142	-13570
981	0.000570142	-12156.4
982	0.000570142	-11692
983	0.000570142	-11234
984	0.000570142	-10658.2
985	0.000570142	-11759.9
986	0.000570142	-11634
987	0.000570142	-13266.2
988	0.000570142	-12872.2
989	0.000570142	-12744.9
990	0.000570142	-11199
991	0.000570142	-10798.9
992	0.000570142	-10952.9
993	0.000570142	-11771.1
994	0.000570142	-11447.7
995	0.000570142	-11159.6
996	0.000570142	-10595.4
997	0.000570142	-10614.1
998	0.000570142	-12007.6
999	0.000570142	-12032.5
1000	0.000570142	-12037.1
