state	power	likelihood
251	3.6251e-06	-11710
252	3.6251e-06	-10324.2
253	3.6251e-06	-11518.5
254	3.6251e-06	-11843.8
255	3.6251e-06	-11082.6
256	3.6251e-06	-11130.2
257	3.6251e-06	-10516.8
258	3.6251e-06	-10873.6
259	3.6251e-06	-10353.2
260	3.6251e-06	-14878.2
261	3.6251e-06	-12987.3
262	3.6251e-06	-12699.5
263	3.6251e-06	-14225.7
264	3.6251e-06	-14120.4
265	3.6251e-06	-14995.1
266	3.6251e-06	-12096.1
267	3.6251e-06	-13525.9
268	3.6251e-06	-13028
269	3.6251e-06	-11569.9
270	3.6251e-06	-11655
271	3.6251e-06	-11010.1
272	3.6251e-06	-13204.6
273	3.6251e-06	-10860.8
274	3.6251e-06	-11411.4
275	3.6251e-06	-12375.5
276	3.6251e-06	-11873.6
277	3.6251e-06	-11660.1
278	3.6251e-06	-9646.99
279	3.6251e-06	-13392.9
280	3.6251e-06	-12299.8
281	3.6251e-06	-11117.4
282	3.6251e-06	-11994.7
283	3.6251e-06	-12271.4
284	3.6251e-06	-11832.7
285	3.6251e-06	-14876.8
286	3.6251e-06	-14393.8
287	3.6251e-06	-13221.8
288	3.6251e-06	-14128.9
289	3.6251e-06	-13980.7
290	3.6251e-06	-12171
291	3.6251e-06	-12930.3
292	3.6251e-06	-12557.2
293	3.6251e-06	-10829.9
294	3.6251e-06	-14793.5
295	3.6251e-06	-10946.3
296	3.6251e-06	-12857.6
297	3.6251e-06	-13331.9
298	3.6251e-06	-12117.7
299	3.6251e-06	-12594.5
300	3.6251e-06	-12541.6
301	3.6251e-06	-16345.9
302	3.6251e-06	-13536.3
303	3.6251e-06	-12716.5
304	3.6251e-06	-11913.2
305	3.6251e-06	-12299.8
306	3.6251e-06	-16628.6
307	3.6251e-06	-14014.4
308	3.6251e-06	-13765.2
309	3.6251e-06	-11525.3
310	3.6251e-06	-12237.9
311	3.6251e-06	-10786
312	3.6251e-06	-10598
313	3.6251e-06	-12536
314	3.6251e-06	-11048.1
315	3.6251e-06	-12044.2
316	3.6251e-06	-11843.9
317	3.6251e-06	-10143.5
318	3.6251e-06	-10979.2
319	3.6251e-06	-12241.6
320	3.6251e-06	-11327.9
321	3.6251e-06	-11754.7
322	3.6251e-06	-12732.2
323	3.6251e-06	-14151
324	3.6251e-06	-12798.4
325	3.6251e-06	-12152.6
326	3.6251e-06	-12859.4
327	3.6251e-06	-10416.6
328	3.6251e-06	-12626.3
329	3.6251e-06	-12993.5
330	3.6251e-06	-12644.2
331	3.6251e-06	-13895.1
332	3.6251e-06	-13003.8
333	3.6251e-06	-11996.1
334	3.6251e-06	-11820.3
335	3.6251e-06	-13435.9
336	3.6251e-06	-15075.7
337	3.6251e-06	-12836.7
338	3.6251e-06	-13429.1
339	3.6251e-06	-13283.1
340	3.6251e-06	-14618.3
341	3.6251e-06	-11378.3
342	3.6251e-06	-10999.4
343	3.6251e-06	-12564.9
344	3.6251e-06	-10672.6
345	3.6251e-06	-10897
346	3.6251e-06	-10729.1
347	3.6251e-06	-10970
348	3.6251e-06	-13018.4
349	3.6251e-06	-11980
350	3.6251e-06	-10084.6
351	3.6251e-06	-10202.6
352	3.6251e-06	-10158.4
353	3.6251e-06	-12539.4
354	3.6251e-06	-12431.9
355	3.6251e-06	-12382.6
356	3.6251e-06	-10879.6
357	3.6251e-06	-11958.5
358	3.6251e-06	-11718.5
359	3.6251e-06	-12310.3
360	3.6251e-06	-13399.7
361	3.6251e-06	-13680.2
362	3.6251e-06	-16415.7
363	3.6251e-06	-12830.8
364	3.6251e-06	-15175.1
365	3.6251e-06	-14979.3
366	3.6251e-06	-13459.3
367	3.6251e-06	-13221.7
368	3.6251e-06	-13671.7
369	3.6251e-06	-10366.9
370	3.6251e-06	-12797.4
371	3.6251e-06	-12925.8
372	3.6251e-06	-11933.3
373	3.6251e-06	-13475.5
374	3.6251e-06	-10464.8
375	3.6251e-06	-12769.9
376	3.6251e-06	-11444.4
377	3.6251e-06	-12413.9
378	3.6251e-06	-12396.4
379	3.6251e-06	-15019.8
380	3.6251e-06	-14190.9
381	3.6251e-06	-11978
382	3.6251e-06	-11792.6
383	3.6251e-06	-14386.7
384	3.6251e-06	-13081.8
385	3.6251e-06	-12770.5
386	3.6251e-06	-10657.2
387	3.6251e-06	-10003.2
388	3.6251e-06	-10814.5
389	3.6251e-06	-11550.4
390	3.6251e-06	-13023.6
391	3.6251e-06	-12701.9
392	3.6251e-06	-10948.2
393	3.6251e-06	-12932.2
394	3.6251e-06	-13899.4
395	3.6251e-06	-12654.4
396	3.6251e-06	-12703.8
397	3.6251e-06	-12881.9
398	3.6251e-06	-9891.35
399	3.6251e-06	-10597.1
400	3.6251e-06	-10646.3
401	3.6251e-06	-10548.9
402	3.6251e-06	-10583.3
403	3.6251e-06	-10622.8
404	3.6251e-06	-10894.6
405	3.6251e-06	-11017.7
406	3.6251e-06	-11188
407	3.6251e-06	-11548.4
408	3.6251e-06	-12148.8
409	3.6251e-06	-12105
410	3.6251e-06	-12667.7
411	3.6251e-06	-11603.9
412	3.6251e-06	-11957.6
413	3.6251e-06	-12429
414	3.6251e-06	-11488.9
415	3.6251e-06	-12118.8
416	3.6251e-06	-14124.3
417	3.6251e-06	-13518
418	3.6251e-06	-11826.2
419	3.6251e-06	-12435.4
420	3.6251e-06	-13770.2
421	3.6251e-06	-11675.3
422	3.6251e-06	-11686
423	3.6251e-06	-11197
424	3.6251e-06	-12336.5
425	3.6251e-06	-11862.8
426	3.6251e-06	-12704.4
427	3.6251e-06	-13861.5
428	3.6251e-06	-13335.4
429	3.6251e-06	-13016.6
430	3.6251e-06	-12996.4
431	3.6251e-06	-12241.9
432	3.6251e-06	-14971.1
433	3.6251e-06	-11830.1
434	3.6251e-06	-11953.2
435	3.6251e-06	-11999.1
436	3.6251e-06	-11614.1
437	3.6251e-06	-13432.9
438	3.6251e-06	-12475.5
439	3.6251e-06	-13281.7
440	3.6251e-06	-12474.1
441	3.6251e-06	-13379.2
442	3.6251e-06	-11888.5
443	3.6251e-06	-12309.6
444	3.6251e-06	-11598.4
445	3.6251e-06	-11025.9
446	3.6251e-06	-10514.3
447	3.6251e-06	-13057.4
448	3.6251e-06	-14646.8
449	3.6251e-06	-14219.7
450	3.6251e-06	-16587.8
451	3.6251e-06	-10961.3
452	3.6251e-06	-12050.6
453	3.6251e-06	-11691.9
454	3.6251e-06	-10910.1
455	3.6251e-06	-14630.6
456	3.6251e-06	-14188.9
457	3.6251e-06	-11036.6
458	3.6251e-06	-11499.9
459	3.6251e-06	-13378.1
460	3.6251e-06	-15802.8
461	3.6251e-06	-15719
462	3.6251e-06	-19861.7
463	3.6251e-06	-22291.2
464	3.6251e-06	-25001.7
465	3.6251e-06	-22471.6
466	3.6251e-06	-26162.2
467	3.6251e-06	-23741.8
468	3.6251e-06	-24398.2
469	3.6251e-06	-15021.9
470	3.6251e-06	-13579.3
471	3.6251e-06	-13391.8
472	3.6251e-06	-13955.5
473	3.6251e-06	-11184.4
474	3.6251e-06	-11634.6
475	3.6251e-06	-11119.9
476	3.6251e-06	-11933.8
477	3.6251e-06	-14379.5
478	3.6251e-06	-13610.2
479	3.6251e-06	-12520.6
480	3.6251e-06	-10560.6
481	3.6251e-06	-12368.6
482	3.6251e-06	-12738
483	3.6251e-06	-10898.4
484	3.6251e-06	-10251
485	3.6251e-06	-11241.4
486	3.6251e-06	-10840.4
487	3.6251e-06	-10767.7
488	3.6251e-06	-10239.2
489	3.6251e-06	-10907.6
490	3.6251e-06	-11054.1
491	3.6251e-06	-11452.5
492	3.6251e-06	-13893
493	3.6251e-06	-15685.5
494	3.6251e-06	-15122.9
495	3.6251e-06	-16024.5
496	3.6251e-06	-15775.9
497	3.6251e-06	-15577.6
498	3.6251e-06	-11679.6
499	3.6251e-06	-15281.6
500	3.6251e-06	-12440.5
501	3.6251e-06	-12583.2
502	3.6251e-06	-12875.5
503	3.6251e-06	-13521.3
504	3.6251e-06	-12801.8
505	3.6251e-06	-12193.6
506	3.6251e-06	-13520
507	3.6251e-06	-15984.7
508	3.6251e-06	-13293.6
509	3.6251e-06	-12426.3
510	3.6251e-06	-11575.4
511	3.6251e-06	-12701.2
512	3.6251e-06	-11267.2
513	3.6251e-06	-10814.2
514	3.6251e-06	-10017.2
515	3.6251e-06	-9957.58
516	3.6251e-06	-12450.9
517	3.6251e-06	-15037.2
518	3.6251e-06	-11190.6
519	3.6251e-06	-11891.6
520	3.6251e-06	-9964.17
521	3.6251e-06	-11217.6
522	3.6251e-06	-12873.2
523	3.6251e-06	-12566.7
524	3.6251e-06	-10177.5
525	3.6251e-06	-12514.1
526	3.6251e-06	-11516.9
527	3.6251e-06	-11557.2
528	3.6251e-06	-12451.1
529	3.6251e-06	-17036.6
530	3.6251e-06	-17382.9
531	3.6251e-06	-14373.6
532	3.6251e-06	-14063.5
533	3.6251e-06	-13977.6
534	3.6251e-06	-12645.9
535	3.6251e-06	-11626.8
536	3.6251e-06	-13582.2
537	3.6251e-06	-11729
538	3.6251e-06	-11373.7
539	3.6251e-06	-11905
540	3.6251e-06	-12653.3
541	3.6251e-06	-11977.4
542	3.6251e-06	-12183.2
543	3.6251e-06	-11416.4
544	3.6251e-06	-12587.9
545	3.6251e-06	-12851.2
546	3.6251e-06	-11319.3
547	3.6251e-06	-12899.3
548	3.6251e-06	-13620.2
549	3.6251e-06	-10197.1
550	3.6251e-06	-10978.1
551	3.6251e-06	-11852.6
552	3.6251e-06	-13353.7
553	3.6251e-06	-13083
554	3.6251e-06	-11086.2
555	3.6251e-06	-11801.9
556	3.6251e-06	-10217.6
557	3.6251e-06	-11013.8
558	3.6251e-06	-12417.9
559	3.6251e-06	-10837.2
560	3.6251e-06	-11606
561	3.6251e-06	-12838.5
562	3.6251e-06	-16456.1
563	3.6251e-06	-11463.7
564	3.6251e-06	-16483.7
565	3.6251e-06	-14570.4
566	3.6251e-06	-13185.4
567	3.6251e-06	-12644.6
568	3.6251e-06	-13992.2
569	3.6251e-06	-11311.1
570	3.6251e-06	-13275.1
571	3.6251e-06	-11457
572	3.6251e-06	-11479
573	3.6251e-06	-11327.2
574	3.6251e-06	-12578.4
575	3.6251e-06	-12473.8
576	3.6251e-06	-12205.2
577	3.6251e-06	-11959.7
578	3.6251e-06	-13207.9
579	3.6251e-06	-13767.6
580	3.6251e-06	-11517.8
581	3.6251e-06	-14617.7
582	3.6251e-06	-12048.4
583	3.6251e-06	-11364
584	3.6251e-06	-15385.9
585	3.6251e-06	-10220.5
586	3.6251e-06	-10451.3
587	3.6251e-06	-11663.3
588	3.6251e-06	-13505.8
589	3.6251e-06	-11060.3
590	3.6251e-06	-12552.7
591	3.6251e-06	-11380.9
592	3.6251e-06	-17161.1
593	3.6251e-06	-13701.1
594	3.6251e-06	-10962.4
595	3.6251e-06	-12325.3
596	3.6251e-06	-13030.4
597	3.6251e-06	-12764
598	3.6251e-06	-12500.2
599	3.6251e-06	-12537.7
600	3.6251e-06	-10255.5
601	3.6251e-06	-15150.5
602	3.6251e-06	-15957.5
603	3.6251e-06	-15072
604	3.6251e-06	-14544.3
605	3.6251e-06	-12449.8
606	3.6251e-06	-11275.8
607	3.6251e-06	-12815.3
608	3.6251e-06	-14351.4
609	3.6251e-06	-16167.8
610	3.6251e-06	-14501
611	3.6251e-06	-11523.8
612	3.6251e-06	-12535.8
613	3.6251e-06	-13140.1
614	3.6251e-06	-11634.9
615	3.6251e-06	-12291
616	3.6251e-06	-13974
617	3.6251e-06	-13286.3
618	3.6251e-06	-14922.1
619	3.6251e-06	-15688.2
620	3.6251e-06	-14263.5
621	3.6251e-06	-15253.7
622	3.6251e-06	-13083.1
623	3.6251e-06	-13278.7
624	3.6251e-06	-11965
625	3.6251e-06	-10704.7
626	3.6251e-06	-11304.7
627	3.6251e-06	-12991.4
628	3.6251e-06	-12695.5
629	3.6251e-06	-13591.9
630	3.6251e-06	-11843.6
631	3.6251e-06	-12897.7
632	3.6251e-06	-11336.2
633	3.6251e-06	-11152.5
634	3.6251e-06	-10978.4
635	3.6251e-06	-11763.7
636	3.6251e-06	-12025.2
637	3.6251e-06	-11654.3
638	3.6251e-06	-11707.6
639	3.6251e-06	-14780.1
640	3.6251e-06	-16015.9
641	3.6251e-06	-15358.3
642	3.6251e-06	-15555.6
643	3.6251e-06	-15389.7
644	3.6251e-06	-12160
645	3.6251e-06	-12358.5
646	3.6251e-06	-12124.2
647	3.6251e-06	-13214.7
648	3.6251e-06	-12635
649	3.6251e-06	-12232.4
650	3.6251e-06	-12220.7
651	3.6251e-06	-12457.7
652	3.6251e-06	-11681.4
653	3.6251e-06	-11431.4
654	3.6251e-06	-13048.5
655	3.6251e-06	-14590.1
656	3.6251e-06	-11903.4
657	3.6251e-06	-14425.5
658	3.6251e-06	-11908.4
659	3.6251e-06	-12125.8
660	3.6251e-06	-11335.7
661	3.6251e-06	-11562.1
662	3.6251e-06	-12562.9
663	3.6251e-06	-10963.5
664	3.6251e-06	-12134.2
665	3.6251e-06	-11393.5
666	3.6251e-06	-12027.6
667	3.6251e-06	-11309.2
668	3.6251e-06	-12131.9
669	3.6251e-06	-12008.2
670	3.6251e-06	-12171.2
671	3.6251e-06	-13089.1
672	3.6251e-06	-13627.6
673	3.6251e-06	-12308.8
674	3.6251e-06	-12111.6
675	3.6251e-06	-11555.8
676	3.6251e-06	-14753.4
677	3.6251e-06	-11259
678	3.6251e-06	-13365.1
679	3.6251e-06	-11313.7
680	3.6251e-06	-12169.3
681	3.6251e-06	-11433.8
682	3.6251e-06	-13295.9
683	3.6251e-06	-12655.5
684	3.6251e-06	-11040.2
685	3.6251e-06	-12445.8
686	3.6251e-06	-11494.7
687	3.6251e-06	-11113
688	3.6251e-06	-10815.9
689	3.6251e-06	-12432.4
690	3.6251e-06	-12206.7
691	3.6251e-06	-13792.8
692	3.6251e-06	-14212.3
693	3.6251e-06	-15647.6
694	3.6251e-06	-15734
695	3.6251e-06	-14568.2
696	3.6251e-06	-14122.4
697	3.6251e-06	-16489.6
698	3.6251e-06	-15784.2
699	3.6251e-06	-13489.7
700	3.6251e-06	-15919
701	3.6251e-06	-15401.5
702	3.6251e-06	-15343.3
703	3.6251e-06	-13010.2
704	3.6251e-06	-12942.5
705	3.6251e-06	-11998.1
706	3.6251e-06	-12989.4
707	3.6251e-06	-15378.1
708	3.6251e-06	-14129.4
709	3.6251e-06	-15207.6
710	3.6251e-06	-10665.6
711	3.6251e-06	-11054.5
712	3.6251e-06	-11719.2
713	3.6251e-06	-10952.6
714	3.6251e-06	-11173.8
715	3.6251e-06	-11077.8
716	3.6251e-06	-12123.1
717	3.6251e-06	-11739.7
718	3.6251e-06	-13225.5
719	3.6251e-06	-11921.6
720	3.6251e-06	-11753.2
721	3.6251e-06	-12993.1
722	3.6251e-06	-12904.2
723	3.6251e-06	-12320.5
724	3.6251e-06	-11189.2
725	3.6251e-06	-11354.1
726	3.6251e-06	-11090.2
727	3.6251e-06	-11504.6
728	3.6251e-06	-14345.1
729	3.6251e-06	-13457.8
730	3.6251e-06	-11628.8
731	3.6251e-06	-11674.3
732	3.6251e-06	-11329.6
733	3.6251e-06	-12206.1
734	3.6251e-06	-11875.8
735	3.6251e-06	-11845.1
736	3.6251e-06	-12809.4
737	3.6251e-06	-12342.9
738	3.6251e-06	-15628.2
739	3.6251e-06	-15927.7
740	3.6251e-06	-10947.7
741	3.6251e-06	-11278.4
742	3.6251e-06	-11794.3
743	3.6251e-06	-9803.65
744	3.6251e-06	-12015.6
745	3.6251e-06	-12681.7
746	3.6251e-06	-12666.5
747	3.6251e-06	-11804.2
748	3.6251e-06	-10214.4
749	3.6251e-06	-10523.2
750	3.6251e-06	-10674.2
751	3.6251e-06	-11939.6
752	3.6251e-06	-12667.3
753	3.6251e-06	-14024.8
754	3.6251e-06	-13521.1
755	3.6251e-06	-12507.8
756	3.6251e-06	-12416.6
757	3.6251e-06	-12666.8
758	3.6251e-06	-15886
759	3.6251e-06	-11622.1
760	3.6251e-06	-10903.6
761	3.6251e-06	-10298.2
762	3.6251e-06	-10963.7
763	3.6251e-06	-13134.8
764	3.6251e-06	-17312.1
765	3.6251e-06	-13523.4
766	3.6251e-06	-12687.9
767	3.6251e-06	-12615.7
768	3.6251e-06	-12608.2
769	3.6251e-06	-13147.6
770	3.6251e-06	-12494
771	3.6251e-06	-12049.7
772	3.6251e-06	-12095.1
773	3.6251e-06	-10678.5
774	3.6251e-06	-10760.6
775	3.6251e-06	-11021.8
776	3.6251e-06	-11124.3
777	3.6251e-06	-11254.7
778	3.6251e-06	-11350.5
779	3.6251e-06	-12281.9
780	3.6251e-06	-10939.4
781	3.6251e-06	-11329.5
782	3.6251e-06	-10928.6
783	3.6251e-06	-10968.8
784	3.6251e-06	-10746.4
785	3.6251e-06	-10880
786	3.6251e-06	-10547.5
787	3.6251e-06	-12410
788	3.6251e-06	-12111.5
789	3.6251e-06	-15189.6
790	3.6251e-06	-14140.2
791	3.6251e-06	-13722.3
792	3.6251e-06	-16848.4
793	3.6251e-06	-18499.7
794	3.6251e-06	-12744.1
795	3.6251e-06	-11891.3
796	3.6251e-06	-14696.8
797	3.6251e-06	-14629.7
798	3.6251e-06	-12054.5
799	3.6251e-06	-15419.8
800	3.6251e-06	-14935
801	3.6251e-06	-11958
802	3.6251e-06	-13057.1
803	3.6251e-06	-13360.4
804	3.6251e-06	-13234.7
805	3.6251e-06	-13716.5
806	3.6251e-06	-13661.1
807	3.6251e-06	-14230.5
808	3.6251e-06	-11651
809	3.6251e-06	-14874.4
810	3.6251e-06	-15997.1
811	3.6251e-06	-11548.9
812	3.6251e-06	-11522.9
813	3.6251e-06	-15456.7
814	3.6251e-06	-13758.6
815	3.6251e-06	-12577.3
816	3.6251e-06	-11329.5
817	3.6251e-06	-10401.8
818	3.6251e-06	-12270.7
819	3.6251e-06	-12647.3
820	3.6251e-06	-12064.1
821	3.6251e-06	-12002
822	3.6251e-06	-14754.7
823	3.6251e-06	-14142.2
824	3.6251e-06	-11702
825	3.6251e-06	-13799.9
826	3.6251e-06	-14008
827	3.6251e-06	-11312.7
828	3.6251e-06	-11223
829	3.6251e-06	-12660.8
830	3.6251e-06	-12386.3
831	3.6251e-06	-11942.6
832	3.6251e-06	-11441.8
833	3.6251e-06	-11393.2
834	3.6251e-06	-12872.8
835	3.6251e-06	-11330
836	3.6251e-06	-11028.2
837	3.6251e-06	-12847.7
838	3.6251e-06	-12688.7
839	3.6251e-06	-12831.1
840	3.6251e-06	-9788.73
841	3.6251e-06	-11776
842	3.6251e-06	-12201.2
843	3.6251e-06	-14943.1
844	3.6251e-06	-11723.6
845	3.6251e-06	-11046.4
846	3.6251e-06	-10785.8
847	3.6251e-06	-11420.8
848	3.6251e-06	-11684.1
849	3.6251e-06	-12692.3
850	3.6251e-06	-13655
851	3.6251e-06	-15359.9
852	3.6251e-06	-12382.6
853	3.6251e-06	-13025.8
854	3.6251e-06	-13207.1
855	3.6251e-06	-11428.4
856	3.6251e-06	-12633
857	3.6251e-06	-13276.1
858	3.6251e-06	-13056
859	3.6251e-06	-14321.7
860	3.6251e-06	-12562
861	3.6251e-06	-11584.2
862	3.6251e-06	-12552
863	3.6251e-06	-12271.1
864	3.6251e-06	-12742.1
865	3.6251e-06	-10386.8
866	3.6251e-06	-13016.8
867	3.6251e-06	-13419.2
868	3.6251e-06	-13766.5
869	3.6251e-06	-12709.1
870	3.6251e-06	-11797.4
871	3.6251e-06	-12522.1
872	3.6251e-06	-14546
873	3.6251e-06	-12313.2
874	3.6251e-06	-14587.2
875	3.6251e-06	-13819.4
876	3.6251e-06	-11322.9
877	3.6251e-06	-12188.4
878	3.6251e-06	-11379.7
879	3.6251e-06	-11564.1
880	3.6251e-06	-12963.6
881	3.6251e-06	-13659.1
882	3.6251e-06	-13429.6
883	3.6251e-06	-11358.7
884	3.6251e-06	-10277.2
885	3.6251e-06	-12150.8
886	3.6251e-06	-11874.3
887	3.6251e-06	-12259.1
888	3.6251e-06	-12500.3
889	3.6251e-06	-12749.9
890	3.6251e-06	-11968.9
891	3.6251e-06	-11535.7
892	3.6251e-06	-11194.2
893	3.6251e-06	-11036.9
894	3.6251e-06	-14720.2
895	3.6251e-06	-14521.2
896	3.6251e-06	-13354.8
897	3.6251e-06	-12224
898	3.6251e-06	-11566
899	3.6251e-06	-10845
900	3.6251e-06	-11587.5
901	3.6251e-06	-14491.6
902	3.6251e-06	-13554.9
903	3.6251e-06	-13759.8
904	3.6251e-06	-14591.2
905	3.6251e-06	-14637.3
906	3.6251e-06	-17387
907	3.6251e-06	-13118.2
908	3.6251e-06	-12674.8
909	3.6251e-06	-11323.1
910	3.6251e-06	-11144.5
911	3.6251e-06	-11432.8
912	3.6251e-06	-12828.9
913	3.6251e-06	-10111.4
914	3.6251e-06	-12418.4
915	3.6251e-06	-12193.2
916	3.6251e-06	-12719.7
917	3.6251e-06	-11129.1
918	3.6251e-06	-14203.6
919	3.6251e-06	-15781.6
920	3.6251e-06	-12536.8
921	3.6251e-06	-11585.8
922	3.6251e-06	-13166.5
923	3.6251e-06	-11802.3
924	3.6251e-06	-11750.7
925	3.6251e-06	-10804.2
926	3.6251e-06	-11969.2
927	3.6251e-06	-11580.3
928	3.6251e-06	-12387.3
929	3.6251e-06	-11655.3
930	3.6251e-06	-11606.5
931	3.6251e-06	-10236.8
932	3.6251e-06	-10312.2
933	3.6251e-06	-10250.9
934	3.6251e-06	-11729.1
935	3.6251e-06	-10602.1
936	3.6251e-06	-12689.4
937	3.6251e-06	-13223.2
938	3.6251e-06	-12019.2
939	3.6251e-06	-12516.3
940	3.6251e-06	-12216.4
941	3.6251e-06	-10458.8
942	3.6251e-06	-12187.6
943	3.6251e-06	-11238.3
944	3.6251e-06	-11920.9
945	3.6251e-06	-10158.9
946	3.6251e-06	-12363.7
947	3.6251e-06	-13365.9
948	3.6251e-06	-13157.2
949	3.6251e-06	-15192.5
950	3.6251e-06	-12859.5
951	3.6251e-06	-11380.7
952	3.6251e-06	-14442.8
953	3.6251e-06	-11516.1
954	3.6251e-06	-11231.7
955	3.6251e-06	-12863.1
956	3.6251e-06	-12578.1
957	3.6251e-06	-12011.1
958	3.6251e-06	-12062.4
959	3.6251e-06	-11487.6
960	3.6251e-06	-14255.9
961	3.6251e-06	-15388.2
962	3.6251e-06	-15075.7
963	3.6251e-06	-15672.9
964	3.6251e-06	-13594.3
965	3.6251e-06	-12031.1
966	3.6251e-06	-11750.2
967	3.6251e-06	-13037.5
968	3.6251e-06	-11781.8
969	3.6251e-06	-12233.1
970	3.6251e-06	-12170.2
971	3.6251e-06	-11840.4
972	3.6251e-06	-12290.9
973	3.6251e-06	-11759.8
974	3.6251e-06	-11179.1
975	3.6251e-06	-11402
976	3.6251e-06	-12516.9
977	3.6251e-06	-11101.3
978	3.6251e-06	-12360.9
979	3.6251e-06	-11198.4
980	3.6251e-06	-11725.5
981	3.6251e-06	-11015.3
982	3.6251e-06	-12750.6
983	3.6251e-06	-12264.9
984	3.6251e-06	-11959.3
985	3.6251e-06	-13509.7
986	3.6251e-06	-15001.3
987	3.6251e-06	-14276.7
988	3.6251e-06	-11480.4
989	3.6251e-06	-12367.1
990	3.6251e-06	-13684.2
991	3.6251e-06	-15190.3
992	3.6251e-06	-14860.1
993	3.6251e-06	-20030.4
994	3.6251e-06	-14983.9
995	3.6251e-06	-18655.8
996	3.6251e-06	-13224.2
997	3.6251e-06	-11588.5
998	3.6251e-06	-21288.4
999	3.6251e-06	-17216.8
1000	3.6251e-06	-15491.1
