state	power	likelihood
251	0.0726122	-8415.07
252	0.0726122	-8406.43
253	0.0726122	-8369.03
254	0.0726122	-8491.92
255	0.0726122	-8355.18
256	0.0726122	-8355.32
257	0.0726122	-8361.62
258	0.0726122	-8352.8
259	0.0726122	-8344.03
260	0.0726122	-8418.45
261	0.0726122	-8478.48
262	0.0726122	-8423.5
263	0.0726122	-8298
264	0.0726122	-8310.59
265	0.0726122	-8379.8
266	0.0726122	-8535.42
267	0.0726122	-8386.69
268	0.0726122	-8393.98
269	0.0726122	-8302.25
270	0.0726122	-8369.22
271	0.0726122	-8315.71
272	0.0726122	-8311.05
273	0.0726122	-8321.78
274	0.0726122	-8323.15
275	0.0726122	-8329.33
276	0.0726122	-8343.1
277	0.0726122	-8437.47
278	0.0726122	-8420.04
279	0.0726122	-8376.57
280	0.0726122	-8407.24
281	0.0726122	-8471.05
282	0.0726122	-8375.09
283	0.0726122	-8453.9
284	0.0726122	-8366.31
285	0.0726122	-8338.86
286	0.0726122	-8343.58
287	0.0726122	-8354.12
288	0.0726122	-8375.87
289	0.0726122	-8337.74
290	0.0726122	-8460.45
291	0.0726122	-8408.38
292	0.0726122	-8318.38
293	0.0726122	-8466.81
294	0.0726122	-8534.61
295	0.0726122	-8615.11
296	0.0726122	-8497.36
297	0.0726122	-8389.24
298	0.0726122	-8316.37
299	0.0726122	-8364.3
300	0.0726122	-8294.13
301	0.0726122	-8289.79
302	0.0726122	-8293.44
303	0.0726122	-8239.19
304	0.0726122	-8372.12
305	0.0726122	-8444.42
306	0.0726122	-8457.12
307	0.0726122	-8329.15
308	0.0726122	-8306.47
309	0.0726122	-8362.95
310	0.0726122	-8379.17
311	0.0726122	-8321.25
312	0.0726122	-8406.16
313	0.0726122	-8421.65
314	0.0726122	-8434.72
315	0.0726122	-8423.47
316	0.0726122	-8395.74
317	0.0726122	-8385.2
318	0.0726122	-8322.97
319	0.0726122	-8467.36
320	0.0726122	-8422.81
321	0.0726122	-8393.08
322	0.0726122	-8404.6
323	0.0726122	-8332.11
324	0.0726122	-8442.7
325	0.0726122	-8388.67
326	0.0726122	-8380.91
327	0.0726122	-8303.56
328	0.0726122	-8353.38
329	0.0726122	-8356.86
330	0.0726122	-8352.08
331	0.0726122	-8377.66
332	0.0726122	-8374.09
333	0.0726122	-8467.95
334	0.0726122	-8436.45
335	0.0726122	-8402.25
336	0.0726122	-8344.87
337	0.0726122	-8352.77
338	0.0726122	-8363.92
339	0.0726122	-8297.45
340	0.0726122	-8238.68
341	0.0726122	-8246.54
342	0.0726122	-8320.12
343	0.0726122	-8326.83
344	0.0726122	-8394.99
345	0.0726122	-8423.32
346	0.0726122	-8331.41
347	0.0726122	-8392.15
348	0.0726122	-8396.38
349	0.0726122	-8392.19
350	0.0726122	-8328.03
351	0.0726122	-8271.8
352	0.0726122	-8349.35
353	0.0726122	-8295.09
354	0.0726122	-8365.35
355	0.0726122	-8345.53
356	0.0726122	-8294.93
357	0.0726122	-8276.48
358	0.0726122	-8355.42
359	0.0726122	-8353.2
360	0.0726122	-8307.05
361	0.0726122	-8346.41
362	0.0726122	-8338.11
363	0.0726122	-8307.86
364	0.0726122	-8374.76
365	0.0726122	-8354.24
366	0.0726122	-8382.48
367	0.0726122	-8289.77
368	0.0726122	-8330.45
369	0.0726122	-8349.28
370	0.0726122	-8297.56
371	0.0726122	-8312.38
372	0.0726122	-8368.62
373	0.0726122	-8384.6
374	0.0726122	-8369.45
375	0.0726122	-8347.04
376	0.0726122	-8337.71
377	0.0726122	-8336.85
378	0.0726122	-8343.11
379	0.0726122	-8309.15
380	0.0726122	-8363.27
381	0.0726122	-8397.03
382	0.0726122	-8368.37
383	0.0726122	-8302.88
384	0.0726122	-8439.4
385	0.0726122	-8388
386	0.0726122	-8449.13
387	0.0726122	-8359.93
388	0.0726122	-8374.47
389	0.0726122	-8433.74
390	0.0726122	-8417.07
391	0.0726122	-8388.19
392	0.0726122	-8363.16
393	0.0726122	-8333.42
394	0.0726122	-8317.87
395	0.0726122	-8393.49
396	0.0726122	-8326.57
397	0.0726122	-8351.94
398	0.0726122	-8412.63
399	0.0726122	-8437.03
400	0.0726122	-8415.86
401	0.0726122	-8403.76
402	0.0726122	-8405.61
403	0.0726122	-8465.76
404	0.0726122	-8413.41
405	0.0726122	-8321.16
406	0.0726122	-8350.62
407	0.0726122	-8359.62
408	0.0726122	-8331.78
409	0.0726122	-8397.58
410	0.0726122	-8317.68
411	0.0726122	-8384.45
412	0.0726122	-8479.77
413	0.0726122	-8341.88
414	0.0726122	-8309.39
415	0.0726122	-8338.09
416	0.0726122	-8320.82
417	0.0726122	-8313.6
418	0.0726122	-8358.21
419	0.0726122	-8340.69
420	0.0726122	-8311.41
421	0.0726122	-8351.11
422	0.0726122	-8343.01
423	0.0726122	-8366.98
424	0.0726122	-8411.14
425	0.0726122	-8420.93
426	0.0726122	-8433.22
427	0.0726122	-8449.16
428	0.0726122	-8504.33
429	0.0726122	-8474.1
430	0.0726122	-8411.17
431	0.0726122	-8388.68
432	0.0726122	-8408.49
433	0.0726122	-8326.46
434	0.0726122	-8370.26
435	0.0726122	-8430.07
436	0.0726122	-8344.76
437	0.0726122	-8341.73
438	0.0726122	-8417.18
439	0.0726122	-8302.44
440	0.0726122	-8272.99
441	0.0726122	-8298.2
442	0.0726122	-8322.28
443	0.0726122	-8372.51
444	0.0726122	-8396.06
445	0.0726122	-8359.38
446	0.0726122	-8413.37
447	0.0726122	-8417.69
448	0.0726122	-8363.76
449	0.0726122	-8425.69
450	0.0726122	-8390.75
451	0.0726122	-8335.95
452	0.0726122	-8311.39
453	0.0726122	-8367.92
454	0.0726122	-8347.38
455	0.0726122	-8360.11
456	0.0726122	-8419.35
457	0.0726122	-8447.7
458	0.0726122	-8429.48
459	0.0726122	-8518.34
460	0.0726122	-8445.65
461	0.0726122	-8378.3
462	0.0726122	-8346.68
463	0.0726122	-8363.95
464	0.0726122	-8407.75
465	0.0726122	-8442.08
466	0.0726122	-8378.29
467	0.0726122	-8321.51
468	0.0726122	-8346.79
469	0.0726122	-8328.23
470	0.0726122	-8371.1
471	0.0726122	-8339.39
472	0.0726122	-8351.85
473	0.0726122	-8380.16
474	0.0726122	-8340.85
475	0.0726122	-8399.01
476	0.0726122	-8368.01
477	0.0726122	-8369.13
478	0.0726122	-8407.35
479	0.0726122	-8337.91
480	0.0726122	-8307.51
481	0.0726122	-8351.11
482	0.0726122	-8299.93
483	0.0726122	-8290.93
484	0.0726122	-8327.15
485	0.0726122	-8353.1
486	0.0726122	-8382.63
487	0.0726122	-8250.99
488	0.0726122	-8289.8
489	0.0726122	-8388.97
490	0.0726122	-8368.47
491	0.0726122	-8392.68
492	0.0726122	-8336.37
493	0.0726122	-8342.37
494	0.0726122	-8481.58
495	0.0726122	-8408.86
496	0.0726122	-8487.46
497	0.0726122	-8530.46
498	0.0726122	-8480.43
499	0.0726122	-8394.27
500	0.0726122	-8349.76
501	0.0726122	-8380.25
502	0.0726122	-8264.22
503	0.0726122	-8262.96
504	0.0726122	-8250.9
505	0.0726122	-8296.16
506	0.0726122	-8292.79
507	0.0726122	-8259.58
508	0.0726122	-8283.56
509	0.0726122	-8342.81
510	0.0726122	-8400.87
511	0.0726122	-8381.9
512	0.0726122	-8380.98
513	0.0726122	-8387.03
514	0.0726122	-8395.47
515	0.0726122	-8367.72
516	0.0726122	-8390.63
517	0.0726122	-8426.47
518	0.0726122	-8517.77
519	0.0726122	-8468.28
520	0.0726122	-8408.47
521	0.0726122	-8477.14
522	0.0726122	-8546.24
523	0.0726122	-8484.35
524	0.0726122	-8358.31
525	0.0726122	-8380.91
526	0.0726122	-8447.71
527	0.0726122	-8355.01
528	0.0726122	-8418.46
529	0.0726122	-8489.05
530	0.0726122	-8456.41
531	0.0726122	-8354.49
532	0.0726122	-8411.56
533	0.0726122	-8399.22
534	0.0726122	-8430.99
535	0.0726122	-8426.8
536	0.0726122	-8449.52
537	0.0726122	-8415.36
538	0.0726122	-8491.55
539	0.0726122	-8407.3
540	0.0726122	-8333.66
541	0.0726122	-8276.54
542	0.0726122	-8329.23
543	0.0726122	-8340.93
544	0.0726122	-8423.38
545	0.0726122	-8397.48
546	0.0726122	-8376.81
547	0.0726122	-8309.06
548	0.0726122	-8414.5
549	0.0726122	-8465.13
550	0.0726122	-8427.26
551	0.0726122	-8441.88
552	0.0726122	-8350.52
553	0.0726122	-8401.57
554	0.0726122	-8404.59
555	0.0726122	-8358.42
556	0.0726122	-8352.43
557	0.0726122	-8387.44
558	0.0726122	-8316.1
559	0.0726122	-8391.32
560	0.0726122	-8273.2
561	0.0726122	-8326.63
562	0.0726122	-8276.63
563	0.0726122	-8319.77
564	0.0726122	-8418.8
565	0.0726122	-8438.2
566	0.0726122	-8411.99
567	0.0726122	-8447.92
568	0.0726122	-8417.29
569	0.0726122	-8386.88
570	0.0726122	-8372.96
571	0.0726122	-8295.68
572	0.0726122	-8426.16
573	0.0726122	-8382.48
574	0.0726122	-8370.34
575	0.0726122	-8389.94
576	0.0726122	-8394.91
577	0.0726122	-8449.4
578	0.0726122	-8469.14
579	0.0726122	-8439.35
580	0.0726122	-8368.4
581	0.0726122	-8385.42
582	0.0726122	-8316.94
583	0.0726122	-8417.54
584	0.0726122	-8415.49
585	0.0726122	-8341.95
586	0.0726122	-8278.84
587	0.0726122	-8352.53
588	0.0726122	-8341.01
589	0.0726122	-8417.93
590	0.0726122	-8359.09
591	0.0726122	-8335.18
592	0.0726122	-8419.78
593	0.0726122	-8363.19
594	0.0726122	-8360.05
595	0.0726122	-8371.29
596	0.0726122	-8266.77
597	0.0726122	-8282.48
598	0.0726122	-8323.54
599	0.0726122	-8286.69
600	0.0726122	-8324.26
601	0.0726122	-8332.89
602	0.0726122	-8354.44
603	0.0726122	-8366.35
604	0.0726122	-8348.55
605	0.0726122	-8322.09
606	0.0726122	-8393.51
607	0.0726122	-8405.9
608	0.0726122	-8353.2
609	0.0726122	-8434.29
610	0.0726122	-8427.9
611	0.0726122	-8495.22
612	0.0726122	-8416.86
613	0.0726122	-8400.61
614	0.0726122	-8434.85
615	0.0726122	-8429.14
616	0.0726122	-8389.79
617	0.0726122	-8392.22
618	0.0726122	-8388.76
619	0.0726122	-8312.88
620	0.0726122	-8328.97
621	0.0726122	-8343.61
622	0.0726122	-8287.98
623	0.0726122	-8326.67
624	0.0726122	-8346.09
625	0.0726122	-8405.9
626	0.0726122	-8367.31
627	0.0726122	-8377.13
628	0.0726122	-8389.32
629	0.0726122	-8394.9
630	0.0726122	-8375.99
631	0.0726122	-8310.03
632	0.0726122	-8273.02
633	0.0726122	-8291.24
634	0.0726122	-8397.58
635	0.0726122	-8396.62
636	0.0726122	-8402.67
637	0.0726122	-8340.2
638	0.0726122	-8307.66
639	0.0726122	-8334
640	0.0726122	-8323.35
641	0.0726122	-8315.87
642	0.0726122	-8299.65
643	0.0726122	-8346.44
644	0.0726122	-8349.22
645	0.0726122	-8331.36
646	0.0726122	-8319.76
647	0.0726122	-8383.6
648	0.0726122	-8425.48
649	0.0726122	-8411.18
650	0.0726122	-8530.52
651	0.0726122	-8341.7
652	0.0726122	-8343.05
653	0.0726122	-8350.2
654	0.0726122	-8434.76
655	0.0726122	-8449.8
656	0.0726122	-8384.74
657	0.0726122	-8304.26
658	0.0726122	-8413.58
659	0.0726122	-8347.16
660	0.0726122	-8327.61
661	0.0726122	-8358.85
662	0.0726122	-8412.45
663	0.0726122	-8367.56
664	0.0726122	-8349.16
665	0.0726122	-8377.12
666	0.0726122	-8378.32
667	0.0726122	-8362.54
668	0.0726122	-8318.92
669	0.0726122	-8337.87
670	0.0726122	-8363.46
671	0.0726122	-8372.87
672	0.0726122	-8357.05
673	0.0726122	-8401.72
674	0.0726122	-8447.45
675	0.0726122	-8418.87
676	0.0726122	-8441.03
677	0.0726122	-8398.91
678	0.0726122	-8450.89
679	0.0726122	-8467.8
680	0.0726122	-8480.47
681	0.0726122	-8438.07
682	0.0726122	-8379.53
683	0.0726122	-8408.64
684	0.0726122	-8396.07
685	0.0726122	-8467.52
686	0.0726122	-8443.8
687	0.0726122	-8439.37
688	0.0726122	-8417.99
689	0.0726122	-8316.48
690	0.0726122	-8378.8
691	0.0726122	-8350.12
692	0.0726122	-8420.06
693	0.0726122	-8357.47
694	0.0726122	-8346.88
695	0.0726122	-8375.71
696	0.0726122	-8322.32
697	0.0726122	-8381.88
698	0.0726122	-8404.88
699	0.0726122	-8308.49
700	0.0726122	-8365.85
701	0.0726122	-8478.2
702	0.0726122	-8407.69
703	0.0726122	-8448.5
704	0.0726122	-8407.68
705	0.0726122	-8409.44
706	0.0726122	-8430.53
707	0.0726122	-8390.2
708	0.0726122	-8436.27
709	0.0726122	-8462.08
710	0.0726122	-8386.16
711	0.0726122	-8343.68
712	0.0726122	-8295.02
713	0.0726122	-8299.61
714	0.0726122	-8283.89
715	0.0726122	-8370.2
716	0.0726122	-8369.42
717	0.0726122	-8318.39
718	0.0726122	-8297.67
719	0.0726122	-8366.25
720	0.0726122	-8337.44
721	0.0726122	-8342.69
722	0.0726122	-8362.55
723	0.0726122	-8482.01
724	0.0726122	-8378.93
725	0.0726122	-8380.87
726	0.0726122	-8425.84
727	0.0726122	-8368.3
728	0.0726122	-8388.63
729	0.0726122	-8325.58
730	0.0726122	-8374.37
731	0.0726122	-8418.89
732	0.0726122	-8428.57
733	0.0726122	-8449.76
734	0.0726122	-8429.25
735	0.0726122	-8406.52
736	0.0726122	-8371.77
737	0.0726122	-8378.06
738	0.0726122	-8354.05
739	0.0726122	-8379.6
740	0.0726122	-8441.41
741	0.0726122	-8355.76
742	0.0726122	-8311.16
743	0.0726122	-8424.04
744	0.0726122	-8398.82
745	0.0726122	-8333.44
746	0.0726122	-8360.56
747	0.0726122	-8378.19
748	0.0726122	-8388.27
749	0.0726122	-8337.79
750	0.0726122	-8357.81
751	0.0726122	-8319.13
752	0.0726122	-8320.85
753	0.0726122	-8345.38
754	0.0726122	-8322.55
755	0.0726122	-8398.74
756	0.0726122	-8351.12
757	0.0726122	-8381.07
758	0.0726122	-8361.78
759	0.0726122	-8437.3
760	0.0726122	-8378.56
761	0.0726122	-8343.77
762	0.0726122	-8359.72
763	0.0726122	-8317.41
764	0.0726122	-8289.71
765	0.0726122	-8348.25
766	0.0726122	-8339.53
767	0.0726122	-8366.56
768	0.0726122	-8321.62
769	0.0726122	-8375.05
770	0.0726122	-8430.47
771	0.0726122	-8361.69
772	0.0726122	-8429.6
773	0.0726122	-8306.1
774	0.0726122	-8396.42
775	0.0726122	-8392.93
776	0.0726122	-8307.1
777	0.0726122	-8398.63
778	0.0726122	-8305.3
779	0.0726122	-8267.11
780	0.0726122	-8445.96
781	0.0726122	-8388.86
782	0.0726122	-8353.94
783	0.0726122	-8397.36
784	0.0726122	-8335.85
785	0.0726122	-8409.31
786	0.0726122	-8350.71
787	0.0726122	-8440.65
788	0.0726122	-8448.92
789	0.0726122	-8554.28
790	0.0726122	-8398.19
791	0.0726122	-8369.03
792	0.0726122	-8321.55
793	0.0726122	-8371.3
794	0.0726122	-8410.07
795	0.0726122	-8371.62
796	0.0726122	-8277.37
797	0.0726122	-8313.06
798	0.0726122	-8382.8
799	0.0726122	-8434.05
800	0.0726122	-8348.64
801	0.0726122	-8360.95
802	0.0726122	-8329.8
803	0.0726122	-8326.77
804	0.0726122	-8286.68
805	0.0726122	-8257.03
806	0.0726122	-8239.52
807	0.0726122	-8273.92
808	0.0726122	-8326.11
809	0.0726122	-8331.27
810	0.0726122	-8286.35
811	0.0726122	-8265.75
812	0.0726122	-8410.75
813	0.0726122	-8362.29
814	0.0726122	-8307.06
815	0.0726122	-8363.05
816	0.0726122	-8371.08
817	0.0726122	-8405.51
818	0.0726122	-8394.24
819	0.0726122	-8397.8
820	0.0726122	-8318.09
821	0.0726122	-8294.59
822	0.0726122	-8364.18
823	0.0726122	-8418.41
824	0.0726122	-8470.46
825	0.0726122	-8381.53
826	0.0726122	-8320.29
827	0.0726122	-8357.43
828	0.0726122	-8341.04
829	0.0726122	-8440.1
830	0.0726122	-8417.23
831	0.0726122	-8410.62
832	0.0726122	-8370.82
833	0.0726122	-8343.97
834	0.0726122	-8434.44
835	0.0726122	-8376.34
836	0.0726122	-8388.87
837	0.0726122	-8382.69
838	0.0726122	-8398.1
839	0.0726122	-8460.01
840	0.0726122	-8292.52
841	0.0726122	-8290.72
842	0.0726122	-8345.05
843	0.0726122	-8314.32
844	0.0726122	-8311.39
845	0.0726122	-8343.82
846	0.0726122	-8208.43
847	0.0726122	-8297.78
848	0.0726122	-8295.94
849	0.0726122	-8430.92
850	0.0726122	-8485.5
851	0.0726122	-8426.5
852	0.0726122	-8431.17
853	0.0726122	-8402.98
854	0.0726122	-8373.11
855	0.0726122	-8372.34
856	0.0726122	-8385.03
857	0.0726122	-8389.32
858	0.0726122	-8315.98
859	0.0726122	-8406.85
860	0.0726122	-8372.15
861	0.0726122	-8366.48
862	0.0726122	-8340.85
863	0.0726122	-8427.11
864	0.0726122	-8451.8
865	0.0726122	-8428.98
866	0.0726122	-8366.78
867	0.0726122	-8441.47
868	0.0726122	-8377.55
869	0.0726122	-8430.48
870	0.0726122	-8359.6
871	0.0726122	-8364.24
872	0.0726122	-8375.62
873	0.0726122	-8380.62
874	0.0726122	-8341.99
875	0.0726122	-8391.63
876	0.0726122	-8365.62
877	0.0726122	-8350.59
878	0.0726122	-8422.46
879	0.0726122	-8451.76
880	0.0726122	-8547.79
881	0.0726122	-8422.71
882	0.0726122	-8488.34
883	0.0726122	-8475.93
884	0.0726122	-8462.25
885	0.0726122	-8413.23
886	0.0726122	-8385.43
887	0.0726122	-8379.15
888	0.0726122	-8393.95
889	0.0726122	-8369.8
890	0.0726122	-8354.55
891	0.0726122	-8310.03
892	0.0726122	-8369.91
893	0.0726122	-8360.79
894	0.0726122	-8392.74
895	0.0726122	-8382.31
896	0.0726122	-8409.11
897	0.0726122	-8464.08
898	0.0726122	-8476.48
899	0.0726122	-8404.96
900	0.0726122	-8400.7
901	0.0726122	-8384.39
902	0.0726122	-8347.78
903	0.0726122	-8272.57
904	0.0726122	-8368.98
905	0.0726122	-8402.23
906	0.0726122	-8500.52
907	0.0726122	-8430.6
908	0.0726122	-8435.15
909	0.0726122	-8438.28
910	0.0726122	-8391.63
911	0.0726122	-8396.73
912	0.0726122	-8451.52
913	0.0726122	-8340.13
914	0.0726122	-8322.22
915	0.0726122	-8419.4
916	0.0726122	-8487.71
917	0.0726122	-8442.49
918	0.0726122	-8402.17
919	0.0726122	-8394.96
920	0.0726122	-8418.42
921	0.0726122	-8348.34
922	0.0726122	-8364.63
923	0.0726122	-8413.11
924	0.0726122	-8500.02
925	0.0726122	-8459.91
926	0.0726122	-8526.65
927	0.0726122	-8417.86
928	0.0726122	-8385.74
929	0.0726122	-8396.19
930	0.0726122	-8418.82
931	0.0726122	-8329.31
932	0.0726122	-8437.22
933	0.0726122	-8477.12
934	0.0726122	-8487.52
935	0.0726122	-8466.68
936	0.0726122	-8495.55
937	0.0726122	-8498.03
938	0.0726122	-8468.03
939	0.0726122	-8454.87
940	0.0726122	-8414.44
941	0.0726122	-8459.11
942	0.0726122	-8392.71
943	0.0726122	-8381.9
944	0.0726122	-8476.65
945	0.0726122	-8432.36
946	0.0726122	-8336.04
947	0.0726122	-8342.83
948	0.0726122	-8306.16
949	0.0726122	-8340.72
950	0.0726122	-8334.24
951	0.0726122	-8348.91
952	0.0726122	-8413.55
953	0.0726122	-8270.12
954	0.0726122	-8342.61
955	0.0726122	-8348.89
956	0.0726122	-8336.23
957	0.0726122	-8362.24
958	0.0726122	-8291.04
959	0.0726122	-8367.68
960	0.0726122	-8395.15
961	0.0726122	-8360.5
962	0.0726122	-8324.39
963	0.0726122	-8293.76
964	0.0726122	-8341.92
965	0.0726122	-8376.89
966	0.0726122	-8413.03
967	0.0726122	-8413.07
968	0.0726122	-8410.96
969	0.0726122	-8331.38
970	0.0726122	-8421.74
971	0.0726122	-8326.57
972	0.0726122	-8346.3
973	0.0726122	-8366.92
974	0.0726122	-8375.4
975	0.0726122	-8417.13
976	0.0726122	-8393.19
977	0.0726122	-8391.14
978	0.0726122	-8404.6
979	0.0726122	-8363.26
980	0.0726122	-8358.51
981	0.0726122	-8309.4
982	0.0726122	-8300.29
983	0.0726122	-8323.84
984	0.0726122	-8307.79
985	0.0726122	-8255.11
986	0.0726122	-8295.48
987	0.0726122	-8322.08
988	0.0726122	-8337.43
989	0.0726122	-8301.39
990	0.0726122	-8427.48
991	0.0726122	-8371
992	0.0726122	-8273.4
993	0.0726122	-8308.86
994	0.0726122	-8418.2
995	0.0726122	-8452.38
996	0.0726122	-8516.18
997	0.0726122	-8387.63
998	0.0726122	-8342.48
999	0.0726122	-8407.13
1000	0.0726122	-8372.23
