state	power	likelihood
251	0.101351	-8325.13
252	0.101351	-8331.02
253	0.101351	-8368.57
254	0.101351	-8315.93
255	0.101351	-8287.58
256	0.101351	-8301.38
257	0.101351	-8283.82
258	0.101351	-8335.31
259	0.101351	-8281.8
260	0.101351	-8273.24
261	0.101351	-8268.12
262	0.101351	-8278.85
263	0.101351	-8286.57
264	0.101351	-8275.94
265	0.101351	-8259.24
266	0.101351	-8268.49
267	0.101351	-8277.86
268	0.101351	-8269.08
269	0.101351	-8287.89
270	0.101351	-8321.68
271	0.101351	-8349.48
272	0.101351	-8294.03
273	0.101351	-8319.81
274	0.101351	-8355.26
275	0.101351	-8335.27
276	0.101351	-8404.69
277	0.101351	-8411.6
278	0.101351	-8345.48
279	0.101351	-8306.62
280	0.101351	-8305.38
281	0.101351	-8371.85
282	0.101351	-8322.9
283	0.101351	-8354.77
284	0.101351	-8347.89
285	0.101351	-8358.01
286	0.101351	-8331.29
287	0.101351	-8349.61
288	0.101351	-8299.16
289	0.101351	-8306.26
290	0.101351	-8337.64
291	0.101351	-8302.63
292	0.101351	-8322.36
293	0.101351	-8378.16
294	0.101351	-8415.37
295	0.101351	-8319.93
296	0.101351	-8374.63
297	0.101351	-8305.56
298	0.101351	-8278.88
299	0.101351	-8329.67
300	0.101351	-8315.13
301	0.101351	-8306.09
302	0.101351	-8290.89
303	0.101351	-8329.43
304	0.101351	-8339.67
305	0.101351	-8394.66
306	0.101351	-8314.02
307	0.101351	-8326.3
308	0.101351	-8283.08
309	0.101351	-8353.95
310	0.101351	-8353.45
311	0.101351	-8310.45
312	0.101351	-8273.54
313	0.101351	-8279.73
314	0.101351	-8320.35
315	0.101351	-8251.28
316	0.101351	-8270.88
317	0.101351	-8260.38
318	0.101351	-8303.86
319	0.101351	-8315.92
320	0.101351	-8332.58
321	0.101351	-8346.91
322	0.101351	-8340.66
323	0.101351	-8384.75
324	0.101351	-8405.66
325	0.101351	-8373.98
326	0.101351	-8305.49
327	0.101351	-8311.58
328	0.101351	-8325.91
329	0.101351	-8304.48
330	0.101351	-8332.27
331	0.101351	-8289.57
332	0.101351	-8278.31
333	0.101351	-8303.42
334	0.101351	-8297.15
335	0.101351	-8273.95
336	0.101351	-8294.77
337	0.101351	-8287.12
338	0.101351	-8337.84
339	0.101351	-8330.79
340	0.101351	-8348.63
341	0.101351	-8326.38
342	0.101351	-8309.49
343	0.101351	-8296.99
344	0.101351	-8313.32
345	0.101351	-8296.8
346	0.101351	-8313.81
347	0.101351	-8275.38
348	0.101351	-8272.88
349	0.101351	-8275.49
350	0.101351	-8287.04
351	0.101351	-8287.97
352	0.101351	-8299.41
353	0.101351	-8328.9
354	0.101351	-8315.54
355	0.101351	-8315.58
356	0.101351	-8310.96
357	0.101351	-8262.2
358	0.101351	-8338.11
359	0.101351	-8305.93
360	0.101351	-8355.55
361	0.101351	-8340.95
362	0.101351	-8330.78
363	0.101351	-8325.04
364	0.101351	-8335.13
365	0.101351	-8323.64
366	0.101351	-8338.35
367	0.101351	-8362.68
368	0.101351	-8297.06
369	0.101351	-8297.27
370	0.101351	-8332.1
371	0.101351	-8287.71
372	0.101351	-8300.74
373	0.101351	-8320.49
374	0.101351	-8312.62
375	0.101351	-8333.01
376	0.101351	-8349.05
377	0.101351	-8343
378	0.101351	-8327.85
379	0.101351	-8329.66
380	0.101351	-8367.23
381	0.101351	-8326.96
382	0.101351	-8350.26
383	0.101351	-8344.96
384	0.101351	-8310.34
385	0.101351	-8293.84
386	0.101351	-8354.35
387	0.101351	-8340.57
388	0.101351	-8339.85
389	0.101351	-8366.34
390	0.101351	-8279.41
391	0.101351	-8261.42
392	0.101351	-8270.45
393	0.101351	-8356.53
394	0.101351	-8323.25
395	0.101351	-8345.87
396	0.101351	-8312.31
397	0.101351	-8270.79
398	0.101351	-8297.99
399	0.101351	-8339.84
400	0.101351	-8303.45
401	0.101351	-8291.97
402	0.101351	-8319.74
403	0.101351	-8350.47
404	0.101351	-8361.57
405	0.101351	-8320.43
406	0.101351	-8301.85
407	0.101351	-8291.59
408	0.101351	-8309.34
409	0.101351	-8288.68
410	0.101351	-8334.66
411	0.101351	-8341.36
412	0.101351	-8328.63
413	0.101351	-8337.96
414	0.101351	-8307.95
415	0.101351	-8298.3
416	0.101351	-8333.81
417	0.101351	-8396.05
418	0.101351	-8343.65
419	0.101351	-8382.72
420	0.101351	-8353.79
421	0.101351	-8296.88
422	0.101351	-8274.91
423	0.101351	-8306.09
424	0.101351	-8331.55
425	0.101351	-8338.53
426	0.101351	-8283.13
427	0.101351	-8295.5
428	0.101351	-8268.09
429	0.101351	-8255.88
430	0.101351	-8244.44
431	0.101351	-8269.63
432	0.101351	-8269.44
433	0.101351	-8250.05
434	0.101351	-8295.88
435	0.101351	-8300.51
436	0.101351	-8313.29
437	0.101351	-8284.24
438	0.101351	-8224.99
439	0.101351	-8300.38
440	0.101351	-8281.29
441	0.101351	-8287.8
442	0.101351	-8297.96
443	0.101351	-8296.82
444	0.101351	-8300.51
445	0.101351	-8319.34
446	0.101351	-8326.04
447	0.101351	-8335.8
448	0.101351	-8369.92
449	0.101351	-8339.27
450	0.101351	-8330.51
451	0.101351	-8292.06
452	0.101351	-8330.35
453	0.101351	-8340.46
454	0.101351	-8288.94
455	0.101351	-8273.09
456	0.101351	-8298.51
457	0.101351	-8338.79
458	0.101351	-8361.93
459	0.101351	-8313.14
460	0.101351	-8305.43
461	0.101351	-8354.21
462	0.101351	-8361.23
463	0.101351	-8353.53
464	0.101351	-8303.34
465	0.101351	-8297.38
466	0.101351	-8277.6
467	0.101351	-8294.74
468	0.101351	-8297.98
469	0.101351	-8341.31
470	0.101351	-8298.27
471	0.101351	-8294.79
472	0.101351	-8331.44
473	0.101351	-8361.9
474	0.101351	-8310.1
475	0.101351	-8376.13
476	0.101351	-8332.97
477	0.101351	-8367.02
478	0.101351	-8401.34
479	0.101351	-8325.99
480	0.101351	-8382.11
481	0.101351	-8383.57
482	0.101351	-8413.56
483	0.101351	-8334.08
484	0.101351	-8340.39
485	0.101351	-8303.63
486	0.101351	-8367.7
487	0.101351	-8320.35
488	0.101351	-8292.64
489	0.101351	-8271.6
490	0.101351	-8343.32
491	0.101351	-8346.49
492	0.101351	-8307.65
493	0.101351	-8296.77
494	0.101351	-8277.57
495	0.101351	-8264.35
496	0.101351	-8291.2
497	0.101351	-8289.41
498	0.101351	-8278.33
499	0.101351	-8296.46
500	0.101351	-8284
501	0.101351	-8303.37
502	0.101351	-8398.72
503	0.101351	-8343.77
504	0.101351	-8293.88
505	0.101351	-8332.91
506	0.101351	-8276.91
507	0.101351	-8344.63
508	0.101351	-8371.16
509	0.101351	-8346.42
510	0.101351	-8346.78
511	0.101351	-8278.26
512	0.101351	-8267.82
513	0.101351	-8296.01
514	0.101351	-8269.93
515	0.101351	-8243.42
516	0.101351	-8233.29
517	0.101351	-8271.45
518	0.101351	-8286.1
519	0.101351	-8294.91
520	0.101351	-8273.95
521	0.101351	-8343.5
522	0.101351	-8275.83
523	0.101351	-8295.99
524	0.101351	-8302.17
525	0.101351	-8325.34
526	0.101351	-8370.92
527	0.101351	-8363.14
528	0.101351	-8362.17
529	0.101351	-8297.43
530	0.101351	-8274.62
531	0.101351	-8313.22
532	0.101351	-8270.43
533	0.101351	-8293.05
534	0.101351	-8305.2
535	0.101351	-8293.4
536	0.101351	-8293.01
537	0.101351	-8322.95
538	0.101351	-8401.93
539	0.101351	-8348.78
540	0.101351	-8293.04
541	0.101351	-8350.28
542	0.101351	-8319.01
543	0.101351	-8328.52
544	0.101351	-8337.17
545	0.101351	-8313.24
546	0.101351	-8307.09
547	0.101351	-8319.74
548	0.101351	-8338.07
549	0.101351	-8353.78
550	0.101351	-8294.14
551	0.101351	-8370.55
552	0.101351	-8324.91
553	0.101351	-8290.72
554	0.101351	-8259.56
555	0.101351	-8308.01
556	0.101351	-8277.09
557	0.101351	-8277.03
558	0.101351	-8315.27
559	0.101351	-8307.29
560	0.101351	-8344.44
561	0.101351	-8302.01
562	0.101351	-8339.28
563	0.101351	-8351.28
564	0.101351	-8370.99
565	0.101351	-8331.17
566	0.101351	-8324.97
567	0.101351	-8344.54
568	0.101351	-8280.46
569	0.101351	-8320.64
570	0.101351	-8332.61
571	0.101351	-8342.91
572	0.101351	-8287.23
573	0.101351	-8338.92
574	0.101351	-8348.52
575	0.101351	-8348.8
576	0.101351	-8371.23
577	0.101351	-8305.22
578	0.101351	-8268.89
579	0.101351	-8312.38
580	0.101351	-8311.17
581	0.101351	-8295.58
582	0.101351	-8305.69
583	0.101351	-8267.87
584	0.101351	-8294.17
585	0.101351	-8329.5
586	0.101351	-8308.31
587	0.101351	-8291.25
588	0.101351	-8312.71
589	0.101351	-8282.22
590	0.101351	-8273.42
591	0.101351	-8270.77
592	0.101351	-8292.72
593	0.101351	-8344.84
594	0.101351	-8290.82
595	0.101351	-8287.33
596	0.101351	-8309.08
597	0.101351	-8339.66
598	0.101351	-8327.39
599	0.101351	-8424.39
600	0.101351	-8357.44
601	0.101351	-8326.94
602	0.101351	-8299.78
603	0.101351	-8367.07
604	0.101351	-8265.88
605	0.101351	-8272.57
606	0.101351	-8301.35
607	0.101351	-8288.43
608	0.101351	-8281.27
609	0.101351	-8299.74
610	0.101351	-8268.8
611	0.101351	-8318.53
612	0.101351	-8343.61
613	0.101351	-8380.98
614	0.101351	-8367.85
615	0.101351	-8351.08
616	0.101351	-8380.62
617	0.101351	-8358
618	0.101351	-8262.75
619	0.101351	-8282.46
620	0.101351	-8297.13
621	0.101351	-8284.75
622	0.101351	-8333.43
623	0.101351	-8301.18
624	0.101351	-8342.16
625	0.101351	-8300.9
626	0.101351	-8260.87
627	0.101351	-8277.17
628	0.101351	-8276.89
629	0.101351	-8263.07
630	0.101351	-8297.17
631	0.101351	-8299.42
632	0.101351	-8291.95
633	0.101351	-8317.09
634	0.101351	-8334.79
635	0.101351	-8365.26
636	0.101351	-8350.26
637	0.101351	-8386.63
638	0.101351	-8326.33
639	0.101351	-8308.26
640	0.101351	-8333.25
641	0.101351	-8300.63
642	0.101351	-8277.46
643	0.101351	-8291.74
644	0.101351	-8308.42
645	0.101351	-8328.89
646	0.101351	-8303.87
647	0.101351	-8349.8
648	0.101351	-8346.02
649	0.101351	-8330.15
650	0.101351	-8315.54
651	0.101351	-8291.29
652	0.101351	-8285.99
653	0.101351	-8350.51
654	0.101351	-8355.05
655	0.101351	-8361.34
656	0.101351	-8326.4
657	0.101351	-8306.42
658	0.101351	-8324.73
659	0.101351	-8295.93
660	0.101351	-8295.27
661	0.101351	-8271.08
662	0.101351	-8271.7
663	0.101351	-8279.49
664	0.101351	-8299.16
665	0.101351	-8337.82
666	0.101351	-8290.06
667	0.101351	-8278.07
668	0.101351	-8292.32
669	0.101351	-8274.21
670	0.101351	-8295.9
671	0.101351	-8312.39
672	0.101351	-8301.15
673	0.101351	-8342.79
674	0.101351	-8286.57
675	0.101351	-8312.05
676	0.101351	-8345.44
677	0.101351	-8322.15
678	0.101351	-8321.81
679	0.101351	-8392.11
680	0.101351	-8363.4
681	0.101351	-8339.81
682	0.101351	-8309.2
683	0.101351	-8311.97
684	0.101351	-8308.07
685	0.101351	-8319.43
686	0.101351	-8333.81
687	0.101351	-8324.18
688	0.101351	-8323.47
689	0.101351	-8314.32
690	0.101351	-8364.91
691	0.101351	-8323.4
692	0.101351	-8260.36
693	0.101351	-8279.74
694	0.101351	-8315.25
695	0.101351	-8302.36
696	0.101351	-8346.28
697	0.101351	-8339.43
698	0.101351	-8339.57
699	0.101351	-8337.87
700	0.101351	-8283.13
701	0.101351	-8296.11
702	0.101351	-8337.47
703	0.101351	-8262.48
704	0.101351	-8287.97
705	0.101351	-8299.93
706	0.101351	-8291.95
707	0.101351	-8334.74
708	0.101351	-8268.77
709	0.101351	-8238.86
710	0.101351	-8245.99
711	0.101351	-8294.51
712	0.101351	-8290.41
713	0.101351	-8317.22
714	0.101351	-8302.19
715	0.101351	-8303.26
716	0.101351	-8302.33
717	0.101351	-8283.95
718	0.101351	-8369.05
719	0.101351	-8357.56
720	0.101351	-8365.46
721	0.101351	-8359.58
722	0.101351	-8352.45
723	0.101351	-8340.96
724	0.101351	-8341.19
725	0.101351	-8368.26
726	0.101351	-8352.15
727	0.101351	-8349.94
728	0.101351	-8387.58
729	0.101351	-8393.76
730	0.101351	-8367.97
731	0.101351	-8336.11
732	0.101351	-8295.46
733	0.101351	-8280.71
734	0.101351	-8342.12
735	0.101351	-8302.62
736	0.101351	-8296.92
737	0.101351	-8284.02
738	0.101351	-8283.34
739	0.101351	-8329.83
740	0.101351	-8332.25
741	0.101351	-8313.85
742	0.101351	-8290.37
743	0.101351	-8284.85
744	0.101351	-8257.1
745	0.101351	-8252.94
746	0.101351	-8255.48
747	0.101351	-8258.92
748	0.101351	-8277.04
749	0.101351	-8286.48
750	0.101351	-8301.62
751	0.101351	-8301.71
752	0.101351	-8280.25
753	0.101351	-8279.23
754	0.101351	-8359.66
755	0.101351	-8360.12
756	0.101351	-8340.41
757	0.101351	-8322.75
758	0.101351	-8344.22
759	0.101351	-8303.56
760	0.101351	-8273.6
761	0.101351	-8306.15
762	0.101351	-8354.13
763	0.101351	-8286.16
764	0.101351	-8319.81
765	0.101351	-8315.93
766	0.101351	-8328.15
767	0.101351	-8296.7
768	0.101351	-8282.14
769	0.101351	-8293.02
770	0.101351	-8320.44
771	0.101351	-8265.2
772	0.101351	-8343.16
773	0.101351	-8343.61
774	0.101351	-8351.66
775	0.101351	-8340.22
776	0.101351	-8333.26
777	0.101351	-8282.7
778	0.101351	-8329.09
779	0.101351	-8333.96
780	0.101351	-8383.57
781	0.101351	-8331.82
782	0.101351	-8325.12
783	0.101351	-8286.37
784	0.101351	-8302.33
785	0.101351	-8286.99
786	0.101351	-8276.2
787	0.101351	-8297.99
788	0.101351	-8287.02
789	0.101351	-8297.96
790	0.101351	-8279.22
791	0.101351	-8293.51
792	0.101351	-8318.41
793	0.101351	-8290.68
794	0.101351	-8278.36
795	0.101351	-8279.84
796	0.101351	-8334.99
797	0.101351	-8323.57
798	0.101351	-8310.02
799	0.101351	-8346.13
800	0.101351	-8340.62
801	0.101351	-8375.46
802	0.101351	-8330.97
803	0.101351	-8338.72
804	0.101351	-8289.73
805	0.101351	-8261.18
806	0.101351	-8305.41
807	0.101351	-8291.1
808	0.101351	-8272.93
809	0.101351	-8244.25
810	0.101351	-8281.84
811	0.101351	-8285.43
812	0.101351	-8357.65
813	0.101351	-8327.47
814	0.101351	-8322.33
815	0.101351	-8286.33
816	0.101351	-8303.45
817	0.101351	-8334.43
818	0.101351	-8343.91
819	0.101351	-8345.03
820	0.101351	-8472.81
821	0.101351	-8387.3
822	0.101351	-8307.36
823	0.101351	-8297.94
824	0.101351	-8271.01
825	0.101351	-8268.25
826	0.101351	-8255.24
827	0.101351	-8252.5
828	0.101351	-8284.21
829	0.101351	-8282.29
830	0.101351	-8309.77
831	0.101351	-8277.49
832	0.101351	-8261.41
833	0.101351	-8297.37
834	0.101351	-8252.97
835	0.101351	-8324.73
836	0.101351	-8296.8
837	0.101351	-8290.41
838	0.101351	-8349.41
839	0.101351	-8326.29
840	0.101351	-8356.21
841	0.101351	-8369.12
842	0.101351	-8332.52
843	0.101351	-8266.37
844	0.101351	-8262.36
845	0.101351	-8302.76
846	0.101351	-8264.85
847	0.101351	-8270.16
848	0.101351	-8273.7
849	0.101351	-8264.86
850	0.101351	-8334.46
851	0.101351	-8330.81
852	0.101351	-8329.69
853	0.101351	-8374.51
854	0.101351	-8329.42
855	0.101351	-8340.23
856	0.101351	-8376.14
857	0.101351	-8344.75
858	0.101351	-8295.11
859	0.101351	-8307.73
860	0.101351	-8303.5
861	0.101351	-8314.62
862	0.101351	-8327.51
863	0.101351	-8329.43
864	0.101351	-8345.04
865	0.101351	-8350.5
866	0.101351	-8304.83
867	0.101351	-8361.8
868	0.101351	-8370.99
869	0.101351	-8418.2
870	0.101351	-8347.64
871	0.101351	-8366.19
872	0.101351	-8442.96
873	0.101351	-8359.53
874	0.101351	-8411
875	0.101351	-8389.85
876	0.101351	-8364.7
877	0.101351	-8334.81
878	0.101351	-8295.73
879	0.101351	-8292.35
880	0.101351	-8347.04
881	0.101351	-8326.64
882	0.101351	-8292.64
883	0.101351	-8286.8
884	0.101351	-8285.12
885	0.101351	-8315.47
886	0.101351	-8284.89
887	0.101351	-8263.64
888	0.101351	-8319
889	0.101351	-8306.88
890	0.101351	-8327.29
891	0.101351	-8314.71
892	0.101351	-8312.22
893	0.101351	-8297.44
894	0.101351	-8274
895	0.101351	-8302.04
896	0.101351	-8282.2
897	0.101351	-8353.08
898	0.101351	-8357.48
899	0.101351	-8356.83
900	0.101351	-8380.7
901	0.101351	-8354.05
902	0.101351	-8346.34
903	0.101351	-8313.48
904	0.101351	-8378.11
905	0.101351	-8339.15
906	0.101351	-8391.52
907	0.101351	-8335.04
908	0.101351	-8334.98
909	0.101351	-8300.2
910	0.101351	-8336.68
911	0.101351	-8346.08
912	0.101351	-8408.06
913	0.101351	-8400.82
914	0.101351	-8294.54
915	0.101351	-8280.03
916	0.101351	-8285.58
917	0.101351	-8312.99
918	0.101351	-8285.45
919	0.101351	-8339.5
920	0.101351	-8287.14
921	0.101351	-8298.5
922	0.101351	-8305.31
923	0.101351	-8281.57
924	0.101351	-8304.34
925	0.101351	-8307.15
926	0.101351	-8316.02
927	0.101351	-8282.98
928	0.101351	-8276.14
929	0.101351	-8291.91
930	0.101351	-8333.38
931	0.101351	-8299.16
932	0.101351	-8316.34
933	0.101351	-8299.69
934	0.101351	-8326.93
935	0.101351	-8329.7
936	0.101351	-8325.44
937	0.101351	-8337.38
938	0.101351	-8303.73
939	0.101351	-8299.2
940	0.101351	-8257.06
941	0.101351	-8256.05
942	0.101351	-8267.64
943	0.101351	-8307.69
944	0.101351	-8303.01
945	0.101351	-8330.78
946	0.101351	-8360.36
947	0.101351	-8313.82
948	0.101351	-8282.1
949	0.101351	-8266.38
950	0.101351	-8348.72
951	0.101351	-8350.3
952	0.101351	-8328.66
953	0.101351	-8329.49
954	0.101351	-8305.39
955	0.101351	-8330.04
956	0.101351	-8318.52
957	0.101351	-8321.44
958	0.101351	-8393.04
959	0.101351	-8352.7
960	0.101351	-8324.09
961	0.101351	-8359.92
962	0.101351	-8356.47
963	0.101351	-8311.08
964	0.101351	-8271.48
965	0.101351	-8294.88
966	0.101351	-8286.28
967	0.101351	-8276.69
968	0.101351	-8281.25
969	0.101351	-8296.14
970	0.101351	-8316.01
971	0.101351	-8312.02
972	0.101351	-8323.75
973	0.101351	-8382.71
974	0.101351	-8295.59
975	0.101351	-8285.01
976	0.101351	-8271.64
977	0.101351	-8329.23
978	0.101351	-8326.04
979	0.101351	-8312.26
980	0.101351	-8316.87
981	0.101351	-8294.33
982	0.101351	-8280.08
983	0.101351	-8273.94
984	0.101351	-8347.83
985	0.101351	-8318.46
986	0.101351	-8409.1
987	0.101351	-8421.18
988	0.101351	-8392.84
989	0.101351	-8389.66
990	0.101351	-8354.48
991	0.101351	-8304.16
992	0.101351	-8305.99
993	0.101351	-8278.74
994	0.101351	-8326.2
995	0.101351	-8302.22
996	0.101351	-8312.51
997	0.101351	-8291.88
998	0.101351	-8290.54
999	0.101351	-8282.45
1000	0.101351	-8304.26
