state	power	likelihood
251	0.00190397	-11404.8
252	0.00190397	-11461.8
253	0.00190397	-10397.8
254	0.00190397	-11307.1
255	0.00190397	-11111.9
256	0.00190397	-11590
257	0.00190397	-11993.5
258	0.00190397	-10279.4
259	0.00190397	-10847.2
260	0.00190397	-10613.7
261	0.00190397	-10287.2
262	0.00190397	-10919.9
263	0.00190397	-12623.9
264	0.00190397	-10771.9
265	0.00190397	-12520.4
266	0.00190397	-10656.4
267	0.00190397	-11540.7
268	0.00190397	-10982
269	0.00190397	-11388.5
270	0.00190397	-11652.7
271	0.00190397	-12590.8
272	0.00190397	-11386.1
273	0.00190397	-10016.7
274	0.00190397	-10234.9
275	0.00190397	-10486.4
276	0.00190397	-10699
277	0.00190397	-11264
278	0.00190397	-11005.6
279	0.00190397	-11437.4
280	0.00190397	-10471.3
281	0.00190397	-11333.9
282	0.00190397	-10766.6
283	0.00190397	-11192.8
284	0.00190397	-10894.5
285	0.00190397	-10270.5
286	0.00190397	-10501.6
287	0.00190397	-10257.4
288	0.00190397	-11123.1
289	0.00190397	-11190.8
290	0.00190397	-11525.2
291	0.00190397	-10301.7
292	0.00190397	-11362.7
293	0.00190397	-10560.3
294	0.00190397	-12314.2
295	0.00190397	-10764.9
296	0.00190397	-11085.3
297	0.00190397	-11020
298	0.00190397	-11596.1
299	0.00190397	-11356.4
300	0.00190397	-10591.4
301	0.00190397	-10574.6
302	0.00190397	-10392.8
303	0.00190397	-9970.33
304	0.00190397	-11713.9
305	0.00190397	-11042.5
306	0.00190397	-9632.55
307	0.00190397	-11037
308	0.00190397	-10678.2
309	0.00190397	-10423.4
310	0.00190397	-10962.5
311	0.00190397	-10630.8
312	0.00190397	-10669.5
313	0.00190397	-10312.4
314	0.00190397	-11506.4
315	0.00190397	-11679.5
316	0.00190397	-10952.5
317	0.00190397	-10975.3
318	0.00190397	-10621.6
319	0.00190397	-11341.7
320	0.00190397	-11553.9
321	0.00190397	-11660.1
322	0.00190397	-11539.2
323	0.00190397	-10110.3
324	0.00190397	-11090.3
325	0.00190397	-9753.72
326	0.00190397	-10443.8
327	0.00190397	-9921.2
328	0.00190397	-10743.2
329	0.00190397	-10231.3
330	0.00190397	-10365.2
331	0.00190397	-10508.4
332	0.00190397	-11513
333	0.00190397	-10971.8
334	0.00190397	-10771.3
335	0.00190397	-10978.4
336	0.00190397	-10323
337	0.00190397	-10903.3
338	0.00190397	-12867.8
339	0.00190397	-12160.1
340	0.00190397	-10225.7
341	0.00190397	-11038.6
342	0.00190397	-10017.1
343	0.00190397	-11078.2
344	0.00190397	-11528.8
345	0.00190397	-10040.2
346	0.00190397	-10495.6
347	0.00190397	-10326.4
348	0.00190397	-10398.1
349	0.00190397	-11157.6
350	0.00190397	-10029.2
351	0.00190397	-10157.2
352	0.00190397	-10958.7
353	0.00190397	-10503.5
354	0.00190397	-10315.7
355	0.00190397	-10454.7
356	0.00190397	-10380.7
357	0.00190397	-10975.4
358	0.00190397	-11122.4
359	0.00190397	-10622.4
360	0.00190397	-11109.7
361	0.00190397	-10646.1
362	0.00190397	-10881.5
363	0.00190397	-10202.9
364	0.00190397	-10801.8
365	0.00190397	-11403.1
366	0.00190397	-11455.8
367	0.00190397	-11827.2
368	0.00190397	-11891.4
369	0.00190397	-13076
370	0.00190397	-13020.8
371	0.00190397	-10513.5
372	0.00190397	-10262.4
373	0.00190397	-10303.3
374	0.00190397	-10183.4
375	0.00190397	-10851.8
376	0.00190397	-10057.4
377	0.00190397	-9289.99
378	0.00190397	-9664.52
379	0.00190397	-10529.6
380	0.00190397	-10136.7
381	0.00190397	-10511.2
382	0.00190397	-10893.5
383	0.00190397	-10052.8
384	0.00190397	-9754.37
385	0.00190397	-9903.44
386	0.00190397	-13369.7
387	0.00190397	-11933.6
388	0.00190397	-11150.9
389	0.00190397	-10890.2
390	0.00190397	-10200.8
391	0.00190397	-10381.5
392	0.00190397	-10327.7
393	0.00190397	-9689.2
394	0.00190397	-10380.6
395	0.00190397	-10735.7
396	0.00190397	-10399.2
397	0.00190397	-10218.2
398	0.00190397	-11236.8
399	0.00190397	-10678.1
400	0.00190397	-11117.5
401	0.00190397	-11289.4
402	0.00190397	-11587.7
403	0.00190397	-11222.1
404	0.00190397	-10922.2
405	0.00190397	-10907.1
406	0.00190397	-10949.6
407	0.00190397	-10510.1
408	0.00190397	-10521.6
409	0.00190397	-10331.3
410	0.00190397	-9490.94
411	0.00190397	-10779.2
412	0.00190397	-10569.5
413	0.00190397	-10717.5
414	0.00190397	-10350.6
415	0.00190397	-11021.8
416	0.00190397	-10276.3
417	0.00190397	-10051
418	0.00190397	-9982.06
419	0.00190397	-10379.1
420	0.00190397	-11153.5
421	0.00190397	-10633.1
422	0.00190397	-10131.3
423	0.00190397	-10683
424	0.00190397	-11840.3
425	0.00190397	-11687.9
426	0.00190397	-11751.9
427	0.00190397	-10701.1
428	0.00190397	-11274.1
429	0.00190397	-9887.82
430	0.00190397	-11468
431	0.00190397	-10686.3
432	0.00190397	-10220.1
433	0.00190397	-10152.4
434	0.00190397	-12883.1
435	0.00190397	-12149.5
436	0.00190397	-10463.5
437	0.00190397	-10639.5
438	0.00190397	-11310.4
439	0.00190397	-11433.1
440	0.00190397	-10971.9
441	0.00190397	-9802.01
442	0.00190397	-11954.1
443	0.00190397	-10864.9
444	0.00190397	-10846.2
445	0.00190397	-9796.47
446	0.00190397	-10186.1
447	0.00190397	-12563.8
448	0.00190397	-11715
449	0.00190397	-11283
450	0.00190397	-11024.5
451	0.00190397	-10807.2
452	0.00190397	-9954.29
453	0.00190397	-10064
454	0.00190397	-11765.4
455	0.00190397	-12183
456	0.00190397	-11402.2
457	0.00190397	-12181.6
458	0.00190397	-12268.6
459	0.00190397	-11111.1
460	0.00190397	-11667.1
461	0.00190397	-11617.1
462	0.00190397	-11236.1
463	0.00190397	-11476.3
464	0.00190397	-11734.4
465	0.00190397	-11442.3
466	0.00190397	-11078.7
467	0.00190397	-11636.1
468	0.00190397	-10143.1
469	0.00190397	-11218.5
470	0.00190397	-10488.8
471	0.00190397	-10378.4
472	0.00190397	-10007.8
473	0.00190397	-10177.3
474	0.00190397	-11076.1
475	0.00190397	-10241.3
476	0.00190397	-9864.29
477	0.00190397	-10809.1
478	0.00190397	-10577.6
479	0.00190397	-10864.6
480	0.00190397	-11393.8
481	0.00190397	-10108.6
482	0.00190397	-11009.6
483	0.00190397	-10643.3
484	0.00190397	-12131
485	0.00190397	-10598.4
486	0.00190397	-10072.5
487	0.00190397	-11122.1
488	0.00190397	-10448.9
489	0.00190397	-10933
490	0.00190397	-10648.7
491	0.00190397	-10835.1
492	0.00190397	-10368.1
493	0.00190397	-10254.6
494	0.00190397	-9962.06
495	0.00190397	-10601.8
496	0.00190397	-10569.4
497	0.00190397	-10985.4
498	0.00190397	-10876.5
499	0.00190397	-10932.4
500	0.00190397	-11554.1
501	0.00190397	-11185.7
502	0.00190397	-11512.5
503	0.00190397	-10976.6
504	0.00190397	-11512.7
505	0.00190397	-11558.8
506	0.00190397	-10499.5
507	0.00190397	-10407.9
508	0.00190397	-11145.1
509	0.00190397	-10584.9
510	0.00190397	-9485.54
511	0.00190397	-10234
512	0.00190397	-11024.3
513	0.00190397	-11222
514	0.00190397	-11213
515	0.00190397	-10632.7
516	0.00190397	-12279.3
517	0.00190397	-12103.9
518	0.00190397	-10381.1
519	0.00190397	-10154.8
520	0.00190397	-11059.7
521	0.00190397	-9906.38
522	0.00190397	-10313.9
523	0.00190397	-11068.7
524	0.00190397	-10897.9
525	0.00190397	-10153.3
526	0.00190397	-10195.9
527	0.00190397	-10409.8
528	0.00190397	-10948.8
529	0.00190397	-11543.5
530	0.00190397	-11725.2
531	0.00190397	-11012
532	0.00190397	-10081.9
533	0.00190397	-10234.3
534	0.00190397	-10609
535	0.00190397	-9838.55
536	0.00190397	-10129.7
537	0.00190397	-11601.9
538	0.00190397	-10433
539	0.00190397	-11215
540	0.00190397	-11370.6
541	0.00190397	-11022.3
542	0.00190397	-10819.3
543	0.00190397	-9919.78
544	0.00190397	-9237.63
545	0.00190397	-9301.13
546	0.00190397	-10377.4
547	0.00190397	-10186.8
548	0.00190397	-10209.1
549	0.00190397	-10559.2
550	0.00190397	-11662.1
551	0.00190397	-10271
552	0.00190397	-10267.4
553	0.00190397	-10946.1
554	0.00190397	-9986.62
555	0.00190397	-10645.8
556	0.00190397	-10237.1
557	0.00190397	-11000.1
558	0.00190397	-12241.1
559	0.00190397	-11914.5
560	0.00190397	-11568.8
561	0.00190397	-10819.5
562	0.00190397	-10699.1
563	0.00190397	-11116.9
564	0.00190397	-10763.2
565	0.00190397	-10196.7
566	0.00190397	-10052.6
567	0.00190397	-9918.92
568	0.00190397	-9550.05
569	0.00190397	-9647.75
570	0.00190397	-11651.6
571	0.00190397	-11112.3
572	0.00190397	-10491.3
573	0.00190397	-11685.6
574	0.00190397	-11773.3
575	0.00190397	-9576.84
576	0.00190397	-10663.2
577	0.00190397	-10175.1
578	0.00190397	-10567
579	0.00190397	-10812.9
580	0.00190397	-10581
581	0.00190397	-10854.3
582	0.00190397	-10059.9
583	0.00190397	-10564.1
584	0.00190397	-10697.2
585	0.00190397	-11151.5
586	0.00190397	-11774.1
587	0.00190397	-11300.7
588	0.00190397	-11158.7
589	0.00190397	-11740.6
590	0.00190397	-11334.6
591	0.00190397	-10472.6
592	0.00190397	-10556
593	0.00190397	-10656.8
594	0.00190397	-11220.2
595	0.00190397	-10834.8
596	0.00190397	-10399.3
597	0.00190397	-10879.1
598	0.00190397	-11025.4
599	0.00190397	-11818.1
600	0.00190397	-10634.8
601	0.00190397	-11252.9
602	0.00190397	-10333.1
603	0.00190397	-9860.99
604	0.00190397	-10018.9
605	0.00190397	-11168.1
606	0.00190397	-10505.2
607	0.00190397	-10656.4
608	0.00190397	-11025.8
609	0.00190397	-10729.4
610	0.00190397	-11095
611	0.00190397	-11011
612	0.00190397	-11216.8
613	0.00190397	-10821.5
614	0.00190397	-9487.03
615	0.00190397	-10644.9
616	0.00190397	-9756.63
617	0.00190397	-11365.5
618	0.00190397	-10626.8
619	0.00190397	-11857.2
620	0.00190397	-10735.2
621	0.00190397	-11056.3
622	0.00190397	-10327.3
623	0.00190397	-11081.7
624	0.00190397	-10134
625	0.00190397	-10774.2
626	0.00190397	-10625.9
627	0.00190397	-10736.5
628	0.00190397	-10344.7
629	0.00190397	-10947.3
630	0.00190397	-11075.4
631	0.00190397	-11775.3
632	0.00190397	-11256.4
633	0.00190397	-11098.6
634	0.00190397	-10382.1
635	0.00190397	-10332.7
636	0.00190397	-11333.6
637	0.00190397	-11135
638	0.00190397	-11531.8
639	0.00190397	-11216.2
640	0.00190397	-10717.2
641	0.00190397	-9975.63
642	0.00190397	-9501.73
643	0.00190397	-10512.8
644	0.00190397	-12331
645	0.00190397	-11481.2
646	0.00190397	-10159.2
647	0.00190397	-10217.2
648	0.00190397	-11456.7
649	0.00190397	-12056.8
650	0.00190397	-11288.6
651	0.00190397	-10875.8
652	0.00190397	-10920.7
653	0.00190397	-11161.1
654	0.00190397	-11596.6
655	0.00190397	-11580.8
656	0.00190397	-11600.8
657	0.00190397	-11787.6
658	0.00190397	-12047.2
659	0.00190397	-9640.96
660	0.00190397	-11109.5
661	0.00190397	-11379.1
662	0.00190397	-9945.91
663	0.00190397	-11047.7
664	0.00190397	-10550.1
665	0.00190397	-11509.4
666	0.00190397	-10807.6
667	0.00190397	-11787.6
668	0.00190397	-10813.8
669	0.00190397	-11308.4
670	0.00190397	-11089.3
671	0.00190397	-10246.6
672	0.00190397	-9991.03
673	0.00190397	-10100.6
674	0.00190397	-10759.7
675	0.00190397	-10248.5
676	0.00190397	-11068.2
677	0.00190397	-10385.2
678	0.00190397	-9707.7
679	0.00190397	-10279.7
680	0.00190397	-12028.4
681	0.00190397	-11116.5
682	0.00190397	-10102.5
683	0.00190397	-10424.8
684	0.00190397	-13010.6
685	0.00190397	-11085.5
686	0.00190397	-10069.5
687	0.00190397	-11863.1
688	0.00190397	-9912.77
689	0.00190397	-9541.33
690	0.00190397	-10847.8
691	0.00190397	-11265.6
692	0.00190397	-9243.73
693	0.00190397	-10068.3
694	0.00190397	-9871.76
695	0.00190397	-9913.44
696	0.00190397	-10371.5
697	0.00190397	-10890.8
698	0.00190397	-10209.9
699	0.00190397	-11318.3
700	0.00190397	-11141.8
701	0.00190397	-11000.9
702	0.00190397	-10528.4
703	0.00190397	-10759.7
704	0.00190397	-10511.3
705	0.00190397	-10874.6
706	0.00190397	-10781.4
707	0.00190397	-10426.8
708	0.00190397	-11748.7
709	0.00190397	-11133.1
710	0.00190397	-11317.1
711	0.00190397	-9915
712	0.00190397	-10834.1
713	0.00190397	-10189.3
714	0.00190397	-11074.6
715	0.00190397	-11832.5
716	0.00190397	-10637.1
717	0.00190397	-12307.5
718	0.00190397	-11384
719	0.00190397	-9762.27
720	0.00190397	-10476
721	0.00190397	-10646.7
722	0.00190397	-10494.8
723	0.00190397	-10828.9
724	0.00190397	-10929.6
725	0.00190397	-10705.4
726	0.00190397	-10885.2
727	0.00190397	-10940.7
728	0.00190397	-10523.7
729	0.00190397	-11615.5
730	0.00190397	-10506.4
731	0.00190397	-10769.2
732	0.00190397	-11260.9
733	0.00190397	-11381.2
734	0.00190397	-11454.2
735	0.00190397	-10493.5
736	0.00190397	-10036.7
737	0.00190397	-11040
738	0.00190397	-10953.1
739	0.00190397	-11276.8
740	0.00190397	-10890.3
741	0.00190397	-12014.8
742	0.00190397	-11321.4
743	0.00190397	-10662.7
744	0.00190397	-11165.4
745	0.00190397	-9996.41
746	0.00190397	-10626.8
747	0.00190397	-10159.1
748	0.00190397	-10674.2
749	0.00190397	-10518.3
750	0.00190397	-10826.2
751	0.00190397	-10653.4
752	0.00190397	-11542.9
753	0.00190397	-11188.1
754	0.00190397	-10822.1
755	0.00190397	-10422.3
756	0.00190397	-11557.1
757	0.00190397	-11059.6
758	0.00190397	-10691.5
759	0.00190397	-10006.7
760	0.00190397	-10120.7
761	0.00190397	-10536
762	0.00190397	-10387.9
763	0.00190397	-10668
764	0.00190397	-11839.4
765	0.00190397	-11377.5
766	0.00190397	-10314.8
767	0.00190397	-10620.2
768	0.00190397	-10178
769	0.00190397	-10835.9
770	0.00190397	-10596.2
771	0.00190397	-10053.1
772	0.00190397	-10464.6
773	0.00190397	-10567.2
774	0.00190397	-11025.9
775	0.00190397	-10786.7
776	0.00190397	-11311.8
777	0.00190397	-10686.2
778	0.00190397	-11737.7
779	0.00190397	-10569.4
780	0.00190397	-10589.4
781	0.00190397	-10953.4
782	0.00190397	-10635.2
783	0.00190397	-10700.5
784	0.00190397	-9972.51
785	0.00190397	-10034
786	0.00190397	-11007.9
787	0.00190397	-11704.3
788	0.00190397	-11127.8
789	0.00190397	-10118.9
790	0.00190397	-11350.8
791	0.00190397	-10972.9
792	0.00190397	-10482.1
793	0.00190397	-9908.92
794	0.00190397	-10441.2
795	0.00190397	-9116.82
796	0.00190397	-10224.5
797	0.00190397	-11615.6
798	0.00190397	-10513.3
799	0.00190397	-10674.6
800	0.00190397	-11440.3
801	0.00190397	-11439.5
802	0.00190397	-10473.4
803	0.00190397	-13569.8
804	0.00190397	-12664.4
805	0.00190397	-11356.1
806	0.00190397	-10581.8
807	0.00190397	-10039.7
808	0.00190397	-10024
809	0.00190397	-11261.1
810	0.00190397	-10834.4
811	0.00190397	-10275.6
812	0.00190397	-9698.16
813	0.00190397	-9859.41
814	0.00190397	-11148.2
815	0.00190397	-10852.2
816	0.00190397	-10678.2
817	0.00190397	-11804.4
818	0.00190397	-11625
819	0.00190397	-9946.37
820	0.00190397	-10678.5
821	0.00190397	-10472.7
822	0.00190397	-11024.9
823	0.00190397	-12249.4
824	0.00190397	-11988.4
825	0.00190397	-10774.6
826	0.00190397	-11427.1
827	0.00190397	-10830.8
828	0.00190397	-10301.8
829	0.00190397	-11143.2
830	0.00190397	-10775.7
831	0.00190397	-10289.6
832	0.00190397	-10849.3
833	0.00190397	-12119.9
834	0.00190397	-10818.1
835	0.00190397	-11024.2
836	0.00190397	-11147
837	0.00190397	-9730.53
838	0.00190397	-10310.3
839	0.00190397	-10807.3
840	0.00190397	-9682.89
841	0.00190397	-10205.1
842	0.00190397	-10014.6
843	0.00190397	-9537.52
844	0.00190397	-9853.05
845	0.00190397	-10845.2
846	0.00190397	-10590.8
847	0.00190397	-10790.4
848	0.00190397	-10457.4
849	0.00190397	-10824.1
850	0.00190397	-10511.9
851	0.00190397	-10748.9
852	0.00190397	-10308.8
853	0.00190397	-10570.8
854	0.00190397	-12099.4
855	0.00190397	-11202.3
856	0.00190397	-10457.3
857	0.00190397	-10836.2
858	0.00190397	-11244.8
859	0.00190397	-11212.2
860	0.00190397	-10495.7
861	0.00190397	-11599.6
862	0.00190397	-11868.5
863	0.00190397	-11644.7
864	0.00190397	-11574.7
865	0.00190397	-12184.8
866	0.00190397	-12531.1
867	0.00190397	-10750.8
868	0.00190397	-11507.7
869	0.00190397	-12189.3
870	0.00190397	-11133.3
871	0.00190397	-11531.5
872	0.00190397	-11257.1
873	0.00190397	-11344.9
874	0.00190397	-10945.4
875	0.00190397	-10378
876	0.00190397	-9793.72
877	0.00190397	-10866.7
878	0.00190397	-12488.8
879	0.00190397	-11783.6
880	0.00190397	-10953.9
881	0.00190397	-11623.4
882	0.00190397	-10576.8
883	0.00190397	-10671
884	0.00190397	-10330.7
885	0.00190397	-11423.7
886	0.00190397	-11913
887	0.00190397	-10982.5
888	0.00190397	-10184.1
889	0.00190397	-11375.8
890	0.00190397	-10302.4
891	0.00190397	-11105.2
892	0.00190397	-10703.9
893	0.00190397	-11055.1
894	0.00190397	-11318.7
895	0.00190397	-10527.5
896	0.00190397	-10398.3
897	0.00190397	-9919.35
898	0.00190397	-10558.1
899	0.00190397	-12191.2
900	0.00190397	-11488
901	0.00190397	-11337.9
902	0.00190397	-10501.6
903	0.00190397	-10361.1
904	0.00190397	-10286.1
905	0.00190397	-10317
906	0.00190397	-10113.4
907	0.00190397	-10696.3
908	0.00190397	-10666.8
909	0.00190397	-10722.5
910	0.00190397	-9702.38
911	0.00190397	-10858.2
912	0.00190397	-10557
913	0.00190397	-10124.2
914	0.00190397	-10096.8
915	0.00190397	-12000.5
916	0.00190397	-11746.2
917	0.00190397	-12620.5
918	0.00190397	-10877.7
919	0.00190397	-10053.2
920	0.00190397	-10443.4
921	0.00190397	-10367
922	0.00190397	-10366.6
923	0.00190397	-10464.2
924	0.00190397	-10561.2
925	0.00190397	-11489.6
926	0.00190397	-10976.6
927	0.00190397	-10002.8
928	0.00190397	-10750.6
929	0.00190397	-10258.5
930	0.00190397	-10475
931	0.00190397	-10882
932	0.00190397	-9907.9
933	0.00190397	-10177.5
934	0.00190397	-11257.8
935	0.00190397	-10190
936	0.00190397	-9698.74
937	0.00190397	-10650.8
938	0.00190397	-11047.9
939	0.00190397	-10139.3
940	0.00190397	-11189.6
941	0.00190397	-10754.1
942	0.00190397	-10931.4
943	0.00190397	-10662.1
944	0.00190397	-10111.8
945	0.00190397	-10350.3
946	0.00190397	-10567.3
947	0.00190397	-10550.4
948	0.00190397	-9765.26
949	0.00190397	-10297.3
950	0.00190397	-9900.47
951	0.00190397	-11117.3
952	0.00190397	-10982.5
953	0.00190397	-11179.1
954	0.00190397	-10198.3
955	0.00190397	-9949.48
956	0.00190397	-10316.3
957	0.00190397	-10056.5
958	0.00190397	-10482.6
959	0.00190397	-11127.2
960	0.00190397	-10315.6
961	0.00190397	-10831
962	0.00190397	-10610.1
963	0.00190397	-10303.8
964	0.00190397	-10557.2
965	0.00190397	-11385.9
966	0.00190397	-10241.6
967	0.00190397	-10219.5
968	0.00190397	-10345.8
969	0.00190397	-9894.23
970	0.00190397	-10023.6
971	0.00190397	-11377.3
972	0.00190397	-9477.51
973	0.00190397	-10014.6
974	0.00190397	-11430.6
975	0.00190397	-11120.7
976	0.00190397	-11072
977	0.00190397	-10796.6
978	0.00190397	-10865.1
979	0.00190397	-11398.8
980	0.00190397	-10170.6
981	0.00190397	-9795.28
982	0.00190397	-9570.48
983	0.00190397	-11418
984	0.00190397	-11205.4
985	0.00190397	-10252.3
986	0.00190397	-9794.48
987	0.00190397	-10794.3
988	0.00190397	-9462.08
989	0.00190397	-9326.64
990	0.00190397	-11058
991	0.00190397	-10547
992	0.00190397	-10290.4
993	0.00190397	-10138.7
994	0.00190397	-10886.1
995	0.00190397	-11053.5
996	0.00190397	-11097.1
997	0.00190397	-10928.1
998	0.00190397	-10990.3
999	0.00190397	-11570.3
1000	0.00190397	-11452.8
