state	power	likelihood
251	0.00502648	-9416.55
252	0.00502648	-9769.09
253	0.00502648	-9854.53
254	0.00502648	-9021.68
255	0.00502648	-9566.45
256	0.00502648	-9439.04
257	0.00502648	-10326.6
258	0.00502648	-9601.66
259	0.00502648	-10201.5
260	0.00502648	-9343.84
261	0.00502648	-10238.4
262	0.00502648	-9423.18
263	0.00502648	-10299.6
264	0.00502648	-10123.1
265	0.00502648	-10363.6
266	0.00502648	-10208.9
267	0.00502648	-9352.99
268	0.00502648	-9070.07
269	0.00502648	-10004.5
270	0.00502648	-9388.99
271	0.00502648	-10125.3
272	0.00502648	-9689.76
273	0.00502648	-9264.5
274	0.00502648	-9629.09
275	0.00502648	-9466.66
276	0.00502648	-9545.05
277	0.00502648	-9391.21
278	0.00502648	-9843.37
279	0.00502648	-9382.24
280	0.00502648	-9564.19
281	0.00502648	-9956.62
282	0.00502648	-10098.3
283	0.00502648	-9947.55
284	0.00502648	-9132.7
285	0.00502648	-8903.32
286	0.00502648	-9319.24
287	0.00502648	-9367.81
288	0.00502648	-10255.4
289	0.00502648	-10099.3
290	0.00502648	-9289.24
291	0.00502648	-9411.37
292	0.00502648	-9919.8
293	0.00502648	-10020.5
294	0.00502648	-11496
295	0.00502648	-11182.3
296	0.00502648	-11508.3
297	0.00502648	-9270.9
298	0.00502648	-9257.57
299	0.00502648	-9855.81
300	0.00502648	-10537.1
301	0.00502648	-10830.3
302	0.00502648	-10712.8
303	0.00502648	-9462.53
304	0.00502648	-10171.7
305	0.00502648	-9503.51
306	0.00502648	-9757.15
307	0.00502648	-9465.64
308	0.00502648	-9339.4
309	0.00502648	-9726.65
310	0.00502648	-9645.5
311	0.00502648	-9489.92
312	0.00502648	-9285.73
313	0.00502648	-9245.75
314	0.00502648	-9801.51
315	0.00502648	-10397.3
316	0.00502648	-9757.66
317	0.00502648	-9552.72
318	0.00502648	-10084.6
319	0.00502648	-9825.24
320	0.00502648	-10078.5
321	0.00502648	-10209.6
322	0.00502648	-9384.62
323	0.00502648	-10531.6
324	0.00502648	-9340.29
325	0.00502648	-9672.96
326	0.00502648	-9993.78
327	0.00502648	-10361.1
328	0.00502648	-10615.5
329	0.00502648	-9699.77
330	0.00502648	-11044.8
331	0.00502648	-11219.2
332	0.00502648	-10270.6
333	0.00502648	-9690.16
334	0.00502648	-10262.4
335	0.00502648	-9844.56
336	0.00502648	-9466.34
337	0.00502648	-9235.37
338	0.00502648	-9523.54
339	0.00502648	-9237.73
340	0.00502648	-9253.94
341	0.00502648	-10550.4
342	0.00502648	-10043
343	0.00502648	-10223.1
344	0.00502648	-9095.83
345	0.00502648	-9323.89
346	0.00502648	-10179.4
347	0.00502648	-10813.2
348	0.00502648	-9765.34
349	0.00502648	-10428.4
350	0.00502648	-9982.61
351	0.00502648	-10132.1
352	0.00502648	-9560.81
353	0.00502648	-9766.76
354	0.00502648	-10059.6
355	0.00502648	-10539.5
356	0.00502648	-10245.8
357	0.00502648	-9885.2
358	0.00502648	-10951.6
359	0.00502648	-10459.5
360	0.00502648	-10701.1
361	0.00502648	-10265.4
362	0.00502648	-9734.43
363	0.00502648	-9372.49
364	0.00502648	-9365.96
365	0.00502648	-8861.69
366	0.00502648	-9735.02
367	0.00502648	-10180.5
368	0.00502648	-9998.41
369	0.00502648	-10194.7
370	0.00502648	-9999.28
371	0.00502648	-9620.22
372	0.00502648	-10190.9
373	0.00502648	-10110
374	0.00502648	-9384.58
375	0.00502648	-10222.6
376	0.00502648	-10153.1
377	0.00502648	-10187.1
378	0.00502648	-9953.45
379	0.00502648	-10462.2
380	0.00502648	-9370.29
381	0.00502648	-9685.16
382	0.00502648	-9401.62
383	0.00502648	-9960.24
384	0.00502648	-9971.83
385	0.00502648	-9170.05
386	0.00502648	-9555.24
387	0.00502648	-9474.12
388	0.00502648	-9599.27
389	0.00502648	-9605.26
390	0.00502648	-9598.1
391	0.00502648	-9731.47
392	0.00502648	-10162.2
393	0.00502648	-10266.3
394	0.00502648	-10121.9
395	0.00502648	-10637.1
396	0.00502648	-9866.4
397	0.00502648	-9527.27
398	0.00502648	-9674.2
399	0.00502648	-9955.89
400	0.00502648	-9162.55
401	0.00502648	-9964.96
402	0.00502648	-10403
403	0.00502648	-10002.1
404	0.00502648	-9972.03
405	0.00502648	-9732.73
406	0.00502648	-9819.71
407	0.00502648	-9780.41
408	0.00502648	-9536.45
409	0.00502648	-9823.11
410	0.00502648	-9160.36
411	0.00502648	-9881.35
412	0.00502648	-9770.07
413	0.00502648	-9591.99
414	0.00502648	-9882.18
415	0.00502648	-9696.77
416	0.00502648	-10069.4
417	0.00502648	-10120.2
418	0.00502648	-10041.2
419	0.00502648	-10110.2
420	0.00502648	-9715.63
421	0.00502648	-9795.8
422	0.00502648	-9754.31
423	0.00502648	-9765.29
424	0.00502648	-9826.02
425	0.00502648	-9977.4
426	0.00502648	-9885.55
427	0.00502648	-10162.4
428	0.00502648	-9385.23
429	0.00502648	-9553.3
430	0.00502648	-9119.29
431	0.00502648	-9818.38
432	0.00502648	-9711.12
433	0.00502648	-9846.23
434	0.00502648	-9838.11
435	0.00502648	-9518.66
436	0.00502648	-9004.22
437	0.00502648	-10135.3
438	0.00502648	-10527.6
439	0.00502648	-10102.1
440	0.00502648	-9476.78
441	0.00502648	-9554.08
442	0.00502648	-10382.7
443	0.00502648	-9864.03
444	0.00502648	-10101.6
445	0.00502648	-10164.7
446	0.00502648	-9986.27
447	0.00502648	-10269.4
448	0.00502648	-9702.97
449	0.00502648	-9837.42
450	0.00502648	-10041.3
451	0.00502648	-9425.17
452	0.00502648	-9753.81
453	0.00502648	-9445.35
454	0.00502648	-10158.5
455	0.00502648	-10504
456	0.00502648	-11161.8
457	0.00502648	-9949.47
458	0.00502648	-10307.6
459	0.00502648	-9830.97
460	0.00502648	-9765.61
461	0.00502648	-10016.5
462	0.00502648	-10244.4
463	0.00502648	-10493.4
464	0.00502648	-9313.97
465	0.00502648	-10768.4
466	0.00502648	-9922.07
467	0.00502648	-10144.2
468	0.00502648	-10136
469	0.00502648	-10289
470	0.00502648	-9662.87
471	0.00502648	-9342.55
472	0.00502648	-9756.85
473	0.00502648	-9890.6
474	0.00502648	-9534.28
475	0.00502648	-9492.86
476	0.00502648	-10225.1
477	0.00502648	-9654.97
478	0.00502648	-9750.82
479	0.00502648	-10045.8
480	0.00502648	-9911.31
481	0.00502648	-9355.97
482	0.00502648	-9063.44
483	0.00502648	-9730.46
484	0.00502648	-10209.1
485	0.00502648	-9999.91
486	0.00502648	-9621.79
487	0.00502648	-10583.1
488	0.00502648	-9943.3
489	0.00502648	-9012.92
490	0.00502648	-9225.69
491	0.00502648	-10003.2
492	0.00502648	-9646.95
493	0.00502648	-9648.74
494	0.00502648	-10392.2
495	0.00502648	-10099.3
496	0.00502648	-9961.22
497	0.00502648	-9873.36
498	0.00502648	-10021.9
499	0.00502648	-10268.2
500	0.00502648	-9898.79
501	0.00502648	-9638.8
502	0.00502648	-10040.6
503	0.00502648	-10220.2
504	0.00502648	-10099.8
505	0.00502648	-9716.23
506	0.00502648	-9672.74
507	0.00502648	-9961.38
508	0.00502648	-10358.8
509	0.00502648	-9824.78
510	0.00502648	-11262.4
511	0.00502648	-9896.8
512	0.00502648	-9932.75
513	0.00502648	-9819.93
514	0.00502648	-9389.99
515	0.00502648	-9740.23
516	0.00502648	-9205.48
517	0.00502648	-10053.8
518	0.00502648	-9237.46
519	0.00502648	-9431.59
520	0.00502648	-9665.92
521	0.00502648	-9284.45
522	0.00502648	-9747.2
523	0.00502648	-8974.52
524	0.00502648	-9838.17
525	0.00502648	-9770.64
526	0.00502648	-9711.51
527	0.00502648	-9437.71
528	0.00502648	-9579.82
529	0.00502648	-10055.2
530	0.00502648	-9688.68
531	0.00502648	-9708.53
532	0.00502648	-9396.68
533	0.00502648	-9627.75
534	0.00502648	-9387.73
535	0.00502648	-9470.62
536	0.00502648	-10033.6
537	0.00502648	-10080.4
538	0.00502648	-9289.12
539	0.00502648	-9048.29
540	0.00502648	-9945.25
541	0.00502648	-9430.57
542	0.00502648	-9918.37
543	0.00502648	-9423.57
544	0.00502648	-9218.85
545	0.00502648	-9026.74
546	0.00502648	-10017.7
547	0.00502648	-10216.1
548	0.00502648	-9521.42
549	0.00502648	-9280.02
550	0.00502648	-9637.74
551	0.00502648	-10389.7
552	0.00502648	-10207.8
553	0.00502648	-9616.94
554	0.00502648	-9990.13
555	0.00502648	-9713.44
556	0.00502648	-9431.68
557	0.00502648	-9104.67
558	0.00502648	-9333.33
559	0.00502648	-9891.64
560	0.00502648	-9679.35
561	0.00502648	-10156.8
562	0.00502648	-10386.8
563	0.00502648	-10029.3
564	0.00502648	-9010.24
565	0.00502648	-9888.8
566	0.00502648	-10091.6
567	0.00502648	-9822.7
568	0.00502648	-10686.1
569	0.00502648	-10920
570	0.00502648	-9614.03
571	0.00502648	-9787.38
572	0.00502648	-8905.78
573	0.00502648	-9144.73
574	0.00502648	-9208.09
575	0.00502648	-9652.79
576	0.00502648	-9926.03
577	0.00502648	-9571.05
578	0.00502648	-9535.98
579	0.00502648	-9992.94
580	0.00502648	-9324.53
581	0.00502648	-9827.55
582	0.00502648	-9748.17
583	0.00502648	-10135.1
584	0.00502648	-9195
585	0.00502648	-9003.86
586	0.00502648	-10472.2
587	0.00502648	-10058.8
588	0.00502648	-9433.14
589	0.00502648	-10121.7
590	0.00502648	-10760.2
591	0.00502648	-9487.97
592	0.00502648	-9431.35
593	0.00502648	-10601.7
594	0.00502648	-9977.34
595	0.00502648	-9911.4
596	0.00502648	-10232.1
597	0.00502648	-10151.7
598	0.00502648	-9526.77
599	0.00502648	-9550.21
600	0.00502648	-8899.9
601	0.00502648	-9596.34
602	0.00502648	-9558.7
603	0.00502648	-9331.86
604	0.00502648	-9369.07
605	0.00502648	-9525.34
606	0.00502648	-9284.35
607	0.00502648	-10080.4
608	0.00502648	-10220
609	0.00502648	-9642.01
610	0.00502648	-9396.74
611	0.00502648	-9984.11
612	0.00502648	-10006.6
613	0.00502648	-9487.19
614	0.00502648	-9718.17
615	0.00502648	-9616.95
616	0.00502648	-10347.4
617	0.00502648	-9325.75
618	0.00502648	-9743.78
619	0.00502648	-10235.2
620	0.00502648	-10109.3
621	0.00502648	-9762.19
622	0.00502648	-10310.6
623	0.00502648	-9597.6
624	0.00502648	-9690.42
625	0.00502648	-9502.97
626	0.00502648	-9290.45
627	0.00502648	-9097.37
628	0.00502648	-9787.36
629	0.00502648	-9966.61
630	0.00502648	-9042.03
631	0.00502648	-9351.86
632	0.00502648	-10103.2
633	0.00502648	-9928.54
634	0.00502648	-10074.2
635	0.00502648	-9435.15
636	0.00502648	-9552.01
637	0.00502648	-9952.26
638	0.00502648	-10040.8
639	0.00502648	-10004.7
640	0.00502648	-10138.1
641	0.00502648	-9535.96
642	0.00502648	-10027.9
643	0.00502648	-9948.14
644	0.00502648	-9123.76
645	0.00502648	-8869.27
646	0.00502648	-9758.49
647	0.00502648	-9604.09
648	0.00502648	-9307.09
649	0.00502648	-9807.27
650	0.00502648	-9679.55
651	0.00502648	-10200.8
652	0.00502648	-10179.5
653	0.00502648	-10065.1
654	0.00502648	-9146.6
655	0.00502648	-9776.81
656	0.00502648	-9181.27
657	0.00502648	-9952.58
658	0.00502648	-9528.93
659	0.00502648	-9816.17
660	0.00502648	-10060.9
661	0.00502648	-9526
662	0.00502648	-9723.01
663	0.00502648	-9880.15
664	0.00502648	-9515.22
665	0.00502648	-10529.1
666	0.00502648	-10458.4
667	0.00502648	-9600.73
668	0.00502648	-9019.44
669	0.00502648	-9028.45
670	0.00502648	-9185.48
671	0.00502648	-9061.86
672	0.00502648	-9365.11
673	0.00502648	-9948.3
674	0.00502648	-10113.2
675	0.00502648	-10042.9
676	0.00502648	-9684.08
677	0.00502648	-10133
678	0.00502648	-9949.41
679	0.00502648	-8891.42
680	0.00502648	-9227.91
681	0.00502648	-9602.98
682	0.00502648	-9857.24
683	0.00502648	-9507.8
684	0.00502648	-10440.8
685	0.00502648	-10301.7
686	0.00502648	-9984.47
687	0.00502648	-9825.16
688	0.00502648	-10528.3
689	0.00502648	-10351.6
690	0.00502648	-9360.41
691	0.00502648	-9439.57
692	0.00502648	-9322.81
693	0.00502648	-9521.23
694	0.00502648	-9338.54
695	0.00502648	-9597.84
696	0.00502648	-9635.3
697	0.00502648	-10180.8
698	0.00502648	-9674.4
699	0.00502648	-10058.4
700	0.00502648	-9870.09
701	0.00502648	-9691.55
702	0.00502648	-9257.43
703	0.00502648	-10021.8
704	0.00502648	-9624.47
705	0.00502648	-9373.18
706	0.00502648	-9815.68
707	0.00502648	-10408.6
708	0.00502648	-10090.9
709	0.00502648	-10367.6
710	0.00502648	-10211.6
711	0.00502648	-10570.3
712	0.00502648	-9536.32
713	0.00502648	-9991.83
714	0.00502648	-9693.31
715	0.00502648	-9793.59
716	0.00502648	-9736.07
717	0.00502648	-9772.27
718	0.00502648	-9961.52
719	0.00502648	-9735.99
720	0.00502648	-10424.7
721	0.00502648	-10182.9
722	0.00502648	-9045.32
723	0.00502648	-9577.07
724	0.00502648	-9582.93
725	0.00502648	-9846.55
726	0.00502648	-9303.76
727	0.00502648	-10022.3
728	0.00502648	-9550.01
729	0.00502648	-10111.3
730	0.00502648	-10089.2
731	0.00502648	-9970.27
732	0.00502648	-9403.34
733	0.00502648	-10077.8
734	0.00502648	-10639.9
735	0.00502648	-9971.57
736	0.00502648	-9961.93
737	0.00502648	-9999.15
738	0.00502648	-9561.91
739	0.00502648	-10261.1
740	0.00502648	-9496.97
741	0.00502648	-10041.7
742	0.00502648	-9513.76
743	0.00502648	-9857.74
744	0.00502648	-9431.11
745	0.00502648	-9818.58
746	0.00502648	-9874.11
747	0.00502648	-9755.96
748	0.00502648	-10120.7
749	0.00502648	-8962.14
750	0.00502648	-9498.18
751	0.00502648	-9644.36
752	0.00502648	-10455.9
753	0.00502648	-10678.2
754	0.00502648	-9590.71
755	0.00502648	-9265.88
756	0.00502648	-9450.22
757	0.00502648	-9928.03
758	0.00502648	-10211.6
759	0.00502648	-9750.11
760	0.00502648	-10755.8
761	0.00502648	-10132.2
762	0.00502648	-10579.8
763	0.00502648	-9733.23
764	0.00502648	-9555.98
765	0.00502648	-9706.37
766	0.00502648	-10436.6
767	0.00502648	-9893.04
768	0.00502648	-10349.4
769	0.00502648	-9674.77
770	0.00502648	-10279.2
771	0.00502648	-10644.1
772	0.00502648	-10790.3
773	0.00502648	-10695.5
774	0.00502648	-9927.85
775	0.00502648	-10056
776	0.00502648	-10209.9
777	0.00502648	-9368.02
778	0.00502648	-10034.2
779	0.00502648	-9821
780	0.00502648	-9248.04
781	0.00502648	-9880.89
782	0.00502648	-10072.9
783	0.00502648	-9897.87
784	0.00502648	-10018.5
785	0.00502648	-8899.77
786	0.00502648	-9768.66
787	0.00502648	-10043.7
788	0.00502648	-10225
789	0.00502648	-9833.49
790	0.00502648	-9167.81
791	0.00502648	-9280.28
792	0.00502648	-9850.21
793	0.00502648	-10449.8
794	0.00502648	-9477.71
795	0.00502648	-9641.05
796	0.00502648	-10092.5
797	0.00502648	-10262.1
798	0.00502648	-9963.55
799	0.00502648	-10742.6
800	0.00502648	-10677.8
801	0.00502648	-9875.22
802	0.00502648	-9691.57
803	0.00502648	-9864.67
804	0.00502648	-9908.35
805	0.00502648	-10281.6
806	0.00502648	-9567.17
807	0.00502648	-10715.9
808	0.00502648	-10162.7
809	0.00502648	-10415
810	0.00502648	-10620.5
811	0.00502648	-9947.47
812	0.00502648	-9627.92
813	0.00502648	-9320.06
814	0.00502648	-9695.21
815	0.00502648	-10501.4
816	0.00502648	-9849.4
817	0.00502648	-9791.35
818	0.00502648	-9839.66
819	0.00502648	-9750.72
820	0.00502648	-9332.26
821	0.00502648	-9963.89
822	0.00502648	-9874.28
823	0.00502648	-9817.35
824	0.00502648	-10235.1
825	0.00502648	-10099.2
826	0.00502648	-10065
827	0.00502648	-10003.9
828	0.00502648	-9957.18
829	0.00502648	-10995.7
830	0.00502648	-10797
831	0.00502648	-10688.4
832	0.00502648	-9685.94
833	0.00502648	-9396.14
834	0.00502648	-9733.16
835	0.00502648	-9335.84
836	0.00502648	-9508.22
837	0.00502648	-9581.99
838	0.00502648	-9509.73
839	0.00502648	-9708.74
840	0.00502648	-9801.83
841	0.00502648	-9322.33
842	0.00502648	-9820.87
843	0.00502648	-9628.47
844	0.00502648	-9478.34
845	0.00502648	-9689.83
846	0.00502648	-9944.01
847	0.00502648	-10123
848	0.00502648	-9925.27
849	0.00502648	-10151
850	0.00502648	-9713.25
851	0.00502648	-9884.31
852	0.00502648	-9863.71
853	0.00502648	-10297.8
854	0.00502648	-9876.85
855	0.00502648	-9765.35
856	0.00502648	-10303
857	0.00502648	-10065.6
858	0.00502648	-10406.2
859	0.00502648	-10012.1
860	0.00502648	-10209.8
861	0.00502648	-10058.3
862	0.00502648	-9540.4
863	0.00502648	-9294.42
864	0.00502648	-9141.12
865	0.00502648	-9642.45
866	0.00502648	-10952.3
867	0.00502648	-10946.5
868	0.00502648	-10020.2
869	0.00502648	-10117.9
870	0.00502648	-9617.8
871	0.00502648	-9750.62
872	0.00502648	-9591.54
873	0.00502648	-9599.63
874	0.00502648	-10223
875	0.00502648	-9566.85
876	0.00502648	-9831.57
877	0.00502648	-8981.54
878	0.00502648	-9519.71
879	0.00502648	-9203.96
880	0.00502648	-10297.1
881	0.00502648	-9317.16
882	0.00502648	-10475.1
883	0.00502648	-9460.9
884	0.00502648	-10014.5
885	0.00502648	-9353.62
886	0.00502648	-9494.46
887	0.00502648	-11098.7
888	0.00502648	-10136.5
889	0.00502648	-10261.2
890	0.00502648	-9623.95
891	0.00502648	-9610.27
892	0.00502648	-9853.9
893	0.00502648	-10282.3
894	0.00502648	-10503.3
895	0.00502648	-9834.73
896	0.00502648	-9947.04
897	0.00502648	-9683.53
898	0.00502648	-9790.62
899	0.00502648	-9809.92
900	0.00502648	-9905.52
901	0.00502648	-9624.81
902	0.00502648	-9171.77
903	0.00502648	-10002.2
904	0.00502648	-10564.2
905	0.00502648	-9783.31
906	0.00502648	-10165.3
907	0.00502648	-9303.8
908	0.00502648	-9006.98
909	0.00502648	-9507.29
910	0.00502648	-9540.56
911	0.00502648	-9911.47
912	0.00502648	-9740.82
913	0.00502648	-9970.23
914	0.00502648	-10493
915	0.00502648	-10099.7
916	0.00502648	-9911.37
917	0.00502648	-9722.58
918	0.00502648	-9132.92
919	0.00502648	-10128.3
920	0.00502648	-9694.75
921	0.00502648	-9591.23
922	0.00502648	-10131.4
923	0.00502648	-10374.1
924	0.00502648	-9155.07
925	0.00502648	-9793.37
926	0.00502648	-9789.99
927	0.00502648	-9459.85
928	0.00502648	-9653.92
929	0.00502648	-9528.29
930	0.00502648	-9039.73
931	0.00502648	-9285.38
932	0.00502648	-10038.9
933	0.00502648	-10151.9
934	0.00502648	-9982.24
935	0.00502648	-9448.8
936	0.00502648	-10077.7
937	0.00502648	-10310.3
938	0.00502648	-9884.14
939	0.00502648	-9823.85
940	0.00502648	-9868.87
941	0.00502648	-10544.8
942	0.00502648	-10113.7
943	0.00502648	-10569.2
944	0.00502648	-10160.6
945	0.00502648	-9922.68
946	0.00502648	-9640.33
947	0.00502648	-9973.02
948	0.00502648	-10449.3
949	0.00502648	-10828
950	0.00502648	-10465.4
951	0.00502648	-10456.3
952	0.00502648	-9302.52
953	0.00502648	-9829.63
954	0.00502648	-9981.15
955	0.00502648	-10317.8
956	0.00502648	-10159.8
957	0.00502648	-11185.4
958	0.00502648	-10661.2
959	0.00502648	-11040.8
960	0.00502648	-9563.21
961	0.00502648	-9994.14
962	0.00502648	-9811.02
963	0.00502648	-9754
964	0.00502648	-9382.37
965	0.00502648	-9539.6
966	0.00502648	-9279.91
967	0.00502648	-9180.58
968	0.00502648	-9473.61
969	0.00502648	-9916.17
970	0.00502648	-10177.9
971	0.00502648	-9641.83
972	0.00502648	-9399.54
973	0.00502648	-10272.4
974	0.00502648	-10559.8
975	0.00502648	-10092.3
976	0.00502648	-10727.3
977	0.00502648	-10161.1
978	0.00502648	-9909.77
979	0.00502648	-10372.2
980	0.00502648	-9513.43
981	0.00502648	-9131.89
982	0.00502648	-9236.65
983	0.00502648	-9477.58
984	0.00502648	-10050.8
985	0.00502648	-9629.43
986	0.00502648	-9728.91
987	0.00502648	-10004.2
988	0.00502648	-9518.32
989	0.00502648	-9686.74
990	0.00502648	-9620.88
991	0.00502648	-10320.6
992	0.00502648	-9906.57
993	0.00502648	-10186.3
994	0.00502648	-9197.78
995	0.00502648	-9983.76
996	0.00502648	-9600.27
997	0.00502648	-9482.27
998	0.00502648	-9974.98
999	0.00502648	-10542.7
1000	0.00502648	-9819.31
