state	power	likelihood
251	0.0182445	-8829.51
252	0.0182445	-8543.32
253	0.0182445	-8906.86
254	0.0182445	-8719.17
255	0.0182445	-8882.61
256	0.0182445	-8708.19
257	0.0182445	-8698.37
258	0.0182445	-8682.89
259	0.0182445	-8670.77
260	0.0182445	-8600.18
261	0.0182445	-8524.73
262	0.0182445	-8664
263	0.0182445	-8865.02
264	0.0182445	-8644.77
265	0.0182445	-8825.05
266	0.0182445	-8914.15
267	0.0182445	-8638.33
268	0.0182445	-8697.65
269	0.0182445	-8714.24
270	0.0182445	-8662.04
271	0.0182445	-8907.3
272	0.0182445	-8827.63
273	0.0182445	-8884.12
274	0.0182445	-8878.21
275	0.0182445	-8668.02
276	0.0182445	-8645.91
277	0.0182445	-8642.99
278	0.0182445	-8870.99
279	0.0182445	-8943.96
280	0.0182445	-8899.52
281	0.0182445	-8755.91
282	0.0182445	-8626.11
283	0.0182445	-8710.11
284	0.0182445	-8537.44
285	0.0182445	-8730
286	0.0182445	-8861.85
287	0.0182445	-8911.46
288	0.0182445	-8788.15
289	0.0182445	-8770.58
290	0.0182445	-8982.99
291	0.0182445	-8629.31
292	0.0182445	-8534.15
293	0.0182445	-8811.43
294	0.0182445	-8954.89
295	0.0182445	-8953.88
296	0.0182445	-8771.47
297	0.0182445	-8918.89
298	0.0182445	-8866.97
299	0.0182445	-8799.51
300	0.0182445	-8775.87
301	0.0182445	-8765.96
302	0.0182445	-8997.31
303	0.0182445	-8794.31
304	0.0182445	-8778.05
305	0.0182445	-9014.29
306	0.0182445	-8948.89
307	0.0182445	-8726.93
308	0.0182445	-8966.36
309	0.0182445	-9032.16
310	0.0182445	-8814.37
311	0.0182445	-8879.66
312	0.0182445	-8784.05
313	0.0182445	-8824.75
314	0.0182445	-8808.17
315	0.0182445	-8778.46
316	0.0182445	-8803.94
317	0.0182445	-8702.39
318	0.0182445	-9003.72
319	0.0182445	-9128.73
320	0.0182445	-9235.63
321	0.0182445	-9109.13
322	0.0182445	-9175.36
323	0.0182445	-9099.4
324	0.0182445	-8796.83
325	0.0182445	-8801.24
326	0.0182445	-8715.34
327	0.0182445	-8887.43
328	0.0182445	-8941.83
329	0.0182445	-8919.49
330	0.0182445	-8879.08
331	0.0182445	-8789.66
332	0.0182445	-9064.89
333	0.0182445	-8910.59
334	0.0182445	-9026.9
335	0.0182445	-8833.58
336	0.0182445	-8793.94
337	0.0182445	-8807.27
338	0.0182445	-8882.05
339	0.0182445	-8943.68
340	0.0182445	-9403.16
341	0.0182445	-9020.88
342	0.0182445	-8989.77
343	0.0182445	-8701.18
344	0.0182445	-8768.78
345	0.0182445	-8681.47
346	0.0182445	-8798.02
347	0.0182445	-8633.81
348	0.0182445	-8772.93
349	0.0182445	-8787.46
350	0.0182445	-8814.09
351	0.0182445	-9090.42
352	0.0182445	-8496.62
353	0.0182445	-8871.72
354	0.0182445	-8947.55
355	0.0182445	-8922.59
356	0.0182445	-8663.28
357	0.0182445	-8676.25
358	0.0182445	-8940.14
359	0.0182445	-8908.96
360	0.0182445	-8676.04
361	0.0182445	-8759.85
362	0.0182445	-8692.79
363	0.0182445	-8859.38
364	0.0182445	-8829.71
365	0.0182445	-8965.62
366	0.0182445	-8923.94
367	0.0182445	-9094.8
368	0.0182445	-9202.26
369	0.0182445	-8998.36
370	0.0182445	-9158.7
371	0.0182445	-9198.01
372	0.0182445	-8814.72
373	0.0182445	-8756.36
374	0.0182445	-8811.46
375	0.0182445	-8890.51
376	0.0182445	-8805.06
377	0.0182445	-8825.12
378	0.0182445	-8749.11
379	0.0182445	-8868.55
380	0.0182445	-8880.46
381	0.0182445	-8996.14
382	0.0182445	-8993.77
383	0.0182445	-8838.17
384	0.0182445	-8909.58
385	0.0182445	-8633.48
386	0.0182445	-8766.65
387	0.0182445	-8716.92
388	0.0182445	-8562.44
389	0.0182445	-8662.68
390	0.0182445	-8716.2
391	0.0182445	-8870.69
392	0.0182445	-8811.72
393	0.0182445	-8910.01
394	0.0182445	-8661.88
395	0.0182445	-8594.62
396	0.0182445	-8870.09
397	0.0182445	-9040.7
398	0.0182445	-9094.35
399	0.0182445	-9076.42
400	0.0182445	-9044.52
401	0.0182445	-8958.79
402	0.0182445	-8631.34
403	0.0182445	-8550.5
404	0.0182445	-8538.47
405	0.0182445	-8751.89
406	0.0182445	-8920.57
407	0.0182445	-8821.17
408	0.0182445	-8774.91
409	0.0182445	-8625
410	0.0182445	-8908.73
411	0.0182445	-8968.58
412	0.0182445	-8972.24
413	0.0182445	-8993.58
414	0.0182445	-9045.27
415	0.0182445	-8986.37
416	0.0182445	-8943.38
417	0.0182445	-9042.51
418	0.0182445	-8844.66
419	0.0182445	-8665.3
420	0.0182445	-8808.54
421	0.0182445	-8878.35
422	0.0182445	-8728.87
423	0.0182445	-8894.87
424	0.0182445	-8728.17
425	0.0182445	-8927.88
426	0.0182445	-8933.94
427	0.0182445	-8837.5
428	0.0182445	-8815.93
429	0.0182445	-8716.65
430	0.0182445	-8753.05
431	0.0182445	-8749.39
432	0.0182445	-8986.63
433	0.0182445	-8737.1
434	0.0182445	-8949.12
435	0.0182445	-8808.63
436	0.0182445	-9176.58
437	0.0182445	-8888.06
438	0.0182445	-8785.01
439	0.0182445	-8753.26
440	0.0182445	-8880.03
441	0.0182445	-8625.3
442	0.0182445	-8696.39
443	0.0182445	-8638.68
444	0.0182445	-8616.68
445	0.0182445	-8910.63
446	0.0182445	-9024.89
447	0.0182445	-8786.78
448	0.0182445	-8851.74
449	0.0182445	-8689.55
450	0.0182445	-8833.8
451	0.0182445	-8694.99
452	0.0182445	-8836.69
453	0.0182445	-8877.48
454	0.0182445	-8961.33
455	0.0182445	-8719.18
456	0.0182445	-8728.98
457	0.0182445	-8698.67
458	0.0182445	-8632.49
459	0.0182445	-8713.12
460	0.0182445	-8593.02
461	0.0182445	-8605.79
462	0.0182445	-8776.12
463	0.0182445	-8699.67
464	0.0182445	-8721.72
465	0.0182445	-9003.91
466	0.0182445	-8872.95
467	0.0182445	-8725.01
468	0.0182445	-8733.17
469	0.0182445	-8783.76
470	0.0182445	-8666.07
471	0.0182445	-8861.97
472	0.0182445	-8800.31
473	0.0182445	-8931.55
474	0.0182445	-9003.98
475	0.0182445	-8945.47
476	0.0182445	-8891.75
477	0.0182445	-8621.94
478	0.0182445	-8759.4
479	0.0182445	-8589.86
480	0.0182445	-8700
481	0.0182445	-8769.88
482	0.0182445	-8866.31
483	0.0182445	-8956.85
484	0.0182445	-8622.9
485	0.0182445	-8827.25
486	0.0182445	-8741.66
487	0.0182445	-8817.75
488	0.0182445	-8999.94
489	0.0182445	-8806.71
490	0.0182445	-8774.47
491	0.0182445	-8776.68
492	0.0182445	-8873.79
493	0.0182445	-9022.57
494	0.0182445	-8738.54
495	0.0182445	-8848.59
496	0.0182445	-9020.77
497	0.0182445	-8827.48
498	0.0182445	-8957.33
499	0.0182445	-8949.6
500	0.0182445	-8699.76
501	0.0182445	-8689.49
502	0.0182445	-8969.46
503	0.0182445	-9173.26
504	0.0182445	-8703.38
505	0.0182445	-9031.01
506	0.0182445	-8823.71
507	0.0182445	-9007.14
508	0.0182445	-8952.85
509	0.0182445	-9042.69
510	0.0182445	-8757.41
511	0.0182445	-8942.72
512	0.0182445	-9039.15
513	0.0182445	-8836.18
514	0.0182445	-9036.87
515	0.0182445	-8816.51
516	0.0182445	-8884.55
517	0.0182445	-8642.37
518	0.0182445	-8728.47
519	0.0182445	-8764.76
520	0.0182445	-8854.2
521	0.0182445	-8712.47
522	0.0182445	-8898.81
523	0.0182445	-8729.79
524	0.0182445	-8755.86
525	0.0182445	-8651.42
526	0.0182445	-8755.41
527	0.0182445	-8705.55
528	0.0182445	-8962.85
529	0.0182445	-8947.35
530	0.0182445	-9011.53
531	0.0182445	-8886.24
532	0.0182445	-8978.22
533	0.0182445	-8723.7
534	0.0182445	-8799.63
535	0.0182445	-8710.46
536	0.0182445	-8765.34
537	0.0182445	-8651.84
538	0.0182445	-8758.31
539	0.0182445	-8996.89
540	0.0182445	-8701.6
541	0.0182445	-8812.7
542	0.0182445	-8786.05
543	0.0182445	-8728.67
544	0.0182445	-8809.59
545	0.0182445	-8823.5
546	0.0182445	-8790.77
547	0.0182445	-8719.44
548	0.0182445	-8916.39
549	0.0182445	-8833.11
550	0.0182445	-8825.69
551	0.0182445	-9054.58
552	0.0182445	-9314.92
553	0.0182445	-8937.74
554	0.0182445	-8579.06
555	0.0182445	-8764.54
556	0.0182445	-8806.86
557	0.0182445	-8703.51
558	0.0182445	-8523.24
559	0.0182445	-8642.62
560	0.0182445	-8830.41
561	0.0182445	-8998.18
562	0.0182445	-8877.55
563	0.0182445	-8799.35
564	0.0182445	-8920.09
565	0.0182445	-8849.76
566	0.0182445	-8752.77
567	0.0182445	-8621.8
568	0.0182445	-8831.85
569	0.0182445	-8863.96
570	0.0182445	-8736.85
571	0.0182445	-8816.96
572	0.0182445	-8947.66
573	0.0182445	-8560.22
574	0.0182445	-9159.51
575	0.0182445	-8609.31
576	0.0182445	-9051.07
577	0.0182445	-8943.34
578	0.0182445	-8921.19
579	0.0182445	-8921.39
580	0.0182445	-8775.5
581	0.0182445	-8916.98
582	0.0182445	-8748.31
583	0.0182445	-8691.61
584	0.0182445	-8684.75
585	0.0182445	-8685.17
586	0.0182445	-8739.09
587	0.0182445	-8752.19
588	0.0182445	-8641.1
589	0.0182445	-8880.44
590	0.0182445	-8832.5
591	0.0182445	-8972.64
592	0.0182445	-8989.83
593	0.0182445	-8666.83
594	0.0182445	-8630.39
595	0.0182445	-9001.28
596	0.0182445	-8685.9
597	0.0182445	-8965.66
598	0.0182445	-9174.41
599	0.0182445	-9263.34
600	0.0182445	-8888.42
601	0.0182445	-8819.04
602	0.0182445	-8671.86
603	0.0182445	-8779.45
604	0.0182445	-9176.15
605	0.0182445	-9091.07
606	0.0182445	-9216.08
607	0.0182445	-8945.56
608	0.0182445	-9088.46
609	0.0182445	-8833.02
610	0.0182445	-8971.43
611	0.0182445	-8894.32
612	0.0182445	-8945.35
613	0.0182445	-8687.93
614	0.0182445	-8956.45
615	0.0182445	-8807.14
616	0.0182445	-9188.67
617	0.0182445	-9330.18
618	0.0182445	-9231.72
619	0.0182445	-9224.82
620	0.0182445	-8813.43
621	0.0182445	-8948.4
622	0.0182445	-8855.45
623	0.0182445	-8888.1
624	0.0182445	-9109.78
625	0.0182445	-9008.28
626	0.0182445	-9086.64
627	0.0182445	-8919.03
628	0.0182445	-9119.71
629	0.0182445	-8827.2
630	0.0182445	-8855.76
631	0.0182445	-8785.74
632	0.0182445	-8807.46
633	0.0182445	-8779.5
634	0.0182445	-9324.4
635	0.0182445	-9038.05
636	0.0182445	-8794.73
637	0.0182445	-8608.43
638	0.0182445	-8611.81
639	0.0182445	-8654.83
640	0.0182445	-8780.82
641	0.0182445	-8661.02
642	0.0182445	-8838.58
643	0.0182445	-8735.24
644	0.0182445	-8860.59
645	0.0182445	-8932.88
646	0.0182445	-8742.44
647	0.0182445	-8905.47
648	0.0182445	-8809.02
649	0.0182445	-9012.59
650	0.0182445	-9026.73
651	0.0182445	-9002.89
652	0.0182445	-8754.13
653	0.0182445	-8838.5
654	0.0182445	-8832.2
655	0.0182445	-8779.18
656	0.0182445	-8803.09
657	0.0182445	-8920.94
658	0.0182445	-8854.35
659	0.0182445	-8789.45
660	0.0182445	-8738.76
661	0.0182445	-8732.21
662	0.0182445	-9203.91
663	0.0182445	-9014.03
664	0.0182445	-8939.06
665	0.0182445	-8829.4
666	0.0182445	-8770.14
667	0.0182445	-8798.3
668	0.0182445	-8720.8
669	0.0182445	-8892.56
670	0.0182445	-8867.21
671	0.0182445	-8892.52
672	0.0182445	-8964.48
673	0.0182445	-8913.33
674	0.0182445	-8915.13
675	0.0182445	-8912.77
676	0.0182445	-8739.43
677	0.0182445	-9024.01
678	0.0182445	-9193.6
679	0.0182445	-8820.66
680	0.0182445	-8588.73
681	0.0182445	-8797.86
682	0.0182445	-8735.31
683	0.0182445	-8958.29
684	0.0182445	-8937.16
685	0.0182445	-8834.79
686	0.0182445	-8862.85
687	0.0182445	-8816.54
688	0.0182445	-8805.23
689	0.0182445	-8884.28
690	0.0182445	-8881.59
691	0.0182445	-9053
692	0.0182445	-8876.97
693	0.0182445	-8844.47
694	0.0182445	-9099.96
695	0.0182445	-8601.66
696	0.0182445	-8916.84
697	0.0182445	-8856.07
698	0.0182445	-8731.54
699	0.0182445	-8601.62
700	0.0182445	-8667.43
701	0.0182445	-8893.42
702	0.0182445	-9062.16
703	0.0182445	-8998.51
704	0.0182445	-9096.21
705	0.0182445	-8886.38
706	0.0182445	-8975.93
707	0.0182445	-8830.67
708	0.0182445	-8842.2
709	0.0182445	-8611.43
710	0.0182445	-8845.23
711	0.0182445	-8791.77
712	0.0182445	-8923.49
713	0.0182445	-9019.65
714	0.0182445	-9049.72
715	0.0182445	-9030.97
716	0.0182445	-9041.53
717	0.0182445	-9069.11
718	0.0182445	-9004.14
719	0.0182445	-8937.67
720	0.0182445	-9039.11
721	0.0182445	-8990.86
722	0.0182445	-9235.24
723	0.0182445	-8937.59
724	0.0182445	-8931.91
725	0.0182445	-9104.15
726	0.0182445	-8933.24
727	0.0182445	-8907.83
728	0.0182445	-8922.63
729	0.0182445	-8633.73
730	0.0182445	-8602.9
731	0.0182445	-9233.55
732	0.0182445	-9106.71
733	0.0182445	-8786.15
734	0.0182445	-8691.01
735	0.0182445	-8415.53
736	0.0182445	-8749.88
737	0.0182445	-8708.95
738	0.0182445	-8813.64
739	0.0182445	-8730.58
740	0.0182445	-8709.99
741	0.0182445	-8787.15
742	0.0182445	-8991.35
743	0.0182445	-8706.57
744	0.0182445	-8871.86
745	0.0182445	-8707.58
746	0.0182445	-8778.68
747	0.0182445	-9004.18
748	0.0182445	-9152
749	0.0182445	-8881.11
750	0.0182445	-8529.66
751	0.0182445	-8930.14
752	0.0182445	-8626.56
753	0.0182445	-8734.06
754	0.0182445	-8916.74
755	0.0182445	-8710.13
756	0.0182445	-8970.1
757	0.0182445	-8784.91
758	0.0182445	-8981.45
759	0.0182445	-8704.88
760	0.0182445	-8908.18
761	0.0182445	-8880.97
762	0.0182445	-8806.86
763	0.0182445	-8656.34
764	0.0182445	-8861.69
765	0.0182445	-8724.33
766	0.0182445	-8777.33
767	0.0182445	-9013.31
768	0.0182445	-8846.58
769	0.0182445	-8873.54
770	0.0182445	-8642.32
771	0.0182445	-8648.46
772	0.0182445	-8816.18
773	0.0182445	-8746.04
774	0.0182445	-8723.27
775	0.0182445	-8866.59
776	0.0182445	-8891.77
777	0.0182445	-8846.21
778	0.0182445	-8719.6
779	0.0182445	-8745.52
780	0.0182445	-8859.84
781	0.0182445	-8726
782	0.0182445	-8974
783	0.0182445	-8836.23
784	0.0182445	-8676.75
785	0.0182445	-8896.44
786	0.0182445	-8854.69
787	0.0182445	-8738.56
788	0.0182445	-8850.54
789	0.0182445	-8790.68
790	0.0182445	-8851.4
791	0.0182445	-8859.44
792	0.0182445	-8553.34
793	0.0182445	-8775.49
794	0.0182445	-8854.37
795	0.0182445	-8781.43
796	0.0182445	-8779.35
797	0.0182445	-9037.39
798	0.0182445	-8911.07
799	0.0182445	-8973.51
800	0.0182445	-8934.1
801	0.0182445	-8819.34
802	0.0182445	-8793.03
803	0.0182445	-8756.55
804	0.0182445	-8886.03
805	0.0182445	-8745.77
806	0.0182445	-8758.21
807	0.0182445	-8702
808	0.0182445	-8732.8
809	0.0182445	-8818.65
810	0.0182445	-8777.95
811	0.0182445	-9272.74
812	0.0182445	-8782.42
813	0.0182445	-8738.46
814	0.0182445	-8795.73
815	0.0182445	-9219.05
816	0.0182445	-8938.33
817	0.0182445	-9068.53
818	0.0182445	-8958.83
819	0.0182445	-9223.59
820	0.0182445	-8858.46
821	0.0182445	-9011.01
822	0.0182445	-8875.4
823	0.0182445	-8844.28
824	0.0182445	-9062.3
825	0.0182445	-8636.04
826	0.0182445	-8814.94
827	0.0182445	-8880.35
828	0.0182445	-8884.3
829	0.0182445	-8893.65
830	0.0182445	-9091.93
831	0.0182445	-9380.02
832	0.0182445	-8992.47
833	0.0182445	-8803.09
834	0.0182445	-8764.69
835	0.0182445	-8918.55
836	0.0182445	-8794.24
837	0.0182445	-8532.19
838	0.0182445	-8724.03
839	0.0182445	-9036.86
840	0.0182445	-8786.14
841	0.0182445	-8890.28
842	0.0182445	-8724.84
843	0.0182445	-9122.74
844	0.0182445	-8800.23
845	0.0182445	-8940.66
846	0.0182445	-8911.79
847	0.0182445	-8640.86
848	0.0182445	-8798.88
849	0.0182445	-8836.59
850	0.0182445	-8818.22
851	0.0182445	-8712.29
852	0.0182445	-8762.87
853	0.0182445	-8705.7
854	0.0182445	-8703.33
855	0.0182445	-8662.79
856	0.0182445	-9020.68
857	0.0182445	-9032.98
858	0.0182445	-9006.43
859	0.0182445	-8941.86
860	0.0182445	-9006.89
861	0.0182445	-8745.58
862	0.0182445	-8895.8
863	0.0182445	-9138.91
864	0.0182445	-9041.81
865	0.0182445	-8919.33
866	0.0182445	-9113.19
867	0.0182445	-9134.92
868	0.0182445	-8931.41
869	0.0182445	-8970.26
870	0.0182445	-8753.75
871	0.0182445	-8778.14
872	0.0182445	-8729.76
873	0.0182445	-8921.49
874	0.0182445	-9077.36
875	0.0182445	-9062.97
876	0.0182445	-8853.06
877	0.0182445	-9150.3
878	0.0182445	-9093.71
879	0.0182445	-9150.52
880	0.0182445	-9214.77
881	0.0182445	-9305.72
882	0.0182445	-9309.99
883	0.0182445	-9077.3
884	0.0182445	-9176.6
885	0.0182445	-9012.56
886	0.0182445	-8949.41
887	0.0182445	-9012.19
888	0.0182445	-9023.94
889	0.0182445	-8753.48
890	0.0182445	-8747.75
891	0.0182445	-8894.84
892	0.0182445	-8981.99
893	0.0182445	-8783.93
894	0.0182445	-8781.45
895	0.0182445	-8897.5
896	0.0182445	-8849.5
897	0.0182445	-8812.93
898	0.0182445	-8702.97
899	0.0182445	-8762.9
900	0.0182445	-8686.46
901	0.0182445	-8792.59
902	0.0182445	-8808.69
903	0.0182445	-8950.1
904	0.0182445	-8894.17
905	0.0182445	-8827.23
906	0.0182445	-8970.85
907	0.0182445	-9051.57
908	0.0182445	-9161.7
909	0.0182445	-8913.98
910	0.0182445	-8916.86
911	0.0182445	-8874.3
912	0.0182445	-8743.31
913	0.0182445	-8871.58
914	0.0182445	-8858.06
915	0.0182445	-8874.77
916	0.0182445	-8813.67
917	0.0182445	-8837.07
918	0.0182445	-8819.57
919	0.0182445	-9055.03
920	0.0182445	-8981.97
921	0.0182445	-9076.66
922	0.0182445	-8914.65
923	0.0182445	-8731.93
924	0.0182445	-8976.41
925	0.0182445	-8705.08
926	0.0182445	-8819.65
927	0.0182445	-8668.97
928	0.0182445	-8694.35
929	0.0182445	-8573.43
930	0.0182445	-8631.74
931	0.0182445	-8621.78
932	0.0182445	-8745.37
933	0.0182445	-8718.11
934	0.0182445	-8664.91
935	0.0182445	-8576.87
936	0.0182445	-8660.8
937	0.0182445	-9002.43
938	0.0182445	-8718.74
939	0.0182445	-8768.85
940	0.0182445	-8716.37
941	0.0182445	-8829.66
942	0.0182445	-9018.54
943	0.0182445	-9373.22
944	0.0182445	-9193.15
945	0.0182445	-9443.26
946	0.0182445	-9361.16
947	0.0182445	-8885.24
948	0.0182445	-8840.76
949	0.0182445	-8756.13
950	0.0182445	-9056.45
951	0.0182445	-9003.09
952	0.0182445	-9009.64
953	0.0182445	-8613.72
954	0.0182445	-9143.24
955	0.0182445	-8947.78
956	0.0182445	-9041.32
957	0.0182445	-9097.94
958	0.0182445	-8808.26
959	0.0182445	-8852.25
960	0.0182445	-8942.73
961	0.0182445	-8889.72
962	0.0182445	-8848.39
963	0.0182445	-8871.6
964	0.0182445	-8556.37
965	0.0182445	-8687.62
966	0.0182445	-8662.78
967	0.0182445	-8659.24
968	0.0182445	-8971.56
969	0.0182445	-9040.48
970	0.0182445	-8782.01
971	0.0182445	-8917.75
972	0.0182445	-9102.8
973	0.0182445	-8888.09
974	0.0182445	-8639.46
975	0.0182445	-8842.21
976	0.0182445	-8741.69
977	0.0182445	-8729.97
978	0.0182445	-8798.51
979	0.0182445	-8749.5
980	0.0182445	-8993.15
981	0.0182445	-8825.94
982	0.0182445	-8775.25
983	0.0182445	-8911.49
984	0.0182445	-9141.08
985	0.0182445	-8659.26
986	0.0182445	-8603.22
987	0.0182445	-8739.03
988	0.0182445	-8932.83
989	0.0182445	-9059.05
990	0.0182445	-8847.1
991	0.0182445	-8923.6
992	0.0182445	-8796.13
993	0.0182445	-8935.98
994	0.0182445	-9000.86
995	0.0182445	-9122.72
996	0.0182445	-9113.87
997	0.0182445	-9012.53
998	0.0182445	-9095.76
999	0.0182445	-8837.7
1000	0.0182445	-8862.11
