state	power	likelihood
251	0.319406	-8223.14
252	0.319406	-8221.26
253	0.319406	-8228.37
254	0.319406	-8214.2
255	0.319406	-8226.12
256	0.319406	-8251.06
257	0.319406	-8243.13
258	0.319406	-8237.97
259	0.319406	-8244.61
260	0.319406	-8236.91
261	0.319406	-8223.27
262	0.319406	-8217.12
263	0.319406	-8221.69
264	0.319406	-8219.89
265	0.319406	-8200.06
266	0.319406	-8211.71
267	0.319406	-8201.91
268	0.319406	-8210.81
269	0.319406	-8228.72
270	0.319406	-8236.99
271	0.319406	-8214.32
272	0.319406	-8221.99
273	0.319406	-8216.82
274	0.319406	-8233.89
275	0.319406	-8203.88
276	0.319406	-8202
277	0.319406	-8218.71
278	0.319406	-8202.21
279	0.319406	-8216.31
280	0.319406	-8210.67
281	0.319406	-8217.76
282	0.319406	-8244.15
283	0.319406	-8215.79
284	0.319406	-8236.72
285	0.319406	-8219.02
286	0.319406	-8226.13
287	0.319406	-8213.3
288	0.319406	-8229.02
289	0.319406	-8228.11
290	0.319406	-8235.16
291	0.319406	-8213
292	0.319406	-8211.91
293	0.319406	-8231.52
294	0.319406	-8243.81
295	0.319406	-8213.14
296	0.319406	-8210.98
297	0.319406	-8215.6
298	0.319406	-8230.95
299	0.319406	-8236.2
300	0.319406	-8223.42
301	0.319406	-8212.13
302	0.319406	-8229.29
303	0.319406	-8213.54
304	0.319406	-8214.1
305	0.319406	-8222.54
306	0.319406	-8232.79
307	0.319406	-8217.27
308	0.319406	-8207.44
309	0.319406	-8232.67
310	0.319406	-8218.89
311	0.319406	-8228.26
312	0.319406	-8226.68
313	0.319406	-8226.3
314	0.319406	-8216.38
315	0.319406	-8221.58
316	0.319406	-8213.85
317	0.319406	-8207.17
318	0.319406	-8200.01
319	0.319406	-8226.96
320	0.319406	-8225.95
321	0.319406	-8220.79
322	0.319406	-8201.69
323	0.319406	-8204.99
324	0.319406	-8209.39
325	0.319406	-8211.63
326	0.319406	-8214.24
327	0.319406	-8209.93
328	0.319406	-8207.6
329	0.319406	-8211
330	0.319406	-8217.81
331	0.319406	-8209.02
332	0.319406	-8220.52
333	0.319406	-8224.09
334	0.319406	-8224.28
335	0.319406	-8209.85
336	0.319406	-8216.07
337	0.319406	-8216.77
338	0.319406	-8220.6
339	0.319406	-8237.37
340	0.319406	-8221.51
341	0.319406	-8225.86
342	0.319406	-8210.93
343	0.319406	-8217.65
344	0.319406	-8219.83
345	0.319406	-8220.13
346	0.319406	-8217.7
347	0.319406	-8212.51
348	0.319406	-8235.16
349	0.319406	-8240.21
350	0.319406	-8219.17
351	0.319406	-8217.51
352	0.319406	-8223.03
353	0.319406	-8226.39
354	0.319406	-8225.89
355	0.319406	-8230.88
356	0.319406	-8228.8
357	0.319406	-8223.38
358	0.319406	-8230.42
359	0.319406	-8246.77
360	0.319406	-8228.98
361	0.319406	-8203.74
362	0.319406	-8205.65
363	0.319406	-8217.41
364	0.319406	-8202.73
365	0.319406	-8208.09
366	0.319406	-8207.04
367	0.319406	-8233.92
368	0.319406	-8237.11
369	0.319406	-8210.33
370	0.319406	-8200.46
371	0.319406	-8202.39
372	0.319406	-8212.74
373	0.319406	-8226.59
374	0.319406	-8229.04
375	0.319406	-8235.43
376	0.319406	-8270.46
377	0.319406	-8245.17
378	0.319406	-8248.27
379	0.319406	-8243.97
380	0.319406	-8247.91
381	0.319406	-8237.96
382	0.319406	-8235.06
383	0.319406	-8224.22
384	0.319406	-8227.25
385	0.319406	-8228.58
386	0.319406	-8217.34
387	0.319406	-8231.54
388	0.319406	-8233.05
389	0.319406	-8214.1
390	0.319406	-8214.93
391	0.319406	-8222.3
392	0.319406	-8226.83
393	0.319406	-8208.82
394	0.319406	-8228.98
395	0.319406	-8236.26
396	0.319406	-8208.73
397	0.319406	-8215.83
398	0.319406	-8225.67
399	0.319406	-8226.58
400	0.319406	-8255.67
401	0.319406	-8239.17
402	0.319406	-8225.15
403	0.319406	-8221.08
404	0.319406	-8216.71
405	0.319406	-8225.6
406	0.319406	-8224.03
407	0.319406	-8241.56
408	0.319406	-8230.13
409	0.319406	-8228.07
410	0.319406	-8224.24
411	0.319406	-8227.04
412	0.319406	-8211.88
413	0.319406	-8203.79
414	0.319406	-8194.8
415	0.319406	-8202.78
416	0.319406	-8193.56
417	0.319406	-8195.5
418	0.319406	-8197.79
419	0.319406	-8217.82
420	0.319406	-8221.78
421	0.319406	-8211.84
422	0.319406	-8221.77
423	0.319406	-8241.56
424	0.319406	-8234.26
425	0.319406	-8249.97
426	0.319406	-8230.3
427	0.319406	-8215.26
428	0.319406	-8228.58
429	0.319406	-8239.35
430	0.319406	-8219.76
431	0.319406	-8210.61
432	0.319406	-8219.98
433	0.319406	-8215.86
434	0.319406	-8205.1
435	0.319406	-8213.7
436	0.319406	-8218.98
437	0.319406	-8229.78
438	0.319406	-8233.92
439	0.319406	-8257.09
440	0.319406	-8246.77
441	0.319406	-8240.46
442	0.319406	-8211.12
443	0.319406	-8217.77
444	0.319406	-8216.19
445	0.319406	-8213.25
446	0.319406	-8208.51
447	0.319406	-8213.99
448	0.319406	-8220.96
449	0.319406	-8233.23
450	0.319406	-8220.79
451	0.319406	-8225.17
452	0.319406	-8242.26
453	0.319406	-8235.61
454	0.319406	-8222.93
455	0.319406	-8220.47
456	0.319406	-8216.83
457	0.319406	-8224.01
458	0.319406	-8230.46
459	0.319406	-8224.84
460	0.319406	-8242.63
461	0.319406	-8244.72
462	0.319406	-8248.63
463	0.319406	-8235.1
464	0.319406	-8224.2
465	0.319406	-8235.92
466	0.319406	-8223.1
467	0.319406	-8219.95
468	0.319406	-8206.8
469	0.319406	-8201.74
470	0.319406	-8222.86
471	0.319406	-8238.58
472	0.319406	-8231.49
473	0.319406	-8224.14
474	0.319406	-8234.24
475	0.319406	-8212.05
476	0.319406	-8209.25
477	0.319406	-8216.19
478	0.319406	-8234.2
479	0.319406	-8234
480	0.319406	-8232.06
481	0.319406	-8218
482	0.319406	-8213.92
483	0.319406	-8226.01
484	0.319406	-8228.27
485	0.319406	-8226.04
486	0.319406	-8212.8
487	0.319406	-8230.67
488	0.319406	-8217.86
489	0.319406	-8217.13
490	0.319406	-8233.46
491	0.319406	-8225.31
492	0.319406	-8221.57
493	0.319406	-8207.9
494	0.319406	-8205.86
495	0.319406	-8220.02
496	0.319406	-8220.23
497	0.319406	-8225.98
498	0.319406	-8222.49
499	0.319406	-8215.41
500	0.319406	-8209.31
501	0.319406	-8225.81
502	0.319406	-8234.71
503	0.319406	-8230.99
504	0.319406	-8220.03
505	0.319406	-8212.35
506	0.319406	-8219.2
507	0.319406	-8207.92
508	0.319406	-8224.3
509	0.319406	-8219.86
510	0.319406	-8203.44
511	0.319406	-8209.84
512	0.319406	-8220.86
513	0.319406	-8200.32
514	0.319406	-8210.78
515	0.319406	-8213.49
516	0.319406	-8210.85
517	0.319406	-8212.62
518	0.319406	-8227.43
519	0.319406	-8222.92
520	0.319406	-8239.51
521	0.319406	-8239.43
522	0.319406	-8244.17
523	0.319406	-8240.12
524	0.319406	-8236.82
525	0.319406	-8236.53
526	0.319406	-8244.76
527	0.319406	-8249.02
528	0.319406	-8239.49
529	0.319406	-8220.28
530	0.319406	-8220.27
531	0.319406	-8209.14
532	0.319406	-8218.69
533	0.319406	-8211.85
534	0.319406	-8210.45
535	0.319406	-8221.83
536	0.319406	-8224.74
537	0.319406	-8231.39
538	0.319406	-8222.87
539	0.319406	-8223.2
540	0.319406	-8230.2
541	0.319406	-8228.62
542	0.319406	-8265.42
543	0.319406	-8253.86
544	0.319406	-8241.18
545	0.319406	-8251
546	0.319406	-8231.94
547	0.319406	-8237.22
548	0.319406	-8241.6
549	0.319406	-8234.91
550	0.319406	-8245.25
551	0.319406	-8237.06
552	0.319406	-8238.87
553	0.319406	-8218.1
554	0.319406	-8215.8
555	0.319406	-8229.6
556	0.319406	-8228
557	0.319406	-8223.8
558	0.319406	-8207.43
559	0.319406	-8207.74
560	0.319406	-8213.7
561	0.319406	-8219.44
562	0.319406	-8226.87
563	0.319406	-8211.36
564	0.319406	-8214.87
565	0.319406	-8225.87
566	0.319406	-8210.76
567	0.319406	-8213.01
568	0.319406	-8218.4
569	0.319406	-8205.45
570	0.319406	-8217.93
571	0.319406	-8206.93
572	0.319406	-8210.26
573	0.319406	-8209.73
574	0.319406	-8230.87
575	0.319406	-8227.28
576	0.319406	-8210.46
577	0.319406	-8216.23
578	0.319406	-8209.51
579	0.319406	-8205.74
580	0.319406	-8221.85
581	0.319406	-8227.65
582	0.319406	-8228.7
583	0.319406	-8213.31
584	0.319406	-8212.35
585	0.319406	-8206.7
586	0.319406	-8202.94
587	0.319406	-8206.56
588	0.319406	-8220.93
589	0.319406	-8213.96
590	0.319406	-8219.5
591	0.319406	-8223.67
592	0.319406	-8242.67
593	0.319406	-8195.93
594	0.319406	-8219.29
595	0.319406	-8224.35
596	0.319406	-8217.7
597	0.319406	-8208.56
598	0.319406	-8226.7
599	0.319406	-8218.29
600	0.319406	-8216.41
601	0.319406	-8225.65
602	0.319406	-8233.48
603	0.319406	-8227.27
604	0.319406	-8201.5
605	0.319406	-8204.47
606	0.319406	-8215.22
607	0.319406	-8218.23
608	0.319406	-8225.49
609	0.319406	-8241.34
610	0.319406	-8225.36
611	0.319406	-8213.13
612	0.319406	-8216.83
613	0.319406	-8234.12
614	0.319406	-8246.15
615	0.319406	-8235.07
616	0.319406	-8219.73
617	0.319406	-8228.59
618	0.319406	-8236.32
619	0.319406	-8234.02
620	0.319406	-8223.08
621	0.319406	-8217.06
622	0.319406	-8213.89
623	0.319406	-8202.34
624	0.319406	-8219.21
625	0.319406	-8223.82
626	0.319406	-8217.48
627	0.319406	-8220.43
628	0.319406	-8226.65
629	0.319406	-8228.93
630	0.319406	-8227
631	0.319406	-8225.77
632	0.319406	-8212.45
633	0.319406	-8225.89
634	0.319406	-8229.99
635	0.319406	-8222.52
636	0.319406	-8227.82
637	0.319406	-8247.96
638	0.319406	-8204.19
639	0.319406	-8219.97
640	0.319406	-8227.71
641	0.319406	-8222.46
642	0.319406	-8224.24
643	0.319406	-8223.23
644	0.319406	-8207.49
645	0.319406	-8214.07
646	0.319406	-8217.22
647	0.319406	-8201.7
648	0.319406	-8225.49
649	0.319406	-8208.03
650	0.319406	-8217.68
651	0.319406	-8216.52
652	0.319406	-8210.66
653	0.319406	-8209.1
654	0.319406	-8210.61
655	0.319406	-8213.35
656	0.319406	-8213.11
657	0.319406	-8220.18
658	0.319406	-8218.49
659	0.319406	-8219.76
660	0.319406	-8204.78
661	0.319406	-8200.7
662	0.319406	-8207.53
663	0.319406	-8211.44
664	0.319406	-8209.84
665	0.319406	-8212.46
666	0.319406	-8232.79
667	0.319406	-8227.47
668	0.319406	-8228.63
669	0.319406	-8233.28
670	0.319406	-8235.2
671	0.319406	-8218.88
672	0.319406	-8206.27
673	0.319406	-8201.15
674	0.319406	-8197.44
675	0.319406	-8210.36
676	0.319406	-8215.98
677	0.319406	-8214.64
678	0.319406	-8207.41
679	0.319406	-8216.5
680	0.319406	-8201.66
681	0.319406	-8216.42
682	0.319406	-8225.82
683	0.319406	-8257.78
684	0.319406	-8226.98
685	0.319406	-8216.55
686	0.319406	-8230.9
687	0.319406	-8231.69
688	0.319406	-8225.82
689	0.319406	-8250.16
690	0.319406	-8212.31
691	0.319406	-8223.63
692	0.319406	-8229.18
693	0.319406	-8232.63
694	0.319406	-8249.49
695	0.319406	-8234.63
696	0.319406	-8237.41
697	0.319406	-8235.22
698	0.319406	-8240.1
699	0.319406	-8228.9
700	0.319406	-8216.15
701	0.319406	-8214.95
702	0.319406	-8216.03
703	0.319406	-8220.77
704	0.319406	-8230.3
705	0.319406	-8224.92
706	0.319406	-8220.25
707	0.319406	-8229.23
708	0.319406	-8240.08
709	0.319406	-8237.98
710	0.319406	-8232.15
711	0.319406	-8213.04
712	0.319406	-8211.26
713	0.319406	-8217.25
714	0.319406	-8223.98
715	0.319406	-8224.44
716	0.319406	-8224.47
717	0.319406	-8223.52
718	0.319406	-8212.31
719	0.319406	-8213.25
720	0.319406	-8202.62
721	0.319406	-8217.3
722	0.319406	-8202.58
723	0.319406	-8198.28
724	0.319406	-8211.25
725	0.319406	-8218.38
726	0.319406	-8213.65
727	0.319406	-8214.49
728	0.319406	-8214.73
729	0.319406	-8213.79
730	0.319406	-8211.52
731	0.319406	-8209.43
732	0.319406	-8228.11
733	0.319406	-8235.66
734	0.319406	-8227.42
735	0.319406	-8222.69
736	0.319406	-8212.98
737	0.319406	-8223.13
738	0.319406	-8225.98
739	0.319406	-8215.1
740	0.319406	-8218.4
741	0.319406	-8214.24
742	0.319406	-8213.16
743	0.319406	-8209.19
744	0.319406	-8232.08
745	0.319406	-8212.34
746	0.319406	-8220.1
747	0.319406	-8230.52
748	0.319406	-8206.97
749	0.319406	-8208.75
750	0.319406	-8203.89
751	0.319406	-8212.92
752	0.319406	-8231.38
753	0.319406	-8225.15
754	0.319406	-8230.7
755	0.319406	-8236.29
756	0.319406	-8238.61
757	0.319406	-8233.14
758	0.319406	-8206.85
759	0.319406	-8208.75
760	0.319406	-8203.46
761	0.319406	-8213.14
762	0.319406	-8211.25
763	0.319406	-8207.74
764	0.319406	-8213.1
765	0.319406	-8196.92
766	0.319406	-8218.05
767	0.319406	-8214.95
768	0.319406	-8220.04
769	0.319406	-8214.08
770	0.319406	-8214.9
771	0.319406	-8209.66
772	0.319406	-8203.77
773	0.319406	-8227.11
774	0.319406	-8238.19
775	0.319406	-8254.69
776	0.319406	-8258.37
777	0.319406	-8244.73
778	0.319406	-8223.2
779	0.319406	-8208.98
780	0.319406	-8214.28
781	0.319406	-8208.19
782	0.319406	-8204.03
783	0.319406	-8201.29
784	0.319406	-8199
785	0.319406	-8197.89
786	0.319406	-8213.2
787	0.319406	-8213.66
788	0.319406	-8207.77
789	0.319406	-8212.18
790	0.319406	-8221.88
791	0.319406	-8231.31
792	0.319406	-8219.9
793	0.319406	-8205.97
794	0.319406	-8239.58
795	0.319406	-8210.84
796	0.319406	-8202.46
797	0.319406	-8237.99
798	0.319406	-8235.41
799	0.319406	-8233.51
800	0.319406	-8221
801	0.319406	-8232.47
802	0.319406	-8241.44
803	0.319406	-8228.36
804	0.319406	-8254.26
805	0.319406	-8258.81
806	0.319406	-8236.55
807	0.319406	-8220.77
808	0.319406	-8227.06
809	0.319406	-8217.22
810	0.319406	-8220.95
811	0.319406	-8210.54
812	0.319406	-8201.47
813	0.319406	-8211.94
814	0.319406	-8204.57
815	0.319406	-8204.01
816	0.319406	-8208.48
817	0.319406	-8201.41
818	0.319406	-8221.72
819	0.319406	-8222.26
820	0.319406	-8222.58
821	0.319406	-8211.51
822	0.319406	-8218.58
823	0.319406	-8214.98
824	0.319406	-8207.2
825	0.319406	-8207.24
826	0.319406	-8216.11
827	0.319406	-8218.88
828	0.319406	-8211.65
829	0.319406	-8216.26
830	0.319406	-8215.59
831	0.319406	-8216.29
832	0.319406	-8209.17
833	0.319406	-8216.95
834	0.319406	-8225.44
835	0.319406	-8234.56
836	0.319406	-8220.41
837	0.319406	-8209.11
838	0.319406	-8210.49
839	0.319406	-8223.63
840	0.319406	-8219.76
841	0.319406	-8219.09
842	0.319406	-8213.6
843	0.319406	-8218.93
844	0.319406	-8222.92
845	0.319406	-8233.19
846	0.319406	-8233.6
847	0.319406	-8234.13
848	0.319406	-8229.95
849	0.319406	-8233.06
850	0.319406	-8238.71
851	0.319406	-8216.36
852	0.319406	-8218.44
853	0.319406	-8229.04
854	0.319406	-8221.54
855	0.319406	-8227.39
856	0.319406	-8228.39
857	0.319406	-8208.01
858	0.319406	-8213.62
859	0.319406	-8214.49
860	0.319406	-8201.84
861	0.319406	-8195.4
862	0.319406	-8210.49
863	0.319406	-8214.47
864	0.319406	-8219.84
865	0.319406	-8222.15
866	0.319406	-8222.24
867	0.319406	-8203.1
868	0.319406	-8203.93
869	0.319406	-8210.76
870	0.319406	-8232
871	0.319406	-8243.58
872	0.319406	-8240.9
873	0.319406	-8224.82
874	0.319406	-8219.13
875	0.319406	-8226.86
876	0.319406	-8223.32
877	0.319406	-8211.92
878	0.319406	-8204.61
879	0.319406	-8204.11
880	0.319406	-8207.61
881	0.319406	-8201.87
882	0.319406	-8212.86
883	0.319406	-8215.27
884	0.319406	-8229.29
885	0.319406	-8220.47
886	0.319406	-8244.75
887	0.319406	-8234.43
888	0.319406	-8240.68
889	0.319406	-8234.47
890	0.319406	-8231.71
891	0.319406	-8235.84
892	0.319406	-8233.47
893	0.319406	-8236.03
894	0.319406	-8223.66
895	0.319406	-8222.76
896	0.319406	-8237.8
897	0.319406	-8230.45
898	0.319406	-8224.79
899	0.319406	-8225.76
900	0.319406	-8223.48
901	0.319406	-8236.92
902	0.319406	-8223.56
903	0.319406	-8215.95
904	0.319406	-8215.94
905	0.319406	-8220.74
906	0.319406	-8223.52
907	0.319406	-8221.91
908	0.319406	-8219.91
909	0.319406	-8225.36
910	0.319406	-8209.09
911	0.319406	-8203.35
912	0.319406	-8208.45
913	0.319406	-8207.09
914	0.319406	-8205.86
915	0.319406	-8201.95
916	0.319406	-8205.73
917	0.319406	-8209.86
918	0.319406	-8205.92
919	0.319406	-8222.87
920	0.319406	-8212.11
921	0.319406	-8216.62
922	0.319406	-8220.5
923	0.319406	-8221.56
924	0.319406	-8233.37
925	0.319406	-8227.49
926	0.319406	-8213.33
927	0.319406	-8210.78
928	0.319406	-8208.01
929	0.319406	-8211.87
930	0.319406	-8216.44
931	0.319406	-8214.69
932	0.319406	-8209.75
933	0.319406	-8211.43
934	0.319406	-8229.37
935	0.319406	-8232.56
936	0.319406	-8254.15
937	0.319406	-8256.94
938	0.319406	-8236.84
939	0.319406	-8213.12
940	0.319406	-8216.79
941	0.319406	-8218.08
942	0.319406	-8211.09
943	0.319406	-8213.39
944	0.319406	-8225.07
945	0.319406	-8214.1
946	0.319406	-8213.85
947	0.319406	-8199.19
948	0.319406	-8200.51
949	0.319406	-8201.43
950	0.319406	-8233.54
951	0.319406	-8233.49
952	0.319406	-8234.38
953	0.319406	-8215.44
954	0.319406	-8220.1
955	0.319406	-8230
956	0.319406	-8215.63
957	0.319406	-8232.81
958	0.319406	-8217.21
959	0.319406	-8217.29
960	0.319406	-8213.04
961	0.319406	-8223.34
962	0.319406	-8218.62
963	0.319406	-8215.35
964	0.319406	-8218.62
965	0.319406	-8228.31
966	0.319406	-8225.63
967	0.319406	-8230.9
968	0.319406	-8240.69
969	0.319406	-8232.94
970	0.319406	-8224.67
971	0.319406	-8219.72
972	0.319406	-8209.42
973	0.319406	-8200.61
974	0.319406	-8197.91
975	0.319406	-8210.84
976	0.319406	-8220.76
977	0.319406	-8226.12
978	0.319406	-8225.63
979	0.319406	-8217.53
980	0.319406	-8224.32
981	0.319406	-8214.59
982	0.319406	-8232.14
983	0.319406	-8221.9
984	0.319406	-8215.86
985	0.319406	-8217.74
986	0.319406	-8220.08
987	0.319406	-8216.08
988	0.319406	-8201.16
989	0.319406	-8209.79
990	0.319406	-8205.01
991	0.319406	-8214.8
992	0.319406	-8221.17
993	0.319406	-8224.26
994	0.319406	-8224.24
995	0.319406	-8211.14
996	0.319406	-8207.44
997	0.319406	-8201.6
998	0.319406	-8203.99
999	0.319406	-8213.19
1000	0.319406	-8209.3
