state	power	likelihood
251	0.000246786	-11040.3
252	0.000246786	-13493.6
253	0.000246786	-12626.7
254	0.000246786	-13118.5
255	0.000246786	-12489.2
256	0.000246786	-11181
257	0.000246786	-12408.9
258	0.000246786	-11850.9
259	0.000246786	-12192.5
260	0.000246786	-13161.7
261	0.000246786	-13513.2
262	0.000246786	-13518.2
263	0.000246786	-13817.4
264	0.000246786	-14127.7
265	0.000246786	-11076.6
266	0.000246786	-11518.6
267	0.000246786	-10334.3
268	0.000246786	-12159.8
269	0.000246786	-12321.3
270	0.000246786	-10254.4
271	0.000246786	-11734
272	0.000246786	-12940
273	0.000246786	-10747.9
274	0.000246786	-11304.4
275	0.000246786	-10887.8
276	0.000246786	-10788.1
277	0.000246786	-11465.4
278	0.000246786	-11287.2
279	0.000246786	-12323.1
280	0.000246786	-11176.6
281	0.000246786	-10974.5
282	0.000246786	-13822.2
283	0.000246786	-11541
284	0.000246786	-10324.2
285	0.000246786	-10385
286	0.000246786	-11205
287	0.000246786	-10151.9
288	0.000246786	-11866.7
289	0.000246786	-12030.4
290	0.000246786	-15310.6
291	0.000246786	-14389.3
292	0.000246786	-12486.3
293	0.000246786	-11897
294	0.000246786	-12279.7
295	0.000246786	-12228.8
296	0.000246786	-11808.8
297	0.000246786	-12415.9
298	0.000246786	-13358.2
299	0.000246786	-10402.1
300	0.000246786	-10461.3
301	0.000246786	-10981.3
302	0.000246786	-11254.3
303	0.000246786	-11281.1
304	0.000246786	-11823.2
305	0.000246786	-10837.7
306	0.000246786	-12315.8
307	0.000246786	-11684.8
308	0.000246786	-12263.1
309	0.000246786	-12504.4
310	0.000246786	-12375.9
311	0.000246786	-11890.4
312	0.000246786	-12439.6
313	0.000246786	-12403.1
314	0.000246786	-16235
315	0.000246786	-15888.6
316	0.000246786	-12768.1
317	0.000246786	-13641.3
318	0.000246786	-13259.6
319	0.000246786	-12347.4
320	0.000246786	-12809.4
321	0.000246786	-13418.6
322	0.000246786	-11467.7
323	0.000246786	-11412
324	0.000246786	-13010
325	0.000246786	-10043
326	0.000246786	-12466.8
327	0.000246786	-11796.5
328	0.000246786	-13244.1
329	0.000246786	-12527.7
330	0.000246786	-11731.5
331	0.000246786	-11228.1
332	0.000246786	-10808.8
333	0.000246786	-14094.4
334	0.000246786	-14486.3
335	0.000246786	-13918.4
336	0.000246786	-15231
337	0.000246786	-11866.9
338	0.000246786	-10957
339	0.000246786	-10295.3
340	0.000246786	-9728.06
341	0.000246786	-11869.5
342	0.000246786	-11765.4
343	0.000246786	-11194.3
344	0.000246786	-10273.2
345	0.000246786	-15798.1
346	0.000246786	-14115.9
347	0.000246786	-17007.2
348	0.000246786	-14622.5
349	0.000246786	-15180.1
350	0.000246786	-12466.5
351	0.000246786	-12510.5
352	0.000246786	-13873.6
353	0.000246786	-11237
354	0.000246786	-14513.6
355	0.000246786	-14348.5
356	0.000246786	-11358.1
357	0.000246786	-11683
358	0.000246786	-11784.6
359	0.000246786	-11605
360	0.000246786	-11355.4
361	0.000246786	-12389.6
362	0.000246786	-14065.2
363	0.000246786	-13304.1
364	0.000246786	-13008.3
365	0.000246786	-14642.8
366	0.000246786	-16130.8
367	0.000246786	-12672.7
368	0.000246786	-11931.4
369	0.000246786	-13278.3
370	0.000246786	-14582.9
371	0.000246786	-15749
372	0.000246786	-13601.6
373	0.000246786	-12320
374	0.000246786	-11429.9
375	0.000246786	-12239.4
376	0.000246786	-12868.6
377	0.000246786	-12127.4
378	0.000246786	-11143
379	0.000246786	-11628.7
380	0.000246786	-11333.4
381	0.000246786	-11785.4
382	0.000246786	-11756.4
383	0.000246786	-10994.4
384	0.000246786	-10475.9
385	0.000246786	-11279.8
386	0.000246786	-12298.5
387	0.000246786	-12353.7
388	0.000246786	-12356.1
389	0.000246786	-13156.2
390	0.000246786	-14480.5
391	0.000246786	-10886
392	0.000246786	-15003.3
393	0.000246786	-12058
394	0.000246786	-11198.2
395	0.000246786	-12800.4
396	0.000246786	-11081.3
397	0.000246786	-11872.5
398	0.000246786	-13642.7
399	0.000246786	-12934.9
400	0.000246786	-14655.6
401	0.000246786	-13841.1
402	0.000246786	-12917.6
403	0.000246786	-11815.2
404	0.000246786	-11712.3
405	0.000246786	-12780.9
406	0.000246786	-11170.8
407	0.000246786	-10206.8
408	0.000246786	-10551.8
409	0.000246786	-10655
410	0.000246786	-10879.9
411	0.000246786	-11516.3
412	0.000246786	-11290.7
413	0.000246786	-10883.8
414	0.000246786	-11039.3
415	0.000246786	-11720.5
416	0.000246786	-12537.8
417	0.000246786	-10793.7
418	0.000246786	-12660.5
419	0.000246786	-12092.2
420	0.000246786	-11307.5
421	0.000246786	-13478.8
422	0.000246786	-16611.1
423	0.000246786	-13930.3
424	0.000246786	-13034.3
425	0.000246786	-11142.5
426	0.000246786	-10775.7
427	0.000246786	-12917.4
428	0.000246786	-10834.4
429	0.000246786	-13222.9
430	0.000246786	-12435.4
431	0.000246786	-12090.1
432	0.000246786	-10224.6
433	0.000246786	-12325.6
434	0.000246786	-12500.6
435	0.000246786	-11495
436	0.000246786	-11192.7
437	0.000246786	-10671.1
438	0.000246786	-15124
439	0.000246786	-13423.5
440	0.000246786	-12119.3
441	0.000246786	-12774.2
442	0.000246786	-11327.7
443	0.000246786	-14045.1
444	0.000246786	-13159.8
445	0.000246786	-11276.2
446	0.000246786	-11546.9
447	0.000246786	-12845
448	0.000246786	-13998.4
449	0.000246786	-12469
450	0.000246786	-11794.2
451	0.000246786	-12069.4
452	0.000246786	-14592
453	0.000246786	-13551.4
454	0.000246786	-11766.8
455	0.000246786	-13053.5
456	0.000246786	-12278.6
457	0.000246786	-13352
458	0.000246786	-10065.7
459	0.000246786	-10359.6
460	0.000246786	-14891.9
461	0.000246786	-10407.1
462	0.000246786	-10019.3
463	0.000246786	-10233.8
464	0.000246786	-10069.3
465	0.000246786	-11606.2
466	0.000246786	-12117.9
467	0.000246786	-11316.5
468	0.000246786	-10826.1
469	0.000246786	-12557.8
470	0.000246786	-12900.9
471	0.000246786	-12224.4
472	0.000246786	-12576.2
473	0.000246786	-12852.9
474	0.000246786	-14282.9
475	0.000246786	-12226.9
476	0.000246786	-11240.8
477	0.000246786	-11801.8
478	0.000246786	-11680.4
479	0.000246786	-11207.4
480	0.000246786	-10846.6
481	0.000246786	-11515.7
482	0.000246786	-12384.2
483	0.000246786	-11406.3
484	0.000246786	-12551.7
485	0.000246786	-12741.7
486	0.000246786	-12763.6
487	0.000246786	-10696.3
488	0.000246786	-12584.9
489	0.000246786	-11969.9
490	0.000246786	-12817.2
491	0.000246786	-12124.6
492	0.000246786	-11002.7
493	0.000246786	-10714.4
494	0.000246786	-11800.3
495	0.000246786	-10751.6
496	0.000246786	-10271.1
497	0.000246786	-10049.3
498	0.000246786	-10441.7
499	0.000246786	-10633.9
500	0.000246786	-11766.7
501	0.000246786	-11427.9
502	0.000246786	-11096.1
503	0.000246786	-10549.9
504	0.000246786	-10570.7
505	0.000246786	-10630.9
506	0.000246786	-10689.2
507	0.000246786	-10494.6
508	0.000246786	-10166.1
509	0.000246786	-11624.3
510	0.000246786	-11402.9
511	0.000246786	-12272.2
512	0.000246786	-13156.9
513	0.000246786	-12088.6
514	0.000246786	-11428.6
515	0.000246786	-11710.4
516	0.000246786	-10958
517	0.000246786	-14124.6
518	0.000246786	-12025.2
519	0.000246786	-12763.5
520	0.000246786	-14148
521	0.000246786	-14214
522	0.000246786	-10158.7
523	0.000246786	-10916.3
524	0.000246786	-11824.4
525	0.000246786	-11002.1
526	0.000246786	-13367.2
527	0.000246786	-13831.4
528	0.000246786	-13955.4
529	0.000246786	-10200.8
530	0.000246786	-12685.3
531	0.000246786	-12802.5
532	0.000246786	-11802.9
533	0.000246786	-9816.09
534	0.000246786	-11206.6
535	0.000246786	-11841.1
536	0.000246786	-9855.04
537	0.000246786	-11473
538	0.000246786	-11241
539	0.000246786	-16330.1
540	0.000246786	-12274.5
541	0.000246786	-11618.3
542	0.000246786	-11481.3
543	0.000246786	-12501.5
544	0.000246786	-11404.2
545	0.000246786	-11298.9
546	0.000246786	-12017.2
547	0.000246786	-12174.9
548	0.000246786	-11642.5
549	0.000246786	-11882.5
550	0.000246786	-11932.6
551	0.000246786	-13147.6
552	0.000246786	-13127.5
553	0.000246786	-12720.1
554	0.000246786	-12952.7
555	0.000246786	-15593.8
556	0.000246786	-12282.4
557	0.000246786	-12686
558	0.000246786	-13218.1
559	0.000246786	-12382
560	0.000246786	-11792
561	0.000246786	-11885.6
562	0.000246786	-11055.6
563	0.000246786	-10294.5
564	0.000246786	-12871.9
565	0.000246786	-13843.4
566	0.000246786	-12119.5
567	0.000246786	-11512.7
568	0.000246786	-10535.7
569	0.000246786	-10939.5
570	0.000246786	-11883
571	0.000246786	-12458.4
572	0.000246786	-12344.5
573	0.000246786	-11179.6
574	0.000246786	-9760.2
575	0.000246786	-10722.9
576	0.000246786	-10724.3
577	0.000246786	-12359.4
578	0.000246786	-12965.3
579	0.000246786	-13330.9
580	0.000246786	-11962.7
581	0.000246786	-12424.8
582	0.000246786	-12537.2
583	0.000246786	-13454.4
584	0.000246786	-12296.6
585	0.000246786	-12533.9
586	0.000246786	-11320.4
587	0.000246786	-10497.5
588	0.000246786	-13741.5
589	0.000246786	-12807.6
590	0.000246786	-12790.1
591	0.000246786	-10903.9
592	0.000246786	-10887
593	0.000246786	-10310.8
594	0.000246786	-12559.6
595	0.000246786	-12265.7
596	0.000246786	-10290.2
597	0.000246786	-10747.7
598	0.000246786	-11071.7
599	0.000246786	-11289.2
600	0.000246786	-11365
601	0.000246786	-11492.9
602	0.000246786	-13951.9
603	0.000246786	-12898.9
604	0.000246786	-11076.8
605	0.000246786	-11015.5
606	0.000246786	-11312
607	0.000246786	-10168.4
608	0.000246786	-10815.3
609	0.000246786	-11050.6
610	0.000246786	-11562.9
611	0.000246786	-9890.24
612	0.000246786	-9941.48
613	0.000246786	-10656.1
614	0.000246786	-12847.3
615	0.000246786	-10700
616	0.000246786	-10186.1
617	0.000246786	-12661.4
618	0.000246786	-11444.5
619	0.000246786	-12478.5
620	0.000246786	-11199.5
621	0.000246786	-11739.7
622	0.000246786	-14274.1
623	0.000246786	-10499.6
624	0.000246786	-10057.3
625	0.000246786	-10679.1
626	0.000246786	-11000.5
627	0.000246786	-12377
628	0.000246786	-13242
629	0.000246786	-10262
630	0.000246786	-12133.6
631	0.000246786	-10926.1
632	0.000246786	-11315.9
633	0.000246786	-9731.35
634	0.000246786	-10479.9
635	0.000246786	-12470
636	0.000246786	-11336
637	0.000246786	-10405.7
638	0.000246786	-10658.4
639	0.000246786	-10764.8
640	0.000246786	-11158.7
641	0.000246786	-11010.2
642	0.000246786	-15153.6
643	0.000246786	-13097.7
644	0.000246786	-12252.2
645	0.000246786	-12381.8
646	0.000246786	-10572.1
647	0.000246786	-11181.2
648	0.000246786	-10222
649	0.000246786	-11554.6
650	0.000246786	-13260.8
651	0.000246786	-10545.9
652	0.000246786	-10052
653	0.000246786	-14113.8
654	0.000246786	-14572.1
655	0.000246786	-14007.2
656	0.000246786	-14116.3
657	0.000246786	-11572.6
658	0.000246786	-12581.6
659	0.000246786	-12078
660	0.000246786	-10081.3
661	0.000246786	-10299.2
662	0.000246786	-10019.9
663	0.000246786	-13492
664	0.000246786	-13849.7
665	0.000246786	-15008.9
666	0.000246786	-14569.3
667	0.000246786	-11555.1
668	0.000246786	-11750.8
669	0.000246786	-13658.3
670	0.000246786	-12614.5
671	0.000246786	-13132.2
672	0.000246786	-14169.8
673	0.000246786	-11058.1
674	0.000246786	-12059.8
675	0.000246786	-12400.4
676	0.000246786	-10747.7
677	0.000246786	-11865.3
678	0.000246786	-11940.7
679	0.000246786	-11540.1
680	0.000246786	-10993.8
681	0.000246786	-11688.4
682	0.000246786	-13222.3
683	0.000246786	-15788
684	0.000246786	-13395.1
685	0.000246786	-11541.6
686	0.000246786	-10717.7
687	0.000246786	-12050.4
688	0.000246786	-12179.4
689	0.000246786	-9933.09
690	0.000246786	-10876.3
691	0.000246786	-13643.7
692	0.000246786	-13367.7
693	0.000246786	-14856.1
694	0.000246786	-14263.3
695	0.000246786	-14577.5
696	0.000246786	-14120.1
697	0.000246786	-12164.5
698	0.000246786	-17309.9
699	0.000246786	-11395.9
700	0.000246786	-11426.2
701	0.000246786	-10770.4
702	0.000246786	-10952.3
703	0.000246786	-11605.2
704	0.000246786	-10697.7
705	0.000246786	-11764.3
706	0.000246786	-17324
707	0.000246786	-11662.9
708	0.000246786	-11484.2
709	0.000246786	-12272
710	0.000246786	-13608.7
711	0.000246786	-12511.8
712	0.000246786	-11500.6
713	0.000246786	-11692.1
714	0.000246786	-10341.4
715	0.000246786	-11700.5
716	0.000246786	-12050.1
717	0.000246786	-10408.8
718	0.000246786	-12196.7
719	0.000246786	-11123.3
720	0.000246786	-11816.7
721	0.000246786	-11405.9
722	0.000246786	-13254.1
723	0.000246786	-16084.8
724	0.000246786	-12900.7
725	0.000246786	-14077.7
726	0.000246786	-10716.6
727	0.000246786	-12031.9
728	0.000246786	-13606.8
729	0.000246786	-11941.3
730	0.000246786	-11574
731	0.000246786	-11036.3
732	0.000246786	-11621.6
733	0.000246786	-12874.8
734	0.000246786	-12693.8
735	0.000246786	-13766.5
736	0.000246786	-10669.6
737	0.000246786	-11648
738	0.000246786	-12748.5
739	0.000246786	-14440
740	0.000246786	-13190.3
741	0.000246786	-13331.4
742	0.000246786	-12091.6
743	0.000246786	-12089.9
744	0.000246786	-13283.6
745	0.000246786	-14350
746	0.000246786	-11884.2
747	0.000246786	-12027.3
748	0.000246786	-11554
749	0.000246786	-10889.3
750	0.000246786	-10894.7
751	0.000246786	-13211.1
752	0.000246786	-13120
753	0.000246786	-12120.1
754	0.000246786	-12534.9
755	0.000246786	-11690.1
756	0.000246786	-11604.2
757	0.000246786	-11287
758	0.000246786	-13224.9
759	0.000246786	-12466.3
760	0.000246786	-13580.1
761	0.000246786	-14869.1
762	0.000246786	-13685.3
763	0.000246786	-11715.2
764	0.000246786	-11348.8
765	0.000246786	-11666.2
766	0.000246786	-13640.1
767	0.000246786	-12022.9
768	0.000246786	-11852.7
769	0.000246786	-12338.1
770	0.000246786	-11856.9
771	0.000246786	-12424
772	0.000246786	-11069.2
773	0.000246786	-12417.1
774	0.000246786	-12985.6
775	0.000246786	-13775.5
776	0.000246786	-12468.2
777	0.000246786	-12979.2
778	0.000246786	-12742.3
779	0.000246786	-12127.4
780	0.000246786	-12833.9
781	0.000246786	-12130.8
782	0.000246786	-12378.2
783	0.000246786	-12722.4
784	0.000246786	-12252.6
785	0.000246786	-13400.2
786	0.000246786	-13732.7
787	0.000246786	-13441.8
788	0.000246786	-14044.9
789	0.000246786	-12221.3
790	0.000246786	-13880.1
791	0.000246786	-12020.6
792	0.000246786	-13450.1
793	0.000246786	-11786.9
794	0.000246786	-11464.5
795	0.000246786	-14897.6
796	0.000246786	-12194.1
797	0.000246786	-13031.2
798	0.000246786	-11790.8
799	0.000246786	-14593
800	0.000246786	-11520.1
801	0.000246786	-10714.3
802	0.000246786	-11572.2
803	0.000246786	-11711.3
804	0.000246786	-11582.2
805	0.000246786	-12121.8
806	0.000246786	-13105.1
807	0.000246786	-11245.4
808	0.000246786	-11351.3
809	0.000246786	-11836.6
810	0.000246786	-11588.7
811	0.000246786	-14240.3
812	0.000246786	-11967.5
813	0.000246786	-11160.8
814	0.000246786	-10437.1
815	0.000246786	-11059.8
816	0.000246786	-10972.9
817	0.000246786	-11607.9
818	0.000246786	-11206.5
819	0.000246786	-11369.9
820	0.000246786	-11579.7
821	0.000246786	-12099.4
822	0.000246786	-10369.7
823	0.000246786	-10217.6
824	0.000246786	-11553.1
825	0.000246786	-11948
826	0.000246786	-11328
827	0.000246786	-10213.2
828	0.000246786	-12878.1
829	0.000246786	-11889.9
830	0.000246786	-12297.1
831	0.000246786	-12997.4
832	0.000246786	-13727.5
833	0.000246786	-10587.7
834	0.000246786	-11283.7
835	0.000246786	-11366.3
836	0.000246786	-11558.9
837	0.000246786	-11908.5
838	0.000246786	-11441.7
839	0.000246786	-10990.7
840	0.000246786	-10462
841	0.000246786	-11089.7
842	0.000246786	-10834.2
843	0.000246786	-11960.7
844	0.000246786	-11809
845	0.000246786	-9882.98
846	0.000246786	-10751.4
847	0.000246786	-11372.7
848	0.000246786	-12865
849	0.000246786	-12758.9
850	0.000246786	-12094.5
851	0.000246786	-12723.2
852	0.000246786	-11947
853	0.000246786	-12324
854	0.000246786	-10681.9
855	0.000246786	-12875
856	0.000246786	-11018.5
857	0.000246786	-12692.5
858	0.000246786	-13294
859	0.000246786	-13884.1
860	0.000246786	-13446
861	0.000246786	-15723.8
862	0.000246786	-13359.5
863	0.000246786	-14835.2
864	0.000246786	-11607.3
865	0.000246786	-14414.9
866	0.000246786	-11930.4
867	0.000246786	-12736.2
868	0.000246786	-11210.7
869	0.000246786	-11180.1
870	0.000246786	-11717.7
871	0.000246786	-11233
872	0.000246786	-11300.8
873	0.000246786	-11777.7
874	0.000246786	-9616.79
875	0.000246786	-10595.9
876	0.000246786	-11481.7
877	0.000246786	-11364.3
878	0.000246786	-10660.2
879	0.000246786	-10552.8
880	0.000246786	-11291.7
881	0.000246786	-10140.1
882	0.000246786	-11505.7
883	0.000246786	-10936.5
884	0.000246786	-10933.8
885	0.000246786	-12050.2
886	0.000246786	-11041.4
887	0.000246786	-10233
888	0.000246786	-9908.19
889	0.000246786	-11020.1
890	0.000246786	-15268.1
891	0.000246786	-13171.8
892	0.000246786	-13197
893	0.000246786	-12264.4
894	0.000246786	-11610.9
895	0.000246786	-11128.6
896	0.000246786	-10992
897	0.000246786	-12400.4
898	0.000246786	-10385.1
899	0.000246786	-10657.6
900	0.000246786	-12755.2
901	0.000246786	-12048
902	0.000246786	-11063.2
903	0.000246786	-11036.4
904	0.000246786	-12499.7
905	0.000246786	-15845.1
906	0.000246786	-15398.5
907	0.000246786	-14827.6
908	0.000246786	-12926.9
909	0.000246786	-12349.6
910	0.000246786	-11350.4
911	0.000246786	-11523.2
912	0.000246786	-11600.4
913	0.000246786	-12144.1
914	0.000246786	-10987.2
915	0.000246786	-10917.7
916	0.000246786	-10182.5
917	0.000246786	-11211.6
918	0.000246786	-11514.5
919	0.000246786	-11008.8
920	0.000246786	-10405.6
921	0.000246786	-12825.3
922	0.000246786	-13973.2
923	0.000246786	-14321
924	0.000246786	-15271.3
925	0.000246786	-13156
926	0.000246786	-13827.3
927	0.000246786	-12822.4
928	0.000246786	-12152.7
929	0.000246786	-12012.5
930	0.000246786	-10654.6
931	0.000246786	-11586.3
932	0.000246786	-11644.2
933	0.000246786	-13731.9
934	0.000246786	-12481.3
935	0.000246786	-10843.1
936	0.000246786	-13100
937	0.000246786	-11121.5
938	0.000246786	-11176
939	0.000246786	-12025.1
940	0.000246786	-10713.2
941	0.000246786	-9583.33
942	0.000246786	-10376.9
943	0.000246786	-9793.05
944	0.000246786	-10532.8
945	0.000246786	-10268.9
946	0.000246786	-10594.7
947	0.000246786	-12053.1
948	0.000246786	-11694.3
949	0.000246786	-10771.6
950	0.000246786	-10670.2
951	0.000246786	-11969.7
952	0.000246786	-12158.4
953	0.000246786	-11253.7
954	0.000246786	-12366.6
955	0.000246786	-12246.4
956	0.000246786	-12017.3
957	0.000246786	-12732.8
958	0.000246786	-11341.2
959	0.000246786	-10566
960	0.000246786	-11222.8
961	0.000246786	-12287.9
962	0.000246786	-12373.4
963	0.000246786	-13365.5
964	0.000246786	-11577.5
965	0.000246786	-11342.5
966	0.000246786	-10763.6
967	0.000246786	-12471.9
968	0.000246786	-12302.8
969	0.000246786	-13210.9
970	0.000246786	-12267.6
971	0.000246786	-14039.3
972	0.000246786	-13427.6
973	0.000246786	-13419.1
974	0.000246786	-11213.4
975	0.000246786	-9802.09
976	0.000246786	-11098.1
977	0.000246786	-11437.3
978	0.000246786	-14172.6
979	0.000246786	-10927.4
980	0.000246786	-12321.2
981	0.000246786	-11394.6
982	0.000246786	-10686
983	0.000246786	-13776.7
984	0.000246786	-11321.2
985	0.000246786	-11379.7
986	0.000246786	-14060.4
987	0.000246786	-11317.3
988	0.000246786	-12854.1
989	0.000246786	-12667
990	0.000246786	-12206.1
991	0.000246786	-12275.2
992	0.000246786	-10248.9
993	0.000246786	-11388
994	0.000246786	-11167.3
995	0.000246786	-12053.5
996	0.000246786	-11357.5
997	0.000246786	-11602
998	0.000246786	-12710.3
999	0.000246786	-12134
1000	0.000246786	-11658.5
