state	power	likelihood
251	0.0227855	-8529.42
252	0.0227855	-8633.6
253	0.0227855	-8688.68
254	0.0227855	-8692.7
255	0.0227855	-8511.93
256	0.0227855	-8662.09
257	0.0227855	-8454.8
258	0.0227855	-8683.54
259	0.0227855	-8411.83
260	0.0227855	-8486
261	0.0227855	-8470.16
262	0.0227855	-8554.72
263	0.0227855	-8902.6
264	0.0227855	-9070.83
265	0.0227855	-9193.66
266	0.0227855	-8666.31
267	0.0227855	-8685.15
268	0.0227855	-8716.78
269	0.0227855	-8703.65
270	0.0227855	-8599.71
271	0.0227855	-8688.91
272	0.0227855	-8492.31
273	0.0227855	-8496.02
274	0.0227855	-8757.69
275	0.0227855	-8706.13
276	0.0227855	-8622.86
277	0.0227855	-8670.61
278	0.0227855	-8676.58
279	0.0227855	-8716.42
280	0.0227855	-8417.68
281	0.0227855	-8475.1
282	0.0227855	-8653.76
283	0.0227855	-8564.54
284	0.0227855	-8567.91
285	0.0227855	-8426.18
286	0.0227855	-8513.52
287	0.0227855	-8719.89
288	0.0227855	-8501.02
289	0.0227855	-8678.33
290	0.0227855	-8654.91
291	0.0227855	-8632.17
292	0.0227855	-8568.23
293	0.0227855	-8703.61
294	0.0227855	-8610.22
295	0.0227855	-8583.46
296	0.0227855	-8644.48
297	0.0227855	-8502.95
298	0.0227855	-8511.91
299	0.0227855	-8411.33
300	0.0227855	-8519.42
301	0.0227855	-8402.96
302	0.0227855	-8593.42
303	0.0227855	-8754.47
304	0.0227855	-8595.31
305	0.0227855	-8571.17
306	0.0227855	-8421.31
307	0.0227855	-8469.58
308	0.0227855	-8738.3
309	0.0227855	-8635.68
310	0.0227855	-8571.39
311	0.0227855	-8712
312	0.0227855	-8692.58
313	0.0227855	-8704.48
314	0.0227855	-8658.98
315	0.0227855	-8746.27
316	0.0227855	-8545.7
317	0.0227855	-8474.13
318	0.0227855	-8562.83
319	0.0227855	-8446.17
320	0.0227855	-8486.63
321	0.0227855	-8584
322	0.0227855	-8430.47
323	0.0227855	-8606.25
324	0.0227855	-8537.69
325	0.0227855	-8553.67
326	0.0227855	-8542.39
327	0.0227855	-8799.92
328	0.0227855	-8624.05
329	0.0227855	-8522.97
330	0.0227855	-8599.69
331	0.0227855	-8551.02
332	0.0227855	-8596.7
333	0.0227855	-8523.96
334	0.0227855	-8497.03
335	0.0227855	-8765.6
336	0.0227855	-8506.98
337	0.0227855	-8580.89
338	0.0227855	-8669.04
339	0.0227855	-8654.61
340	0.0227855	-8449.84
341	0.0227855	-8657.23
342	0.0227855	-8614.63
343	0.0227855	-8820.02
344	0.0227855	-8687.93
345	0.0227855	-8765.34
346	0.0227855	-8965.19
347	0.0227855	-8577.9
348	0.0227855	-8687.15
349	0.0227855	-8813.85
350	0.0227855	-8639.35
351	0.0227855	-8535.76
352	0.0227855	-8409.44
353	0.0227855	-8458.72
354	0.0227855	-8578.35
355	0.0227855	-8501.13
356	0.0227855	-8618.89
357	0.0227855	-8597.76
358	0.0227855	-8515.02
359	0.0227855	-8735.7
360	0.0227855	-8527.44
361	0.0227855	-8577.72
362	0.0227855	-8567.15
363	0.0227855	-8583.01
364	0.0227855	-8545.31
365	0.0227855	-8492.85
366	0.0227855	-8512.48
367	0.0227855	-8577.5
368	0.0227855	-8544.2
369	0.0227855	-8522.85
370	0.0227855	-8411.78
371	0.0227855	-8500.51
372	0.0227855	-8637.94
373	0.0227855	-8615.98
374	0.0227855	-8683.25
375	0.0227855	-8636.34
376	0.0227855	-8529.45
377	0.0227855	-8685.47
378	0.0227855	-8525.15
379	0.0227855	-8505.36
380	0.0227855	-8443.24
381	0.0227855	-8433.54
382	0.0227855	-8874.7
383	0.0227855	-8904.83
384	0.0227855	-8694.58
385	0.0227855	-8486.17
386	0.0227855	-8809.98
387	0.0227855	-8564.49
388	0.0227855	-8710.62
389	0.0227855	-8475.38
390	0.0227855	-8461.62
391	0.0227855	-8512.93
392	0.0227855	-8528.71
393	0.0227855	-8470.38
394	0.0227855	-8475.56
395	0.0227855	-8430.67
396	0.0227855	-8468.79
397	0.0227855	-8460.92
398	0.0227855	-8686.66
399	0.0227855	-8703.41
400	0.0227855	-8825.37
401	0.0227855	-8707.2
402	0.0227855	-8704.93
403	0.0227855	-8749.58
404	0.0227855	-8890.39
405	0.0227855	-8925.41
406	0.0227855	-8789.02
407	0.0227855	-8906.1
408	0.0227855	-8722.1
409	0.0227855	-8644.52
410	0.0227855	-8784.34
411	0.0227855	-8615.22
412	0.0227855	-8646.87
413	0.0227855	-8708.33
414	0.0227855	-8538.12
415	0.0227855	-8564.4
416	0.0227855	-8997.47
417	0.0227855	-8466.1
418	0.0227855	-8603.63
419	0.0227855	-8813.6
420	0.0227855	-8621.12
421	0.0227855	-8563.63
422	0.0227855	-8656.83
423	0.0227855	-8583.69
424	0.0227855	-8567.95
425	0.0227855	-8587.24
426	0.0227855	-8592.62
427	0.0227855	-8740.09
428	0.0227855	-8793.14
429	0.0227855	-8742.17
430	0.0227855	-8598.19
431	0.0227855	-8570.34
432	0.0227855	-8729.34
433	0.0227855	-8547.53
434	0.0227855	-8562.92
435	0.0227855	-8655.78
436	0.0227855	-8590.95
437	0.0227855	-8594.87
438	0.0227855	-8695.93
439	0.0227855	-8838.43
440	0.0227855	-8546.83
441	0.0227855	-8631.39
442	0.0227855	-8629.2
443	0.0227855	-8580.83
444	0.0227855	-8471.08
445	0.0227855	-8426.11
446	0.0227855	-8553.27
447	0.0227855	-8560.95
448	0.0227855	-8768.15
449	0.0227855	-8731.98
450	0.0227855	-8693.93
451	0.0227855	-8697.81
452	0.0227855	-8665.42
453	0.0227855	-8627.99
454	0.0227855	-8593.29
455	0.0227855	-8555.52
456	0.0227855	-8452.31
457	0.0227855	-8610.06
458	0.0227855	-8596.48
459	0.0227855	-8607.53
460	0.0227855	-8498.11
461	0.0227855	-8572.97
462	0.0227855	-8556.11
463	0.0227855	-8497.69
464	0.0227855	-8547.5
465	0.0227855	-8666.91
466	0.0227855	-8817.79
467	0.0227855	-8885.2
468	0.0227855	-8713.5
469	0.0227855	-8706.92
470	0.0227855	-8451.79
471	0.0227855	-8494.43
472	0.0227855	-8596.09
473	0.0227855	-8686.54
474	0.0227855	-8705.54
475	0.0227855	-8731.29
476	0.0227855	-8694.78
477	0.0227855	-8547.03
478	0.0227855	-8547.89
479	0.0227855	-8762.64
480	0.0227855	-8665.43
481	0.0227855	-8923.55
482	0.0227855	-8707.95
483	0.0227855	-8635.79
484	0.0227855	-8580.91
485	0.0227855	-8548.5
486	0.0227855	-8522.81
487	0.0227855	-8563.04
488	0.0227855	-8570.21
489	0.0227855	-8668.48
490	0.0227855	-8352.8
491	0.0227855	-8645.32
492	0.0227855	-8553.97
493	0.0227855	-8553.54
494	0.0227855	-8529.28
495	0.0227855	-8553.14
496	0.0227855	-8587.78
497	0.0227855	-8776.81
498	0.0227855	-8698.95
499	0.0227855	-8577.16
500	0.0227855	-8324.17
501	0.0227855	-8361.81
502	0.0227855	-8427.03
503	0.0227855	-8562.53
504	0.0227855	-8732.24
505	0.0227855	-8731.38
506	0.0227855	-8654.31
507	0.0227855	-8550.59
508	0.0227855	-8579.4
509	0.0227855	-8747.02
510	0.0227855	-8765.8
511	0.0227855	-8556
512	0.0227855	-8528.22
513	0.0227855	-8581.39
514	0.0227855	-8691.84
515	0.0227855	-8899.93
516	0.0227855	-8499.67
517	0.0227855	-8607.58
518	0.0227855	-8436.57
519	0.0227855	-8521.01
520	0.0227855	-8626.85
521	0.0227855	-8798.71
522	0.0227855	-8801.01
523	0.0227855	-8733.41
524	0.0227855	-8591.14
525	0.0227855	-8557.03
526	0.0227855	-8726.4
527	0.0227855	-8679.01
528	0.0227855	-8495.27
529	0.0227855	-8630.83
530	0.0227855	-8788.75
531	0.0227855	-8585.68
532	0.0227855	-8813.49
533	0.0227855	-8683.23
534	0.0227855	-8873.38
535	0.0227855	-8804.38
536	0.0227855	-8825.41
537	0.0227855	-8689.51
538	0.0227855	-8715.09
539	0.0227855	-8609.6
540	0.0227855	-8639.17
541	0.0227855	-8634.32
542	0.0227855	-8666.5
543	0.0227855	-8534.65
544	0.0227855	-8574.47
545	0.0227855	-8645.36
546	0.0227855	-8922.56
547	0.0227855	-8538.53
548	0.0227855	-8688.34
549	0.0227855	-8547.27
550	0.0227855	-8712.03
551	0.0227855	-8579.9
552	0.0227855	-8436.05
553	0.0227855	-8415.67
554	0.0227855	-8563.96
555	0.0227855	-8692.03
556	0.0227855	-8591.71
557	0.0227855	-8677.17
558	0.0227855	-8407.58
559	0.0227855	-8621.09
560	0.0227855	-8599.12
561	0.0227855	-8508.98
562	0.0227855	-8610.64
563	0.0227855	-8612.93
564	0.0227855	-8608.02
565	0.0227855	-8928.66
566	0.0227855	-8957.89
567	0.0227855	-8622.91
568	0.0227855	-8559.9
569	0.0227855	-8549.2
570	0.0227855	-8645.34
571	0.0227855	-8775.93
572	0.0227855	-8588.11
573	0.0227855	-8875.35
574	0.0227855	-8660.13
575	0.0227855	-8525.94
576	0.0227855	-8705.63
577	0.0227855	-8525.88
578	0.0227855	-8796.73
579	0.0227855	-8661.59
580	0.0227855	-8749.27
581	0.0227855	-8379.12
582	0.0227855	-8684.05
583	0.0227855	-8775.65
584	0.0227855	-8580.79
585	0.0227855	-8565.73
586	0.0227855	-8623.26
587	0.0227855	-8605.02
588	0.0227855	-8938.68
589	0.0227855	-8565.75
590	0.0227855	-8884.95
591	0.0227855	-8639.27
592	0.0227855	-8784.06
593	0.0227855	-8473.11
594	0.0227855	-8660.23
595	0.0227855	-8822.48
596	0.0227855	-8604.49
597	0.0227855	-8847.28
598	0.0227855	-8923.68
599	0.0227855	-8809.92
600	0.0227855	-8702.13
601	0.0227855	-8796.29
602	0.0227855	-8581.49
603	0.0227855	-8627.25
604	0.0227855	-8588.52
605	0.0227855	-8539.53
606	0.0227855	-8676.69
607	0.0227855	-8692.26
608	0.0227855	-8709.23
609	0.0227855	-8718.27
610	0.0227855	-8848.21
611	0.0227855	-8843.46
612	0.0227855	-8727.83
613	0.0227855	-8667.2
614	0.0227855	-8743.61
615	0.0227855	-8518.15
616	0.0227855	-8559.63
617	0.0227855	-8600.98
618	0.0227855	-8649.3
619	0.0227855	-8598.53
620	0.0227855	-8546.19
621	0.0227855	-8461.03
622	0.0227855	-8452.02
623	0.0227855	-8576.63
624	0.0227855	-8407.73
625	0.0227855	-8563.75
626	0.0227855	-8549.41
627	0.0227855	-8505.47
628	0.0227855	-8707.01
629	0.0227855	-8811.16
630	0.0227855	-8599.57
631	0.0227855	-8616.46
632	0.0227855	-8498.57
633	0.0227855	-8555.09
634	0.0227855	-8530.89
635	0.0227855	-8409.72
636	0.0227855	-8421.68
637	0.0227855	-8522.12
638	0.0227855	-8613.53
639	0.0227855	-8519.65
640	0.0227855	-8667.82
641	0.0227855	-8619.18
642	0.0227855	-8653.77
643	0.0227855	-8475.54
644	0.0227855	-8580.95
645	0.0227855	-8507.12
646	0.0227855	-8556.14
647	0.0227855	-8450.17
648	0.0227855	-8616.4
649	0.0227855	-8769.5
650	0.0227855	-8712.75
651	0.0227855	-8959.04
652	0.0227855	-8833.51
653	0.0227855	-8766.87
654	0.0227855	-8975.38
655	0.0227855	-8733.69
656	0.0227855	-8916.75
657	0.0227855	-8994.33
658	0.0227855	-8690.92
659	0.0227855	-8602.67
660	0.0227855	-8601.3
661	0.0227855	-8421.95
662	0.0227855	-8799.13
663	0.0227855	-8769.73
664	0.0227855	-8877.98
665	0.0227855	-8805.7
666	0.0227855	-8648.74
667	0.0227855	-8642.55
668	0.0227855	-8534.92
669	0.0227855	-8806.44
670	0.0227855	-8650.75
671	0.0227855	-8719.11
672	0.0227855	-8768.84
673	0.0227855	-8535.07
674	0.0227855	-8560.91
675	0.0227855	-8539.57
676	0.0227855	-8713.02
677	0.0227855	-8668.14
678	0.0227855	-8853.01
679	0.0227855	-8543.79
680	0.0227855	-8629.93
681	0.0227855	-8469.98
682	0.0227855	-8758.25
683	0.0227855	-8673.91
684	0.0227855	-8541.77
685	0.0227855	-8900.33
686	0.0227855	-8590.44
687	0.0227855	-8692.38
688	0.0227855	-8412.82
689	0.0227855	-8577.07
690	0.0227855	-8574.31
691	0.0227855	-8816
692	0.0227855	-8838.98
693	0.0227855	-8624.86
694	0.0227855	-8608.52
695	0.0227855	-8656.1
696	0.0227855	-8974.33
697	0.0227855	-9002.05
698	0.0227855	-8952.34
699	0.0227855	-8571.4
700	0.0227855	-8693.19
701	0.0227855	-8785.73
702	0.0227855	-8778.07
703	0.0227855	-9130.46
704	0.0227855	-8946.59
705	0.0227855	-8910.68
706	0.0227855	-8675.86
707	0.0227855	-8685.67
708	0.0227855	-8839.58
709	0.0227855	-8810.38
710	0.0227855	-8726.01
711	0.0227855	-8790.42
712	0.0227855	-8650.26
713	0.0227855	-8565.94
714	0.0227855	-8719.7
715	0.0227855	-8577.07
716	0.0227855	-8447.43
717	0.0227855	-8547.17
718	0.0227855	-8694.39
719	0.0227855	-8696.93
720	0.0227855	-8676.54
721	0.0227855	-8766.6
722	0.0227855	-8717.18
723	0.0227855	-8549.76
724	0.0227855	-8863.85
725	0.0227855	-8894.46
726	0.0227855	-8711.12
727	0.0227855	-8685.57
728	0.0227855	-8689.97
729	0.0227855	-8511.26
730	0.0227855	-8741.41
731	0.0227855	-8616.73
732	0.0227855	-8649.25
733	0.0227855	-8661.41
734	0.0227855	-8760.92
735	0.0227855	-8609.23
736	0.0227855	-8600.14
737	0.0227855	-8502.54
738	0.0227855	-8472.01
739	0.0227855	-8461.29
740	0.0227855	-8618.98
741	0.0227855	-8527.48
742	0.0227855	-8349.32
743	0.0227855	-8480.4
744	0.0227855	-8781.45
745	0.0227855	-8708.85
746	0.0227855	-8588.82
747	0.0227855	-8816.16
748	0.0227855	-8908.25
749	0.0227855	-8608.83
750	0.0227855	-8519.59
751	0.0227855	-8607.41
752	0.0227855	-8642.46
753	0.0227855	-8736.66
754	0.0227855	-8752.05
755	0.0227855	-8670.1
756	0.0227855	-8683
757	0.0227855	-8522.3
758	0.0227855	-8700.7
759	0.0227855	-8595.12
760	0.0227855	-8447.75
761	0.0227855	-8616.14
762	0.0227855	-8677.82
763	0.0227855	-8657.9
764	0.0227855	-8708.19
765	0.0227855	-8438.1
766	0.0227855	-8409.21
767	0.0227855	-8646.15
768	0.0227855	-8548.29
769	0.0227855	-8578.37
770	0.0227855	-8600.46
771	0.0227855	-8390.79
772	0.0227855	-8587.97
773	0.0227855	-8612.28
774	0.0227855	-8745.13
775	0.0227855	-8834.66
776	0.0227855	-8565.79
777	0.0227855	-8449.19
778	0.0227855	-8635.79
779	0.0227855	-8566.63
780	0.0227855	-8681.72
781	0.0227855	-8720.15
782	0.0227855	-8831.16
783	0.0227855	-8703.79
784	0.0227855	-8749.79
785	0.0227855	-8445.48
786	0.0227855	-8607.81
787	0.0227855	-8685.24
788	0.0227855	-8568.94
789	0.0227855	-8810.95
790	0.0227855	-8558.47
791	0.0227855	-9415.06
792	0.0227855	-8807.15
793	0.0227855	-8443.83
794	0.0227855	-8405.77
795	0.0227855	-8569.09
796	0.0227855	-8554.36
797	0.0227855	-8650.61
798	0.0227855	-8623.51
799	0.0227855	-8794.52
800	0.0227855	-8843.38
801	0.0227855	-8713.79
802	0.0227855	-8763.93
803	0.0227855	-8820.43
804	0.0227855	-8839.7
805	0.0227855	-8742.67
806	0.0227855	-8658.73
807	0.0227855	-8479.43
808	0.0227855	-8729.05
809	0.0227855	-8760.54
810	0.0227855	-8619.18
811	0.0227855	-8580.77
812	0.0227855	-8897.34
813	0.0227855	-8606.57
814	0.0227855	-8621.56
815	0.0227855	-9001.68
816	0.0227855	-8854.29
817	0.0227855	-9087.32
818	0.0227855	-8675.43
819	0.0227855	-8612.57
820	0.0227855	-8732.87
821	0.0227855	-8677.34
822	0.0227855	-8783.7
823	0.0227855	-8753.85
824	0.0227855	-8651.14
825	0.0227855	-8494.8
826	0.0227855	-8414.54
827	0.0227855	-8738.17
828	0.0227855	-8536.66
829	0.0227855	-8588.89
830	0.0227855	-8712.17
831	0.0227855	-8452.28
832	0.0227855	-8678.19
833	0.0227855	-8718.13
834	0.0227855	-8668.43
835	0.0227855	-8597.67
836	0.0227855	-8602.04
837	0.0227855	-8648.76
838	0.0227855	-8430.58
839	0.0227855	-8564.53
840	0.0227855	-8439.82
841	0.0227855	-8584.39
842	0.0227855	-8512.24
843	0.0227855	-8485.46
844	0.0227855	-8552.96
845	0.0227855	-8543.1
846	0.0227855	-8763.78
847	0.0227855	-8580.24
848	0.0227855	-8564.88
849	0.0227855	-8521.67
850	0.0227855	-8464.95
851	0.0227855	-8542.48
852	0.0227855	-8487.28
853	0.0227855	-8579.58
854	0.0227855	-8637.99
855	0.0227855	-8610.7
856	0.0227855	-8584.64
857	0.0227855	-8770.09
858	0.0227855	-8888.93
859	0.0227855	-8918.47
860	0.0227855	-8967.23
861	0.0227855	-8612.78
862	0.0227855	-8713.45
863	0.0227855	-8774.65
864	0.0227855	-8527.36
865	0.0227855	-8560.92
866	0.0227855	-8379.48
867	0.0227855	-8482.1
868	0.0227855	-8552.95
869	0.0227855	-8797.73
870	0.0227855	-8721.88
871	0.0227855	-8502.01
872	0.0227855	-8649.05
873	0.0227855	-8715.18
874	0.0227855	-8731.08
875	0.0227855	-8727.77
876	0.0227855	-8696.11
877	0.0227855	-8616.77
878	0.0227855	-8692.07
879	0.0227855	-8716.79
880	0.0227855	-8713.56
881	0.0227855	-8756.53
882	0.0227855	-8834.01
883	0.0227855	-8655.25
884	0.0227855	-8602.68
885	0.0227855	-8560.64
886	0.0227855	-8675.5
887	0.0227855	-8476.97
888	0.0227855	-8439.75
889	0.0227855	-8515.29
890	0.0227855	-8283.86
891	0.0227855	-8521.21
892	0.0227855	-8522.57
893	0.0227855	-8544.24
894	0.0227855	-8459.07
895	0.0227855	-8565.03
896	0.0227855	-8664.84
897	0.0227855	-8665.8
898	0.0227855	-8743.65
899	0.0227855	-8531.4
900	0.0227855	-8457.42
901	0.0227855	-8519.29
902	0.0227855	-8847.94
903	0.0227855	-8480.35
904	0.0227855	-8571.8
905	0.0227855	-8634.8
906	0.0227855	-8653.86
907	0.0227855	-8666.17
908	0.0227855	-8640.87
909	0.0227855	-8626.48
910	0.0227855	-8701.33
911	0.0227855	-8915.17
912	0.0227855	-8892.65
913	0.0227855	-9194.5
914	0.0227855	-9229.61
915	0.0227855	-9167.25
916	0.0227855	-8703.54
917	0.0227855	-8826.29
918	0.0227855	-8868.54
919	0.0227855	-8741.08
920	0.0227855	-8640.69
921	0.0227855	-8762.23
922	0.0227855	-8730.22
923	0.0227855	-8535.53
924	0.0227855	-8683.35
925	0.0227855	-8625.84
926	0.0227855	-8685.34
927	0.0227855	-8702.04
928	0.0227855	-8722.16
929	0.0227855	-8804.73
930	0.0227855	-8568.81
931	0.0227855	-8705.09
932	0.0227855	-8613.39
933	0.0227855	-8727.54
934	0.0227855	-8560.64
935	0.0227855	-8484.86
936	0.0227855	-8522.74
937	0.0227855	-8441.37
938	0.0227855	-8697.19
939	0.0227855	-8818.2
940	0.0227855	-8729.04
941	0.0227855	-8635.59
942	0.0227855	-8536.25
943	0.0227855	-8605.93
944	0.0227855	-8651.6
945	0.0227855	-8803.25
946	0.0227855	-8571.42
947	0.0227855	-8503.32
948	0.0227855	-8442.25
949	0.0227855	-8679.04
950	0.0227855	-8777.62
951	0.0227855	-8632.49
952	0.0227855	-8553.85
953	0.0227855	-8726.27
954	0.0227855	-8866.59
955	0.0227855	-8665.73
956	0.0227855	-8755.41
957	0.0227855	-8613.8
958	0.0227855	-8588.42
959	0.0227855	-8727.23
960	0.0227855	-8623.1
961	0.0227855	-8761.04
962	0.0227855	-8740.08
963	0.0227855	-8729.98
964	0.0227855	-8694.42
965	0.0227855	-8745.3
966	0.0227855	-8905.99
967	0.0227855	-8793.4
968	0.0227855	-8669.91
969	0.0227855	-8835.01
970	0.0227855	-8644.04
971	0.0227855	-8438.15
972	0.0227855	-8495.68
973	0.0227855	-8411.15
974	0.0227855	-8462.36
975	0.0227855	-8357.6
976	0.0227855	-8537.26
977	0.0227855	-8456.38
978	0.0227855	-8483.3
979	0.0227855	-8505.94
980	0.0227855	-8465.84
981	0.0227855	-8372.7
982	0.0227855	-8331.19
983	0.0227855	-8276.57
984	0.0227855	-8297.93
985	0.0227855	-8394.29
986	0.0227855	-8921.95
987	0.0227855	-8496.72
988	0.0227855	-8311.76
989	0.0227855	-8508.77
990	0.0227855	-8502.61
991	0.0227855	-8478.66
992	0.0227855	-8570.95
993	0.0227855	-8572.61
994	0.0227855	-8508.28
995	0.0227855	-8583.78
996	0.0227855	-8702.84
997	0.0227855	-8696
998	0.0227855	-8657.55
999	0.0227855	-8504.61
1000	0.0227855	-8843.24
