state	power	likelihood
251	0.0037121	-10315.4
252	0.0037121	-9504.43
253	0.0037121	-10154.1
254	0.0037121	-10404.3
255	0.0037121	-9561.1
256	0.0037121	-9527.63
257	0.0037121	-9615.63
258	0.0037121	-10251.6
259	0.0037121	-10587.6
260	0.0037121	-10338.4
261	0.0037121	-10840.7
262	0.0037121	-10564.3
263	0.0037121	-10401.2
264	0.0037121	-9880.82
265	0.0037121	-10340.7
266	0.0037121	-10355.6
267	0.0037121	-11284.4
268	0.0037121	-10173.4
269	0.0037121	-10935
270	0.0037121	-10964.7
271	0.0037121	-10065.5
272	0.0037121	-9482.64
273	0.0037121	-9639.73
274	0.0037121	-10834.6
275	0.0037121	-10031.8
276	0.0037121	-10428.9
277	0.0037121	-9651.88
278	0.0037121	-11014
279	0.0037121	-10697
280	0.0037121	-10444.6
281	0.0037121	-10235.7
282	0.0037121	-10293.4
283	0.0037121	-11035.7
284	0.0037121	-9753.63
285	0.0037121	-9937.07
286	0.0037121	-10533.8
287	0.0037121	-9761.79
288	0.0037121	-10978.2
289	0.0037121	-10584.6
290	0.0037121	-10342.1
291	0.0037121	-10076.9
292	0.0037121	-10316.4
293	0.0037121	-10499.6
294	0.0037121	-10512.3
295	0.0037121	-10167.5
296	0.0037121	-11094.7
297	0.0037121	-10156.3
298	0.0037121	-9544.27
299	0.0037121	-9442.58
300	0.0037121	-10376.2
301	0.0037121	-10095.4
302	0.0037121	-10251.5
303	0.0037121	-10537.1
304	0.0037121	-10393.7
305	0.0037121	-10156
306	0.0037121	-11135
307	0.0037121	-10443.2
308	0.0037121	-10377.5
309	0.0037121	-10940.7
310	0.0037121	-10536.6
311	0.0037121	-9808.34
312	0.0037121	-10612.2
313	0.0037121	-10924.4
314	0.0037121	-10404.7
315	0.0037121	-10609.8
316	0.0037121	-10584.1
317	0.0037121	-11990
318	0.0037121	-9866.17
319	0.0037121	-11656.2
320	0.0037121	-10769.4
321	0.0037121	-9538.99
322	0.0037121	-10765.3
323	0.0037121	-9714.39
324	0.0037121	-10307.7
325	0.0037121	-10050.3
326	0.0037121	-10346.3
327	0.0037121	-10047.7
328	0.0037121	-10033
329	0.0037121	-10770.1
330	0.0037121	-9592.18
331	0.0037121	-9335.46
332	0.0037121	-9404.43
333	0.0037121	-9774.39
334	0.0037121	-9701.81
335	0.0037121	-9993.12
336	0.0037121	-9764.05
337	0.0037121	-9891.73
338	0.0037121	-9844.31
339	0.0037121	-10993.8
340	0.0037121	-10242.5
341	0.0037121	-10575.2
342	0.0037121	-10201.2
343	0.0037121	-10450.1
344	0.0037121	-10778.3
345	0.0037121	-10428.4
346	0.0037121	-10306.4
347	0.0037121	-9881.26
348	0.0037121	-9686.74
349	0.0037121	-9720.1
350	0.0037121	-11049.5
351	0.0037121	-10918.5
352	0.0037121	-9945.64
353	0.0037121	-9658.29
354	0.0037121	-10054.4
355	0.0037121	-10137.8
356	0.0037121	-10027.7
357	0.0037121	-9312.26
358	0.0037121	-10413.9
359	0.0037121	-10410.7
360	0.0037121	-10502.2
361	0.0037121	-9935.03
362	0.0037121	-9852.75
363	0.0037121	-9579.49
364	0.0037121	-9824.2
365	0.0037121	-11104.4
366	0.0037121	-10591.7
367	0.0037121	-9648.71
368	0.0037121	-9803.45
369	0.0037121	-10322.2
370	0.0037121	-10490.2
371	0.0037121	-10358.8
372	0.0037121	-10044.8
373	0.0037121	-9422.96
374	0.0037121	-10078.6
375	0.0037121	-10464.6
376	0.0037121	-10139
377	0.0037121	-9977.07
378	0.0037121	-10165.3
379	0.0037121	-9758.77
380	0.0037121	-9709.84
381	0.0037121	-9678.07
382	0.0037121	-9720.32
383	0.0037121	-10011.3
384	0.0037121	-9841.8
385	0.0037121	-10172.8
386	0.0037121	-10395.5
387	0.0037121	-10482.1
388	0.0037121	-10382.3
389	0.0037121	-9867.78
390	0.0037121	-10378.4
391	0.0037121	-10236.6
392	0.0037121	-10744.8
393	0.0037121	-9991.23
394	0.0037121	-10692.1
395	0.0037121	-9878.21
396	0.0037121	-10691.4
397	0.0037121	-10341.9
398	0.0037121	-10733.6
399	0.0037121	-10330.1
400	0.0037121	-10120.8
401	0.0037121	-10050
402	0.0037121	-9402.07
403	0.0037121	-9689.07
404	0.0037121	-9720.44
405	0.0037121	-9719.61
406	0.0037121	-10213.3
407	0.0037121	-10188.5
408	0.0037121	-10375.2
409	0.0037121	-9702.81
410	0.0037121	-9595.3
411	0.0037121	-9776.38
412	0.0037121	-9492.18
413	0.0037121	-9573.37
414	0.0037121	-10646.2
415	0.0037121	-10341
416	0.0037121	-9928.46
417	0.0037121	-9496.38
418	0.0037121	-9917.33
419	0.0037121	-11068.8
420	0.0037121	-10290.1
421	0.0037121	-10048
422	0.0037121	-10694
423	0.0037121	-9470.33
424	0.0037121	-10185.9
425	0.0037121	-9276.68
426	0.0037121	-10415.2
427	0.0037121	-11398.3
428	0.0037121	-10704.1
429	0.0037121	-10408.8
430	0.0037121	-11039.5
431	0.0037121	-9831.61
432	0.0037121	-11497.1
433	0.0037121	-10009.9
434	0.0037121	-10975
435	0.0037121	-10490.1
436	0.0037121	-11200.6
437	0.0037121	-10445.6
438	0.0037121	-10674.6
439	0.0037121	-10627.7
440	0.0037121	-10563.4
441	0.0037121	-10981.3
442	0.0037121	-9768.25
443	0.0037121	-9679.9
444	0.0037121	-10108.9
445	0.0037121	-9701
446	0.0037121	-10579
447	0.0037121	-10332.5
448	0.0037121	-10107.2
449	0.0037121	-10175
450	0.0037121	-9843.67
451	0.0037121	-10004.9
452	0.0037121	-10506.1
453	0.0037121	-10458.3
454	0.0037121	-9459.83
455	0.0037121	-9507.29
456	0.0037121	-9381.51
457	0.0037121	-10484.6
458	0.0037121	-10538
459	0.0037121	-11101.5
460	0.0037121	-10745.3
461	0.0037121	-11389.7
462	0.0037121	-11219.8
463	0.0037121	-10636.8
464	0.0037121	-10328.9
465	0.0037121	-10120.5
466	0.0037121	-10140.8
467	0.0037121	-10541.8
468	0.0037121	-9795.93
469	0.0037121	-10382.4
470	0.0037121	-10362.4
471	0.0037121	-9603.31
472	0.0037121	-10432.5
473	0.0037121	-10422.8
474	0.0037121	-9430.34
475	0.0037121	-9655.18
476	0.0037121	-9134.91
477	0.0037121	-9590.21
478	0.0037121	-9834.47
479	0.0037121	-11117
480	0.0037121	-10448.6
481	0.0037121	-9536.06
482	0.0037121	-10627
483	0.0037121	-9901.42
484	0.0037121	-9943.44
485	0.0037121	-9902.03
486	0.0037121	-9955.51
487	0.0037121	-10832.9
488	0.0037121	-10377.5
489	0.0037121	-10296.8
490	0.0037121	-10137.8
491	0.0037121	-10343.3
492	0.0037121	-9815.17
493	0.0037121	-10118.8
494	0.0037121	-10220.8
495	0.0037121	-10476.3
496	0.0037121	-10983.8
497	0.0037121	-10707.8
498	0.0037121	-10290.2
499	0.0037121	-9415.79
500	0.0037121	-10209.6
501	0.0037121	-10070.1
502	0.0037121	-9108.75
503	0.0037121	-9196.83
504	0.0037121	-10029.4
505	0.0037121	-9945.24
506	0.0037121	-10444.8
507	0.0037121	-10314
508	0.0037121	-10049.7
509	0.0037121	-10003
510	0.0037121	-10379.7
511	0.0037121	-10701.7
512	0.0037121	-10177.6
513	0.0037121	-10240.6
514	0.0037121	-10072.5
515	0.0037121	-10505.2
516	0.0037121	-9658.22
517	0.0037121	-9354.16
518	0.0037121	-10907
519	0.0037121	-9598.98
520	0.0037121	-10053.2
521	0.0037121	-10654.1
522	0.0037121	-10383
523	0.0037121	-10032.4
524	0.0037121	-10318.4
525	0.0037121	-10195.2
526	0.0037121	-10612.7
527	0.0037121	-10857.1
528	0.0037121	-10737
529	0.0037121	-10405.7
530	0.0037121	-10495
531	0.0037121	-10036.9
532	0.0037121	-9946.58
533	0.0037121	-9958.92
534	0.0037121	-10362
535	0.0037121	-9581.24
536	0.0037121	-9916.06
537	0.0037121	-11206.9
538	0.0037121	-10898.6
539	0.0037121	-10947.8
540	0.0037121	-10908.2
541	0.0037121	-10906.7
542	0.0037121	-10245.5
543	0.0037121	-10180.7
544	0.0037121	-9487.91
545	0.0037121	-10044.9
546	0.0037121	-9999.07
547	0.0037121	-9940.01
548	0.0037121	-9462.76
549	0.0037121	-10494
550	0.0037121	-10199.4
551	0.0037121	-10206.6
552	0.0037121	-10110.5
553	0.0037121	-9584.54
554	0.0037121	-10096.6
555	0.0037121	-9993.98
556	0.0037121	-10347.2
557	0.0037121	-9421.72
558	0.0037121	-9442.42
559	0.0037121	-9568.74
560	0.0037121	-9660.57
561	0.0037121	-10598.5
562	0.0037121	-10430.7
563	0.0037121	-10151.4
564	0.0037121	-10479.2
565	0.0037121	-10505.3
566	0.0037121	-10660.7
567	0.0037121	-10628.8
568	0.0037121	-10247
569	0.0037121	-10822
570	0.0037121	-10371.2
571	0.0037121	-10380.7
572	0.0037121	-10206.8
573	0.0037121	-10464.5
574	0.0037121	-10973
575	0.0037121	-10090.6
576	0.0037121	-10822.2
577	0.0037121	-10620.7
578	0.0037121	-9726.98
579	0.0037121	-10561.8
580	0.0037121	-9667.84
581	0.0037121	-9265.49
582	0.0037121	-10082.3
583	0.0037121	-9173.67
584	0.0037121	-9423.41
585	0.0037121	-10048
586	0.0037121	-9641.33
587	0.0037121	-10731.9
588	0.0037121	-10322.1
589	0.0037121	-10247.8
590	0.0037121	-10013.6
591	0.0037121	-9716.59
592	0.0037121	-10027.1
593	0.0037121	-9901.76
594	0.0037121	-10320.8
595	0.0037121	-9634.72
596	0.0037121	-10010.4
597	0.0037121	-9922.19
598	0.0037121	-9714.34
599	0.0037121	-10064.5
600	0.0037121	-10818
601	0.0037121	-11362.6
602	0.0037121	-12039.8
603	0.0037121	-10386.8
604	0.0037121	-10813
605	0.0037121	-10198.2
606	0.0037121	-10460.3
607	0.0037121	-10717.2
608	0.0037121	-10197
609	0.0037121	-9526.77
610	0.0037121	-9823.96
611	0.0037121	-9984.72
612	0.0037121	-10043.7
613	0.0037121	-9985.64
614	0.0037121	-9908.51
615	0.0037121	-11029.3
616	0.0037121	-9862.54
617	0.0037121	-10330.3
618	0.0037121	-10145.4
619	0.0037121	-10404.1
620	0.0037121	-10085.1
621	0.0037121	-9797.23
622	0.0037121	-10241.2
623	0.0037121	-9511.74
624	0.0037121	-10482.5
625	0.0037121	-10351.6
626	0.0037121	-11976.8
627	0.0037121	-9247.28
628	0.0037121	-10508.4
629	0.0037121	-9482.92
630	0.0037121	-10313.8
631	0.0037121	-9826.36
632	0.0037121	-9633.85
633	0.0037121	-9482.23
634	0.0037121	-9186.88
635	0.0037121	-9268.73
636	0.0037121	-10624.3
637	0.0037121	-10514.4
638	0.0037121	-10720.3
639	0.0037121	-10144.4
640	0.0037121	-9544.21
641	0.0037121	-9678.73
642	0.0037121	-10377.7
643	0.0037121	-9420.27
644	0.0037121	-10298.2
645	0.0037121	-9659.68
646	0.0037121	-10356.5
647	0.0037121	-9405.85
648	0.0037121	-9978.87
649	0.0037121	-10392.3
650	0.0037121	-10620.3
651	0.0037121	-10413.6
652	0.0037121	-10598.6
653	0.0037121	-10744.5
654	0.0037121	-9573.69
655	0.0037121	-9882.45
656	0.0037121	-9683.09
657	0.0037121	-9144.12
658	0.0037121	-9694.15
659	0.0037121	-9332.66
660	0.0037121	-9923.01
661	0.0037121	-10106.6
662	0.0037121	-10303.5
663	0.0037121	-9619.91
664	0.0037121	-10211
665	0.0037121	-9943.91
666	0.0037121	-10599.1
667	0.0037121	-9628.1
668	0.0037121	-10402.5
669	0.0037121	-9090.63
670	0.0037121	-9392.5
671	0.0037121	-11057.6
672	0.0037121	-9632.12
673	0.0037121	-10205.2
674	0.0037121	-10542.9
675	0.0037121	-9767.83
676	0.0037121	-10291.5
677	0.0037121	-10657.5
678	0.0037121	-10391.3
679	0.0037121	-10612.4
680	0.0037121	-10742.7
681	0.0037121	-10176.4
682	0.0037121	-10194.4
683	0.0037121	-10144.5
684	0.0037121	-10058.2
685	0.0037121	-10357.4
686	0.0037121	-10078
687	0.0037121	-9907.94
688	0.0037121	-10914
689	0.0037121	-10803.7
690	0.0037121	-9939.84
691	0.0037121	-10676.4
692	0.0037121	-10575.8
693	0.0037121	-9801.97
694	0.0037121	-10182.9
695	0.0037121	-10583.8
696	0.0037121	-9193.14
697	0.0037121	-9437.55
698	0.0037121	-9556.48
699	0.0037121	-9776.2
700	0.0037121	-9996.85
701	0.0037121	-10370.4
702	0.0037121	-9733.8
703	0.0037121	-9830.44
704	0.0037121	-9184.22
705	0.0037121	-10225.4
706	0.0037121	-10746.2
707	0.0037121	-11357.6
708	0.0037121	-8806.58
709	0.0037121	-11082.2
710	0.0037121	-10468.3
711	0.0037121	-10146.7
712	0.0037121	-10535.7
713	0.0037121	-9888.03
714	0.0037121	-10151.5
715	0.0037121	-10293.8
716	0.0037121	-10092.3
717	0.0037121	-10759.4
718	0.0037121	-10445.7
719	0.0037121	-10286.9
720	0.0037121	-10741.4
721	0.0037121	-10540
722	0.0037121	-10142.6
723	0.0037121	-10167
724	0.0037121	-10351.4
725	0.0037121	-10595.1
726	0.0037121	-10798.6
727	0.0037121	-10232.2
728	0.0037121	-10431.2
729	0.0037121	-10345
730	0.0037121	-9992.12
731	0.0037121	-9480.1
732	0.0037121	-10353.5
733	0.0037121	-10305.6
734	0.0037121	-10394
735	0.0037121	-9769.3
736	0.0037121	-9829.82
737	0.0037121	-10396.8
738	0.0037121	-10060.1
739	0.0037121	-10737.9
740	0.0037121	-10351.8
741	0.0037121	-10230.9
742	0.0037121	-10566.7
743	0.0037121	-9392.66
744	0.0037121	-9779.47
745	0.0037121	-9821.31
746	0.0037121	-9852.23
747	0.0037121	-10423.1
748	0.0037121	-10747.6
749	0.0037121	-9471
750	0.0037121	-10604.2
751	0.0037121	-10227.2
752	0.0037121	-10499.4
753	0.0037121	-10932.8
754	0.0037121	-11680.9
755	0.0037121	-11014.5
756	0.0037121	-11220.6
757	0.0037121	-11605
758	0.0037121	-10850
759	0.0037121	-10148.7
760	0.0037121	-9773.46
761	0.0037121	-10017
762	0.0037121	-10716.8
763	0.0037121	-10023.1
764	0.0037121	-10624.4
765	0.0037121	-10623.2
766	0.0037121	-10548.7
767	0.0037121	-11297.3
768	0.0037121	-10790.1
769	0.0037121	-11430.6
770	0.0037121	-10591.5
771	0.0037121	-10398.9
772	0.0037121	-10321.6
773	0.0037121	-10810.4
774	0.0037121	-10751.7
775	0.0037121	-10930.9
776	0.0037121	-11005.5
777	0.0037121	-10325.3
778	0.0037121	-10047.1
779	0.0037121	-10304.3
780	0.0037121	-9745.71
781	0.0037121	-9740.46
782	0.0037121	-10196.9
783	0.0037121	-10281.3
784	0.0037121	-9875.26
785	0.0037121	-10120.4
786	0.0037121	-11165.7
787	0.0037121	-10599.2
788	0.0037121	-10424.9
789	0.0037121	-9592.66
790	0.0037121	-9617.73
791	0.0037121	-9522.56
792	0.0037121	-10136
793	0.0037121	-9938.31
794	0.0037121	-8974.42
795	0.0037121	-9600.01
796	0.0037121	-10607.2
797	0.0037121	-10421.8
798	0.0037121	-10065
799	0.0037121	-9420.55
800	0.0037121	-9980.08
801	0.0037121	-10511.6
802	0.0037121	-10436.6
803	0.0037121	-10082.8
804	0.0037121	-10219.2
805	0.0037121	-11021.6
806	0.0037121	-10251.3
807	0.0037121	-9437.69
808	0.0037121	-9640.84
809	0.0037121	-9692.89
810	0.0037121	-9374.15
811	0.0037121	-10665.1
812	0.0037121	-10583.6
813	0.0037121	-10182.7
814	0.0037121	-10956.9
815	0.0037121	-9929.33
816	0.0037121	-9379.03
817	0.0037121	-10076.2
818	0.0037121	-10527.9
819	0.0037121	-10560.9
820	0.0037121	-10454.4
821	0.0037121	-10096.8
822	0.0037121	-10580.8
823	0.0037121	-10599.6
824	0.0037121	-9962.82
825	0.0037121	-10327.4
826	0.0037121	-10608.2
827	0.0037121	-10987.7
828	0.0037121	-11367
829	0.0037121	-10235.4
830	0.0037121	-9783.01
831	0.0037121	-10173.4
832	0.0037121	-10198
833	0.0037121	-9621.01
834	0.0037121	-9504.09
835	0.0037121	-10574.3
836	0.0037121	-10359.3
837	0.0037121	-10445.7
838	0.0037121	-10406.6
839	0.0037121	-10466
840	0.0037121	-9515.29
841	0.0037121	-9604.51
842	0.0037121	-9934.3
843	0.0037121	-11398.7
844	0.0037121	-11189.1
845	0.0037121	-10484.7
846	0.0037121	-9995.92
847	0.0037121	-10702.1
848	0.0037121	-10388.2
849	0.0037121	-11281.3
850	0.0037121	-11308.8
851	0.0037121	-10959.8
852	0.0037121	-8961.96
853	0.0037121	-10178.2
854	0.0037121	-10485.7
855	0.0037121	-10450.8
856	0.0037121	-10487.5
857	0.0037121	-10370.1
858	0.0037121	-9430.22
859	0.0037121	-9520.5
860	0.0037121	-9221.27
861	0.0037121	-10323.2
862	0.0037121	-10235.4
863	0.0037121	-10443.4
864	0.0037121	-10166.5
865	0.0037121	-10604
866	0.0037121	-9676.8
867	0.0037121	-10006
868	0.0037121	-10371.6
869	0.0037121	-10681.4
870	0.0037121	-10018.7
871	0.0037121	-11006.4
872	0.0037121	-10514.2
873	0.0037121	-10294.5
874	0.0037121	-9794.8
875	0.0037121	-10249.9
876	0.0037121	-9860.79
877	0.0037121	-10734.4
878	0.0037121	-9200.13
879	0.0037121	-9878.05
880	0.0037121	-9425.73
881	0.0037121	-9951.73
882	0.0037121	-10242.4
883	0.0037121	-9655.68
884	0.0037121	-9858.73
885	0.0037121	-9959.73
886	0.0037121	-9971.17
887	0.0037121	-11961.9
888	0.0037121	-10926.1
889	0.0037121	-10830.7
890	0.0037121	-10765.4
891	0.0037121	-10068.7
892	0.0037121	-11120.5
893	0.0037121	-10015.8
894	0.0037121	-10389.3
895	0.0037121	-10256.3
896	0.0037121	-10953.1
897	0.0037121	-9658.6
898	0.0037121	-9751.59
899	0.0037121	-9851.32
900	0.0037121	-9710.41
901	0.0037121	-10343.8
902	0.0037121	-10592.8
903	0.0037121	-9920.89
904	0.0037121	-10651.8
905	0.0037121	-9839.57
906	0.0037121	-9465
907	0.0037121	-10134.3
908	0.0037121	-10352.5
909	0.0037121	-9863.36
910	0.0037121	-9840.72
911	0.0037121	-10699.5
912	0.0037121	-9666.02
913	0.0037121	-10585.5
914	0.0037121	-10816.1
915	0.0037121	-10478.6
916	0.0037121	-10876.8
917	0.0037121	-10708.9
918	0.0037121	-10502.4
919	0.0037121	-10304.2
920	0.0037121	-10831.7
921	0.0037121	-10769.1
922	0.0037121	-11678
923	0.0037121	-10624.5
924	0.0037121	-10709.2
925	0.0037121	-10664.6
926	0.0037121	-10797
927	0.0037121	-9649.5
928	0.0037121	-9948.55
929	0.0037121	-9768.21
930	0.0037121	-10244.8
931	0.0037121	-10786.6
932	0.0037121	-10304.3
933	0.0037121	-10086.8
934	0.0037121	-10393.3
935	0.0037121	-11836.5
936	0.0037121	-9790.4
937	0.0037121	-9733.35
938	0.0037121	-10188.6
939	0.0037121	-10326.3
940	0.0037121	-10089.6
941	0.0037121	-10629.5
942	0.0037121	-9619.51
943	0.0037121	-10029.7
944	0.0037121	-9944.46
945	0.0037121	-10257.4
946	0.0037121	-10248.2
947	0.0037121	-10308.6
948	0.0037121	-10485.7
949	0.0037121	-9773.93
950	0.0037121	-10396
951	0.0037121	-10798.1
952	0.0037121	-9983.91
953	0.0037121	-10189.4
954	0.0037121	-9352.85
955	0.0037121	-9318.03
956	0.0037121	-9655.65
957	0.0037121	-9929.79
958	0.0037121	-11628.5
959	0.0037121	-10352.7
960	0.0037121	-10293.2
961	0.0037121	-9975.15
962	0.0037121	-11099.9
963	0.0037121	-10539.3
964	0.0037121	-10447
965	0.0037121	-10765.6
966	0.0037121	-10141.7
967	0.0037121	-10660.6
968	0.0037121	-10108.6
969	0.0037121	-9276.75
970	0.0037121	-10383.3
971	0.0037121	-10284.2
972	0.0037121	-10615.3
973	0.0037121	-10435.9
974	0.0037121	-9388.88
975	0.0037121	-10250.1
976	0.0037121	-9978.72
977	0.0037121	-10328.3
978	0.0037121	-9889.22
979	0.0037121	-9723.42
980	0.0037121	-9470.86
981	0.0037121	-9803.33
982	0.0037121	-10835.2
983	0.0037121	-10470.3
984	0.0037121	-9579.01
985	0.0037121	-10697.4
986	0.0037121	-9904.09
987	0.0037121	-9492.51
988	0.0037121	-10663.9
989	0.0037121	-9635.79
990	0.0037121	-10808.1
991	0.0037121	-10984.7
992	0.0037121	-11022.7
993	0.0037121	-10252.4
994	0.0037121	-10102.3
995	0.0037121	-10350.9
996	0.0037121	-9258.23
997	0.0037121	-9927.64
998	0.0037121	-9240.35
999	0.0037121	-9641.14
1000	0.0037121	-9150.54
