state	power	likelihood
251	0.00876572	-10195.1
252	0.00876572	-10381
253	0.00876572	-9847.53
254	0.00876572	-9795.81
255	0.00876572	-8976.68
256	0.00876572	-9091.1
257	0.00876572	-9132.83
258	0.00876572	-8828.11
259	0.00876572	-8923.27
260	0.00876572	-8951.17
261	0.00876572	-9029.83
262	0.00876572	-9167.96
263	0.00876572	-9013.83
264	0.00876572	-9388.8
265	0.00876572	-9447.83
266	0.00876572	-10113.6
267	0.00876572	-9457.69
268	0.00876572	-9470.87
269	0.00876572	-8953.53
270	0.00876572	-9110.33
271	0.00876572	-9516.96
272	0.00876572	-9134.26
273	0.00876572	-9734.01
274	0.00876572	-8925.37
275	0.00876572	-9269.31
276	0.00876572	-9405.28
277	0.00876572	-9615.99
278	0.00876572	-9145.05
279	0.00876572	-9248.35
280	0.00876572	-9001.47
281	0.00876572	-9223.25
282	0.00876572	-9370.97
283	0.00876572	-9110.61
284	0.00876572	-9540.18
285	0.00876572	-9243.43
286	0.00876572	-9402.04
287	0.00876572	-9521.22
288	0.00876572	-8991.16
289	0.00876572	-8897.73
290	0.00876572	-9317.45
291	0.00876572	-9139.96
292	0.00876572	-8867.15
293	0.00876572	-9199.44
294	0.00876572	-8936.05
295	0.00876572	-9211.21
296	0.00876572	-9435.6
297	0.00876572	-9366.52
298	0.00876572	-9324.69
299	0.00876572	-8923.75
300	0.00876572	-9238.66
301	0.00876572	-9497.94
302	0.00876572	-9758.56
303	0.00876572	-9126.84
304	0.00876572	-9099.82
305	0.00876572	-9453.99
306	0.00876572	-8870.88
307	0.00876572	-8635.24
308	0.00876572	-9188.12
309	0.00876572	-9344.18
310	0.00876572	-10204.5
311	0.00876572	-9667.87
312	0.00876572	-10065.4
313	0.00876572	-9667.01
314	0.00876572	-9669.04
315	0.00876572	-9163.65
316	0.00876572	-9253.23
317	0.00876572	-9596.79
318	0.00876572	-9436.94
319	0.00876572	-9477.62
320	0.00876572	-9261.15
321	0.00876572	-9287.96
322	0.00876572	-9156.56
323	0.00876572	-8979.06
324	0.00876572	-8943.23
325	0.00876572	-9411.8
326	0.00876572	-9025.01
327	0.00876572	-9546.95
328	0.00876572	-9955.24
329	0.00876572	-9453.38
330	0.00876572	-9158.05
331	0.00876572	-9136.45
332	0.00876572	-8809.21
333	0.00876572	-8879.24
334	0.00876572	-9356.59
335	0.00876572	-8995.08
336	0.00876572	-9385.94
337	0.00876572	-9201.77
338	0.00876572	-9080.45
339	0.00876572	-9275.26
340	0.00876572	-9370.69
341	0.00876572	-9848.95
342	0.00876572	-9057.81
343	0.00876572	-9341.8
344	0.00876572	-9280.64
345	0.00876572	-9495.8
346	0.00876572	-10369.6
347	0.00876572	-9618.54
348	0.00876572	-9069.64
349	0.00876572	-9192.58
350	0.00876572	-9422.94
351	0.00876572	-9184.81
352	0.00876572	-9657.87
353	0.00876572	-9462.1
354	0.00876572	-10135
355	0.00876572	-9118.03
356	0.00876572	-9158.19
357	0.00876572	-9024.71
358	0.00876572	-9061.15
359	0.00876572	-9013.28
360	0.00876572	-8973.78
361	0.00876572	-9271.14
362	0.00876572	-9234.22
363	0.00876572	-9451.31
364	0.00876572	-9593.05
365	0.00876572	-9303.54
366	0.00876572	-10387.6
367	0.00876572	-9391.81
368	0.00876572	-9778.96
369	0.00876572	-9205.33
370	0.00876572	-9572.16
371	0.00876572	-9355.96
372	0.00876572	-9012.21
373	0.00876572	-9102.92
374	0.00876572	-9160.3
375	0.00876572	-9877.76
376	0.00876572	-9404.78
377	0.00876572	-9921.75
378	0.00876572	-9393.87
379	0.00876572	-8924.29
380	0.00876572	-9315.08
381	0.00876572	-8938.28
382	0.00876572	-9381.04
383	0.00876572	-8961.14
384	0.00876572	-8892.3
385	0.00876572	-9042.03
386	0.00876572	-8819.64
387	0.00876572	-9487.01
388	0.00876572	-9480.78
389	0.00876572	-9005.43
390	0.00876572	-9034.65
391	0.00876572	-9384.86
392	0.00876572	-9186.69
393	0.00876572	-9227.35
394	0.00876572	-9345.91
395	0.00876572	-10136.6
396	0.00876572	-9382.4
397	0.00876572	-9617.58
398	0.00876572	-9573.09
399	0.00876572	-9122.86
400	0.00876572	-9384.47
401	0.00876572	-9578.63
402	0.00876572	-9331.98
403	0.00876572	-9832.37
404	0.00876572	-9179.24
405	0.00876572	-9123.74
406	0.00876572	-9574.53
407	0.00876572	-9098.85
408	0.00876572	-9082.49
409	0.00876572	-9056.73
410	0.00876572	-8836.35
411	0.00876572	-8942.08
412	0.00876572	-9833.46
413	0.00876572	-9328.27
414	0.00876572	-9818.85
415	0.00876572	-8995.32
416	0.00876572	-8944.06
417	0.00876572	-9145.94
418	0.00876572	-9069.68
419	0.00876572	-9936.54
420	0.00876572	-9450.82
421	0.00876572	-9291.79
422	0.00876572	-9166.88
423	0.00876572	-9240.13
424	0.00876572	-8974.39
425	0.00876572	-9371.95
426	0.00876572	-9238.59
427	0.00876572	-9072.97
428	0.00876572	-9372.71
429	0.00876572	-9558.37
430	0.00876572	-8840.64
431	0.00876572	-9242.71
432	0.00876572	-9066.44
433	0.00876572	-9640.94
434	0.00876572	-9778.91
435	0.00876572	-9258.57
436	0.00876572	-9288.03
437	0.00876572	-9465.13
438	0.00876572	-9468.38
439	0.00876572	-9160.79
440	0.00876572	-9205.03
441	0.00876572	-9288.85
442	0.00876572	-8836.26
443	0.00876572	-9332.57
444	0.00876572	-9496.7
445	0.00876572	-10368.8
446	0.00876572	-9753.01
447	0.00876572	-9274.83
448	0.00876572	-9667.44
449	0.00876572	-9484.03
450	0.00876572	-9083.29
451	0.00876572	-9239.83
452	0.00876572	-9093.75
453	0.00876572	-9084.24
454	0.00876572	-9820.64
455	0.00876572	-9250.92
456	0.00876572	-9443.24
457	0.00876572	-9637.4
458	0.00876572	-9860.46
459	0.00876572	-9684.32
460	0.00876572	-9391.72
461	0.00876572	-9038.53
462	0.00876572	-9063.95
463	0.00876572	-8950.88
464	0.00876572	-9367.41
465	0.00876572	-9445.61
466	0.00876572	-9789.56
467	0.00876572	-9161.38
468	0.00876572	-9095
469	0.00876572	-9295.75
470	0.00876572	-9108.63
471	0.00876572	-9452.45
472	0.00876572	-9348.3
473	0.00876572	-9746.9
474	0.00876572	-9158.06
475	0.00876572	-8996.55
476	0.00876572	-8943.25
477	0.00876572	-9194.86
478	0.00876572	-9136.52
479	0.00876572	-9196
480	0.00876572	-9526.2
481	0.00876572	-9934.99
482	0.00876572	-9154.48
483	0.00876572	-9143.66
484	0.00876572	-9208.3
485	0.00876572	-9213.73
486	0.00876572	-9620.18
487	0.00876572	-9292.97
488	0.00876572	-9324.06
489	0.00876572	-9361.99
490	0.00876572	-8964.1
491	0.00876572	-9236.66
492	0.00876572	-9057.13
493	0.00876572	-9731.12
494	0.00876572	-9328.78
495	0.00876572	-9621.02
496	0.00876572	-9101.16
497	0.00876572	-9019.38
498	0.00876572	-9964.99
499	0.00876572	-9427.06
500	0.00876572	-8699.2
501	0.00876572	-8917.95
502	0.00876572	-9192.5
503	0.00876572	-9366.72
504	0.00876572	-9436.88
505	0.00876572	-9074.52
506	0.00876572	-9470.83
507	0.00876572	-9495.9
508	0.00876572	-10015
509	0.00876572	-9555.98
510	0.00876572	-9609.5
511	0.00876572	-9418.2
512	0.00876572	-9106.92
513	0.00876572	-9477.06
514	0.00876572	-9331.17
515	0.00876572	-8956.62
516	0.00876572	-8841.75
517	0.00876572	-9055.42
518	0.00876572	-9217.7
519	0.00876572	-9537.28
520	0.00876572	-9246.07
521	0.00876572	-9821.52
522	0.00876572	-9287.62
523	0.00876572	-9594.62
524	0.00876572	-8822.17
525	0.00876572	-9018.82
526	0.00876572	-9343
527	0.00876572	-9341.73
528	0.00876572	-9278.6
529	0.00876572	-9435.44
530	0.00876572	-8779.69
531	0.00876572	-9119.17
532	0.00876572	-9032.73
533	0.00876572	-9271.74
534	0.00876572	-9425.25
535	0.00876572	-9684.8
536	0.00876572	-9761.02
537	0.00876572	-9080.03
538	0.00876572	-9333.41
539	0.00876572	-9562.56
540	0.00876572	-9578.99
541	0.00876572	-9489.17
542	0.00876572	-9426.82
543	0.00876572	-9367.19
544	0.00876572	-9370.48
545	0.00876572	-8908.57
546	0.00876572	-9188.5
547	0.00876572	-8906.44
548	0.00876572	-9141.18
549	0.00876572	-9446.8
550	0.00876572	-9052.1
551	0.00876572	-9095.5
552	0.00876572	-8867.33
553	0.00876572	-9234.99
554	0.00876572	-8874.27
555	0.00876572	-9384.12
556	0.00876572	-9252.06
557	0.00876572	-9086.65
558	0.00876572	-8893.87
559	0.00876572	-8999.27
560	0.00876572	-9127.75
561	0.00876572	-9129.54
562	0.00876572	-9198.37
563	0.00876572	-8886.27
564	0.00876572	-9032.68
565	0.00876572	-9230.14
566	0.00876572	-9695.45
567	0.00876572	-9387.14
568	0.00876572	-9046.38
569	0.00876572	-9304.85
570	0.00876572	-9324.34
571	0.00876572	-9396.93
572	0.00876572	-9516.4
573	0.00876572	-9208.15
574	0.00876572	-9279.05
575	0.00876572	-9290.98
576	0.00876572	-9055.58
577	0.00876572	-9301.69
578	0.00876572	-9273.3
579	0.00876572	-9384.49
580	0.00876572	-9601.11
581	0.00876572	-9679.65
582	0.00876572	-8994.21
583	0.00876572	-9217.69
584	0.00876572	-9021.63
585	0.00876572	-8914.87
586	0.00876572	-8934.9
587	0.00876572	-9166.15
588	0.00876572	-9331.85
589	0.00876572	-8910.26
590	0.00876572	-8868.21
591	0.00876572	-9821.35
592	0.00876572	-9341.5
593	0.00876572	-9412.19
594	0.00876572	-9159.94
595	0.00876572	-9149.41
596	0.00876572	-8879.54
597	0.00876572	-9130.16
598	0.00876572	-9161.91
599	0.00876572	-9081.29
600	0.00876572	-8968.48
601	0.00876572	-9386.59
602	0.00876572	-9604.58
603	0.00876572	-9543.03
604	0.00876572	-8777.96
605	0.00876572	-9068.38
606	0.00876572	-9281.45
607	0.00876572	-9530.92
608	0.00876572	-9454.15
609	0.00876572	-9016.43
610	0.00876572	-9452.39
611	0.00876572	-9209.31
612	0.00876572	-9435.19
613	0.00876572	-9491.43
614	0.00876572	-9441.87
615	0.00876572	-9134.68
616	0.00876572	-9454.47
617	0.00876572	-9024.02
618	0.00876572	-9835.01
619	0.00876572	-9258.61
620	0.00876572	-8903.63
621	0.00876572	-8714.25
622	0.00876572	-9051.08
623	0.00876572	-9582.73
624	0.00876572	-9505.68
625	0.00876572	-9502.74
626	0.00876572	-9206.25
627	0.00876572	-9146.63
628	0.00876572	-9057.7
629	0.00876572	-9070.91
630	0.00876572	-9553.04
631	0.00876572	-9536.15
632	0.00876572	-9454.95
633	0.00876572	-9486.85
634	0.00876572	-9591.24
635	0.00876572	-9352.53
636	0.00876572	-9511.95
637	0.00876572	-9080.23
638	0.00876572	-9339.77
639	0.00876572	-9035.96
640	0.00876572	-9094.15
641	0.00876572	-9311.36
642	0.00876572	-9321.9
643	0.00876572	-8838.42
644	0.00876572	-8898.64
645	0.00876572	-9028.12
646	0.00876572	-9018.23
647	0.00876572	-9144.14
648	0.00876572	-8891.93
649	0.00876572	-9245.33
650	0.00876572	-9824.16
651	0.00876572	-10210.7
652	0.00876572	-9766.9
653	0.00876572	-9468.6
654	0.00876572	-9976.21
655	0.00876572	-9355.8
656	0.00876572	-9977.94
657	0.00876572	-10052.9
658	0.00876572	-9313.59
659	0.00876572	-9438.61
660	0.00876572	-9472.37
661	0.00876572	-10081.6
662	0.00876572	-10242.7
663	0.00876572	-9007.13
664	0.00876572	-9222.95
665	0.00876572	-9544.55
666	0.00876572	-9473.21
667	0.00876572	-9979.76
668	0.00876572	-8856.57
669	0.00876572	-8911.43
670	0.00876572	-9063.41
671	0.00876572	-9399.23
672	0.00876572	-9098.33
673	0.00876572	-9061.98
674	0.00876572	-8835.94
675	0.00876572	-9138.42
676	0.00876572	-8770.43
677	0.00876572	-8869.56
678	0.00876572	-9302.64
679	0.00876572	-8876.06
680	0.00876572	-8743.67
681	0.00876572	-8736.18
682	0.00876572	-9289.8
683	0.00876572	-9247.58
684	0.00876572	-9698.61
685	0.00876572	-8886.65
686	0.00876572	-9574.88
687	0.00876572	-8988.03
688	0.00876572	-8961.4
689	0.00876572	-9927.5
690	0.00876572	-9653.09
691	0.00876572	-10269.6
692	0.00876572	-9107.94
693	0.00876572	-9632.75
694	0.00876572	-9456.64
695	0.00876572	-9601.34
696	0.00876572	-9751.35
697	0.00876572	-9589.98
698	0.00876572	-9809.2
699	0.00876572	-9987.19
700	0.00876572	-9030.88
701	0.00876572	-10076.4
702	0.00876572	-9286.96
703	0.00876572	-9145.78
704	0.00876572	-9092.97
705	0.00876572	-8995.26
706	0.00876572	-9087.08
707	0.00876572	-9055.3
708	0.00876572	-9250.69
709	0.00876572	-9077.59
710	0.00876572	-9792.47
711	0.00876572	-8977.43
712	0.00876572	-9451.27
713	0.00876572	-9113.27
714	0.00876572	-9330.66
715	0.00876572	-8989.18
716	0.00876572	-9588.64
717	0.00876572	-9611.33
718	0.00876572	-9650.54
719	0.00876572	-9877.45
720	0.00876572	-10448.4
721	0.00876572	-9204.56
722	0.00876572	-9771.8
723	0.00876572	-9496.47
724	0.00876572	-9285.6
725	0.00876572	-9414.67
726	0.00876572	-9116.68
727	0.00876572	-9486.12
728	0.00876572	-9330.48
729	0.00876572	-9512.73
730	0.00876572	-9631.2
731	0.00876572	-9683.1
732	0.00876572	-9428.21
733	0.00876572	-9526.29
734	0.00876572	-9101.91
735	0.00876572	-9372.34
736	0.00876572	-9254.92
737	0.00876572	-9386.95
738	0.00876572	-9065.53
739	0.00876572	-9338.3
740	0.00876572	-9051.9
741	0.00876572	-9224.8
742	0.00876572	-9369.94
743	0.00876572	-9113.53
744	0.00876572	-9077.76
745	0.00876572	-10166.3
746	0.00876572	-10066.6
747	0.00876572	-9881.45
748	0.00876572	-9235.09
749	0.00876572	-9382.84
750	0.00876572	-9220.34
751	0.00876572	-9458.8
752	0.00876572	-8904.43
753	0.00876572	-9104.51
754	0.00876572	-9959.28
755	0.00876572	-10121.5
756	0.00876572	-9981.37
757	0.00876572	-9540.76
758	0.00876572	-9108.63
759	0.00876572	-9094.35
760	0.00876572	-8984.92
761	0.00876572	-8908.47
762	0.00876572	-9187.49
763	0.00876572	-9456.18
764	0.00876572	-9692.53
765	0.00876572	-9447.78
766	0.00876572	-8816.73
767	0.00876572	-9354.93
768	0.00876572	-9273.25
769	0.00876572	-8870.75
770	0.00876572	-9214.59
771	0.00876572	-8979.26
772	0.00876572	-9158.52
773	0.00876572	-9280.9
774	0.00876572	-9034.31
775	0.00876572	-9427.69
776	0.00876572	-9123.7
777	0.00876572	-9534.34
778	0.00876572	-9355.41
779	0.00876572	-9236.2
780	0.00876572	-9509.61
781	0.00876572	-9503.34
782	0.00876572	-8994.97
783	0.00876572	-9411.82
784	0.00876572	-9111.43
785	0.00876572	-9648.85
786	0.00876572	-9143.33
787	0.00876572	-9012.35
788	0.00876572	-9643.45
789	0.00876572	-9357.88
790	0.00876572	-9285.49
791	0.00876572	-8942.55
792	0.00876572	-9264.72
793	0.00876572	-8890.17
794	0.00876572	-8891.17
795	0.00876572	-8859.11
796	0.00876572	-9218.08
797	0.00876572	-9925.97
798	0.00876572	-9626.2
799	0.00876572	-9751
800	0.00876572	-9994.34
801	0.00876572	-9553.84
802	0.00876572	-9375.57
803	0.00876572	-8940.94
804	0.00876572	-9256.45
805	0.00876572	-9944.72
806	0.00876572	-9740.4
807	0.00876572	-9422.95
808	0.00876572	-9279.36
809	0.00876572	-9421.74
810	0.00876572	-8997.31
811	0.00876572	-9445.94
812	0.00876572	-9325.51
813	0.00876572	-9277.33
814	0.00876572	-9826.96
815	0.00876572	-9790.94
816	0.00876572	-9371.43
817	0.00876572	-9318.16
818	0.00876572	-9005.4
819	0.00876572	-9260.71
820	0.00876572	-9402.6
821	0.00876572	-8975.61
822	0.00876572	-9030.27
823	0.00876572	-9825.88
824	0.00876572	-9083.67
825	0.00876572	-9246.63
826	0.00876572	-9522.03
827	0.00876572	-9592.96
828	0.00876572	-9052.34
829	0.00876572	-9104.77
830	0.00876572	-9492.44
831	0.00876572	-9343.63
832	0.00876572	-8977.2
833	0.00876572	-9216.86
834	0.00876572	-9136.67
835	0.00876572	-9092.94
836	0.00876572	-9457.03
837	0.00876572	-9350.96
838	0.00876572	-9382.85
839	0.00876572	-8953.31
840	0.00876572	-9135.34
841	0.00876572	-9043.7
842	0.00876572	-8935.46
843	0.00876572	-9425.58
844	0.00876572	-8945.43
845	0.00876572	-9278.01
846	0.00876572	-9620.99
847	0.00876572	-9498.46
848	0.00876572	-9208.12
849	0.00876572	-9270.27
850	0.00876572	-9142.37
851	0.00876572	-9125.44
852	0.00876572	-9193.39
853	0.00876572	-9237.49
854	0.00876572	-9242.79
855	0.00876572	-8894.54
856	0.00876572	-8924.36
857	0.00876572	-8789.12
858	0.00876572	-9046.84
859	0.00876572	-9377
860	0.00876572	-9506.43
861	0.00876572	-9613.35
862	0.00876572	-9536.75
863	0.00876572	-9696.56
864	0.00876572	-9542.95
865	0.00876572	-9881.21
866	0.00876572	-9254.11
867	0.00876572	-9127.57
868	0.00876572	-9602.3
869	0.00876572	-9577.61
870	0.00876572	-9377.56
871	0.00876572	-9262.54
872	0.00876572	-9449.51
873	0.00876572	-9613.9
874	0.00876572	-9299.68
875	0.00876572	-9200.78
876	0.00876572	-10086.2
877	0.00876572	-9106.47
878	0.00876572	-9508.51
879	0.00876572	-9787.6
880	0.00876572	-9989.99
881	0.00876572	-9168.3
882	0.00876572	-9255.33
883	0.00876572	-9498.98
884	0.00876572	-9504
885	0.00876572	-9239.91
886	0.00876572	-9437.7
887	0.00876572	-9178.7
888	0.00876572	-9434.45
889	0.00876572	-10237.7
890	0.00876572	-9719.11
891	0.00876572	-10045.8
892	0.00876572	-9479.79
893	0.00876572	-9834.65
894	0.00876572	-10586.6
895	0.00876572	-9895.23
896	0.00876572	-9693.33
897	0.00876572	-9969.39
898	0.00876572	-9903.7
899	0.00876572	-9266.49
900	0.00876572	-9093.93
901	0.00876572	-9591.05
902	0.00876572	-9360.48
903	0.00876572	-9758.65
904	0.00876572	-9058.76
905	0.00876572	-9226.53
906	0.00876572	-9024.14
907	0.00876572	-9362.24
908	0.00876572	-9350.12
909	0.00876572	-9189.94
910	0.00876572	-8946.89
911	0.00876572	-8934.64
912	0.00876572	-9222.19
913	0.00876572	-9717
914	0.00876572	-9194.98
915	0.00876572	-9686.12
916	0.00876572	-9184.36
917	0.00876572	-9076.81
918	0.00876572	-9689.08
919	0.00876572	-9206.74
920	0.00876572	-8955.8
921	0.00876572	-10230.5
922	0.00876572	-9618.44
923	0.00876572	-9017.45
924	0.00876572	-9643.1
925	0.00876572	-9377.48
926	0.00876572	-9133.08
927	0.00876572	-9112.16
928	0.00876572	-9139.62
929	0.00876572	-9234.82
930	0.00876572	-9413.31
931	0.00876572	-9461.05
932	0.00876572	-10218.4
933	0.00876572	-9350.1
934	0.00876572	-9040.37
935	0.00876572	-9466.88
936	0.00876572	-9208.88
937	0.00876572	-9006.4
938	0.00876572	-9409.12
939	0.00876572	-9094.43
940	0.00876572	-9516.82
941	0.00876572	-9406.7
942	0.00876572	-9493.18
943	0.00876572	-9785.35
944	0.00876572	-10134.8
945	0.00876572	-9130.26
946	0.00876572	-9528.39
947	0.00876572	-9641.64
948	0.00876572	-9115.13
949	0.00876572	-10002.8
950	0.00876572	-9640.66
951	0.00876572	-10017.5
952	0.00876572	-10335.2
953	0.00876572	-9331.47
954	0.00876572	-9174.5
955	0.00876572	-9192.19
956	0.00876572	-9632.19
957	0.00876572	-9134.81
958	0.00876572	-8845.03
959	0.00876572	-9769.38
960	0.00876572	-9061.44
961	0.00876572	-9460.91
962	0.00876572	-9185.79
963	0.00876572	-9528.5
964	0.00876572	-9885.02
965	0.00876572	-9564.94
966	0.00876572	-9325.18
967	0.00876572	-8660.16
968	0.00876572	-8965.08
969	0.00876572	-9212.51
970	0.00876572	-9059.98
971	0.00876572	-8939.75
972	0.00876572	-9024.27
973	0.00876572	-9302.59
974	0.00876572	-10064
975	0.00876572	-9710.03
976	0.00876572	-9777.44
977	0.00876572	-9444.84
978	0.00876572	-9354.31
979	0.00876572	-9310.8
980	0.00876572	-8793.88
981	0.00876572	-9172.77
982	0.00876572	-9201.44
983	0.00876572	-9090.91
984	0.00876572	-9117.49
985	0.00876572	-9803.69
986	0.00876572	-9116.92
987	0.00876572	-9070.87
988	0.00876572	-9090.02
989	0.00876572	-10055.7
990	0.00876572	-10508.6
991	0.00876572	-9298.11
992	0.00876572	-9329.1
993	0.00876572	-9723.75
994	0.00876572	-9037.86
995	0.00876572	-9765.77
996	0.00876572	-9171.5
997	0.00876572	-9592.71
998	0.00876572	-9422.72
999	0.00876572	-9506.3
1000	0.00876572	-9429.05
