state	power	likelihood
251	0.0113284	-8894.14
252	0.0113284	-9259.78
253	0.0113284	-9339.24
254	0.0113284	-9118.98
255	0.0113284	-8941.2
256	0.0113284	-8791.56
257	0.0113284	-9255.97
258	0.0113284	-9451.02
259	0.0113284	-9028.25
260	0.0113284	-9045.38
261	0.0113284	-9046.99
262	0.0113284	-9404.35
263	0.0113284	-8969.25
264	0.0113284	-9410.88
265	0.0113284	-9207.21
266	0.0113284	-9105.4
267	0.0113284	-8910.34
268	0.0113284	-8917.07
269	0.0113284	-9171.47
270	0.0113284	-9080.35
271	0.0113284	-9414.01
272	0.0113284	-9073.53
273	0.0113284	-9019.27
274	0.0113284	-9379.67
275	0.0113284	-9357.83
276	0.0113284	-9107.92
277	0.0113284	-8956.65
278	0.0113284	-9182.74
279	0.0113284	-8986.86
280	0.0113284	-8985.33
281	0.0113284	-9178.51
282	0.0113284	-8837.69
283	0.0113284	-8966.59
284	0.0113284	-8972.31
285	0.0113284	-9258.38
286	0.0113284	-9442.61
287	0.0113284	-9876.57
288	0.0113284	-9639
289	0.0113284	-9206.85
290	0.0113284	-8930.26
291	0.0113284	-8991.06
292	0.0113284	-9396.71
293	0.0113284	-8876.7
294	0.0113284	-9052.11
295	0.0113284	-9358.28
296	0.0113284	-9101.53
297	0.0113284	-9023.86
298	0.0113284	-9197.95
299	0.0113284	-8681.3
300	0.0113284	-9014.44
301	0.0113284	-9738.17
302	0.0113284	-9338.95
303	0.0113284	-9207.52
304	0.0113284	-9318.73
305	0.0113284	-9220.39
306	0.0113284	-9563.21
307	0.0113284	-9169.69
308	0.0113284	-8970.68
309	0.0113284	-9105.72
310	0.0113284	-9007.38
311	0.0113284	-9115.24
312	0.0113284	-8583.07
313	0.0113284	-8832.68
314	0.0113284	-8850.64
315	0.0113284	-8973.42
316	0.0113284	-9457.74
317	0.0113284	-8947.57
318	0.0113284	-8898.56
319	0.0113284	-8915.84
320	0.0113284	-9326.45
321	0.0113284	-9028.37
322	0.0113284	-9171.68
323	0.0113284	-8923.58
324	0.0113284	-8900.17
325	0.0113284	-9209.45
326	0.0113284	-9010.44
327	0.0113284	-9026.76
328	0.0113284	-9191.86
329	0.0113284	-8825.99
330	0.0113284	-9318.6
331	0.0113284	-9258.16
332	0.0113284	-8786.86
333	0.0113284	-9081.35
334	0.0113284	-9065.56
335	0.0113284	-9226.05
336	0.0113284	-9427.62
337	0.0113284	-8668.69
338	0.0113284	-8907.94
339	0.0113284	-8760.38
340	0.0113284	-9130.32
341	0.0113284	-8963.02
342	0.0113284	-9063.67
343	0.0113284	-9223.76
344	0.0113284	-9208.64
345	0.0113284	-9117.72
346	0.0113284	-8957.44
347	0.0113284	-9095.36
348	0.0113284	-8861.31
349	0.0113284	-8970.21
350	0.0113284	-9123.42
351	0.0113284	-8974.07
352	0.0113284	-8970.85
353	0.0113284	-8886.58
354	0.0113284	-9016.05
355	0.0113284	-9078.62
356	0.0113284	-9170.71
357	0.0113284	-9240.37
358	0.0113284	-9377.8
359	0.0113284	-9279.45
360	0.0113284	-9198.6
361	0.0113284	-9150.76
362	0.0113284	-9113.02
363	0.0113284	-9034.2
364	0.0113284	-9057.12
365	0.0113284	-8885.79
366	0.0113284	-8926.7
367	0.0113284	-8948.51
368	0.0113284	-9292.69
369	0.0113284	-9334.22
370	0.0113284	-9151.54
371	0.0113284	-8978.42
372	0.0113284	-9312.4
373	0.0113284	-9130.57
374	0.0113284	-9613.35
375	0.0113284	-8999.76
376	0.0113284	-9241.56
377	0.0113284	-8809.53
378	0.0113284	-8958.21
379	0.0113284	-8897.79
380	0.0113284	-8749.71
381	0.0113284	-8999.29
382	0.0113284	-9101.69
383	0.0113284	-9187.19
384	0.0113284	-9142.85
385	0.0113284	-9226.96
386	0.0113284	-9199.78
387	0.0113284	-8882.28
388	0.0113284	-9069.18
389	0.0113284	-9199.65
390	0.0113284	-8785.37
391	0.0113284	-9503.44
392	0.0113284	-9084.35
393	0.0113284	-8909.11
394	0.0113284	-9611.29
395	0.0113284	-9079.03
396	0.0113284	-9265.89
397	0.0113284	-9471.67
398	0.0113284	-9213.2
399	0.0113284	-8906
400	0.0113284	-9068.57
401	0.0113284	-9013.69
402	0.0113284	-8891.86
403	0.0113284	-9057.84
404	0.0113284	-9288.65
405	0.0113284	-9338
406	0.0113284	-9243.13
407	0.0113284	-9089.26
408	0.0113284	-9087.36
409	0.0113284	-9474.39
410	0.0113284	-9520.82
411	0.0113284	-8891.89
412	0.0113284	-9226.66
413	0.0113284	-9078.79
414	0.0113284	-9327.23
415	0.0113284	-8953.61
416	0.0113284	-9062.8
417	0.0113284	-8759.75
418	0.0113284	-8864.33
419	0.0113284	-9315.15
420	0.0113284	-8951.06
421	0.0113284	-9771.75
422	0.0113284	-9108.23
423	0.0113284	-9690.77
424	0.0113284	-9616.84
425	0.0113284	-9200.93
426	0.0113284	-8897.13
427	0.0113284	-8769.29
428	0.0113284	-9044.62
429	0.0113284	-9056.1
430	0.0113284	-8909.34
431	0.0113284	-9429.34
432	0.0113284	-9338.28
433	0.0113284	-9073.56
434	0.0113284	-8951.9
435	0.0113284	-9035.55
436	0.0113284	-9028.89
437	0.0113284	-9024.39
438	0.0113284	-9203.96
439	0.0113284	-9325.77
440	0.0113284	-9122.34
441	0.0113284	-9079.85
442	0.0113284	-8995.29
443	0.0113284	-9197.82
444	0.0113284	-9322.42
445	0.0113284	-9208.52
446	0.0113284	-9162.12
447	0.0113284	-9342.15
448	0.0113284	-9519.4
449	0.0113284	-9120.05
450	0.0113284	-9238.76
451	0.0113284	-9346.85
452	0.0113284	-9270.28
453	0.0113284	-8959.04
454	0.0113284	-9290.58
455	0.0113284	-9034.78
456	0.0113284	-8933.58
457	0.0113284	-9576.5
458	0.0113284	-9245.58
459	0.0113284	-10014.9
460	0.0113284	-9764.87
461	0.0113284	-9617.85
462	0.0113284	-9098.31
463	0.0113284	-9370.22
464	0.0113284	-8831.93
465	0.0113284	-8975.08
466	0.0113284	-8967.39
467	0.0113284	-8841.16
468	0.0113284	-8964.3
469	0.0113284	-9238.27
470	0.0113284	-9264.59
471	0.0113284	-9424.1
472	0.0113284	-9038.99
473	0.0113284	-9214.88
474	0.0113284	-9067.95
475	0.0113284	-9103.33
476	0.0113284	-9163.01
477	0.0113284	-8846.94
478	0.0113284	-8822.71
479	0.0113284	-9024.93
480	0.0113284	-9114.77
481	0.0113284	-9326.48
482	0.0113284	-9298.77
483	0.0113284	-9331.15
484	0.0113284	-9206.92
485	0.0113284	-8628.83
486	0.0113284	-8925.52
487	0.0113284	-9179.7
488	0.0113284	-8854.37
489	0.0113284	-9143.61
490	0.0113284	-9056.01
491	0.0113284	-8762.07
492	0.0113284	-9569.38
493	0.0113284	-9098.43
494	0.0113284	-9504.94
495	0.0113284	-9134.18
496	0.0113284	-9668.97
497	0.0113284	-9497.73
498	0.0113284	-8969.26
499	0.0113284	-9180.45
500	0.0113284	-9108.39
501	0.0113284	-9011.1
502	0.0113284	-8953.29
503	0.0113284	-8917.44
504	0.0113284	-9048.46
505	0.0113284	-9153.78
506	0.0113284	-8969.76
507	0.0113284	-9262.09
508	0.0113284	-9164.79
509	0.0113284	-9105.53
510	0.0113284	-8877.1
511	0.0113284	-9021.79
512	0.0113284	-8903.76
513	0.0113284	-8701.85
514	0.0113284	-9057.39
515	0.0113284	-8965.48
516	0.0113284	-9011.48
517	0.0113284	-9418.9
518	0.0113284	-9077.22
519	0.0113284	-8998.91
520	0.0113284	-8937.79
521	0.0113284	-8695.12
522	0.0113284	-8843.73
523	0.0113284	-8741.6
524	0.0113284	-8834.52
525	0.0113284	-8987.78
526	0.0113284	-9088.63
527	0.0113284	-9241.01
528	0.0113284	-9449.28
529	0.0113284	-9897.42
530	0.0113284	-9374.86
531	0.0113284	-9417.99
532	0.0113284	-8796.64
533	0.0113284	-9109.56
534	0.0113284	-8981.43
535	0.0113284	-8818.84
536	0.0113284	-8834.03
537	0.0113284	-8911.87
538	0.0113284	-9633.68
539	0.0113284	-9577.42
540	0.0113284	-9060.01
541	0.0113284	-9350.33
542	0.0113284	-9169.88
543	0.0113284	-9040.21
544	0.0113284	-8893.66
545	0.0113284	-9197.82
546	0.0113284	-8989.88
547	0.0113284	-8921.24
548	0.0113284	-9289.09
549	0.0113284	-8972.47
550	0.0113284	-8928.29
551	0.0113284	-9098.19
552	0.0113284	-9208.63
553	0.0113284	-9082.02
554	0.0113284	-8871.94
555	0.0113284	-8902.32
556	0.0113284	-8639.75
557	0.0113284	-9041.12
558	0.0113284	-9075.1
559	0.0113284	-8785.99
560	0.0113284	-9216.92
561	0.0113284	-8896.54
562	0.0113284	-9081.77
563	0.0113284	-8913.63
564	0.0113284	-8894.88
565	0.0113284	-9132.95
566	0.0113284	-8938.77
567	0.0113284	-8836.26
568	0.0113284	-9188.1
569	0.0113284	-9242.81
570	0.0113284	-9919.88
571	0.0113284	-8977.89
572	0.0113284	-9134.05
573	0.0113284	-9077.73
574	0.0113284	-8842.4
575	0.0113284	-9043.69
576	0.0113284	-9004.33
577	0.0113284	-9058.58
578	0.0113284	-8961.2
579	0.0113284	-9170.67
580	0.0113284	-8888.48
581	0.0113284	-8969.01
582	0.0113284	-9146.24
583	0.0113284	-9223.05
584	0.0113284	-9193.64
585	0.0113284	-8961.46
586	0.0113284	-8743.61
587	0.0113284	-9197.35
588	0.0113284	-9299.41
589	0.0113284	-8904.11
590	0.0113284	-8892.54
591	0.0113284	-8809.44
592	0.0113284	-9210.47
593	0.0113284	-9502.49
594	0.0113284	-9362.29
595	0.0113284	-9012.17
596	0.0113284	-9032.61
597	0.0113284	-9106.8
598	0.0113284	-9059.86
599	0.0113284	-9041.04
600	0.0113284	-8940.26
601	0.0113284	-8981.88
602	0.0113284	-9138.04
603	0.0113284	-9021.68
604	0.0113284	-8805.6
605	0.0113284	-8925.14
606	0.0113284	-8862.68
607	0.0113284	-8751.44
608	0.0113284	-8820.82
609	0.0113284	-9481.14
610	0.0113284	-9955.36
611	0.0113284	-9454.68
612	0.0113284	-9431.3
613	0.0113284	-9206.88
614	0.0113284	-8918.78
615	0.0113284	-8862.3
616	0.0113284	-8840.81
617	0.0113284	-8901.21
618	0.0113284	-9193.52
619	0.0113284	-8840.98
620	0.0113284	-8995.51
621	0.0113284	-8998.41
622	0.0113284	-9497.02
623	0.0113284	-9584.63
624	0.0113284	-9246.85
625	0.0113284	-9276.29
626	0.0113284	-9476.24
627	0.0113284	-9651.28
628	0.0113284	-9849.93
629	0.0113284	-8982.03
630	0.0113284	-9152.11
631	0.0113284	-9229.29
632	0.0113284	-9074.89
633	0.0113284	-9238.46
634	0.0113284	-8984.23
635	0.0113284	-9385.12
636	0.0113284	-9252.91
637	0.0113284	-9030.78
638	0.0113284	-9103.35
639	0.0113284	-9021.53
640	0.0113284	-8768.1
641	0.0113284	-9266.75
642	0.0113284	-8956.44
643	0.0113284	-8883.46
644	0.0113284	-8826.55
645	0.0113284	-8953.28
646	0.0113284	-9168.69
647	0.0113284	-8888.08
648	0.0113284	-8885.89
649	0.0113284	-8842.47
650	0.0113284	-8892.15
651	0.0113284	-8960.54
652	0.0113284	-9276.92
653	0.0113284	-9005.71
654	0.0113284	-8747.96
655	0.0113284	-9071.09
656	0.0113284	-9106.08
657	0.0113284	-9756.04
658	0.0113284	-9427.13
659	0.0113284	-9182.75
660	0.0113284	-9491.34
661	0.0113284	-9264.86
662	0.0113284	-9277.15
663	0.0113284	-9113.61
664	0.0113284	-8958.8
665	0.0113284	-9192.58
666	0.0113284	-8944.67
667	0.0113284	-9049.46
668	0.0113284	-9070.79
669	0.0113284	-9048.01
670	0.0113284	-8988.87
671	0.0113284	-8632.35
672	0.0113284	-8956.13
673	0.0113284	-9246.34
674	0.0113284	-9281.54
675	0.0113284	-9073.08
676	0.0113284	-8827.87
677	0.0113284	-9265.25
678	0.0113284	-9199.7
679	0.0113284	-9226.13
680	0.0113284	-9637.05
681	0.0113284	-9168.07
682	0.0113284	-9014.73
683	0.0113284	-9499.55
684	0.0113284	-9107.87
685	0.0113284	-8695.48
686	0.0113284	-8941.33
687	0.0113284	-9136.7
688	0.0113284	-8953.77
689	0.0113284	-9306.25
690	0.0113284	-9104.96
691	0.0113284	-9192.48
692	0.0113284	-9589.83
693	0.0113284	-9456.61
694	0.0113284	-9341.99
695	0.0113284	-9517.82
696	0.0113284	-9239.29
697	0.0113284	-9217.46
698	0.0113284	-9294.2
699	0.0113284	-8779.28
700	0.0113284	-9296.77
701	0.0113284	-9212.99
702	0.0113284	-8682.26
703	0.0113284	-9012.67
704	0.0113284	-9257.16
705	0.0113284	-9155.52
706	0.0113284	-8988.67
707	0.0113284	-9104.52
708	0.0113284	-8661.93
709	0.0113284	-8897.38
710	0.0113284	-9198.76
711	0.0113284	-9490.2
712	0.0113284	-8892.85
713	0.0113284	-9219.92
714	0.0113284	-9008.17
715	0.0113284	-9788.44
716	0.0113284	-8868.71
717	0.0113284	-8845.67
718	0.0113284	-9126.81
719	0.0113284	-8837.08
720	0.0113284	-9245.79
721	0.0113284	-8822.32
722	0.0113284	-8970.28
723	0.0113284	-9010.73
724	0.0113284	-9098
725	0.0113284	-9211.38
726	0.0113284	-9540.8
727	0.0113284	-9374.73
728	0.0113284	-9489.57
729	0.0113284	-9290.8
730	0.0113284	-9089.93
731	0.0113284	-9009.89
732	0.0113284	-8796.77
733	0.0113284	-8958.41
734	0.0113284	-8693.32
735	0.0113284	-9175.89
736	0.0113284	-9088.27
737	0.0113284	-9138.9
738	0.0113284	-8781.62
739	0.0113284	-8709.28
740	0.0113284	-8733.33
741	0.0113284	-8644.71
742	0.0113284	-8805.88
743	0.0113284	-8827.38
744	0.0113284	-8688.46
745	0.0113284	-8777.51
746	0.0113284	-9290.92
747	0.0113284	-9177.57
748	0.0113284	-8913.92
749	0.0113284	-9150.55
750	0.0113284	-8877.92
751	0.0113284	-8881.78
752	0.0113284	-9158.46
753	0.0113284	-8805.65
754	0.0113284	-8922.68
755	0.0113284	-8998.37
756	0.0113284	-8589.71
757	0.0113284	-8732.51
758	0.0113284	-8916.94
759	0.0113284	-8787.08
760	0.0113284	-9003.23
761	0.0113284	-8841.16
762	0.0113284	-8769.97
763	0.0113284	-8779.27
764	0.0113284	-9028.57
765	0.0113284	-9184.44
766	0.0113284	-9531.51
767	0.0113284	-9251.99
768	0.0113284	-9047.55
769	0.0113284	-8994.09
770	0.0113284	-8805.36
771	0.0113284	-9263.01
772	0.0113284	-9129.62
773	0.0113284	-9222.3
774	0.0113284	-9093.01
775	0.0113284	-9111.24
776	0.0113284	-8994.41
777	0.0113284	-9091.52
778	0.0113284	-8967.06
779	0.0113284	-8746.3
780	0.0113284	-9024.27
781	0.0113284	-9025.04
782	0.0113284	-8913.51
783	0.0113284	-8999.17
784	0.0113284	-9406.17
785	0.0113284	-9405.87
786	0.0113284	-9078.79
787	0.0113284	-9207.16
788	0.0113284	-8931.02
789	0.0113284	-9064.71
790	0.0113284	-9067.96
791	0.0113284	-9158.75
792	0.0113284	-9124.86
793	0.0113284	-9026.32
794	0.0113284	-9069.2
795	0.0113284	-9019.67
796	0.0113284	-9006.16
797	0.0113284	-9133.52
798	0.0113284	-9114.08
799	0.0113284	-9250.62
800	0.0113284	-9018.2
801	0.0113284	-8894.31
802	0.0113284	-9137.45
803	0.0113284	-8907.34
804	0.0113284	-9078.5
805	0.0113284	-8982.43
806	0.0113284	-8756.3
807	0.0113284	-9388.7
808	0.0113284	-9032.39
809	0.0113284	-9041.41
810	0.0113284	-9176.71
811	0.0113284	-9008.19
812	0.0113284	-9006.31
813	0.0113284	-8647.59
814	0.0113284	-8981.95
815	0.0113284	-8643.01
816	0.0113284	-8903.63
817	0.0113284	-9408.26
818	0.0113284	-9005.56
819	0.0113284	-9169.25
820	0.0113284	-9061.01
821	0.0113284	-9104.78
822	0.0113284	-9542.08
823	0.0113284	-9077.05
824	0.0113284	-8926.86
825	0.0113284	-9000.6
826	0.0113284	-8898.52
827	0.0113284	-8817.92
828	0.0113284	-9156.85
829	0.0113284	-9119.92
830	0.0113284	-9210.18
831	0.0113284	-9538.36
832	0.0113284	-8864.28
833	0.0113284	-8943.29
834	0.0113284	-9153.63
835	0.0113284	-9197.52
836	0.0113284	-9130.2
837	0.0113284	-9043.04
838	0.0113284	-9013.32
839	0.0113284	-9000.36
840	0.0113284	-9162.74
841	0.0113284	-8818.64
842	0.0113284	-9210.93
843	0.0113284	-9063.74
844	0.0113284	-9377.84
845	0.0113284	-8895.03
846	0.0113284	-9506.89
847	0.0113284	-9022.52
848	0.0113284	-8907.58
849	0.0113284	-8889.18
850	0.0113284	-8769.61
851	0.0113284	-9121.87
852	0.0113284	-8970.3
853	0.0113284	-8839.79
854	0.0113284	-8968.46
855	0.0113284	-8768.63
856	0.0113284	-8851.73
857	0.0113284	-8982.32
858	0.0113284	-9289.98
859	0.0113284	-9248.77
860	0.0113284	-9524.49
861	0.0113284	-9284.29
862	0.0113284	-9106.81
863	0.0113284	-9112.97
864	0.0113284	-9227.65
865	0.0113284	-9190.14
866	0.0113284	-9176.27
867	0.0113284	-9047.14
868	0.0113284	-8982.76
869	0.0113284	-8814.75
870	0.0113284	-9060.19
871	0.0113284	-9697.07
872	0.0113284	-9177.93
873	0.0113284	-8918.6
874	0.0113284	-9294.24
875	0.0113284	-9798.76
876	0.0113284	-9373.76
877	0.0113284	-9060.53
878	0.0113284	-8965.16
879	0.0113284	-8781.49
880	0.0113284	-8955.05
881	0.0113284	-9057.1
882	0.0113284	-9021.21
883	0.0113284	-9031.53
884	0.0113284	-8628.05
885	0.0113284	-9068.06
886	0.0113284	-9192.68
887	0.0113284	-9037.34
888	0.0113284	-9157.56
889	0.0113284	-8866.2
890	0.0113284	-8956.99
891	0.0113284	-9014.35
892	0.0113284	-8966.84
893	0.0113284	-9088.84
894	0.0113284	-8617.04
895	0.0113284	-8716.96
896	0.0113284	-8680.13
897	0.0113284	-8914.31
898	0.0113284	-9080.92
899	0.0113284	-8827.77
900	0.0113284	-8736.08
901	0.0113284	-8890.05
902	0.0113284	-8991.9
903	0.0113284	-8801.81
904	0.0113284	-9099.66
905	0.0113284	-9452.55
906	0.0113284	-9370.89
907	0.0113284	-9177.14
908	0.0113284	-8793.99
909	0.0113284	-8905.99
910	0.0113284	-8970.26
911	0.0113284	-8832.92
912	0.0113284	-8965.47
913	0.0113284	-9115.37
914	0.0113284	-8760.17
915	0.0113284	-9423.88
916	0.0113284	-9170.56
917	0.0113284	-9147.99
918	0.0113284	-8798.01
919	0.0113284	-9179.43
920	0.0113284	-9119.82
921	0.0113284	-9255.12
922	0.0113284	-9341.55
923	0.0113284	-9041.62
924	0.0113284	-9248.3
925	0.0113284	-9199.69
926	0.0113284	-9306.22
927	0.0113284	-9189.69
928	0.0113284	-9245.54
929	0.0113284	-9569.46
930	0.0113284	-8954.54
931	0.0113284	-9343.51
932	0.0113284	-9480.56
933	0.0113284	-8936.89
934	0.0113284	-9054.75
935	0.0113284	-8910.86
936	0.0113284	-9056.46
937	0.0113284	-9200.55
938	0.0113284	-9115.23
939	0.0113284	-9099.1
940	0.0113284	-8857.52
941	0.0113284	-8769.01
942	0.0113284	-8877.9
943	0.0113284	-8990.33
944	0.0113284	-9366.65
945	0.0113284	-9522.96
946	0.0113284	-9597.82
947	0.0113284	-9039.8
948	0.0113284	-9110.31
949	0.0113284	-9028.55
950	0.0113284	-9216.93
951	0.0113284	-9225.21
952	0.0113284	-9154.17
953	0.0113284	-9384.12
954	0.0113284	-9183.66
955	0.0113284	-9569.77
956	0.0113284	-8957.27
957	0.0113284	-8902.58
958	0.0113284	-9036.74
959	0.0113284	-9036.28
960	0.0113284	-9166.41
961	0.0113284	-9529.5
962	0.0113284	-9397.13
963	0.0113284	-8984.12
964	0.0113284	-9377.1
965	0.0113284	-8949.56
966	0.0113284	-9086.41
967	0.0113284	-9048.86
968	0.0113284	-9307.08
969	0.0113284	-9044.22
970	0.0113284	-9253.09
971	0.0113284	-9271.9
972	0.0113284	-8943.54
973	0.0113284	-9047.58
974	0.0113284	-9208.57
975	0.0113284	-8904.82
976	0.0113284	-9054.71
977	0.0113284	-8914.08
978	0.0113284	-9597.75
979	0.0113284	-9323.15
980	0.0113284	-9028.77
981	0.0113284	-9382.79
982	0.0113284	-9091.89
983	0.0113284	-9409.58
984	0.0113284	-9202.88
985	0.0113284	-8848.21
986	0.0113284	-9091.33
987	0.0113284	-8978.18
988	0.0113284	-8895.05
989	0.0113284	-9215.92
990	0.0113284	-9339.59
991	0.0113284	-9019.54
992	0.0113284	-8883.21
993	0.0113284	-9022.84
994	0.0113284	-9205.44
995	0.0113284	-9278.02
996	0.0113284	-8863.27
997	0.0113284	-8843.69
998	0.0113284	-9007.96
999	0.0113284	-9038.28
1000	0.0113284	-8921.66
