state	power	likelihood
251	0.280503	-8156.45
252	0.280503	-8158.75
253	0.280503	-8186
254	0.280503	-8174.58
255	0.280503	-8167.16
256	0.280503	-8179.41
257	0.280503	-8172.95
258	0.280503	-8175.17
259	0.280503	-8162.04
260	0.280503	-8189.21
261	0.280503	-8168.78
262	0.280503	-8189.36
263	0.280503	-8183.37
264	0.280503	-8184.97
265	0.280503	-8173.74
266	0.280503	-8192.48
267	0.280503	-8165.58
268	0.280503	-8174.12
269	0.280503	-8160.51
270	0.280503	-8188.01
271	0.280503	-8171.74
272	0.280503	-8186
273	0.280503	-8173.36
274	0.280503	-8175.15
275	0.280503	-8170.46
276	0.280503	-8162.21
277	0.280503	-8178.23
278	0.280503	-8187.13
279	0.280503	-8191.45
280	0.280503	-8208.86
281	0.280503	-8210.83
282	0.280503	-8184.07
283	0.280503	-8163.67
284	0.280503	-8169.15
285	0.280503	-8175.54
286	0.280503	-8178.43
287	0.280503	-8182.54
288	0.280503	-8160.49
289	0.280503	-8177.56
290	0.280503	-8173.41
291	0.280503	-8154.44
292	0.280503	-8182.21
293	0.280503	-8175.04
294	0.280503	-8159.5
295	0.280503	-8135.42
296	0.280503	-8156
297	0.280503	-8156.35
298	0.280503	-8148.26
299	0.280503	-8162.01
300	0.280503	-8171.26
301	0.280503	-8163.2
302	0.280503	-8163.92
303	0.280503	-8177.78
304	0.280503	-8160.91
305	0.280503	-8168.13
306	0.280503	-8168
307	0.280503	-8170.96
308	0.280503	-8183.01
309	0.280503	-8176.22
310	0.280503	-8168.84
311	0.280503	-8192.25
312	0.280503	-8183.03
313	0.280503	-8182.65
314	0.280503	-8176.81
315	0.280503	-8158.23
316	0.280503	-8165.86
317	0.280503	-8176.24
318	0.280503	-8165.92
319	0.280503	-8153.46
320	0.280503	-8158.44
321	0.280503	-8155.7
322	0.280503	-8163.06
323	0.280503	-8167
324	0.280503	-8196.19
325	0.280503	-8198.53
326	0.280503	-8205.41
327	0.280503	-8198.9
328	0.280503	-8214.89
329	0.280503	-8199.6
330	0.280503	-8217.52
331	0.280503	-8203.73
332	0.280503	-8183.52
333	0.280503	-8199.44
334	0.280503	-8184.38
335	0.280503	-8168.07
336	0.280503	-8162.63
337	0.280503	-8205.9
338	0.280503	-8197.69
339	0.280503	-8182.13
340	0.280503	-8169.81
341	0.280503	-8188.99
342	0.280503	-8201.67
343	0.280503	-8188.33
344	0.280503	-8200.77
345	0.280503	-8219.57
346	0.280503	-8204.72
347	0.280503	-8207.45
348	0.280503	-8198.59
349	0.280503	-8165.94
350	0.280503	-8168.76
351	0.280503	-8199.27
352	0.280503	-8193.98
353	0.280503	-8197.77
354	0.280503	-8212.21
355	0.280503	-8229.33
356	0.280503	-8205.01
357	0.280503	-8194.36
358	0.280503	-8179.32
359	0.280503	-8174.76
360	0.280503	-8184.72
361	0.280503	-8179.82
362	0.280503	-8170.08
363	0.280503	-8181.48
364	0.280503	-8199.45
365	0.280503	-8209.32
366	0.280503	-8191.13
367	0.280503	-8198.03
368	0.280503	-8188.85
369	0.280503	-8176.59
370	0.280503	-8180.37
371	0.280503	-8162.52
372	0.280503	-8176.57
373	0.280503	-8192.07
374	0.280503	-8180.65
375	0.280503	-8196.35
376	0.280503	-8209.23
377	0.280503	-8217.89
378	0.280503	-8184.46
379	0.280503	-8177.05
380	0.280503	-8175.46
381	0.280503	-8196.5
382	0.280503	-8196.05
383	0.280503	-8187.98
384	0.280503	-8168.37
385	0.280503	-8165.89
386	0.280503	-8175.17
387	0.280503	-8169.74
388	0.280503	-8170.51
389	0.280503	-8180.5
390	0.280503	-8155.42
391	0.280503	-8163.14
392	0.280503	-8166.95
393	0.280503	-8170.82
394	0.280503	-8149.83
395	0.280503	-8187.52
396	0.280503	-8153.55
397	0.280503	-8157.66
398	0.280503	-8166.33
399	0.280503	-8172.23
400	0.280503	-8162.52
401	0.280503	-8146.12
402	0.280503	-8168.33
403	0.280503	-8155.59
404	0.280503	-8153.88
405	0.280503	-8158.77
406	0.280503	-8176.76
407	0.280503	-8183.59
408	0.280503	-8173.87
409	0.280503	-8185.19
410	0.280503	-8190.39
411	0.280503	-8166.61
412	0.280503	-8178.71
413	0.280503	-8150.24
414	0.280503	-8160.28
415	0.280503	-8180.15
416	0.280503	-8179.24
417	0.280503	-8169.27
418	0.280503	-8181.56
419	0.280503	-8180.07
420	0.280503	-8185.56
421	0.280503	-8173.2
422	0.280503	-8175.97
423	0.280503	-8168.8
424	0.280503	-8183.97
425	0.280503	-8174.15
426	0.280503	-8165.17
427	0.280503	-8171.4
428	0.280503	-8164.29
429	0.280503	-8190.01
430	0.280503	-8179.69
431	0.280503	-8156.86
432	0.280503	-8177.33
433	0.280503	-8190.02
434	0.280503	-8193.39
435	0.280503	-8178.23
436	0.280503	-8191.38
437	0.280503	-8186.6
438	0.280503	-8172.76
439	0.280503	-8162.14
440	0.280503	-8160.61
441	0.280503	-8158.15
442	0.280503	-8163.2
443	0.280503	-8160.91
444	0.280503	-8179.37
445	0.280503	-8159.96
446	0.280503	-8161.66
447	0.280503	-8166.78
448	0.280503	-8181.97
449	0.280503	-8178.3
450	0.280503	-8182.05
451	0.280503	-8158.37
452	0.280503	-8159.88
453	0.280503	-8171.99
454	0.280503	-8169.55
455	0.280503	-8180.05
456	0.280503	-8178.15
457	0.280503	-8163.46
458	0.280503	-8170.46
459	0.280503	-8172.4
460	0.280503	-8169.86
461	0.280503	-8174.51
462	0.280503	-8161.89
463	0.280503	-8154.52
464	0.280503	-8156.28
465	0.280503	-8156
466	0.280503	-8161.89
467	0.280503	-8161.37
468	0.280503	-8167.55
469	0.280503	-8170.12
470	0.280503	-8179.65
471	0.280503	-8168.23
472	0.280503	-8185.13
473	0.280503	-8180.63
474	0.280503	-8193.28
475	0.280503	-8183.27
476	0.280503	-8183.25
477	0.280503	-8194.12
478	0.280503	-8186.85
479	0.280503	-8184.21
480	0.280503	-8178.23
481	0.280503	-8176.79
482	0.280503	-8163.61
483	0.280503	-8180.62
484	0.280503	-8183.56
485	0.280503	-8196.14
486	0.280503	-8182.57
487	0.280503	-8186.98
488	0.280503	-8184.91
489	0.280503	-8193.76
490	0.280503	-8170
491	0.280503	-8179.05
492	0.280503	-8193.5
493	0.280503	-8176.9
494	0.280503	-8168.05
495	0.280503	-8166.01
496	0.280503	-8178.33
497	0.280503	-8185.68
498	0.280503	-8175.29
499	0.280503	-8165.79
500	0.280503	-8172.09
501	0.280503	-8174.51
502	0.280503	-8169.89
503	0.280503	-8186.33
504	0.280503	-8160.57
505	0.280503	-8173.18
506	0.280503	-8182.45
507	0.280503	-8198.15
508	0.280503	-8191.64
509	0.280503	-8182.43
510	0.280503	-8181.17
511	0.280503	-8175.84
512	0.280503	-8176.57
513	0.280503	-8183.9
514	0.280503	-8187.7
515	0.280503	-8168.47
516	0.280503	-8171.16
517	0.280503	-8177.55
518	0.280503	-8164.79
519	0.280503	-8175.35
520	0.280503	-8191.74
521	0.280503	-8196.61
522	0.280503	-8199.48
523	0.280503	-8172.53
524	0.280503	-8168.44
525	0.280503	-8172.95
526	0.280503	-8176.7
527	0.280503	-8192.88
528	0.280503	-8194.38
529	0.280503	-8189.94
530	0.280503	-8179.43
531	0.280503	-8171.8
532	0.280503	-8168.82
533	0.280503	-8192.61
534	0.280503	-8182.47
535	0.280503	-8195.4
536	0.280503	-8179.81
537	0.280503	-8192.62
538	0.280503	-8177.65
539	0.280503	-8175.74
540	0.280503	-8183.43
541	0.280503	-8165.06
542	0.280503	-8181.63
543	0.280503	-8188.51
544	0.280503	-8189.57
545	0.280503	-8187.28
546	0.280503	-8196.41
547	0.280503	-8182.21
548	0.280503	-8172.35
549	0.280503	-8194.12
550	0.280503	-8196.67
551	0.280503	-8162.98
552	0.280503	-8168.93
553	0.280503	-8194.06
554	0.280503	-8180.66
555	0.280503	-8183.11
556	0.280503	-8166.43
557	0.280503	-8172.67
558	0.280503	-8162.19
559	0.280503	-8181.49
560	0.280503	-8174.62
561	0.280503	-8166.14
562	0.280503	-8164.67
563	0.280503	-8157.89
564	0.280503	-8173.07
565	0.280503	-8180.13
566	0.280503	-8212.89
567	0.280503	-8188.71
568	0.280503	-8201.1
569	0.280503	-8190.52
570	0.280503	-8176.43
571	0.280503	-8167.94
572	0.280503	-8165.39
573	0.280503	-8164.05
574	0.280503	-8153.33
575	0.280503	-8180.07
576	0.280503	-8178.92
577	0.280503	-8189.13
578	0.280503	-8184.09
579	0.280503	-8185.11
580	0.280503	-8168.42
581	0.280503	-8179.16
582	0.280503	-8176.11
583	0.280503	-8171.71
584	0.280503	-8178.01
585	0.280503	-8158.55
586	0.280503	-8153.18
587	0.280503	-8159.34
588	0.280503	-8167.63
589	0.280503	-8176.87
590	0.280503	-8158.54
591	0.280503	-8155.8
592	0.280503	-8168.84
593	0.280503	-8169.64
594	0.280503	-8210.06
595	0.280503	-8206.01
596	0.280503	-8198.57
597	0.280503	-8181.46
598	0.280503	-8188.44
599	0.280503	-8175.66
600	0.280503	-8196.84
601	0.280503	-8228.29
602	0.280503	-8205.32
603	0.280503	-8174.79
604	0.280503	-8177.32
605	0.280503	-8175.59
606	0.280503	-8181.06
607	0.280503	-8201.62
608	0.280503	-8206.52
609	0.280503	-8192.51
610	0.280503	-8165.81
611	0.280503	-8170.27
612	0.280503	-8158.27
613	0.280503	-8161.16
614	0.280503	-8164.54
615	0.280503	-8156.38
616	0.280503	-8187.55
617	0.280503	-8193.48
618	0.280503	-8192.58
619	0.280503	-8224.66
620	0.280503	-8200.25
621	0.280503	-8189.97
622	0.280503	-8184.09
623	0.280503	-8179.62
624	0.280503	-8157.35
625	0.280503	-8178.63
626	0.280503	-8192.89
627	0.280503	-8207.02
628	0.280503	-8216.71
629	0.280503	-8181.48
630	0.280503	-8197.91
631	0.280503	-8190.11
632	0.280503	-8196.36
633	0.280503	-8191.13
634	0.280503	-8187.68
635	0.280503	-8172.04
636	0.280503	-8179.97
637	0.280503	-8179.2
638	0.280503	-8175.42
639	0.280503	-8167.17
640	0.280503	-8185.6
641	0.280503	-8190.94
642	0.280503	-8204.4
643	0.280503	-8171.23
644	0.280503	-8164.01
645	0.280503	-8148.91
646	0.280503	-8166.61
647	0.280503	-8147.14
648	0.280503	-8162.28
649	0.280503	-8178.74
650	0.280503	-8185.57
651	0.280503	-8191.73
652	0.280503	-8176.83
653	0.280503	-8173.93
654	0.280503	-8148.13
655	0.280503	-8161.55
656	0.280503	-8174.23
657	0.280503	-8185.78
658	0.280503	-8192.54
659	0.280503	-8197.61
660	0.280503	-8194.93
661	0.280503	-8204.39
662	0.280503	-8200.47
663	0.280503	-8206.62
664	0.280503	-8183.5
665	0.280503	-8166.34
666	0.280503	-8159.3
667	0.280503	-8179.68
668	0.280503	-8172.86
669	0.280503	-8165.19
670	0.280503	-8154.28
671	0.280503	-8165.53
672	0.280503	-8180.7
673	0.280503	-8164.89
674	0.280503	-8168.2
675	0.280503	-8176.11
676	0.280503	-8175.83
677	0.280503	-8170.57
678	0.280503	-8160.59
679	0.280503	-8161.9
680	0.280503	-8165.85
681	0.280503	-8174.23
682	0.280503	-8174.38
683	0.280503	-8165.38
684	0.280503	-8169.36
685	0.280503	-8185.27
686	0.280503	-8160.6
687	0.280503	-8165.96
688	0.280503	-8176.55
689	0.280503	-8144.88
690	0.280503	-8147.77
691	0.280503	-8176.43
692	0.280503	-8150.07
693	0.280503	-8156.04
694	0.280503	-8174.95
695	0.280503	-8164.38
696	0.280503	-8170.76
697	0.280503	-8177.34
698	0.280503	-8168.96
699	0.280503	-8173.92
700	0.280503	-8176.52
701	0.280503	-8172.15
702	0.280503	-8154.65
703	0.280503	-8153.39
704	0.280503	-8143.72
705	0.280503	-8159.23
706	0.280503	-8150.63
707	0.280503	-8132.61
708	0.280503	-8158.37
709	0.280503	-8170.17
710	0.280503	-8159.55
711	0.280503	-8154.61
712	0.280503	-8160.97
713	0.280503	-8167.41
714	0.280503	-8155.32
715	0.280503	-8192.64
716	0.280503	-8179.81
717	0.280503	-8173.66
718	0.280503	-8182.83
719	0.280503	-8183.08
720	0.280503	-8208.64
721	0.280503	-8205.99
722	0.280503	-8183.01
723	0.280503	-8188.45
724	0.280503	-8184.36
725	0.280503	-8206.77
726	0.280503	-8176.26
727	0.280503	-8182.83
728	0.280503	-8204.8
729	0.280503	-8188.34
730	0.280503	-8162.08
731	0.280503	-8159.96
732	0.280503	-8161.39
733	0.280503	-8179.89
734	0.280503	-8166.33
735	0.280503	-8165.94
736	0.280503	-8178.09
737	0.280503	-8186.69
738	0.280503	-8191.07
739	0.280503	-8177.42
740	0.280503	-8186.54
741	0.280503	-8174.75
742	0.280503	-8162.9
743	0.280503	-8141.2
744	0.280503	-8190.27
745	0.280503	-8176.26
746	0.280503	-8171.09
747	0.280503	-8181.67
748	0.280503	-8160.76
749	0.280503	-8164.77
750	0.280503	-8168.91
751	0.280503	-8175.7
752	0.280503	-8177.8
753	0.280503	-8173.59
754	0.280503	-8189.7
755	0.280503	-8183.61
756	0.280503	-8178.83
757	0.280503	-8209.35
758	0.280503	-8206.06
759	0.280503	-8205.92
760	0.280503	-8170.16
761	0.280503	-8169.31
762	0.280503	-8184.23
763	0.280503	-8163.91
764	0.280503	-8175.73
765	0.280503	-8159.94
766	0.280503	-8170.62
767	0.280503	-8161.14
768	0.280503	-8171.22
769	0.280503	-8165.73
770	0.280503	-8154.89
771	0.280503	-8179.08
772	0.280503	-8170.48
773	0.280503	-8172.01
774	0.280503	-8165.73
775	0.280503	-8169.92
776	0.280503	-8161.7
777	0.280503	-8151.59
778	0.280503	-8180.82
779	0.280503	-8167.27
780	0.280503	-8181.2
781	0.280503	-8180.82
782	0.280503	-8185.88
783	0.280503	-8165.13
784	0.280503	-8173.51
785	0.280503	-8147.02
786	0.280503	-8168.99
787	0.280503	-8176.26
788	0.280503	-8167.36
789	0.280503	-8176.02
790	0.280503	-8190.49
791	0.280503	-8179.22
792	0.280503	-8167.26
793	0.280503	-8161.82
794	0.280503	-8153.17
795	0.280503	-8148.57
796	0.280503	-8172.95
797	0.280503	-8153.86
798	0.280503	-8169.55
799	0.280503	-8175.08
800	0.280503	-8176.2
801	0.280503	-8201.78
802	0.280503	-8185
803	0.280503	-8182.64
804	0.280503	-8220.28
805	0.280503	-8223.59
806	0.280503	-8228.31
807	0.280503	-8199.42
808	0.280503	-8170.22
809	0.280503	-8173.76
810	0.280503	-8175.93
811	0.280503	-8171.51
812	0.280503	-8170.4
813	0.280503	-8177.44
814	0.280503	-8167.94
815	0.280503	-8171.67
816	0.280503	-8156.33
817	0.280503	-8163.03
818	0.280503	-8174.23
819	0.280503	-8165.68
820	0.280503	-8167.7
821	0.280503	-8181.94
822	0.280503	-8175.28
823	0.280503	-8163.03
824	0.280503	-8184
825	0.280503	-8174.01
826	0.280503	-8184.86
827	0.280503	-8171.22
828	0.280503	-8166.35
829	0.280503	-8166.61
830	0.280503	-8148.63
831	0.280503	-8145.07
832	0.280503	-8159.71
833	0.280503	-8170.27
834	0.280503	-8168.41
835	0.280503	-8174.32
836	0.280503	-8156.5
837	0.280503	-8157.68
838	0.280503	-8163.48
839	0.280503	-8179.9
840	0.280503	-8172.47
841	0.280503	-8167.22
842	0.280503	-8176.64
843	0.280503	-8180.32
844	0.280503	-8182.18
845	0.280503	-8186.38
846	0.280503	-8175.99
847	0.280503	-8192.81
848	0.280503	-8172.75
849	0.280503	-8167.25
850	0.280503	-8179.16
851	0.280503	-8171.11
852	0.280503	-8172.87
853	0.280503	-8160.24
854	0.280503	-8162.95
855	0.280503	-8181.57
856	0.280503	-8183.08
857	0.280503	-8175.35
858	0.280503	-8165.43
859	0.280503	-8181.68
860	0.280503	-8184.55
861	0.280503	-8182.86
862	0.280503	-8167.83
863	0.280503	-8168.18
864	0.280503	-8190.27
865	0.280503	-8170.61
866	0.280503	-8178.84
867	0.280503	-8175.09
868	0.280503	-8175.59
869	0.280503	-8165.66
870	0.280503	-8185.54
871	0.280503	-8173.8
872	0.280503	-8177.21
873	0.280503	-8175.21
874	0.280503	-8182.01
875	0.280503	-8183.81
876	0.280503	-8209.42
877	0.280503	-8174.49
878	0.280503	-8162.69
879	0.280503	-8179.62
880	0.280503	-8170.74
881	0.280503	-8159.39
882	0.280503	-8168.35
883	0.280503	-8179.18
884	0.280503	-8178.96
885	0.280503	-8183.11
886	0.280503	-8187.37
887	0.280503	-8181.65
888	0.280503	-8168.51
889	0.280503	-8175.21
890	0.280503	-8176.47
891	0.280503	-8162.71
892	0.280503	-8166.96
893	0.280503	-8165.85
894	0.280503	-8189.56
895	0.280503	-8199.37
896	0.280503	-8192.47
897	0.280503	-8181.57
898	0.280503	-8178.6
899	0.280503	-8166.37
900	0.280503	-8158.91
901	0.280503	-8152.83
902	0.280503	-8156.84
903	0.280503	-8151.41
904	0.280503	-8157.32
905	0.280503	-8161.75
906	0.280503	-8165.35
907	0.280503	-8181.93
908	0.280503	-8155.69
909	0.280503	-8176.54
910	0.280503	-8166.86
911	0.280503	-8180.37
912	0.280503	-8171.56
913	0.280503	-8170.22
914	0.280503	-8176.05
915	0.280503	-8201.02
916	0.280503	-8185.83
917	0.280503	-8212.56
918	0.280503	-8222.62
919	0.280503	-8226.37
920	0.280503	-8244.02
921	0.280503	-8244.89
922	0.280503	-8195.81
923	0.280503	-8212.46
924	0.280503	-8222.4
925	0.280503	-8214.69
926	0.280503	-8204.55
927	0.280503	-8201.55
928	0.280503	-8210.18
929	0.280503	-8213.02
930	0.280503	-8188.32
931	0.280503	-8166.33
932	0.280503	-8175.38
933	0.280503	-8192.13
934	0.280503	-8158.84
935	0.280503	-8150.55
936	0.280503	-8154.81
937	0.280503	-8181.85
938	0.280503	-8158.89
939	0.280503	-8167.96
940	0.280503	-8194.38
941	0.280503	-8191.21
942	0.280503	-8207.79
943	0.280503	-8182.01
944	0.280503	-8171.29
945	0.280503	-8149.62
946	0.280503	-8152.68
947	0.280503	-8168.09
948	0.280503	-8177.67
949	0.280503	-8174.2
950	0.280503	-8169.23
951	0.280503	-8179.33
952	0.280503	-8166.94
953	0.280503	-8171.24
954	0.280503	-8180.09
955	0.280503	-8196.9
956	0.280503	-8176.37
957	0.280503	-8167.64
958	0.280503	-8166.81
959	0.280503	-8142.16
960	0.280503	-8157.73
961	0.280503	-8151.8
962	0.280503	-8156.32
963	0.280503	-8161.68
964	0.280503	-8179.84
965	0.280503	-8180.09
966	0.280503	-8168.14
967	0.280503	-8174.01
968	0.280503	-8167.02
969	0.280503	-8163.56
970	0.280503	-8163.14
971	0.280503	-8161.6
972	0.280503	-8168.14
973	0.280503	-8169.84
974	0.280503	-8156.31
975	0.280503	-8162.51
976	0.280503	-8178.82
977	0.280503	-8176.8
978	0.280503	-8164.89
979	0.280503	-8162.75
980	0.280503	-8160.53
981	0.280503	-8151.19
982	0.280503	-8155.97
983	0.280503	-8149.82
984	0.280503	-8180.64
985	0.280503	-8175.92
986	0.280503	-8155.79
987	0.280503	-8171.51
988	0.280503	-8178.84
989	0.280503	-8190.11
990	0.280503	-8165.43
991	0.280503	-8184.78
992	0.280503	-8183.22
993	0.280503	-8174
994	0.280503	-8160.85
995	0.280503	-8178.17
996	0.280503	-8211.36
997	0.280503	-8189.1
998	0.280503	-8162.48
999	0.280503	-8165.74
1000	0.280503	-8173.58
